20:14:11.834 [main                     ] DEBUG Logger               - Configured Logger
20:14:11.855 [main                     ] DEBUG GameApplication      - Logging settings
Title: Among Us UNEG
Version: 0.0
Width: 800
Height: 600
Fullscreen: false
Intro: false
Profiling: false
Single step:false
App Mode: DEVELOPER
Menu Key: ESCAPE
Stage Style: DECORATED
Scene Factory: class com.almasb.fxgl.app.scene.SceneFactory

20:14:12.621 [JavaFX Application Thread] DEBUG FXGLApplication      - Initializing FXGL
20:14:12.626 [JavaFX Application Thread] INFO  Engine               - FXGL-21.1 (26.03.2024 17.33) on WINDOWS (J:25.0.2 FX:21.0.1)
20:14:12.627 [JavaFX Application Thread] DEBUG Engine               - JRE Vendor Name: Oracle Corporation
20:14:12.627 [JavaFX Application Thread] DEBUG Engine               - Running on OS: Windows 11 version 10.0
20:14:12.627 [JavaFX Application Thread] DEBUG Engine               - Architecture: amd64
20:14:12.627 [JavaFX Application Thread] INFO  Engine               - Source code and latest versions at: https://github.com/AlmasB/FXGL
20:14:12.627 [JavaFX Application Thread] INFO  Engine               -       Ask questions and discuss at: https://github.com/AlmasB/FXGL/discussions
20:14:12.627 [JavaFX Application Thread] INFO  Engine               -              Join the FXGL chat at: https://gitter.im/AlmasB/FXGL
20:14:12.817 [JavaFX Application Thread] DEBUG PrimaryStageWindow   - Creating a JavaFX scene
20:14:12.936 [JavaFX Application Thread] DEBUG PrimaryStageWindow   - Target settings size: 800.0 x 600.0
20:14:12.936 [JavaFX Application Thread] DEBUG PrimaryStageWindow   - Scaled scene size:    800.0 x 600.0
20:14:12.936 [JavaFX Application Thread] DEBUG PrimaryStageWindow   - Scaled ratio: (1.0, 1.0)
20:14:12.937 [JavaFX Application Thread] DEBUG PrimaryStageWindow   - Set initial scene to FXGLStartupScene
20:14:12.944 [JavaFX Application Thread] DEBUG PrimaryStageWindow   - Opening main window
20:14:13.116 [JavaFX Application Thread] DEBUG PrimaryStageWindow   - Window border size: (16.0, 39.0)
20:14:13.116 [JavaFX Application Thread] DEBUG PrimaryStageWindow   - Scaled size: 800.0 x 600.0
20:14:13.116 [JavaFX Application Thread] DEBUG PrimaryStageWindow   - Scaled ratio: (1.0, 1.0)
20:14:13.116 [JavaFX Application Thread] DEBUG PrimaryStageWindow   - Scene size: 800.0 x 600.0
20:14:13.116 [JavaFX Application Thread] DEBUG PrimaryStageWindow   - Stage size: 816.0 x 639.0
20:14:13.208 [FXGL Background Thread 1 ] DEBUG Engine               - Initializing environment variables
20:14:13.323 [FXGL Background Thread 1 ] DEBUG FXGLAssetLoaderServi - User app class for loading assets: class main.java.amongUs.AppPrincipal
20:14:13.323 [FXGL Background Thread 1 ] DEBUG GameApplicationServi - Applying CSS: fxgl_dark.css
20:14:13.324 [FXGL Background Thread 1 ] DEBUG FXGLAssetLoaderServi - Loading from file system: jar:file:/C:/Users/josue/OneDrive/Desktop/proyecto%20java/Among%20Us/lib/fxgl-21.1-uber.jar!/fxglassets/ui/css/fxgl_dark.css
20:14:13.426 [FXGL Background Thread 1 ] DEBUG GameApplicationServi - Initializing application scenes
20:14:13.595 [FXGL Background Thread 1 ] DEBUG GameWorld            - Game world initialized
20:14:13.669 [FXGL Background Thread 1 ] DEBUG PhysicsWorld         - Physics world initialized: appHeight=600, physics.ppm=50,0
20:14:13.669 [FXGL Background Thread 1 ] DEBUG PhysicsWorld         - Using strategy: BRUTE_FORCE
20:14:13.675 [FXGL Background Thread 1 ] DEBUG GameScene            - Game scene initialized: 800x600
20:14:13.692 [FXGL Background Thread 1 ] DEBUG FXGL.DefaultMenu     - createMenuBodyGameMenu()
20:14:13.714 [FXGL Background Thread 1 ] DEBUG FXGL.DefaultMenu     - createOptionsMenu()
20:14:13.733 [FXGL Background Thread 1 ] DEBUG FXGLAssetLoaderServi - Loading from file system: jar:file:/C:/Users/josue/OneDrive/Desktop/proyecto%20java/Among%20Us/lib/fxgl-21.1-uber.jar!/fxglassets/textures/particles/smoke.png
20:14:13.889 [FXGL Background Thread 1 ] DEBUG FXGLAssetLoaderServi - Loading from file system: jar:file:/C:/Users/josue/OneDrive/Desktop/proyecto%20java/Among%20Us/lib/fxgl-21.1-uber.jar!/fxglassets/textures/particles/trace_horizontal.png
20:14:13.947 [FXGL Background Thread 1 ] DEBUG GameApplicationServi - Application scenes initialized
20:14:13.974 [FXGL Background Thread 1 ] DEBUG SystemBundleService  - Loading FXGL system data
20:14:13.979 [FXGL Background Thread 1 ] DEBUG FileSystemAccess     - Reading from: C:\Users\josue\OneDrive\Desktop\proyecto java\Among Us\system\fxgl.bundle
20:14:13.993 [FXGL Background Thread 1 ] DEBUG SystemBundleService  - Bundle FXGL: {}
20:14:13.993 [FXGL Background Thread 1 ] DEBUG UpdaterService       - Checking for updates
20:14:14.002 [FXGL Background Thread 1 ] DEBUG FXGLApplication      - Loading default localization
20:14:14.004 [FXGL Background Thread 1 ] DEBUG FXGLAssetLoaderServi - Loading from file system: jar:file:/C:/Users/josue/OneDrive/Desktop/proyecto%20java/Among%20Us/lib/fxgl-21.1-uber.jar!/fxglassets/languages/english.lang
20:14:14.036 [FXGL Background Thread 1 ] INFO  FXGLApplication      - FXGL initialization took: 0,828 sec
20:14:14.050 [JavaFX Application Thread] DEBUG Input                - Registered new binding: Mover Arriba - W
20:14:14.055 [JavaFX Application Thread] DEBUG Input                - Registered new binding: Mover Abajo - S
20:14:14.055 [JavaFX Application Thread] DEBUG Input                - Registered new binding: Mover Izquierda - A
20:14:14.055 [JavaFX Application Thread] DEBUG Input                - Registered new binding: Mover Derecha - D
20:14:14.055 [JavaFX Application Thread] DEBUG Input                - Registered new binding: Abrir Camaras - C
20:14:14.055 [JavaFX Application Thread] DEBUG Input                - Registered new binding: Usar Alcantarilla - Space
20:14:14.056 [JavaFX Application Thread] DEBUG Input                - Registered new binding: Vent Izquierda - Left
20:14:14.056 [JavaFX Application Thread] DEBUG Input                - Registered new binding: Vent Derecha - Right
20:14:14.056 [JavaFX Application Thread] DEBUG Input                - Registered new binding: Vent Arriba - Up
20:14:14.056 [JavaFX Application Thread] DEBUG Input                - Registered new binding: Vent Abajo - Down
20:14:14.056 [JavaFX Application Thread] DEBUG Input                - Registered new binding: Matar Jugador - Q
20:14:14.056 [JavaFX Application Thread] DEBUG FXGLAssetLoaderServi - Loading from file system: file:/C:/Users/josue/OneDrive/Desktop/proyecto%20java/Among%20Us/out/production/Among%20Us/assets/textures/icono.png
20:14:14.171 [FXGL Background Thread 4 ] DEBUG FXGLApplication      - Loading fonts
20:14:14.171 [FXGL Background Thread 4 ] DEBUG FXGLAssetLoaderServi - Loading from file system: jar:file:/C:/Users/josue/OneDrive/Desktop/proyecto%20java/Among%20Us/lib/fxgl-21.1-uber.jar!/fxglassets/ui/fonts/VarelaRound-Regular.ttf
20:14:14.188 [JavaFX Application Thread] DEBUG FXGLAssetLoaderServi - Loading from file system: jar:file:/C:/Users/josue/OneDrive/Desktop/proyecto%20java/Among%20Us/lib/fxgl-21.1-uber.jar!/fxglassets/textures/fxgl_default_cursor.png
20:14:14.193 [JavaFX Application Thread] DEBUG Input                - Registered new binding: Screenshot - CTRL+8
20:14:14.194 [JavaFX Application Thread] DEBUG Input                - Registered new binding: System info dump - CTRL+9
20:14:14.195 [JavaFX Application Thread] DEBUG Input                - Registered new binding: Restart - CTRL+R
20:14:14.196 [JavaFX Application Thread] DEBUG Input                - Registered new binding: Toggle Debug Camera - CTRL+7
20:14:14.203 [JavaFX Application Thread] DEBUG LoopRunner           - Starting loop
20:14:14.203 [JavaFX Application Thread] DEBUG LoopRunner           - Initializing JavaFX AnimationTimerLoop
20:14:14.206 [JavaFX Application Thread] DEBUG GameApplicationServi - Starting new game
20:14:14.209 [JavaFX Application Thread] DEBUG Input                - Clearing active input actions
20:14:14.251 [JavaFX Application Thread] DEBUG GameApplicationServi - Removing overlay from FXGLStartupScene and adding to FXGLLoadingScene
20:14:14.251 [JavaFX Application Thread] DEBUG PrimaryStageWindow   - FXGLStartupScene -> FXGLLoadingScene
20:14:14.251 [JavaFX Application Thread] DEBUG GameApplicationServi - Clearing previous game
20:14:14.251 [JavaFX Application Thread] DEBUG GameScene            - Clearing game scene
20:14:14.251 [JavaFX Application Thread] DEBUG GameWorld            - Clearing game world
20:14:14.251 [JavaFX Application Thread] DEBUG PhysicsWorld         - Clearing physics world
20:14:14.254 [FXGL Background Thread 1 ] DEBUG FXGLApplication      - Initializing game
20:14:14.265 [FXGL Background Thread 1 ] DEBUG FXGLAssetLoaderServi - Loading from file system: file:/C:/Users/josue/OneDrive/Desktop/proyecto%20java/Among%20Us/out/production/Among%20Us/assets/music/musicaMenu.mp3
20:14:14.837 [FXGL Background Thread 4 ] DEBUG FXGLAssetLoaderServi - Loading from file system: jar:file:/C:/Users/josue/OneDrive/Desktop/proyecto%20java/Among%20Us/lib/fxgl-21.1-uber.jar!/fxglassets/ui/fonts/Abel-Regular.ttf
20:14:14.847 [FXGL Background Thread 4 ] DEBUG FXGLAssetLoaderServi - Loading from file system: jar:file:/C:/Users/josue/OneDrive/Desktop/proyecto%20java/Among%20Us/lib/fxgl-21.1-uber.jar!/fxglassets/ui/fonts/TerminalLandMono-Regular.otf
20:14:14.862 [FXGL Background Thread 4 ] DEBUG FXGLAssetLoaderServi - Loading from file system: jar:file:/C:/Users/josue/OneDrive/Desktop/proyecto%20java/Among%20Us/lib/fxgl-21.1-uber.jar!/fxglassets/ui/fonts/Courier-Prime.ttf
20:14:14.886 [JavaFX Application Thread] DEBUG FXGLApplication      - Registering font factories with UI factory
20:14:14.941 [FXGL Background Thread 1 ] DEBUG AudioPlayer          - Playing music com.almasb.fxgl.audio.Music@16ea10e2
20:14:16.314 [FXGL Background Thread 1 ] INFO  FXGLApplication      - Game initialization took: 2,060 sec
20:14:16.451 [JavaFX Application Thread] DEBUG Input                - Clearing active input actions
20:14:16.482 [JavaFX Application Thread] DEBUG GameApplicationServi - Removing overlay from FXGLLoadingScene and adding to GameScene
20:14:16.482 [JavaFX Application Thread] DEBUG PrimaryStageWindow   - FXGLLoadingScene -> GameScene
20:14:16.524 [FXGL Background Thread 2 ] INFO  UpdaterService       - Your current version:  21.1
20:14:16.525 [FXGL Background Thread 2 ] INFO  UpdaterService       - Latest stable version: 25
20:14:17.000 [FXGL Background Thread 3 ] DEBUG Engine               - Logging environment variables
20:14:17.003 [FXGL Background Thread 3 ] DEBUG Engine               - achievements: []
20:14:17.005 [FXGL Background Thread 3 ] DEBUG Engine               - actualHeight: 600.0
20:14:17.005 [FXGL Background Thread 3 ] DEBUG Engine               - actualHeightProperty: ReadOnlyDoubleProperty [value: 600.0]
20:14:17.005 [FXGL Background Thread 3 ] DEBUG Engine               - actualWidth: 800.0
20:14:17.005 [FXGL Background Thread 3 ] DEBUG Engine               - actualWidthProperty: ReadOnlyDoubleProperty [value: 800.0]
20:14:17.006 [FXGL Background Thread 3 ] DEBUG Engine               - appIcon: icono.png
20:14:17.006 [FXGL Background Thread 3 ] DEBUG Engine               - applicationMode: DEVELOPER
20:14:17.006 [FXGL Background Thread 3 ] DEBUG Engine               - cSSList: [fxgl_dark.css]
20:14:17.006 [FXGL Background Thread 3 ] DEBUG Engine               - collisionDetectionStrategy: BRUTE_FORCE
20:14:17.006 [FXGL Background Thread 3 ] DEBUG Engine               - configClass: Optional.empty
20:14:17.006 [FXGL Background Thread 3 ] DEBUG Engine               - credits: []
20:14:17.007 [FXGL Background Thread 3 ] DEBUG Engine               - defaultCursor: CursorInfo(imageName=fxgl_default_cursor.png, hotspotX=7.0, hotspotY=6.0)
20:14:17.007 [FXGL Background Thread 3 ] DEBUG Engine               - devBBoxColorProperty: ObjectProperty [value: 0xff0000ff]
20:14:17.007 [FXGL Background Thread 3 ] DEBUG Engine               - devEnableDebugCameraProperty: BooleanProperty [value: false]
20:14:17.007 [FXGL Background Thread 3 ] DEBUG Engine               - devSensorColorProperty: ObjectProperty [value: 0xffff00ff]
20:14:17.007 [FXGL Background Thread 3 ] DEBUG Engine               - devShowBBoxProperty: BooleanProperty [value: false]
20:14:17.007 [FXGL Background Thread 3 ] DEBUG Engine               - devShowPositionProperty: BooleanProperty [value: false]
20:14:17.007 [FXGL Background Thread 3 ] DEBUG Engine               - enabledMenuItems: []
20:14:17.007 [FXGL Background Thread 3 ] DEBUG Engine               - engineServices: [class com.almasb.fxgl.app.services.FXGLAssetLoaderService, class com.almasb.fxgl.app.FXGLApplication$GameApplicationService, class com.almasb.fxgl.app.services.FXGLDialogService, class com.almasb.fxgl.app.services.IOTaskExecutorService, class com.almasb.fxgl.io.FileSystemService, class com.almasb.fxgl.localization.LocalizationService, class com.almasb.fxgl.app.services.SystemBundleService, class com.almasb.fxgl.profile.SaveLoadService, class com.almasb.fxgl.ui.FXGLUIFactoryServiceProvider, class com.almasb.fxgl.ui.FXGLDialogFactoryServiceProvider, class com.almasb.fxgl.audio.AudioPlayer, class com.almasb.fxgl.notification.impl.NotificationServiceProvider, class com.almasb.fxgl.achievement.AchievementService, class com.almasb.fxgl.cutscene.CutsceneService, class com.almasb.fxgl.minigames.MiniGameService, class com.almasb.fxgl.net.NetService, class com.almasb.fxgl.app.services.UpdaterService, class com.almasb.fxgl.dev.DevService]
20:14:17.007 [FXGL Background Thread 3 ] DEBUG Engine               - fontGame: Abel-Regular.ttf
20:14:17.007 [FXGL Background Thread 3 ] DEBUG Engine               - fontMono: TerminalLandMono-Regular.otf
20:14:17.007 [FXGL Background Thread 3 ] DEBUG Engine               - fontSizeScaleUI: 1.0
20:14:17.007 [FXGL Background Thread 3 ] DEBUG Engine               - fontText: Courier-Prime.ttf
20:14:17.007 [FXGL Background Thread 3 ] DEBUG Engine               - fontUI: VarelaRound-Regular.ttf
20:14:17.007 [FXGL Background Thread 3 ] DEBUG Engine               - fullScreen: BooleanProperty [value: false]
20:14:17.007 [FXGL Background Thread 3 ] DEBUG Engine               - gameDifficulty: MEDIUM
20:14:17.007 [FXGL Background Thread 3 ] DEBUG Engine               - gameDifficultyProperty: ObjectProperty [value: MEDIUM]
20:14:17.007 [FXGL Background Thread 3 ] DEBUG Engine               - globalMusicVolume: 0.5
20:14:17.007 [FXGL Background Thread 3 ] DEBUG Engine               - globalMusicVolumeProperty: DoubleProperty [value: 0.4]
20:14:17.007 [FXGL Background Thread 3 ] DEBUG Engine               - globalSoundVolume: 0.5
20:14:17.007 [FXGL Background Thread 3 ] DEBUG Engine               - globalSoundVolumeProperty: DoubleProperty [value: 0.5]
20:14:17.007 [FXGL Background Thread 3 ] DEBUG Engine               - height: 600
20:14:17.008 [FXGL Background Thread 3 ] DEBUG Engine               - is3D: false
20:14:17.008 [FXGL Background Thread 3 ] DEBUG Engine               - isAndroid: false
20:14:17.008 [FXGL Background Thread 3 ] DEBUG Engine               - isBrowser: false
20:14:17.008 [FXGL Background Thread 3 ] DEBUG Engine               - isClickFeedbackEnabled: false
20:14:17.008 [FXGL Background Thread 3 ] DEBUG Engine               - isCloseConfirmation: false
20:14:17.008 [FXGL Background Thread 3 ] DEBUG Engine               - isDesktop: true
20:14:17.008 [FXGL Background Thread 3 ] DEBUG Engine               - isDeveloperMenuEnabled: false
20:14:17.008 [FXGL Background Thread 3 ] DEBUG Engine               - isEmbedded: false
20:14:17.008 [FXGL Background Thread 3 ] DEBUG Engine               - isEntityPreloadEnabled: true
20:14:17.008 [FXGL Background Thread 3 ] DEBUG Engine               - isExperimentalTiledLargeMap: false
20:14:17.008 [FXGL Background Thread 3 ] DEBUG Engine               - isFileSystemWriteAllowed: true
20:14:17.008 [FXGL Background Thread 3 ] DEBUG Engine               - isFullScreenAllowed: false
20:14:17.008 [FXGL Background Thread 3 ] DEBUG Engine               - isFullScreenFromStart: false
20:14:17.008 [FXGL Background Thread 3 ] DEBUG Engine               - isGameMenuEnabled: true
20:14:17.008 [FXGL Background Thread 3 ] DEBUG Engine               - isIOS: false
20:14:17.010 [FXGL Background Thread 3 ] DEBUG Engine               - isIntroEnabled: false
20:14:17.010 [FXGL Background Thread 3 ] DEBUG Engine               - isLinux: false
20:14:17.010 [FXGL Background Thread 3 ] DEBUG Engine               - isMac: false
20:14:17.010 [FXGL Background Thread 3 ] DEBUG Engine               - isMainMenuEnabled: false
20:14:17.010 [FXGL Background Thread 3 ] DEBUG Engine               - isManualResizeEnabled: false
20:14:17.010 [FXGL Background Thread 3 ] DEBUG Engine               - isMobile: false
20:14:17.010 [FXGL Background Thread 3 ] DEBUG Engine               - isNative: false
20:14:17.010 [FXGL Background Thread 3 ] DEBUG Engine               - isPauseMusicWhenMinimized: true
20:14:17.010 [FXGL Background Thread 3 ] DEBUG Engine               - isPreserveResizeRatio: false
20:14:17.010 [FXGL Background Thread 3 ] DEBUG Engine               - isProfilingEnabled: false
20:14:17.011 [FXGL Background Thread 3 ] DEBUG Engine               - isScaleAffectedOnResize: true
20:14:17.011 [FXGL Background Thread 3 ] DEBUG Engine               - isSingleStep: false
20:14:17.011 [FXGL Background Thread 3 ] DEBUG Engine               - isUserProfileEnabled: false
20:14:17.011 [FXGL Background Thread 3 ] DEBUG Engine               - isWindows: true
20:14:17.011 [FXGL Background Thread 3 ] DEBUG Engine               - language: ObjectProperty [value: ENGLISH]
20:14:17.011 [FXGL Background Thread 3 ] DEBUG Engine               - menuKey: ESCAPE
20:14:17.011 [FXGL Background Thread 3 ] DEBUG Engine               - mouseSensitivity: 0.2
20:14:17.011 [FXGL Background Thread 3 ] DEBUG Engine               - notificationViewClass: class com.almasb.fxgl.notification.view.XboxNotificationView
20:14:17.011 [FXGL Background Thread 3 ] DEBUG Engine               - pixelsPerMeter: 50.0
20:14:17.011 [FXGL Background Thread 3 ] DEBUG Engine               - platform: WINDOWS
20:14:17.011 [FXGL Background Thread 3 ] DEBUG Engine               - prefHeightProperty: ReadOnlyDoubleProperty [value: 600.0]
20:14:17.011 [FXGL Background Thread 3 ] DEBUG Engine               - prefWidthProperty: ReadOnlyDoubleProperty [value: 800.0]
20:14:17.011 [FXGL Background Thread 3 ] DEBUG Engine               - profileDir: profiles/
20:14:17.011 [FXGL Background Thread 3 ] DEBUG Engine               - profileName: StringProperty [value: DEFAULT]
20:14:17.011 [FXGL Background Thread 3 ] DEBUG Engine               - randomSeed: -1
20:14:17.012 [FXGL Background Thread 3 ] DEBUG Engine               - runtimeInfo: RuntimeInfo(platform=WINDOWS, version=21.1, build=26.03.2024 17.33)
20:14:17.012 [FXGL Background Thread 3 ] DEBUG Engine               - saveFileExt: sav
20:14:17.012 [FXGL Background Thread 3 ] DEBUG Engine               - scaledHeightProp$fxgl: DoubleProperty [bound, value: 600.0]
20:14:17.012 [FXGL Background Thread 3 ] DEBUG Engine               - scaledWidthProp$fxgl: DoubleProperty [bound, value: 800.0]
20:14:17.012 [FXGL Background Thread 3 ] DEBUG Engine               - sceneFactory: com.almasb.fxgl.app.scene.SceneFactory@1a942c5c
20:14:17.012 [FXGL Background Thread 3 ] DEBUG Engine               - secondsIn24h: 60
20:14:17.012 [FXGL Background Thread 3 ] DEBUG Engine               - soundMenuBack: menu/back.wav
20:14:17.012 [FXGL Background Thread 3 ] DEBUG Engine               - soundMenuPress: menu/press.wav
20:14:17.012 [FXGL Background Thread 3 ] DEBUG Engine               - soundMenuSelect: menu/select.wav
20:14:17.012 [FXGL Background Thread 3 ] DEBUG Engine               - soundNotification: core/notification.wav
20:14:17.012 [FXGL Background Thread 3 ] DEBUG Engine               - stageStyle: DECORATED
20:14:17.012 [FXGL Background Thread 3 ] DEBUG Engine               - supportedLanguages: [ENGLISH, FRENCH, GERMAN, HUNGARIAN, RUSSIAN]
20:14:17.012 [FXGL Background Thread 3 ] DEBUG Engine               - ticksPerSecond: -1
20:14:17.013 [FXGL Background Thread 3 ] DEBUG Engine               - title: Among Us UNEG
20:14:17.013 [FXGL Background Thread 3 ] DEBUG Engine               - urlGithub: https://github.com/AlmasB/FXGL
20:14:17.013 [FXGL Background Thread 3 ] DEBUG Engine               - urlLeaderboard: http://fxgl-top.herokuapp.com/
20:14:17.013 [FXGL Background Thread 3 ] DEBUG Engine               - urlPOM: https://raw.githubusercontent.com/AlmasB/FXGL/release/README.md
20:14:17.013 [FXGL Background Thread 3 ] DEBUG Engine               - userAppClass: class main.java.amongUs.AppPrincipal
20:14:17.013 [FXGL Background Thread 3 ] DEBUG Engine               - version: 0.0
20:14:17.013 [FXGL Background Thread 3 ] DEBUG Engine               - versionCheckDays: 7
20:14:17.013 [FXGL Background Thread 3 ] DEBUG Engine               - width: 800
20:14:17.013 [FXGL Background Thread 3 ] DEBUG Engine               - Logging services
20:14:17.013 [FXGL Background Thread 3 ] DEBUG Engine               - class com.almasb.fxgl.app.services.FXGLAssetLoaderService
20:14:17.013 [FXGL Background Thread 3 ] DEBUG Engine               - class com.almasb.fxgl.app.FXGLApplication$GameApplicationService
20:14:17.013 [FXGL Background Thread 3 ] DEBUG Engine               - class com.almasb.fxgl.app.services.FXGLDialogService
20:14:17.013 [FXGL Background Thread 3 ] DEBUG Engine               - class com.almasb.fxgl.app.services.IOTaskExecutorService
20:14:17.013 [FXGL Background Thread 3 ] DEBUG Engine               - class com.almasb.fxgl.io.FileSystemService
20:14:17.013 [FXGL Background Thread 3 ] DEBUG Engine               - class com.almasb.fxgl.localization.LocalizationService
20:14:17.014 [FXGL Background Thread 3 ] DEBUG Engine               - class com.almasb.fxgl.app.services.SystemBundleService
20:14:17.014 [FXGL Background Thread 3 ] DEBUG Engine               - class com.almasb.fxgl.profile.SaveLoadService
20:14:17.014 [FXGL Background Thread 3 ] DEBUG Engine               - class com.almasb.fxgl.ui.FXGLUIFactoryServiceProvider
20:14:17.014 [FXGL Background Thread 3 ] DEBUG Engine               - class com.almasb.fxgl.ui.FXGLDialogFactoryServiceProvider
20:14:17.014 [FXGL Background Thread 3 ] DEBUG Engine               - class com.almasb.fxgl.audio.AudioPlayer
20:14:17.014 [FXGL Background Thread 3 ] DEBUG Engine               - class com.almasb.fxgl.notification.impl.NotificationServiceProvider
20:14:17.014 [FXGL Background Thread 3 ] DEBUG Engine               - class com.almasb.fxgl.achievement.AchievementService
20:14:17.015 [FXGL Background Thread 3 ] DEBUG Engine               - class com.almasb.fxgl.cutscene.CutsceneService
20:14:17.015 [FXGL Background Thread 3 ] DEBUG Engine               - class com.almasb.fxgl.minigames.MiniGameService
20:14:17.015 [FXGL Background Thread 3 ] DEBUG Engine               - class com.almasb.fxgl.net.NetService
20:14:17.015 [FXGL Background Thread 3 ] DEBUG Engine               - class com.almasb.fxgl.app.services.UpdaterService
20:14:17.015 [FXGL Background Thread 3 ] DEBUG Engine               - class com.almasb.fxgl.dev.DevService
20:14:29.856 [JavaFX Application Thread] DEBUG FXGLAssetLoaderServi - Loading from file system: file:/C:/Users/josue/OneDrive/Desktop/proyecto%20java/Among%20Us/out/production/Among%20Us/assets/sounds/clickBoton.wav
20:14:34.097 [JavaFX Application Thread] DEBUG FXGLAssetLoaderServi - Loading from file system: file:/C:/Users/josue/OneDrive/Desktop/proyecto%20java/Among%20Us/out/production/Among%20Us/assets/textures/tripulante_blanco.png
20:14:45.547 [JavaFX Application Thread] DEBUG FXGLAssetLoaderServi - Loading from file system: file:/C:/Users/josue/OneDrive/Desktop/proyecto%20java/Among%20Us/out/production/Among%20Us/assets/textures/tripulante_negro.png
20:14:46.711 [JavaFX Application Thread] WARN  TMXLevelLoader       - TiledMap generated from 1.11.2. Supported version: 1.9.0. Some features may not be parsed fully.
20:14:46.776 [JavaFX Application Thread] DEBUG TMXLevelLoader       - Parsed TiledMap: file:/C:/Users/josue/OneDrive/Desktop/proyecto%20java/Among%20Us/out/production/Among%20Us/assets/levels/mapa2.tmx
20:14:46.776 [JavaFX Application Thread] DEBUG TMXLevelLoader       - Creating tile layer entities
20:14:46.779 [JavaFX Application Thread] DEBUG TilesetLoader        - Loading view for layer fondo1
20:14:46.781 [JavaFX Application Thread] DEBUG TilesetLoader        - Created buffer with size 992.0x960.0
20:14:46.818 [JavaFX Application Thread] DEBUG TilesetLoader        - Loading view for layer fondo
20:14:46.820 [JavaFX Application Thread] DEBUG TilesetLoader        - Created buffer with size 992.0x960.0
20:14:46.825 [JavaFX Application Thread] DEBUG TilesetLoader        - Loading view for layer piso
20:14:46.827 [JavaFX Application Thread] DEBUG TilesetLoader        - Created buffer with size 992.0x960.0
20:14:46.834 [JavaFX Application Thread] DEBUG TilesetLoader        - Loading view for layer piso1
20:14:46.835 [JavaFX Application Thread] DEBUG TilesetLoader        - Created buffer with size 992.0x960.0
20:14:46.864 [JavaFX Application Thread] DEBUG TilesetLoader        - Loading view for layer izquierda
20:14:46.865 [JavaFX Application Thread] DEBUG TilesetLoader        - Created buffer with size 992.0x960.0
20:14:46.876 [JavaFX Application Thread] DEBUG TilesetLoader        - Loading view for layer detallesatraspared
20:14:46.877 [JavaFX Application Thread] DEBUG TilesetLoader        - Created buffer with size 992.0x960.0
20:14:46.917 [JavaFX Application Thread] DEBUG TilesetLoader        - Loading view for layer pared2
20:14:46.918 [JavaFX Application Thread] DEBUG TilesetLoader        - Created buffer with size 992.0x960.0
20:14:46.932 [JavaFX Application Thread] DEBUG TilesetLoader        - Loading view for layer techo1
20:14:46.933 [JavaFX Application Thread] DEBUG TilesetLoader        - Created buffer with size 992.0x960.0
20:14:46.936 [JavaFX Application Thread] DEBUG TilesetLoader        - Loading view for layer techo2
20:14:46.940 [JavaFX Application Thread] DEBUG TilesetLoader        - Created buffer with size 992.0x960.0
20:14:46.945 [JavaFX Application Thread] DEBUG TilesetLoader        - Loading view for layer puertita
20:14:46.946 [JavaFX Application Thread] DEBUG TilesetLoader        - Created buffer with size 992.0x960.0
20:14:46.947 [JavaFX Application Thread] DEBUG TilesetLoader        - Loading view for layer puerta
20:14:46.948 [JavaFX Application Thread] DEBUG TilesetLoader        - Created buffer with size 992.0x960.0
20:14:46.951 [JavaFX Application Thread] DEBUG TilesetLoader        - Loading view for layer detalles
20:14:46.952 [JavaFX Application Thread] DEBUG TilesetLoader        - Created buffer with size 992.0x960.0
20:14:46.970 [JavaFX Application Thread] DEBUG TilesetLoader        - Loading view for layer detalles 2
20:14:46.971 [JavaFX Application Thread] DEBUG TilesetLoader        - Created buffer with size 992.0x960.0
20:14:46.987 [JavaFX Application Thread] DEBUG TilesetLoader        - Loading view for layer detalles3
20:14:46.988 [JavaFX Application Thread] DEBUG TilesetLoader        - Created buffer with size 992.0x960.0
20:14:47.022 [JavaFX Application Thread] DEBUG TilesetLoader        - Loading view for layer grieta
20:14:47.023 [JavaFX Application Thread] DEBUG TilesetLoader        - Created buffer with size 992.0x960.0
20:14:47.024 [JavaFX Application Thread] DEBUG TilesetLoader        - Loading view for layer camaras
20:14:47.025 [JavaFX Application Thread] DEBUG TilesetLoader        - Created buffer with size 992.0x960.0
20:14:47.028 [JavaFX Application Thread] DEBUG TilesetLoader        - Loading view for layer Techo
20:14:47.030 [JavaFX Application Thread] DEBUG TilesetLoader        - Created buffer with size 992.0x960.0
20:14:47.033 [JavaFX Application Thread] DEBUG TMXLevelLoader       - Creating object layer entities
20:14:47.122 [JavaFX Application Thread] DEBUG GameWorld            - Clearing removable entities
20:14:47.122 [JavaFX Application Thread] DEBUG GameWorld            - Setting level: com.almasb.fxgl.entity.level.Level@ac0542e
20:14:47.166 [JavaFX Application Thread] DEBUG FXGLAssetLoaderServi - Loading from file system: file:/C:/Users/josue/OneDrive/Desktop/proyecto%20java/Among%20Us/out/production/Among%20Us/assets/textures/MonitorDeCamaras.png
20:14:47.184 [JavaFX Application Thread] DEBUG FXGLAssetLoaderServi - Loading from file system: file:/C:/Users/josue/OneDrive/Desktop/proyecto%20java/Among%20Us/out/production/Among%20Us/assets/textures/flechaAmarillaIzq.png
20:14:47.191 [JavaFX Application Thread] DEBUG FXGLAssetLoaderServi - Loading from file system: file:/C:/Users/josue/OneDrive/Desktop/proyecto%20java/Among%20Us/out/production/Among%20Us/assets/textures/flechaAmarillaDer.png
20:14:47.200 [JavaFX Application Thread] DEBUG FXGLAssetLoaderServi - Loading from file system: file:/C:/Users/josue/OneDrive/Desktop/proyecto%20java/Among%20Us/out/production/Among%20Us/assets/textures/fantasma.png
20:14:47.204 [JavaFX Application Thread] DEBUG FXGLAssetLoaderServi - Loading from file system: file:/C:/Users/josue/OneDrive/Desktop/proyecto%20java/Among%20Us/out/production/Among%20Us/assets/textures/blanco_muerto.png
20:14:47.205 [JavaFX Application Thread] DEBUG FXGLAssetLoaderServi - Loading from file system: file:/C:/Users/josue/OneDrive/Desktop/proyecto%20java/Among%20Us/out/production/Among%20Us/assets/textures/animacion_blanco.png
20:14:47.206 [JavaFX Application Thread] DEBUG FXGLAssetLoaderServi - Loading from file system: file:/C:/Users/josue/OneDrive/Desktop/proyecto%20java/Among%20Us/out/production/Among%20Us/assets/textures/alcantarilla_blanco.png
20:14:47.209 [JavaFX Application Thread] DEBUG FXGLAssetLoaderServi - Loading from file system: file:/C:/Users/josue/OneDrive/Desktop/proyecto%20java/Among%20Us/out/production/Among%20Us/assets/textures/alcantarilla_blancoE.png
20:14:47.224 [JavaFX Application Thread] DEBUG FXGLAssetLoaderServi - Loading from file system: file:/C:/Users/josue/OneDrive/Desktop/proyecto%20java/Among%20Us/out/production/Among%20Us/assets/textures/negro_muerto.png
20:14:47.226 [JavaFX Application Thread] DEBUG FXGLAssetLoaderServi - Loading from file system: file:/C:/Users/josue/OneDrive/Desktop/proyecto%20java/Among%20Us/out/production/Among%20Us/assets/textures/animacion_negro.png
20:14:47.227 [JavaFX Application Thread] DEBUG FXGLAssetLoaderServi - Loading from file system: file:/C:/Users/josue/OneDrive/Desktop/proyecto%20java/Among%20Us/out/production/Among%20Us/assets/textures/alcantarilla_negro.png
20:14:47.229 [JavaFX Application Thread] DEBUG FXGLAssetLoaderServi - Loading from file system: file:/C:/Users/josue/OneDrive/Desktop/proyecto%20java/Among%20Us/out/production/Among%20Us/assets/textures/alcantarilla_negroE.png
20:14:47.231 [JavaFX Application Thread] DEBUG FXGLAssetLoaderServi - Loading from file system: file:/C:/Users/josue/OneDrive/Desktop/proyecto%20java/Among%20Us/out/production/Among%20Us/assets/textures/accionNegada.png
20:14:47.239 [JavaFX Application Thread] DEBUG FXGLAssetLoaderServi - Loading from file system: file:/C:/Users/josue/OneDrive/Desktop/proyecto%20java/Among%20Us/out/production/Among%20Us/assets/textures/matarNegado.png
20:14:47.249 [JavaFX Application Thread] DEBUG FXGLAssetLoaderServi - Loading from file system: file:/C:/Users/josue/OneDrive/Desktop/proyecto%20java/Among%20Us/out/production/Among%20Us/assets/textures/sabotaje.png
20:14:47.257 [JavaFX Application Thread] DEBUG FXGLAssetLoaderServi - Loading from file system: file:/C:/Users/josue/OneDrive/Desktop/proyecto%20java/Among%20Us/out/production/Among%20Us/assets/textures/pantalla_impostor.png
20:15:07.238 [JavaFX Application Thread] DEBUG FXGLAssetLoaderServi - Loading from file system: file:/C:/Users/josue/OneDrive/Desktop/proyecto%20java/Among%20Us/out/production/Among%20Us/assets/textures/matar.png
20:15:54.414 [JavaFX Application Thread] DEBUG FXGLApplication      - Exiting FXGL
20:15:54.415 [JavaFX Application Thread] DEBUG LoopRunner           - Stopping loop
20:15:54.415 [JavaFX Application Thread] DEBUG SystemBundleService  - Saving FXGL system data
20:15:54.417 [JavaFX Application Thread] DEBUG FileSystemAccess     - Writing to: C:\Users\josue\OneDrive\Desktop\proyecto java\Among Us\system\fxgl.bundle
20:15:54.420 [JavaFX Application Thread] DEBUG Async                - Shutting down background threads
20:15:54.420 [JavaFX Application Thread] DEBUG PrimaryStageWindow   - Closing main window
20:15:54.545 [JavaFX Application Thread] DEBUG Logger               - Closing Logger
