12:29:12.640 [main                     ] DEBUG Logger               - Configured Logger
12:29:12.646 [main                     ] DEBUG GameApplication      - Logging settings
Title: Among Us UNEG
Version: 0.0
Width: 800
Height: 600
Fullscreen: false
Intro: false
Profiling: false
Single step:false
App Mode: DEVELOPER
Menu Key: ESCAPE
Stage Style: DECORATED
Scene Factory: class com.almasb.fxgl.app.scene.SceneFactory

12:29:13.077 [JavaFX Application Thread] DEBUG FXGLApplication      - Initializing FXGL
12:29:13.080 [JavaFX Application Thread] INFO  Engine               - FXGL-21.1 (26.03.2024 17.33) on WINDOWS (J:25.0.2 FX:21.0.1)
12:29:13.080 [JavaFX Application Thread] DEBUG Engine               - JRE Vendor Name: Oracle Corporation
12:29:13.080 [JavaFX Application Thread] DEBUG Engine               - Running on OS: Windows 11 version 10.0
12:29:13.081 [JavaFX Application Thread] DEBUG Engine               - Architecture: amd64
12:29:13.081 [JavaFX Application Thread] INFO  Engine               - Source code and latest versions at: https://github.com/AlmasB/FXGL
12:29:13.081 [JavaFX Application Thread] INFO  Engine               -       Ask questions and discuss at: https://github.com/AlmasB/FXGL/discussions
12:29:13.081 [JavaFX Application Thread] INFO  Engine               -              Join the FXGL chat at: https://gitter.im/AlmasB/FXGL
12:29:13.211 [JavaFX Application Thread] DEBUG PrimaryStageWindow   - Creating a JavaFX scene
12:29:13.261 [JavaFX Application Thread] DEBUG PrimaryStageWindow   - Target settings size: 800.0 x 600.0
12:29:13.261 [JavaFX Application Thread] DEBUG PrimaryStageWindow   - Scaled scene size:    800.0 x 600.0
12:29:13.261 [JavaFX Application Thread] DEBUG PrimaryStageWindow   - Scaled ratio: (1.0, 1.0)
12:29:13.262 [JavaFX Application Thread] DEBUG PrimaryStageWindow   - Set initial scene to FXGLStartupScene
12:29:13.264 [JavaFX Application Thread] DEBUG PrimaryStageWindow   - Opening main window
12:29:13.358 [JavaFX Application Thread] DEBUG PrimaryStageWindow   - Window border size: (16.0, 39.0)
12:29:13.359 [JavaFX Application Thread] DEBUG PrimaryStageWindow   - Scaled size: 800.0 x 600.0
12:29:13.359 [JavaFX Application Thread] DEBUG PrimaryStageWindow   - Scaled ratio: (1.0, 1.0)
12:29:13.359 [JavaFX Application Thread] DEBUG PrimaryStageWindow   - Scene size: 800.0 x 600.0
12:29:13.359 [JavaFX Application Thread] DEBUG PrimaryStageWindow   - Stage size: 816.0 x 639.0
12:29:13.367 [FXGL Background Thread 1 ] DEBUG Engine               - Initializing environment variables
12:29:13.417 [FXGL Background Thread 1 ] DEBUG FXGLAssetLoaderServi - User app class for loading assets: class main.java.amongUs.AppPrincipal
12:29:13.417 [FXGL Background Thread 1 ] DEBUG GameApplicationServi - Applying CSS: fxgl_dark.css
12:29:13.418 [FXGL Background Thread 1 ] DEBUG FXGLAssetLoaderServi - Loading from file system: jar:file:/C:/Users/Angelo/proyecto%20Among%20Us/lib/fxgl-21.1-uber.jar!/fxglassets/ui/css/fxgl_dark.css
12:29:13.454 [FXGL Background Thread 1 ] DEBUG GameApplicationServi - Initializing application scenes
12:29:13.483 [FXGL Background Thread 1 ] DEBUG GameWorld            - Game world initialized
12:29:13.533 [FXGL Background Thread 1 ] DEBUG PhysicsWorld         - Physics world initialized: appHeight=600, physics.ppm=50,0
12:29:13.533 [FXGL Background Thread 1 ] DEBUG PhysicsWorld         - Using strategy: BRUTE_FORCE
12:29:13.536 [FXGL Background Thread 1 ] DEBUG GameScene            - Game scene initialized: 800x600
12:29:13.546 [FXGL Background Thread 1 ] DEBUG FXGL.DefaultMenu     - createMenuBodyGameMenu()
12:29:13.564 [FXGL Background Thread 1 ] DEBUG FXGL.DefaultMenu     - createOptionsMenu()
12:29:13.572 [FXGL Background Thread 1 ] DEBUG FXGLAssetLoaderServi - Loading from file system: jar:file:/C:/Users/Angelo/proyecto%20Among%20Us/lib/fxgl-21.1-uber.jar!/fxglassets/textures/particles/smoke.png
12:29:13.655 [FXGL Background Thread 1 ] DEBUG FXGLAssetLoaderServi - Loading from file system: jar:file:/C:/Users/Angelo/proyecto%20Among%20Us/lib/fxgl-21.1-uber.jar!/fxglassets/textures/particles/trace_horizontal.png
12:29:13.685 [FXGL Background Thread 1 ] DEBUG GameApplicationServi - Application scenes initialized
12:29:13.700 [FXGL Background Thread 1 ] DEBUG SystemBundleService  - Loading FXGL system data
12:29:13.705 [FXGL Background Thread 1 ] DEBUG FileSystemAccess     - Reading from: C:\Users\Angelo\proyecto Among Us\system\fxgl.bundle
12:29:13.712 [FXGL Background Thread 1 ] DEBUG SystemBundleService  - Bundle FXGL: {}
12:29:13.712 [FXGL Background Thread 1 ] DEBUG UpdaterService       - Checking for updates
12:29:13.716 [FXGL Background Thread 4 ] DEBUG FXGLApplication      - Loading fonts
12:29:13.716 [FXGL Background Thread 4 ] DEBUG FXGLAssetLoaderServi - Loading from file system: jar:file:/C:/Users/Angelo/proyecto%20Among%20Us/lib/fxgl-21.1-uber.jar!/fxglassets/ui/fonts/VarelaRound-Regular.ttf
12:29:13.717 [FXGL Background Thread 1 ] DEBUG FXGLApplication      - Loading default localization
12:29:13.717 [FXGL Background Thread 1 ] DEBUG FXGLAssetLoaderServi - Loading from file system: jar:file:/C:/Users/Angelo/proyecto%20Among%20Us/lib/fxgl-21.1-uber.jar!/fxglassets/languages/english.lang
12:29:13.735 [FXGL Background Thread 1 ] INFO  FXGLApplication      - FXGL initialization took: 0,367 sec
12:29:13.744 [JavaFX Application Thread] DEBUG Input                - Registered new binding: Mover Arriba - W
12:29:13.744 [JavaFX Application Thread] DEBUG Input                - Registered new binding: Mover Abajo - S
12:29:13.744 [JavaFX Application Thread] DEBUG Input                - Registered new binding: Mover Izquierda - A
12:29:13.744 [JavaFX Application Thread] DEBUG Input                - Registered new binding: Mover Derecha - D
12:29:13.744 [JavaFX Application Thread] DEBUG Input                - Registered new binding: Abrir Camaras - C
12:29:13.744 [JavaFX Application Thread] DEBUG Input                - Registered new binding: Usar Alcantarilla - Space
12:29:13.744 [JavaFX Application Thread] DEBUG Input                - Registered new binding: Vent Izquierda - Left
12:29:13.744 [JavaFX Application Thread] DEBUG Input                - Registered new binding: Vent Derecha - Right
12:29:13.745 [JavaFX Application Thread] DEBUG Input                - Registered new binding: Vent Arriba - Up
12:29:13.745 [JavaFX Application Thread] DEBUG Input                - Registered new binding: Vent Abajo - Down
12:29:13.745 [JavaFX Application Thread] DEBUG Input                - Registered new binding: Matar Jugador - Q
12:29:13.745 [JavaFX Application Thread] DEBUG Input                - Registered new binding: Reportar Cadaver - R
12:29:13.745 [JavaFX Application Thread] DEBUG FXGLAssetLoaderServi - Loading from file system: file:/C:/Users/Angelo/proyecto%20Among%20Us/out/production/Among%20Us/assets/textures/icono.png
12:29:13.755 [FXGL Background Thread 4 ] DEBUG FXGLAssetLoaderServi - Loading from file system: jar:file:/C:/Users/Angelo/proyecto%20Among%20Us/lib/fxgl-21.1-uber.jar!/fxglassets/ui/fonts/Abel-Regular.ttf
12:29:13.759 [FXGL Background Thread 4 ] DEBUG FXGLAssetLoaderServi - Loading from file system: jar:file:/C:/Users/Angelo/proyecto%20Among%20Us/lib/fxgl-21.1-uber.jar!/fxglassets/ui/fonts/TerminalLandMono-Regular.otf
12:29:13.763 [FXGL Background Thread 4 ] DEBUG FXGLAssetLoaderServi - Loading from file system: jar:file:/C:/Users/Angelo/proyecto%20Among%20Us/lib/fxgl-21.1-uber.jar!/fxglassets/ui/fonts/Courier-Prime.ttf
12:29:13.770 [JavaFX Application Thread] DEBUG FXGLAssetLoaderServi - Loading from file system: jar:file:/C:/Users/Angelo/proyecto%20Among%20Us/lib/fxgl-21.1-uber.jar!/fxglassets/textures/fxgl_default_cursor.png
12:29:13.773 [JavaFX Application Thread] DEBUG Input                - Registered new binding: Screenshot - CTRL+8
12:29:13.774 [JavaFX Application Thread] DEBUG Input                - Registered new binding: System info dump - CTRL+9
12:29:13.774 [JavaFX Application Thread] DEBUG Input                - Registered new binding: Restart - CTRL+R
12:29:13.774 [JavaFX Application Thread] DEBUG Input                - Registered new binding: Toggle Debug Camera - CTRL+7
12:29:13.777 [JavaFX Application Thread] DEBUG LoopRunner           - Starting loop
12:29:13.777 [JavaFX Application Thread] DEBUG LoopRunner           - Initializing JavaFX AnimationTimerLoop
12:29:13.779 [JavaFX Application Thread] DEBUG GameApplicationServi - Starting new game
12:29:13.779 [JavaFX Application Thread] DEBUG Input                - Clearing active input actions
12:29:13.791 [JavaFX Application Thread] DEBUG GameApplicationServi - Removing overlay from FXGLStartupScene and adding to FXGLLoadingScene
12:29:13.791 [JavaFX Application Thread] DEBUG PrimaryStageWindow   - FXGLStartupScene -> FXGLLoadingScene
12:29:13.791 [JavaFX Application Thread] DEBUG GameApplicationServi - Clearing previous game
12:29:13.791 [JavaFX Application Thread] DEBUG GameScene            - Clearing game scene
12:29:13.791 [JavaFX Application Thread] DEBUG GameWorld            - Clearing game world
12:29:13.792 [JavaFX Application Thread] DEBUG PhysicsWorld         - Clearing physics world
12:29:13.793 [JavaFX Application Thread] DEBUG FXGLApplication      - Registering font factories with UI factory
12:29:13.793 [FXGL Background Thread 4 ] DEBUG FXGLApplication      - Initializing game
12:29:13.798 [FXGL Background Thread 4 ] DEBUG FXGLAssetLoaderServi - Loading from file system: file:/C:/Users/Angelo/proyecto%20Among%20Us/out/production/Among%20Us/assets/music/musicaMenu.mp3
12:29:13.977 [FXGL Background Thread 4 ] DEBUG AudioPlayer          - Playing music com.almasb.fxgl.audio.Music@405b3512
12:29:14.319 [FXGL Background Thread 4 ] INFO  FXGLApplication      - Game initialization took: 0,526 sec
12:29:14.319 [JavaFX Application Thread] DEBUG Input                - Clearing active input actions
12:29:14.328 [JavaFX Application Thread] DEBUG GameApplicationServi - Removing overlay from FXGLLoadingScene and adding to GameScene
12:29:14.329 [JavaFX Application Thread] DEBUG PrimaryStageWindow   - FXGLLoadingScene -> GameScene
12:29:14.466 [FXGL Background Thread 2 ] INFO  UpdaterService       - Your current version:  21.1
12:29:14.466 [FXGL Background Thread 2 ] INFO  UpdaterService       - Latest stable version: 25
12:29:16.715 [FXGL Background Thread 3 ] DEBUG Engine               - Logging environment variables
12:29:16.715 [FXGL Background Thread 3 ] DEBUG Engine               - achievements: []
12:29:16.715 [FXGL Background Thread 3 ] DEBUG Engine               - actualHeight: 600.0
12:29:16.715 [FXGL Background Thread 3 ] DEBUG Engine               - actualHeightProperty: ReadOnlyDoubleProperty [value: 600.0]
12:29:16.715 [FXGL Background Thread 3 ] DEBUG Engine               - actualWidth: 800.0
12:29:16.715 [FXGL Background Thread 3 ] DEBUG Engine               - actualWidthProperty: ReadOnlyDoubleProperty [value: 800.0]
12:29:16.715 [FXGL Background Thread 3 ] DEBUG Engine               - appIcon: icono.png
12:29:16.715 [FXGL Background Thread 3 ] DEBUG Engine               - applicationMode: DEVELOPER
12:29:16.715 [FXGL Background Thread 3 ] DEBUG Engine               - cSSList: [fxgl_dark.css]
12:29:16.715 [FXGL Background Thread 3 ] DEBUG Engine               - collisionDetectionStrategy: BRUTE_FORCE
12:29:16.715 [FXGL Background Thread 3 ] DEBUG Engine               - configClass: Optional.empty
12:29:16.715 [FXGL Background Thread 3 ] DEBUG Engine               - credits: []
12:29:16.715 [FXGL Background Thread 3 ] DEBUG Engine               - defaultCursor: CursorInfo(imageName=fxgl_default_cursor.png, hotspotX=7.0, hotspotY=6.0)
12:29:16.715 [FXGL Background Thread 3 ] DEBUG Engine               - devBBoxColorProperty: ObjectProperty [value: 0xff0000ff]
12:29:16.717 [FXGL Background Thread 3 ] DEBUG Engine               - devEnableDebugCameraProperty: BooleanProperty [value: false]
12:29:16.717 [FXGL Background Thread 3 ] DEBUG Engine               - devSensorColorProperty: ObjectProperty [value: 0xffff00ff]
12:29:16.717 [FXGL Background Thread 3 ] DEBUG Engine               - devShowBBoxProperty: BooleanProperty [value: false]
12:29:16.717 [FXGL Background Thread 3 ] DEBUG Engine               - devShowPositionProperty: BooleanProperty [value: false]
12:29:16.717 [FXGL Background Thread 3 ] DEBUG Engine               - enabledMenuItems: []
12:29:16.717 [FXGL Background Thread 3 ] DEBUG Engine               - engineServices: [class com.almasb.fxgl.app.services.FXGLAssetLoaderService, class com.almasb.fxgl.app.FXGLApplication$GameApplicationService, class com.almasb.fxgl.app.services.FXGLDialogService, class com.almasb.fxgl.app.services.IOTaskExecutorService, class com.almasb.fxgl.io.FileSystemService, class com.almasb.fxgl.localization.LocalizationService, class com.almasb.fxgl.app.services.SystemBundleService, class com.almasb.fxgl.profile.SaveLoadService, class com.almasb.fxgl.ui.FXGLUIFactoryServiceProvider, class com.almasb.fxgl.ui.FXGLDialogFactoryServiceProvider, class com.almasb.fxgl.audio.AudioPlayer, class com.almasb.fxgl.notification.impl.NotificationServiceProvider, class com.almasb.fxgl.achievement.AchievementService, class com.almasb.fxgl.cutscene.CutsceneService, class com.almasb.fxgl.minigames.MiniGameService, class com.almasb.fxgl.net.NetService, class com.almasb.fxgl.app.services.UpdaterService, class com.almasb.fxgl.dev.DevService]
12:29:16.717 [FXGL Background Thread 3 ] DEBUG Engine               - fontGame: Abel-Regular.ttf
12:29:16.717 [FXGL Background Thread 3 ] DEBUG Engine               - fontMono: TerminalLandMono-Regular.otf
12:29:16.717 [FXGL Background Thread 3 ] DEBUG Engine               - fontSizeScaleUI: 1.0
12:29:16.717 [FXGL Background Thread 3 ] DEBUG Engine               - fontText: Courier-Prime.ttf
12:29:16.717 [FXGL Background Thread 3 ] DEBUG Engine               - fontUI: VarelaRound-Regular.ttf
12:29:16.717 [FXGL Background Thread 3 ] DEBUG Engine               - fullScreen: BooleanProperty [value: false]
12:29:16.717 [FXGL Background Thread 3 ] DEBUG Engine               - gameDifficulty: MEDIUM
12:29:16.717 [FXGL Background Thread 3 ] DEBUG Engine               - gameDifficultyProperty: ObjectProperty [value: MEDIUM]
12:29:16.717 [FXGL Background Thread 3 ] DEBUG Engine               - globalMusicVolume: 0.5
12:29:16.717 [FXGL Background Thread 3 ] DEBUG Engine               - globalMusicVolumeProperty: DoubleProperty [value: 0.4]
12:29:16.717 [FXGL Background Thread 3 ] DEBUG Engine               - globalSoundVolume: 0.5
12:29:16.717 [FXGL Background Thread 3 ] DEBUG Engine               - globalSoundVolumeProperty: DoubleProperty [value: 0.5]
12:29:16.717 [FXGL Background Thread 3 ] DEBUG Engine               - height: 600
12:29:16.717 [FXGL Background Thread 3 ] DEBUG Engine               - is3D: false
12:29:16.717 [FXGL Background Thread 3 ] DEBUG Engine               - isAndroid: false
12:29:16.717 [FXGL Background Thread 3 ] DEBUG Engine               - isBrowser: false
12:29:16.717 [FXGL Background Thread 3 ] DEBUG Engine               - isClickFeedbackEnabled: false
12:29:16.717 [FXGL Background Thread 3 ] DEBUG Engine               - isCloseConfirmation: false
12:29:16.718 [FXGL Background Thread 3 ] DEBUG Engine               - isDesktop: true
12:29:16.718 [FXGL Background Thread 3 ] DEBUG Engine               - isDeveloperMenuEnabled: false
12:29:16.718 [FXGL Background Thread 3 ] DEBUG Engine               - isEmbedded: false
12:29:16.718 [FXGL Background Thread 3 ] DEBUG Engine               - isEntityPreloadEnabled: true
12:29:16.718 [FXGL Background Thread 3 ] DEBUG Engine               - isExperimentalTiledLargeMap: false
12:29:16.718 [FXGL Background Thread 3 ] DEBUG Engine               - isFileSystemWriteAllowed: true
12:29:16.718 [FXGL Background Thread 3 ] DEBUG Engine               - isFullScreenAllowed: false
12:29:16.718 [FXGL Background Thread 3 ] DEBUG Engine               - isFullScreenFromStart: false
12:29:16.718 [FXGL Background Thread 3 ] DEBUG Engine               - isGameMenuEnabled: true
12:29:16.718 [FXGL Background Thread 3 ] DEBUG Engine               - isIOS: false
12:29:16.718 [FXGL Background Thread 3 ] DEBUG Engine               - isIntroEnabled: false
12:29:16.718 [FXGL Background Thread 3 ] DEBUG Engine               - isLinux: false
12:29:16.718 [FXGL Background Thread 3 ] DEBUG Engine               - isMac: false
12:29:16.718 [FXGL Background Thread 3 ] DEBUG Engine               - isMainMenuEnabled: false
12:29:16.718 [FXGL Background Thread 3 ] DEBUG Engine               - isManualResizeEnabled: false
12:29:16.718 [FXGL Background Thread 3 ] DEBUG Engine               - isMobile: false
12:29:16.718 [FXGL Background Thread 3 ] DEBUG Engine               - isNative: false
12:29:16.718 [FXGL Background Thread 3 ] DEBUG Engine               - isPauseMusicWhenMinimized: true
12:29:16.718 [FXGL Background Thread 3 ] DEBUG Engine               - isPreserveResizeRatio: false
12:29:16.718 [FXGL Background Thread 3 ] DEBUG Engine               - isProfilingEnabled: false
12:29:16.718 [FXGL Background Thread 3 ] DEBUG Engine               - isScaleAffectedOnResize: true
12:29:16.718 [FXGL Background Thread 3 ] DEBUG Engine               - isSingleStep: false
12:29:16.718 [FXGL Background Thread 3 ] DEBUG Engine               - isUserProfileEnabled: false
12:29:16.718 [FXGL Background Thread 3 ] DEBUG Engine               - isWindows: true
12:29:16.718 [FXGL Background Thread 3 ] DEBUG Engine               - language: ObjectProperty [value: ENGLISH]
12:29:16.718 [FXGL Background Thread 3 ] DEBUG Engine               - menuKey: ESCAPE
12:29:16.718 [FXGL Background Thread 3 ] DEBUG Engine               - mouseSensitivity: 0.2
12:29:16.718 [FXGL Background Thread 3 ] DEBUG Engine               - notificationViewClass: class com.almasb.fxgl.notification.view.XboxNotificationView
12:29:16.718 [FXGL Background Thread 3 ] DEBUG Engine               - pixelsPerMeter: 50.0
12:29:16.718 [FXGL Background Thread 3 ] DEBUG Engine               - platform: WINDOWS
12:29:16.718 [FXGL Background Thread 3 ] DEBUG Engine               - prefHeightProperty: ReadOnlyDoubleProperty [value: 600.0]
12:29:16.718 [FXGL Background Thread 3 ] DEBUG Engine               - prefWidthProperty: ReadOnlyDoubleProperty [value: 800.0]
12:29:16.718 [FXGL Background Thread 3 ] DEBUG Engine               - profileDir: profiles/
12:29:16.718 [FXGL Background Thread 3 ] DEBUG Engine               - profileName: StringProperty [value: DEFAULT]
12:29:16.718 [FXGL Background Thread 3 ] DEBUG Engine               - randomSeed: -1
12:29:16.718 [FXGL Background Thread 3 ] DEBUG Engine               - runtimeInfo: RuntimeInfo(platform=WINDOWS, version=21.1, build=26.03.2024 17.33)
12:29:16.718 [FXGL Background Thread 3 ] DEBUG Engine               - saveFileExt: sav
12:29:16.718 [FXGL Background Thread 3 ] DEBUG Engine               - scaledHeightProp$fxgl: DoubleProperty [bound, value: 600.0]
12:29:16.718 [FXGL Background Thread 3 ] DEBUG Engine               - scaledWidthProp$fxgl: DoubleProperty [bound, value: 800.0]
12:29:16.719 [FXGL Background Thread 3 ] DEBUG Engine               - sceneFactory: com.almasb.fxgl.app.scene.SceneFactory@3c022e6c
12:29:16.719 [FXGL Background Thread 3 ] DEBUG Engine               - secondsIn24h: 60
12:29:16.719 [FXGL Background Thread 3 ] DEBUG Engine               - soundMenuBack: menu/back.wav
12:29:16.719 [FXGL Background Thread 3 ] DEBUG Engine               - soundMenuPress: menu/press.wav
12:29:16.719 [FXGL Background Thread 3 ] DEBUG Engine               - soundMenuSelect: menu/select.wav
12:29:16.719 [FXGL Background Thread 3 ] DEBUG Engine               - soundNotification: core/notification.wav
12:29:16.719 [FXGL Background Thread 3 ] DEBUG Engine               - stageStyle: DECORATED
12:29:16.719 [FXGL Background Thread 3 ] DEBUG Engine               - supportedLanguages: [ENGLISH, FRENCH, GERMAN, HUNGARIAN, RUSSIAN]
12:29:16.719 [FXGL Background Thread 3 ] DEBUG Engine               - ticksPerSecond: -1
12:29:16.719 [FXGL Background Thread 3 ] DEBUG Engine               - title: Among Us UNEG
12:29:16.719 [FXGL Background Thread 3 ] DEBUG Engine               - urlGithub: https://github.com/AlmasB/FXGL
12:29:16.719 [FXGL Background Thread 3 ] DEBUG Engine               - urlLeaderboard: http://fxgl-top.herokuapp.com/
12:29:16.719 [FXGL Background Thread 3 ] DEBUG Engine               - urlPOM: https://raw.githubusercontent.com/AlmasB/FXGL/release/README.md
12:29:16.719 [FXGL Background Thread 3 ] DEBUG Engine               - userAppClass: class main.java.amongUs.AppPrincipal
12:29:16.719 [FXGL Background Thread 3 ] DEBUG Engine               - version: 0.0
12:29:16.719 [FXGL Background Thread 3 ] DEBUG Engine               - versionCheckDays: 7
12:29:16.719 [FXGL Background Thread 3 ] DEBUG Engine               - width: 800
12:29:16.719 [FXGL Background Thread 3 ] DEBUG Engine               - Logging services
12:29:16.719 [FXGL Background Thread 3 ] DEBUG Engine               - class com.almasb.fxgl.app.services.FXGLAssetLoaderService
12:29:16.719 [FXGL Background Thread 3 ] DEBUG Engine               - class com.almasb.fxgl.app.FXGLApplication$GameApplicationService
12:29:16.719 [FXGL Background Thread 3 ] DEBUG Engine               - class com.almasb.fxgl.app.services.FXGLDialogService
12:29:16.719 [FXGL Background Thread 3 ] DEBUG Engine               - class com.almasb.fxgl.app.services.IOTaskExecutorService
12:29:16.719 [FXGL Background Thread 3 ] DEBUG Engine               - class com.almasb.fxgl.io.FileSystemService
12:29:16.719 [FXGL Background Thread 3 ] DEBUG Engine               - class com.almasb.fxgl.localization.LocalizationService
12:29:16.719 [FXGL Background Thread 3 ] DEBUG Engine               - class com.almasb.fxgl.app.services.SystemBundleService
12:29:16.719 [FXGL Background Thread 3 ] DEBUG Engine               - class com.almasb.fxgl.profile.SaveLoadService
12:29:16.719 [FXGL Background Thread 3 ] DEBUG Engine               - class com.almasb.fxgl.ui.FXGLUIFactoryServiceProvider
12:29:16.719 [FXGL Background Thread 3 ] DEBUG Engine               - class com.almasb.fxgl.ui.FXGLDialogFactoryServiceProvider
12:29:16.719 [FXGL Background Thread 3 ] DEBUG Engine               - class com.almasb.fxgl.audio.AudioPlayer
12:29:16.719 [FXGL Background Thread 3 ] DEBUG Engine               - class com.almasb.fxgl.notification.impl.NotificationServiceProvider
12:29:16.719 [FXGL Background Thread 3 ] DEBUG Engine               - class com.almasb.fxgl.achievement.AchievementService
12:29:16.719 [FXGL Background Thread 3 ] DEBUG Engine               - class com.almasb.fxgl.cutscene.CutsceneService
12:29:16.719 [FXGL Background Thread 3 ] DEBUG Engine               - class com.almasb.fxgl.minigames.MiniGameService
12:29:16.719 [FXGL Background Thread 3 ] DEBUG Engine               - class com.almasb.fxgl.net.NetService
12:29:16.719 [FXGL Background Thread 3 ] DEBUG Engine               - class com.almasb.fxgl.app.services.UpdaterService
12:29:16.719 [FXGL Background Thread 3 ] DEBUG Engine               - class com.almasb.fxgl.dev.DevService
12:29:18.667 [JavaFX Application Thread] DEBUG FXGLAssetLoaderServi - Loading from file system: file:/C:/Users/Angelo/proyecto%20Among%20Us/out/production/Among%20Us/assets/sounds/clickBoton.wav
12:29:35.835 [JavaFX Application Thread] DEBUG FXGLAssetLoaderServi - Loading from file system: file:/C:/Users/Angelo/proyecto%20Among%20Us/out/production/Among%20Us/assets/textures/tripulante_blanco.png
12:29:37.919 [JavaFX Application Thread] WARN  TMXLevelLoader       - TiledMap generated from 1.11.2. Supported version: 1.9.0. Some features may not be parsed fully.
12:29:37.934 [JavaFX Application Thread] DEBUG TMXLevelLoader       - Parsed TiledMap: file:/C:/Users/Angelo/proyecto%20Among%20Us/out/production/Among%20Us/assets/levels/mapa1.tmx
12:29:37.934 [JavaFX Application Thread] DEBUG TMXLevelLoader       - Creating tile layer entities
12:29:37.937 [JavaFX Application Thread] DEBUG TilesetLoader        - Loading view for layer fondo
12:29:37.937 [JavaFX Application Thread] DEBUG TilesetLoader        - Created buffer with size 992.0x928.0
12:29:38.007 [JavaFX Application Thread] DEBUG TilesetLoader        - Loading view for layer pasillo
12:29:38.007 [JavaFX Application Thread] DEBUG TilesetLoader        - Created buffer with size 992.0x928.0
12:29:38.011 [JavaFX Application Thread] WARN  TilesetLoader        - Diagonally flipped tiles are not currently supported
12:29:38.018 [JavaFX Application Thread] WARN  TilesetLoader        - Diagonally flipped tiles are not currently supported
12:29:38.018 [JavaFX Application Thread] WARN  TilesetLoader        - Diagonally flipped tiles are not currently supported
12:29:38.020 [JavaFX Application Thread] WARN  TilesetLoader        - Diagonally flipped tiles are not currently supported
12:29:38.020 [JavaFX Application Thread] WARN  TilesetLoader        - Diagonally flipped tiles are not currently supported
12:29:38.023 [JavaFX Application Thread] WARN  TilesetLoader        - Diagonally flipped tiles are not currently supported
12:29:38.025 [JavaFX Application Thread] WARN  TilesetLoader        - Diagonally flipped tiles are not currently supported
12:29:38.025 [JavaFX Application Thread] WARN  TilesetLoader        - Diagonally flipped tiles are not currently supported
12:29:38.026 [JavaFX Application Thread] WARN  TilesetLoader        - Diagonally flipped tiles are not currently supported
12:29:38.027 [JavaFX Application Thread] WARN  TilesetLoader        - Diagonally flipped tiles are not currently supported
12:29:38.028 [JavaFX Application Thread] WARN  TilesetLoader        - Diagonally flipped tiles are not currently supported
12:29:38.031 [JavaFX Application Thread] WARN  TilesetLoader        - Diagonally flipped tiles are not currently supported
12:29:38.031 [JavaFX Application Thread] WARN  TilesetLoader        - Diagonally flipped tiles are not currently supported
12:29:38.031 [JavaFX Application Thread] WARN  TilesetLoader        - Diagonally flipped tiles are not currently supported
12:29:38.033 [JavaFX Application Thread] WARN  TilesetLoader        - Diagonally flipped tiles are not currently supported
12:29:38.033 [JavaFX Application Thread] WARN  TilesetLoader        - Diagonally flipped tiles are not currently supported
12:29:38.033 [JavaFX Application Thread] WARN  TilesetLoader        - Diagonally flipped tiles are not currently supported
12:29:38.033 [JavaFX Application Thread] WARN  TilesetLoader        - Diagonally flipped tiles are not currently supported
12:29:38.033 [JavaFX Application Thread] WARN  TilesetLoader        - Diagonally flipped tiles are not currently supported
12:29:38.033 [JavaFX Application Thread] WARN  TilesetLoader        - Diagonally flipped tiles are not currently supported
12:29:38.036 [JavaFX Application Thread] DEBUG TilesetLoader        - Loading view for layer piso
12:29:38.037 [JavaFX Application Thread] DEBUG TilesetLoader        - Created buffer with size 992.0x928.0
12:29:38.041 [JavaFX Application Thread] DEBUG TilesetLoader        - Loading view for layer detallesdetraspared
12:29:38.042 [JavaFX Application Thread] DEBUG TilesetLoader        - Created buffer with size 992.0x928.0
12:29:38.060 [JavaFX Application Thread] DEBUG TilesetLoader        - Loading view for layer pared1
12:29:38.060 [JavaFX Application Thread] DEBUG TilesetLoader        - Created buffer with size 992.0x928.0
12:29:38.064 [JavaFX Application Thread] DEBUG TilesetLoader        - Loading view for layer pared2
12:29:38.066 [JavaFX Application Thread] DEBUG TilesetLoader        - Created buffer with size 992.0x928.0
12:29:38.068 [JavaFX Application Thread] DEBUG TilesetLoader        - Loading view for layer pared3
12:29:38.068 [JavaFX Application Thread] DEBUG TilesetLoader        - Created buffer with size 992.0x928.0
12:29:38.073 [JavaFX Application Thread] DEBUG TilesetLoader        - Loading view for layer detalles
12:29:38.073 [JavaFX Application Thread] DEBUG TilesetLoader        - Created buffer with size 992.0x928.0
12:29:38.104 [JavaFX Application Thread] DEBUG TilesetLoader        - Loading view for layer detalles2
12:29:38.104 [JavaFX Application Thread] DEBUG TilesetLoader        - Created buffer with size 992.0x928.0
12:29:38.111 [JavaFX Application Thread] DEBUG TilesetLoader        - Loading view for layer camaras
12:29:38.112 [JavaFX Application Thread] DEBUG TilesetLoader        - Created buffer with size 992.0x928.0
12:29:38.114 [JavaFX Application Thread] DEBUG TilesetLoader        - Loading view for layer grieta
12:29:38.115 [JavaFX Application Thread] DEBUG TilesetLoader        - Created buffer with size 992.0x928.0
12:29:38.118 [JavaFX Application Thread] DEBUG TMXLevelLoader       - Creating object layer entities
12:29:38.141 [JavaFX Application Thread] DEBUG GameWorld            - Clearing removable entities
12:29:38.141 [JavaFX Application Thread] DEBUG GameWorld            - Setting level: com.almasb.fxgl.entity.level.Level@734917a3
12:29:38.151 [JavaFX Application Thread] DEBUG FXGLAssetLoaderServi - Loading from file system: file:/C:/Users/Angelo/proyecto%20Among%20Us/out/production/Among%20Us/assets/textures/MonitorDeCamaras.png
12:29:38.163 [JavaFX Application Thread] DEBUG FXGLAssetLoaderServi - Loading from file system: file:/C:/Users/Angelo/proyecto%20Among%20Us/out/production/Among%20Us/assets/textures/flechaAmarillaIzq.png
12:29:38.166 [JavaFX Application Thread] DEBUG FXGLAssetLoaderServi - Loading from file system: file:/C:/Users/Angelo/proyecto%20Among%20Us/out/production/Among%20Us/assets/textures/flechaAmarillaDer.png
12:29:38.171 [JavaFX Application Thread] DEBUG FXGLAssetLoaderServi - Loading from file system: file:/C:/Users/Angelo/proyecto%20Among%20Us/out/production/Among%20Us/assets/textures/animacion_fantasma.png
12:29:38.174 [JavaFX Application Thread] DEBUG FXGLAssetLoaderServi - Loading from file system: file:/C:/Users/Angelo/proyecto%20Among%20Us/out/production/Among%20Us/assets/textures/blanco_muerto.png
12:29:38.174 [JavaFX Application Thread] DEBUG FXGLAssetLoaderServi - Loading from file system: file:/C:/Users/Angelo/proyecto%20Among%20Us/out/production/Among%20Us/assets/textures/animacion_blanco.png
12:29:38.176 [JavaFX Application Thread] DEBUG FXGLAssetLoaderServi - Loading from file system: file:/C:/Users/Angelo/proyecto%20Among%20Us/out/production/Among%20Us/assets/textures/alcantarilla_blanco.png
12:29:38.177 [JavaFX Application Thread] DEBUG FXGLAssetLoaderServi - Loading from file system: file:/C:/Users/Angelo/proyecto%20Among%20Us/out/production/Among%20Us/assets/textures/alcantarilla_blancoE.png
12:29:38.185 [JavaFX Application Thread] DEBUG FXGLAssetLoaderServi - Loading from file system: file:/C:/Users/Angelo/proyecto%20Among%20Us/out/production/Among%20Us/assets/textures/accionNegada.png
12:29:38.189 [JavaFX Application Thread] DEBUG FXGLAssetLoaderServi - Loading from file system: file:/C:/Users/Angelo/proyecto%20Among%20Us/out/production/Among%20Us/assets/textures/reportarNegado.png
12:29:38.193 [JavaFX Application Thread] DEBUG FXGLAssetLoaderServi - Loading from file system: file:/C:/Users/Angelo/proyecto%20Among%20Us/out/production/Among%20Us/assets/textures/matarNegado.png
12:29:38.198 [JavaFX Application Thread] DEBUG FXGLAssetLoaderServi - Loading from file system: file:/C:/Users/Angelo/proyecto%20Among%20Us/out/production/Among%20Us/assets/textures/sabotaje.png
12:29:38.203 [JavaFX Application Thread] DEBUG FXGLAssetLoaderServi - Loading from file system: file:/C:/Users/Angelo/proyecto%20Among%20Us/out/production/Among%20Us/assets/textures/animacion_codigo.png
12:29:38.217 [JavaFX Application Thread] DEBUG FXGLAssetLoaderServi - Loading from file system: file:/C:/Users/Angelo/proyecto%20Among%20Us/out/production/Among%20Us/assets/textures/animacion_datos.png
12:29:38.246 [JavaFX Application Thread] DEBUG FXGLAssetLoaderServi - Loading from file system: file:/C:/Users/Angelo/proyecto%20Among%20Us/out/production/Among%20Us/assets/textures/animacion_temperatura.png
12:29:38.281 [JavaFX Application Thread] DEBUG FXGLAssetLoaderServi - Loading from file system: file:/C:/Users/Angelo/proyecto%20Among%20Us/out/production/Among%20Us/assets/textures/animacion_basura.png
12:29:38.303 [JavaFX Application Thread] WARN  FXGLAssetLoaderServi - Asset "/assets/textures/animacion_reactor.png" was not found!
12:29:38.303 [JavaFX Application Thread] WARN  FXGLAssetLoaderServi - Failed to load IMAGE
12:29:38.312 [JavaFX Application Thread] DEBUG FXGLAssetLoaderServi - Loading from file system: file:/C:/Users/Angelo/proyecto%20Among%20Us/out/production/Among%20Us/assets/textures/barra_0.png
12:29:38.317 [JavaFX Application Thread] DEBUG FXGLAssetLoaderServi - Loading from file system: file:/C:/Users/Angelo/proyecto%20Among%20Us/out/production/Among%20Us/assets/textures/pantalla_impostor.png
12:29:48.821 [JavaFX Application Thread] DEBUG FXGLAssetLoaderServi - Loading from file system: file:/C:/Users/Angelo/proyecto%20Among%20Us/out/production/Among%20Us/assets/textures/accion.png
12:29:49.020 [JavaFX Application Thread] DEBUG FXGLAssetLoaderServi - Loading from file system: file:/C:/Users/Angelo/proyecto%20Among%20Us/out/production/Among%20Us/assets/textures/flechaRojaIzq.png
12:29:49.025 [JavaFX Application Thread] DEBUG FXGLAssetLoaderServi - Loading from file system: file:/C:/Users/Angelo/proyecto%20Among%20Us/out/production/Among%20Us/assets/textures/flechaRojaAbajo.png
12:29:49.925 [JavaFX Application Thread] DEBUG FXGLAssetLoaderServi - Loading from file system: file:/C:/Users/Angelo/proyecto%20Among%20Us/out/production/Among%20Us/assets/textures/flechaRojaDer.png
12:29:57.764 [JavaFX Application Thread] DEBUG FXGLAssetLoaderServi - Loading from file system: file:/C:/Users/Angelo/proyecto%20Among%20Us/out/production/Among%20Us/assets/textures/flechaRojaArriba.png
12:30:01.950 [JavaFX Application Thread] DEBUG FXGLAssetLoaderServi - Loading from file system: file:/C:/Users/Angelo/proyecto%20Among%20Us/out/production/Among%20Us/assets/textures/panel_codigo.png
12:30:13.189 [JavaFX Application Thread] DEBUG FXGLAssetLoaderServi - Loading from file system: file:/C:/Users/Angelo/proyecto%20Among%20Us/out/production/Among%20Us/assets/textures/codigo_final.png
12:30:14.193 [JavaFX Application Thread] DEBUG FXGLAssetLoaderServi - Loading from file system: file:/C:/Users/Angelo/proyecto%20Among%20Us/out/production/Among%20Us/assets/textures/barra_1.png
12:30:32.710 [JavaFX Application Thread] DEBUG FXGLAssetLoaderServi - Loading from file system: file:/C:/Users/Angelo/proyecto%20Among%20Us/out/production/Among%20Us/assets/textures/panel_temperatura.png
12:30:54.258 [JavaFX Application Thread] DEBUG FXGLAssetLoaderServi - Loading from file system: file:/C:/Users/Angelo/proyecto%20Among%20Us/out/production/Among%20Us/assets/textures/temperatura_final.png
12:30:55.264 [JavaFX Application Thread] DEBUG FXGLAssetLoaderServi - Loading from file system: file:/C:/Users/Angelo/proyecto%20Among%20Us/out/production/Among%20Us/assets/textures/barra_2.png
12:31:17.188 [JavaFX Application Thread] DEBUG FXGLAssetLoaderServi - Loading from file system: file:/C:/Users/Angelo/proyecto%20Among%20Us/out/production/Among%20Us/assets/textures/panel_datos.png
12:31:27.956 [JavaFX Application Thread] DEBUG FXGLAssetLoaderServi - Loading from file system: file:/C:/Users/Angelo/proyecto%20Among%20Us/out/production/Among%20Us/assets/textures/datos_terminado.png
12:31:28.961 [JavaFX Application Thread] DEBUG FXGLAssetLoaderServi - Loading from file system: file:/C:/Users/Angelo/proyecto%20Among%20Us/out/production/Among%20Us/assets/textures/barra_3.png
12:31:59.013 [JavaFX Application Thread] DEBUG FXGLAssetLoaderServi - Loading from file system: file:/C:/Users/Angelo/proyecto%20Among%20Us/out/production/Among%20Us/assets/textures/reunion.png
12:32:14.203 [JavaFX Application Thread] DEBUG FXGLAssetLoaderServi - Loading from file system: file:/C:/Users/Angelo/proyecto%20Among%20Us/out/production/Among%20Us/assets/textures/victoria_impostor.png
12:32:18.541 [JavaFX Application Thread] DEBUG FXGLApplication      - Exiting FXGL
12:32:18.541 [JavaFX Application Thread] DEBUG LoopRunner           - Stopping loop
12:32:18.541 [JavaFX Application Thread] DEBUG SystemBundleService  - Saving FXGL system data
12:32:18.544 [JavaFX Application Thread] DEBUG FileSystemAccess     - Writing to: C:\Users\Angelo\proyecto Among Us\system\fxgl.bundle
12:32:18.545 [JavaFX Application Thread] DEBUG Async                - Shutting down background threads
12:32:18.545 [JavaFX Application Thread] DEBUG PrimaryStageWindow   - Closing main window
12:32:18.557 [JavaFX Application Thread] DEBUG Logger               - Closing Logger
