17:19:57.613 [main                     ] DEBUG Logger               - Configured Logger
17:19:57.636 [main                     ] DEBUG GameApplication      - Logging settings
Title: Among Us UNEG
Version: 0.0
Width: 800
Height: 600
Fullscreen: false
Intro: false
Profiling: false
Single step:false
App Mode: DEVELOPER
Menu Key: ESCAPE
Stage Style: DECORATED
Scene Factory: class com.almasb.fxgl.app.scene.SceneFactory

17:19:58.408 [JavaFX Application Thread] DEBUG FXGLApplication      - Initializing FXGL
17:19:58.413 [JavaFX Application Thread] INFO  Engine               - FXGL-21.1 (26.03.2024 17.33) on WINDOWS (J:25.0.2 FX:21.0.1)
17:19:58.414 [JavaFX Application Thread] DEBUG Engine               - JRE Vendor Name: Oracle Corporation
17:19:58.414 [JavaFX Application Thread] DEBUG Engine               - Running on OS: Windows 11 version 10.0
17:19:58.414 [JavaFX Application Thread] DEBUG Engine               - Architecture: amd64
17:19:58.414 [JavaFX Application Thread] INFO  Engine               - Source code and latest versions at: https://github.com/AlmasB/FXGL
17:19:58.415 [JavaFX Application Thread] INFO  Engine               -       Ask questions and discuss at: https://github.com/AlmasB/FXGL/discussions
17:19:58.415 [JavaFX Application Thread] INFO  Engine               -              Join the FXGL chat at: https://gitter.im/AlmasB/FXGL
17:19:58.598 [JavaFX Application Thread] DEBUG PrimaryStageWindow   - Creating a JavaFX scene
17:19:58.845 [JavaFX Application Thread] DEBUG PrimaryStageWindow   - Target settings size: 800.0 x 600.0
17:19:58.845 [JavaFX Application Thread] DEBUG PrimaryStageWindow   - Scaled scene size:    800.0 x 600.0
17:19:58.845 [JavaFX Application Thread] DEBUG PrimaryStageWindow   - Scaled ratio: (1.0, 1.0)
17:19:58.847 [JavaFX Application Thread] DEBUG PrimaryStageWindow   - Set initial scene to FXGLStartupScene
17:19:58.853 [JavaFX Application Thread] DEBUG PrimaryStageWindow   - Opening main window
17:19:59.041 [JavaFX Application Thread] DEBUG PrimaryStageWindow   - Window border size: (16.0, 39.0)
17:19:59.041 [JavaFX Application Thread] DEBUG PrimaryStageWindow   - Scaled size: 800.0 x 600.0
17:19:59.041 [JavaFX Application Thread] DEBUG PrimaryStageWindow   - Scaled ratio: (1.0, 1.0)
17:19:59.041 [JavaFX Application Thread] DEBUG PrimaryStageWindow   - Scene size: 800.0 x 600.0
17:19:59.041 [JavaFX Application Thread] DEBUG PrimaryStageWindow   - Stage size: 816.0 x 639.0
17:19:59.075 [FXGL Background Thread 1 ] DEBUG Engine               - Initializing environment variables
17:19:59.254 [FXGL Background Thread 1 ] DEBUG FXGLAssetLoaderServi - User app class for loading assets: class main.java.amongUs.AppPrincipal
17:19:59.255 [FXGL Background Thread 1 ] DEBUG GameApplicationServi - Applying CSS: fxgl_dark.css
17:19:59.256 [FXGL Background Thread 1 ] DEBUG FXGLAssetLoaderServi - Loading from file system: jar:file:/C:/Users/josue/OneDrive/Desktop/proyecto%20java/Among%20Us/lib/fxgl-21.1-uber.jar!/fxglassets/ui/css/fxgl_dark.css
17:19:59.366 [FXGL Background Thread 1 ] DEBUG GameApplicationServi - Initializing application scenes
17:19:59.622 [FXGL Background Thread 1 ] DEBUG GameWorld            - Game world initialized
17:19:59.709 [FXGL Background Thread 1 ] DEBUG PhysicsWorld         - Physics world initialized: appHeight=600, physics.ppm=50,0
17:19:59.710 [FXGL Background Thread 1 ] DEBUG PhysicsWorld         - Using strategy: BRUTE_FORCE
17:19:59.718 [FXGL Background Thread 1 ] DEBUG GameScene            - Game scene initialized: 800x600
17:19:59.749 [FXGL Background Thread 1 ] DEBUG FXGL.DefaultMenu     - createMenuBodyGameMenu()
17:19:59.775 [FXGL Background Thread 1 ] DEBUG FXGL.DefaultMenu     - createOptionsMenu()
17:19:59.810 [FXGL Background Thread 1 ] DEBUG FXGLAssetLoaderServi - Loading from file system: jar:file:/C:/Users/josue/OneDrive/Desktop/proyecto%20java/Among%20Us/lib/fxgl-21.1-uber.jar!/fxglassets/textures/particles/smoke.png
17:19:59.975 [FXGL Background Thread 1 ] DEBUG FXGLAssetLoaderServi - Loading from file system: jar:file:/C:/Users/josue/OneDrive/Desktop/proyecto%20java/Among%20Us/lib/fxgl-21.1-uber.jar!/fxglassets/textures/particles/trace_horizontal.png
17:20:00.044 [FXGL Background Thread 1 ] DEBUG GameApplicationServi - Application scenes initialized
17:20:00.069 [FXGL Background Thread 1 ] DEBUG SystemBundleService  - Loading FXGL system data
17:20:00.077 [FXGL Background Thread 1 ] DEBUG FileSystemAccess     - Reading from: C:\Users\josue\OneDrive\Desktop\proyecto java\Among Us\system\fxgl.bundle
17:20:00.086 [FXGL Background Thread 1 ] DEBUG SystemBundleService  - Bundle FXGL: {}
17:20:00.086 [FXGL Background Thread 1 ] DEBUG UpdaterService       - Checking for updates
17:20:00.095 [FXGL Background Thread 1 ] DEBUG FXGLApplication      - Loading default localization
17:20:00.096 [FXGL Background Thread 1 ] DEBUG FXGLAssetLoaderServi - Loading from file system: jar:file:/C:/Users/josue/OneDrive/Desktop/proyecto%20java/Among%20Us/lib/fxgl-21.1-uber.jar!/fxglassets/languages/english.lang
17:20:00.156 [FXGL Background Thread 1 ] INFO  FXGLApplication      - FXGL initialization took: 1,081 sec
17:20:00.171 [JavaFX Application Thread] DEBUG Input                - Registered new binding: Mover Arriba - W
17:20:00.172 [JavaFX Application Thread] DEBUG Input                - Registered new binding: Mover Abajo - S
17:20:00.172 [JavaFX Application Thread] DEBUG Input                - Registered new binding: Mover Izquierda - A
17:20:00.173 [JavaFX Application Thread] DEBUG Input                - Registered new binding: Mover Derecha - D
17:20:00.173 [JavaFX Application Thread] DEBUG Input                - Registered new binding: Abrir Camaras - C
17:20:00.173 [JavaFX Application Thread] DEBUG Input                - Registered new binding: Usar Alcantarilla - Space
17:20:00.173 [JavaFX Application Thread] DEBUG Input                - Registered new binding: Vent Izquierda - Left
17:20:00.173 [JavaFX Application Thread] DEBUG Input                - Registered new binding: Vent Derecha - Right
17:20:00.174 [JavaFX Application Thread] DEBUG Input                - Registered new binding: Vent Arriba - Up
17:20:00.174 [JavaFX Application Thread] DEBUG Input                - Registered new binding: Vent Abajo - Down
17:20:00.174 [JavaFX Application Thread] DEBUG Input                - Registered new binding: Matar Jugador - Q
17:20:00.175 [JavaFX Application Thread] DEBUG FXGLAssetLoaderServi - Loading from file system: file:/C:/Users/josue/OneDrive/Desktop/proyecto%20java/Among%20Us/out/production/Among%20Us/assets/textures/icono.png
17:20:00.360 [FXGL Background Thread 4 ] DEBUG FXGLApplication      - Loading fonts
17:20:00.361 [FXGL Background Thread 4 ] DEBUG FXGLAssetLoaderServi - Loading from file system: jar:file:/C:/Users/josue/OneDrive/Desktop/proyecto%20java/Among%20Us/lib/fxgl-21.1-uber.jar!/fxglassets/ui/fonts/VarelaRound-Regular.ttf
17:20:00.379 [JavaFX Application Thread] DEBUG FXGLAssetLoaderServi - Loading from file system: jar:file:/C:/Users/josue/OneDrive/Desktop/proyecto%20java/Among%20Us/lib/fxgl-21.1-uber.jar!/fxglassets/textures/fxgl_default_cursor.png
17:20:00.388 [JavaFX Application Thread] DEBUG Input                - Registered new binding: Screenshot - CTRL+8
17:20:00.389 [JavaFX Application Thread] DEBUG Input                - Registered new binding: System info dump - CTRL+9
17:20:00.391 [JavaFX Application Thread] DEBUG Input                - Registered new binding: Restart - CTRL+R
17:20:00.394 [JavaFX Application Thread] DEBUG Input                - Registered new binding: Toggle Debug Camera - CTRL+7
17:20:00.407 [JavaFX Application Thread] DEBUG LoopRunner           - Starting loop
17:20:00.407 [JavaFX Application Thread] DEBUG LoopRunner           - Initializing JavaFX AnimationTimerLoop
17:20:00.409 [JavaFX Application Thread] DEBUG GameApplicationServi - Starting new game
17:20:00.409 [JavaFX Application Thread] DEBUG Input                - Clearing active input actions
17:20:00.442 [JavaFX Application Thread] DEBUG GameApplicationServi - Removing overlay from FXGLStartupScene and adding to FXGLLoadingScene
17:20:00.443 [JavaFX Application Thread] DEBUG PrimaryStageWindow   - FXGLStartupScene -> FXGLLoadingScene
17:20:00.443 [JavaFX Application Thread] DEBUG GameApplicationServi - Clearing previous game
17:20:00.443 [JavaFX Application Thread] DEBUG GameScene            - Clearing game scene
17:20:00.443 [JavaFX Application Thread] DEBUG GameWorld            - Clearing game world
17:20:00.443 [JavaFX Application Thread] DEBUG PhysicsWorld         - Clearing physics world
17:20:00.446 [FXGL Background Thread 1 ] DEBUG FXGLApplication      - Initializing game
17:20:00.456 [FXGL Background Thread 1 ] DEBUG FXGLAssetLoaderServi - Loading from file system: file:/C:/Users/josue/OneDrive/Desktop/proyecto%20java/Among%20Us/out/production/Among%20Us/assets/music/musicaMenu.mp3
17:20:00.837 [FXGL Background Thread 1 ] DEBUG AudioPlayer          - Playing music com.almasb.fxgl.audio.Music@34d359a2
17:20:01.525 [FXGL Background Thread 4 ] DEBUG FXGLAssetLoaderServi - Loading from file system: jar:file:/C:/Users/josue/OneDrive/Desktop/proyecto%20java/Among%20Us/lib/fxgl-21.1-uber.jar!/fxglassets/ui/fonts/Abel-Regular.ttf
17:20:01.589 [FXGL Background Thread 4 ] DEBUG FXGLAssetLoaderServi - Loading from file system: jar:file:/C:/Users/josue/OneDrive/Desktop/proyecto%20java/Among%20Us/lib/fxgl-21.1-uber.jar!/fxglassets/ui/fonts/TerminalLandMono-Regular.otf
17:20:01.597 [FXGL Background Thread 4 ] DEBUG FXGLAssetLoaderServi - Loading from file system: jar:file:/C:/Users/josue/OneDrive/Desktop/proyecto%20java/Among%20Us/lib/fxgl-21.1-uber.jar!/fxglassets/ui/fonts/Courier-Prime.ttf
17:20:01.653 [FXGL Background Thread 1 ] INFO  FXGLApplication      - Game initialization took: 1,205 sec
17:20:01.752 [JavaFX Application Thread] DEBUG FXGLApplication      - Registering font factories with UI factory
17:20:01.755 [JavaFX Application Thread] DEBUG Input                - Clearing active input actions
17:20:01.782 [JavaFX Application Thread] DEBUG GameApplicationServi - Removing overlay from FXGLLoadingScene and adding to GameScene
17:20:01.783 [JavaFX Application Thread] DEBUG PrimaryStageWindow   - FXGLLoadingScene -> GameScene
17:20:02.591 [FXGL Background Thread 2 ] INFO  UpdaterService       - Your current version:  21.1
17:20:02.591 [FXGL Background Thread 2 ] INFO  UpdaterService       - Latest stable version: 25
17:20:03.093 [FXGL Background Thread 3 ] DEBUG Engine               - Logging environment variables
17:20:03.093 [FXGL Background Thread 3 ] DEBUG Engine               - achievements: []
17:20:03.094 [FXGL Background Thread 3 ] DEBUG Engine               - actualHeight: 600.0
17:20:03.094 [FXGL Background Thread 3 ] DEBUG Engine               - actualHeightProperty: ReadOnlyDoubleProperty [value: 600.0]
17:20:03.094 [FXGL Background Thread 3 ] DEBUG Engine               - actualWidth: 800.0
17:20:03.094 [FXGL Background Thread 3 ] DEBUG Engine               - actualWidthProperty: ReadOnlyDoubleProperty [value: 800.0]
17:20:03.094 [FXGL Background Thread 3 ] DEBUG Engine               - appIcon: icono.png
17:20:03.094 [FXGL Background Thread 3 ] DEBUG Engine               - applicationMode: DEVELOPER
17:20:03.094 [FXGL Background Thread 3 ] DEBUG Engine               - cSSList: [fxgl_dark.css]
17:20:03.094 [FXGL Background Thread 3 ] DEBUG Engine               - collisionDetectionStrategy: BRUTE_FORCE
17:20:03.094 [FXGL Background Thread 3 ] DEBUG Engine               - configClass: Optional.empty
17:20:03.094 [FXGL Background Thread 3 ] DEBUG Engine               - credits: []
17:20:03.094 [FXGL Background Thread 3 ] DEBUG Engine               - defaultCursor: CursorInfo(imageName=fxgl_default_cursor.png, hotspotX=7.0, hotspotY=6.0)
17:20:03.095 [FXGL Background Thread 3 ] DEBUG Engine               - devBBoxColorProperty: ObjectProperty [value: 0xff0000ff]
17:20:03.095 [FXGL Background Thread 3 ] DEBUG Engine               - devEnableDebugCameraProperty: BooleanProperty [value: false]
17:20:03.095 [FXGL Background Thread 3 ] DEBUG Engine               - devSensorColorProperty: ObjectProperty [value: 0xffff00ff]
17:20:03.095 [FXGL Background Thread 3 ] DEBUG Engine               - devShowBBoxProperty: BooleanProperty [value: false]
17:20:03.095 [FXGL Background Thread 3 ] DEBUG Engine               - devShowPositionProperty: BooleanProperty [value: false]
17:20:03.095 [FXGL Background Thread 3 ] DEBUG Engine               - enabledMenuItems: []
17:20:03.095 [FXGL Background Thread 3 ] DEBUG Engine               - engineServices: [class com.almasb.fxgl.app.services.FXGLAssetLoaderService, class com.almasb.fxgl.app.FXGLApplication$GameApplicationService, class com.almasb.fxgl.app.services.FXGLDialogService, class com.almasb.fxgl.app.services.IOTaskExecutorService, class com.almasb.fxgl.io.FileSystemService, class com.almasb.fxgl.localization.LocalizationService, class com.almasb.fxgl.app.services.SystemBundleService, class com.almasb.fxgl.profile.SaveLoadService, class com.almasb.fxgl.ui.FXGLUIFactoryServiceProvider, class com.almasb.fxgl.ui.FXGLDialogFactoryServiceProvider, class com.almasb.fxgl.audio.AudioPlayer, class com.almasb.fxgl.notification.impl.NotificationServiceProvider, class com.almasb.fxgl.achievement.AchievementService, class com.almasb.fxgl.cutscene.CutsceneService, class com.almasb.fxgl.minigames.MiniGameService, class com.almasb.fxgl.net.NetService, class com.almasb.fxgl.app.services.UpdaterService, class com.almasb.fxgl.dev.DevService]
17:20:03.095 [FXGL Background Thread 3 ] DEBUG Engine               - fontGame: Abel-Regular.ttf
17:20:03.095 [FXGL Background Thread 3 ] DEBUG Engine               - fontMono: TerminalLandMono-Regular.otf
17:20:03.095 [FXGL Background Thread 3 ] DEBUG Engine               - fontSizeScaleUI: 1.0
17:20:03.095 [FXGL Background Thread 3 ] DEBUG Engine               - fontText: Courier-Prime.ttf
17:20:03.095 [FXGL Background Thread 3 ] DEBUG Engine               - fontUI: VarelaRound-Regular.ttf
17:20:03.095 [FXGL Background Thread 3 ] DEBUG Engine               - fullScreen: BooleanProperty [value: false]
17:20:03.095 [FXGL Background Thread 3 ] DEBUG Engine               - gameDifficulty: MEDIUM
17:20:03.095 [FXGL Background Thread 3 ] DEBUG Engine               - gameDifficultyProperty: ObjectProperty [value: MEDIUM]
17:20:03.096 [FXGL Background Thread 3 ] DEBUG Engine               - globalMusicVolume: 0.5
17:20:03.096 [FXGL Background Thread 3 ] DEBUG Engine               - globalMusicVolumeProperty: DoubleProperty [value: 0.4]
17:20:03.096 [FXGL Background Thread 3 ] DEBUG Engine               - globalSoundVolume: 0.5
17:20:03.096 [FXGL Background Thread 3 ] DEBUG Engine               - globalSoundVolumeProperty: DoubleProperty [value: 0.5]
17:20:03.096 [FXGL Background Thread 3 ] DEBUG Engine               - height: 600
17:20:03.096 [FXGL Background Thread 3 ] DEBUG Engine               - is3D: false
17:20:03.096 [FXGL Background Thread 3 ] DEBUG Engine               - isAndroid: false
17:20:03.096 [FXGL Background Thread 3 ] DEBUG Engine               - isBrowser: false
17:20:03.096 [FXGL Background Thread 3 ] DEBUG Engine               - isClickFeedbackEnabled: false
17:20:03.096 [FXGL Background Thread 3 ] DEBUG Engine               - isCloseConfirmation: false
17:20:03.096 [FXGL Background Thread 3 ] DEBUG Engine               - isDesktop: true
17:20:03.096 [FXGL Background Thread 3 ] DEBUG Engine               - isDeveloperMenuEnabled: false
17:20:03.096 [FXGL Background Thread 3 ] DEBUG Engine               - isEmbedded: false
17:20:03.096 [FXGL Background Thread 3 ] DEBUG Engine               - isEntityPreloadEnabled: true
17:20:03.096 [FXGL Background Thread 3 ] DEBUG Engine               - isExperimentalTiledLargeMap: false
17:20:03.096 [FXGL Background Thread 3 ] DEBUG Engine               - isFileSystemWriteAllowed: true
17:20:03.097 [FXGL Background Thread 3 ] DEBUG Engine               - isFullScreenAllowed: false
17:20:03.097 [FXGL Background Thread 3 ] DEBUG Engine               - isFullScreenFromStart: false
17:20:03.097 [FXGL Background Thread 3 ] DEBUG Engine               - isGameMenuEnabled: true
17:20:03.097 [FXGL Background Thread 3 ] DEBUG Engine               - isIOS: false
17:20:03.097 [FXGL Background Thread 3 ] DEBUG Engine               - isIntroEnabled: false
17:20:03.097 [FXGL Background Thread 3 ] DEBUG Engine               - isLinux: false
17:20:03.097 [FXGL Background Thread 3 ] DEBUG Engine               - isMac: false
17:20:03.097 [FXGL Background Thread 3 ] DEBUG Engine               - isMainMenuEnabled: false
17:20:03.097 [FXGL Background Thread 3 ] DEBUG Engine               - isManualResizeEnabled: false
17:20:03.097 [FXGL Background Thread 3 ] DEBUG Engine               - isMobile: false
17:20:03.097 [FXGL Background Thread 3 ] DEBUG Engine               - isNative: false
17:20:03.097 [FXGL Background Thread 3 ] DEBUG Engine               - isPauseMusicWhenMinimized: true
17:20:03.097 [FXGL Background Thread 3 ] DEBUG Engine               - isPreserveResizeRatio: false
17:20:03.097 [FXGL Background Thread 3 ] DEBUG Engine               - isProfilingEnabled: false
17:20:03.097 [FXGL Background Thread 3 ] DEBUG Engine               - isScaleAffectedOnResize: true
17:20:03.097 [FXGL Background Thread 3 ] DEBUG Engine               - isSingleStep: false
17:20:03.097 [FXGL Background Thread 3 ] DEBUG Engine               - isUserProfileEnabled: false
17:20:03.097 [FXGL Background Thread 3 ] DEBUG Engine               - isWindows: true
17:20:03.097 [FXGL Background Thread 3 ] DEBUG Engine               - language: ObjectProperty [value: ENGLISH]
17:20:03.098 [FXGL Background Thread 3 ] DEBUG Engine               - menuKey: ESCAPE
17:20:03.098 [FXGL Background Thread 3 ] DEBUG Engine               - mouseSensitivity: 0.2
17:20:03.098 [FXGL Background Thread 3 ] DEBUG Engine               - notificationViewClass: class com.almasb.fxgl.notification.view.XboxNotificationView
17:20:03.098 [FXGL Background Thread 3 ] DEBUG Engine               - pixelsPerMeter: 50.0
17:20:03.098 [FXGL Background Thread 3 ] DEBUG Engine               - platform: WINDOWS
17:20:03.098 [FXGL Background Thread 3 ] DEBUG Engine               - prefHeightProperty: ReadOnlyDoubleProperty [value: 600.0]
17:20:03.098 [FXGL Background Thread 3 ] DEBUG Engine               - prefWidthProperty: ReadOnlyDoubleProperty [value: 800.0]
17:20:03.098 [FXGL Background Thread 3 ] DEBUG Engine               - profileDir: profiles/
17:20:03.098 [FXGL Background Thread 3 ] DEBUG Engine               - profileName: StringProperty [value: DEFAULT]
17:20:03.098 [FXGL Background Thread 3 ] DEBUG Engine               - randomSeed: -1
17:20:03.098 [FXGL Background Thread 3 ] DEBUG Engine               - runtimeInfo: RuntimeInfo(platform=WINDOWS, version=21.1, build=26.03.2024 17.33)
17:20:03.098 [FXGL Background Thread 3 ] DEBUG Engine               - saveFileExt: sav
17:20:03.098 [FXGL Background Thread 3 ] DEBUG Engine               - scaledHeightProp$fxgl: DoubleProperty [bound, value: 600.0]
17:20:03.099 [FXGL Background Thread 3 ] DEBUG Engine               - scaledWidthProp$fxgl: DoubleProperty [bound, value: 800.0]
17:20:03.099 [FXGL Background Thread 3 ] DEBUG Engine               - sceneFactory: com.almasb.fxgl.app.scene.SceneFactory@70c113f0
17:20:03.099 [FXGL Background Thread 3 ] DEBUG Engine               - secondsIn24h: 60
17:20:03.099 [FXGL Background Thread 3 ] DEBUG Engine               - soundMenuBack: menu/back.wav
17:20:03.099 [FXGL Background Thread 3 ] DEBUG Engine               - soundMenuPress: menu/press.wav
17:20:03.099 [FXGL Background Thread 3 ] DEBUG Engine               - soundMenuSelect: menu/select.wav
17:20:03.099 [FXGL Background Thread 3 ] DEBUG Engine               - soundNotification: core/notification.wav
17:20:03.099 [FXGL Background Thread 3 ] DEBUG Engine               - stageStyle: DECORATED
17:20:03.099 [FXGL Background Thread 3 ] DEBUG Engine               - supportedLanguages: [ENGLISH, FRENCH, GERMAN, HUNGARIAN, RUSSIAN]
17:20:03.099 [FXGL Background Thread 3 ] DEBUG Engine               - ticksPerSecond: -1
17:20:03.099 [FXGL Background Thread 3 ] DEBUG Engine               - title: Among Us UNEG
17:20:03.099 [FXGL Background Thread 3 ] DEBUG Engine               - urlGithub: https://github.com/AlmasB/FXGL
17:20:03.099 [FXGL Background Thread 3 ] DEBUG Engine               - urlLeaderboard: http://fxgl-top.herokuapp.com/
17:20:03.099 [FXGL Background Thread 3 ] DEBUG Engine               - urlPOM: https://raw.githubusercontent.com/AlmasB/FXGL/release/README.md
17:20:03.099 [FXGL Background Thread 3 ] DEBUG Engine               - userAppClass: class main.java.amongUs.AppPrincipal
17:20:03.099 [FXGL Background Thread 3 ] DEBUG Engine               - version: 0.0
17:20:03.099 [FXGL Background Thread 3 ] DEBUG Engine               - versionCheckDays: 7
17:20:03.100 [FXGL Background Thread 3 ] DEBUG Engine               - width: 800
17:20:03.100 [FXGL Background Thread 3 ] DEBUG Engine               - Logging services
17:20:03.100 [FXGL Background Thread 3 ] DEBUG Engine               - class com.almasb.fxgl.app.services.FXGLAssetLoaderService
17:20:03.100 [FXGL Background Thread 3 ] DEBUG Engine               - class com.almasb.fxgl.app.FXGLApplication$GameApplicationService
17:20:03.100 [FXGL Background Thread 3 ] DEBUG Engine               - class com.almasb.fxgl.app.services.FXGLDialogService
17:20:03.100 [FXGL Background Thread 3 ] DEBUG Engine               - class com.almasb.fxgl.app.services.IOTaskExecutorService
17:20:03.100 [FXGL Background Thread 3 ] DEBUG Engine               - class com.almasb.fxgl.io.FileSystemService
17:20:03.100 [FXGL Background Thread 3 ] DEBUG Engine               - class com.almasb.fxgl.localization.LocalizationService
17:20:03.100 [FXGL Background Thread 3 ] DEBUG Engine               - class com.almasb.fxgl.app.services.SystemBundleService
17:20:03.100 [FXGL Background Thread 3 ] DEBUG Engine               - class com.almasb.fxgl.profile.SaveLoadService
17:20:03.100 [FXGL Background Thread 3 ] DEBUG Engine               - class com.almasb.fxgl.ui.FXGLUIFactoryServiceProvider
17:20:03.100 [FXGL Background Thread 3 ] DEBUG Engine               - class com.almasb.fxgl.ui.FXGLDialogFactoryServiceProvider
17:20:03.100 [FXGL Background Thread 3 ] DEBUG Engine               - class com.almasb.fxgl.audio.AudioPlayer
17:20:03.100 [FXGL Background Thread 3 ] DEBUG Engine               - class com.almasb.fxgl.notification.impl.NotificationServiceProvider
17:20:03.100 [FXGL Background Thread 3 ] DEBUG Engine               - class com.almasb.fxgl.achievement.AchievementService
17:20:03.100 [FXGL Background Thread 3 ] DEBUG Engine               - class com.almasb.fxgl.cutscene.CutsceneService
17:20:03.100 [FXGL Background Thread 3 ] DEBUG Engine               - class com.almasb.fxgl.minigames.MiniGameService
17:20:03.100 [FXGL Background Thread 3 ] DEBUG Engine               - class com.almasb.fxgl.net.NetService
17:20:03.100 [FXGL Background Thread 3 ] DEBUG Engine               - class com.almasb.fxgl.app.services.UpdaterService
17:20:03.100 [FXGL Background Thread 3 ] DEBUG Engine               - class com.almasb.fxgl.dev.DevService
17:20:04.699 [JavaFX Application Thread] DEBUG FXGLAssetLoaderServi - Loading from file system: file:/C:/Users/josue/OneDrive/Desktop/proyecto%20java/Among%20Us/out/production/Among%20Us/assets/sounds/clickBoton.wav
17:20:10.474 [JavaFX Application Thread] DEBUG FXGLAssetLoaderServi - Loading from file system: file:/C:/Users/josue/OneDrive/Desktop/proyecto%20java/Among%20Us/out/production/Among%20Us/assets/textures/tripulante_blanco.png
17:20:10.998 [JavaFX Application Thread] WARN  TMXLevelLoader       - TiledMap generated from 1.11.2. Supported version: 1.9.0. Some features may not be parsed fully.
17:20:11.068 [JavaFX Application Thread] DEBUG TMXLevelLoader       - Parsed TiledMap: file:/C:/Users/josue/OneDrive/Desktop/proyecto%20java/Among%20Us/out/production/Among%20Us/assets/levels/mapa2.tmx
17:20:11.069 [JavaFX Application Thread] DEBUG TMXLevelLoader       - Creating tile layer entities
17:20:11.073 [JavaFX Application Thread] DEBUG TilesetLoader        - Loading view for layer fondo1
17:20:11.074 [JavaFX Application Thread] DEBUG TilesetLoader        - Created buffer with size 992.0x960.0
17:20:11.093 [JavaFX Application Thread] DEBUG TilesetLoader        - Loading view for layer fondo
17:20:11.095 [JavaFX Application Thread] DEBUG TilesetLoader        - Created buffer with size 992.0x960.0
17:20:11.099 [JavaFX Application Thread] DEBUG TilesetLoader        - Loading view for layer piso
17:20:11.099 [JavaFX Application Thread] DEBUG TilesetLoader        - Created buffer with size 992.0x960.0
17:20:11.105 [JavaFX Application Thread] DEBUG TilesetLoader        - Loading view for layer piso1
17:20:11.106 [JavaFX Application Thread] DEBUG TilesetLoader        - Created buffer with size 992.0x960.0
17:20:11.113 [JavaFX Application Thread] DEBUG TilesetLoader        - Loading view for layer izquierda
17:20:11.115 [JavaFX Application Thread] DEBUG TilesetLoader        - Created buffer with size 992.0x960.0
17:20:11.122 [JavaFX Application Thread] DEBUG TilesetLoader        - Loading view for layer detallesatraspared
17:20:11.123 [JavaFX Application Thread] DEBUG TilesetLoader        - Created buffer with size 992.0x960.0
17:20:11.161 [JavaFX Application Thread] DEBUG TilesetLoader        - Loading view for layer pared2
17:20:11.162 [JavaFX Application Thread] DEBUG TilesetLoader        - Created buffer with size 992.0x960.0
17:20:11.184 [JavaFX Application Thread] DEBUG TilesetLoader        - Loading view for layer techo1
17:20:11.184 [JavaFX Application Thread] DEBUG TilesetLoader        - Created buffer with size 992.0x960.0
17:20:11.189 [JavaFX Application Thread] DEBUG TilesetLoader        - Loading view for layer techo2
17:20:11.191 [JavaFX Application Thread] DEBUG TilesetLoader        - Created buffer with size 992.0x960.0
17:20:11.201 [JavaFX Application Thread] DEBUG TilesetLoader        - Loading view for layer puertita
17:20:11.202 [JavaFX Application Thread] DEBUG TilesetLoader        - Created buffer with size 992.0x960.0
17:20:11.203 [JavaFX Application Thread] DEBUG TilesetLoader        - Loading view for layer puerta
17:20:11.205 [JavaFX Application Thread] DEBUG TilesetLoader        - Created buffer with size 992.0x960.0
17:20:11.209 [JavaFX Application Thread] DEBUG TilesetLoader        - Loading view for layer detalles
17:20:11.209 [JavaFX Application Thread] DEBUG TilesetLoader        - Created buffer with size 992.0x960.0
17:20:11.227 [JavaFX Application Thread] DEBUG TilesetLoader        - Loading view for layer detalles 2
17:20:11.228 [JavaFX Application Thread] DEBUG TilesetLoader        - Created buffer with size 992.0x960.0
17:20:11.244 [JavaFX Application Thread] DEBUG TilesetLoader        - Loading view for layer detalles3
17:20:11.245 [JavaFX Application Thread] DEBUG TilesetLoader        - Created buffer with size 992.0x960.0
17:20:11.281 [JavaFX Application Thread] DEBUG TilesetLoader        - Loading view for layer grieta
17:20:11.282 [JavaFX Application Thread] DEBUG TilesetLoader        - Created buffer with size 992.0x960.0
17:20:11.284 [JavaFX Application Thread] DEBUG TilesetLoader        - Loading view for layer camaras
17:20:11.284 [JavaFX Application Thread] DEBUG TilesetLoader        - Created buffer with size 992.0x960.0
17:20:11.288 [JavaFX Application Thread] DEBUG TilesetLoader        - Loading view for layer Techo
17:20:11.289 [JavaFX Application Thread] DEBUG TilesetLoader        - Created buffer with size 992.0x960.0
17:20:11.291 [JavaFX Application Thread] DEBUG TMXLevelLoader       - Creating object layer entities
17:20:11.376 [JavaFX Application Thread] DEBUG GameWorld            - Clearing removable entities
17:20:11.377 [JavaFX Application Thread] DEBUG GameWorld            - Setting level: com.almasb.fxgl.entity.level.Level@29acb4ff
17:20:11.414 [JavaFX Application Thread] DEBUG FXGLAssetLoaderServi - Loading from file system: file:/C:/Users/josue/OneDrive/Desktop/proyecto%20java/Among%20Us/out/production/Among%20Us/assets/textures/MonitorDeCamaras.png
17:20:11.433 [JavaFX Application Thread] DEBUG FXGLAssetLoaderServi - Loading from file system: file:/C:/Users/josue/OneDrive/Desktop/proyecto%20java/Among%20Us/out/production/Among%20Us/assets/textures/flechaAmarillaIzq.png
17:20:11.435 [JavaFX Application Thread] DEBUG FXGLAssetLoaderServi - Loading from file system: file:/C:/Users/josue/OneDrive/Desktop/proyecto%20java/Among%20Us/out/production/Among%20Us/assets/textures/flechaAmarillaDer.png
17:20:11.447 [JavaFX Application Thread] DEBUG FXGLAssetLoaderServi - Loading from file system: file:/C:/Users/josue/OneDrive/Desktop/proyecto%20java/Among%20Us/out/production/Among%20Us/assets/textures/fantasma.png
17:20:11.449 [JavaFX Application Thread] DEBUG FXGLAssetLoaderServi - Loading from file system: file:/C:/Users/josue/OneDrive/Desktop/proyecto%20java/Among%20Us/out/production/Among%20Us/assets/textures/blanco_muerto.png
17:20:11.452 [JavaFX Application Thread] DEBUG FXGLAssetLoaderServi - Loading from file system: file:/C:/Users/josue/OneDrive/Desktop/proyecto%20java/Among%20Us/out/production/Among%20Us/assets/textures/animacion_blanco.png
17:20:11.453 [JavaFX Application Thread] DEBUG FXGLAssetLoaderServi - Loading from file system: file:/C:/Users/josue/OneDrive/Desktop/proyecto%20java/Among%20Us/out/production/Among%20Us/assets/textures/alcantarilla_blanco.png
17:20:11.454 [JavaFX Application Thread] DEBUG FXGLAssetLoaderServi - Loading from file system: file:/C:/Users/josue/OneDrive/Desktop/proyecto%20java/Among%20Us/out/production/Among%20Us/assets/textures/alcantarilla_blancoE.png
17:20:11.469 [JavaFX Application Thread] DEBUG FXGLAssetLoaderServi - Loading from file system: file:/C:/Users/josue/OneDrive/Desktop/proyecto%20java/Among%20Us/out/production/Among%20Us/assets/textures/accionNegada.png
17:20:11.478 [JavaFX Application Thread] DEBUG FXGLAssetLoaderServi - Loading from file system: file:/C:/Users/josue/OneDrive/Desktop/proyecto%20java/Among%20Us/out/production/Among%20Us/assets/textures/animacion_extintor.png
17:20:11.498 [JavaFX Application Thread] DEBUG FXGLAssetLoaderServi - Loading from file system: file:/C:/Users/josue/OneDrive/Desktop/proyecto%20java/Among%20Us/out/production/Among%20Us/assets/textures/barra_0.png
17:20:11.505 [JavaFX Application Thread] DEBUG FXGLAssetLoaderServi - Loading from file system: file:/C:/Users/josue/OneDrive/Desktop/proyecto%20java/Among%20Us/out/production/Among%20Us/assets/textures/pantalla_tripulante.png
17:20:16.009 [JavaFX Application Thread] DEBUG PrimaryStageWindow   - Push state: FXGLDefaultMenu
17:20:16.015 [JavaFX Application Thread] DEBUG Input                - Clearing active input actions
17:20:16.019 [JavaFX Application Thread] DEBUG GameApplicationServi - Removing overlay from GameScene and adding to FXGLDefaultMenu
17:20:16.019 [JavaFX Application Thread] DEBUG PrimaryStageWindow   - GameScene -> FXGLDefaultMenu
17:20:16.991 [JavaFX Application Thread] DEBUG Menu                 - fireExit()
17:20:16.995 [JavaFX Application Thread] DEBUG PrimaryStageWindow   - Push state: DialogSubScene
17:20:16.995 [JavaFX Application Thread] DEBUG Input                - Clearing active input actions
17:20:16.995 [JavaFX Application Thread] DEBUG GameApplicationServi - Removing overlay from FXGLDefaultMenu and adding to DialogSubScene
17:20:16.996 [JavaFX Application Thread] DEBUG PrimaryStageWindow   - FXGLDefaultMenu -> DialogSubScene
17:20:17.983 [JavaFX Application Thread] DEBUG PrimaryStageWindow   - Pop state: DialogSubScene
17:20:17.983 [JavaFX Application Thread] DEBUG Input                - Clearing active input actions
17:20:17.984 [JavaFX Application Thread] DEBUG GameApplicationServi - Removing overlay from DialogSubScene and adding to FXGLDefaultMenu
17:20:17.984 [JavaFX Application Thread] DEBUG PrimaryStageWindow   - FXGLDefaultMenu <- DialogSubScene
17:20:17.985 [JavaFX Application Thread] DEBUG FXGLApplication      - Exiting FXGL
17:20:17.985 [JavaFX Application Thread] DEBUG LoopRunner           - Stopping loop
17:20:17.985 [JavaFX Application Thread] DEBUG SystemBundleService  - Saving FXGL system data
17:20:17.991 [JavaFX Application Thread] DEBUG FileSystemAccess     - Writing to: C:\Users\josue\OneDrive\Desktop\proyecto java\Among Us\system\fxgl.bundle
17:20:17.995 [JavaFX Application Thread] DEBUG Async                - Shutting down background threads
17:20:17.995 [JavaFX Application Thread] DEBUG PrimaryStageWindow   - Closing main window
17:20:18.053 [JavaFX Application Thread] DEBUG Logger               - Closing Logger
