19:00:48.951 [main                     ] DEBUG Logger               - Configured Logger
19:00:48.967 [main                     ] DEBUG GameApplication      - Logging settings
Title: Among Us UNEG
Version: 0.0
Width: 800
Height: 600
Fullscreen: false
Intro: false
Profiling: false
Single step:false
App Mode: DEVELOPER
Menu Key: ESCAPE
Stage Style: DECORATED
Scene Factory: class com.almasb.fxgl.app.scene.SceneFactory

19:00:50.075 [JavaFX Application Thread] DEBUG FXGLApplication      - Initializing FXGL
19:00:50.082 [JavaFX Application Thread] INFO  Engine               - FXGL-21.1 (26.03.2024 17.33) on WINDOWS (J:25.0.2 FX:21.0.1)
19:00:50.082 [JavaFX Application Thread] DEBUG Engine               - JRE Vendor Name: Oracle Corporation
19:00:50.083 [JavaFX Application Thread] DEBUG Engine               - Running on OS: Windows 11 version 10.0
19:00:50.083 [JavaFX Application Thread] DEBUG Engine               - Architecture: amd64
19:00:50.083 [JavaFX Application Thread] INFO  Engine               - Source code and latest versions at: https://github.com/AlmasB/FXGL
19:00:50.083 [JavaFX Application Thread] INFO  Engine               -       Ask questions and discuss at: https://github.com/AlmasB/FXGL/discussions
19:00:50.083 [JavaFX Application Thread] INFO  Engine               -              Join the FXGL chat at: https://gitter.im/AlmasB/FXGL
19:00:50.275 [JavaFX Application Thread] DEBUG PrimaryStageWindow   - Creating a JavaFX scene
19:00:50.403 [JavaFX Application Thread] DEBUG PrimaryStageWindow   - Target settings size: 800.0 x 600.0
19:00:50.404 [JavaFX Application Thread] DEBUG PrimaryStageWindow   - Scaled scene size:    800.0 x 600.0
19:00:50.404 [JavaFX Application Thread] DEBUG PrimaryStageWindow   - Scaled ratio: (1.0, 1.0)
19:00:50.405 [JavaFX Application Thread] DEBUG PrimaryStageWindow   - Set initial scene to FXGLStartupScene
19:00:50.413 [JavaFX Application Thread] DEBUG PrimaryStageWindow   - Opening main window
19:00:50.603 [JavaFX Application Thread] DEBUG PrimaryStageWindow   - Window border size: (16.0, 39.0)
19:00:50.603 [JavaFX Application Thread] DEBUG PrimaryStageWindow   - Scaled size: 800.0 x 600.0
19:00:50.604 [JavaFX Application Thread] DEBUG PrimaryStageWindow   - Scaled ratio: (1.0, 1.0)
19:00:50.604 [JavaFX Application Thread] DEBUG PrimaryStageWindow   - Scene size: 800.0 x 600.0
19:00:50.604 [JavaFX Application Thread] DEBUG PrimaryStageWindow   - Stage size: 816.0 x 639.0
19:00:50.731 [FXGL Background Thread 1 ] DEBUG Engine               - Initializing environment variables
19:00:50.831 [FXGL Background Thread 1 ] DEBUG FXGLAssetLoaderServi - User app class for loading assets: class main.java.amongUs.AppPrincipal
19:00:50.831 [FXGL Background Thread 1 ] DEBUG GameApplicationServi - Applying CSS: fxgl_dark.css
19:00:50.832 [FXGL Background Thread 1 ] DEBUG FXGLAssetLoaderServi - Loading from file system: jar:file:/C:/Users/josue/OneDrive/Desktop/proyecto%20java/Among%20Us/lib/fxgl-21.1-uber.jar!/fxglassets/ui/css/fxgl_dark.css
19:00:50.947 [FXGL Background Thread 1 ] DEBUG GameApplicationServi - Initializing application scenes
19:00:51.231 [FXGL Background Thread 1 ] DEBUG GameWorld            - Game world initialized
19:00:51.301 [FXGL Background Thread 1 ] DEBUG PhysicsWorld         - Physics world initialized: appHeight=600, physics.ppm=50,0
19:00:51.302 [FXGL Background Thread 1 ] DEBUG PhysicsWorld         - Using strategy: BRUTE_FORCE
19:00:51.309 [FXGL Background Thread 1 ] DEBUG GameScene            - Game scene initialized: 800x600
19:00:51.334 [FXGL Background Thread 1 ] DEBUG FXGL.DefaultMenu     - createMenuBodyGameMenu()
19:00:51.360 [FXGL Background Thread 1 ] DEBUG FXGL.DefaultMenu     - createOptionsMenu()
19:00:51.379 [FXGL Background Thread 1 ] DEBUG FXGLAssetLoaderServi - Loading from file system: jar:file:/C:/Users/josue/OneDrive/Desktop/proyecto%20java/Among%20Us/lib/fxgl-21.1-uber.jar!/fxglassets/textures/particles/smoke.png
19:00:51.542 [FXGL Background Thread 1 ] DEBUG FXGLAssetLoaderServi - Loading from file system: jar:file:/C:/Users/josue/OneDrive/Desktop/proyecto%20java/Among%20Us/lib/fxgl-21.1-uber.jar!/fxglassets/textures/particles/trace_horizontal.png
19:00:51.588 [FXGL Background Thread 1 ] DEBUG GameApplicationServi - Application scenes initialized
19:00:51.614 [FXGL Background Thread 1 ] DEBUG SystemBundleService  - Loading FXGL system data
19:00:51.619 [FXGL Background Thread 1 ] DEBUG FileSystemAccess     - Reading from: C:\Users\josue\OneDrive\Desktop\proyecto java\Among Us\system\fxgl.bundle
19:00:51.631 [FXGL Background Thread 1 ] DEBUG SystemBundleService  - Bundle FXGL: {}
19:00:51.631 [FXGL Background Thread 1 ] DEBUG UpdaterService       - Checking for updates
19:00:51.643 [FXGL Background Thread 1 ] DEBUG FXGLApplication      - Loading default localization
19:00:51.644 [FXGL Background Thread 1 ] DEBUG FXGLAssetLoaderServi - Loading from file system: jar:file:/C:/Users/josue/OneDrive/Desktop/proyecto%20java/Among%20Us/lib/fxgl-21.1-uber.jar!/fxglassets/languages/english.lang
19:00:51.673 [FXGL Background Thread 1 ] INFO  FXGLApplication      - FXGL initialization took: 0,942 sec
19:00:51.689 [JavaFX Application Thread] DEBUG Input                - Registered new binding: Mover Arriba - W
19:00:51.689 [JavaFX Application Thread] DEBUG Input                - Registered new binding: Mover Abajo - S
19:00:51.689 [JavaFX Application Thread] DEBUG Input                - Registered new binding: Mover Izquierda - A
19:00:51.689 [JavaFX Application Thread] DEBUG Input                - Registered new binding: Mover Derecha - D
19:00:51.689 [JavaFX Application Thread] DEBUG Input                - Registered new binding: Abrir Camaras - C
19:00:51.690 [JavaFX Application Thread] DEBUG Input                - Registered new binding: Usar Alcantarilla - Space
19:00:51.690 [JavaFX Application Thread] DEBUG Input                - Registered new binding: Vent Izquierda - Left
19:00:51.690 [JavaFX Application Thread] DEBUG Input                - Registered new binding: Vent Derecha - Right
19:00:51.691 [JavaFX Application Thread] DEBUG Input                - Registered new binding: Vent Arriba - Up
19:00:51.691 [JavaFX Application Thread] DEBUG Input                - Registered new binding: Vent Abajo - Down
19:00:51.691 [JavaFX Application Thread] DEBUG Input                - Registered new binding: Matar Jugador - Q
19:00:51.692 [JavaFX Application Thread] DEBUG FXGLAssetLoaderServi - Loading from file system: file:/C:/Users/josue/OneDrive/Desktop/proyecto%20java/Among%20Us/out/production/Among%20Us/assets/textures/icono.png
19:00:51.779 [FXGL Background Thread 4 ] DEBUG FXGLApplication      - Loading fonts
19:00:51.780 [FXGL Background Thread 4 ] DEBUG FXGLAssetLoaderServi - Loading from file system: jar:file:/C:/Users/josue/OneDrive/Desktop/proyecto%20java/Among%20Us/lib/fxgl-21.1-uber.jar!/fxglassets/ui/fonts/VarelaRound-Regular.ttf
19:00:51.816 [JavaFX Application Thread] DEBUG FXGLAssetLoaderServi - Loading from file system: jar:file:/C:/Users/josue/OneDrive/Desktop/proyecto%20java/Among%20Us/lib/fxgl-21.1-uber.jar!/fxglassets/textures/fxgl_default_cursor.png
19:00:51.820 [JavaFX Application Thread] DEBUG Input                - Registered new binding: Screenshot - CTRL+8
19:00:51.821 [JavaFX Application Thread] DEBUG Input                - Registered new binding: System info dump - CTRL+9
19:00:51.822 [JavaFX Application Thread] DEBUG Input                - Registered new binding: Restart - CTRL+R
19:00:51.823 [JavaFX Application Thread] DEBUG Input                - Registered new binding: Toggle Debug Camera - CTRL+7
19:00:51.828 [JavaFX Application Thread] DEBUG LoopRunner           - Starting loop
19:00:51.828 [JavaFX Application Thread] DEBUG LoopRunner           - Initializing JavaFX AnimationTimerLoop
19:00:51.831 [JavaFX Application Thread] DEBUG GameApplicationServi - Starting new game
19:00:51.832 [JavaFX Application Thread] DEBUG Input                - Clearing active input actions
19:00:51.870 [JavaFX Application Thread] DEBUG GameApplicationServi - Removing overlay from FXGLStartupScene and adding to FXGLLoadingScene
19:00:51.870 [JavaFX Application Thread] DEBUG PrimaryStageWindow   - FXGLStartupScene -> FXGLLoadingScene
19:00:51.870 [JavaFX Application Thread] DEBUG GameApplicationServi - Clearing previous game
19:00:51.870 [JavaFX Application Thread] DEBUG GameScene            - Clearing game scene
19:00:51.870 [JavaFX Application Thread] DEBUG GameWorld            - Clearing game world
19:00:51.871 [JavaFX Application Thread] DEBUG PhysicsWorld         - Clearing physics world
19:00:51.873 [FXGL Background Thread 1 ] DEBUG FXGLApplication      - Initializing game
19:00:51.883 [FXGL Background Thread 1 ] DEBUG FXGLAssetLoaderServi - Loading from file system: file:/C:/Users/josue/OneDrive/Desktop/proyecto%20java/Among%20Us/out/production/Among%20Us/assets/textures/MonitorDeCamaras.png
19:00:52.014 [FXGL Background Thread 1 ] DEBUG FXGLAssetLoaderServi - Loading from file system: file:/C:/Users/josue/OneDrive/Desktop/proyecto%20java/Among%20Us/out/production/Among%20Us/assets/textures/flechaAmarillaIzq.png
19:00:52.062 [FXGL Background Thread 1 ] DEBUG FXGLAssetLoaderServi - Loading from file system: file:/C:/Users/josue/OneDrive/Desktop/proyecto%20java/Among%20Us/out/production/Among%20Us/assets/textures/flechaAmarillaDer.png
19:00:52.093 [FXGL Background Thread 1 ] DEBUG FXGLAssetLoaderServi - Loading from file system: file:/C:/Users/josue/OneDrive/Desktop/proyecto%20java/Among%20Us/out/production/Among%20Us/assets/music/musicaMenu.mp3
19:00:53.943 [FXGL Background Thread 1 ] DEBUG AudioPlayer          - Playing music com.almasb.fxgl.audio.Music@362978dd
19:00:54.689 [FXGL Background Thread 3 ] DEBUG Engine               - Logging environment variables
19:00:55.107 [FXGL Background Thread 3 ] DEBUG Engine               - achievements: []
19:00:55.108 [FXGL Background Thread 3 ] DEBUG Engine               - actualHeight: 600.0
19:00:55.255 [FXGL Background Thread 4 ] DEBUG FXGLAssetLoaderServi - Loading from file system: jar:file:/C:/Users/josue/OneDrive/Desktop/proyecto%20java/Among%20Us/lib/fxgl-21.1-uber.jar!/fxglassets/ui/fonts/Abel-Regular.ttf
19:00:55.108 [FXGL Background Thread 3 ] DEBUG Engine               - actualHeightProperty: ReadOnlyDoubleProperty [value: 600.0]
19:00:55.463 [FXGL Background Thread 3 ] DEBUG Engine               - actualWidth: 800.0
19:00:55.463 [FXGL Background Thread 3 ] DEBUG Engine               - actualWidthProperty: ReadOnlyDoubleProperty [value: 800.0]
19:00:55.463 [FXGL Background Thread 3 ] DEBUG Engine               - appIcon: icono.png
19:00:55.524 [FXGL Background Thread 3 ] DEBUG Engine               - applicationMode: DEVELOPER
19:00:55.543 [FXGL Background Thread 3 ] DEBUG Engine               - cSSList: [fxgl_dark.css]
19:00:55.543 [FXGL Background Thread 3 ] DEBUG Engine               - collisionDetectionStrategy: BRUTE_FORCE
19:00:55.543 [FXGL Background Thread 3 ] DEBUG Engine               - configClass: Optional.empty
19:00:55.543 [FXGL Background Thread 3 ] DEBUG Engine               - credits: []
19:00:55.544 [FXGL Background Thread 3 ] DEBUG Engine               - defaultCursor: CursorInfo(imageName=fxgl_default_cursor.png, hotspotX=7.0, hotspotY=6.0)
19:00:55.544 [FXGL Background Thread 3 ] DEBUG Engine               - devBBoxColorProperty: ObjectProperty [value: 0xff0000ff]
19:00:55.522 [FXGL Background Thread 4 ] DEBUG FXGLAssetLoaderServi - Loading from file system: jar:file:/C:/Users/josue/OneDrive/Desktop/proyecto%20java/Among%20Us/lib/fxgl-21.1-uber.jar!/fxglassets/ui/fonts/TerminalLandMono-Regular.otf
19:00:55.544 [FXGL Background Thread 3 ] DEBUG Engine               - devEnableDebugCameraProperty: BooleanProperty [value: false]
19:00:55.624 [FXGL Background Thread 3 ] DEBUG Engine               - devSensorColorProperty: ObjectProperty [value: 0xffff00ff]
19:00:55.624 [FXGL Background Thread 3 ] DEBUG Engine               - devShowBBoxProperty: BooleanProperty [value: false]
19:00:55.624 [FXGL Background Thread 3 ] DEBUG Engine               - devShowPositionProperty: BooleanProperty [value: false]
19:00:55.625 [FXGL Background Thread 3 ] DEBUG Engine               - enabledMenuItems: []
19:00:55.625 [FXGL Background Thread 3 ] DEBUG Engine               - engineServices: [class com.almasb.fxgl.app.services.FXGLAssetLoaderService, class com.almasb.fxgl.app.FXGLApplication$GameApplicationService, class com.almasb.fxgl.app.services.FXGLDialogService, class com.almasb.fxgl.app.services.IOTaskExecutorService, class com.almasb.fxgl.io.FileSystemService, class com.almasb.fxgl.localization.LocalizationService, class com.almasb.fxgl.app.services.SystemBundleService, class com.almasb.fxgl.profile.SaveLoadService, class com.almasb.fxgl.ui.FXGLUIFactoryServiceProvider, class com.almasb.fxgl.ui.FXGLDialogFactoryServiceProvider, class com.almasb.fxgl.audio.AudioPlayer, class com.almasb.fxgl.notification.impl.NotificationServiceProvider, class com.almasb.fxgl.achievement.AchievementService, class com.almasb.fxgl.cutscene.CutsceneService, class com.almasb.fxgl.minigames.MiniGameService, class com.almasb.fxgl.net.NetService, class com.almasb.fxgl.app.services.UpdaterService, class com.almasb.fxgl.dev.DevService]
19:00:55.633 [FXGL Background Thread 3 ] DEBUG Engine               - fontGame: Abel-Regular.ttf
19:00:55.634 [FXGL Background Thread 3 ] DEBUG Engine               - fontMono: TerminalLandMono-Regular.otf
19:00:55.634 [FXGL Background Thread 3 ] DEBUG Engine               - fontSizeScaleUI: 1.0
19:00:55.634 [FXGL Background Thread 3 ] DEBUG Engine               - fontText: Courier-Prime.ttf
19:00:55.634 [FXGL Background Thread 3 ] DEBUG Engine               - fontUI: VarelaRound-Regular.ttf
19:00:55.634 [FXGL Background Thread 3 ] DEBUG Engine               - fullScreen: BooleanProperty [value: false]
19:00:55.634 [FXGL Background Thread 3 ] DEBUG Engine               - gameDifficulty: MEDIUM
19:00:55.634 [FXGL Background Thread 3 ] DEBUG Engine               - gameDifficultyProperty: ObjectProperty [value: MEDIUM]
19:00:55.642 [FXGL Background Thread 3 ] DEBUG Engine               - globalMusicVolume: 0.5
19:00:55.643 [FXGL Background Thread 4 ] DEBUG FXGLAssetLoaderServi - Loading from file system: jar:file:/C:/Users/josue/OneDrive/Desktop/proyecto%20java/Among%20Us/lib/fxgl-21.1-uber.jar!/fxglassets/ui/fonts/Courier-Prime.ttf
19:00:55.643 [FXGL Background Thread 3 ] DEBUG Engine               - globalMusicVolumeProperty: DoubleProperty [value: 0.4]
19:00:55.644 [FXGL Background Thread 3 ] DEBUG Engine               - globalSoundVolume: 0.5
19:00:55.644 [FXGL Background Thread 3 ] DEBUG Engine               - globalSoundVolumeProperty: DoubleProperty [value: 0.5]
19:00:55.644 [FXGL Background Thread 3 ] DEBUG Engine               - height: 600
19:00:55.644 [FXGL Background Thread 3 ] DEBUG Engine               - is3D: false
19:00:55.644 [FXGL Background Thread 3 ] DEBUG Engine               - isAndroid: false
19:00:55.646 [FXGL Background Thread 3 ] DEBUG Engine               - isBrowser: false
19:00:55.646 [FXGL Background Thread 3 ] DEBUG Engine               - isClickFeedbackEnabled: false
19:00:55.654 [FXGL Background Thread 3 ] DEBUG Engine               - isCloseConfirmation: false
19:00:55.655 [FXGL Background Thread 3 ] DEBUG Engine               - isDesktop: true
19:00:55.657 [FXGL Background Thread 3 ] DEBUG Engine               - isDeveloperMenuEnabled: false
19:00:55.659 [FXGL Background Thread 3 ] DEBUG Engine               - isEmbedded: false
19:00:55.659 [FXGL Background Thread 3 ] DEBUG Engine               - isEntityPreloadEnabled: true
19:00:55.662 [FXGL Background Thread 3 ] DEBUG Engine               - isExperimentalTiledLargeMap: false
19:00:55.662 [FXGL Background Thread 3 ] DEBUG Engine               - isFileSystemWriteAllowed: true
19:00:55.663 [FXGL Background Thread 3 ] DEBUG Engine               - isFullScreenAllowed: false
19:00:55.663 [FXGL Background Thread 3 ] DEBUG Engine               - isFullScreenFromStart: false
19:00:55.664 [FXGL Background Thread 3 ] DEBUG Engine               - isGameMenuEnabled: true
19:00:55.664 [FXGL Background Thread 3 ] DEBUG Engine               - isIOS: false
19:00:55.665 [FXGL Background Thread 3 ] DEBUG Engine               - isIntroEnabled: false
19:00:55.666 [FXGL Background Thread 3 ] DEBUG Engine               - isLinux: false
19:00:55.666 [FXGL Background Thread 3 ] DEBUG Engine               - isMac: false
19:00:55.666 [FXGL Background Thread 3 ] DEBUG Engine               - isMainMenuEnabled: false
19:00:55.666 [FXGL Background Thread 3 ] DEBUG Engine               - isManualResizeEnabled: false
19:00:55.666 [FXGL Background Thread 3 ] DEBUG Engine               - isMobile: false
19:00:55.666 [FXGL Background Thread 3 ] DEBUG Engine               - isNative: false
19:00:55.666 [FXGL Background Thread 3 ] DEBUG Engine               - isPauseMusicWhenMinimized: true
19:00:55.666 [FXGL Background Thread 3 ] DEBUG Engine               - isPreserveResizeRatio: false
19:00:55.666 [FXGL Background Thread 3 ] DEBUG Engine               - isProfilingEnabled: false
19:00:55.666 [FXGL Background Thread 3 ] DEBUG Engine               - isScaleAffectedOnResize: true
19:00:55.666 [FXGL Background Thread 3 ] DEBUG Engine               - isSingleStep: false
19:00:55.666 [FXGL Background Thread 3 ] DEBUG Engine               - isUserProfileEnabled: false
19:00:55.666 [FXGL Background Thread 3 ] DEBUG Engine               - isWindows: true
19:00:55.666 [FXGL Background Thread 3 ] DEBUG Engine               - language: ObjectProperty [value: ENGLISH]
19:00:55.666 [FXGL Background Thread 3 ] DEBUG Engine               - menuKey: ESCAPE
19:00:55.666 [FXGL Background Thread 3 ] DEBUG Engine               - mouseSensitivity: 0.2
19:00:55.666 [FXGL Background Thread 3 ] DEBUG Engine               - notificationViewClass: class com.almasb.fxgl.notification.view.XboxNotificationView
19:00:55.666 [FXGL Background Thread 3 ] DEBUG Engine               - pixelsPerMeter: 50.0
19:00:55.666 [FXGL Background Thread 3 ] DEBUG Engine               - platform: WINDOWS
19:00:55.666 [FXGL Background Thread 3 ] DEBUG Engine               - prefHeightProperty: ReadOnlyDoubleProperty [value: 600.0]
19:00:55.666 [FXGL Background Thread 3 ] DEBUG Engine               - prefWidthProperty: ReadOnlyDoubleProperty [value: 800.0]
19:00:55.666 [FXGL Background Thread 3 ] DEBUG Engine               - profileDir: profiles/
19:00:55.666 [FXGL Background Thread 3 ] DEBUG Engine               - profileName: StringProperty [value: DEFAULT]
19:00:55.666 [FXGL Background Thread 3 ] DEBUG Engine               - randomSeed: -1
19:00:55.666 [FXGL Background Thread 3 ] DEBUG Engine               - runtimeInfo: RuntimeInfo(platform=WINDOWS, version=21.1, build=26.03.2024 17.33)
19:00:55.666 [FXGL Background Thread 3 ] DEBUG Engine               - saveFileExt: sav
19:00:55.666 [FXGL Background Thread 3 ] DEBUG Engine               - scaledHeightProp$fxgl: DoubleProperty [bound, value: 600.0]
19:00:55.667 [FXGL Background Thread 3 ] DEBUG Engine               - scaledWidthProp$fxgl: DoubleProperty [bound, value: 800.0]
19:00:55.667 [FXGL Background Thread 3 ] DEBUG Engine               - sceneFactory: com.almasb.fxgl.app.scene.SceneFactory@44e544f8
19:00:55.667 [FXGL Background Thread 3 ] DEBUG Engine               - secondsIn24h: 60
19:00:55.667 [FXGL Background Thread 3 ] DEBUG Engine               - soundMenuBack: menu/back.wav
19:00:55.667 [FXGL Background Thread 3 ] DEBUG Engine               - soundMenuPress: menu/press.wav
19:00:55.667 [FXGL Background Thread 3 ] DEBUG Engine               - soundMenuSelect: menu/select.wav
19:00:55.667 [FXGL Background Thread 3 ] DEBUG Engine               - soundNotification: core/notification.wav
19:00:55.667 [FXGL Background Thread 3 ] DEBUG Engine               - stageStyle: DECORATED
19:00:55.667 [FXGL Background Thread 3 ] DEBUG Engine               - supportedLanguages: [ENGLISH, FRENCH, GERMAN, HUNGARIAN, RUSSIAN]
19:00:55.667 [FXGL Background Thread 3 ] DEBUG Engine               - ticksPerSecond: -1
19:00:55.667 [FXGL Background Thread 3 ] DEBUG Engine               - title: Among Us UNEG
19:00:55.667 [FXGL Background Thread 3 ] DEBUG Engine               - urlGithub: https://github.com/AlmasB/FXGL
19:00:55.667 [FXGL Background Thread 3 ] DEBUG Engine               - urlLeaderboard: http://fxgl-top.herokuapp.com/
19:00:55.667 [FXGL Background Thread 3 ] DEBUG Engine               - urlPOM: https://raw.githubusercontent.com/AlmasB/FXGL/release/README.md
19:00:55.667 [FXGL Background Thread 3 ] DEBUG Engine               - userAppClass: class main.java.amongUs.AppPrincipal
19:00:55.667 [FXGL Background Thread 3 ] DEBUG Engine               - version: 0.0
19:00:55.668 [FXGL Background Thread 3 ] DEBUG Engine               - versionCheckDays: 7
19:00:55.669 [FXGL Background Thread 3 ] DEBUG Engine               - width: 800
19:00:55.669 [FXGL Background Thread 3 ] DEBUG Engine               - Logging services
19:00:55.670 [FXGL Background Thread 3 ] DEBUG Engine               - class com.almasb.fxgl.app.services.FXGLAssetLoaderService
19:00:55.670 [FXGL Background Thread 3 ] DEBUG Engine               - class com.almasb.fxgl.app.FXGLApplication$GameApplicationService
19:00:55.670 [FXGL Background Thread 3 ] DEBUG Engine               - class com.almasb.fxgl.app.services.FXGLDialogService
19:00:55.670 [FXGL Background Thread 3 ] DEBUG Engine               - class com.almasb.fxgl.app.services.IOTaskExecutorService
19:00:55.670 [FXGL Background Thread 3 ] DEBUG Engine               - class com.almasb.fxgl.io.FileSystemService
19:00:55.670 [FXGL Background Thread 3 ] DEBUG Engine               - class com.almasb.fxgl.localization.LocalizationService
19:00:55.670 [FXGL Background Thread 3 ] DEBUG Engine               - class com.almasb.fxgl.app.services.SystemBundleService
19:00:55.670 [FXGL Background Thread 3 ] DEBUG Engine               - class com.almasb.fxgl.profile.SaveLoadService
19:00:55.670 [FXGL Background Thread 3 ] DEBUG Engine               - class com.almasb.fxgl.ui.FXGLUIFactoryServiceProvider
19:00:55.670 [FXGL Background Thread 3 ] DEBUG Engine               - class com.almasb.fxgl.ui.FXGLDialogFactoryServiceProvider
19:00:55.670 [FXGL Background Thread 3 ] DEBUG Engine               - class com.almasb.fxgl.audio.AudioPlayer
19:00:55.670 [FXGL Background Thread 3 ] DEBUG Engine               - class com.almasb.fxgl.notification.impl.NotificationServiceProvider
19:00:55.670 [FXGL Background Thread 3 ] DEBUG Engine               - class com.almasb.fxgl.achievement.AchievementService
19:00:55.672 [FXGL Background Thread 3 ] DEBUG Engine               - class com.almasb.fxgl.cutscene.CutsceneService
19:00:55.672 [FXGL Background Thread 3 ] DEBUG Engine               - class com.almasb.fxgl.minigames.MiniGameService
19:00:55.672 [FXGL Background Thread 3 ] DEBUG Engine               - class com.almasb.fxgl.net.NetService
19:00:55.673 [FXGL Background Thread 3 ] DEBUG Engine               - class com.almasb.fxgl.app.services.UpdaterService
19:00:55.673 [FXGL Background Thread 3 ] DEBUG Engine               - class com.almasb.fxgl.dev.DevService
19:00:55.691 [JavaFX Application Thread] DEBUG FXGLApplication      - Registering font factories with UI factory
19:00:56.816 [FXGL Background Thread 2 ] INFO  UpdaterService       - Your current version:  21.1
19:00:56.816 [FXGL Background Thread 2 ] INFO  UpdaterService       - Latest stable version: 25
19:00:56.820 [FXGL Background Thread 1 ] INFO  FXGLApplication      - Game initialization took: 4,947 sec
19:00:56.826 [JavaFX Application Thread] DEBUG Input                - Clearing active input actions
19:00:56.840 [JavaFX Application Thread] DEBUG GameApplicationServi - Removing overlay from FXGLLoadingScene and adding to GameScene
19:00:56.840 [JavaFX Application Thread] DEBUG PrimaryStageWindow   - FXGLLoadingScene -> GameScene
19:00:57.483 [JavaFX Application Thread] DEBUG FXGLApplication      - Exiting FXGL
19:00:57.483 [JavaFX Application Thread] DEBUG LoopRunner           - Stopping loop
19:00:57.483 [JavaFX Application Thread] DEBUG SystemBundleService  - Saving FXGL system data
19:00:57.487 [JavaFX Application Thread] DEBUG FileSystemAccess     - Writing to: C:\Users\josue\OneDrive\Desktop\proyecto java\Among Us\system\fxgl.bundle
19:00:57.491 [JavaFX Application Thread] DEBUG Async                - Shutting down background threads
19:00:57.491 [JavaFX Application Thread] DEBUG PrimaryStageWindow   - Closing main window
19:00:57.545 [JavaFX Application Thread] DEBUG Logger               - Closing Logger
