23:48:17.251 [main                     ] DEBUG Logger               - Configured Logger
23:48:17.259 [main                     ] DEBUG GameApplication      - Logging settings
Title: Among Us UNEG
Version: 0.0
Width: 800
Height: 600
Fullscreen: false
Intro: false
Profiling: false
Single step:false
App Mode: DEVELOPER
Menu Key: ESCAPE
Stage Style: DECORATED
Scene Factory: class com.almasb.fxgl.app.scene.SceneFactory

23:48:17.701 [JavaFX Application Thread] DEBUG FXGLApplication      - Initializing FXGL
23:48:17.703 [JavaFX Application Thread] INFO  Engine               - FXGL-21.1 (26.03.2024 17.33) on WINDOWS (J:25.0.2 FX:21.0.1)
23:48:17.703 [JavaFX Application Thread] DEBUG Engine               - JRE Vendor Name: Oracle Corporation
23:48:17.703 [JavaFX Application Thread] DEBUG Engine               - Running on OS: Windows 11 version 10.0
23:48:17.703 [JavaFX Application Thread] DEBUG Engine               - Architecture: amd64
23:48:17.703 [JavaFX Application Thread] INFO  Engine               - Source code and latest versions at: https://github.com/AlmasB/FXGL
23:48:17.703 [JavaFX Application Thread] INFO  Engine               -       Ask questions and discuss at: https://github.com/AlmasB/FXGL/discussions
23:48:17.703 [JavaFX Application Thread] INFO  Engine               -              Join the FXGL chat at: https://gitter.im/AlmasB/FXGL
23:48:17.799 [JavaFX Application Thread] DEBUG PrimaryStageWindow   - Creating a JavaFX scene
23:48:17.843 [JavaFX Application Thread] DEBUG PrimaryStageWindow   - Target settings size: 800.0 x 600.0
23:48:17.843 [JavaFX Application Thread] DEBUG PrimaryStageWindow   - Scaled scene size:    800.0 x 600.0
23:48:17.843 [JavaFX Application Thread] DEBUG PrimaryStageWindow   - Scaled ratio: (1.0, 1.0)
23:48:17.844 [JavaFX Application Thread] DEBUG PrimaryStageWindow   - Set initial scene to FXGLStartupScene
23:48:17.849 [JavaFX Application Thread] DEBUG PrimaryStageWindow   - Opening main window
23:48:17.947 [JavaFX Application Thread] DEBUG PrimaryStageWindow   - Window border size: (14.66668701171875, 37.33331298828125)
23:48:17.947 [JavaFX Application Thread] DEBUG PrimaryStageWindow   - Scaled size: 800.0 x 600.0
23:48:17.947 [JavaFX Application Thread] DEBUG PrimaryStageWindow   - Scaled ratio: (1.0, 1.0)
23:48:17.947 [JavaFX Application Thread] DEBUG PrimaryStageWindow   - Scene size: 800.0 x 600.0
23:48:17.947 [JavaFX Application Thread] DEBUG PrimaryStageWindow   - Stage size: 814.6666870117188 x 637.3333129882812
23:48:17.955 [FXGL Background Thread 1 ] DEBUG Engine               - Initializing environment variables
23:48:18.016 [FXGL Background Thread 1 ] DEBUG FXGLAssetLoaderServi - User app class for loading assets: class main.java.amongUs.AppPrincipal
23:48:18.017 [FXGL Background Thread 1 ] DEBUG GameApplicationServi - Applying CSS: fxgl_dark.css
23:48:18.017 [FXGL Background Thread 1 ] DEBUG FXGLAssetLoaderServi - Loading from file system: jar:file:/C:/Users/nicol/Desktop/amongu/lib/fxgl-21.1-uber.jar!/fxglassets/ui/css/fxgl_dark.css
23:48:18.049 [FXGL Background Thread 1 ] DEBUG GameApplicationServi - Initializing application scenes
23:48:18.077 [FXGL Background Thread 1 ] DEBUG GameWorld            - Game world initialized
23:48:18.125 [FXGL Background Thread 1 ] DEBUG PhysicsWorld         - Physics world initialized: appHeight=600, physics.ppm=50,0
23:48:18.126 [FXGL Background Thread 1 ] DEBUG PhysicsWorld         - Using strategy: BRUTE_FORCE
23:48:18.128 [FXGL Background Thread 1 ] DEBUG GameScene            - Game scene initialized: 800x600
23:48:18.138 [FXGL Background Thread 1 ] DEBUG FXGL.DefaultMenu     - createMenuBodyGameMenu()
23:48:18.151 [FXGL Background Thread 1 ] DEBUG FXGL.DefaultMenu     - createOptionsMenu()
23:48:18.159 [FXGL Background Thread 1 ] DEBUG FXGLAssetLoaderServi - Loading from file system: jar:file:/C:/Users/nicol/Desktop/amongu/lib/fxgl-21.1-uber.jar!/fxglassets/textures/particles/smoke.png
23:48:18.223 [FXGL Background Thread 1 ] DEBUG FXGLAssetLoaderServi - Loading from file system: jar:file:/C:/Users/nicol/Desktop/amongu/lib/fxgl-21.1-uber.jar!/fxglassets/textures/particles/trace_horizontal.png
23:48:18.247 [FXGL Background Thread 1 ] DEBUG GameApplicationServi - Application scenes initialized
23:48:18.260 [FXGL Background Thread 1 ] DEBUG SystemBundleService  - Loading FXGL system data
23:48:18.264 [FXGL Background Thread 1 ] DEBUG FileSystemAccess     - Reading from: C:\Users\nicol\Desktop\amongu\system\fxgl.bundle
23:48:18.268 [FXGL Background Thread 1 ] DEBUG SystemBundleService  - Bundle FXGL: {}
23:48:18.268 [FXGL Background Thread 1 ] DEBUG UpdaterService       - Checking for updates
23:48:18.271 [FXGL Background Thread 4 ] DEBUG FXGLApplication      - Loading fonts
23:48:18.272 [FXGL Background Thread 4 ] DEBUG FXGLAssetLoaderServi - Loading from file system: jar:file:/C:/Users/nicol/Desktop/amongu/lib/fxgl-21.1-uber.jar!/fxglassets/ui/fonts/VarelaRound-Regular.ttf
23:48:18.272 [FXGL Background Thread 1 ] DEBUG FXGLApplication      - Loading default localization
23:48:18.272 [FXGL Background Thread 1 ] DEBUG FXGLAssetLoaderServi - Loading from file system: jar:file:/C:/Users/nicol/Desktop/amongu/lib/fxgl-21.1-uber.jar!/fxglassets/languages/english.lang
23:48:18.287 [FXGL Background Thread 1 ] INFO  FXGLApplication      - FXGL initialization took: 0,332 sec
23:48:18.296 [JavaFX Application Thread] DEBUG Input                - Registered new binding: Mover Arriba - W
23:48:18.296 [JavaFX Application Thread] DEBUG Input                - Registered new binding: Mover Abajo - S
23:48:18.296 [JavaFX Application Thread] DEBUG Input                - Registered new binding: Mover Izquierda - A
23:48:18.296 [JavaFX Application Thread] DEBUG Input                - Registered new binding: Mover Derecha - D
23:48:18.296 [JavaFX Application Thread] DEBUG Input                - Registered new binding: Abrir Camaras - C
23:48:18.297 [JavaFX Application Thread] DEBUG Input                - Registered new binding: Usar Alcantarilla - Space
23:48:18.297 [JavaFX Application Thread] DEBUG Input                - Registered new binding: Vent Izquierda - Left
23:48:18.297 [JavaFX Application Thread] DEBUG Input                - Registered new binding: Vent Derecha - Right
23:48:18.297 [JavaFX Application Thread] DEBUG Input                - Registered new binding: Vent Arriba - Up
23:48:18.297 [JavaFX Application Thread] DEBUG Input                - Registered new binding: Vent Abajo - Down
23:48:18.297 [JavaFX Application Thread] DEBUG Input                - Registered new binding: Matar Jugador - Q
23:48:18.298 [JavaFX Application Thread] DEBUG FXGLAssetLoaderServi - Loading from file system: file:/C:/Users/nicol/Desktop/amongu/out/production/Among%20Us/assets/textures/icono.png
23:48:18.311 [FXGL Background Thread 4 ] DEBUG FXGLAssetLoaderServi - Loading from file system: jar:file:/C:/Users/nicol/Desktop/amongu/lib/fxgl-21.1-uber.jar!/fxglassets/ui/fonts/Abel-Regular.ttf
23:48:18.316 [FXGL Background Thread 4 ] DEBUG FXGLAssetLoaderServi - Loading from file system: jar:file:/C:/Users/nicol/Desktop/amongu/lib/fxgl-21.1-uber.jar!/fxglassets/ui/fonts/TerminalLandMono-Regular.otf
23:48:18.321 [FXGL Background Thread 4 ] DEBUG FXGLAssetLoaderServi - Loading from file system: jar:file:/C:/Users/nicol/Desktop/amongu/lib/fxgl-21.1-uber.jar!/fxglassets/ui/fonts/Courier-Prime.ttf
23:48:18.328 [JavaFX Application Thread] DEBUG FXGLAssetLoaderServi - Loading from file system: jar:file:/C:/Users/nicol/Desktop/amongu/lib/fxgl-21.1-uber.jar!/fxglassets/textures/fxgl_default_cursor.png
23:48:18.330 [JavaFX Application Thread] DEBUG Input                - Registered new binding: Screenshot - CTRL+8
23:48:18.331 [JavaFX Application Thread] DEBUG Input                - Registered new binding: System info dump - CTRL+9
23:48:18.331 [JavaFX Application Thread] DEBUG Input                - Registered new binding: Restart - CTRL+R
23:48:18.332 [JavaFX Application Thread] DEBUG Input                - Registered new binding: Toggle Debug Camera - CTRL+7
23:48:18.336 [JavaFX Application Thread] DEBUG LoopRunner           - Starting loop
23:48:18.336 [JavaFX Application Thread] DEBUG LoopRunner           - Initializing JavaFX AnimationTimerLoop
23:48:18.338 [JavaFX Application Thread] DEBUG GameApplicationServi - Starting new game
23:48:18.338 [JavaFX Application Thread] DEBUG Input                - Clearing active input actions
23:48:18.351 [JavaFX Application Thread] DEBUG GameApplicationServi - Removing overlay from FXGLStartupScene and adding to FXGLLoadingScene
23:48:18.352 [JavaFX Application Thread] DEBUG PrimaryStageWindow   - FXGLStartupScene -> FXGLLoadingScene
23:48:18.352 [JavaFX Application Thread] DEBUG GameApplicationServi - Clearing previous game
23:48:18.352 [JavaFX Application Thread] DEBUG GameScene            - Clearing game scene
23:48:18.352 [JavaFX Application Thread] DEBUG GameWorld            - Clearing game world
23:48:18.352 [JavaFX Application Thread] DEBUG PhysicsWorld         - Clearing physics world
23:48:18.354 [FXGL Background Thread 4 ] DEBUG FXGLApplication      - Initializing game
23:48:18.356 [JavaFX Application Thread] DEBUG FXGLApplication      - Registering font factories with UI factory
23:48:18.361 [FXGL Background Thread 4 ] DEBUG FXGLAssetLoaderServi - Loading from file system: file:/C:/Users/nicol/Desktop/amongu/out/production/Among%20Us/assets/music/musicaMenu.mp3
23:48:18.481 [FXGL Background Thread 4 ] DEBUG AudioPlayer          - Playing music com.almasb.fxgl.audio.Music@61a1762d
23:48:18.757 [FXGL Background Thread 4 ] INFO  FXGLApplication      - Game initialization took: 0,402 sec
23:48:18.836 [FXGL Background Thread 2 ] INFO  UpdaterService       - Your current version:  21.1
23:48:18.836 [FXGL Background Thread 2 ] INFO  UpdaterService       - Latest stable version: 25
23:48:18.906 [JavaFX Application Thread] DEBUG Input                - Clearing active input actions
23:48:18.916 [JavaFX Application Thread] DEBUG GameApplicationServi - Removing overlay from FXGLLoadingScene and adding to GameScene
23:48:18.916 [JavaFX Application Thread] DEBUG PrimaryStageWindow   - FXGLLoadingScene -> GameScene
23:48:19.657 [JavaFX Application Thread] DEBUG FXGLAssetLoaderServi - Loading from file system: file:/C:/Users/nicol/Desktop/amongu/out/production/Among%20Us/assets/sounds/clickBoton.wav
23:48:21.271 [FXGL Background Thread 3 ] DEBUG Engine               - Logging environment variables
23:48:21.272 [FXGL Background Thread 3 ] DEBUG Engine               - achievements: []
23:48:21.272 [FXGL Background Thread 3 ] DEBUG Engine               - actualHeight: 600.0
23:48:21.273 [FXGL Background Thread 3 ] DEBUG Engine               - actualHeightProperty: ReadOnlyDoubleProperty [value: 600.0]
23:48:21.273 [FXGL Background Thread 3 ] DEBUG Engine               - actualWidth: 800.0
23:48:21.273 [FXGL Background Thread 3 ] DEBUG Engine               - actualWidthProperty: ReadOnlyDoubleProperty [value: 800.0]
23:48:21.273 [FXGL Background Thread 3 ] DEBUG Engine               - appIcon: icono.png
23:48:21.273 [FXGL Background Thread 3 ] DEBUG Engine               - applicationMode: DEVELOPER
23:48:21.273 [FXGL Background Thread 3 ] DEBUG Engine               - cSSList: [fxgl_dark.css]
23:48:21.273 [FXGL Background Thread 3 ] DEBUG Engine               - collisionDetectionStrategy: BRUTE_FORCE
23:48:21.273 [FXGL Background Thread 3 ] DEBUG Engine               - configClass: Optional.empty
23:48:21.273 [FXGL Background Thread 3 ] DEBUG Engine               - credits: []
23:48:21.273 [FXGL Background Thread 3 ] DEBUG Engine               - defaultCursor: CursorInfo(imageName=fxgl_default_cursor.png, hotspotX=7.0, hotspotY=6.0)
23:48:21.273 [FXGL Background Thread 3 ] DEBUG Engine               - devBBoxColorProperty: ObjectProperty [value: 0xff0000ff]
23:48:21.273 [FXGL Background Thread 3 ] DEBUG Engine               - devEnableDebugCameraProperty: BooleanProperty [value: false]
23:48:21.273 [FXGL Background Thread 3 ] DEBUG Engine               - devSensorColorProperty: ObjectProperty [value: 0xffff00ff]
23:48:21.273 [FXGL Background Thread 3 ] DEBUG Engine               - devShowBBoxProperty: BooleanProperty [value: false]
23:48:21.274 [FXGL Background Thread 3 ] DEBUG Engine               - devShowPositionProperty: BooleanProperty [value: false]
23:48:21.274 [FXGL Background Thread 3 ] DEBUG Engine               - enabledMenuItems: []
23:48:21.274 [FXGL Background Thread 3 ] DEBUG Engine               - engineServices: [class com.almasb.fxgl.app.services.FXGLAssetLoaderService, class com.almasb.fxgl.app.FXGLApplication$GameApplicationService, class com.almasb.fxgl.app.services.FXGLDialogService, class com.almasb.fxgl.app.services.IOTaskExecutorService, class com.almasb.fxgl.io.FileSystemService, class com.almasb.fxgl.localization.LocalizationService, class com.almasb.fxgl.app.services.SystemBundleService, class com.almasb.fxgl.profile.SaveLoadService, class com.almasb.fxgl.ui.FXGLUIFactoryServiceProvider, class com.almasb.fxgl.ui.FXGLDialogFactoryServiceProvider, class com.almasb.fxgl.audio.AudioPlayer, class com.almasb.fxgl.notification.impl.NotificationServiceProvider, class com.almasb.fxgl.achievement.AchievementService, class com.almasb.fxgl.cutscene.CutsceneService, class com.almasb.fxgl.minigames.MiniGameService, class com.almasb.fxgl.net.NetService, class com.almasb.fxgl.app.services.UpdaterService, class com.almasb.fxgl.dev.DevService]
23:48:21.274 [FXGL Background Thread 3 ] DEBUG Engine               - fontGame: Abel-Regular.ttf
23:48:21.274 [FXGL Background Thread 3 ] DEBUG Engine               - fontMono: TerminalLandMono-Regular.otf
23:48:21.274 [FXGL Background Thread 3 ] DEBUG Engine               - fontSizeScaleUI: 1.0
23:48:21.274 [FXGL Background Thread 3 ] DEBUG Engine               - fontText: Courier-Prime.ttf
23:48:21.274 [FXGL Background Thread 3 ] DEBUG Engine               - fontUI: VarelaRound-Regular.ttf
23:48:21.274 [FXGL Background Thread 3 ] DEBUG Engine               - fullScreen: BooleanProperty [value: false]
23:48:21.274 [FXGL Background Thread 3 ] DEBUG Engine               - gameDifficulty: MEDIUM
23:48:21.274 [FXGL Background Thread 3 ] DEBUG Engine               - gameDifficultyProperty: ObjectProperty [value: MEDIUM]
23:48:21.274 [FXGL Background Thread 3 ] DEBUG Engine               - globalMusicVolume: 0.5
23:48:21.274 [FXGL Background Thread 3 ] DEBUG Engine               - globalMusicVolumeProperty: DoubleProperty [value: 0.4]
23:48:21.274 [FXGL Background Thread 3 ] DEBUG Engine               - globalSoundVolume: 0.5
23:48:21.274 [FXGL Background Thread 3 ] DEBUG Engine               - globalSoundVolumeProperty: DoubleProperty [value: 0.5]
23:48:21.274 [FXGL Background Thread 3 ] DEBUG Engine               - height: 600
23:48:21.275 [FXGL Background Thread 3 ] DEBUG Engine               - is3D: false
23:48:21.275 [FXGL Background Thread 3 ] DEBUG Engine               - isAndroid: false
23:48:21.275 [FXGL Background Thread 3 ] DEBUG Engine               - isBrowser: false
23:48:21.275 [FXGL Background Thread 3 ] DEBUG Engine               - isClickFeedbackEnabled: false
23:48:21.276 [FXGL Background Thread 3 ] DEBUG Engine               - isCloseConfirmation: false
23:48:21.276 [FXGL Background Thread 3 ] DEBUG Engine               - isDesktop: true
23:48:21.276 [FXGL Background Thread 3 ] DEBUG Engine               - isDeveloperMenuEnabled: false
23:48:21.276 [FXGL Background Thread 3 ] DEBUG Engine               - isEmbedded: false
23:48:21.276 [FXGL Background Thread 3 ] DEBUG Engine               - isEntityPreloadEnabled: true
23:48:21.276 [FXGL Background Thread 3 ] DEBUG Engine               - isExperimentalTiledLargeMap: false
23:48:21.276 [FXGL Background Thread 3 ] DEBUG Engine               - isFileSystemWriteAllowed: true
23:48:21.276 [FXGL Background Thread 3 ] DEBUG Engine               - isFullScreenAllowed: false
23:48:21.276 [FXGL Background Thread 3 ] DEBUG Engine               - isFullScreenFromStart: false
23:48:21.276 [FXGL Background Thread 3 ] DEBUG Engine               - isGameMenuEnabled: true
23:48:21.276 [FXGL Background Thread 3 ] DEBUG Engine               - isIOS: false
23:48:21.276 [FXGL Background Thread 3 ] DEBUG Engine               - isIntroEnabled: false
23:48:21.276 [FXGL Background Thread 3 ] DEBUG Engine               - isLinux: false
23:48:21.276 [FXGL Background Thread 3 ] DEBUG Engine               - isMac: false
23:48:21.277 [FXGL Background Thread 3 ] DEBUG Engine               - isMainMenuEnabled: false
23:48:21.277 [FXGL Background Thread 3 ] DEBUG Engine               - isManualResizeEnabled: false
23:48:21.277 [FXGL Background Thread 3 ] DEBUG Engine               - isMobile: false
23:48:21.277 [FXGL Background Thread 3 ] DEBUG Engine               - isNative: false
23:48:21.277 [FXGL Background Thread 3 ] DEBUG Engine               - isPauseMusicWhenMinimized: true
23:48:21.277 [FXGL Background Thread 3 ] DEBUG Engine               - isPreserveResizeRatio: false
23:48:21.277 [FXGL Background Thread 3 ] DEBUG Engine               - isProfilingEnabled: false
23:48:21.277 [FXGL Background Thread 3 ] DEBUG Engine               - isScaleAffectedOnResize: true
23:48:21.277 [FXGL Background Thread 3 ] DEBUG Engine               - isSingleStep: false
23:48:21.277 [FXGL Background Thread 3 ] DEBUG Engine               - isUserProfileEnabled: false
23:48:21.277 [FXGL Background Thread 3 ] DEBUG Engine               - isWindows: true
23:48:21.277 [FXGL Background Thread 3 ] DEBUG Engine               - language: ObjectProperty [value: ENGLISH]
23:48:21.277 [FXGL Background Thread 3 ] DEBUG Engine               - menuKey: ESCAPE
23:48:21.277 [FXGL Background Thread 3 ] DEBUG Engine               - mouseSensitivity: 0.2
23:48:21.277 [FXGL Background Thread 3 ] DEBUG Engine               - notificationViewClass: class com.almasb.fxgl.notification.view.XboxNotificationView
23:48:21.277 [FXGL Background Thread 3 ] DEBUG Engine               - pixelsPerMeter: 50.0
23:48:21.278 [FXGL Background Thread 3 ] DEBUG Engine               - platform: WINDOWS
23:48:21.278 [FXGL Background Thread 3 ] DEBUG Engine               - prefHeightProperty: ReadOnlyDoubleProperty [value: 600.0]
23:48:21.278 [FXGL Background Thread 3 ] DEBUG Engine               - prefWidthProperty: ReadOnlyDoubleProperty [value: 800.0]
23:48:21.278 [FXGL Background Thread 3 ] DEBUG Engine               - profileDir: profiles/
23:48:21.278 [FXGL Background Thread 3 ] DEBUG Engine               - profileName: StringProperty [value: DEFAULT]
23:48:21.278 [FXGL Background Thread 3 ] DEBUG Engine               - randomSeed: -1
23:48:21.278 [FXGL Background Thread 3 ] DEBUG Engine               - runtimeInfo: RuntimeInfo(platform=WINDOWS, version=21.1, build=26.03.2024 17.33)
23:48:21.278 [FXGL Background Thread 3 ] DEBUG Engine               - saveFileExt: sav
23:48:21.278 [FXGL Background Thread 3 ] DEBUG Engine               - scaledHeightProp$fxgl: DoubleProperty [bound, value: 600.0]
23:48:21.278 [FXGL Background Thread 3 ] DEBUG Engine               - scaledWidthProp$fxgl: DoubleProperty [bound, value: 800.0]
23:48:21.278 [FXGL Background Thread 3 ] DEBUG Engine               - sceneFactory: com.almasb.fxgl.app.scene.SceneFactory@19ad5178
23:48:21.278 [FXGL Background Thread 3 ] DEBUG Engine               - secondsIn24h: 60
23:48:21.278 [FXGL Background Thread 3 ] DEBUG Engine               - soundMenuBack: menu/back.wav
23:48:21.278 [FXGL Background Thread 3 ] DEBUG Engine               - soundMenuPress: menu/press.wav
23:48:21.278 [FXGL Background Thread 3 ] DEBUG Engine               - soundMenuSelect: menu/select.wav
23:48:21.278 [FXGL Background Thread 3 ] DEBUG Engine               - soundNotification: core/notification.wav
23:48:21.278 [FXGL Background Thread 3 ] DEBUG Engine               - stageStyle: DECORATED
23:48:21.278 [FXGL Background Thread 3 ] DEBUG Engine               - supportedLanguages: [ENGLISH, FRENCH, GERMAN, HUNGARIAN, RUSSIAN]
23:48:21.278 [FXGL Background Thread 3 ] DEBUG Engine               - ticksPerSecond: -1
23:48:21.279 [FXGL Background Thread 3 ] DEBUG Engine               - title: Among Us UNEG
23:48:21.279 [FXGL Background Thread 3 ] DEBUG Engine               - urlGithub: https://github.com/AlmasB/FXGL
23:48:21.279 [FXGL Background Thread 3 ] DEBUG Engine               - urlLeaderboard: http://fxgl-top.herokuapp.com/
23:48:21.279 [FXGL Background Thread 3 ] DEBUG Engine               - urlPOM: https://raw.githubusercontent.com/AlmasB/FXGL/release/README.md
23:48:21.279 [FXGL Background Thread 3 ] DEBUG Engine               - userAppClass: class main.java.amongUs.AppPrincipal
23:48:21.279 [FXGL Background Thread 3 ] DEBUG Engine               - version: 0.0
23:48:21.279 [FXGL Background Thread 3 ] DEBUG Engine               - versionCheckDays: 7
23:48:21.279 [FXGL Background Thread 3 ] DEBUG Engine               - width: 800
23:48:21.279 [FXGL Background Thread 3 ] DEBUG Engine               - Logging services
23:48:21.279 [FXGL Background Thread 3 ] DEBUG Engine               - class com.almasb.fxgl.app.services.FXGLAssetLoaderService
23:48:21.279 [FXGL Background Thread 3 ] DEBUG Engine               - class com.almasb.fxgl.app.FXGLApplication$GameApplicationService
23:48:21.279 [FXGL Background Thread 3 ] DEBUG Engine               - class com.almasb.fxgl.app.services.FXGLDialogService
23:48:21.279 [FXGL Background Thread 3 ] DEBUG Engine               - class com.almasb.fxgl.app.services.IOTaskExecutorService
23:48:21.279 [FXGL Background Thread 3 ] DEBUG Engine               - class com.almasb.fxgl.io.FileSystemService
23:48:21.279 [FXGL Background Thread 3 ] DEBUG Engine               - class com.almasb.fxgl.localization.LocalizationService
23:48:21.279 [FXGL Background Thread 3 ] DEBUG Engine               - class com.almasb.fxgl.app.services.SystemBundleService
23:48:21.279 [FXGL Background Thread 3 ] DEBUG Engine               - class com.almasb.fxgl.profile.SaveLoadService
23:48:21.279 [FXGL Background Thread 3 ] DEBUG Engine               - class com.almasb.fxgl.ui.FXGLUIFactoryServiceProvider
23:48:21.279 [FXGL Background Thread 3 ] DEBUG Engine               - class com.almasb.fxgl.ui.FXGLDialogFactoryServiceProvider
23:48:21.279 [FXGL Background Thread 3 ] DEBUG Engine               - class com.almasb.fxgl.audio.AudioPlayer
23:48:21.279 [FXGL Background Thread 3 ] DEBUG Engine               - class com.almasb.fxgl.notification.impl.NotificationServiceProvider
23:48:21.279 [FXGL Background Thread 3 ] DEBUG Engine               - class com.almasb.fxgl.achievement.AchievementService
23:48:21.279 [FXGL Background Thread 3 ] DEBUG Engine               - class com.almasb.fxgl.cutscene.CutsceneService
23:48:21.279 [FXGL Background Thread 3 ] DEBUG Engine               - class com.almasb.fxgl.minigames.MiniGameService
23:48:21.279 [FXGL Background Thread 3 ] DEBUG Engine               - class com.almasb.fxgl.net.NetService
23:48:21.279 [FXGL Background Thread 3 ] DEBUG Engine               - class com.almasb.fxgl.app.services.UpdaterService
23:48:21.279 [FXGL Background Thread 3 ] DEBUG Engine               - class com.almasb.fxgl.dev.DevService
23:48:22.886 [JavaFX Application Thread] DEBUG FXGLAssetLoaderServi - Loading from file system: file:/C:/Users/nicol/Desktop/amongu/out/production/Among%20Us/assets/textures/tripulante_blanco.png
23:48:24.398 [JavaFX Application Thread] WARN  TMXLevelLoader       - TiledMap generated from 1.11.2. Supported version: 1.9.0. Some features may not be parsed fully.
23:48:24.415 [JavaFX Application Thread] DEBUG TMXLevelLoader       - Parsed TiledMap: file:/C:/Users/nicol/Desktop/amongu/out/production/Among%20Us/assets/levels/mapa1.tmx
23:48:24.415 [JavaFX Application Thread] DEBUG TMXLevelLoader       - Creating tile layer entities
23:48:24.416 [JavaFX Application Thread] DEBUG TilesetLoader        - Loading view for layer fondo
23:48:24.417 [JavaFX Application Thread] DEBUG TilesetLoader        - Created buffer with size 1312.0x960.0
23:48:24.471 [JavaFX Application Thread] DEBUG TilesetLoader        - Loading view for layer pasillo
23:48:24.472 [JavaFX Application Thread] DEBUG TilesetLoader        - Created buffer with size 1312.0x960.0
23:48:24.475 [JavaFX Application Thread] WARN  TilesetLoader        - Diagonally flipped tiles are not currently supported
23:48:24.481 [JavaFX Application Thread] WARN  TilesetLoader        - Diagonally flipped tiles are not currently supported
23:48:24.481 [JavaFX Application Thread] WARN  TilesetLoader        - Diagonally flipped tiles are not currently supported
23:48:24.481 [JavaFX Application Thread] WARN  TilesetLoader        - Diagonally flipped tiles are not currently supported
23:48:24.481 [JavaFX Application Thread] WARN  TilesetLoader        - Diagonally flipped tiles are not currently supported
23:48:24.482 [JavaFX Application Thread] WARN  TilesetLoader        - Diagonally flipped tiles are not currently supported
23:48:24.482 [JavaFX Application Thread] WARN  TilesetLoader        - Diagonally flipped tiles are not currently supported
23:48:24.482 [JavaFX Application Thread] WARN  TilesetLoader        - Diagonally flipped tiles are not currently supported
23:48:24.482 [JavaFX Application Thread] WARN  TilesetLoader        - Diagonally flipped tiles are not currently supported
23:48:24.482 [JavaFX Application Thread] WARN  TilesetLoader        - Diagonally flipped tiles are not currently supported
23:48:24.482 [JavaFX Application Thread] WARN  TilesetLoader        - Diagonally flipped tiles are not currently supported
23:48:24.482 [JavaFX Application Thread] WARN  TilesetLoader        - Diagonally flipped tiles are not currently supported
23:48:24.483 [JavaFX Application Thread] WARN  TilesetLoader        - Diagonally flipped tiles are not currently supported
23:48:24.483 [JavaFX Application Thread] WARN  TilesetLoader        - Diagonally flipped tiles are not currently supported
23:48:24.483 [JavaFX Application Thread] WARN  TilesetLoader        - Diagonally flipped tiles are not currently supported
23:48:24.483 [JavaFX Application Thread] WARN  TilesetLoader        - Diagonally flipped tiles are not currently supported
23:48:24.483 [JavaFX Application Thread] WARN  TilesetLoader        - Diagonally flipped tiles are not currently supported
23:48:24.483 [JavaFX Application Thread] WARN  TilesetLoader        - Diagonally flipped tiles are not currently supported
23:48:24.483 [JavaFX Application Thread] WARN  TilesetLoader        - Diagonally flipped tiles are not currently supported
23:48:24.483 [JavaFX Application Thread] WARN  TilesetLoader        - Diagonally flipped tiles are not currently supported
23:48:24.483 [JavaFX Application Thread] WARN  TilesetLoader        - Diagonally flipped tiles are not currently supported
23:48:24.483 [JavaFX Application Thread] WARN  TilesetLoader        - Diagonally flipped tiles are not currently supported
23:48:24.483 [JavaFX Application Thread] WARN  TilesetLoader        - Diagonally flipped tiles are not currently supported
23:48:24.484 [JavaFX Application Thread] WARN  TilesetLoader        - Diagonally flipped tiles are not currently supported
23:48:24.484 [JavaFX Application Thread] WARN  TilesetLoader        - Diagonally flipped tiles are not currently supported
23:48:24.485 [JavaFX Application Thread] WARN  TilesetLoader        - Diagonally flipped tiles are not currently supported
23:48:24.485 [JavaFX Application Thread] WARN  TilesetLoader        - Diagonally flipped tiles are not currently supported
23:48:24.486 [JavaFX Application Thread] WARN  TilesetLoader        - Diagonally flipped tiles are not currently supported
23:48:24.487 [JavaFX Application Thread] WARN  TilesetLoader        - Diagonally flipped tiles are not currently supported
23:48:24.487 [JavaFX Application Thread] WARN  TilesetLoader        - Diagonally flipped tiles are not currently supported
23:48:24.487 [JavaFX Application Thread] WARN  TilesetLoader        - Diagonally flipped tiles are not currently supported
23:48:24.487 [JavaFX Application Thread] WARN  TilesetLoader        - Diagonally flipped tiles are not currently supported
23:48:24.487 [JavaFX Application Thread] WARN  TilesetLoader        - Diagonally flipped tiles are not currently supported
23:48:24.487 [JavaFX Application Thread] WARN  TilesetLoader        - Diagonally flipped tiles are not currently supported
23:48:24.488 [JavaFX Application Thread] WARN  TilesetLoader        - Diagonally flipped tiles are not currently supported
23:48:24.488 [JavaFX Application Thread] WARN  TilesetLoader        - Diagonally flipped tiles are not currently supported
23:48:24.488 [JavaFX Application Thread] WARN  TilesetLoader        - Diagonally flipped tiles are not currently supported
23:48:24.489 [JavaFX Application Thread] WARN  TilesetLoader        - Diagonally flipped tiles are not currently supported
23:48:24.489 [JavaFX Application Thread] WARN  TilesetLoader        - Diagonally flipped tiles are not currently supported
23:48:24.489 [JavaFX Application Thread] WARN  TilesetLoader        - Diagonally flipped tiles are not currently supported
23:48:24.489 [JavaFX Application Thread] WARN  TilesetLoader        - Diagonally flipped tiles are not currently supported
23:48:24.489 [JavaFX Application Thread] WARN  TilesetLoader        - Diagonally flipped tiles are not currently supported
23:48:24.489 [JavaFX Application Thread] WARN  TilesetLoader        - Diagonally flipped tiles are not currently supported
23:48:24.490 [JavaFX Application Thread] DEBUG TilesetLoader        - Loading view for layer piso
23:48:24.491 [JavaFX Application Thread] DEBUG TilesetLoader        - Created buffer with size 1312.0x960.0
23:48:24.493 [JavaFX Application Thread] DEBUG TilesetLoader        - Loading view for layer detallesdetraspared
23:48:24.494 [JavaFX Application Thread] DEBUG TilesetLoader        - Created buffer with size 1312.0x960.0
23:48:24.509 [JavaFX Application Thread] DEBUG TilesetLoader        - Loading view for layer pared1
23:48:24.511 [JavaFX Application Thread] DEBUG TilesetLoader        - Created buffer with size 1312.0x960.0
23:48:24.514 [JavaFX Application Thread] DEBUG TilesetLoader        - Loading view for layer pared2
23:48:24.515 [JavaFX Application Thread] DEBUG TilesetLoader        - Created buffer with size 1312.0x960.0
23:48:24.516 [JavaFX Application Thread] DEBUG TilesetLoader        - Loading view for layer pared3
23:48:24.517 [JavaFX Application Thread] DEBUG TilesetLoader        - Created buffer with size 1312.0x960.0
23:48:24.518 [JavaFX Application Thread] DEBUG TilesetLoader        - Loading view for layer detalles
23:48:24.519 [JavaFX Application Thread] DEBUG TilesetLoader        - Created buffer with size 1312.0x960.0
23:48:24.544 [JavaFX Application Thread] DEBUG TilesetLoader        - Loading view for layer detalles2
23:48:24.545 [JavaFX Application Thread] DEBUG TilesetLoader        - Created buffer with size 1312.0x960.0
23:48:24.559 [JavaFX Application Thread] DEBUG TilesetLoader        - Loading view for layer camaras
23:48:24.560 [JavaFX Application Thread] DEBUG TilesetLoader        - Created buffer with size 1312.0x960.0
23:48:24.562 [JavaFX Application Thread] DEBUG TilesetLoader        - Loading view for layer grieta
23:48:24.562 [JavaFX Application Thread] DEBUG TilesetLoader        - Created buffer with size 1312.0x960.0
23:48:24.564 [JavaFX Application Thread] DEBUG TMXLevelLoader       - Creating object layer entities
23:48:24.593 [JavaFX Application Thread] WARN  TMXLevelLoader       - Parse error
java.lang.IllegalArgumentException: No EntityFactory has a method annotated @Spawns()
	at com.almasb.fxgl.entity.GameWorld.create(GameWorld.kt:413)
	at com.almasb.fxgl.entity.level.tiled.TMXLevelLoader.createObjectLayerEntities(TMXLevelLoader.kt:154)
	at com.almasb.fxgl.entity.level.tiled.TMXLevelLoader.load(TMXLevelLoader.kt:60)
	at com.almasb.fxgl.app.services.FXGLAssetLoaderService.loadLevel(FXGLAssetLoaderService.kt:449)
	at com.almasb.fxgl.dsl.FXGL$Companion.setLevelFromMap(FXGL.kt:643)
	at com.almasb.fxgl.dsl.FXGL.setLevelFromMap(FXGL.kt)
	at main.java.amongUs.AppPrincipal.empezarPartida(AppPrincipal.java:413)
	at main.java.amongUs.Cliente$1.lambda$received$2(Cliente.java:60)
	at com.sun.javafx.application.PlatformImpl.lambda$runLater$10(PlatformImpl.java:456)
	at java.base/java.security.AccessController.doPrivileged(AccessController.java:138)
	at com.sun.javafx.application.PlatformImpl.lambda$runLater$11(PlatformImpl.java:455)
	at com.sun.glass.ui.InvokeLaterDispatcher$Future.run(InvokeLaterDispatcher.java:95)
	at com.sun.glass.ui.win.WinApplication._runLoop(Native Method)
	at com.sun.glass.ui.win.WinApplication.lambda$runLoop$3(WinApplication.java:185)
	at java.base/java.lang.Thread.run(Thread.java:1474)

23:48:27.548 [JavaFX Application Thread] DEBUG FXGLApplication      - Exiting FXGL
23:48:27.548 [JavaFX Application Thread] DEBUG LoopRunner           - Stopping loop
23:48:27.548 [JavaFX Application Thread] DEBUG SystemBundleService  - Saving FXGL system data
23:48:27.553 [JavaFX Application Thread] DEBUG FileSystemAccess     - Writing to: C:\Users\nicol\Desktop\amongu\system\fxgl.bundle
23:48:27.557 [JavaFX Application Thread] DEBUG Async                - Shutting down background threads
23:48:27.557 [JavaFX Application Thread] DEBUG PrimaryStageWindow   - Closing main window
23:48:27.586 [JavaFX Application Thread] DEBUG Logger               - Closing Logger
