13:21:18.240 [main                     ] DEBUG Logger               - Configured Logger
13:21:18.258 [main                     ] DEBUG GameApplication      - Logging settings
Title: Among Us UNEG
Version: 0.0
Width: 800
Height: 600
Fullscreen: false
Intro: false
Profiling: false
Single step:false
App Mode: DEVELOPER
Menu Key: ESCAPE
Stage Style: DECORATED
Scene Factory: class com.almasb.fxgl.app.scene.SceneFactory

13:21:19.054 [JavaFX Application Thread] DEBUG FXGLApplication      - Initializing FXGL
13:21:19.058 [JavaFX Application Thread] INFO  Engine               - FXGL-21.1 (26.03.2024 17.33) on WINDOWS (J:25.0.2 FX:21.0.1)
13:21:19.059 [JavaFX Application Thread] DEBUG Engine               - JRE Vendor Name: Oracle Corporation
13:21:19.059 [JavaFX Application Thread] DEBUG Engine               - Running on OS: Windows 11 version 10.0
13:21:19.059 [JavaFX Application Thread] DEBUG Engine               - Architecture: amd64
13:21:19.059 [JavaFX Application Thread] INFO  Engine               - Source code and latest versions at: https://github.com/AlmasB/FXGL
13:21:19.060 [JavaFX Application Thread] INFO  Engine               -       Ask questions and discuss at: https://github.com/AlmasB/FXGL/discussions
13:21:19.060 [JavaFX Application Thread] INFO  Engine               -              Join the FXGL chat at: https://gitter.im/AlmasB/FXGL
13:21:19.226 [JavaFX Application Thread] DEBUG PrimaryStageWindow   - Creating a JavaFX scene
13:21:19.399 [JavaFX Application Thread] DEBUG PrimaryStageWindow   - Target settings size: 800.0 x 600.0
13:21:19.399 [JavaFX Application Thread] DEBUG PrimaryStageWindow   - Scaled scene size:    800.0 x 600.0
13:21:19.399 [JavaFX Application Thread] DEBUG PrimaryStageWindow   - Scaled ratio: (1.0, 1.0)
13:21:19.402 [JavaFX Application Thread] DEBUG PrimaryStageWindow   - Set initial scene to FXGLStartupScene
13:21:19.408 [JavaFX Application Thread] DEBUG PrimaryStageWindow   - Opening main window
13:21:19.579 [JavaFX Application Thread] DEBUG PrimaryStageWindow   - Window border size: (16.0, 39.0)
13:21:19.579 [JavaFX Application Thread] DEBUG PrimaryStageWindow   - Scaled size: 800.0 x 600.0
13:21:19.579 [JavaFX Application Thread] DEBUG PrimaryStageWindow   - Scaled ratio: (1.0, 1.0)
13:21:19.579 [JavaFX Application Thread] DEBUG PrimaryStageWindow   - Scene size: 800.0 x 600.0
13:21:19.579 [JavaFX Application Thread] DEBUG PrimaryStageWindow   - Stage size: 816.0 x 639.0
13:21:19.642 [FXGL Background Thread 1 ] DEBUG Engine               - Initializing environment variables
13:21:19.767 [FXGL Background Thread 1 ] DEBUG FXGLAssetLoaderServi - User app class for loading assets: class main.java.amongUs.AppPrincipal
13:21:19.768 [FXGL Background Thread 1 ] DEBUG GameApplicationServi - Applying CSS: fxgl_dark.css
13:21:19.769 [FXGL Background Thread 1 ] DEBUG FXGLAssetLoaderServi - Loading from file system: jar:file:/C:/Users/josue/OneDrive/Desktop/proyecto%20java/Among%20Us/lib/fxgl-21.1-uber.jar!/fxglassets/ui/css/fxgl_dark.css
13:21:19.870 [FXGL Background Thread 1 ] DEBUG GameApplicationServi - Initializing application scenes
13:21:20.065 [FXGL Background Thread 1 ] DEBUG GameWorld            - Game world initialized
13:21:20.146 [FXGL Background Thread 1 ] DEBUG PhysicsWorld         - Physics world initialized: appHeight=600, physics.ppm=50,0
13:21:20.146 [FXGL Background Thread 1 ] DEBUG PhysicsWorld         - Using strategy: BRUTE_FORCE
13:21:20.152 [FXGL Background Thread 1 ] DEBUG GameScene            - Game scene initialized: 800x600
13:21:20.169 [FXGL Background Thread 1 ] DEBUG FXGL.DefaultMenu     - createMenuBodyGameMenu()
13:21:20.191 [FXGL Background Thread 1 ] DEBUG FXGL.DefaultMenu     - createOptionsMenu()
13:21:20.208 [FXGL Background Thread 1 ] DEBUG FXGLAssetLoaderServi - Loading from file system: jar:file:/C:/Users/josue/OneDrive/Desktop/proyecto%20java/Among%20Us/lib/fxgl-21.1-uber.jar!/fxglassets/textures/particles/smoke.png
13:21:20.364 [FXGL Background Thread 1 ] DEBUG FXGLAssetLoaderServi - Loading from file system: jar:file:/C:/Users/josue/OneDrive/Desktop/proyecto%20java/Among%20Us/lib/fxgl-21.1-uber.jar!/fxglassets/textures/particles/trace_horizontal.png
13:21:20.402 [FXGL Background Thread 1 ] DEBUG GameApplicationServi - Application scenes initialized
13:21:20.438 [FXGL Background Thread 1 ] DEBUG SystemBundleService  - Loading FXGL system data
13:21:20.443 [FXGL Background Thread 1 ] DEBUG FileSystemAccess     - Reading from: C:\Users\josue\OneDrive\Desktop\proyecto java\Among Us\system\fxgl.bundle
13:21:20.453 [FXGL Background Thread 1 ] DEBUG SystemBundleService  - Bundle FXGL: {}
13:21:20.453 [FXGL Background Thread 1 ] DEBUG UpdaterService       - Checking for updates
13:21:20.461 [FXGL Background Thread 1 ] DEBUG FXGLApplication      - Loading default localization
13:21:20.461 [FXGL Background Thread 1 ] DEBUG FXGLAssetLoaderServi - Loading from file system: jar:file:/C:/Users/josue/OneDrive/Desktop/proyecto%20java/Among%20Us/lib/fxgl-21.1-uber.jar!/fxglassets/languages/english.lang
13:21:20.471 [FXGL Background Thread 4 ] DEBUG FXGLApplication      - Loading fonts
13:21:20.472 [FXGL Background Thread 4 ] DEBUG FXGLAssetLoaderServi - Loading from file system: jar:file:/C:/Users/josue/OneDrive/Desktop/proyecto%20java/Among%20Us/lib/fxgl-21.1-uber.jar!/fxglassets/ui/fonts/VarelaRound-Regular.ttf
13:21:20.539 [FXGL Background Thread 1 ] INFO  FXGLApplication      - FXGL initialization took: 0,898 sec
13:21:20.552 [JavaFX Application Thread] DEBUG Input                - Registered new binding: Mover Arriba - W
13:21:20.552 [JavaFX Application Thread] DEBUG Input                - Registered new binding: Mover Abajo - S
13:21:20.552 [JavaFX Application Thread] DEBUG Input                - Registered new binding: Mover Izquierda - A
13:21:20.552 [JavaFX Application Thread] DEBUG Input                - Registered new binding: Mover Derecha - D
13:21:20.552 [JavaFX Application Thread] DEBUG Input                - Registered new binding: Abrir Camaras - C
13:21:20.553 [JavaFX Application Thread] DEBUG Input                - Registered new binding: Usar Alcantarilla - Space
13:21:20.553 [JavaFX Application Thread] DEBUG Input                - Registered new binding: Vent Izquierda - Left
13:21:20.553 [JavaFX Application Thread] DEBUG Input                - Registered new binding: Vent Derecha - Right
13:21:20.553 [JavaFX Application Thread] DEBUG Input                - Registered new binding: Vent Arriba - Up
13:21:20.554 [JavaFX Application Thread] DEBUG Input                - Registered new binding: Vent Abajo - Down
13:21:20.554 [JavaFX Application Thread] DEBUG Input                - Registered new binding: Matar Jugador - Q
13:21:20.554 [JavaFX Application Thread] DEBUG Input                - Registered new binding: Reportar Cadaver - R
13:21:20.554 [JavaFX Application Thread] DEBUG FXGLAssetLoaderServi - Loading from file system: file:/C:/Users/josue/OneDrive/Desktop/proyecto%20java/Among%20Us/out/production/Among%20Us/assets/textures/icono.png
13:21:20.589 [JavaFX Application Thread] DEBUG FXGLAssetLoaderServi - Loading from file system: jar:file:/C:/Users/josue/OneDrive/Desktop/proyecto%20java/Among%20Us/lib/fxgl-21.1-uber.jar!/fxglassets/textures/fxgl_default_cursor.png
13:21:20.592 [JavaFX Application Thread] DEBUG Input                - Registered new binding: Screenshot - CTRL+8
13:21:20.593 [JavaFX Application Thread] DEBUG Input                - Registered new binding: System info dump - CTRL+9
13:21:20.594 [JavaFX Application Thread] DEBUG Input                - Registered new binding: Restart - CTRL+R
13:21:20.594 [JavaFX Application Thread] DEBUG Input                - Registered new binding: Toggle Debug Camera - CTRL+7
13:21:20.600 [JavaFX Application Thread] DEBUG LoopRunner           - Starting loop
13:21:20.601 [JavaFX Application Thread] DEBUG LoopRunner           - Initializing JavaFX AnimationTimerLoop
13:21:20.605 [JavaFX Application Thread] DEBUG GameApplicationServi - Starting new game
13:21:20.605 [JavaFX Application Thread] DEBUG Input                - Clearing active input actions
13:21:20.636 [JavaFX Application Thread] DEBUG GameApplicationServi - Removing overlay from FXGLStartupScene and adding to FXGLLoadingScene
13:21:20.636 [JavaFX Application Thread] DEBUG PrimaryStageWindow   - FXGLStartupScene -> FXGLLoadingScene
13:21:20.636 [JavaFX Application Thread] DEBUG GameApplicationServi - Clearing previous game
13:21:20.637 [JavaFX Application Thread] DEBUG GameScene            - Clearing game scene
13:21:20.637 [JavaFX Application Thread] DEBUG GameWorld            - Clearing game world
13:21:20.637 [JavaFX Application Thread] DEBUG PhysicsWorld         - Clearing physics world
13:21:20.642 [FXGL Background Thread 1 ] DEBUG FXGLApplication      - Initializing game
13:21:20.653 [FXGL Background Thread 1 ] DEBUG FXGLAssetLoaderServi - Loading from file system: file:/C:/Users/josue/OneDrive/Desktop/proyecto%20java/Among%20Us/out/production/Among%20Us/assets/music/musicaMenu.mp3
13:21:21.200 [FXGL Background Thread 4 ] DEBUG FXGLAssetLoaderServi - Loading from file system: jar:file:/C:/Users/josue/OneDrive/Desktop/proyecto%20java/Among%20Us/lib/fxgl-21.1-uber.jar!/fxglassets/ui/fonts/Abel-Regular.ttf
13:21:21.232 [FXGL Background Thread 4 ] DEBUG FXGLAssetLoaderServi - Loading from file system: jar:file:/C:/Users/josue/OneDrive/Desktop/proyecto%20java/Among%20Us/lib/fxgl-21.1-uber.jar!/fxglassets/ui/fonts/TerminalLandMono-Regular.otf
13:21:21.243 [FXGL Background Thread 4 ] DEBUG FXGLAssetLoaderServi - Loading from file system: jar:file:/C:/Users/josue/OneDrive/Desktop/proyecto%20java/Among%20Us/lib/fxgl-21.1-uber.jar!/fxglassets/ui/fonts/Courier-Prime.ttf
13:21:21.271 [JavaFX Application Thread] DEBUG FXGLApplication      - Registering font factories with UI factory
13:21:21.313 [FXGL Background Thread 1 ] DEBUG AudioPlayer          - Playing music com.almasb.fxgl.audio.Music@17a60167
13:21:22.965 [FXGL Background Thread 1 ] INFO  FXGLApplication      - Game initialization took: 2,323 sec
13:21:22.973 [JavaFX Application Thread] DEBUG Input                - Clearing active input actions
13:21:22.999 [JavaFX Application Thread] DEBUG GameApplicationServi - Removing overlay from FXGLLoadingScene and adding to GameScene
13:21:22.999 [JavaFX Application Thread] DEBUG PrimaryStageWindow   - FXGLLoadingScene -> GameScene
13:21:23.075 [FXGL Background Thread 2 ] INFO  UpdaterService       - Your current version:  21.1
13:21:23.076 [FXGL Background Thread 2 ] INFO  UpdaterService       - Latest stable version: 25
13:21:23.459 [FXGL Background Thread 3 ] DEBUG Engine               - Logging environment variables
13:21:23.459 [FXGL Background Thread 3 ] DEBUG Engine               - achievements: []
13:21:23.459 [FXGL Background Thread 3 ] DEBUG Engine               - actualHeight: 600.0
13:21:23.459 [FXGL Background Thread 3 ] DEBUG Engine               - actualHeightProperty: ReadOnlyDoubleProperty [value: 600.0]
13:21:23.459 [FXGL Background Thread 3 ] DEBUG Engine               - actualWidth: 800.0
13:21:23.459 [FXGL Background Thread 3 ] DEBUG Engine               - actualWidthProperty: ReadOnlyDoubleProperty [value: 800.0]
13:21:23.460 [FXGL Background Thread 3 ] DEBUG Engine               - appIcon: icono.png
13:21:23.460 [FXGL Background Thread 3 ] DEBUG Engine               - applicationMode: DEVELOPER
13:21:23.460 [FXGL Background Thread 3 ] DEBUG Engine               - cSSList: [fxgl_dark.css]
13:21:23.460 [FXGL Background Thread 3 ] DEBUG Engine               - collisionDetectionStrategy: BRUTE_FORCE
13:21:23.460 [FXGL Background Thread 3 ] DEBUG Engine               - configClass: Optional.empty
13:21:23.460 [FXGL Background Thread 3 ] DEBUG Engine               - credits: []
13:21:23.460 [FXGL Background Thread 3 ] DEBUG Engine               - defaultCursor: CursorInfo(imageName=fxgl_default_cursor.png, hotspotX=7.0, hotspotY=6.0)
13:21:23.460 [FXGL Background Thread 3 ] DEBUG Engine               - devBBoxColorProperty: ObjectProperty [value: 0xff0000ff]
13:21:23.460 [FXGL Background Thread 3 ] DEBUG Engine               - devEnableDebugCameraProperty: BooleanProperty [value: false]
13:21:23.460 [FXGL Background Thread 3 ] DEBUG Engine               - devSensorColorProperty: ObjectProperty [value: 0xffff00ff]
13:21:23.460 [FXGL Background Thread 3 ] DEBUG Engine               - devShowBBoxProperty: BooleanProperty [value: false]
13:21:23.461 [FXGL Background Thread 3 ] DEBUG Engine               - devShowPositionProperty: BooleanProperty [value: false]
13:21:23.461 [FXGL Background Thread 3 ] DEBUG Engine               - enabledMenuItems: []
13:21:23.461 [FXGL Background Thread 3 ] DEBUG Engine               - engineServices: [class com.almasb.fxgl.app.services.FXGLAssetLoaderService, class com.almasb.fxgl.app.FXGLApplication$GameApplicationService, class com.almasb.fxgl.app.services.FXGLDialogService, class com.almasb.fxgl.app.services.IOTaskExecutorService, class com.almasb.fxgl.io.FileSystemService, class com.almasb.fxgl.localization.LocalizationService, class com.almasb.fxgl.app.services.SystemBundleService, class com.almasb.fxgl.profile.SaveLoadService, class com.almasb.fxgl.ui.FXGLUIFactoryServiceProvider, class com.almasb.fxgl.ui.FXGLDialogFactoryServiceProvider, class com.almasb.fxgl.audio.AudioPlayer, class com.almasb.fxgl.notification.impl.NotificationServiceProvider, class com.almasb.fxgl.achievement.AchievementService, class com.almasb.fxgl.cutscene.CutsceneService, class com.almasb.fxgl.minigames.MiniGameService, class com.almasb.fxgl.net.NetService, class com.almasb.fxgl.app.services.UpdaterService, class com.almasb.fxgl.dev.DevService]
13:21:23.461 [FXGL Background Thread 3 ] DEBUG Engine               - fontGame: Abel-Regular.ttf
13:21:23.461 [FXGL Background Thread 3 ] DEBUG Engine               - fontMono: TerminalLandMono-Regular.otf
13:21:23.461 [FXGL Background Thread 3 ] DEBUG Engine               - fontSizeScaleUI: 1.0
13:21:23.461 [FXGL Background Thread 3 ] DEBUG Engine               - fontText: Courier-Prime.ttf
13:21:23.461 [FXGL Background Thread 3 ] DEBUG Engine               - fontUI: VarelaRound-Regular.ttf
13:21:23.462 [FXGL Background Thread 3 ] DEBUG Engine               - fullScreen: BooleanProperty [value: false]
13:21:23.462 [FXGL Background Thread 3 ] DEBUG Engine               - gameDifficulty: MEDIUM
13:21:23.462 [FXGL Background Thread 3 ] DEBUG Engine               - gameDifficultyProperty: ObjectProperty [value: MEDIUM]
13:21:23.462 [FXGL Background Thread 3 ] DEBUG Engine               - globalMusicVolume: 0.5
13:21:23.463 [FXGL Background Thread 3 ] DEBUG Engine               - globalMusicVolumeProperty: DoubleProperty [value: 0.4]
13:21:23.464 [FXGL Background Thread 3 ] DEBUG Engine               - globalSoundVolume: 0.5
13:21:23.464 [FXGL Background Thread 3 ] DEBUG Engine               - globalSoundVolumeProperty: DoubleProperty [value: 0.5]
13:21:23.466 [FXGL Background Thread 3 ] DEBUG Engine               - height: 600
13:21:23.467 [FXGL Background Thread 3 ] DEBUG Engine               - is3D: false
13:21:23.467 [FXGL Background Thread 3 ] DEBUG Engine               - isAndroid: false
13:21:23.469 [FXGL Background Thread 3 ] DEBUG Engine               - isBrowser: false
13:21:23.469 [FXGL Background Thread 3 ] DEBUG Engine               - isClickFeedbackEnabled: false
13:21:23.469 [FXGL Background Thread 3 ] DEBUG Engine               - isCloseConfirmation: false
13:21:23.469 [FXGL Background Thread 3 ] DEBUG Engine               - isDesktop: true
13:21:23.469 [FXGL Background Thread 3 ] DEBUG Engine               - isDeveloperMenuEnabled: false
13:21:23.469 [FXGL Background Thread 3 ] DEBUG Engine               - isEmbedded: false
13:21:23.470 [FXGL Background Thread 3 ] DEBUG Engine               - isEntityPreloadEnabled: true
13:21:23.470 [FXGL Background Thread 3 ] DEBUG Engine               - isExperimentalTiledLargeMap: false
13:21:23.470 [FXGL Background Thread 3 ] DEBUG Engine               - isFileSystemWriteAllowed: true
13:21:23.470 [FXGL Background Thread 3 ] DEBUG Engine               - isFullScreenAllowed: false
13:21:23.470 [FXGL Background Thread 3 ] DEBUG Engine               - isFullScreenFromStart: false
13:21:23.470 [FXGL Background Thread 3 ] DEBUG Engine               - isGameMenuEnabled: true
13:21:23.470 [FXGL Background Thread 3 ] DEBUG Engine               - isIOS: false
13:21:23.470 [FXGL Background Thread 3 ] DEBUG Engine               - isIntroEnabled: false
13:21:23.470 [FXGL Background Thread 3 ] DEBUG Engine               - isLinux: false
13:21:23.470 [FXGL Background Thread 3 ] DEBUG Engine               - isMac: false
13:21:23.470 [FXGL Background Thread 3 ] DEBUG Engine               - isMainMenuEnabled: false
13:21:23.470 [FXGL Background Thread 3 ] DEBUG Engine               - isManualResizeEnabled: false
13:21:23.470 [FXGL Background Thread 3 ] DEBUG Engine               - isMobile: false
13:21:23.470 [FXGL Background Thread 3 ] DEBUG Engine               - isNative: false
13:21:23.470 [FXGL Background Thread 3 ] DEBUG Engine               - isPauseMusicWhenMinimized: true
13:21:23.471 [FXGL Background Thread 3 ] DEBUG Engine               - isPreserveResizeRatio: false
13:21:23.471 [FXGL Background Thread 3 ] DEBUG Engine               - isProfilingEnabled: false
13:21:23.471 [FXGL Background Thread 3 ] DEBUG Engine               - isScaleAffectedOnResize: true
13:21:23.471 [FXGL Background Thread 3 ] DEBUG Engine               - isSingleStep: false
13:21:23.471 [FXGL Background Thread 3 ] DEBUG Engine               - isUserProfileEnabled: false
13:21:23.471 [FXGL Background Thread 3 ] DEBUG Engine               - isWindows: true
13:21:23.471 [FXGL Background Thread 3 ] DEBUG Engine               - language: ObjectProperty [value: ENGLISH]
13:21:23.471 [FXGL Background Thread 3 ] DEBUG Engine               - menuKey: ESCAPE
13:21:23.471 [FXGL Background Thread 3 ] DEBUG Engine               - mouseSensitivity: 0.2
13:21:23.471 [FXGL Background Thread 3 ] DEBUG Engine               - notificationViewClass: class com.almasb.fxgl.notification.view.XboxNotificationView
13:21:23.471 [FXGL Background Thread 3 ] DEBUG Engine               - pixelsPerMeter: 50.0
13:21:23.471 [FXGL Background Thread 3 ] DEBUG Engine               - platform: WINDOWS
13:21:23.471 [FXGL Background Thread 3 ] DEBUG Engine               - prefHeightProperty: ReadOnlyDoubleProperty [value: 600.0]
13:21:23.472 [FXGL Background Thread 3 ] DEBUG Engine               - prefWidthProperty: ReadOnlyDoubleProperty [value: 800.0]
13:21:23.472 [FXGL Background Thread 3 ] DEBUG Engine               - profileDir: profiles/
13:21:23.472 [FXGL Background Thread 3 ] DEBUG Engine               - profileName: StringProperty [value: DEFAULT]
13:21:23.472 [FXGL Background Thread 3 ] DEBUG Engine               - randomSeed: -1
13:21:23.472 [FXGL Background Thread 3 ] DEBUG Engine               - runtimeInfo: RuntimeInfo(platform=WINDOWS, version=21.1, build=26.03.2024 17.33)
13:21:23.472 [FXGL Background Thread 3 ] DEBUG Engine               - saveFileExt: sav
13:21:23.472 [FXGL Background Thread 3 ] DEBUG Engine               - scaledHeightProp$fxgl: DoubleProperty [bound, value: 600.0]
13:21:23.472 [FXGL Background Thread 3 ] DEBUG Engine               - scaledWidthProp$fxgl: DoubleProperty [bound, value: 800.0]
13:21:23.472 [FXGL Background Thread 3 ] DEBUG Engine               - sceneFactory: com.almasb.fxgl.app.scene.SceneFactory@5f76d05c
13:21:23.472 [FXGL Background Thread 3 ] DEBUG Engine               - secondsIn24h: 60
13:21:23.472 [FXGL Background Thread 3 ] DEBUG Engine               - soundMenuBack: menu/back.wav
13:21:23.472 [FXGL Background Thread 3 ] DEBUG Engine               - soundMenuPress: menu/press.wav
13:21:23.472 [FXGL Background Thread 3 ] DEBUG Engine               - soundMenuSelect: menu/select.wav
13:21:23.472 [FXGL Background Thread 3 ] DEBUG Engine               - soundNotification: core/notification.wav
13:21:23.472 [FXGL Background Thread 3 ] DEBUG Engine               - stageStyle: DECORATED
13:21:23.473 [FXGL Background Thread 3 ] DEBUG Engine               - supportedLanguages: [ENGLISH, FRENCH, GERMAN, HUNGARIAN, RUSSIAN]
13:21:23.473 [FXGL Background Thread 3 ] DEBUG Engine               - ticksPerSecond: -1
13:21:23.473 [FXGL Background Thread 3 ] DEBUG Engine               - title: Among Us UNEG
13:21:23.473 [FXGL Background Thread 3 ] DEBUG Engine               - urlGithub: https://github.com/AlmasB/FXGL
13:21:23.473 [FXGL Background Thread 3 ] DEBUG Engine               - urlLeaderboard: http://fxgl-top.herokuapp.com/
13:21:23.473 [FXGL Background Thread 3 ] DEBUG Engine               - urlPOM: https://raw.githubusercontent.com/AlmasB/FXGL/release/README.md
13:21:23.473 [FXGL Background Thread 3 ] DEBUG Engine               - userAppClass: class main.java.amongUs.AppPrincipal
13:21:23.473 [FXGL Background Thread 3 ] DEBUG Engine               - version: 0.0
13:21:23.473 [FXGL Background Thread 3 ] DEBUG Engine               - versionCheckDays: 7
13:21:23.473 [FXGL Background Thread 3 ] DEBUG Engine               - width: 800
13:21:23.473 [FXGL Background Thread 3 ] DEBUG Engine               - Logging services
13:21:23.473 [FXGL Background Thread 3 ] DEBUG Engine               - class com.almasb.fxgl.app.services.FXGLAssetLoaderService
13:21:23.473 [FXGL Background Thread 3 ] DEBUG Engine               - class com.almasb.fxgl.app.FXGLApplication$GameApplicationService
13:21:23.473 [FXGL Background Thread 3 ] DEBUG Engine               - class com.almasb.fxgl.app.services.FXGLDialogService
13:21:23.473 [FXGL Background Thread 3 ] DEBUG Engine               - class com.almasb.fxgl.app.services.IOTaskExecutorService
13:21:23.473 [FXGL Background Thread 3 ] DEBUG Engine               - class com.almasb.fxgl.io.FileSystemService
13:21:23.473 [FXGL Background Thread 3 ] DEBUG Engine               - class com.almasb.fxgl.localization.LocalizationService
13:21:23.473 [FXGL Background Thread 3 ] DEBUG Engine               - class com.almasb.fxgl.app.services.SystemBundleService
13:21:23.473 [FXGL Background Thread 3 ] DEBUG Engine               - class com.almasb.fxgl.profile.SaveLoadService
13:21:23.473 [FXGL Background Thread 3 ] DEBUG Engine               - class com.almasb.fxgl.ui.FXGLUIFactoryServiceProvider
13:21:23.473 [FXGL Background Thread 3 ] DEBUG Engine               - class com.almasb.fxgl.ui.FXGLDialogFactoryServiceProvider
13:21:23.473 [FXGL Background Thread 3 ] DEBUG Engine               - class com.almasb.fxgl.audio.AudioPlayer
13:21:23.473 [FXGL Background Thread 3 ] DEBUG Engine               - class com.almasb.fxgl.notification.impl.NotificationServiceProvider
13:21:23.473 [FXGL Background Thread 3 ] DEBUG Engine               - class com.almasb.fxgl.achievement.AchievementService
13:21:23.473 [FXGL Background Thread 3 ] DEBUG Engine               - class com.almasb.fxgl.cutscene.CutsceneService
13:21:23.476 [FXGL Background Thread 3 ] DEBUG Engine               - class com.almasb.fxgl.minigames.MiniGameService
13:21:23.476 [FXGL Background Thread 3 ] DEBUG Engine               - class com.almasb.fxgl.net.NetService
13:21:23.476 [FXGL Background Thread 3 ] DEBUG Engine               - class com.almasb.fxgl.app.services.UpdaterService
13:21:23.476 [FXGL Background Thread 3 ] DEBUG Engine               - class com.almasb.fxgl.dev.DevService
13:21:37.845 [JavaFX Application Thread] DEBUG FXGLAssetLoaderServi - Loading from file system: file:/C:/Users/josue/OneDrive/Desktop/proyecto%20java/Among%20Us/out/production/Among%20Us/assets/sounds/clickBoton.wav
13:21:41.856 [JavaFX Application Thread] DEBUG FXGLAssetLoaderServi - Loading from file system: file:/C:/Users/josue/OneDrive/Desktop/proyecto%20java/Among%20Us/out/production/Among%20Us/assets/textures/tripulante_blanco.png
13:21:51.053 [JavaFX Application Thread] DEBUG FXGLAssetLoaderServi - Loading from file system: file:/C:/Users/josue/OneDrive/Desktop/proyecto%20java/Among%20Us/out/production/Among%20Us/assets/textures/tripulante_negro.png
13:21:52.005 [JavaFX Application Thread] WARN  TMXLevelLoader       - TiledMap generated from 1.11.2. Supported version: 1.9.0. Some features may not be parsed fully.
13:21:52.059 [JavaFX Application Thread] DEBUG TMXLevelLoader       - Parsed TiledMap: file:/C:/Users/josue/OneDrive/Desktop/proyecto%20java/Among%20Us/out/production/Among%20Us/assets/levels/mapa1.tmx
13:21:52.060 [JavaFX Application Thread] DEBUG TMXLevelLoader       - Creating tile layer entities
13:21:52.063 [JavaFX Application Thread] DEBUG TilesetLoader        - Loading view for layer fondo
13:21:52.064 [JavaFX Application Thread] DEBUG TilesetLoader        - Created buffer with size 992.0x928.0
13:21:52.264 [JavaFX Application Thread] DEBUG TilesetLoader        - Loading view for layer pasillo
13:21:52.266 [JavaFX Application Thread] DEBUG TilesetLoader        - Created buffer with size 992.0x928.0
13:21:52.278 [JavaFX Application Thread] WARN  TilesetLoader        - Diagonally flipped tiles are not currently supported
13:21:52.295 [JavaFX Application Thread] WARN  TilesetLoader        - Diagonally flipped tiles are not currently supported
13:21:52.297 [JavaFX Application Thread] WARN  TilesetLoader        - Diagonally flipped tiles are not currently supported
13:21:52.299 [JavaFX Application Thread] WARN  TilesetLoader        - Diagonally flipped tiles are not currently supported
13:21:52.300 [JavaFX Application Thread] WARN  TilesetLoader        - Diagonally flipped tiles are not currently supported
13:21:52.304 [JavaFX Application Thread] WARN  TilesetLoader        - Diagonally flipped tiles are not currently supported
13:21:52.307 [JavaFX Application Thread] WARN  TilesetLoader        - Diagonally flipped tiles are not currently supported
13:21:52.311 [JavaFX Application Thread] WARN  TilesetLoader        - Diagonally flipped tiles are not currently supported
13:21:52.312 [JavaFX Application Thread] WARN  TilesetLoader        - Diagonally flipped tiles are not currently supported
13:21:52.315 [JavaFX Application Thread] WARN  TilesetLoader        - Diagonally flipped tiles are not currently supported
13:21:52.320 [JavaFX Application Thread] WARN  TilesetLoader        - Diagonally flipped tiles are not currently supported
13:21:52.325 [JavaFX Application Thread] WARN  TilesetLoader        - Diagonally flipped tiles are not currently supported
13:21:52.326 [JavaFX Application Thread] WARN  TilesetLoader        - Diagonally flipped tiles are not currently supported
13:21:52.327 [JavaFX Application Thread] WARN  TilesetLoader        - Diagonally flipped tiles are not currently supported
13:21:52.328 [JavaFX Application Thread] WARN  TilesetLoader        - Diagonally flipped tiles are not currently supported
13:21:52.329 [JavaFX Application Thread] WARN  TilesetLoader        - Diagonally flipped tiles are not currently supported
13:21:52.330 [JavaFX Application Thread] WARN  TilesetLoader        - Diagonally flipped tiles are not currently supported
13:21:52.334 [JavaFX Application Thread] WARN  TilesetLoader        - Diagonally flipped tiles are not currently supported
13:21:52.335 [JavaFX Application Thread] WARN  TilesetLoader        - Diagonally flipped tiles are not currently supported
13:21:52.335 [JavaFX Application Thread] WARN  TilesetLoader        - Diagonally flipped tiles are not currently supported
13:21:52.343 [JavaFX Application Thread] DEBUG TilesetLoader        - Loading view for layer piso
13:21:52.344 [JavaFX Application Thread] DEBUG TilesetLoader        - Created buffer with size 992.0x928.0
13:21:52.353 [JavaFX Application Thread] DEBUG TilesetLoader        - Loading view for layer detallesdetraspared
13:21:52.353 [JavaFX Application Thread] DEBUG TilesetLoader        - Created buffer with size 992.0x928.0
13:21:52.373 [JavaFX Application Thread] DEBUG TilesetLoader        - Loading view for layer pared1
13:21:52.374 [JavaFX Application Thread] DEBUG TilesetLoader        - Created buffer with size 992.0x928.0
13:21:52.380 [JavaFX Application Thread] DEBUG TilesetLoader        - Loading view for layer pared2
13:21:52.380 [JavaFX Application Thread] DEBUG TilesetLoader        - Created buffer with size 992.0x928.0
13:21:52.383 [JavaFX Application Thread] DEBUG TilesetLoader        - Loading view for layer pared3
13:21:52.384 [JavaFX Application Thread] DEBUG TilesetLoader        - Created buffer with size 992.0x928.0
13:21:52.388 [JavaFX Application Thread] DEBUG TilesetLoader        - Loading view for layer detalles
13:21:52.389 [JavaFX Application Thread] DEBUG TilesetLoader        - Created buffer with size 992.0x928.0
13:21:52.444 [JavaFX Application Thread] DEBUG TilesetLoader        - Loading view for layer detalles2
13:21:52.445 [JavaFX Application Thread] DEBUG TilesetLoader        - Created buffer with size 992.0x928.0
13:21:52.470 [JavaFX Application Thread] DEBUG TilesetLoader        - Loading view for layer camaras
13:21:52.471 [JavaFX Application Thread] DEBUG TilesetLoader        - Created buffer with size 992.0x928.0
13:21:52.474 [JavaFX Application Thread] DEBUG TilesetLoader        - Loading view for layer grieta
13:21:52.474 [JavaFX Application Thread] DEBUG TilesetLoader        - Created buffer with size 992.0x928.0
13:21:52.479 [JavaFX Application Thread] DEBUG TMXLevelLoader       - Creating object layer entities
13:21:52.539 [JavaFX Application Thread] DEBUG GameWorld            - Clearing removable entities
13:21:52.540 [JavaFX Application Thread] DEBUG GameWorld            - Setting level: com.almasb.fxgl.entity.level.Level@7d3eed0f
13:21:52.569 [JavaFX Application Thread] DEBUG FXGLAssetLoaderServi - Loading from file system: file:/C:/Users/josue/OneDrive/Desktop/proyecto%20java/Among%20Us/out/production/Among%20Us/assets/textures/MonitorDeCamaras.png
13:21:52.588 [JavaFX Application Thread] DEBUG FXGLAssetLoaderServi - Loading from file system: file:/C:/Users/josue/OneDrive/Desktop/proyecto%20java/Among%20Us/out/production/Among%20Us/assets/textures/flechaAmarillaIzq.png
13:21:52.591 [JavaFX Application Thread] DEBUG FXGLAssetLoaderServi - Loading from file system: file:/C:/Users/josue/OneDrive/Desktop/proyecto%20java/Among%20Us/out/production/Among%20Us/assets/textures/flechaAmarillaDer.png
13:21:52.601 [JavaFX Application Thread] DEBUG FXGLAssetLoaderServi - Loading from file system: file:/C:/Users/josue/OneDrive/Desktop/proyecto%20java/Among%20Us/out/production/Among%20Us/assets/textures/animacion_fantasma.png
13:21:52.603 [JavaFX Application Thread] DEBUG FXGLAssetLoaderServi - Loading from file system: file:/C:/Users/josue/OneDrive/Desktop/proyecto%20java/Among%20Us/out/production/Among%20Us/assets/textures/blanco_muerto.png
13:21:52.604 [JavaFX Application Thread] DEBUG FXGLAssetLoaderServi - Loading from file system: file:/C:/Users/josue/OneDrive/Desktop/proyecto%20java/Among%20Us/out/production/Among%20Us/assets/textures/animacion_blanco.png
13:21:52.606 [JavaFX Application Thread] DEBUG FXGLAssetLoaderServi - Loading from file system: file:/C:/Users/josue/OneDrive/Desktop/proyecto%20java/Among%20Us/out/production/Among%20Us/assets/textures/alcantarilla_blanco.png
13:21:52.607 [JavaFX Application Thread] DEBUG FXGLAssetLoaderServi - Loading from file system: file:/C:/Users/josue/OneDrive/Desktop/proyecto%20java/Among%20Us/out/production/Among%20Us/assets/textures/alcantarilla_blancoE.png
13:21:52.619 [JavaFX Application Thread] DEBUG FXGLAssetLoaderServi - Loading from file system: file:/C:/Users/josue/OneDrive/Desktop/proyecto%20java/Among%20Us/out/production/Among%20Us/assets/textures/negro_muerto.png
13:21:52.621 [JavaFX Application Thread] DEBUG FXGLAssetLoaderServi - Loading from file system: file:/C:/Users/josue/OneDrive/Desktop/proyecto%20java/Among%20Us/out/production/Among%20Us/assets/textures/animacion_negro.png
13:21:52.621 [JavaFX Application Thread] DEBUG FXGLAssetLoaderServi - Loading from file system: file:/C:/Users/josue/OneDrive/Desktop/proyecto%20java/Among%20Us/out/production/Among%20Us/assets/textures/alcantarilla_negro.png
13:21:52.622 [JavaFX Application Thread] DEBUG FXGLAssetLoaderServi - Loading from file system: file:/C:/Users/josue/OneDrive/Desktop/proyecto%20java/Among%20Us/out/production/Among%20Us/assets/textures/alcantarilla_negroE.png
13:21:52.625 [JavaFX Application Thread] DEBUG FXGLAssetLoaderServi - Loading from file system: file:/C:/Users/josue/OneDrive/Desktop/proyecto%20java/Among%20Us/out/production/Among%20Us/assets/textures/accionNegada.png
13:21:52.631 [JavaFX Application Thread] DEBUG FXGLAssetLoaderServi - Loading from file system: file:/C:/Users/josue/OneDrive/Desktop/proyecto%20java/Among%20Us/out/production/Among%20Us/assets/textures/reportarNegado.png
13:21:52.637 [JavaFX Application Thread] DEBUG FXGLAssetLoaderServi - Loading from file system: file:/C:/Users/josue/OneDrive/Desktop/proyecto%20java/Among%20Us/out/production/Among%20Us/assets/textures/matarNegado.png
13:21:52.645 [JavaFX Application Thread] DEBUG FXGLAssetLoaderServi - Loading from file system: file:/C:/Users/josue/OneDrive/Desktop/proyecto%20java/Among%20Us/out/production/Among%20Us/assets/textures/sabotaje.png
13:21:52.651 [JavaFX Application Thread] DEBUG FXGLAssetLoaderServi - Loading from file system: file:/C:/Users/josue/OneDrive/Desktop/proyecto%20java/Among%20Us/out/production/Among%20Us/assets/textures/pantalla_impostor.png
13:23:33.420 [JavaFX Application Thread] DEBUG FXGLAssetLoaderServi - Loading from file system: file:/C:/Users/josue/OneDrive/Desktop/proyecto%20java/Among%20Us/out/production/Among%20Us/assets/textures/sabotajeNegado.png
13:23:43.143 [JavaFX Application Thread] DEBUG FXGLAssetLoaderServi - Loading from file system: file:/C:/Users/josue/OneDrive/Desktop/proyecto%20java/Among%20Us/out/production/Among%20Us/assets/textures/matar.png
13:23:48.925 [JavaFX Application Thread] DEBUG FXGLAssetLoaderServi - Loading from file system: file:/C:/Users/josue/OneDrive/Desktop/proyecto%20java/Among%20Us/out/production/Among%20Us/assets/textures/reportar.png
13:23:48.938 [JavaFX Application Thread] DEBUG FXGLAssetLoaderServi - Loading from file system: file:/C:/Users/josue/OneDrive/Desktop/proyecto%20java/Among%20Us/out/production/Among%20Us/assets/textures/victoria_impostor.png
13:24:08.259 [JavaFX Application Thread] WARN  TMXLevelLoader       - TiledMap generated from 1.11.2. Supported version: 1.9.0. Some features may not be parsed fully.
13:24:08.283 [JavaFX Application Thread] DEBUG TMXLevelLoader       - Parsed TiledMap: file:/C:/Users/josue/OneDrive/Desktop/proyecto%20java/Among%20Us/out/production/Among%20Us/assets/levels/mapa2.tmx
13:24:08.283 [JavaFX Application Thread] DEBUG TMXLevelLoader       - Creating tile layer entities
13:24:08.283 [JavaFX Application Thread] DEBUG TilesetLoader        - Loading view for layer fondo1
13:24:08.290 [JavaFX Application Thread] DEBUG TilesetLoader        - Created buffer with size 992.0x960.0
13:24:08.308 [JavaFX Application Thread] DEBUG TilesetLoader        - Loading view for layer fondo
13:24:08.308 [JavaFX Application Thread] DEBUG TilesetLoader        - Created buffer with size 992.0x960.0
13:24:08.312 [JavaFX Application Thread] DEBUG TilesetLoader        - Loading view for layer piso
13:24:08.313 [JavaFX Application Thread] DEBUG TilesetLoader        - Created buffer with size 992.0x960.0
13:24:08.319 [JavaFX Application Thread] DEBUG TilesetLoader        - Loading view for layer piso1
13:24:08.321 [JavaFX Application Thread] DEBUG TilesetLoader        - Created buffer with size 992.0x960.0
13:24:08.323 [JavaFX Application Thread] DEBUG TilesetLoader        - Loading view for layer izquierda
13:24:08.323 [JavaFX Application Thread] DEBUG TilesetLoader        - Created buffer with size 992.0x960.0
13:24:08.333 [JavaFX Application Thread] DEBUG TilesetLoader        - Loading view for layer detallesatraspared
13:24:08.334 [JavaFX Application Thread] DEBUG TilesetLoader        - Created buffer with size 992.0x960.0
13:24:08.368 [JavaFX Application Thread] DEBUG TilesetLoader        - Loading view for layer pared2
13:24:08.368 [JavaFX Application Thread] DEBUG TilesetLoader        - Created buffer with size 992.0x960.0
13:24:08.372 [JavaFX Application Thread] DEBUG TilesetLoader        - Loading view for layer techo1
13:24:08.373 [JavaFX Application Thread] DEBUG TilesetLoader        - Created buffer with size 992.0x960.0
13:24:08.375 [JavaFX Application Thread] DEBUG TilesetLoader        - Loading view for layer techo2
13:24:08.376 [JavaFX Application Thread] DEBUG TilesetLoader        - Created buffer with size 992.0x960.0
13:24:08.380 [JavaFX Application Thread] DEBUG TilesetLoader        - Loading view for layer puertita
13:24:08.380 [JavaFX Application Thread] DEBUG TilesetLoader        - Created buffer with size 992.0x960.0
13:24:08.382 [JavaFX Application Thread] DEBUG TilesetLoader        - Loading view for layer puerta
13:24:08.383 [JavaFX Application Thread] DEBUG TilesetLoader        - Created buffer with size 992.0x960.0
13:24:08.385 [JavaFX Application Thread] DEBUG TilesetLoader        - Loading view for layer detalles
13:24:08.385 [JavaFX Application Thread] DEBUG TilesetLoader        - Created buffer with size 992.0x960.0
13:24:08.402 [JavaFX Application Thread] DEBUG TilesetLoader        - Loading view for layer detalles 2
13:24:08.402 [JavaFX Application Thread] DEBUG TilesetLoader        - Created buffer with size 992.0x960.0
13:24:08.419 [JavaFX Application Thread] DEBUG TilesetLoader        - Loading view for layer detalles3
13:24:08.421 [JavaFX Application Thread] DEBUG TilesetLoader        - Created buffer with size 992.0x960.0
13:24:08.449 [JavaFX Application Thread] DEBUG TilesetLoader        - Loading view for layer grieta
13:24:08.452 [JavaFX Application Thread] DEBUG TilesetLoader        - Created buffer with size 992.0x960.0
13:24:08.453 [JavaFX Application Thread] DEBUG TilesetLoader        - Loading view for layer camaras
13:24:08.455 [JavaFX Application Thread] DEBUG TilesetLoader        - Created buffer with size 992.0x960.0
13:24:08.457 [JavaFX Application Thread] DEBUG TilesetLoader        - Loading view for layer Techo
13:24:08.458 [JavaFX Application Thread] DEBUG TilesetLoader        - Created buffer with size 992.0x960.0
13:24:08.459 [JavaFX Application Thread] DEBUG TMXLevelLoader       - Creating object layer entities
13:24:08.502 [JavaFX Application Thread] DEBUG GameWorld            - Clearing removable entities
13:24:08.502 [JavaFX Application Thread] DEBUG GameWorld            - Setting level: com.almasb.fxgl.entity.level.Level@3cc1e6c1
13:25:58.844 [JavaFX Application Thread] DEBUG PrimaryStageWindow   - Push state: FXGLDefaultMenu
13:25:58.850 [JavaFX Application Thread] DEBUG Input                - Clearing active input actions
13:25:58.853 [JavaFX Application Thread] DEBUG GameApplicationServi - Removing overlay from GameScene and adding to FXGLDefaultMenu
13:25:58.854 [JavaFX Application Thread] DEBUG PrimaryStageWindow   - GameScene -> FXGLDefaultMenu
13:25:59.585 [JavaFX Application Thread] DEBUG Menu                 - fireExit()
13:25:59.587 [JavaFX Application Thread] DEBUG PrimaryStageWindow   - Push state: DialogSubScene
13:25:59.587 [JavaFX Application Thread] DEBUG Input                - Clearing active input actions
13:25:59.588 [JavaFX Application Thread] DEBUG GameApplicationServi - Removing overlay from FXGLDefaultMenu and adding to DialogSubScene
13:25:59.588 [JavaFX Application Thread] DEBUG PrimaryStageWindow   - FXGLDefaultMenu -> DialogSubScene
13:26:00.795 [JavaFX Application Thread] DEBUG PrimaryStageWindow   - Pop state: DialogSubScene
13:26:00.795 [JavaFX Application Thread] DEBUG Input                - Clearing active input actions
13:26:00.796 [JavaFX Application Thread] DEBUG GameApplicationServi - Removing overlay from DialogSubScene and adding to FXGLDefaultMenu
13:26:00.796 [JavaFX Application Thread] DEBUG PrimaryStageWindow   - FXGLDefaultMenu <- DialogSubScene
13:26:00.796 [JavaFX Application Thread] DEBUG FXGLApplication      - Exiting FXGL
13:26:00.796 [JavaFX Application Thread] DEBUG LoopRunner           - Stopping loop
13:26:00.796 [JavaFX Application Thread] DEBUG SystemBundleService  - Saving FXGL system data
13:26:00.799 [JavaFX Application Thread] DEBUG FileSystemAccess     - Writing to: C:\Users\josue\OneDrive\Desktop\proyecto java\Among Us\system\fxgl.bundle
13:26:00.802 [JavaFX Application Thread] DEBUG Async                - Shutting down background threads
13:26:00.803 [JavaFX Application Thread] DEBUG PrimaryStageWindow   - Closing main window
13:26:00.841 [JavaFX Application Thread] DEBUG Logger               - Closing Logger
