17:44:41.147 [main                     ] DEBUG Logger               - Configured Logger
17:44:41.176 [main                     ] DEBUG GameApplication      - Logging settings
Title: Among Us UNEG
Version: 0.0
Width: 800
Height: 600
Fullscreen: false
Intro: false
Profiling: false
Single step:false
App Mode: DEVELOPER
Menu Key: ESCAPE
Stage Style: DECORATED
Scene Factory: class com.almasb.fxgl.app.scene.SceneFactory

17:44:43.646 [JavaFX Application Thread] DEBUG FXGLApplication      - Initializing FXGL
17:44:43.654 [JavaFX Application Thread] INFO  Engine               - FXGL-21.1 (26.03.2024 17.33) on WINDOWS (J:25.0.2 FX:21.0.1)
17:44:43.655 [JavaFX Application Thread] DEBUG Engine               - JRE Vendor Name: Oracle Corporation
17:44:43.655 [JavaFX Application Thread] DEBUG Engine               - Running on OS: Windows 11 version 10.0
17:44:43.655 [JavaFX Application Thread] DEBUG Engine               - Architecture: amd64
17:44:43.655 [JavaFX Application Thread] INFO  Engine               - Source code and latest versions at: https://github.com/AlmasB/FXGL
17:44:43.656 [JavaFX Application Thread] INFO  Engine               -       Ask questions and discuss at: https://github.com/AlmasB/FXGL/discussions
17:44:43.656 [JavaFX Application Thread] INFO  Engine               -              Join the FXGL chat at: https://gitter.im/AlmasB/FXGL
17:44:44.386 [JavaFX Application Thread] DEBUG PrimaryStageWindow   - Creating a JavaFX scene
17:44:44.595 [JavaFX Application Thread] DEBUG PrimaryStageWindow   - Target settings size: 800.0 x 600.0
17:44:44.595 [JavaFX Application Thread] DEBUG PrimaryStageWindow   - Scaled scene size:    800.0 x 600.0
17:44:44.595 [JavaFX Application Thread] DEBUG PrimaryStageWindow   - Scaled ratio: (1.0, 1.0)
17:44:44.597 [JavaFX Application Thread] DEBUG PrimaryStageWindow   - Set initial scene to FXGLStartupScene
17:44:44.605 [JavaFX Application Thread] DEBUG PrimaryStageWindow   - Opening main window
17:44:44.825 [JavaFX Application Thread] DEBUG PrimaryStageWindow   - Window border size: (16.0, 39.0)
17:44:44.825 [JavaFX Application Thread] DEBUG PrimaryStageWindow   - Scaled size: 800.0 x 600.0
17:44:44.825 [JavaFX Application Thread] DEBUG PrimaryStageWindow   - Scaled ratio: (1.0, 1.0)
17:44:44.826 [JavaFX Application Thread] DEBUG PrimaryStageWindow   - Scene size: 800.0 x 600.0
17:44:44.826 [JavaFX Application Thread] DEBUG PrimaryStageWindow   - Stage size: 816.0 x 639.0
17:44:44.853 [FXGL Background Thread 1 ] DEBUG Engine               - Initializing environment variables
17:44:45.108 [FXGL Background Thread 1 ] DEBUG FXGLAssetLoaderServi - User app class for loading assets: class main.java.amongUs.AppPrincipal
17:44:45.108 [FXGL Background Thread 1 ] DEBUG GameApplicationServi - Applying CSS: fxgl_dark.css
17:44:45.110 [FXGL Background Thread 1 ] DEBUG FXGLAssetLoaderServi - Loading from file system: jar:file:/C:/Users/josue/OneDrive/Desktop/proyecto%20java/Among%20Us/lib/fxgl-21.1-uber.jar!/fxglassets/ui/css/fxgl_dark.css
17:44:45.436 [FXGL Background Thread 1 ] DEBUG GameApplicationServi - Initializing application scenes
17:44:45.558 [FXGL Background Thread 1 ] DEBUG GameWorld            - Game world initialized
17:44:45.792 [FXGL Background Thread 1 ] DEBUG PhysicsWorld         - Physics world initialized: appHeight=600, physics.ppm=50,0
17:44:45.793 [FXGL Background Thread 1 ] DEBUG PhysicsWorld         - Using strategy: BRUTE_FORCE
17:44:45.806 [FXGL Background Thread 1 ] DEBUG GameScene            - Game scene initialized: 800x600
17:44:45.837 [FXGL Background Thread 1 ] DEBUG FXGL.DefaultMenu     - createMenuBodyGameMenu()
17:44:45.911 [FXGL Background Thread 1 ] DEBUG FXGL.DefaultMenu     - createOptionsMenu()
17:44:45.948 [FXGL Background Thread 1 ] DEBUG FXGLAssetLoaderServi - Loading from file system: jar:file:/C:/Users/josue/OneDrive/Desktop/proyecto%20java/Among%20Us/lib/fxgl-21.1-uber.jar!/fxglassets/textures/particles/smoke.png
17:44:46.146 [FXGL Background Thread 1 ] DEBUG FXGLAssetLoaderServi - Loading from file system: jar:file:/C:/Users/josue/OneDrive/Desktop/proyecto%20java/Among%20Us/lib/fxgl-21.1-uber.jar!/fxglassets/textures/particles/trace_horizontal.png
17:44:46.226 [FXGL Background Thread 1 ] DEBUG GameApplicationServi - Application scenes initialized
17:44:46.255 [FXGL Background Thread 1 ] DEBUG SystemBundleService  - Loading FXGL system data
17:44:46.266 [FXGL Background Thread 1 ] DEBUG FileSystemAccess     - Reading from: C:\Users\josue\OneDrive\Desktop\proyecto java\Among Us\system\fxgl.bundle
17:44:46.280 [FXGL Background Thread 1 ] DEBUG SystemBundleService  - Bundle FXGL: {}
17:44:46.281 [FXGL Background Thread 1 ] DEBUG UpdaterService       - Checking for updates
17:44:46.292 [FXGL Background Thread 1 ] DEBUG FXGLApplication      - Loading default localization
17:44:46.292 [FXGL Background Thread 1 ] DEBUG FXGLAssetLoaderServi - Loading from file system: jar:file:/C:/Users/josue/OneDrive/Desktop/proyecto%20java/Among%20Us/lib/fxgl-21.1-uber.jar!/fxglassets/languages/english.lang
17:44:46.337 [FXGL Background Thread 1 ] INFO  FXGLApplication      - FXGL initialization took: 1,484 sec
17:44:46.349 [JavaFX Application Thread] DEBUG Input                - Registered new binding: Mover Arriba - W
17:44:46.350 [JavaFX Application Thread] DEBUG Input                - Registered new binding: Mover Abajo - S
17:44:46.350 [JavaFX Application Thread] DEBUG Input                - Registered new binding: Mover Izquierda - A
17:44:46.350 [JavaFX Application Thread] DEBUG Input                - Registered new binding: Mover Derecha - D
17:44:46.350 [JavaFX Application Thread] DEBUG Input                - Registered new binding: Abrir Camaras - C
17:44:46.350 [JavaFX Application Thread] DEBUG Input                - Registered new binding: Usar Alcantarilla - Space
17:44:46.350 [JavaFX Application Thread] DEBUG Input                - Registered new binding: Vent Izquierda - Left
17:44:46.350 [JavaFX Application Thread] DEBUG Input                - Registered new binding: Vent Derecha - Right
17:44:46.351 [JavaFX Application Thread] DEBUG Input                - Registered new binding: Vent Arriba - Up
17:44:46.351 [JavaFX Application Thread] DEBUG Input                - Registered new binding: Vent Abajo - Down
17:44:46.351 [JavaFX Application Thread] DEBUG Input                - Registered new binding: Matar Jugador - Q
17:44:46.351 [JavaFX Application Thread] DEBUG FXGLAssetLoaderServi - Loading from file system: file:/C:/Users/josue/OneDrive/Desktop/proyecto%20java/Among%20Us/out/production/Among%20Us/assets/textures/icono.png
17:44:46.403 [FXGL Background Thread 4 ] DEBUG FXGLApplication      - Loading fonts
17:44:46.404 [FXGL Background Thread 4 ] DEBUG FXGLAssetLoaderServi - Loading from file system: jar:file:/C:/Users/josue/OneDrive/Desktop/proyecto%20java/Among%20Us/lib/fxgl-21.1-uber.jar!/fxglassets/ui/fonts/VarelaRound-Regular.ttf
17:44:46.444 [JavaFX Application Thread] DEBUG FXGLAssetLoaderServi - Loading from file system: jar:file:/C:/Users/josue/OneDrive/Desktop/proyecto%20java/Among%20Us/lib/fxgl-21.1-uber.jar!/fxglassets/textures/fxgl_default_cursor.png
17:44:46.451 [JavaFX Application Thread] DEBUG Input                - Registered new binding: Screenshot - CTRL+8
17:44:46.453 [JavaFX Application Thread] DEBUG Input                - Registered new binding: System info dump - CTRL+9
17:44:46.454 [JavaFX Application Thread] DEBUG Input                - Registered new binding: Restart - CTRL+R
17:44:46.456 [JavaFX Application Thread] DEBUG Input                - Registered new binding: Toggle Debug Camera - CTRL+7
17:44:46.465 [JavaFX Application Thread] DEBUG LoopRunner           - Starting loop
17:44:46.468 [JavaFX Application Thread] DEBUG LoopRunner           - Initializing JavaFX AnimationTimerLoop
17:44:46.470 [JavaFX Application Thread] DEBUG GameApplicationServi - Starting new game
17:44:46.471 [JavaFX Application Thread] DEBUG Input                - Clearing active input actions
17:44:46.510 [JavaFX Application Thread] DEBUG GameApplicationServi - Removing overlay from FXGLStartupScene and adding to FXGLLoadingScene
17:44:46.511 [JavaFX Application Thread] DEBUG PrimaryStageWindow   - FXGLStartupScene -> FXGLLoadingScene
17:44:46.511 [JavaFX Application Thread] DEBUG GameApplicationServi - Clearing previous game
17:44:46.511 [JavaFX Application Thread] DEBUG GameScene            - Clearing game scene
17:44:46.511 [JavaFX Application Thread] DEBUG GameWorld            - Clearing game world
17:44:46.511 [JavaFX Application Thread] DEBUG PhysicsWorld         - Clearing physics world
17:44:46.535 [FXGL Background Thread 1 ] DEBUG FXGLApplication      - Initializing game
17:44:46.548 [FXGL Background Thread 1 ] DEBUG FXGLAssetLoaderServi - Loading from file system: file:/C:/Users/josue/OneDrive/Desktop/proyecto%20java/Among%20Us/out/production/Among%20Us/assets/music/musicaMenu.mp3
17:44:47.122 [FXGL Background Thread 4 ] DEBUG FXGLAssetLoaderServi - Loading from file system: jar:file:/C:/Users/josue/OneDrive/Desktop/proyecto%20java/Among%20Us/lib/fxgl-21.1-uber.jar!/fxglassets/ui/fonts/Abel-Regular.ttf
17:44:47.129 [FXGL Background Thread 4 ] DEBUG FXGLAssetLoaderServi - Loading from file system: jar:file:/C:/Users/josue/OneDrive/Desktop/proyecto%20java/Among%20Us/lib/fxgl-21.1-uber.jar!/fxglassets/ui/fonts/TerminalLandMono-Regular.otf
17:44:47.141 [FXGL Background Thread 4 ] DEBUG FXGLAssetLoaderServi - Loading from file system: jar:file:/C:/Users/josue/OneDrive/Desktop/proyecto%20java/Among%20Us/lib/fxgl-21.1-uber.jar!/fxglassets/ui/fonts/Courier-Prime.ttf
17:44:47.266 [JavaFX Application Thread] DEBUG FXGLApplication      - Registering font factories with UI factory
17:44:47.329 [FXGL Background Thread 1 ] DEBUG AudioPlayer          - Playing music com.almasb.fxgl.audio.Music@465fab01
17:44:49.311 [FXGL Background Thread 3 ] DEBUG Engine               - Logging environment variables
17:44:49.312 [FXGL Background Thread 3 ] DEBUG Engine               - achievements: []
17:44:49.312 [FXGL Background Thread 3 ] DEBUG Engine               - actualHeight: 600.0
17:44:49.315 [FXGL Background Thread 3 ] DEBUG Engine               - actualHeightProperty: ReadOnlyDoubleProperty [value: 600.0]
17:44:49.376 [FXGL Background Thread 3 ] DEBUG Engine               - actualWidth: 800.0
17:44:49.387 [FXGL Background Thread 3 ] DEBUG Engine               - actualWidthProperty: ReadOnlyDoubleProperty [value: 800.0]
17:44:49.398 [FXGL Background Thread 3 ] DEBUG Engine               - appIcon: icono.png
17:44:49.398 [FXGL Background Thread 3 ] DEBUG Engine               - applicationMode: DEVELOPER
17:44:49.599 [FXGL Background Thread 3 ] DEBUG Engine               - cSSList: [fxgl_dark.css]
17:44:49.599 [FXGL Background Thread 3 ] DEBUG Engine               - collisionDetectionStrategy: BRUTE_FORCE
17:44:49.599 [FXGL Background Thread 3 ] DEBUG Engine               - configClass: Optional.empty
17:44:49.599 [FXGL Background Thread 3 ] DEBUG Engine               - credits: []
17:44:49.599 [FXGL Background Thread 3 ] DEBUG Engine               - defaultCursor: CursorInfo(imageName=fxgl_default_cursor.png, hotspotX=7.0, hotspotY=6.0)
17:44:49.931 [FXGL Background Thread 3 ] DEBUG Engine               - devBBoxColorProperty: ObjectProperty [value: 0xff0000ff]
17:44:49.931 [FXGL Background Thread 3 ] DEBUG Engine               - devEnableDebugCameraProperty: BooleanProperty [value: false]
17:44:49.931 [FXGL Background Thread 3 ] DEBUG Engine               - devSensorColorProperty: ObjectProperty [value: 0xffff00ff]
17:44:49.932 [FXGL Background Thread 3 ] DEBUG Engine               - devShowBBoxProperty: BooleanProperty [value: false]
17:44:49.932 [FXGL Background Thread 3 ] DEBUG Engine               - devShowPositionProperty: BooleanProperty [value: false]
17:44:49.940 [FXGL Background Thread 3 ] DEBUG Engine               - enabledMenuItems: []
17:44:49.940 [FXGL Background Thread 3 ] DEBUG Engine               - engineServices: [class com.almasb.fxgl.app.services.FXGLAssetLoaderService, class com.almasb.fxgl.app.FXGLApplication$GameApplicationService, class com.almasb.fxgl.app.services.FXGLDialogService, class com.almasb.fxgl.app.services.IOTaskExecutorService, class com.almasb.fxgl.io.FileSystemService, class com.almasb.fxgl.localization.LocalizationService, class com.almasb.fxgl.app.services.SystemBundleService, class com.almasb.fxgl.profile.SaveLoadService, class com.almasb.fxgl.ui.FXGLUIFactoryServiceProvider, class com.almasb.fxgl.ui.FXGLDialogFactoryServiceProvider, class com.almasb.fxgl.audio.AudioPlayer, class com.almasb.fxgl.notification.impl.NotificationServiceProvider, class com.almasb.fxgl.achievement.AchievementService, class com.almasb.fxgl.cutscene.CutsceneService, class com.almasb.fxgl.minigames.MiniGameService, class com.almasb.fxgl.net.NetService, class com.almasb.fxgl.app.services.UpdaterService, class com.almasb.fxgl.dev.DevService]
17:44:49.940 [FXGL Background Thread 3 ] DEBUG Engine               - fontGame: Abel-Regular.ttf
17:44:49.941 [FXGL Background Thread 3 ] DEBUG Engine               - fontMono: TerminalLandMono-Regular.otf
17:44:49.941 [FXGL Background Thread 3 ] DEBUG Engine               - fontSizeScaleUI: 1.0
17:44:49.941 [FXGL Background Thread 3 ] DEBUG Engine               - fontText: Courier-Prime.ttf
17:44:49.941 [FXGL Background Thread 3 ] DEBUG Engine               - fontUI: VarelaRound-Regular.ttf
17:44:49.941 [FXGL Background Thread 3 ] DEBUG Engine               - fullScreen: BooleanProperty [value: false]
17:44:49.941 [FXGL Background Thread 3 ] DEBUG Engine               - gameDifficulty: MEDIUM
17:44:49.941 [FXGL Background Thread 3 ] DEBUG Engine               - gameDifficultyProperty: ObjectProperty [value: MEDIUM]
17:44:49.941 [FXGL Background Thread 3 ] DEBUG Engine               - globalMusicVolume: 0.5
17:44:49.941 [FXGL Background Thread 3 ] DEBUG Engine               - globalMusicVolumeProperty: DoubleProperty [value: 0.4]
17:44:49.941 [FXGL Background Thread 3 ] DEBUG Engine               - globalSoundVolume: 0.5
17:44:49.941 [FXGL Background Thread 3 ] DEBUG Engine               - globalSoundVolumeProperty: DoubleProperty [value: 0.5]
17:44:49.941 [FXGL Background Thread 3 ] DEBUG Engine               - height: 600
17:44:49.941 [FXGL Background Thread 3 ] DEBUG Engine               - is3D: false
17:44:49.941 [FXGL Background Thread 3 ] DEBUG Engine               - isAndroid: false
17:44:49.941 [FXGL Background Thread 3 ] DEBUG Engine               - isBrowser: false
17:44:49.941 [FXGL Background Thread 3 ] DEBUG Engine               - isClickFeedbackEnabled: false
17:44:49.941 [FXGL Background Thread 3 ] DEBUG Engine               - isCloseConfirmation: false
17:44:49.941 [FXGL Background Thread 3 ] DEBUG Engine               - isDesktop: true
17:44:49.941 [FXGL Background Thread 3 ] DEBUG Engine               - isDeveloperMenuEnabled: false
17:44:49.941 [FXGL Background Thread 3 ] DEBUG Engine               - isEmbedded: false
17:44:49.941 [FXGL Background Thread 3 ] DEBUG Engine               - isEntityPreloadEnabled: true
17:44:49.941 [FXGL Background Thread 3 ] DEBUG Engine               - isExperimentalTiledLargeMap: false
17:44:49.941 [FXGL Background Thread 3 ] DEBUG Engine               - isFileSystemWriteAllowed: true
17:44:49.941 [FXGL Background Thread 3 ] DEBUG Engine               - isFullScreenAllowed: false
17:44:49.941 [FXGL Background Thread 3 ] DEBUG Engine               - isFullScreenFromStart: false
17:44:49.941 [FXGL Background Thread 3 ] DEBUG Engine               - isGameMenuEnabled: true
17:44:49.941 [FXGL Background Thread 3 ] DEBUG Engine               - isIOS: false
17:44:49.941 [FXGL Background Thread 3 ] DEBUG Engine               - isIntroEnabled: false
17:44:49.941 [FXGL Background Thread 3 ] DEBUG Engine               - isLinux: false
17:44:49.943 [FXGL Background Thread 3 ] DEBUG Engine               - isMac: false
17:44:49.943 [FXGL Background Thread 3 ] DEBUG Engine               - isMainMenuEnabled: false
17:44:49.943 [FXGL Background Thread 3 ] DEBUG Engine               - isManualResizeEnabled: false
17:44:49.943 [FXGL Background Thread 3 ] DEBUG Engine               - isMobile: false
17:44:50.072 [FXGL Background Thread 3 ] DEBUG Engine               - isNative: false
17:44:50.072 [FXGL Background Thread 3 ] DEBUG Engine               - isPauseMusicWhenMinimized: true
17:44:50.097 [FXGL Background Thread 3 ] DEBUG Engine               - isPreserveResizeRatio: false
17:44:50.097 [FXGL Background Thread 3 ] DEBUG Engine               - isProfilingEnabled: false
17:44:50.097 [FXGL Background Thread 3 ] DEBUG Engine               - isScaleAffectedOnResize: true
17:44:50.097 [FXGL Background Thread 3 ] DEBUG Engine               - isSingleStep: false
17:44:50.097 [FXGL Background Thread 3 ] DEBUG Engine               - isUserProfileEnabled: false
17:44:50.097 [FXGL Background Thread 3 ] DEBUG Engine               - isWindows: true
17:44:50.097 [FXGL Background Thread 3 ] DEBUG Engine               - language: ObjectProperty [value: ENGLISH]
17:44:50.097 [FXGL Background Thread 3 ] DEBUG Engine               - menuKey: ESCAPE
17:44:50.097 [FXGL Background Thread 3 ] DEBUG Engine               - mouseSensitivity: 0.2
17:44:50.097 [FXGL Background Thread 3 ] DEBUG Engine               - notificationViewClass: class com.almasb.fxgl.notification.view.XboxNotificationView
17:44:50.097 [FXGL Background Thread 3 ] DEBUG Engine               - pixelsPerMeter: 50.0
17:44:50.097 [FXGL Background Thread 3 ] DEBUG Engine               - platform: WINDOWS
17:44:50.097 [FXGL Background Thread 3 ] DEBUG Engine               - prefHeightProperty: ReadOnlyDoubleProperty [value: 600.0]
17:44:50.097 [FXGL Background Thread 3 ] DEBUG Engine               - prefWidthProperty: ReadOnlyDoubleProperty [value: 800.0]
17:44:50.097 [FXGL Background Thread 3 ] DEBUG Engine               - profileDir: profiles/
17:44:50.097 [FXGL Background Thread 3 ] DEBUG Engine               - profileName: StringProperty [value: DEFAULT]
17:44:50.097 [FXGL Background Thread 3 ] DEBUG Engine               - randomSeed: -1
17:44:50.098 [FXGL Background Thread 3 ] DEBUG Engine               - runtimeInfo: RuntimeInfo(platform=WINDOWS, version=21.1, build=26.03.2024 17.33)
17:44:50.098 [FXGL Background Thread 3 ] DEBUG Engine               - saveFileExt: sav
17:44:50.098 [FXGL Background Thread 3 ] DEBUG Engine               - scaledHeightProp$fxgl: DoubleProperty [bound, value: 600.0]
17:44:50.098 [FXGL Background Thread 3 ] DEBUG Engine               - scaledWidthProp$fxgl: DoubleProperty [bound, value: 800.0]
17:44:50.098 [FXGL Background Thread 3 ] DEBUG Engine               - sceneFactory: com.almasb.fxgl.app.scene.SceneFactory@7e49a23e
17:44:50.098 [FXGL Background Thread 3 ] DEBUG Engine               - secondsIn24h: 60
17:44:50.098 [FXGL Background Thread 3 ] DEBUG Engine               - soundMenuBack: menu/back.wav
17:44:50.098 [FXGL Background Thread 3 ] DEBUG Engine               - soundMenuPress: menu/press.wav
17:44:50.098 [FXGL Background Thread 3 ] DEBUG Engine               - soundMenuSelect: menu/select.wav
17:44:50.098 [FXGL Background Thread 3 ] DEBUG Engine               - soundNotification: core/notification.wav
17:44:50.270 [FXGL Background Thread 3 ] DEBUG Engine               - stageStyle: DECORATED
17:44:50.270 [FXGL Background Thread 3 ] DEBUG Engine               - supportedLanguages: [ENGLISH, FRENCH, GERMAN, HUNGARIAN, RUSSIAN]
17:44:50.270 [FXGL Background Thread 3 ] DEBUG Engine               - ticksPerSecond: -1
17:44:50.309 [FXGL Background Thread 3 ] DEBUG Engine               - title: Among Us UNEG
17:44:50.309 [FXGL Background Thread 3 ] DEBUG Engine               - urlGithub: https://github.com/AlmasB/FXGL
17:44:50.309 [FXGL Background Thread 3 ] DEBUG Engine               - urlLeaderboard: http://fxgl-top.herokuapp.com/
17:44:50.309 [FXGL Background Thread 3 ] DEBUG Engine               - urlPOM: https://raw.githubusercontent.com/AlmasB/FXGL/release/README.md
17:44:50.310 [FXGL Background Thread 3 ] DEBUG Engine               - userAppClass: class main.java.amongUs.AppPrincipal
17:44:50.327 [FXGL Background Thread 3 ] DEBUG Engine               - version: 0.0
17:44:50.328 [FXGL Background Thread 3 ] DEBUG Engine               - versionCheckDays: 7
17:44:50.328 [FXGL Background Thread 3 ] DEBUG Engine               - width: 800
17:44:50.328 [FXGL Background Thread 3 ] DEBUG Engine               - Logging services
17:44:50.328 [FXGL Background Thread 3 ] DEBUG Engine               - class com.almasb.fxgl.app.services.FXGLAssetLoaderService
17:44:50.328 [FXGL Background Thread 3 ] DEBUG Engine               - class com.almasb.fxgl.app.FXGLApplication$GameApplicationService
17:44:50.328 [FXGL Background Thread 3 ] DEBUG Engine               - class com.almasb.fxgl.app.services.FXGLDialogService
17:44:50.328 [FXGL Background Thread 3 ] DEBUG Engine               - class com.almasb.fxgl.app.services.IOTaskExecutorService
17:44:50.328 [FXGL Background Thread 3 ] DEBUG Engine               - class com.almasb.fxgl.io.FileSystemService
17:44:50.328 [FXGL Background Thread 3 ] DEBUG Engine               - class com.almasb.fxgl.localization.LocalizationService
17:44:50.328 [FXGL Background Thread 3 ] DEBUG Engine               - class com.almasb.fxgl.app.services.SystemBundleService
17:44:50.328 [FXGL Background Thread 3 ] DEBUG Engine               - class com.almasb.fxgl.profile.SaveLoadService
17:44:50.328 [FXGL Background Thread 3 ] DEBUG Engine               - class com.almasb.fxgl.ui.FXGLUIFactoryServiceProvider
17:44:50.328 [FXGL Background Thread 3 ] DEBUG Engine               - class com.almasb.fxgl.ui.FXGLDialogFactoryServiceProvider
17:44:50.346 [FXGL Background Thread 3 ] DEBUG Engine               - class com.almasb.fxgl.audio.AudioPlayer
17:44:50.346 [FXGL Background Thread 3 ] DEBUG Engine               - class com.almasb.fxgl.notification.impl.NotificationServiceProvider
17:44:50.346 [FXGL Background Thread 3 ] DEBUG Engine               - class com.almasb.fxgl.achievement.AchievementService
17:44:50.346 [FXGL Background Thread 3 ] DEBUG Engine               - class com.almasb.fxgl.cutscene.CutsceneService
17:44:50.346 [FXGL Background Thread 3 ] DEBUG Engine               - class com.almasb.fxgl.minigames.MiniGameService
17:44:50.346 [FXGL Background Thread 3 ] DEBUG Engine               - class com.almasb.fxgl.net.NetService
17:44:50.346 [FXGL Background Thread 3 ] DEBUG Engine               - class com.almasb.fxgl.app.services.UpdaterService
17:44:50.346 [FXGL Background Thread 3 ] DEBUG Engine               - class com.almasb.fxgl.dev.DevService
17:44:51.725 [FXGL Background Thread 1 ] INFO  FXGLApplication      - Game initialization took: 5,190 sec
17:44:51.737 [JavaFX Application Thread] DEBUG Input                - Clearing active input actions
17:44:51.761 [JavaFX Application Thread] DEBUG GameApplicationServi - Removing overlay from FXGLLoadingScene and adding to GameScene
17:44:51.763 [JavaFX Application Thread] DEBUG PrimaryStageWindow   - FXGLLoadingScene -> GameScene
17:44:51.875 [FXGL Background Thread 2 ] INFO  UpdaterService       - Your current version:  21.1
17:44:51.875 [FXGL Background Thread 2 ] INFO  UpdaterService       - Latest stable version: 25
17:44:52.421 [JavaFX Application Thread] DEBUG FXGLAssetLoaderServi - Loading from file system: file:/C:/Users/josue/OneDrive/Desktop/proyecto%20java/Among%20Us/out/production/Among%20Us/assets/sounds/clickBoton.wav
17:44:55.891 [JavaFX Application Thread] DEBUG FXGLAssetLoaderServi - Loading from file system: file:/C:/Users/josue/OneDrive/Desktop/proyecto%20java/Among%20Us/out/production/Among%20Us/assets/textures/tripulante_blanco.png
17:44:56.705 [JavaFX Application Thread] WARN  TMXLevelLoader       - TiledMap generated from 1.11.2. Supported version: 1.9.0. Some features may not be parsed fully.
17:44:56.776 [JavaFX Application Thread] DEBUG TMXLevelLoader       - Parsed TiledMap: file:/C:/Users/josue/OneDrive/Desktop/proyecto%20java/Among%20Us/out/production/Among%20Us/assets/levels/mapa2.tmx
17:44:56.778 [JavaFX Application Thread] DEBUG TMXLevelLoader       - Creating tile layer entities
17:44:56.780 [JavaFX Application Thread] DEBUG TilesetLoader        - Loading view for layer fondo1
17:44:56.781 [JavaFX Application Thread] DEBUG TilesetLoader        - Created buffer with size 992.0x960.0
17:44:56.803 [JavaFX Application Thread] DEBUG TilesetLoader        - Loading view for layer fondo
17:44:56.805 [JavaFX Application Thread] DEBUG TilesetLoader        - Created buffer with size 992.0x960.0
17:44:56.811 [JavaFX Application Thread] DEBUG TilesetLoader        - Loading view for layer piso
17:44:56.814 [JavaFX Application Thread] DEBUG TilesetLoader        - Created buffer with size 992.0x960.0
17:44:56.820 [JavaFX Application Thread] DEBUG TilesetLoader        - Loading view for layer piso1
17:44:56.823 [JavaFX Application Thread] DEBUG TilesetLoader        - Created buffer with size 992.0x960.0
17:44:56.829 [JavaFX Application Thread] DEBUG TilesetLoader        - Loading view for layer izquierda
17:44:56.831 [JavaFX Application Thread] DEBUG TilesetLoader        - Created buffer with size 992.0x960.0
17:44:56.839 [JavaFX Application Thread] DEBUG TilesetLoader        - Loading view for layer detallesatraspared
17:44:56.840 [JavaFX Application Thread] DEBUG TilesetLoader        - Created buffer with size 992.0x960.0
17:44:56.887 [JavaFX Application Thread] DEBUG TilesetLoader        - Loading view for layer pared2
17:44:56.889 [JavaFX Application Thread] DEBUG TilesetLoader        - Created buffer with size 992.0x960.0
17:44:56.907 [JavaFX Application Thread] DEBUG TilesetLoader        - Loading view for layer techo1
17:44:56.908 [JavaFX Application Thread] DEBUG TilesetLoader        - Created buffer with size 992.0x960.0
17:44:56.912 [JavaFX Application Thread] DEBUG TilesetLoader        - Loading view for layer techo2
17:44:56.913 [JavaFX Application Thread] DEBUG TilesetLoader        - Created buffer with size 992.0x960.0
17:44:56.923 [JavaFX Application Thread] DEBUG TilesetLoader        - Loading view for layer puertita
17:44:56.925 [JavaFX Application Thread] DEBUG TilesetLoader        - Created buffer with size 992.0x960.0
17:44:56.926 [JavaFX Application Thread] DEBUG TilesetLoader        - Loading view for layer puerta
17:44:56.996 [JavaFX Application Thread] DEBUG TilesetLoader        - Created buffer with size 992.0x960.0
17:44:57.008 [JavaFX Application Thread] DEBUG TilesetLoader        - Loading view for layer detalles
17:44:57.008 [JavaFX Application Thread] DEBUG TilesetLoader        - Created buffer with size 992.0x960.0
17:44:57.028 [JavaFX Application Thread] DEBUG TilesetLoader        - Loading view for layer detalles 2
17:44:57.029 [JavaFX Application Thread] DEBUG TilesetLoader        - Created buffer with size 992.0x960.0
17:44:57.047 [JavaFX Application Thread] DEBUG TilesetLoader        - Loading view for layer detalles3
17:44:57.048 [JavaFX Application Thread] DEBUG TilesetLoader        - Created buffer with size 992.0x960.0
17:44:57.080 [JavaFX Application Thread] DEBUG TilesetLoader        - Loading view for layer grieta
17:44:57.080 [JavaFX Application Thread] DEBUG TilesetLoader        - Created buffer with size 992.0x960.0
17:44:57.081 [JavaFX Application Thread] DEBUG TilesetLoader        - Loading view for layer camaras
17:44:57.084 [JavaFX Application Thread] DEBUG TilesetLoader        - Created buffer with size 992.0x960.0
17:44:57.088 [JavaFX Application Thread] DEBUG TilesetLoader        - Loading view for layer Techo
17:44:57.089 [JavaFX Application Thread] DEBUG TilesetLoader        - Created buffer with size 992.0x960.0
17:44:57.095 [JavaFX Application Thread] DEBUG TMXLevelLoader       - Creating object layer entities
17:44:57.184 [JavaFX Application Thread] DEBUG GameWorld            - Clearing removable entities
17:44:57.185 [JavaFX Application Thread] DEBUG GameWorld            - Setting level: com.almasb.fxgl.entity.level.Level@19943a36
17:44:57.216 [JavaFX Application Thread] DEBUG FXGLAssetLoaderServi - Loading from file system: file:/C:/Users/josue/OneDrive/Desktop/proyecto%20java/Among%20Us/out/production/Among%20Us/assets/textures/MonitorDeCamaras.png
17:44:57.239 [JavaFX Application Thread] DEBUG FXGLAssetLoaderServi - Loading from file system: file:/C:/Users/josue/OneDrive/Desktop/proyecto%20java/Among%20Us/out/production/Among%20Us/assets/textures/flechaAmarillaIzq.png
17:44:57.242 [JavaFX Application Thread] DEBUG FXGLAssetLoaderServi - Loading from file system: file:/C:/Users/josue/OneDrive/Desktop/proyecto%20java/Among%20Us/out/production/Among%20Us/assets/textures/flechaAmarillaDer.png
17:44:57.253 [JavaFX Application Thread] DEBUG FXGLAssetLoaderServi - Loading from file system: file:/C:/Users/josue/OneDrive/Desktop/proyecto%20java/Among%20Us/out/production/Among%20Us/assets/textures/animacion_fantasma.png
17:44:57.256 [JavaFX Application Thread] DEBUG FXGLAssetLoaderServi - Loading from file system: file:/C:/Users/josue/OneDrive/Desktop/proyecto%20java/Among%20Us/out/production/Among%20Us/assets/textures/blanco_muerto.png
17:44:57.258 [JavaFX Application Thread] DEBUG FXGLAssetLoaderServi - Loading from file system: file:/C:/Users/josue/OneDrive/Desktop/proyecto%20java/Among%20Us/out/production/Among%20Us/assets/textures/animacion_blanco.png
17:44:57.259 [JavaFX Application Thread] DEBUG FXGLAssetLoaderServi - Loading from file system: file:/C:/Users/josue/OneDrive/Desktop/proyecto%20java/Among%20Us/out/production/Among%20Us/assets/textures/alcantarilla_blanco.png
17:44:57.260 [JavaFX Application Thread] DEBUG FXGLAssetLoaderServi - Loading from file system: file:/C:/Users/josue/OneDrive/Desktop/proyecto%20java/Among%20Us/out/production/Among%20Us/assets/textures/alcantarilla_blancoE.png
17:44:57.276 [JavaFX Application Thread] DEBUG FXGLAssetLoaderServi - Loading from file system: file:/C:/Users/josue/OneDrive/Desktop/proyecto%20java/Among%20Us/out/production/Among%20Us/assets/textures/accionNegada.png
17:44:57.284 [JavaFX Application Thread] DEBUG FXGLAssetLoaderServi - Loading from file system: file:/C:/Users/josue/OneDrive/Desktop/proyecto%20java/Among%20Us/out/production/Among%20Us/assets/textures/animacion_extintor.png
17:44:57.306 [JavaFX Application Thread] DEBUG FXGLAssetLoaderServi - Loading from file system: file:/C:/Users/josue/OneDrive/Desktop/proyecto%20java/Among%20Us/out/production/Among%20Us/assets/textures/barra_0.png
17:44:57.312 [JavaFX Application Thread] DEBUG FXGLAssetLoaderServi - Loading from file system: file:/C:/Users/josue/OneDrive/Desktop/proyecto%20java/Among%20Us/out/production/Among%20Us/assets/textures/pantalla_tripulante.png
17:45:02.412 [JavaFX Application Thread] DEBUG FXGLAssetLoaderServi - Loading from file system: file:/C:/Users/josue/OneDrive/Desktop/proyecto%20java/Among%20Us/out/production/Among%20Us/assets/textures/accion.png
17:45:03.028 [JavaFX Application Thread] DEBUG FXGLAssetLoaderServi - Loading from file system: file:/C:/Users/josue/OneDrive/Desktop/proyecto%20java/Among%20Us/out/production/Among%20Us/assets/textures/panel_extintor.png
17:45:03.915 [JavaFX Application Thread] DEBUG LoopRunner           - Stopping loop
17:45:03.916 [JavaFX Application Thread] FATAL FXGLApplication      - Uncaught Exception:
java.lang.NullPointerException: Parameter specified as non-null is null: method com.almasb.fxgl.dsl.FXGL$Companion.texture, parameter assetName
	at com.almasb.fxgl.dsl.FXGL$Companion.texture(FXGL.kt)
	at com.almasb.fxgl.dsl.FXGL.texture(FXGL.kt)
	at main.java.amongUs.TripulanteComponent.lambda$abrirMinijuego$3(TripulanteComponent.java:124)
	at com.almasb.fxgl.time.TimerAction.update(TimerAction.kt:69)
	at com.almasb.fxgl.time.Timer.update(Timer.kt:38)
	at com.almasb.fxgl.scene.Scene.update(Scene.kt:104)
	at com.almasb.fxgl.app.MainWindow$update$1.invoke(MainWindow.kt:121)
	at com.almasb.fxgl.app.MainWindow$update$1.invoke(MainWindow.kt:121)
	at com.almasb.fxgl.core.fsm.StateMachine.runOnActiveStates(StateMachine.kt:69)
	at com.almasb.fxgl.app.MainWindow.update(MainWindow.kt:121)
	at com.almasb.fxgl.app.FXGLApplication$GameApplicationService.onUpdate(FXGLApplication.kt:445)
	at com.almasb.fxgl.app.Engine.loop(Engine.kt:134)
	at com.almasb.fxgl.app.Engine.access$loop(Engine.kt:24)
	at com.almasb.fxgl.app.Engine$loop$1.invoke(Engine.kt:28)
	at com.almasb.fxgl.app.Engine$loop$1.invoke(Engine.kt:28)
	at com.almasb.fxgl.app.LoopRunner.frame(LoopRunner.kt:103)
	at com.almasb.fxgl.app.LoopRunner.access$frame(LoopRunner.kt:23)
	at com.almasb.fxgl.app.LoopRunner$impl$2$1.onTick(LoopRunner.kt:57)
	at com.almasb.fxgl.app.AnimationTimerLoop$timer$1.handle(LoopRunner.kt:137)
	at javafx.animation.AnimationTimer$AnimationTimerReceiver.lambda$handle$0(AnimationTimer.java:58)
	at java.base/java.security.AccessController.doPrivileged(AccessController.java:138)
	at javafx.animation.AnimationTimer$AnimationTimerReceiver.handle(AnimationTimer.java:57)
	at com.sun.scenario.animation.AbstractPrimaryTimer.timePulseImpl(AbstractPrimaryTimer.java:356)
	at com.sun.scenario.animation.AbstractPrimaryTimer$MainLoop.run(AbstractPrimaryTimer.java:266)
	at com.sun.javafx.tk.quantum.QuantumToolkit.pulse(QuantumToolkit.java:588)
	at com.sun.javafx.tk.quantum.QuantumToolkit.pulse(QuantumToolkit.java:572)
	at com.sun.javafx.tk.quantum.QuantumToolkit.pulseFromQueue(QuantumToolkit.java:565)
	at com.sun.javafx.tk.quantum.QuantumToolkit.lambda$runToolkit$11(QuantumToolkit.java:352)
	at com.sun.glass.ui.InvokeLaterDispatcher$Future.run(InvokeLaterDispatcher.java:95)
	at com.sun.glass.ui.win.WinApplication._runLoop(Native Method)
	at com.sun.glass.ui.win.WinApplication.lambda$runLoop$3(WinApplication.java:185)
	at java.base/java.lang.Thread.run(Thread.java:1474)

17:45:03.918 [JavaFX Application Thread] FATAL FXGLApplication      - Application will now exit
17:45:03.939 [JavaFX Application Thread] DEBUG PrimaryStageWindow   - Push state: ErrorSubScene
17:45:03.940 [JavaFX Application Thread] DEBUG Input                - Clearing active input actions
17:45:03.944 [JavaFX Application Thread] DEBUG GameApplicationServi - Removing overlay from GameScene and adding to ErrorSubScene
17:45:03.945 [JavaFX Application Thread] DEBUG PrimaryStageWindow   - GameScene -> ErrorSubScene
17:45:09.500 [JavaFX Application Thread] DEBUG FXGLApplication      - Exiting FXGL
17:45:09.500 [JavaFX Application Thread] DEBUG Async                - Shutting down background threads
17:45:09.500 [JavaFX Application Thread] DEBUG PrimaryStageWindow   - Closing main window
17:45:09.550 [JavaFX Application Thread] DEBUG Logger               - Closing Logger
