02:13:13.184 [main                     ] DEBUG Logger               - Configured Logger
02:13:13.208 [main                     ] DEBUG GameApplication      - Logging settings
Title: Among Us UNEG
Version: 0.0
Width: 800
Height: 600
Fullscreen: false
Intro: false
Profiling: false
Single step:false
App Mode: DEVELOPER
Menu Key: ESCAPE
Stage Style: DECORATED
Scene Factory: class com.almasb.fxgl.app.scene.SceneFactory

02:13:14.260 [JavaFX Application Thread] DEBUG FXGLApplication      - Initializing FXGL
02:13:14.265 [JavaFX Application Thread] INFO  Engine               - FXGL-21.1 (26.03.2024 17.33) on WINDOWS (J:25.0.2 FX:21.0.1)
02:13:14.266 [JavaFX Application Thread] DEBUG Engine               - JRE Vendor Name: Oracle Corporation
02:13:14.266 [JavaFX Application Thread] DEBUG Engine               - Running on OS: Windows 11 version 10.0
02:13:14.266 [JavaFX Application Thread] DEBUG Engine               - Architecture: amd64
02:13:14.266 [JavaFX Application Thread] INFO  Engine               - Source code and latest versions at: https://github.com/AlmasB/FXGL
02:13:14.266 [JavaFX Application Thread] INFO  Engine               -       Ask questions and discuss at: https://github.com/AlmasB/FXGL/discussions
02:13:14.267 [JavaFX Application Thread] INFO  Engine               -              Join the FXGL chat at: https://gitter.im/AlmasB/FXGL
02:13:14.466 [JavaFX Application Thread] DEBUG PrimaryStageWindow   - Creating a JavaFX scene
02:13:14.617 [JavaFX Application Thread] DEBUG PrimaryStageWindow   - Target settings size: 800.0 x 600.0
02:13:14.618 [JavaFX Application Thread] DEBUG PrimaryStageWindow   - Scaled scene size:    800.0 x 600.0
02:13:14.618 [JavaFX Application Thread] DEBUG PrimaryStageWindow   - Scaled ratio: (1.0, 1.0)
02:13:14.620 [JavaFX Application Thread] DEBUG PrimaryStageWindow   - Set initial scene to FXGLStartupScene
02:13:14.629 [JavaFX Application Thread] DEBUG PrimaryStageWindow   - Opening main window
02:13:14.823 [JavaFX Application Thread] DEBUG PrimaryStageWindow   - Window border size: (16.0, 39.0)
02:13:14.823 [JavaFX Application Thread] DEBUG PrimaryStageWindow   - Scaled size: 800.0 x 600.0
02:13:14.823 [JavaFX Application Thread] DEBUG PrimaryStageWindow   - Scaled ratio: (1.0, 1.0)
02:13:14.823 [JavaFX Application Thread] DEBUG PrimaryStageWindow   - Scene size: 800.0 x 600.0
02:13:14.824 [JavaFX Application Thread] DEBUG PrimaryStageWindow   - Stage size: 816.0 x 639.0
02:13:14.848 [FXGL Background Thread 1 ] DEBUG Engine               - Initializing environment variables
02:13:15.075 [FXGL Background Thread 1 ] DEBUG FXGLAssetLoaderServi - User app class for loading assets: class main.java.amongUs.AppPrincipal
02:13:15.076 [FXGL Background Thread 1 ] DEBUG GameApplicationServi - Applying CSS: fxgl_dark.css
02:13:15.077 [FXGL Background Thread 1 ] DEBUG FXGLAssetLoaderServi - Loading from file system: jar:file:/C:/Users/josue/OneDrive/Desktop/proyecto%20java/Among%20Us/lib/fxgl-21.1-uber.jar!/fxglassets/ui/css/fxgl_dark.css
02:13:15.436 [FXGL Background Thread 1 ] DEBUG GameApplicationServi - Initializing application scenes
02:13:15.746 [FXGL Background Thread 1 ] DEBUG GameWorld            - Game world initialized
02:13:15.836 [FXGL Background Thread 1 ] DEBUG PhysicsWorld         - Physics world initialized: appHeight=600, physics.ppm=50,0
02:13:15.836 [FXGL Background Thread 1 ] DEBUG PhysicsWorld         - Using strategy: BRUTE_FORCE
02:13:15.845 [FXGL Background Thread 1 ] DEBUG GameScene            - Game scene initialized: 800x600
02:13:15.865 [FXGL Background Thread 1 ] DEBUG FXGL.DefaultMenu     - createMenuBodyGameMenu()
02:13:15.896 [FXGL Background Thread 1 ] DEBUG FXGL.DefaultMenu     - createOptionsMenu()
02:13:15.923 [FXGL Background Thread 1 ] DEBUG FXGLAssetLoaderServi - Loading from file system: jar:file:/C:/Users/josue/OneDrive/Desktop/proyecto%20java/Among%20Us/lib/fxgl-21.1-uber.jar!/fxglassets/textures/particles/smoke.png
02:13:16.270 [FXGL Background Thread 1 ] DEBUG FXGLAssetLoaderServi - Loading from file system: jar:file:/C:/Users/josue/OneDrive/Desktop/proyecto%20java/Among%20Us/lib/fxgl-21.1-uber.jar!/fxglassets/textures/particles/trace_horizontal.png
02:13:16.373 [FXGL Background Thread 1 ] DEBUG GameApplicationServi - Application scenes initialized
02:13:16.410 [FXGL Background Thread 1 ] DEBUG SystemBundleService  - Loading FXGL system data
02:13:16.423 [FXGL Background Thread 1 ] DEBUG FileSystemAccess     - Reading from: C:\Users\josue\OneDrive\Desktop\proyecto java\Among Us\system\fxgl.bundle
02:13:16.436 [FXGL Background Thread 1 ] DEBUG SystemBundleService  - Bundle FXGL: {}
02:13:16.436 [FXGL Background Thread 1 ] DEBUG UpdaterService       - Checking for updates
02:13:16.445 [FXGL Background Thread 1 ] DEBUG FXGLApplication      - Loading default localization
02:13:16.449 [FXGL Background Thread 1 ] DEBUG FXGLAssetLoaderServi - Loading from file system: jar:file:/C:/Users/josue/OneDrive/Desktop/proyecto%20java/Among%20Us/lib/fxgl-21.1-uber.jar!/fxglassets/languages/english.lang
02:13:16.483 [FXGL Background Thread 1 ] INFO  FXGLApplication      - FXGL initialization took: 1,635 sec
02:13:16.490 [FXGL Background Thread 4 ] DEBUG FXGLApplication      - Loading fonts
02:13:16.490 [FXGL Background Thread 4 ] DEBUG FXGLAssetLoaderServi - Loading from file system: jar:file:/C:/Users/josue/OneDrive/Desktop/proyecto%20java/Among%20Us/lib/fxgl-21.1-uber.jar!/fxglassets/ui/fonts/VarelaRound-Regular.ttf
02:13:16.496 [JavaFX Application Thread] DEBUG Input                - Registered new binding: Mover Arriba - W
02:13:16.496 [JavaFX Application Thread] DEBUG Input                - Registered new binding: Mover Abajo - S
02:13:16.496 [JavaFX Application Thread] DEBUG Input                - Registered new binding: Mover Izquierda - A
02:13:16.496 [JavaFX Application Thread] DEBUG Input                - Registered new binding: Mover Derecha - D
02:13:16.496 [JavaFX Application Thread] DEBUG Input                - Registered new binding: Abrir Camaras - C
02:13:16.496 [JavaFX Application Thread] DEBUG Input                - Registered new binding: Usar Alcantarilla - Space
02:13:16.497 [JavaFX Application Thread] DEBUG Input                - Registered new binding: Vent Izquierda - Left
02:13:16.498 [JavaFX Application Thread] DEBUG Input                - Registered new binding: Vent Derecha - Right
02:13:16.498 [JavaFX Application Thread] DEBUG Input                - Registered new binding: Vent Arriba - Up
02:13:16.498 [JavaFX Application Thread] DEBUG Input                - Registered new binding: Vent Abajo - Down
02:13:16.498 [JavaFX Application Thread] DEBUG Input                - Registered new binding: Matar Jugador - Q
02:13:16.499 [JavaFX Application Thread] DEBUG FXGLAssetLoaderServi - Loading from file system: file:/C:/Users/josue/OneDrive/Desktop/proyecto%20java/Among%20Us/out/production/Among%20Us/assets/textures/icono.png
02:13:16.565 [JavaFX Application Thread] DEBUG FXGLAssetLoaderServi - Loading from file system: jar:file:/C:/Users/josue/OneDrive/Desktop/proyecto%20java/Among%20Us/lib/fxgl-21.1-uber.jar!/fxglassets/textures/fxgl_default_cursor.png
02:13:16.573 [JavaFX Application Thread] DEBUG Input                - Registered new binding: Screenshot - CTRL+8
02:13:16.573 [JavaFX Application Thread] DEBUG Input                - Registered new binding: System info dump - CTRL+9
02:13:16.575 [JavaFX Application Thread] DEBUG Input                - Registered new binding: Restart - CTRL+R
02:13:16.579 [JavaFX Application Thread] DEBUG Input                - Registered new binding: Toggle Debug Camera - CTRL+7
02:13:16.593 [JavaFX Application Thread] DEBUG LoopRunner           - Starting loop
02:13:16.594 [JavaFX Application Thread] DEBUG LoopRunner           - Initializing JavaFX AnimationTimerLoop
02:13:16.597 [JavaFX Application Thread] DEBUG GameApplicationServi - Starting new game
02:13:16.599 [JavaFX Application Thread] DEBUG Input                - Clearing active input actions
02:13:16.633 [JavaFX Application Thread] DEBUG GameApplicationServi - Removing overlay from FXGLStartupScene and adding to FXGLLoadingScene
02:13:16.633 [JavaFX Application Thread] DEBUG PrimaryStageWindow   - FXGLStartupScene -> FXGLLoadingScene
02:13:16.633 [JavaFX Application Thread] DEBUG GameApplicationServi - Clearing previous game
02:13:16.633 [JavaFX Application Thread] DEBUG GameScene            - Clearing game scene
02:13:16.633 [JavaFX Application Thread] DEBUG GameWorld            - Clearing game world
02:13:16.634 [JavaFX Application Thread] DEBUG PhysicsWorld         - Clearing physics world
02:13:16.636 [FXGL Background Thread 1 ] DEBUG FXGLApplication      - Initializing game
02:13:16.649 [FXGL Background Thread 1 ] DEBUG FXGLAssetLoaderServi - Loading from file system: file:/C:/Users/josue/OneDrive/Desktop/proyecto%20java/Among%20Us/out/production/Among%20Us/assets/textures/MonitorDeCamaras.png
02:13:16.933 [FXGL Background Thread 1 ] DEBUG FXGLAssetLoaderServi - Loading from file system: file:/C:/Users/josue/OneDrive/Desktop/proyecto%20java/Among%20Us/out/production/Among%20Us/assets/textures/flechaAmarillaIzq.png
02:13:16.948 [FXGL Background Thread 1 ] DEBUG FXGLAssetLoaderServi - Loading from file system: file:/C:/Users/josue/OneDrive/Desktop/proyecto%20java/Among%20Us/out/production/Among%20Us/assets/textures/flechaAmarillaDer.png
02:13:16.952 [FXGL Background Thread 1 ] DEBUG FXGLAssetLoaderServi - Loading from file system: file:/C:/Users/josue/OneDrive/Desktop/proyecto%20java/Among%20Us/out/production/Among%20Us/assets/music/musicaMenu.mp3
02:13:17.549 [FXGL Background Thread 1 ] DEBUG AudioPlayer          - Playing music com.almasb.fxgl.audio.Music@1a82c071
02:13:18.739 [FXGL Background Thread 1 ] INFO  FXGLApplication      - Game initialization took: 2,103 sec
02:13:18.795 [JavaFX Application Thread] DEBUG Input                - Clearing active input actions
02:13:18.841 [JavaFX Application Thread] DEBUG GameApplicationServi - Removing overlay from FXGLLoadingScene and adding to GameScene
02:13:18.843 [JavaFX Application Thread] DEBUG PrimaryStageWindow   - FXGLLoadingScene -> GameScene
02:13:19.053 [FXGL Background Thread 4 ] DEBUG FXGLAssetLoaderServi - Loading from file system: jar:file:/C:/Users/josue/OneDrive/Desktop/proyecto%20java/Among%20Us/lib/fxgl-21.1-uber.jar!/fxglassets/ui/fonts/Abel-Regular.ttf
02:13:19.121 [FXGL Background Thread 4 ] DEBUG FXGLAssetLoaderServi - Loading from file system: jar:file:/C:/Users/josue/OneDrive/Desktop/proyecto%20java/Among%20Us/lib/fxgl-21.1-uber.jar!/fxglassets/ui/fonts/TerminalLandMono-Regular.otf
02:13:19.134 [FXGL Background Thread 4 ] DEBUG FXGLAssetLoaderServi - Loading from file system: jar:file:/C:/Users/josue/OneDrive/Desktop/proyecto%20java/Among%20Us/lib/fxgl-21.1-uber.jar!/fxglassets/ui/fonts/Courier-Prime.ttf
02:13:19.147 [JavaFX Application Thread] DEBUG FXGLApplication      - Registering font factories with UI factory
02:13:20.042 [FXGL Background Thread 3 ] DEBUG Engine               - Logging environment variables
02:13:20.142 [FXGL Background Thread 3 ] DEBUG Engine               - achievements: []
02:13:20.142 [FXGL Background Thread 3 ] DEBUG Engine               - actualHeight: 600.0
02:13:20.142 [FXGL Background Thread 3 ] DEBUG Engine               - actualHeightProperty: ReadOnlyDoubleProperty [value: 600.0]
02:13:20.169 [FXGL Background Thread 3 ] DEBUG Engine               - actualWidth: 800.0
02:13:20.170 [FXGL Background Thread 3 ] DEBUG Engine               - actualWidthProperty: ReadOnlyDoubleProperty [value: 800.0]
02:13:20.170 [FXGL Background Thread 3 ] DEBUG Engine               - appIcon: icono.png
02:13:20.170 [FXGL Background Thread 3 ] DEBUG Engine               - applicationMode: DEVELOPER
02:13:20.193 [FXGL Background Thread 3 ] DEBUG Engine               - cSSList: [fxgl_dark.css]
02:13:20.193 [FXGL Background Thread 3 ] DEBUG Engine               - collisionDetectionStrategy: BRUTE_FORCE
02:13:20.193 [FXGL Background Thread 3 ] DEBUG Engine               - configClass: Optional.empty
02:13:20.193 [FXGL Background Thread 3 ] DEBUG Engine               - credits: []
02:13:20.194 [FXGL Background Thread 3 ] DEBUG Engine               - defaultCursor: CursorInfo(imageName=fxgl_default_cursor.png, hotspotX=7.0, hotspotY=6.0)
02:13:20.325 [FXGL Background Thread 3 ] DEBUG Engine               - devBBoxColorProperty: ObjectProperty [value: 0xff0000ff]
02:13:20.453 [FXGL Background Thread 3 ] DEBUG Engine               - devEnableDebugCameraProperty: BooleanProperty [value: false]
02:13:20.453 [FXGL Background Thread 3 ] DEBUG Engine               - devSensorColorProperty: ObjectProperty [value: 0xffff00ff]
02:13:20.453 [FXGL Background Thread 3 ] DEBUG Engine               - devShowBBoxProperty: BooleanProperty [value: false]
02:13:20.489 [FXGL Background Thread 3 ] DEBUG Engine               - devShowPositionProperty: BooleanProperty [value: false]
02:13:20.489 [FXGL Background Thread 3 ] DEBUG Engine               - enabledMenuItems: []
02:13:20.489 [FXGL Background Thread 3 ] DEBUG Engine               - engineServices: [class com.almasb.fxgl.app.services.FXGLAssetLoaderService, class com.almasb.fxgl.app.FXGLApplication$GameApplicationService, class com.almasb.fxgl.app.services.FXGLDialogService, class com.almasb.fxgl.app.services.IOTaskExecutorService, class com.almasb.fxgl.io.FileSystemService, class com.almasb.fxgl.localization.LocalizationService, class com.almasb.fxgl.app.services.SystemBundleService, class com.almasb.fxgl.profile.SaveLoadService, class com.almasb.fxgl.ui.FXGLUIFactoryServiceProvider, class com.almasb.fxgl.ui.FXGLDialogFactoryServiceProvider, class com.almasb.fxgl.audio.AudioPlayer, class com.almasb.fxgl.notification.impl.NotificationServiceProvider, class com.almasb.fxgl.achievement.AchievementService, class com.almasb.fxgl.cutscene.CutsceneService, class com.almasb.fxgl.minigames.MiniGameService, class com.almasb.fxgl.net.NetService, class com.almasb.fxgl.app.services.UpdaterService, class com.almasb.fxgl.dev.DevService]
02:13:20.489 [FXGL Background Thread 3 ] DEBUG Engine               - fontGame: Abel-Regular.ttf
02:13:20.490 [FXGL Background Thread 3 ] DEBUG Engine               - fontMono: TerminalLandMono-Regular.otf
02:13:20.514 [FXGL Background Thread 3 ] DEBUG Engine               - fontSizeScaleUI: 1.0
02:13:20.514 [FXGL Background Thread 3 ] DEBUG Engine               - fontText: Courier-Prime.ttf
02:13:20.514 [FXGL Background Thread 3 ] DEBUG Engine               - fontUI: VarelaRound-Regular.ttf
02:13:20.514 [FXGL Background Thread 3 ] DEBUG Engine               - fullScreen: BooleanProperty [value: false]
02:13:20.531 [FXGL Background Thread 3 ] DEBUG Engine               - gameDifficulty: MEDIUM
02:13:20.531 [FXGL Background Thread 3 ] DEBUG Engine               - gameDifficultyProperty: ObjectProperty [value: MEDIUM]
02:13:20.531 [FXGL Background Thread 3 ] DEBUG Engine               - globalMusicVolume: 0.5
02:13:20.531 [FXGL Background Thread 3 ] DEBUG Engine               - globalMusicVolumeProperty: DoubleProperty [value: 0.4]
02:13:20.760 [FXGL Background Thread 3 ] DEBUG Engine               - globalSoundVolume: 0.5
02:13:20.772 [FXGL Background Thread 3 ] DEBUG Engine               - globalSoundVolumeProperty: DoubleProperty [value: 0.5]
02:13:20.809 [FXGL Background Thread 3 ] DEBUG Engine               - height: 600
02:13:20.848 [FXGL Background Thread 3 ] DEBUG Engine               - is3D: false
02:13:20.850 [FXGL Background Thread 3 ] DEBUG Engine               - isAndroid: false
02:13:20.852 [FXGL Background Thread 3 ] DEBUG Engine               - isBrowser: false
02:13:20.853 [FXGL Background Thread 3 ] DEBUG Engine               - isClickFeedbackEnabled: false
02:13:20.853 [FXGL Background Thread 3 ] DEBUG Engine               - isCloseConfirmation: false
02:13:20.853 [FXGL Background Thread 3 ] DEBUG Engine               - isDesktop: true
02:13:20.853 [FXGL Background Thread 3 ] DEBUG Engine               - isDeveloperMenuEnabled: false
02:13:20.854 [FXGL Background Thread 3 ] DEBUG Engine               - isEmbedded: false
02:13:20.854 [FXGL Background Thread 3 ] DEBUG Engine               - isEntityPreloadEnabled: true
02:13:20.854 [FXGL Background Thread 3 ] DEBUG Engine               - isExperimentalTiledLargeMap: false
02:13:20.855 [FXGL Background Thread 3 ] DEBUG Engine               - isFileSystemWriteAllowed: true
02:13:20.855 [FXGL Background Thread 3 ] DEBUG Engine               - isFullScreenAllowed: false
02:13:20.855 [FXGL Background Thread 3 ] DEBUG Engine               - isFullScreenFromStart: false
02:13:20.855 [FXGL Background Thread 3 ] DEBUG Engine               - isGameMenuEnabled: true
02:13:20.855 [FXGL Background Thread 3 ] DEBUG Engine               - isIOS: false
02:13:20.855 [FXGL Background Thread 3 ] DEBUG Engine               - isIntroEnabled: false
02:13:20.855 [FXGL Background Thread 3 ] DEBUG Engine               - isLinux: false
02:13:20.855 [FXGL Background Thread 3 ] DEBUG Engine               - isMac: false
02:13:20.855 [FXGL Background Thread 3 ] DEBUG Engine               - isMainMenuEnabled: false
02:13:20.855 [FXGL Background Thread 3 ] DEBUG Engine               - isManualResizeEnabled: false
02:13:20.855 [FXGL Background Thread 3 ] DEBUG Engine               - isMobile: false
02:13:20.855 [FXGL Background Thread 3 ] DEBUG Engine               - isNative: false
02:13:20.855 [FXGL Background Thread 3 ] DEBUG Engine               - isPauseMusicWhenMinimized: true
02:13:20.856 [FXGL Background Thread 3 ] DEBUG Engine               - isPreserveResizeRatio: false
02:13:20.856 [FXGL Background Thread 3 ] DEBUG Engine               - isProfilingEnabled: false
02:13:20.856 [FXGL Background Thread 3 ] DEBUG Engine               - isScaleAffectedOnResize: true
02:13:20.856 [FXGL Background Thread 3 ] DEBUG Engine               - isSingleStep: false
02:13:20.856 [FXGL Background Thread 3 ] DEBUG Engine               - isUserProfileEnabled: false
02:13:20.856 [FXGL Background Thread 3 ] DEBUG Engine               - isWindows: true
02:13:20.856 [FXGL Background Thread 3 ] DEBUG Engine               - language: ObjectProperty [value: ENGLISH]
02:13:20.856 [FXGL Background Thread 3 ] DEBUG Engine               - menuKey: ESCAPE
02:13:20.856 [FXGL Background Thread 3 ] DEBUG Engine               - mouseSensitivity: 0.2
02:13:20.856 [FXGL Background Thread 3 ] DEBUG Engine               - notificationViewClass: class com.almasb.fxgl.notification.view.XboxNotificationView
02:13:20.856 [FXGL Background Thread 3 ] DEBUG Engine               - pixelsPerMeter: 50.0
02:13:20.856 [FXGL Background Thread 3 ] DEBUG Engine               - platform: WINDOWS
02:13:20.856 [FXGL Background Thread 3 ] DEBUG Engine               - prefHeightProperty: ReadOnlyDoubleProperty [value: 600.0]
02:13:20.858 [FXGL Background Thread 3 ] DEBUG Engine               - prefWidthProperty: ReadOnlyDoubleProperty [value: 800.0]
02:13:20.858 [FXGL Background Thread 3 ] DEBUG Engine               - profileDir: profiles/
02:13:20.858 [FXGL Background Thread 3 ] DEBUG Engine               - profileName: StringProperty [value: DEFAULT]
02:13:20.858 [FXGL Background Thread 3 ] DEBUG Engine               - randomSeed: -1
02:13:20.858 [FXGL Background Thread 3 ] DEBUG Engine               - runtimeInfo: RuntimeInfo(platform=WINDOWS, version=21.1, build=26.03.2024 17.33)
02:13:20.858 [FXGL Background Thread 3 ] DEBUG Engine               - saveFileExt: sav
02:13:20.858 [FXGL Background Thread 3 ] DEBUG Engine               - scaledHeightProp$fxgl: DoubleProperty [bound, value: 600.0]
02:13:20.858 [FXGL Background Thread 3 ] DEBUG Engine               - scaledWidthProp$fxgl: DoubleProperty [bound, value: 800.0]
02:13:20.858 [FXGL Background Thread 3 ] DEBUG Engine               - sceneFactory: com.almasb.fxgl.app.scene.SceneFactory@4881f81d
02:13:20.858 [FXGL Background Thread 3 ] DEBUG Engine               - secondsIn24h: 60
02:13:20.859 [FXGL Background Thread 3 ] DEBUG Engine               - soundMenuBack: menu/back.wav
02:13:20.859 [FXGL Background Thread 3 ] DEBUG Engine               - soundMenuPress: menu/press.wav
02:13:20.859 [FXGL Background Thread 3 ] DEBUG Engine               - soundMenuSelect: menu/select.wav
02:13:20.859 [FXGL Background Thread 3 ] DEBUG Engine               - soundNotification: core/notification.wav
02:13:20.859 [FXGL Background Thread 3 ] DEBUG Engine               - stageStyle: DECORATED
02:13:20.859 [FXGL Background Thread 3 ] DEBUG Engine               - supportedLanguages: [ENGLISH, FRENCH, GERMAN, HUNGARIAN, RUSSIAN]
02:13:20.859 [FXGL Background Thread 3 ] DEBUG Engine               - ticksPerSecond: -1
02:13:20.859 [FXGL Background Thread 3 ] DEBUG Engine               - title: Among Us UNEG
02:13:20.859 [FXGL Background Thread 3 ] DEBUG Engine               - urlGithub: https://github.com/AlmasB/FXGL
02:13:20.859 [FXGL Background Thread 3 ] DEBUG Engine               - urlLeaderboard: http://fxgl-top.herokuapp.com/
02:13:20.859 [FXGL Background Thread 3 ] DEBUG Engine               - urlPOM: https://raw.githubusercontent.com/AlmasB/FXGL/release/README.md
02:13:20.859 [FXGL Background Thread 3 ] DEBUG Engine               - userAppClass: class main.java.amongUs.AppPrincipal
02:13:20.859 [FXGL Background Thread 3 ] DEBUG Engine               - version: 0.0
02:13:20.859 [FXGL Background Thread 3 ] DEBUG Engine               - versionCheckDays: 7
02:13:20.859 [FXGL Background Thread 3 ] DEBUG Engine               - width: 800
02:13:20.859 [FXGL Background Thread 3 ] DEBUG Engine               - Logging services
02:13:20.859 [FXGL Background Thread 3 ] DEBUG Engine               - class com.almasb.fxgl.app.services.FXGLAssetLoaderService
02:13:20.859 [FXGL Background Thread 3 ] DEBUG Engine               - class com.almasb.fxgl.app.FXGLApplication$GameApplicationService
02:13:20.860 [FXGL Background Thread 3 ] DEBUG Engine               - class com.almasb.fxgl.app.services.FXGLDialogService
02:13:20.860 [FXGL Background Thread 3 ] DEBUG Engine               - class com.almasb.fxgl.app.services.IOTaskExecutorService
02:13:20.860 [FXGL Background Thread 3 ] DEBUG Engine               - class com.almasb.fxgl.io.FileSystemService
02:13:20.860 [FXGL Background Thread 3 ] DEBUG Engine               - class com.almasb.fxgl.localization.LocalizationService
02:13:20.860 [FXGL Background Thread 3 ] DEBUG Engine               - class com.almasb.fxgl.app.services.SystemBundleService
02:13:20.860 [FXGL Background Thread 3 ] DEBUG Engine               - class com.almasb.fxgl.profile.SaveLoadService
02:13:20.860 [FXGL Background Thread 3 ] DEBUG Engine               - class com.almasb.fxgl.ui.FXGLUIFactoryServiceProvider
02:13:20.860 [FXGL Background Thread 3 ] DEBUG Engine               - class com.almasb.fxgl.ui.FXGLDialogFactoryServiceProvider
02:13:20.860 [FXGL Background Thread 3 ] DEBUG Engine               - class com.almasb.fxgl.audio.AudioPlayer
02:13:20.860 [FXGL Background Thread 3 ] DEBUG Engine               - class com.almasb.fxgl.notification.impl.NotificationServiceProvider
02:13:20.860 [FXGL Background Thread 3 ] DEBUG Engine               - class com.almasb.fxgl.achievement.AchievementService
02:13:20.860 [FXGL Background Thread 3 ] DEBUG Engine               - class com.almasb.fxgl.cutscene.CutsceneService
02:13:20.860 [FXGL Background Thread 3 ] DEBUG Engine               - class com.almasb.fxgl.minigames.MiniGameService
02:13:20.860 [FXGL Background Thread 3 ] DEBUG Engine               - class com.almasb.fxgl.net.NetService
02:13:20.860 [FXGL Background Thread 3 ] DEBUG Engine               - class com.almasb.fxgl.app.services.UpdaterService
02:13:20.860 [FXGL Background Thread 3 ] DEBUG Engine               - class com.almasb.fxgl.dev.DevService
02:13:21.495 [FXGL Background Thread 2 ] INFO  UpdaterService       - Your current version:  21.1
02:13:21.508 [FXGL Background Thread 2 ] INFO  UpdaterService       - Latest stable version: 25
02:13:44.935 [JavaFX Application Thread] DEBUG FXGLAssetLoaderServi - Loading from file system: file:/C:/Users/josue/OneDrive/Desktop/proyecto%20java/Among%20Us/out/production/Among%20Us/assets/sounds/clickBoton.wav
02:13:55.440 [JavaFX Application Thread] DEBUG FXGLAssetLoaderServi - Loading from file system: file:/C:/Users/josue/OneDrive/Desktop/proyecto%20java/Among%20Us/out/production/Among%20Us/assets/textures/tripulante_negro.png
02:13:57.546 [JavaFX Application Thread] DEBUG FXGLAssetLoaderServi - Loading from file system: file:/C:/Users/josue/OneDrive/Desktop/proyecto%20java/Among%20Us/out/production/Among%20Us/assets/textures/tripulante_blanco.png
02:14:01.746 [JavaFX Application Thread] DEBUG FXGLAssetLoaderServi - Loading from file system: file:/C:/Users/josue/OneDrive/Desktop/proyecto%20java/Among%20Us/out/production/Among%20Us/assets/textures/tripulante_rojo.png
02:14:02.786 [JavaFX Application Thread] WARN  TMXLevelLoader       - TiledMap generated from 1.11.2. Supported version: 1.9.0. Some features may not be parsed fully.
02:14:03.382 [JavaFX Application Thread] DEBUG TMXLevelLoader       - Parsed TiledMap: file:/C:/Users/josue/OneDrive/Desktop/proyecto%20java/Among%20Us/out/production/Among%20Us/assets/levels/mapa2.tmx
02:14:03.385 [JavaFX Application Thread] DEBUG TMXLevelLoader       - Creating tile layer entities
02:14:03.395 [JavaFX Application Thread] DEBUG TilesetLoader        - Loading view for layer fondo1
02:14:03.605 [JavaFX Application Thread] DEBUG TilesetLoader        - Created buffer with size 992.0x960.0
02:14:03.650 [JavaFX Application Thread] DEBUG TilesetLoader        - Loading view for layer fondo
02:14:03.651 [JavaFX Application Thread] DEBUG TilesetLoader        - Created buffer with size 992.0x960.0
02:14:03.656 [JavaFX Application Thread] DEBUG TilesetLoader        - Loading view for layer piso
02:14:03.656 [JavaFX Application Thread] DEBUG TilesetLoader        - Created buffer with size 992.0x960.0
02:14:03.662 [JavaFX Application Thread] DEBUG TilesetLoader        - Loading view for layer piso1
02:14:03.663 [JavaFX Application Thread] DEBUG TilesetLoader        - Created buffer with size 992.0x960.0
02:14:03.675 [JavaFX Application Thread] DEBUG TilesetLoader        - Loading view for layer izquierda
02:14:03.676 [JavaFX Application Thread] DEBUG TilesetLoader        - Created buffer with size 992.0x960.0
02:14:03.730 [JavaFX Application Thread] DEBUG TilesetLoader        - Loading view for layer detallesatraspared
02:14:03.732 [JavaFX Application Thread] DEBUG TilesetLoader        - Created buffer with size 992.0x960.0
02:14:03.860 [JavaFX Application Thread] DEBUG TilesetLoader        - Loading view for layer pared2
02:14:03.863 [JavaFX Application Thread] DEBUG TilesetLoader        - Created buffer with size 992.0x960.0
02:14:03.908 [JavaFX Application Thread] DEBUG TilesetLoader        - Loading view for layer techo1
02:14:03.909 [JavaFX Application Thread] DEBUG TilesetLoader        - Created buffer with size 992.0x960.0
02:14:03.924 [JavaFX Application Thread] DEBUG TilesetLoader        - Loading view for layer techo2
02:14:03.924 [JavaFX Application Thread] DEBUG TilesetLoader        - Created buffer with size 992.0x960.0
02:14:03.939 [JavaFX Application Thread] DEBUG TilesetLoader        - Loading view for layer puertita
02:14:03.939 [JavaFX Application Thread] DEBUG TilesetLoader        - Created buffer with size 992.0x960.0
02:14:03.940 [JavaFX Application Thread] DEBUG TilesetLoader        - Loading view for layer puerta
02:14:03.940 [JavaFX Application Thread] DEBUG TilesetLoader        - Created buffer with size 992.0x960.0
02:14:04.149 [JavaFX Application Thread] DEBUG TilesetLoader        - Loading view for layer detalles
02:14:04.150 [JavaFX Application Thread] DEBUG TilesetLoader        - Created buffer with size 992.0x960.0
02:14:04.194 [JavaFX Application Thread] DEBUG TilesetLoader        - Loading view for layer detalles 2
02:14:04.194 [JavaFX Application Thread] DEBUG TilesetLoader        - Created buffer with size 992.0x960.0
02:14:04.233 [JavaFX Application Thread] DEBUG TilesetLoader        - Loading view for layer detalles3
02:14:04.234 [JavaFX Application Thread] DEBUG TilesetLoader        - Created buffer with size 992.0x960.0
02:14:04.273 [JavaFX Application Thread] DEBUG TilesetLoader        - Loading view for layer grieta
02:14:04.274 [JavaFX Application Thread] DEBUG TilesetLoader        - Created buffer with size 992.0x960.0
02:14:04.284 [JavaFX Application Thread] DEBUG TilesetLoader        - Loading view for layer camaras
02:14:04.286 [JavaFX Application Thread] DEBUG TilesetLoader        - Created buffer with size 992.0x960.0
02:14:04.290 [JavaFX Application Thread] DEBUG TilesetLoader        - Loading view for layer Techo
02:14:04.294 [JavaFX Application Thread] DEBUG TilesetLoader        - Created buffer with size 992.0x960.0
02:14:04.304 [JavaFX Application Thread] DEBUG TMXLevelLoader       - Creating object layer entities
02:14:04.536 [JavaFX Application Thread] DEBUG GameWorld            - Clearing removable entities
02:14:04.560 [JavaFX Application Thread] DEBUG GameWorld            - Setting level: com.almasb.fxgl.entity.level.Level@370ed61a
02:14:04.650 [JavaFX Application Thread] DEBUG FXGLAssetLoaderServi - Loading from file system: file:/C:/Users/josue/OneDrive/Desktop/proyecto%20java/Among%20Us/out/production/Among%20Us/assets/textures/fantasma.png
02:14:04.651 [JavaFX Application Thread] DEBUG FXGLAssetLoaderServi - Loading from file system: file:/C:/Users/josue/OneDrive/Desktop/proyecto%20java/Among%20Us/out/production/Among%20Us/assets/textures/rojo_muerto.png
02:14:04.652 [JavaFX Application Thread] DEBUG FXGLAssetLoaderServi - Loading from file system: file:/C:/Users/josue/OneDrive/Desktop/proyecto%20java/Among%20Us/out/production/Among%20Us/assets/textures/animacion_rojo.png
02:14:04.708 [JavaFX Application Thread] DEBUG FXGLAssetLoaderServi - Loading from file system: file:/C:/Users/josue/OneDrive/Desktop/proyecto%20java/Among%20Us/out/production/Among%20Us/assets/textures/alcantarilla_rojo.png
02:14:04.713 [JavaFX Application Thread] DEBUG FXGLAssetLoaderServi - Loading from file system: file:/C:/Users/josue/OneDrive/Desktop/proyecto%20java/Among%20Us/out/production/Among%20Us/assets/textures/alcantarilla_rojoE.png
02:14:04.735 [JavaFX Application Thread] DEBUG FXGLAssetLoaderServi - Loading from file system: file:/C:/Users/josue/OneDrive/Desktop/proyecto%20java/Among%20Us/out/production/Among%20Us/assets/textures/blanco_muerto.png
02:14:04.738 [JavaFX Application Thread] DEBUG FXGLAssetLoaderServi - Loading from file system: file:/C:/Users/josue/OneDrive/Desktop/proyecto%20java/Among%20Us/out/production/Among%20Us/assets/textures/animacion_blanco.png
02:14:04.741 [JavaFX Application Thread] DEBUG FXGLAssetLoaderServi - Loading from file system: file:/C:/Users/josue/OneDrive/Desktop/proyecto%20java/Among%20Us/out/production/Among%20Us/assets/textures/alcantarilla_blanco.png
02:14:04.744 [JavaFX Application Thread] DEBUG FXGLAssetLoaderServi - Loading from file system: file:/C:/Users/josue/OneDrive/Desktop/proyecto%20java/Among%20Us/out/production/Among%20Us/assets/textures/alcantarilla_blancoE.png
02:14:04.771 [JavaFX Application Thread] DEBUG FXGLAssetLoaderServi - Loading from file system: file:/C:/Users/josue/OneDrive/Desktop/proyecto%20java/Among%20Us/out/production/Among%20Us/assets/textures/accionNegada.png
02:14:04.780 [JavaFX Application Thread] DEBUG FXGLAssetLoaderServi - Loading from file system: file:/C:/Users/josue/OneDrive/Desktop/proyecto%20java/Among%20Us/out/production/Among%20Us/assets/textures/matarNegado.png
02:14:04.798 [JavaFX Application Thread] DEBUG FXGLAssetLoaderServi - Loading from file system: file:/C:/Users/josue/OneDrive/Desktop/proyecto%20java/Among%20Us/out/production/Among%20Us/assets/textures/pantalla_impostor.png
02:14:04.886 [JavaFX Application Thread] DEBUG FXGLAssetLoaderServi - Loading from file system: file:/C:/Users/josue/OneDrive/Desktop/proyecto%20java/Among%20Us/out/production/Among%20Us/assets/textures/matar.png
02:14:24.344 [JavaFX Application Thread] DEBUG FXGLAssetLoaderServi - Loading from file system: file:/C:/Users/josue/OneDrive/Desktop/proyecto%20java/Among%20Us/out/production/Among%20Us/assets/textures/accion.png
02:14:26.506 [JavaFX Application Thread] DEBUG FXGLAssetLoaderServi - Loading from file system: file:/C:/Users/josue/OneDrive/Desktop/proyecto%20java/Among%20Us/out/production/Among%20Us/assets/textures/flechaRojaDer.png
02:14:26.515 [JavaFX Application Thread] DEBUG FXGLAssetLoaderServi - Loading from file system: file:/C:/Users/josue/OneDrive/Desktop/proyecto%20java/Among%20Us/out/production/Among%20Us/assets/textures/flechaRojaAbajo.png
02:14:27.387 [JavaFX Application Thread] DEBUG FXGLAssetLoaderServi - Loading from file system: file:/C:/Users/josue/OneDrive/Desktop/proyecto%20java/Among%20Us/out/production/Among%20Us/assets/textures/flechaRojaArriba.png
02:14:32.281 [JavaFX Application Thread] DEBUG FXGLAssetLoaderServi - Loading from file system: file:/C:/Users/josue/OneDrive/Desktop/proyecto%20java/Among%20Us/out/production/Among%20Us/assets/textures/flechaRojaIzq.png
02:14:36.344 [JavaFX Application Thread] DEBUG FXGLApplication      - Exiting FXGL
02:14:36.344 [JavaFX Application Thread] DEBUG LoopRunner           - Stopping loop
02:14:36.344 [JavaFX Application Thread] DEBUG SystemBundleService  - Saving FXGL system data
02:14:36.346 [JavaFX Application Thread] DEBUG FileSystemAccess     - Writing to: C:\Users\josue\OneDrive\Desktop\proyecto java\Among Us\system\fxgl.bundle
02:14:36.349 [JavaFX Application Thread] DEBUG Async                - Shutting down background threads
02:14:36.349 [JavaFX Application Thread] DEBUG PrimaryStageWindow   - Closing main window
02:14:36.381 [JavaFX Application Thread] DEBUG Logger               - Closing Logger
