18:33:04.648 [main                     ] DEBUG Logger               - Configured Logger
18:33:04.664 [main                     ] DEBUG GameApplication      - Logging settings
Title: Among Us UNEG
Version: 0.0
Width: 800
Height: 600
Fullscreen: false
Intro: false
Profiling: false
Single step:false
App Mode: DEVELOPER
Menu Key: ESCAPE
Stage Style: DECORATED
Scene Factory: class com.almasb.fxgl.app.scene.SceneFactory

18:33:05.872 [JavaFX Application Thread] DEBUG FXGLApplication      - Initializing FXGL
18:33:05.880 [JavaFX Application Thread] INFO  Engine               - FXGL-21.1 (26.03.2024 17.33) on WINDOWS (J:25.0.2 FX:21.0.1)
18:33:05.880 [JavaFX Application Thread] DEBUG Engine               - JRE Vendor Name: Oracle Corporation
18:33:05.880 [JavaFX Application Thread] DEBUG Engine               - Running on OS: Windows 11 version 10.0
18:33:05.881 [JavaFX Application Thread] DEBUG Engine               - Architecture: amd64
18:33:05.881 [JavaFX Application Thread] INFO  Engine               - Source code and latest versions at: https://github.com/AlmasB/FXGL
18:33:05.881 [JavaFX Application Thread] INFO  Engine               -       Ask questions and discuss at: https://github.com/AlmasB/FXGL/discussions
18:33:05.881 [JavaFX Application Thread] INFO  Engine               -              Join the FXGL chat at: https://gitter.im/AlmasB/FXGL
18:33:06.241 [JavaFX Application Thread] DEBUG PrimaryStageWindow   - Creating a JavaFX scene
18:33:06.384 [JavaFX Application Thread] DEBUG PrimaryStageWindow   - Target settings size: 800.0 x 600.0
18:33:06.384 [JavaFX Application Thread] DEBUG PrimaryStageWindow   - Scaled scene size:    800.0 x 600.0
18:33:06.384 [JavaFX Application Thread] DEBUG PrimaryStageWindow   - Scaled ratio: (1.0, 1.0)
18:33:06.387 [JavaFX Application Thread] DEBUG PrimaryStageWindow   - Set initial scene to FXGLStartupScene
18:33:06.393 [JavaFX Application Thread] DEBUG PrimaryStageWindow   - Opening main window
18:33:06.625 [JavaFX Application Thread] DEBUG PrimaryStageWindow   - Window border size: (16.0, 39.0)
18:33:06.625 [JavaFX Application Thread] DEBUG PrimaryStageWindow   - Scaled size: 800.0 x 600.0
18:33:06.625 [JavaFX Application Thread] DEBUG PrimaryStageWindow   - Scaled ratio: (1.0, 1.0)
18:33:06.625 [JavaFX Application Thread] DEBUG PrimaryStageWindow   - Scene size: 800.0 x 600.0
18:33:06.625 [JavaFX Application Thread] DEBUG PrimaryStageWindow   - Stage size: 816.0 x 639.0
18:33:06.684 [FXGL Background Thread 1 ] DEBUG Engine               - Initializing environment variables
18:33:06.911 [FXGL Background Thread 1 ] DEBUG FXGLAssetLoaderServi - User app class for loading assets: class main.java.amongUs.AppPrincipal
18:33:06.912 [FXGL Background Thread 1 ] DEBUG GameApplicationServi - Applying CSS: fxgl_dark.css
18:33:06.913 [FXGL Background Thread 1 ] DEBUG FXGLAssetLoaderServi - Loading from file system: jar:file:/C:/Users/josue/OneDrive/Desktop/proyecto%20java/Among%20Us/lib/fxgl-21.1-uber.jar!/fxglassets/ui/css/fxgl_dark.css
18:33:07.111 [FXGL Background Thread 1 ] DEBUG GameApplicationServi - Initializing application scenes
18:33:07.331 [FXGL Background Thread 1 ] DEBUG GameWorld            - Game world initialized
18:33:07.441 [FXGL Background Thread 1 ] DEBUG PhysicsWorld         - Physics world initialized: appHeight=600, physics.ppm=50,0
18:33:07.441 [FXGL Background Thread 1 ] DEBUG PhysicsWorld         - Using strategy: BRUTE_FORCE
18:33:07.447 [FXGL Background Thread 1 ] DEBUG GameScene            - Game scene initialized: 800x600
18:33:07.472 [FXGL Background Thread 1 ] DEBUG FXGL.DefaultMenu     - createMenuBodyGameMenu()
18:33:07.511 [FXGL Background Thread 1 ] DEBUG FXGL.DefaultMenu     - createOptionsMenu()
18:33:07.532 [FXGL Background Thread 1 ] DEBUG FXGLAssetLoaderServi - Loading from file system: jar:file:/C:/Users/josue/OneDrive/Desktop/proyecto%20java/Among%20Us/lib/fxgl-21.1-uber.jar!/fxglassets/textures/particles/smoke.png
18:33:07.747 [FXGL Background Thread 1 ] DEBUG FXGLAssetLoaderServi - Loading from file system: jar:file:/C:/Users/josue/OneDrive/Desktop/proyecto%20java/Among%20Us/lib/fxgl-21.1-uber.jar!/fxglassets/textures/particles/trace_horizontal.png
18:33:07.802 [FXGL Background Thread 1 ] DEBUG GameApplicationServi - Application scenes initialized
18:33:07.830 [FXGL Background Thread 1 ] DEBUG SystemBundleService  - Loading FXGL system data
18:33:07.838 [FXGL Background Thread 1 ] DEBUG FileSystemAccess     - Reading from: C:\Users\josue\OneDrive\Desktop\proyecto java\Among Us\system\fxgl.bundle
18:33:07.854 [FXGL Background Thread 1 ] DEBUG SystemBundleService  - Bundle FXGL: {}
18:33:07.854 [FXGL Background Thread 1 ] DEBUG UpdaterService       - Checking for updates
18:33:07.863 [FXGL Background Thread 1 ] DEBUG FXGLApplication      - Loading default localization
18:33:07.864 [FXGL Background Thread 1 ] DEBUG FXGLAssetLoaderServi - Loading from file system: jar:file:/C:/Users/josue/OneDrive/Desktop/proyecto%20java/Among%20Us/lib/fxgl-21.1-uber.jar!/fxglassets/languages/english.lang
18:33:07.874 [FXGL Background Thread 4 ] DEBUG FXGLApplication      - Loading fonts
18:33:07.874 [FXGL Background Thread 4 ] DEBUG FXGLAssetLoaderServi - Loading from file system: jar:file:/C:/Users/josue/OneDrive/Desktop/proyecto%20java/Among%20Us/lib/fxgl-21.1-uber.jar!/fxglassets/ui/fonts/VarelaRound-Regular.ttf
18:33:07.944 [FXGL Background Thread 1 ] INFO  FXGLApplication      - FXGL initialization took: 1,260 sec
18:33:07.956 [JavaFX Application Thread] DEBUG Input                - Registered new binding: Mover Arriba - W
18:33:07.957 [JavaFX Application Thread] DEBUG Input                - Registered new binding: Mover Abajo - S
18:33:07.957 [JavaFX Application Thread] DEBUG Input                - Registered new binding: Mover Izquierda - A
18:33:07.957 [JavaFX Application Thread] DEBUG Input                - Registered new binding: Mover Derecha - D
18:33:07.957 [JavaFX Application Thread] DEBUG Input                - Registered new binding: Abrir Camaras - C
18:33:07.957 [JavaFX Application Thread] DEBUG Input                - Registered new binding: Usar Alcantarilla - Space
18:33:07.957 [JavaFX Application Thread] DEBUG Input                - Registered new binding: Vent Izquierda - Left
18:33:07.957 [JavaFX Application Thread] DEBUG Input                - Registered new binding: Vent Derecha - Right
18:33:07.958 [JavaFX Application Thread] DEBUG Input                - Registered new binding: Vent Arriba - Up
18:33:07.958 [JavaFX Application Thread] DEBUG Input                - Registered new binding: Vent Abajo - Down
18:33:07.958 [JavaFX Application Thread] DEBUG Input                - Registered new binding: Matar Jugador - Q
18:33:07.958 [JavaFX Application Thread] DEBUG Input                - Registered new binding: Reportar Cadaver - R
18:33:07.958 [JavaFX Application Thread] DEBUG FXGLAssetLoaderServi - Loading from file system: file:/C:/Users/josue/OneDrive/Desktop/proyecto%20java/Among%20Us/out/production/Among%20Us/assets/textures/icono.png
18:33:08.002 [JavaFX Application Thread] DEBUG FXGLAssetLoaderServi - Loading from file system: jar:file:/C:/Users/josue/OneDrive/Desktop/proyecto%20java/Among%20Us/lib/fxgl-21.1-uber.jar!/fxglassets/textures/fxgl_default_cursor.png
18:33:08.008 [JavaFX Application Thread] DEBUG Input                - Registered new binding: Screenshot - CTRL+8
18:33:08.010 [JavaFX Application Thread] DEBUG Input                - Registered new binding: System info dump - CTRL+9
18:33:08.011 [JavaFX Application Thread] DEBUG Input                - Registered new binding: Restart - CTRL+R
18:33:08.012 [JavaFX Application Thread] DEBUG Input                - Registered new binding: Toggle Debug Camera - CTRL+7
18:33:08.022 [JavaFX Application Thread] DEBUG LoopRunner           - Starting loop
18:33:08.023 [JavaFX Application Thread] DEBUG LoopRunner           - Initializing JavaFX AnimationTimerLoop
18:33:08.030 [JavaFX Application Thread] DEBUG GameApplicationServi - Starting new game
18:33:08.031 [JavaFX Application Thread] DEBUG Input                - Clearing active input actions
18:33:08.090 [JavaFX Application Thread] DEBUG GameApplicationServi - Removing overlay from FXGLStartupScene and adding to FXGLLoadingScene
18:33:08.090 [JavaFX Application Thread] DEBUG PrimaryStageWindow   - FXGLStartupScene -> FXGLLoadingScene
18:33:08.091 [JavaFX Application Thread] DEBUG GameApplicationServi - Clearing previous game
18:33:08.091 [JavaFX Application Thread] DEBUG GameScene            - Clearing game scene
18:33:08.091 [JavaFX Application Thread] DEBUG GameWorld            - Clearing game world
18:33:08.091 [JavaFX Application Thread] DEBUG PhysicsWorld         - Clearing physics world
18:33:08.102 [FXGL Background Thread 1 ] DEBUG FXGLApplication      - Initializing game
18:33:08.123 [FXGL Background Thread 1 ] DEBUG FXGLAssetLoaderServi - Loading from file system: file:/C:/Users/josue/OneDrive/Desktop/proyecto%20java/Among%20Us/out/production/Among%20Us/assets/music/musicaMenu.mp3
18:33:08.818 [FXGL Background Thread 4 ] DEBUG FXGLAssetLoaderServi - Loading from file system: jar:file:/C:/Users/josue/OneDrive/Desktop/proyecto%20java/Among%20Us/lib/fxgl-21.1-uber.jar!/fxglassets/ui/fonts/Abel-Regular.ttf
18:33:08.828 [FXGL Background Thread 4 ] DEBUG FXGLAssetLoaderServi - Loading from file system: jar:file:/C:/Users/josue/OneDrive/Desktop/proyecto%20java/Among%20Us/lib/fxgl-21.1-uber.jar!/fxglassets/ui/fonts/TerminalLandMono-Regular.otf
18:33:08.853 [FXGL Background Thread 4 ] DEBUG FXGLAssetLoaderServi - Loading from file system: jar:file:/C:/Users/josue/OneDrive/Desktop/proyecto%20java/Among%20Us/lib/fxgl-21.1-uber.jar!/fxglassets/ui/fonts/Courier-Prime.ttf
18:33:08.883 [JavaFX Application Thread] DEBUG FXGLApplication      - Registering font factories with UI factory
18:33:09.067 [FXGL Background Thread 1 ] DEBUG AudioPlayer          - Playing music com.almasb.fxgl.audio.Music@45bae7cd
18:33:10.660 [FXGL Background Thread 1 ] INFO  FXGLApplication      - Game initialization took: 2,558 sec
18:33:10.662 [JavaFX Application Thread] DEBUG Input                - Clearing active input actions
18:33:10.676 [JavaFX Application Thread] DEBUG GameApplicationServi - Removing overlay from FXGLLoadingScene and adding to GameScene
18:33:10.676 [JavaFX Application Thread] DEBUG PrimaryStageWindow   - FXGLLoadingScene -> GameScene
18:33:10.770 [FXGL Background Thread 2 ] INFO  UpdaterService       - Your current version:  21.1
18:33:10.771 [FXGL Background Thread 2 ] INFO  UpdaterService       - Latest stable version: 25
18:33:10.884 [FXGL Background Thread 3 ] DEBUG Engine               - Logging environment variables
18:33:10.892 [FXGL Background Thread 3 ] DEBUG Engine               - achievements: []
18:33:10.892 [FXGL Background Thread 3 ] DEBUG Engine               - actualHeight: 600.0
18:33:10.892 [FXGL Background Thread 3 ] DEBUG Engine               - actualHeightProperty: ReadOnlyDoubleProperty [value: 600.0]
18:33:10.892 [FXGL Background Thread 3 ] DEBUG Engine               - actualWidth: 800.0
18:33:10.892 [FXGL Background Thread 3 ] DEBUG Engine               - actualWidthProperty: ReadOnlyDoubleProperty [value: 800.0]
18:33:10.892 [FXGL Background Thread 3 ] DEBUG Engine               - appIcon: icono.png
18:33:10.892 [FXGL Background Thread 3 ] DEBUG Engine               - applicationMode: DEVELOPER
18:33:10.892 [FXGL Background Thread 3 ] DEBUG Engine               - cSSList: [fxgl_dark.css]
18:33:10.892 [FXGL Background Thread 3 ] DEBUG Engine               - collisionDetectionStrategy: BRUTE_FORCE
18:33:10.892 [FXGL Background Thread 3 ] DEBUG Engine               - configClass: Optional.empty
18:33:10.892 [FXGL Background Thread 3 ] DEBUG Engine               - credits: []
18:33:10.899 [FXGL Background Thread 3 ] DEBUG Engine               - defaultCursor: CursorInfo(imageName=fxgl_default_cursor.png, hotspotX=7.0, hotspotY=6.0)
18:33:10.900 [FXGL Background Thread 3 ] DEBUG Engine               - devBBoxColorProperty: ObjectProperty [value: 0xff0000ff]
18:33:10.900 [FXGL Background Thread 3 ] DEBUG Engine               - devEnableDebugCameraProperty: BooleanProperty [value: false]
18:33:10.900 [FXGL Background Thread 3 ] DEBUG Engine               - devSensorColorProperty: ObjectProperty [value: 0xffff00ff]
18:33:10.900 [FXGL Background Thread 3 ] DEBUG Engine               - devShowBBoxProperty: BooleanProperty [value: false]
18:33:10.900 [FXGL Background Thread 3 ] DEBUG Engine               - devShowPositionProperty: BooleanProperty [value: false]
18:33:10.900 [FXGL Background Thread 3 ] DEBUG Engine               - enabledMenuItems: []
18:33:10.900 [FXGL Background Thread 3 ] DEBUG Engine               - engineServices: [class com.almasb.fxgl.app.services.FXGLAssetLoaderService, class com.almasb.fxgl.app.FXGLApplication$GameApplicationService, class com.almasb.fxgl.app.services.FXGLDialogService, class com.almasb.fxgl.app.services.IOTaskExecutorService, class com.almasb.fxgl.io.FileSystemService, class com.almasb.fxgl.localization.LocalizationService, class com.almasb.fxgl.app.services.SystemBundleService, class com.almasb.fxgl.profile.SaveLoadService, class com.almasb.fxgl.ui.FXGLUIFactoryServiceProvider, class com.almasb.fxgl.ui.FXGLDialogFactoryServiceProvider, class com.almasb.fxgl.audio.AudioPlayer, class com.almasb.fxgl.notification.impl.NotificationServiceProvider, class com.almasb.fxgl.achievement.AchievementService, class com.almasb.fxgl.cutscene.CutsceneService, class com.almasb.fxgl.minigames.MiniGameService, class com.almasb.fxgl.net.NetService, class com.almasb.fxgl.app.services.UpdaterService, class com.almasb.fxgl.dev.DevService]
18:33:10.900 [FXGL Background Thread 3 ] DEBUG Engine               - fontGame: Abel-Regular.ttf
18:33:10.900 [FXGL Background Thread 3 ] DEBUG Engine               - fontMono: TerminalLandMono-Regular.otf
18:33:10.900 [FXGL Background Thread 3 ] DEBUG Engine               - fontSizeScaleUI: 1.0
18:33:10.900 [FXGL Background Thread 3 ] DEBUG Engine               - fontText: Courier-Prime.ttf
18:33:10.900 [FXGL Background Thread 3 ] DEBUG Engine               - fontUI: VarelaRound-Regular.ttf
18:33:10.900 [FXGL Background Thread 3 ] DEBUG Engine               - fullScreen: BooleanProperty [value: false]
18:33:10.901 [FXGL Background Thread 3 ] DEBUG Engine               - gameDifficulty: MEDIUM
18:33:10.901 [FXGL Background Thread 3 ] DEBUG Engine               - gameDifficultyProperty: ObjectProperty [value: MEDIUM]
18:33:10.901 [FXGL Background Thread 3 ] DEBUG Engine               - globalMusicVolume: 0.5
18:33:10.901 [FXGL Background Thread 3 ] DEBUG Engine               - globalMusicVolumeProperty: DoubleProperty [value: 0.4]
18:33:10.901 [FXGL Background Thread 3 ] DEBUG Engine               - globalSoundVolume: 0.5
18:33:10.901 [FXGL Background Thread 3 ] DEBUG Engine               - globalSoundVolumeProperty: DoubleProperty [value: 0.5]
18:33:10.901 [FXGL Background Thread 3 ] DEBUG Engine               - height: 600
18:33:10.901 [FXGL Background Thread 3 ] DEBUG Engine               - is3D: false
18:33:10.901 [FXGL Background Thread 3 ] DEBUG Engine               - isAndroid: false
18:33:10.901 [FXGL Background Thread 3 ] DEBUG Engine               - isBrowser: false
18:33:10.901 [FXGL Background Thread 3 ] DEBUG Engine               - isClickFeedbackEnabled: false
18:33:10.902 [FXGL Background Thread 3 ] DEBUG Engine               - isCloseConfirmation: false
18:33:10.902 [FXGL Background Thread 3 ] DEBUG Engine               - isDesktop: true
18:33:10.902 [FXGL Background Thread 3 ] DEBUG Engine               - isDeveloperMenuEnabled: false
18:33:10.903 [FXGL Background Thread 3 ] DEBUG Engine               - isEmbedded: false
18:33:10.903 [FXGL Background Thread 3 ] DEBUG Engine               - isEntityPreloadEnabled: true
18:33:10.903 [FXGL Background Thread 3 ] DEBUG Engine               - isExperimentalTiledLargeMap: false
18:33:10.903 [FXGL Background Thread 3 ] DEBUG Engine               - isFileSystemWriteAllowed: true
18:33:10.903 [FXGL Background Thread 3 ] DEBUG Engine               - isFullScreenAllowed: false
18:33:10.903 [FXGL Background Thread 3 ] DEBUG Engine               - isFullScreenFromStart: false
18:33:10.903 [FXGL Background Thread 3 ] DEBUG Engine               - isGameMenuEnabled: true
18:33:10.903 [FXGL Background Thread 3 ] DEBUG Engine               - isIOS: false
18:33:10.903 [FXGL Background Thread 3 ] DEBUG Engine               - isIntroEnabled: false
18:33:10.903 [FXGL Background Thread 3 ] DEBUG Engine               - isLinux: false
18:33:10.903 [FXGL Background Thread 3 ] DEBUG Engine               - isMac: false
18:33:10.903 [FXGL Background Thread 3 ] DEBUG Engine               - isMainMenuEnabled: false
18:33:10.903 [FXGL Background Thread 3 ] DEBUG Engine               - isManualResizeEnabled: false
18:33:10.903 [FXGL Background Thread 3 ] DEBUG Engine               - isMobile: false
18:33:10.903 [FXGL Background Thread 3 ] DEBUG Engine               - isNative: false
18:33:10.903 [FXGL Background Thread 3 ] DEBUG Engine               - isPauseMusicWhenMinimized: true
18:33:10.903 [FXGL Background Thread 3 ] DEBUG Engine               - isPreserveResizeRatio: false
18:33:10.904 [FXGL Background Thread 3 ] DEBUG Engine               - isProfilingEnabled: false
18:33:10.904 [FXGL Background Thread 3 ] DEBUG Engine               - isScaleAffectedOnResize: true
18:33:10.904 [FXGL Background Thread 3 ] DEBUG Engine               - isSingleStep: false
18:33:10.904 [FXGL Background Thread 3 ] DEBUG Engine               - isUserProfileEnabled: false
18:33:10.904 [FXGL Background Thread 3 ] DEBUG Engine               - isWindows: true
18:33:10.904 [FXGL Background Thread 3 ] DEBUG Engine               - language: ObjectProperty [value: ENGLISH]
18:33:10.904 [FXGL Background Thread 3 ] DEBUG Engine               - menuKey: ESCAPE
18:33:10.904 [FXGL Background Thread 3 ] DEBUG Engine               - mouseSensitivity: 0.2
18:33:10.904 [FXGL Background Thread 3 ] DEBUG Engine               - notificationViewClass: class com.almasb.fxgl.notification.view.XboxNotificationView
18:33:10.904 [FXGL Background Thread 3 ] DEBUG Engine               - pixelsPerMeter: 50.0
18:33:10.904 [FXGL Background Thread 3 ] DEBUG Engine               - platform: WINDOWS
18:33:10.904 [FXGL Background Thread 3 ] DEBUG Engine               - prefHeightProperty: ReadOnlyDoubleProperty [value: 600.0]
18:33:10.904 [FXGL Background Thread 3 ] DEBUG Engine               - prefWidthProperty: ReadOnlyDoubleProperty [value: 800.0]
18:33:10.904 [FXGL Background Thread 3 ] DEBUG Engine               - profileDir: profiles/
18:33:10.904 [FXGL Background Thread 3 ] DEBUG Engine               - profileName: StringProperty [value: DEFAULT]
18:33:10.904 [FXGL Background Thread 3 ] DEBUG Engine               - randomSeed: -1
18:33:10.904 [FXGL Background Thread 3 ] DEBUG Engine               - runtimeInfo: RuntimeInfo(platform=WINDOWS, version=21.1, build=26.03.2024 17.33)
18:33:10.905 [FXGL Background Thread 3 ] DEBUG Engine               - saveFileExt: sav
18:33:10.905 [FXGL Background Thread 3 ] DEBUG Engine               - scaledHeightProp$fxgl: DoubleProperty [bound, value: 600.0]
18:33:10.905 [FXGL Background Thread 3 ] DEBUG Engine               - scaledWidthProp$fxgl: DoubleProperty [bound, value: 800.0]
18:33:10.905 [FXGL Background Thread 3 ] DEBUG Engine               - sceneFactory: com.almasb.fxgl.app.scene.SceneFactory@3abf2106
18:33:10.905 [FXGL Background Thread 3 ] DEBUG Engine               - secondsIn24h: 60
18:33:10.905 [FXGL Background Thread 3 ] DEBUG Engine               - soundMenuBack: menu/back.wav
18:33:10.905 [FXGL Background Thread 3 ] DEBUG Engine               - soundMenuPress: menu/press.wav
18:33:10.905 [FXGL Background Thread 3 ] DEBUG Engine               - soundMenuSelect: menu/select.wav
18:33:10.905 [FXGL Background Thread 3 ] DEBUG Engine               - soundNotification: core/notification.wav
18:33:10.905 [FXGL Background Thread 3 ] DEBUG Engine               - stageStyle: DECORATED
18:33:10.905 [FXGL Background Thread 3 ] DEBUG Engine               - supportedLanguages: [ENGLISH, FRENCH, GERMAN, HUNGARIAN, RUSSIAN]
18:33:10.907 [FXGL Background Thread 3 ] DEBUG Engine               - ticksPerSecond: -1
18:33:10.907 [FXGL Background Thread 3 ] DEBUG Engine               - title: Among Us UNEG
18:33:10.908 [FXGL Background Thread 3 ] DEBUG Engine               - urlGithub: https://github.com/AlmasB/FXGL
18:33:10.908 [FXGL Background Thread 3 ] DEBUG Engine               - urlLeaderboard: http://fxgl-top.herokuapp.com/
18:33:10.908 [FXGL Background Thread 3 ] DEBUG Engine               - urlPOM: https://raw.githubusercontent.com/AlmasB/FXGL/release/README.md
18:33:10.908 [FXGL Background Thread 3 ] DEBUG Engine               - userAppClass: class main.java.amongUs.AppPrincipal
18:33:10.908 [FXGL Background Thread 3 ] DEBUG Engine               - version: 0.0
18:33:10.908 [FXGL Background Thread 3 ] DEBUG Engine               - versionCheckDays: 7
18:33:10.908 [FXGL Background Thread 3 ] DEBUG Engine               - width: 800
18:33:10.908 [FXGL Background Thread 3 ] DEBUG Engine               - Logging services
18:33:10.908 [FXGL Background Thread 3 ] DEBUG Engine               - class com.almasb.fxgl.app.services.FXGLAssetLoaderService
18:33:10.908 [FXGL Background Thread 3 ] DEBUG Engine               - class com.almasb.fxgl.app.FXGLApplication$GameApplicationService
18:33:10.908 [FXGL Background Thread 3 ] DEBUG Engine               - class com.almasb.fxgl.app.services.FXGLDialogService
18:33:10.908 [FXGL Background Thread 3 ] DEBUG Engine               - class com.almasb.fxgl.app.services.IOTaskExecutorService
18:33:10.908 [FXGL Background Thread 3 ] DEBUG Engine               - class com.almasb.fxgl.io.FileSystemService
18:33:10.908 [FXGL Background Thread 3 ] DEBUG Engine               - class com.almasb.fxgl.localization.LocalizationService
18:33:10.908 [FXGL Background Thread 3 ] DEBUG Engine               - class com.almasb.fxgl.app.services.SystemBundleService
18:33:10.908 [FXGL Background Thread 3 ] DEBUG Engine               - class com.almasb.fxgl.profile.SaveLoadService
18:33:10.908 [FXGL Background Thread 3 ] DEBUG Engine               - class com.almasb.fxgl.ui.FXGLUIFactoryServiceProvider
18:33:10.908 [FXGL Background Thread 3 ] DEBUG Engine               - class com.almasb.fxgl.ui.FXGLDialogFactoryServiceProvider
18:33:10.908 [FXGL Background Thread 3 ] DEBUG Engine               - class com.almasb.fxgl.audio.AudioPlayer
18:33:10.908 [FXGL Background Thread 3 ] DEBUG Engine               - class com.almasb.fxgl.notification.impl.NotificationServiceProvider
18:33:10.908 [FXGL Background Thread 3 ] DEBUG Engine               - class com.almasb.fxgl.achievement.AchievementService
18:33:10.908 [FXGL Background Thread 3 ] DEBUG Engine               - class com.almasb.fxgl.cutscene.CutsceneService
18:33:10.908 [FXGL Background Thread 3 ] DEBUG Engine               - class com.almasb.fxgl.minigames.MiniGameService
18:33:10.908 [FXGL Background Thread 3 ] DEBUG Engine               - class com.almasb.fxgl.net.NetService
18:33:10.908 [FXGL Background Thread 3 ] DEBUG Engine               - class com.almasb.fxgl.app.services.UpdaterService
18:33:10.908 [FXGL Background Thread 3 ] DEBUG Engine               - class com.almasb.fxgl.dev.DevService
18:33:11.322 [JavaFX Application Thread] DEBUG FXGLAssetLoaderServi - Loading from file system: file:/C:/Users/josue/OneDrive/Desktop/proyecto%20java/Among%20Us/out/production/Among%20Us/assets/sounds/clickBoton.wav
18:34:01.889 [JavaFX Application Thread] DEBUG FXGLAssetLoaderServi - Loading from file system: file:/C:/Users/josue/OneDrive/Desktop/proyecto%20java/Among%20Us/out/production/Among%20Us/assets/textures/tripulante_blanco.png
18:34:01.893 [JavaFX Application Thread] DEBUG FXGLAssetLoaderServi - Loading from file system: file:/C:/Users/josue/OneDrive/Desktop/proyecto%20java/Among%20Us/out/production/Among%20Us/assets/textures/tripulante_negro.png
18:34:22.062 [JavaFX Application Thread] DEBUG FXGLAssetLoaderServi - Loading from file system: file:/C:/Users/josue/OneDrive/Desktop/proyecto%20java/Among%20Us/out/production/Among%20Us/assets/textures/tripulante_azul.png
18:34:25.078 [JavaFX Application Thread] DEBUG FXGLAssetLoaderServi - Loading from file system: file:/C:/Users/josue/OneDrive/Desktop/proyecto%20java/Among%20Us/out/production/Among%20Us/assets/textures/tripulante_morado.png
18:34:38.096 [JavaFX Application Thread] DEBUG FXGLAssetLoaderServi - Loading from file system: file:/C:/Users/josue/OneDrive/Desktop/proyecto%20java/Among%20Us/out/production/Among%20Us/assets/textures/tripulante_amarillo.png
18:34:39.789 [JavaFX Application Thread] WARN  TMXLevelLoader       - TiledMap generated from 1.11.2. Supported version: 1.9.0. Some features may not be parsed fully.
18:34:39.874 [JavaFX Application Thread] DEBUG TMXLevelLoader       - Parsed TiledMap: file:/C:/Users/josue/OneDrive/Desktop/proyecto%20java/Among%20Us/out/production/Among%20Us/assets/levels/mapa2.tmx
18:34:39.879 [JavaFX Application Thread] DEBUG TMXLevelLoader       - Creating tile layer entities
18:34:39.883 [JavaFX Application Thread] DEBUG TilesetLoader        - Loading view for layer fondo1
18:34:39.931 [JavaFX Application Thread] DEBUG TilesetLoader        - Created buffer with size 992.0x960.0
18:34:39.963 [JavaFX Application Thread] DEBUG TilesetLoader        - Loading view for layer fondo
18:34:39.964 [JavaFX Application Thread] DEBUG TilesetLoader        - Created buffer with size 992.0x960.0
18:34:39.970 [JavaFX Application Thread] DEBUG TilesetLoader        - Loading view for layer piso
18:34:39.971 [JavaFX Application Thread] DEBUG TilesetLoader        - Created buffer with size 992.0x960.0
18:34:39.977 [JavaFX Application Thread] DEBUG TilesetLoader        - Loading view for layer piso1
18:34:39.978 [JavaFX Application Thread] DEBUG TilesetLoader        - Created buffer with size 992.0x960.0
18:34:39.992 [JavaFX Application Thread] DEBUG TilesetLoader        - Loading view for layer izquierda
18:34:39.993 [JavaFX Application Thread] DEBUG TilesetLoader        - Created buffer with size 992.0x960.0
18:34:40.004 [JavaFX Application Thread] DEBUG TilesetLoader        - Loading view for layer detallesatraspared
18:34:40.008 [JavaFX Application Thread] DEBUG TilesetLoader        - Created buffer with size 992.0x960.0
18:34:40.048 [JavaFX Application Thread] DEBUG TilesetLoader        - Loading view for layer pared2
18:34:40.055 [JavaFX Application Thread] DEBUG TilesetLoader        - Created buffer with size 992.0x960.0
18:34:40.075 [JavaFX Application Thread] DEBUG TilesetLoader        - Loading view for layer techo1
18:34:40.077 [JavaFX Application Thread] DEBUG TilesetLoader        - Created buffer with size 992.0x960.0
18:34:40.079 [JavaFX Application Thread] DEBUG TilesetLoader        - Loading view for layer techo2
18:34:40.081 [JavaFX Application Thread] DEBUG TilesetLoader        - Created buffer with size 992.0x960.0
18:34:40.088 [JavaFX Application Thread] DEBUG TilesetLoader        - Loading view for layer puertita
18:34:40.090 [JavaFX Application Thread] DEBUG TilesetLoader        - Created buffer with size 992.0x960.0
18:34:40.091 [JavaFX Application Thread] DEBUG TilesetLoader        - Loading view for layer puerta
18:34:40.092 [JavaFX Application Thread] DEBUG TilesetLoader        - Created buffer with size 992.0x960.0
18:34:40.094 [JavaFX Application Thread] DEBUG TilesetLoader        - Loading view for layer detalles
18:34:40.095 [JavaFX Application Thread] DEBUG TilesetLoader        - Created buffer with size 992.0x960.0
18:34:40.120 [JavaFX Application Thread] DEBUG TilesetLoader        - Loading view for layer detalles 2
18:34:40.121 [JavaFX Application Thread] DEBUG TilesetLoader        - Created buffer with size 992.0x960.0
18:34:40.137 [JavaFX Application Thread] DEBUG TilesetLoader        - Loading view for layer detalles3
18:34:40.138 [JavaFX Application Thread] DEBUG TilesetLoader        - Created buffer with size 992.0x960.0
18:34:40.172 [JavaFX Application Thread] DEBUG TilesetLoader        - Loading view for layer grieta
18:34:40.174 [JavaFX Application Thread] DEBUG TilesetLoader        - Created buffer with size 992.0x960.0
18:34:40.175 [JavaFX Application Thread] DEBUG TilesetLoader        - Loading view for layer camaras
18:34:40.177 [JavaFX Application Thread] DEBUG TilesetLoader        - Created buffer with size 992.0x960.0
18:34:40.180 [JavaFX Application Thread] DEBUG TilesetLoader        - Loading view for layer Techo
18:34:40.181 [JavaFX Application Thread] DEBUG TilesetLoader        - Created buffer with size 992.0x960.0
18:34:40.184 [JavaFX Application Thread] DEBUG TMXLevelLoader       - Creating object layer entities
18:34:40.310 [JavaFX Application Thread] DEBUG GameWorld            - Clearing removable entities
18:34:40.311 [JavaFX Application Thread] DEBUG GameWorld            - Setting level: com.almasb.fxgl.entity.level.Level@5acc6a02
18:34:40.336 [JavaFX Application Thread] DEBUG FXGLAssetLoaderServi - Loading from file system: file:/C:/Users/josue/OneDrive/Desktop/proyecto%20java/Among%20Us/out/production/Among%20Us/assets/textures/MonitorDeCamaras.png
18:34:40.356 [JavaFX Application Thread] DEBUG FXGLAssetLoaderServi - Loading from file system: file:/C:/Users/josue/OneDrive/Desktop/proyecto%20java/Among%20Us/out/production/Among%20Us/assets/textures/flechaAmarillaIzq.png
18:34:40.359 [JavaFX Application Thread] DEBUG FXGLAssetLoaderServi - Loading from file system: file:/C:/Users/josue/OneDrive/Desktop/proyecto%20java/Among%20Us/out/production/Among%20Us/assets/textures/flechaAmarillaDer.png
18:34:40.370 [JavaFX Application Thread] DEBUG FXGLAssetLoaderServi - Loading from file system: file:/C:/Users/josue/OneDrive/Desktop/proyecto%20java/Among%20Us/out/production/Among%20Us/assets/textures/animacion_fantasma.png
18:34:40.374 [JavaFX Application Thread] WARN  FXGLAssetLoaderServi - Asset "/assets/textures/amarillo_muerto.png" was not found!
18:34:40.374 [JavaFX Application Thread] WARN  FXGLAssetLoaderServi - Failed to load IMAGE
18:34:40.383 [JavaFX Application Thread] DEBUG FXGLAssetLoaderServi - Loading from file system: file:/C:/Users/josue/OneDrive/Desktop/proyecto%20java/Among%20Us/out/production/Among%20Us/assets/textures/animacion_amarillo.png
18:34:40.387 [JavaFX Application Thread] DEBUG FXGLAssetLoaderServi - Loading from file system: file:/C:/Users/josue/OneDrive/Desktop/proyecto%20java/Among%20Us/out/production/Among%20Us/assets/textures/alcantarilla_amarillo.png
18:34:40.391 [JavaFX Application Thread] DEBUG FXGLAssetLoaderServi - Loading from file system: file:/C:/Users/josue/OneDrive/Desktop/proyecto%20java/Among%20Us/out/production/Among%20Us/assets/textures/alcantarilla_amarilloE.png
18:34:40.403 [JavaFX Application Thread] DEBUG FXGLAssetLoaderServi - Loading from file system: file:/C:/Users/josue/OneDrive/Desktop/proyecto%20java/Among%20Us/out/production/Among%20Us/assets/textures/azul_muerto.png
18:34:40.406 [JavaFX Application Thread] DEBUG FXGLAssetLoaderServi - Loading from file system: file:/C:/Users/josue/OneDrive/Desktop/proyecto%20java/Among%20Us/out/production/Among%20Us/assets/textures/animacion_azul.png
18:34:40.408 [JavaFX Application Thread] DEBUG FXGLAssetLoaderServi - Loading from file system: file:/C:/Users/josue/OneDrive/Desktop/proyecto%20java/Among%20Us/out/production/Among%20Us/assets/textures/alcantarilla_azul.png
18:34:40.411 [JavaFX Application Thread] DEBUG FXGLAssetLoaderServi - Loading from file system: file:/C:/Users/josue/OneDrive/Desktop/proyecto%20java/Among%20Us/out/production/Among%20Us/assets/textures/alcantarilla_azulE.png
18:34:40.421 [JavaFX Application Thread] DEBUG FXGLAssetLoaderServi - Loading from file system: file:/C:/Users/josue/OneDrive/Desktop/proyecto%20java/Among%20Us/out/production/Among%20Us/assets/textures/accionNegada.png
18:34:40.433 [JavaFX Application Thread] DEBUG FXGLAssetLoaderServi - Loading from file system: file:/C:/Users/josue/OneDrive/Desktop/proyecto%20java/Among%20Us/out/production/Among%20Us/assets/textures/reportarNegado.png
18:34:40.444 [JavaFX Application Thread] DEBUG FXGLAssetLoaderServi - Loading from file system: file:/C:/Users/josue/OneDrive/Desktop/proyecto%20java/Among%20Us/out/production/Among%20Us/assets/textures/animacion_extintor.png
18:34:40.465 [JavaFX Application Thread] DEBUG FXGLAssetLoaderServi - Loading from file system: file:/C:/Users/josue/OneDrive/Desktop/proyecto%20java/Among%20Us/out/production/Among%20Us/assets/textures/animacion_datos.png
18:34:40.523 [JavaFX Application Thread] DEBUG FXGLAssetLoaderServi - Loading from file system: file:/C:/Users/josue/OneDrive/Desktop/proyecto%20java/Among%20Us/out/production/Among%20Us/assets/textures/animacion_temperatura.png
18:34:40.588 [JavaFX Application Thread] DEBUG FXGLAssetLoaderServi - Loading from file system: file:/C:/Users/josue/OneDrive/Desktop/proyecto%20java/Among%20Us/out/production/Among%20Us/assets/textures/animacion_encestar.png
18:34:40.657 [JavaFX Application Thread] DEBUG FXGLAssetLoaderServi - Loading from file system: file:/C:/Users/josue/OneDrive/Desktop/proyecto%20java/Among%20Us/out/production/Among%20Us/assets/textures/animacion_basura.png
18:34:40.699 [JavaFX Application Thread] DEBUG FXGLAssetLoaderServi - Loading from file system: file:/C:/Users/josue/OneDrive/Desktop/proyecto%20java/Among%20Us/out/production/Among%20Us/assets/textures/barra_0.png
18:34:40.707 [JavaFX Application Thread] DEBUG FXGLAssetLoaderServi - Loading from file system: file:/C:/Users/josue/OneDrive/Desktop/proyecto%20java/Among%20Us/out/production/Among%20Us/assets/textures/pantalla_tripulante.png
18:34:52.254 [JavaFX Application Thread] DEBUG FXGLAssetLoaderServi - Loading from file system: file:/C:/Users/josue/OneDrive/Desktop/proyecto%20java/Among%20Us/out/production/Among%20Us/assets/textures/accion.png
18:34:52.988 [JavaFX Application Thread] DEBUG FXGLAssetLoaderServi - Loading from file system: file:/C:/Users/josue/OneDrive/Desktop/proyecto%20java/Among%20Us/out/production/Among%20Us/assets/textures/panel_extintor.png
18:35:01.634 [JavaFX Application Thread] DEBUG FXGLAssetLoaderServi - Loading from file system: file:/C:/Users/josue/OneDrive/Desktop/proyecto%20java/Among%20Us/out/production/Among%20Us/assets/textures/extintor_apagado.png
18:35:02.640 [JavaFX Application Thread] DEBUG FXGLAssetLoaderServi - Loading from file system: file:/C:/Users/josue/OneDrive/Desktop/proyecto%20java/Among%20Us/out/production/Among%20Us/assets/textures/barra_1.png
18:35:08.915 [JavaFX Application Thread] DEBUG FXGLAssetLoaderServi - Loading from file system: file:/C:/Users/josue/OneDrive/Desktop/proyecto%20java/Among%20Us/out/production/Among%20Us/assets/textures/panel_temperatura.png
18:35:29.789 [JavaFX Application Thread] DEBUG FXGLAssetLoaderServi - Loading from file system: file:/C:/Users/josue/OneDrive/Desktop/proyecto%20java/Among%20Us/out/production/Among%20Us/assets/textures/temperatura_final.png
18:35:30.782 [JavaFX Application Thread] DEBUG FXGLAssetLoaderServi - Loading from file system: file:/C:/Users/josue/OneDrive/Desktop/proyecto%20java/Among%20Us/out/production/Among%20Us/assets/textures/barra_2.png
18:35:36.748 [JavaFX Application Thread] DEBUG FXGLAssetLoaderServi - Loading from file system: file:/C:/Users/josue/OneDrive/Desktop/proyecto%20java/Among%20Us/out/production/Among%20Us/assets/textures/panel_datos.png
18:35:47.518 [JavaFX Application Thread] DEBUG FXGLAssetLoaderServi - Loading from file system: file:/C:/Users/josue/OneDrive/Desktop/proyecto%20java/Among%20Us/out/production/Among%20Us/assets/textures/datos_terminado.png
18:35:48.527 [JavaFX Application Thread] DEBUG FXGLAssetLoaderServi - Loading from file system: file:/C:/Users/josue/OneDrive/Desktop/proyecto%20java/Among%20Us/out/production/Among%20Us/assets/textures/barra_3.png
18:36:10.474 [JavaFX Application Thread] DEBUG FXGLAssetLoaderServi - Loading from file system: file:/C:/Users/josue/OneDrive/Desktop/proyecto%20java/Among%20Us/out/production/Among%20Us/assets/textures/panel_basura.png
18:36:19.183 [JavaFX Application Thread] DEBUG FXGLAssetLoaderServi - Loading from file system: file:/C:/Users/josue/OneDrive/Desktop/proyecto%20java/Among%20Us/out/production/Among%20Us/assets/textures/basura_final.png
18:36:20.173 [JavaFX Application Thread] DEBUG FXGLAssetLoaderServi - Loading from file system: file:/C:/Users/josue/OneDrive/Desktop/proyecto%20java/Among%20Us/out/production/Among%20Us/assets/textures/barra_4.png
18:36:20.443 [JavaFX Application Thread] DEBUG FXGLAssetLoaderServi - Loading from file system: file:/C:/Users/josue/OneDrive/Desktop/proyecto%20java/Among%20Us/out/production/Among%20Us/assets/textures/victoria_tripulante.png
18:37:16.522 [JavaFX Application Thread] DEBUG FXGLApplication      - Exiting FXGL
18:37:16.522 [JavaFX Application Thread] DEBUG LoopRunner           - Stopping loop
18:37:16.522 [JavaFX Application Thread] DEBUG SystemBundleService  - Saving FXGL system data
18:37:16.527 [JavaFX Application Thread] DEBUG FileSystemAccess     - Writing to: C:\Users\josue\OneDrive\Desktop\proyecto java\Among Us\system\fxgl.bundle
18:37:16.532 [JavaFX Application Thread] DEBUG Async                - Shutting down background threads
18:37:16.532 [JavaFX Application Thread] DEBUG PrimaryStageWindow   - Closing main window
18:37:16.562 [JavaFX Application Thread] DEBUG Logger               - Closing Logger
