23:07:37.024 [main                     ] DEBUG Logger               - Configured Logger
23:07:37.051 [main                     ] DEBUG GameApplication      - Logging settings
Title: Among Us UNEG
Version: 0.0
Width: 800
Height: 600
Fullscreen: false
Intro: false
Profiling: false
Single step:false
App Mode: DEVELOPER
Menu Key: ESCAPE
Stage Style: DECORATED
Scene Factory: class com.almasb.fxgl.app.scene.SceneFactory

23:07:37.836 [JavaFX Application Thread] DEBUG FXGLApplication      - Initializing FXGL
23:07:37.841 [JavaFX Application Thread] INFO  Engine               - FXGL-21.1 (26.03.2024 17.33) on WINDOWS (J:25.0.2 FX:21.0.1)
23:07:37.842 [JavaFX Application Thread] DEBUG Engine               - JRE Vendor Name: Oracle Corporation
23:07:37.842 [JavaFX Application Thread] DEBUG Engine               - Running on OS: Windows 11 version 10.0
23:07:37.842 [JavaFX Application Thread] DEBUG Engine               - Architecture: amd64
23:07:37.842 [JavaFX Application Thread] INFO  Engine               - Source code and latest versions at: https://github.com/AlmasB/FXGL
23:07:37.843 [JavaFX Application Thread] INFO  Engine               -       Ask questions and discuss at: https://github.com/AlmasB/FXGL/discussions
23:07:37.843 [JavaFX Application Thread] INFO  Engine               -              Join the FXGL chat at: https://gitter.im/AlmasB/FXGL
23:07:38.017 [JavaFX Application Thread] DEBUG PrimaryStageWindow   - Creating a JavaFX scene
23:07:38.204 [JavaFX Application Thread] DEBUG PrimaryStageWindow   - Target settings size: 800.0 x 600.0
23:07:38.205 [JavaFX Application Thread] DEBUG PrimaryStageWindow   - Scaled scene size:    800.0 x 600.0
23:07:38.206 [JavaFX Application Thread] DEBUG PrimaryStageWindow   - Scaled ratio: (1.0, 1.0)
23:07:38.207 [JavaFX Application Thread] DEBUG PrimaryStageWindow   - Set initial scene to FXGLStartupScene
23:07:38.214 [JavaFX Application Thread] DEBUG PrimaryStageWindow   - Opening main window
23:07:38.389 [JavaFX Application Thread] DEBUG PrimaryStageWindow   - Window border size: (16.0, 39.0)
23:07:38.389 [JavaFX Application Thread] DEBUG PrimaryStageWindow   - Scaled size: 800.0 x 600.0
23:07:38.390 [JavaFX Application Thread] DEBUG PrimaryStageWindow   - Scaled ratio: (1.0, 1.0)
23:07:38.390 [JavaFX Application Thread] DEBUG PrimaryStageWindow   - Scene size: 800.0 x 600.0
23:07:38.390 [JavaFX Application Thread] DEBUG PrimaryStageWindow   - Stage size: 816.0 x 639.0
23:07:38.410 [FXGL Background Thread 1 ] DEBUG Engine               - Initializing environment variables
23:07:38.564 [FXGL Background Thread 1 ] DEBUG FXGLAssetLoaderServi - User app class for loading assets: class main.java.amongUs.AppPrincipal
23:07:38.564 [FXGL Background Thread 1 ] DEBUG GameApplicationServi - Applying CSS: fxgl_dark.css
23:07:38.564 [FXGL Background Thread 1 ] DEBUG FXGLAssetLoaderServi - Loading from file system: jar:file:/C:/Users/josue/OneDrive/Desktop/proyecto%20java/Among%20Us/lib/fxgl-21.1-uber.jar!/fxglassets/ui/css/fxgl_dark.css
23:07:38.710 [FXGL Background Thread 1 ] DEBUG GameApplicationServi - Initializing application scenes
23:07:38.867 [FXGL Background Thread 1 ] DEBUG GameWorld            - Game world initialized
23:07:38.951 [FXGL Background Thread 1 ] DEBUG PhysicsWorld         - Physics world initialized: appHeight=600, physics.ppm=50,0
23:07:38.952 [FXGL Background Thread 1 ] DEBUG PhysicsWorld         - Using strategy: BRUTE_FORCE
23:07:38.959 [FXGL Background Thread 1 ] DEBUG GameScene            - Game scene initialized: 800x600
23:07:38.983 [FXGL Background Thread 1 ] DEBUG FXGL.DefaultMenu     - createMenuBodyGameMenu()
23:07:39.011 [FXGL Background Thread 1 ] DEBUG FXGL.DefaultMenu     - createOptionsMenu()
23:07:39.033 [FXGL Background Thread 1 ] DEBUG FXGLAssetLoaderServi - Loading from file system: jar:file:/C:/Users/josue/OneDrive/Desktop/proyecto%20java/Among%20Us/lib/fxgl-21.1-uber.jar!/fxglassets/textures/particles/smoke.png
23:07:39.244 [FXGL Background Thread 1 ] DEBUG FXGLAssetLoaderServi - Loading from file system: jar:file:/C:/Users/josue/OneDrive/Desktop/proyecto%20java/Among%20Us/lib/fxgl-21.1-uber.jar!/fxglassets/textures/particles/trace_horizontal.png
23:07:39.329 [FXGL Background Thread 1 ] DEBUG GameApplicationServi - Application scenes initialized
23:07:39.352 [FXGL Background Thread 1 ] DEBUG SystemBundleService  - Loading FXGL system data
23:07:39.359 [FXGL Background Thread 1 ] DEBUG FileSystemAccess     - Reading from: C:\Users\josue\OneDrive\Desktop\proyecto java\Among Us\system\fxgl.bundle
23:07:39.367 [FXGL Background Thread 1 ] DEBUG SystemBundleService  - Bundle FXGL: {}
23:07:39.369 [FXGL Background Thread 1 ] DEBUG UpdaterService       - Checking for updates
23:07:39.375 [FXGL Background Thread 1 ] DEBUG FXGLApplication      - Loading default localization
23:07:39.377 [FXGL Background Thread 4 ] DEBUG FXGLApplication      - Loading fonts
23:07:39.377 [FXGL Background Thread 1 ] DEBUG FXGLAssetLoaderServi - Loading from file system: jar:file:/C:/Users/josue/OneDrive/Desktop/proyecto%20java/Among%20Us/lib/fxgl-21.1-uber.jar!/fxglassets/languages/english.lang
23:07:39.378 [FXGL Background Thread 4 ] DEBUG FXGLAssetLoaderServi - Loading from file system: jar:file:/C:/Users/josue/OneDrive/Desktop/proyecto%20java/Among%20Us/lib/fxgl-21.1-uber.jar!/fxglassets/ui/fonts/VarelaRound-Regular.ttf
23:07:39.429 [FXGL Background Thread 1 ] INFO  FXGLApplication      - FXGL initialization took: 1,019 sec
23:07:39.450 [JavaFX Application Thread] DEBUG Input                - Registered new binding: Mover Arriba - W
23:07:39.450 [JavaFX Application Thread] DEBUG Input                - Registered new binding: Mover Abajo - S
23:07:39.450 [JavaFX Application Thread] DEBUG Input                - Registered new binding: Mover Izquierda - A
23:07:39.450 [JavaFX Application Thread] DEBUG Input                - Registered new binding: Mover Derecha - D
23:07:39.451 [JavaFX Application Thread] DEBUG Input                - Registered new binding: Abrir Camaras - C
23:07:39.451 [JavaFX Application Thread] DEBUG Input                - Registered new binding: Usar Alcantarilla - Space
23:07:39.451 [JavaFX Application Thread] DEBUG Input                - Registered new binding: Vent Izquierda - Left
23:07:39.451 [JavaFX Application Thread] DEBUG Input                - Registered new binding: Vent Derecha - Right
23:07:39.451 [JavaFX Application Thread] DEBUG Input                - Registered new binding: Vent Arriba - Up
23:07:39.451 [JavaFX Application Thread] DEBUG Input                - Registered new binding: Vent Abajo - Down
23:07:39.451 [JavaFX Application Thread] DEBUG Input                - Registered new binding: Matar Jugador - Q
23:07:39.454 [JavaFX Application Thread] DEBUG Input                - Registered new binding: Click Minijuego - LMB
23:07:39.454 [JavaFX Application Thread] DEBUG FXGLAssetLoaderServi - Loading from file system: file:/C:/Users/josue/OneDrive/Desktop/proyecto%20java/Among%20Us/out/production/Among%20Us/assets/textures/icono.png
23:07:39.512 [JavaFX Application Thread] DEBUG FXGLAssetLoaderServi - Loading from file system: jar:file:/C:/Users/josue/OneDrive/Desktop/proyecto%20java/Among%20Us/lib/fxgl-21.1-uber.jar!/fxglassets/textures/fxgl_default_cursor.png
23:07:39.518 [JavaFX Application Thread] DEBUG Input                - Registered new binding: Screenshot - CTRL+8
23:07:39.522 [JavaFX Application Thread] DEBUG Input                - Registered new binding: System info dump - CTRL+9
23:07:39.532 [JavaFX Application Thread] DEBUG Input                - Registered new binding: Restart - CTRL+R
23:07:39.534 [JavaFX Application Thread] DEBUG Input                - Registered new binding: Toggle Debug Camera - CTRL+7
23:07:39.547 [JavaFX Application Thread] DEBUG LoopRunner           - Starting loop
23:07:39.547 [JavaFX Application Thread] DEBUG LoopRunner           - Initializing JavaFX AnimationTimerLoop
23:07:39.559 [JavaFX Application Thread] DEBUG GameApplicationServi - Starting new game
23:07:39.564 [JavaFX Application Thread] DEBUG Input                - Clearing active input actions
23:07:39.682 [FXGL Background Thread 4 ] DEBUG FXGLAssetLoaderServi - Loading from file system: jar:file:/C:/Users/josue/OneDrive/Desktop/proyecto%20java/Among%20Us/lib/fxgl-21.1-uber.jar!/fxglassets/ui/fonts/Abel-Regular.ttf
23:07:39.699 [JavaFX Application Thread] DEBUG GameApplicationServi - Removing overlay from FXGLStartupScene and adding to FXGLLoadingScene
23:07:39.702 [JavaFX Application Thread] DEBUG PrimaryStageWindow   - FXGLStartupScene -> FXGLLoadingScene
23:07:39.702 [JavaFX Application Thread] DEBUG GameApplicationServi - Clearing previous game
23:07:39.702 [JavaFX Application Thread] DEBUG GameScene            - Clearing game scene
23:07:39.702 [JavaFX Application Thread] DEBUG GameWorld            - Clearing game world
23:07:39.703 [JavaFX Application Thread] DEBUG PhysicsWorld         - Clearing physics world
23:07:39.707 [FXGL Background Thread 4 ] DEBUG FXGLAssetLoaderServi - Loading from file system: jar:file:/C:/Users/josue/OneDrive/Desktop/proyecto%20java/Among%20Us/lib/fxgl-21.1-uber.jar!/fxglassets/ui/fonts/TerminalLandMono-Regular.otf
23:07:39.710 [FXGL Background Thread 1 ] DEBUG FXGLApplication      - Initializing game
23:07:39.732 [FXGL Background Thread 4 ] DEBUG FXGLAssetLoaderServi - Loading from file system: jar:file:/C:/Users/josue/OneDrive/Desktop/proyecto%20java/Among%20Us/lib/fxgl-21.1-uber.jar!/fxglassets/ui/fonts/Courier-Prime.ttf
23:07:39.754 [FXGL Background Thread 1 ] DEBUG FXGLAssetLoaderServi - Loading from file system: file:/C:/Users/josue/OneDrive/Desktop/proyecto%20java/Among%20Us/out/production/Among%20Us/assets/music/musicaMenu.mp3
23:07:39.899 [JavaFX Application Thread] DEBUG FXGLApplication      - Registering font factories with UI factory
23:07:40.277 [FXGL Background Thread 1 ] DEBUG AudioPlayer          - Playing music com.almasb.fxgl.audio.Music@56fd3f95
23:07:41.887 [FXGL Background Thread 2 ] INFO  UpdaterService       - Your current version:  21.1
23:07:41.887 [FXGL Background Thread 2 ] INFO  UpdaterService       - Latest stable version: 25
23:07:42.272 [FXGL Background Thread 1 ] INFO  FXGLApplication      - Game initialization took: 2,562 sec
23:07:42.273 [JavaFX Application Thread] DEBUG Input                - Clearing active input actions
23:07:42.314 [JavaFX Application Thread] DEBUG GameApplicationServi - Removing overlay from FXGLLoadingScene and adding to GameScene
23:07:42.314 [JavaFX Application Thread] DEBUG PrimaryStageWindow   - FXGLLoadingScene -> GameScene
23:07:42.384 [FXGL Background Thread 3 ] DEBUG Engine               - Logging environment variables
23:07:42.415 [FXGL Background Thread 3 ] DEBUG Engine               - achievements: []
23:07:42.415 [FXGL Background Thread 3 ] DEBUG Engine               - actualHeight: 600.0
23:07:42.415 [FXGL Background Thread 3 ] DEBUG Engine               - actualHeightProperty: ReadOnlyDoubleProperty [value: 600.0]
23:07:42.419 [FXGL Background Thread 3 ] DEBUG Engine               - actualWidth: 800.0
23:07:42.420 [FXGL Background Thread 3 ] DEBUG Engine               - actualWidthProperty: ReadOnlyDoubleProperty [value: 800.0]
23:07:42.420 [FXGL Background Thread 3 ] DEBUG Engine               - appIcon: icono.png
23:07:42.420 [FXGL Background Thread 3 ] DEBUG Engine               - applicationMode: DEVELOPER
23:07:42.420 [FXGL Background Thread 3 ] DEBUG Engine               - cSSList: [fxgl_dark.css]
23:07:42.420 [FXGL Background Thread 3 ] DEBUG Engine               - collisionDetectionStrategy: BRUTE_FORCE
23:07:42.420 [FXGL Background Thread 3 ] DEBUG Engine               - configClass: Optional.empty
23:07:42.420 [FXGL Background Thread 3 ] DEBUG Engine               - credits: []
23:07:42.424 [FXGL Background Thread 3 ] DEBUG Engine               - defaultCursor: CursorInfo(imageName=fxgl_default_cursor.png, hotspotX=7.0, hotspotY=6.0)
23:07:42.424 [FXGL Background Thread 3 ] DEBUG Engine               - devBBoxColorProperty: ObjectProperty [value: 0xff0000ff]
23:07:42.424 [FXGL Background Thread 3 ] DEBUG Engine               - devEnableDebugCameraProperty: BooleanProperty [value: false]
23:07:42.425 [FXGL Background Thread 3 ] DEBUG Engine               - devSensorColorProperty: ObjectProperty [value: 0xffff00ff]
23:07:42.425 [FXGL Background Thread 3 ] DEBUG Engine               - devShowBBoxProperty: BooleanProperty [value: false]
23:07:42.425 [FXGL Background Thread 3 ] DEBUG Engine               - devShowPositionProperty: BooleanProperty [value: false]
23:07:42.425 [FXGL Background Thread 3 ] DEBUG Engine               - enabledMenuItems: []
23:07:42.425 [FXGL Background Thread 3 ] DEBUG Engine               - engineServices: [class com.almasb.fxgl.app.services.FXGLAssetLoaderService, class com.almasb.fxgl.app.FXGLApplication$GameApplicationService, class com.almasb.fxgl.app.services.FXGLDialogService, class com.almasb.fxgl.app.services.IOTaskExecutorService, class com.almasb.fxgl.io.FileSystemService, class com.almasb.fxgl.localization.LocalizationService, class com.almasb.fxgl.app.services.SystemBundleService, class com.almasb.fxgl.profile.SaveLoadService, class com.almasb.fxgl.ui.FXGLUIFactoryServiceProvider, class com.almasb.fxgl.ui.FXGLDialogFactoryServiceProvider, class com.almasb.fxgl.audio.AudioPlayer, class com.almasb.fxgl.notification.impl.NotificationServiceProvider, class com.almasb.fxgl.achievement.AchievementService, class com.almasb.fxgl.cutscene.CutsceneService, class com.almasb.fxgl.minigames.MiniGameService, class com.almasb.fxgl.net.NetService, class com.almasb.fxgl.app.services.UpdaterService, class com.almasb.fxgl.dev.DevService]
23:07:42.426 [FXGL Background Thread 3 ] DEBUG Engine               - fontGame: Abel-Regular.ttf
23:07:42.426 [FXGL Background Thread 3 ] DEBUG Engine               - fontMono: TerminalLandMono-Regular.otf
23:07:42.426 [FXGL Background Thread 3 ] DEBUG Engine               - fontSizeScaleUI: 1.0
23:07:42.426 [FXGL Background Thread 3 ] DEBUG Engine               - fontText: Courier-Prime.ttf
23:07:42.427 [FXGL Background Thread 3 ] DEBUG Engine               - fontUI: VarelaRound-Regular.ttf
23:07:42.427 [FXGL Background Thread 3 ] DEBUG Engine               - fullScreen: BooleanProperty [value: false]
23:07:42.431 [FXGL Background Thread 3 ] DEBUG Engine               - gameDifficulty: MEDIUM
23:07:42.431 [FXGL Background Thread 3 ] DEBUG Engine               - gameDifficultyProperty: ObjectProperty [value: MEDIUM]
23:07:42.431 [FXGL Background Thread 3 ] DEBUG Engine               - globalMusicVolume: 0.5
23:07:42.431 [FXGL Background Thread 3 ] DEBUG Engine               - globalMusicVolumeProperty: DoubleProperty [value: 0.4]
23:07:42.435 [FXGL Background Thread 3 ] DEBUG Engine               - globalSoundVolume: 0.5
23:07:42.435 [FXGL Background Thread 3 ] DEBUG Engine               - globalSoundVolumeProperty: DoubleProperty [value: 0.5]
23:07:42.439 [FXGL Background Thread 3 ] DEBUG Engine               - height: 600
23:07:42.439 [FXGL Background Thread 3 ] DEBUG Engine               - is3D: false
23:07:42.439 [FXGL Background Thread 3 ] DEBUG Engine               - isAndroid: false
23:07:42.439 [FXGL Background Thread 3 ] DEBUG Engine               - isBrowser: false
23:07:42.439 [FXGL Background Thread 3 ] DEBUG Engine               - isClickFeedbackEnabled: false
23:07:42.440 [FXGL Background Thread 3 ] DEBUG Engine               - isCloseConfirmation: false
23:07:42.440 [FXGL Background Thread 3 ] DEBUG Engine               - isDesktop: true
23:07:42.440 [FXGL Background Thread 3 ] DEBUG Engine               - isDeveloperMenuEnabled: false
23:07:42.440 [FXGL Background Thread 3 ] DEBUG Engine               - isEmbedded: false
23:07:42.440 [FXGL Background Thread 3 ] DEBUG Engine               - isEntityPreloadEnabled: true
23:07:42.440 [FXGL Background Thread 3 ] DEBUG Engine               - isExperimentalTiledLargeMap: false
23:07:42.440 [FXGL Background Thread 3 ] DEBUG Engine               - isFileSystemWriteAllowed: true
23:07:42.440 [FXGL Background Thread 3 ] DEBUG Engine               - isFullScreenAllowed: false
23:07:42.440 [FXGL Background Thread 3 ] DEBUG Engine               - isFullScreenFromStart: false
23:07:42.440 [FXGL Background Thread 3 ] DEBUG Engine               - isGameMenuEnabled: true
23:07:42.440 [FXGL Background Thread 3 ] DEBUG Engine               - isIOS: false
23:07:42.440 [FXGL Background Thread 3 ] DEBUG Engine               - isIntroEnabled: false
23:07:42.440 [FXGL Background Thread 3 ] DEBUG Engine               - isLinux: false
23:07:42.440 [FXGL Background Thread 3 ] DEBUG Engine               - isMac: false
23:07:42.440 [FXGL Background Thread 3 ] DEBUG Engine               - isMainMenuEnabled: false
23:07:42.440 [FXGL Background Thread 3 ] DEBUG Engine               - isManualResizeEnabled: false
23:07:42.440 [FXGL Background Thread 3 ] DEBUG Engine               - isMobile: false
23:07:42.441 [FXGL Background Thread 3 ] DEBUG Engine               - isNative: false
23:07:42.441 [FXGL Background Thread 3 ] DEBUG Engine               - isPauseMusicWhenMinimized: true
23:07:42.441 [FXGL Background Thread 3 ] DEBUG Engine               - isPreserveResizeRatio: false
23:07:42.441 [FXGL Background Thread 3 ] DEBUG Engine               - isProfilingEnabled: false
23:07:42.441 [FXGL Background Thread 3 ] DEBUG Engine               - isScaleAffectedOnResize: true
23:07:42.441 [FXGL Background Thread 3 ] DEBUG Engine               - isSingleStep: false
23:07:42.441 [FXGL Background Thread 3 ] DEBUG Engine               - isUserProfileEnabled: false
23:07:42.441 [FXGL Background Thread 3 ] DEBUG Engine               - isWindows: true
23:07:42.441 [FXGL Background Thread 3 ] DEBUG Engine               - language: ObjectProperty [value: ENGLISH]
23:07:42.441 [FXGL Background Thread 3 ] DEBUG Engine               - menuKey: ESCAPE
23:07:42.441 [FXGL Background Thread 3 ] DEBUG Engine               - mouseSensitivity: 0.2
23:07:42.441 [FXGL Background Thread 3 ] DEBUG Engine               - notificationViewClass: class com.almasb.fxgl.notification.view.XboxNotificationView
23:07:42.441 [FXGL Background Thread 3 ] DEBUG Engine               - pixelsPerMeter: 50.0
23:07:42.441 [FXGL Background Thread 3 ] DEBUG Engine               - platform: WINDOWS
23:07:42.441 [FXGL Background Thread 3 ] DEBUG Engine               - prefHeightProperty: ReadOnlyDoubleProperty [value: 600.0]
23:07:42.441 [FXGL Background Thread 3 ] DEBUG Engine               - prefWidthProperty: ReadOnlyDoubleProperty [value: 800.0]
23:07:42.441 [FXGL Background Thread 3 ] DEBUG Engine               - profileDir: profiles/
23:07:42.441 [FXGL Background Thread 3 ] DEBUG Engine               - profileName: StringProperty [value: DEFAULT]
23:07:42.441 [FXGL Background Thread 3 ] DEBUG Engine               - randomSeed: -1
23:07:42.442 [FXGL Background Thread 3 ] DEBUG Engine               - runtimeInfo: RuntimeInfo(platform=WINDOWS, version=21.1, build=26.03.2024 17.33)
23:07:42.442 [FXGL Background Thread 3 ] DEBUG Engine               - saveFileExt: sav
23:07:42.442 [FXGL Background Thread 3 ] DEBUG Engine               - scaledHeightProp$fxgl: DoubleProperty [bound, value: 600.0]
23:07:42.442 [FXGL Background Thread 3 ] DEBUG Engine               - scaledWidthProp$fxgl: DoubleProperty [bound, value: 800.0]
23:07:42.442 [FXGL Background Thread 3 ] DEBUG Engine               - sceneFactory: com.almasb.fxgl.app.scene.SceneFactory@e86e9a1
23:07:42.442 [FXGL Background Thread 3 ] DEBUG Engine               - secondsIn24h: 60
23:07:42.442 [FXGL Background Thread 3 ] DEBUG Engine               - soundMenuBack: menu/back.wav
23:07:42.442 [FXGL Background Thread 3 ] DEBUG Engine               - soundMenuPress: menu/press.wav
23:07:42.442 [FXGL Background Thread 3 ] DEBUG Engine               - soundMenuSelect: menu/select.wav
23:07:42.442 [FXGL Background Thread 3 ] DEBUG Engine               - soundNotification: core/notification.wav
23:07:42.442 [FXGL Background Thread 3 ] DEBUG Engine               - stageStyle: DECORATED
23:07:42.442 [FXGL Background Thread 3 ] DEBUG Engine               - supportedLanguages: [ENGLISH, FRENCH, GERMAN, HUNGARIAN, RUSSIAN]
23:07:42.442 [FXGL Background Thread 3 ] DEBUG Engine               - ticksPerSecond: -1
23:07:42.442 [FXGL Background Thread 3 ] DEBUG Engine               - title: Among Us UNEG
23:07:42.442 [FXGL Background Thread 3 ] DEBUG Engine               - urlGithub: https://github.com/AlmasB/FXGL
23:07:42.442 [FXGL Background Thread 3 ] DEBUG Engine               - urlLeaderboard: http://fxgl-top.herokuapp.com/
23:07:42.442 [FXGL Background Thread 3 ] DEBUG Engine               - urlPOM: https://raw.githubusercontent.com/AlmasB/FXGL/release/README.md
23:07:42.442 [FXGL Background Thread 3 ] DEBUG Engine               - userAppClass: class main.java.amongUs.AppPrincipal
23:07:42.442 [FXGL Background Thread 3 ] DEBUG Engine               - version: 0.0
23:07:42.442 [FXGL Background Thread 3 ] DEBUG Engine               - versionCheckDays: 7
23:07:42.442 [FXGL Background Thread 3 ] DEBUG Engine               - width: 800
23:07:42.442 [FXGL Background Thread 3 ] DEBUG Engine               - Logging services
23:07:42.442 [FXGL Background Thread 3 ] DEBUG Engine               - class com.almasb.fxgl.app.services.FXGLAssetLoaderService
23:07:42.442 [FXGL Background Thread 3 ] DEBUG Engine               - class com.almasb.fxgl.app.FXGLApplication$GameApplicationService
23:07:42.443 [FXGL Background Thread 3 ] DEBUG Engine               - class com.almasb.fxgl.app.services.FXGLDialogService
23:07:42.443 [FXGL Background Thread 3 ] DEBUG Engine               - class com.almasb.fxgl.app.services.IOTaskExecutorService
23:07:42.443 [FXGL Background Thread 3 ] DEBUG Engine               - class com.almasb.fxgl.io.FileSystemService
23:07:42.443 [FXGL Background Thread 3 ] DEBUG Engine               - class com.almasb.fxgl.localization.LocalizationService
23:07:42.443 [FXGL Background Thread 3 ] DEBUG Engine               - class com.almasb.fxgl.app.services.SystemBundleService
23:07:42.443 [FXGL Background Thread 3 ] DEBUG Engine               - class com.almasb.fxgl.profile.SaveLoadService
23:07:42.443 [FXGL Background Thread 3 ] DEBUG Engine               - class com.almasb.fxgl.ui.FXGLUIFactoryServiceProvider
23:07:42.443 [FXGL Background Thread 3 ] DEBUG Engine               - class com.almasb.fxgl.ui.FXGLDialogFactoryServiceProvider
23:07:42.443 [FXGL Background Thread 3 ] DEBUG Engine               - class com.almasb.fxgl.audio.AudioPlayer
23:07:42.443 [FXGL Background Thread 3 ] DEBUG Engine               - class com.almasb.fxgl.notification.impl.NotificationServiceProvider
23:07:42.443 [FXGL Background Thread 3 ] DEBUG Engine               - class com.almasb.fxgl.achievement.AchievementService
23:07:42.443 [FXGL Background Thread 3 ] DEBUG Engine               - class com.almasb.fxgl.cutscene.CutsceneService
23:07:42.443 [FXGL Background Thread 3 ] DEBUG Engine               - class com.almasb.fxgl.minigames.MiniGameService
23:07:42.443 [FXGL Background Thread 3 ] DEBUG Engine               - class com.almasb.fxgl.net.NetService
23:07:42.443 [FXGL Background Thread 3 ] DEBUG Engine               - class com.almasb.fxgl.app.services.UpdaterService
23:07:42.443 [FXGL Background Thread 3 ] DEBUG Engine               - class com.almasb.fxgl.dev.DevService
23:07:44.574 [JavaFX Application Thread] DEBUG FXGLAssetLoaderServi - Loading from file system: file:/C:/Users/josue/OneDrive/Desktop/proyecto%20java/Among%20Us/out/production/Among%20Us/assets/sounds/clickBoton.wav
23:07:48.549 [JavaFX Application Thread] DEBUG FXGLAssetLoaderServi - Loading from file system: file:/C:/Users/josue/OneDrive/Desktop/proyecto%20java/Among%20Us/out/production/Among%20Us/assets/textures/tripulante_blanco.png
23:07:49.509 [JavaFX Application Thread] WARN  TMXLevelLoader       - TiledMap generated from 1.11.2. Supported version: 1.9.0. Some features may not be parsed fully.
23:07:49.571 [JavaFX Application Thread] DEBUG TMXLevelLoader       - Parsed TiledMap: file:/C:/Users/josue/OneDrive/Desktop/proyecto%20java/Among%20Us/out/production/Among%20Us/assets/levels/mapa2.tmx
23:07:49.572 [JavaFX Application Thread] DEBUG TMXLevelLoader       - Creating tile layer entities
23:07:49.574 [JavaFX Application Thread] DEBUG TilesetLoader        - Loading view for layer fondo1
23:07:49.582 [JavaFX Application Thread] DEBUG TilesetLoader        - Created buffer with size 992.0x960.0
23:07:49.604 [JavaFX Application Thread] DEBUG TilesetLoader        - Loading view for layer fondo
23:07:49.643 [JavaFX Application Thread] DEBUG TilesetLoader        - Created buffer with size 992.0x960.0
23:07:49.649 [JavaFX Application Thread] DEBUG TilesetLoader        - Loading view for layer piso
23:07:49.649 [JavaFX Application Thread] DEBUG TilesetLoader        - Created buffer with size 992.0x960.0
23:07:49.655 [JavaFX Application Thread] DEBUG TilesetLoader        - Loading view for layer piso1
23:07:49.656 [JavaFX Application Thread] DEBUG TilesetLoader        - Created buffer with size 992.0x960.0
23:07:49.664 [JavaFX Application Thread] DEBUG TilesetLoader        - Loading view for layer izquierda
23:07:49.665 [JavaFX Application Thread] DEBUG TilesetLoader        - Created buffer with size 992.0x960.0
23:07:49.674 [JavaFX Application Thread] DEBUG TilesetLoader        - Loading view for layer detallesatraspared
23:07:49.675 [JavaFX Application Thread] DEBUG TilesetLoader        - Created buffer with size 992.0x960.0
23:07:49.712 [JavaFX Application Thread] DEBUG TilesetLoader        - Loading view for layer pared2
23:07:49.713 [JavaFX Application Thread] DEBUG TilesetLoader        - Created buffer with size 992.0x960.0
23:07:49.727 [JavaFX Application Thread] DEBUG TilesetLoader        - Loading view for layer techo1
23:07:49.728 [JavaFX Application Thread] DEBUG TilesetLoader        - Created buffer with size 992.0x960.0
23:07:49.732 [JavaFX Application Thread] DEBUG TilesetLoader        - Loading view for layer techo2
23:07:49.733 [JavaFX Application Thread] DEBUG TilesetLoader        - Created buffer with size 992.0x960.0
23:07:49.740 [JavaFX Application Thread] DEBUG TilesetLoader        - Loading view for layer puertita
23:07:49.740 [JavaFX Application Thread] DEBUG TilesetLoader        - Created buffer with size 992.0x960.0
23:07:49.741 [JavaFX Application Thread] DEBUG TilesetLoader        - Loading view for layer puerta
23:07:49.742 [JavaFX Application Thread] DEBUG TilesetLoader        - Created buffer with size 992.0x960.0
23:07:49.744 [JavaFX Application Thread] DEBUG TilesetLoader        - Loading view for layer detalles
23:07:49.744 [JavaFX Application Thread] DEBUG TilesetLoader        - Created buffer with size 992.0x960.0
23:07:49.768 [JavaFX Application Thread] DEBUG TilesetLoader        - Loading view for layer detalles 2
23:07:49.770 [JavaFX Application Thread] DEBUG TilesetLoader        - Created buffer with size 992.0x960.0
23:07:49.785 [JavaFX Application Thread] DEBUG TilesetLoader        - Loading view for layer detalles3
23:07:49.788 [JavaFX Application Thread] DEBUG TilesetLoader        - Created buffer with size 992.0x960.0
23:07:49.814 [JavaFX Application Thread] DEBUG TilesetLoader        - Loading view for layer grieta
23:07:49.814 [JavaFX Application Thread] DEBUG TilesetLoader        - Created buffer with size 992.0x960.0
23:07:49.816 [JavaFX Application Thread] DEBUG TilesetLoader        - Loading view for layer camaras
23:07:49.818 [JavaFX Application Thread] DEBUG TilesetLoader        - Created buffer with size 992.0x960.0
23:07:49.820 [JavaFX Application Thread] DEBUG TilesetLoader        - Loading view for layer Techo
23:07:49.822 [JavaFX Application Thread] DEBUG TilesetLoader        - Created buffer with size 992.0x960.0
23:07:49.824 [JavaFX Application Thread] DEBUG TMXLevelLoader       - Creating object layer entities
23:07:49.918 [JavaFX Application Thread] DEBUG GameWorld            - Clearing removable entities
23:07:49.918 [JavaFX Application Thread] DEBUG GameWorld            - Setting level: com.almasb.fxgl.entity.level.Level@73e65944
23:07:49.995 [JavaFX Application Thread] DEBUG FXGLAssetLoaderServi - Loading from file system: file:/C:/Users/josue/OneDrive/Desktop/proyecto%20java/Among%20Us/out/production/Among%20Us/assets/textures/MonitorDeCamaras.png
23:07:50.012 [JavaFX Application Thread] DEBUG FXGLAssetLoaderServi - Loading from file system: file:/C:/Users/josue/OneDrive/Desktop/proyecto%20java/Among%20Us/out/production/Among%20Us/assets/textures/flechaAmarillaIzq.png
23:07:50.014 [JavaFX Application Thread] DEBUG FXGLAssetLoaderServi - Loading from file system: file:/C:/Users/josue/OneDrive/Desktop/proyecto%20java/Among%20Us/out/production/Among%20Us/assets/textures/flechaAmarillaDer.png
23:07:50.024 [JavaFX Application Thread] DEBUG FXGLAssetLoaderServi - Loading from file system: file:/C:/Users/josue/OneDrive/Desktop/proyecto%20java/Among%20Us/out/production/Among%20Us/assets/textures/fantasma.png
23:07:50.027 [JavaFX Application Thread] DEBUG FXGLAssetLoaderServi - Loading from file system: file:/C:/Users/josue/OneDrive/Desktop/proyecto%20java/Among%20Us/out/production/Among%20Us/assets/textures/blanco_muerto.png
23:07:50.027 [JavaFX Application Thread] DEBUG FXGLAssetLoaderServi - Loading from file system: file:/C:/Users/josue/OneDrive/Desktop/proyecto%20java/Among%20Us/out/production/Among%20Us/assets/textures/animacion_blanco.png
23:07:50.029 [JavaFX Application Thread] DEBUG FXGLAssetLoaderServi - Loading from file system: file:/C:/Users/josue/OneDrive/Desktop/proyecto%20java/Among%20Us/out/production/Among%20Us/assets/textures/alcantarilla_blanco.png
23:07:50.030 [JavaFX Application Thread] DEBUG FXGLAssetLoaderServi - Loading from file system: file:/C:/Users/josue/OneDrive/Desktop/proyecto%20java/Among%20Us/out/production/Among%20Us/assets/textures/alcantarilla_blancoE.png
23:07:50.041 [JavaFX Application Thread] DEBUG FXGLAssetLoaderServi - Loading from file system: file:/C:/Users/josue/OneDrive/Desktop/proyecto%20java/Among%20Us/out/production/Among%20Us/assets/textures/accionNegada.png
23:07:50.047 [JavaFX Application Thread] DEBUG FXGLAssetLoaderServi - Loading from file system: file:/C:/Users/josue/OneDrive/Desktop/proyecto%20java/Among%20Us/out/production/Among%20Us/assets/textures/animacion_extintor.png
23:07:50.064 [JavaFX Application Thread] DEBUG FXGLAssetLoaderServi - Loading from file system: file:/C:/Users/josue/OneDrive/Desktop/proyecto%20java/Among%20Us/out/production/Among%20Us/assets/textures/barra_0.png
23:07:50.071 [JavaFX Application Thread] DEBUG FXGLAssetLoaderServi - Loading from file system: file:/C:/Users/josue/OneDrive/Desktop/proyecto%20java/Among%20Us/out/production/Among%20Us/assets/textures/pantalla_tripulante.png
23:08:53.041 [JavaFX Application Thread] DEBUG FXGLAssetLoaderServi - Loading from file system: file:/C:/Users/josue/OneDrive/Desktop/proyecto%20java/Among%20Us/out/production/Among%20Us/assets/textures/accion.png
23:08:53.718 [JavaFX Application Thread] DEBUG FXGLAssetLoaderServi - Loading from file system: file:/C:/Users/josue/OneDrive/Desktop/proyecto%20java/Among%20Us/out/production/Among%20Us/assets/textures/panel_extintor.png
23:09:02.789 [JavaFX Application Thread] DEBUG FXGLApplication      - Exiting FXGL
23:09:02.789 [JavaFX Application Thread] DEBUG LoopRunner           - Stopping loop
23:09:02.789 [JavaFX Application Thread] DEBUG SystemBundleService  - Saving FXGL system data
23:09:02.796 [JavaFX Application Thread] DEBUG FileSystemAccess     - Writing to: C:\Users\josue\OneDrive\Desktop\proyecto java\Among Us\system\fxgl.bundle
23:09:02.800 [JavaFX Application Thread] DEBUG Async                - Shutting down background threads
23:09:02.800 [JavaFX Application Thread] DEBUG PrimaryStageWindow   - Closing main window
23:09:02.840 [JavaFX Application Thread] DEBUG Logger               - Closing Logger
