01:49:14.133 [main                     ] DEBUG Logger               - Configured Logger
01:49:14.157 [main                     ] DEBUG GameApplication      - Logging settings
Title: Among Us UNEG
Version: 0.0
Width: 800
Height: 600
Fullscreen: false
Intro: false
Profiling: false
Single step:false
App Mode: DEVELOPER
Menu Key: ESCAPE
Stage Style: DECORATED
Scene Factory: class com.almasb.fxgl.app.scene.SceneFactory

01:49:15.090 [JavaFX Application Thread] DEBUG FXGLApplication      - Initializing FXGL
01:49:15.095 [JavaFX Application Thread] INFO  Engine               - FXGL-21.1 (26.03.2024 17.33) on WINDOWS (J:25.0.2 FX:21.0.1)
01:49:15.096 [JavaFX Application Thread] DEBUG Engine               - JRE Vendor Name: Oracle Corporation
01:49:15.097 [JavaFX Application Thread] DEBUG Engine               - Running on OS: Windows 11 version 10.0
01:49:15.097 [JavaFX Application Thread] DEBUG Engine               - Architecture: amd64
01:49:15.097 [JavaFX Application Thread] INFO  Engine               - Source code and latest versions at: https://github.com/AlmasB/FXGL
01:49:15.097 [JavaFX Application Thread] INFO  Engine               -       Ask questions and discuss at: https://github.com/AlmasB/FXGL/discussions
01:49:15.097 [JavaFX Application Thread] INFO  Engine               -              Join the FXGL chat at: https://gitter.im/AlmasB/FXGL
01:49:15.266 [JavaFX Application Thread] DEBUG PrimaryStageWindow   - Creating a JavaFX scene
01:49:15.477 [JavaFX Application Thread] DEBUG PrimaryStageWindow   - Target settings size: 800.0 x 600.0
01:49:15.477 [JavaFX Application Thread] DEBUG PrimaryStageWindow   - Scaled scene size:    800.0 x 600.0
01:49:15.477 [JavaFX Application Thread] DEBUG PrimaryStageWindow   - Scaled ratio: (1.0, 1.0)
01:49:15.480 [JavaFX Application Thread] DEBUG PrimaryStageWindow   - Set initial scene to FXGLStartupScene
01:49:15.485 [JavaFX Application Thread] DEBUG PrimaryStageWindow   - Opening main window
01:49:15.705 [JavaFX Application Thread] DEBUG PrimaryStageWindow   - Window border size: (16.0, 39.0)
01:49:15.705 [JavaFX Application Thread] DEBUG PrimaryStageWindow   - Scaled size: 800.0 x 600.0
01:49:15.705 [JavaFX Application Thread] DEBUG PrimaryStageWindow   - Scaled ratio: (1.0, 1.0)
01:49:15.706 [JavaFX Application Thread] DEBUG PrimaryStageWindow   - Scene size: 800.0 x 600.0
01:49:15.706 [JavaFX Application Thread] DEBUG PrimaryStageWindow   - Stage size: 816.0 x 639.0
01:49:15.886 [FXGL Background Thread 1 ] DEBUG Engine               - Initializing environment variables
01:49:16.030 [FXGL Background Thread 1 ] DEBUG FXGLAssetLoaderServi - User app class for loading assets: class main.java.amongUs.AppPrincipal
01:49:16.031 [FXGL Background Thread 1 ] DEBUG GameApplicationServi - Applying CSS: fxgl_dark.css
01:49:16.032 [FXGL Background Thread 1 ] DEBUG FXGLAssetLoaderServi - Loading from file system: jar:file:/C:/Users/josue/OneDrive/Desktop/proyecto%20java/Among%20Us/lib/fxgl-21.1-uber.jar!/fxglassets/ui/css/fxgl_dark.css
01:49:16.276 [FXGL Background Thread 1 ] DEBUG GameApplicationServi - Initializing application scenes
01:49:16.637 [FXGL Background Thread 1 ] DEBUG GameWorld            - Game world initialized
01:49:16.722 [FXGL Background Thread 1 ] DEBUG PhysicsWorld         - Physics world initialized: appHeight=600, physics.ppm=50,0
01:49:16.723 [FXGL Background Thread 1 ] DEBUG PhysicsWorld         - Using strategy: BRUTE_FORCE
01:49:16.731 [FXGL Background Thread 1 ] DEBUG GameScene            - Game scene initialized: 800x600
01:49:16.753 [FXGL Background Thread 1 ] DEBUG FXGL.DefaultMenu     - createMenuBodyGameMenu()
01:49:16.783 [FXGL Background Thread 1 ] DEBUG FXGL.DefaultMenu     - createOptionsMenu()
01:49:16.804 [FXGL Background Thread 1 ] DEBUG FXGLAssetLoaderServi - Loading from file system: jar:file:/C:/Users/josue/OneDrive/Desktop/proyecto%20java/Among%20Us/lib/fxgl-21.1-uber.jar!/fxglassets/textures/particles/smoke.png
01:49:17.016 [FXGL Background Thread 1 ] DEBUG FXGLAssetLoaderServi - Loading from file system: jar:file:/C:/Users/josue/OneDrive/Desktop/proyecto%20java/Among%20Us/lib/fxgl-21.1-uber.jar!/fxglassets/textures/particles/trace_horizontal.png
01:49:17.156 [FXGL Background Thread 1 ] DEBUG GameApplicationServi - Application scenes initialized
01:49:17.178 [FXGL Background Thread 1 ] DEBUG SystemBundleService  - Loading FXGL system data
01:49:17.184 [FXGL Background Thread 1 ] DEBUG FileSystemAccess     - Reading from: C:\Users\josue\OneDrive\Desktop\proyecto java\Among Us\system\fxgl.bundle
01:49:17.194 [FXGL Background Thread 1 ] DEBUG SystemBundleService  - Bundle FXGL: {}
01:49:17.194 [FXGL Background Thread 1 ] DEBUG UpdaterService       - Checking for updates
01:49:17.201 [FXGL Background Thread 4 ] DEBUG FXGLApplication      - Loading fonts
01:49:17.201 [FXGL Background Thread 1 ] DEBUG FXGLApplication      - Loading default localization
01:49:17.202 [FXGL Background Thread 4 ] DEBUG FXGLAssetLoaderServi - Loading from file system: jar:file:/C:/Users/josue/OneDrive/Desktop/proyecto%20java/Among%20Us/lib/fxgl-21.1-uber.jar!/fxglassets/ui/fonts/VarelaRound-Regular.ttf
01:49:17.203 [FXGL Background Thread 1 ] DEBUG FXGLAssetLoaderServi - Loading from file system: jar:file:/C:/Users/josue/OneDrive/Desktop/proyecto%20java/Among%20Us/lib/fxgl-21.1-uber.jar!/fxglassets/languages/english.lang
01:49:17.243 [FXGL Background Thread 1 ] INFO  FXGLApplication      - FXGL initialization took: 1,357 sec
01:49:17.257 [JavaFX Application Thread] DEBUG Input                - Registered new binding: Mover Arriba - W
01:49:17.257 [JavaFX Application Thread] DEBUG Input                - Registered new binding: Mover Abajo - S
01:49:17.257 [JavaFX Application Thread] DEBUG Input                - Registered new binding: Mover Izquierda - A
01:49:17.257 [JavaFX Application Thread] DEBUG Input                - Registered new binding: Mover Derecha - D
01:49:17.260 [JavaFX Application Thread] DEBUG Input                - Registered new binding: Abrir Camaras - C
01:49:17.260 [JavaFX Application Thread] DEBUG Input                - Registered new binding: Usar Alcantarilla - Space
01:49:17.260 [JavaFX Application Thread] DEBUG Input                - Registered new binding: Vent Izquierda - Left
01:49:17.260 [JavaFX Application Thread] DEBUG Input                - Registered new binding: Vent Derecha - Right
01:49:17.260 [JavaFX Application Thread] DEBUG Input                - Registered new binding: Vent Arriba - Up
01:49:17.260 [JavaFX Application Thread] DEBUG Input                - Registered new binding: Vent Abajo - Down
01:49:17.260 [JavaFX Application Thread] DEBUG Input                - Registered new binding: Matar Jugador - Q
01:49:17.263 [JavaFX Application Thread] DEBUG FXGLAssetLoaderServi - Loading from file system: file:/C:/Users/josue/OneDrive/Desktop/proyecto%20java/Among%20Us/out/production/Among%20Us/assets/textures/icono.png
01:49:17.362 [JavaFX Application Thread] DEBUG FXGLAssetLoaderServi - Loading from file system: jar:file:/C:/Users/josue/OneDrive/Desktop/proyecto%20java/Among%20Us/lib/fxgl-21.1-uber.jar!/fxglassets/textures/fxgl_default_cursor.png
01:49:17.365 [JavaFX Application Thread] DEBUG Input                - Registered new binding: Screenshot - CTRL+8
01:49:17.366 [JavaFX Application Thread] DEBUG Input                - Registered new binding: System info dump - CTRL+9
01:49:17.366 [JavaFX Application Thread] DEBUG Input                - Registered new binding: Restart - CTRL+R
01:49:17.367 [JavaFX Application Thread] DEBUG Input                - Registered new binding: Toggle Debug Camera - CTRL+7
01:49:17.373 [JavaFX Application Thread] DEBUG LoopRunner           - Starting loop
01:49:17.374 [JavaFX Application Thread] DEBUG LoopRunner           - Initializing JavaFX AnimationTimerLoop
01:49:17.377 [JavaFX Application Thread] DEBUG GameApplicationServi - Starting new game
01:49:17.381 [JavaFX Application Thread] DEBUG Input                - Clearing active input actions
01:49:17.425 [JavaFX Application Thread] DEBUG GameApplicationServi - Removing overlay from FXGLStartupScene and adding to FXGLLoadingScene
01:49:17.426 [JavaFX Application Thread] DEBUG PrimaryStageWindow   - FXGLStartupScene -> FXGLLoadingScene
01:49:17.426 [JavaFX Application Thread] DEBUG GameApplicationServi - Clearing previous game
01:49:17.426 [JavaFX Application Thread] DEBUG GameScene            - Clearing game scene
01:49:17.426 [JavaFX Application Thread] DEBUG GameWorld            - Clearing game world
01:49:17.426 [JavaFX Application Thread] DEBUG PhysicsWorld         - Clearing physics world
01:49:17.440 [FXGL Background Thread 1 ] DEBUG FXGLApplication      - Initializing game
01:49:17.464 [FXGL Background Thread 1 ] DEBUG FXGLAssetLoaderServi - Loading from file system: file:/C:/Users/josue/OneDrive/Desktop/proyecto%20java/Among%20Us/out/production/Among%20Us/assets/textures/MonitorDeCamaras.png
01:49:17.596 [FXGL Background Thread 1 ] DEBUG FXGLAssetLoaderServi - Loading from file system: file:/C:/Users/josue/OneDrive/Desktop/proyecto%20java/Among%20Us/out/production/Among%20Us/assets/textures/flechaAmarillaIzq.png
01:49:17.603 [FXGL Background Thread 1 ] DEBUG FXGLAssetLoaderServi - Loading from file system: file:/C:/Users/josue/OneDrive/Desktop/proyecto%20java/Among%20Us/out/production/Among%20Us/assets/textures/flechaAmarillaDer.png
01:49:17.609 [FXGL Background Thread 1 ] DEBUG FXGLAssetLoaderServi - Loading from file system: file:/C:/Users/josue/OneDrive/Desktop/proyecto%20java/Among%20Us/out/production/Among%20Us/assets/music/musicaMenu.mp3
01:49:18.260 [FXGL Background Thread 1 ] DEBUG AudioPlayer          - Playing music com.almasb.fxgl.audio.Music@29362aeb
01:49:18.936 [FXGL Background Thread 4 ] DEBUG FXGLAssetLoaderServi - Loading from file system: jar:file:/C:/Users/josue/OneDrive/Desktop/proyecto%20java/Among%20Us/lib/fxgl-21.1-uber.jar!/fxglassets/ui/fonts/Abel-Regular.ttf
01:49:19.007 [FXGL Background Thread 4 ] DEBUG FXGLAssetLoaderServi - Loading from file system: jar:file:/C:/Users/josue/OneDrive/Desktop/proyecto%20java/Among%20Us/lib/fxgl-21.1-uber.jar!/fxglassets/ui/fonts/TerminalLandMono-Regular.otf
01:49:19.029 [FXGL Background Thread 1 ] INFO  FXGLApplication      - Game initialization took: 1,589 sec
01:49:19.027 [FXGL Background Thread 4 ] DEBUG FXGLAssetLoaderServi - Loading from file system: jar:file:/C:/Users/josue/OneDrive/Desktop/proyecto%20java/Among%20Us/lib/fxgl-21.1-uber.jar!/fxglassets/ui/fonts/Courier-Prime.ttf
01:49:19.096 [JavaFX Application Thread] DEBUG Input                - Clearing active input actions
01:49:19.106 [JavaFX Application Thread] DEBUG GameApplicationServi - Removing overlay from FXGLLoadingScene and adding to GameScene
01:49:19.106 [JavaFX Application Thread] DEBUG PrimaryStageWindow   - FXGLLoadingScene -> GameScene
01:49:19.108 [JavaFX Application Thread] DEBUG FXGLApplication      - Registering font factories with UI factory
01:49:20.100 [FXGL Background Thread 2 ] INFO  UpdaterService       - Your current version:  21.1
01:49:20.104 [FXGL Background Thread 2 ] INFO  UpdaterService       - Latest stable version: 25
01:49:20.198 [FXGL Background Thread 3 ] DEBUG Engine               - Logging environment variables
01:49:20.199 [FXGL Background Thread 3 ] DEBUG Engine               - achievements: []
01:49:20.199 [FXGL Background Thread 3 ] DEBUG Engine               - actualHeight: 600.0
01:49:20.199 [FXGL Background Thread 3 ] DEBUG Engine               - actualHeightProperty: ReadOnlyDoubleProperty [value: 600.0]
01:49:20.200 [FXGL Background Thread 3 ] DEBUG Engine               - actualWidth: 800.0
01:49:20.200 [FXGL Background Thread 3 ] DEBUG Engine               - actualWidthProperty: ReadOnlyDoubleProperty [value: 800.0]
01:49:20.200 [FXGL Background Thread 3 ] DEBUG Engine               - appIcon: icono.png
01:49:20.200 [FXGL Background Thread 3 ] DEBUG Engine               - applicationMode: DEVELOPER
01:49:20.200 [FXGL Background Thread 3 ] DEBUG Engine               - cSSList: [fxgl_dark.css]
01:49:20.200 [FXGL Background Thread 3 ] DEBUG Engine               - collisionDetectionStrategy: BRUTE_FORCE
01:49:20.200 [FXGL Background Thread 3 ] DEBUG Engine               - configClass: Optional.empty
01:49:20.200 [FXGL Background Thread 3 ] DEBUG Engine               - credits: []
01:49:20.201 [FXGL Background Thread 3 ] DEBUG Engine               - defaultCursor: CursorInfo(imageName=fxgl_default_cursor.png, hotspotX=7.0, hotspotY=6.0)
01:49:20.201 [FXGL Background Thread 3 ] DEBUG Engine               - devBBoxColorProperty: ObjectProperty [value: 0xff0000ff]
01:49:20.201 [FXGL Background Thread 3 ] DEBUG Engine               - devEnableDebugCameraProperty: BooleanProperty [value: false]
01:49:20.202 [FXGL Background Thread 3 ] DEBUG Engine               - devSensorColorProperty: ObjectProperty [value: 0xffff00ff]
01:49:20.202 [FXGL Background Thread 3 ] DEBUG Engine               - devShowBBoxProperty: BooleanProperty [value: false]
01:49:20.202 [FXGL Background Thread 3 ] DEBUG Engine               - devShowPositionProperty: BooleanProperty [value: false]
01:49:20.202 [FXGL Background Thread 3 ] DEBUG Engine               - enabledMenuItems: []
01:49:20.202 [FXGL Background Thread 3 ] DEBUG Engine               - engineServices: [class com.almasb.fxgl.app.services.FXGLAssetLoaderService, class com.almasb.fxgl.app.FXGLApplication$GameApplicationService, class com.almasb.fxgl.app.services.FXGLDialogService, class com.almasb.fxgl.app.services.IOTaskExecutorService, class com.almasb.fxgl.io.FileSystemService, class com.almasb.fxgl.localization.LocalizationService, class com.almasb.fxgl.app.services.SystemBundleService, class com.almasb.fxgl.profile.SaveLoadService, class com.almasb.fxgl.ui.FXGLUIFactoryServiceProvider, class com.almasb.fxgl.ui.FXGLDialogFactoryServiceProvider, class com.almasb.fxgl.audio.AudioPlayer, class com.almasb.fxgl.notification.impl.NotificationServiceProvider, class com.almasb.fxgl.achievement.AchievementService, class com.almasb.fxgl.cutscene.CutsceneService, class com.almasb.fxgl.minigames.MiniGameService, class com.almasb.fxgl.net.NetService, class com.almasb.fxgl.app.services.UpdaterService, class com.almasb.fxgl.dev.DevService]
01:49:20.202 [FXGL Background Thread 3 ] DEBUG Engine               - fontGame: Abel-Regular.ttf
01:49:20.202 [FXGL Background Thread 3 ] DEBUG Engine               - fontMono: TerminalLandMono-Regular.otf
01:49:20.202 [FXGL Background Thread 3 ] DEBUG Engine               - fontSizeScaleUI: 1.0
01:49:20.202 [FXGL Background Thread 3 ] DEBUG Engine               - fontText: Courier-Prime.ttf
01:49:20.203 [FXGL Background Thread 3 ] DEBUG Engine               - fontUI: VarelaRound-Regular.ttf
01:49:20.203 [FXGL Background Thread 3 ] DEBUG Engine               - fullScreen: BooleanProperty [value: false]
01:49:20.203 [FXGL Background Thread 3 ] DEBUG Engine               - gameDifficulty: MEDIUM
01:49:20.203 [FXGL Background Thread 3 ] DEBUG Engine               - gameDifficultyProperty: ObjectProperty [value: MEDIUM]
01:49:20.203 [FXGL Background Thread 3 ] DEBUG Engine               - globalMusicVolume: 0.5
01:49:20.203 [FXGL Background Thread 3 ] DEBUG Engine               - globalMusicVolumeProperty: DoubleProperty [value: 0.4]
01:49:20.204 [FXGL Background Thread 3 ] DEBUG Engine               - globalSoundVolume: 0.5
01:49:20.204 [FXGL Background Thread 3 ] DEBUG Engine               - globalSoundVolumeProperty: DoubleProperty [value: 0.5]
01:49:20.204 [FXGL Background Thread 3 ] DEBUG Engine               - height: 600
01:49:20.204 [FXGL Background Thread 3 ] DEBUG Engine               - is3D: false
01:49:20.204 [FXGL Background Thread 3 ] DEBUG Engine               - isAndroid: false
01:49:20.204 [FXGL Background Thread 3 ] DEBUG Engine               - isBrowser: false
01:49:20.204 [FXGL Background Thread 3 ] DEBUG Engine               - isClickFeedbackEnabled: false
01:49:20.204 [FXGL Background Thread 3 ] DEBUG Engine               - isCloseConfirmation: false
01:49:20.204 [FXGL Background Thread 3 ] DEBUG Engine               - isDesktop: true
01:49:20.204 [FXGL Background Thread 3 ] DEBUG Engine               - isDeveloperMenuEnabled: false
01:49:20.204 [FXGL Background Thread 3 ] DEBUG Engine               - isEmbedded: false
01:49:20.204 [FXGL Background Thread 3 ] DEBUG Engine               - isEntityPreloadEnabled: true
01:49:20.204 [FXGL Background Thread 3 ] DEBUG Engine               - isExperimentalTiledLargeMap: false
01:49:20.205 [FXGL Background Thread 3 ] DEBUG Engine               - isFileSystemWriteAllowed: true
01:49:20.205 [FXGL Background Thread 3 ] DEBUG Engine               - isFullScreenAllowed: false
01:49:20.205 [FXGL Background Thread 3 ] DEBUG Engine               - isFullScreenFromStart: false
01:49:20.205 [FXGL Background Thread 3 ] DEBUG Engine               - isGameMenuEnabled: true
01:49:20.205 [FXGL Background Thread 3 ] DEBUG Engine               - isIOS: false
01:49:20.205 [FXGL Background Thread 3 ] DEBUG Engine               - isIntroEnabled: false
01:49:20.206 [FXGL Background Thread 3 ] DEBUG Engine               - isLinux: false
01:49:20.206 [FXGL Background Thread 3 ] DEBUG Engine               - isMac: false
01:49:20.206 [FXGL Background Thread 3 ] DEBUG Engine               - isMainMenuEnabled: false
01:49:20.206 [FXGL Background Thread 3 ] DEBUG Engine               - isManualResizeEnabled: false
01:49:20.206 [FXGL Background Thread 3 ] DEBUG Engine               - isMobile: false
01:49:20.206 [FXGL Background Thread 3 ] DEBUG Engine               - isNative: false
01:49:20.206 [FXGL Background Thread 3 ] DEBUG Engine               - isPauseMusicWhenMinimized: true
01:49:20.206 [FXGL Background Thread 3 ] DEBUG Engine               - isPreserveResizeRatio: false
01:49:20.206 [FXGL Background Thread 3 ] DEBUG Engine               - isProfilingEnabled: false
01:49:20.206 [FXGL Background Thread 3 ] DEBUG Engine               - isScaleAffectedOnResize: true
01:49:20.206 [FXGL Background Thread 3 ] DEBUG Engine               - isSingleStep: false
01:49:20.206 [FXGL Background Thread 3 ] DEBUG Engine               - isUserProfileEnabled: false
01:49:20.206 [FXGL Background Thread 3 ] DEBUG Engine               - isWindows: true
01:49:20.206 [FXGL Background Thread 3 ] DEBUG Engine               - language: ObjectProperty [value: ENGLISH]
01:49:20.206 [FXGL Background Thread 3 ] DEBUG Engine               - menuKey: ESCAPE
01:49:20.206 [FXGL Background Thread 3 ] DEBUG Engine               - mouseSensitivity: 0.2
01:49:20.206 [FXGL Background Thread 3 ] DEBUG Engine               - notificationViewClass: class com.almasb.fxgl.notification.view.XboxNotificationView
01:49:20.206 [FXGL Background Thread 3 ] DEBUG Engine               - pixelsPerMeter: 50.0
01:49:20.206 [FXGL Background Thread 3 ] DEBUG Engine               - platform: WINDOWS
01:49:20.206 [FXGL Background Thread 3 ] DEBUG Engine               - prefHeightProperty: ReadOnlyDoubleProperty [value: 600.0]
01:49:20.206 [FXGL Background Thread 3 ] DEBUG Engine               - prefWidthProperty: ReadOnlyDoubleProperty [value: 800.0]
01:49:20.206 [FXGL Background Thread 3 ] DEBUG Engine               - profileDir: profiles/
01:49:20.206 [FXGL Background Thread 3 ] DEBUG Engine               - profileName: StringProperty [value: DEFAULT]
01:49:20.207 [FXGL Background Thread 3 ] DEBUG Engine               - randomSeed: -1
01:49:20.207 [FXGL Background Thread 3 ] DEBUG Engine               - runtimeInfo: RuntimeInfo(platform=WINDOWS, version=21.1, build=26.03.2024 17.33)
01:49:20.207 [FXGL Background Thread 3 ] DEBUG Engine               - saveFileExt: sav
01:49:20.207 [FXGL Background Thread 3 ] DEBUG Engine               - scaledHeightProp$fxgl: DoubleProperty [bound, value: 600.0]
01:49:20.207 [FXGL Background Thread 3 ] DEBUG Engine               - scaledWidthProp$fxgl: DoubleProperty [bound, value: 800.0]
01:49:20.207 [FXGL Background Thread 3 ] DEBUG Engine               - sceneFactory: com.almasb.fxgl.app.scene.SceneFactory@12884406
01:49:20.207 [FXGL Background Thread 3 ] DEBUG Engine               - secondsIn24h: 60
01:49:20.207 [FXGL Background Thread 3 ] DEBUG Engine               - soundMenuBack: menu/back.wav
01:49:20.207 [FXGL Background Thread 3 ] DEBUG Engine               - soundMenuPress: menu/press.wav
01:49:20.207 [FXGL Background Thread 3 ] DEBUG Engine               - soundMenuSelect: menu/select.wav
01:49:20.207 [FXGL Background Thread 3 ] DEBUG Engine               - soundNotification: core/notification.wav
01:49:20.207 [FXGL Background Thread 3 ] DEBUG Engine               - stageStyle: DECORATED
01:49:20.207 [FXGL Background Thread 3 ] DEBUG Engine               - supportedLanguages: [ENGLISH, FRENCH, GERMAN, HUNGARIAN, RUSSIAN]
01:49:20.207 [FXGL Background Thread 3 ] DEBUG Engine               - ticksPerSecond: -1
01:49:20.207 [FXGL Background Thread 3 ] DEBUG Engine               - title: Among Us UNEG
01:49:20.208 [FXGL Background Thread 3 ] DEBUG Engine               - urlGithub: https://github.com/AlmasB/FXGL
01:49:20.208 [FXGL Background Thread 3 ] DEBUG Engine               - urlLeaderboard: http://fxgl-top.herokuapp.com/
01:49:20.208 [FXGL Background Thread 3 ] DEBUG Engine               - urlPOM: https://raw.githubusercontent.com/AlmasB/FXGL/release/README.md
01:49:20.208 [FXGL Background Thread 3 ] DEBUG Engine               - userAppClass: class main.java.amongUs.AppPrincipal
01:49:20.208 [FXGL Background Thread 3 ] DEBUG Engine               - version: 0.0
01:49:20.208 [FXGL Background Thread 3 ] DEBUG Engine               - versionCheckDays: 7
01:49:20.209 [FXGL Background Thread 3 ] DEBUG Engine               - width: 800
01:49:20.209 [FXGL Background Thread 3 ] DEBUG Engine               - Logging services
01:49:20.209 [FXGL Background Thread 3 ] DEBUG Engine               - class com.almasb.fxgl.app.services.FXGLAssetLoaderService
01:49:20.209 [FXGL Background Thread 3 ] DEBUG Engine               - class com.almasb.fxgl.app.FXGLApplication$GameApplicationService
01:49:20.209 [FXGL Background Thread 3 ] DEBUG Engine               - class com.almasb.fxgl.app.services.FXGLDialogService
01:49:20.209 [FXGL Background Thread 3 ] DEBUG Engine               - class com.almasb.fxgl.app.services.IOTaskExecutorService
01:49:20.209 [FXGL Background Thread 3 ] DEBUG Engine               - class com.almasb.fxgl.io.FileSystemService
01:49:20.209 [FXGL Background Thread 3 ] DEBUG Engine               - class com.almasb.fxgl.localization.LocalizationService
01:49:20.209 [FXGL Background Thread 3 ] DEBUG Engine               - class com.almasb.fxgl.app.services.SystemBundleService
01:49:20.209 [FXGL Background Thread 3 ] DEBUG Engine               - class com.almasb.fxgl.profile.SaveLoadService
01:49:20.209 [FXGL Background Thread 3 ] DEBUG Engine               - class com.almasb.fxgl.ui.FXGLUIFactoryServiceProvider
01:49:20.209 [FXGL Background Thread 3 ] DEBUG Engine               - class com.almasb.fxgl.ui.FXGLDialogFactoryServiceProvider
01:49:20.209 [FXGL Background Thread 3 ] DEBUG Engine               - class com.almasb.fxgl.audio.AudioPlayer
01:49:20.209 [FXGL Background Thread 3 ] DEBUG Engine               - class com.almasb.fxgl.notification.impl.NotificationServiceProvider
01:49:20.209 [FXGL Background Thread 3 ] DEBUG Engine               - class com.almasb.fxgl.achievement.AchievementService
01:49:20.209 [FXGL Background Thread 3 ] DEBUG Engine               - class com.almasb.fxgl.cutscene.CutsceneService
01:49:20.209 [FXGL Background Thread 3 ] DEBUG Engine               - class com.almasb.fxgl.minigames.MiniGameService
01:49:20.209 [FXGL Background Thread 3 ] DEBUG Engine               - class com.almasb.fxgl.net.NetService
01:49:20.209 [FXGL Background Thread 3 ] DEBUG Engine               - class com.almasb.fxgl.app.services.UpdaterService
01:49:20.210 [FXGL Background Thread 3 ] DEBUG Engine               - class com.almasb.fxgl.dev.DevService
01:49:20.901 [JavaFX Application Thread] DEBUG FXGLAssetLoaderServi - Loading from file system: file:/C:/Users/josue/OneDrive/Desktop/proyecto%20java/Among%20Us/out/production/Among%20Us/assets/sounds/clickBoton.wav
01:49:25.671 [JavaFX Application Thread] DEBUG FXGLAssetLoaderServi - Loading from file system: file:/C:/Users/josue/OneDrive/Desktop/proyecto%20java/Among%20Us/out/production/Among%20Us/assets/textures/tripulante_negro.png
01:49:26.540 [JavaFX Application Thread] WARN  TMXLevelLoader       - TiledMap generated from 1.11.2. Supported version: 1.9.0. Some features may not be parsed fully.
01:49:26.605 [JavaFX Application Thread] DEBUG TMXLevelLoader       - Parsed TiledMap: file:/C:/Users/josue/OneDrive/Desktop/proyecto%20java/Among%20Us/out/production/Among%20Us/assets/levels/mapa2.tmx
01:49:26.607 [JavaFX Application Thread] DEBUG TMXLevelLoader       - Creating tile layer entities
01:49:26.610 [JavaFX Application Thread] DEBUG TilesetLoader        - Loading view for layer fondo1
01:49:26.653 [JavaFX Application Thread] DEBUG TilesetLoader        - Created buffer with size 992.0x960.0
01:49:26.685 [JavaFX Application Thread] DEBUG TilesetLoader        - Loading view for layer fondo
01:49:26.685 [JavaFX Application Thread] DEBUG TilesetLoader        - Created buffer with size 992.0x960.0
01:49:26.693 [JavaFX Application Thread] DEBUG TilesetLoader        - Loading view for layer piso
01:49:26.694 [JavaFX Application Thread] DEBUG TilesetLoader        - Created buffer with size 992.0x960.0
01:49:26.701 [JavaFX Application Thread] DEBUG TilesetLoader        - Loading view for layer piso1
01:49:26.701 [JavaFX Application Thread] DEBUG TilesetLoader        - Created buffer with size 992.0x960.0
01:49:26.714 [JavaFX Application Thread] DEBUG TilesetLoader        - Loading view for layer izquierda
01:49:26.715 [JavaFX Application Thread] DEBUG TilesetLoader        - Created buffer with size 992.0x960.0
01:49:26.727 [JavaFX Application Thread] DEBUG TilesetLoader        - Loading view for layer detallesatraspared
01:49:26.729 [JavaFX Application Thread] DEBUG TilesetLoader        - Created buffer with size 992.0x960.0
01:49:26.789 [JavaFX Application Thread] DEBUG TilesetLoader        - Loading view for layer pared2
01:49:26.794 [JavaFX Application Thread] DEBUG TilesetLoader        - Created buffer with size 992.0x960.0
01:49:26.813 [JavaFX Application Thread] DEBUG TilesetLoader        - Loading view for layer techo1
01:49:26.814 [JavaFX Application Thread] DEBUG TilesetLoader        - Created buffer with size 992.0x960.0
01:49:26.834 [JavaFX Application Thread] DEBUG TilesetLoader        - Loading view for layer techo2
01:49:26.835 [JavaFX Application Thread] DEBUG TilesetLoader        - Created buffer with size 992.0x960.0
01:49:26.841 [JavaFX Application Thread] DEBUG TilesetLoader        - Loading view for layer puertita
01:49:26.841 [JavaFX Application Thread] DEBUG TilesetLoader        - Created buffer with size 992.0x960.0
01:49:26.843 [JavaFX Application Thread] DEBUG TilesetLoader        - Loading view for layer puerta
01:49:26.844 [JavaFX Application Thread] DEBUG TilesetLoader        - Created buffer with size 992.0x960.0
01:49:26.846 [JavaFX Application Thread] DEBUG TilesetLoader        - Loading view for layer detalles
01:49:26.846 [JavaFX Application Thread] DEBUG TilesetLoader        - Created buffer with size 992.0x960.0
01:49:26.870 [JavaFX Application Thread] DEBUG TilesetLoader        - Loading view for layer detalles 2
01:49:26.870 [JavaFX Application Thread] DEBUG TilesetLoader        - Created buffer with size 992.0x960.0
01:49:26.890 [JavaFX Application Thread] DEBUG TilesetLoader        - Loading view for layer detalles3
01:49:26.891 [JavaFX Application Thread] DEBUG TilesetLoader        - Created buffer with size 992.0x960.0
01:49:26.923 [JavaFX Application Thread] DEBUG TilesetLoader        - Loading view for layer grieta
01:49:26.924 [JavaFX Application Thread] DEBUG TilesetLoader        - Created buffer with size 992.0x960.0
01:49:26.925 [JavaFX Application Thread] DEBUG TilesetLoader        - Loading view for layer camaras
01:49:26.926 [JavaFX Application Thread] DEBUG TilesetLoader        - Created buffer with size 992.0x960.0
01:49:26.930 [JavaFX Application Thread] DEBUG TilesetLoader        - Loading view for layer Techo
01:49:26.931 [JavaFX Application Thread] DEBUG TilesetLoader        - Created buffer with size 992.0x960.0
01:49:26.934 [JavaFX Application Thread] DEBUG TMXLevelLoader       - Creating object layer entities
01:49:27.027 [JavaFX Application Thread] DEBUG GameWorld            - Clearing removable entities
01:49:27.028 [JavaFX Application Thread] DEBUG GameWorld            - Setting level: com.almasb.fxgl.entity.level.Level@4ce3b560
01:49:27.069 [JavaFX Application Thread] DEBUG FXGLAssetLoaderServi - Loading from file system: file:/C:/Users/josue/OneDrive/Desktop/proyecto%20java/Among%20Us/out/production/Among%20Us/assets/textures/fantasma.png
01:49:27.071 [JavaFX Application Thread] DEBUG FXGLAssetLoaderServi - Loading from file system: file:/C:/Users/josue/OneDrive/Desktop/proyecto%20java/Among%20Us/out/production/Among%20Us/assets/textures/negro_muerto.png
01:49:27.074 [JavaFX Application Thread] DEBUG FXGLAssetLoaderServi - Loading from file system: file:/C:/Users/josue/OneDrive/Desktop/proyecto%20java/Among%20Us/out/production/Among%20Us/assets/textures/animacion_negro.png
01:49:27.076 [JavaFX Application Thread] DEBUG FXGLAssetLoaderServi - Loading from file system: file:/C:/Users/josue/OneDrive/Desktop/proyecto%20java/Among%20Us/out/production/Among%20Us/assets/textures/alcantarilla_negro.png
01:49:27.077 [JavaFX Application Thread] DEBUG FXGLAssetLoaderServi - Loading from file system: file:/C:/Users/josue/OneDrive/Desktop/proyecto%20java/Among%20Us/out/production/Among%20Us/assets/textures/alcantarilla_negroE.png
01:49:27.088 [JavaFX Application Thread] DEBUG FXGLAssetLoaderServi - Loading from file system: file:/C:/Users/josue/OneDrive/Desktop/proyecto%20java/Among%20Us/out/production/Among%20Us/assets/textures/accionNegada.png
01:49:27.094 [JavaFX Application Thread] DEBUG FXGLAssetLoaderServi - Loading from file system: file:/C:/Users/josue/OneDrive/Desktop/proyecto%20java/Among%20Us/out/production/Among%20Us/assets/textures/matarNegado.png
01:49:27.103 [JavaFX Application Thread] DEBUG FXGLAssetLoaderServi - Loading from file system: file:/C:/Users/josue/OneDrive/Desktop/proyecto%20java/Among%20Us/out/production/Among%20Us/assets/textures/pantalla_impostor.png
01:49:38.985 [JavaFX Application Thread] DEBUG FXGLAssetLoaderServi - Loading from file system: file:/C:/Users/josue/OneDrive/Desktop/proyecto%20java/Among%20Us/out/production/Among%20Us/assets/textures/accion.png
01:49:43.249 [JavaFX Application Thread] DEBUG PrimaryStageWindow   - Push state: FXGLDefaultMenu
01:49:43.253 [JavaFX Application Thread] DEBUG Input                - Clearing active input actions
01:49:43.256 [JavaFX Application Thread] DEBUG GameApplicationServi - Removing overlay from GameScene and adding to FXGLDefaultMenu
01:49:43.257 [JavaFX Application Thread] DEBUG PrimaryStageWindow   - GameScene -> FXGLDefaultMenu
01:49:45.120 [JavaFX Application Thread] DEBUG Menu                 - fireExit()
01:49:45.124 [JavaFX Application Thread] DEBUG PrimaryStageWindow   - Push state: DialogSubScene
01:49:45.124 [JavaFX Application Thread] DEBUG Input                - Clearing active input actions
01:49:45.125 [JavaFX Application Thread] DEBUG GameApplicationServi - Removing overlay from FXGLDefaultMenu and adding to DialogSubScene
01:49:45.125 [JavaFX Application Thread] DEBUG PrimaryStageWindow   - FXGLDefaultMenu -> DialogSubScene
01:49:45.985 [JavaFX Application Thread] DEBUG PrimaryStageWindow   - Pop state: DialogSubScene
01:49:45.985 [JavaFX Application Thread] DEBUG Input                - Clearing active input actions
01:49:45.986 [JavaFX Application Thread] DEBUG GameApplicationServi - Removing overlay from DialogSubScene and adding to FXGLDefaultMenu
01:49:45.986 [JavaFX Application Thread] DEBUG PrimaryStageWindow   - FXGLDefaultMenu <- DialogSubScene
01:49:45.986 [JavaFX Application Thread] DEBUG FXGLApplication      - Exiting FXGL
01:49:45.986 [JavaFX Application Thread] DEBUG LoopRunner           - Stopping loop
01:49:45.986 [JavaFX Application Thread] DEBUG SystemBundleService  - Saving FXGL system data
01:49:45.991 [JavaFX Application Thread] DEBUG FileSystemAccess     - Writing to: C:\Users\josue\OneDrive\Desktop\proyecto java\Among Us\system\fxgl.bundle
01:49:45.994 [JavaFX Application Thread] DEBUG Async                - Shutting down background threads
01:49:45.994 [JavaFX Application Thread] DEBUG PrimaryStageWindow   - Closing main window
01:49:46.026 [JavaFX Application Thread] DEBUG Logger               - Closing Logger
