00:42:04.990 [main                     ] DEBUG Logger               - Configured Logger
00:42:04.999 [main                     ] DEBUG GameApplication      - Logging settings
Title: Among Us UNEG
Version: 0.0
Width: 800
Height: 600
Fullscreen: false
Intro: false
Profiling: false
Single step:false
App Mode: DEVELOPER
Menu Key: ESCAPE
Stage Style: DECORATED
Scene Factory: class com.almasb.fxgl.app.scene.SceneFactory

00:42:05.541 [JavaFX Application Thread] DEBUG FXGLApplication      - Initializing FXGL
00:42:05.544 [JavaFX Application Thread] INFO  Engine               - FXGL-21.1 (26.03.2024 17.33) on WINDOWS (J:25.0.2 FX:21.0.1)
00:42:05.546 [JavaFX Application Thread] DEBUG Engine               - JRE Vendor Name: Oracle Corporation
00:42:05.546 [JavaFX Application Thread] DEBUG Engine               - Running on OS: Windows 11 version 10.0
00:42:05.546 [JavaFX Application Thread] DEBUG Engine               - Architecture: amd64
00:42:05.546 [JavaFX Application Thread] INFO  Engine               - Source code and latest versions at: https://github.com/AlmasB/FXGL
00:42:05.546 [JavaFX Application Thread] INFO  Engine               -       Ask questions and discuss at: https://github.com/AlmasB/FXGL/discussions
00:42:05.546 [JavaFX Application Thread] INFO  Engine               -              Join the FXGL chat at: https://gitter.im/AlmasB/FXGL
00:42:05.653 [JavaFX Application Thread] DEBUG PrimaryStageWindow   - Creating a JavaFX scene
00:42:05.705 [JavaFX Application Thread] DEBUG PrimaryStageWindow   - Target settings size: 800.0 x 600.0
00:42:05.705 [JavaFX Application Thread] DEBUG PrimaryStageWindow   - Scaled scene size:    800.0 x 600.0
00:42:05.705 [JavaFX Application Thread] DEBUG PrimaryStageWindow   - Scaled ratio: (1.0, 1.0)
00:42:05.707 [JavaFX Application Thread] DEBUG PrimaryStageWindow   - Set initial scene to FXGLStartupScene
00:42:05.712 [JavaFX Application Thread] DEBUG PrimaryStageWindow   - Opening main window
00:42:05.811 [JavaFX Application Thread] DEBUG PrimaryStageWindow   - Window border size: (16.0, 39.0)
00:42:05.811 [JavaFX Application Thread] DEBUG PrimaryStageWindow   - Scaled size: 800.0 x 600.0
00:42:05.811 [JavaFX Application Thread] DEBUG PrimaryStageWindow   - Scaled ratio: (1.0, 1.0)
00:42:05.811 [JavaFX Application Thread] DEBUG PrimaryStageWindow   - Scene size: 800.0 x 600.0
00:42:05.811 [JavaFX Application Thread] DEBUG PrimaryStageWindow   - Stage size: 816.0 x 639.0
00:42:05.821 [FXGL Background Thread 1 ] DEBUG Engine               - Initializing environment variables
00:42:05.883 [FXGL Background Thread 1 ] DEBUG FXGLAssetLoaderServi - User app class for loading assets: class main.java.amongUs.AppPrincipal
00:42:05.883 [FXGL Background Thread 1 ] DEBUG GameApplicationServi - Applying CSS: fxgl_dark.css
00:42:05.884 [FXGL Background Thread 1 ] DEBUG FXGLAssetLoaderServi - Loading from file system: jar:file:/C:/Users/Angel%20Aguilera/Desktop/amongus/Among-us/lib/fxgl-21.1-uber.jar!/fxglassets/ui/css/fxgl_dark.css
00:42:05.932 [FXGL Background Thread 1 ] DEBUG GameApplicationServi - Initializing application scenes
00:42:05.965 [FXGL Background Thread 1 ] DEBUG GameWorld            - Game world initialized
00:42:06.022 [FXGL Background Thread 1 ] DEBUG PhysicsWorld         - Physics world initialized: appHeight=600, physics.ppm=50,0
00:42:06.022 [FXGL Background Thread 1 ] DEBUG PhysicsWorld         - Using strategy: BRUTE_FORCE
00:42:06.025 [FXGL Background Thread 1 ] DEBUG GameScene            - Game scene initialized: 800x600
00:42:06.037 [FXGL Background Thread 1 ] DEBUG FXGL.DefaultMenu     - createMenuBodyGameMenu()
00:42:06.053 [FXGL Background Thread 1 ] DEBUG FXGL.DefaultMenu     - createOptionsMenu()
00:42:06.065 [FXGL Background Thread 1 ] DEBUG FXGLAssetLoaderServi - Loading from file system: jar:file:/C:/Users/Angel%20Aguilera/Desktop/amongus/Among-us/lib/fxgl-21.1-uber.jar!/fxglassets/textures/particles/smoke.png
00:42:06.182 [FXGL Background Thread 1 ] DEBUG FXGLAssetLoaderServi - Loading from file system: jar:file:/C:/Users/Angel%20Aguilera/Desktop/amongus/Among-us/lib/fxgl-21.1-uber.jar!/fxglassets/textures/particles/trace_horizontal.png
00:42:06.220 [FXGL Background Thread 1 ] DEBUG GameApplicationServi - Application scenes initialized
00:42:06.241 [FXGL Background Thread 1 ] DEBUG SystemBundleService  - Loading FXGL system data
00:42:06.245 [FXGL Background Thread 1 ] DEBUG FileSystemAccess     - Reading from: C:\Users\Angel Aguilera\Desktop\amongus\Among-us\system\fxgl.bundle
00:42:06.252 [FXGL Background Thread 1 ] DEBUG SystemBundleService  - Bundle FXGL: {}
00:42:06.252 [FXGL Background Thread 1 ] DEBUG UpdaterService       - Checking for updates
00:42:06.257 [FXGL Background Thread 4 ] DEBUG FXGLApplication      - Loading fonts
00:42:06.258 [FXGL Background Thread 4 ] DEBUG FXGLAssetLoaderServi - Loading from file system: jar:file:/C:/Users/Angel%20Aguilera/Desktop/amongus/Among-us/lib/fxgl-21.1-uber.jar!/fxglassets/ui/fonts/VarelaRound-Regular.ttf
00:42:06.258 [FXGL Background Thread 1 ] DEBUG FXGLApplication      - Loading default localization
00:42:06.259 [FXGL Background Thread 1 ] DEBUG FXGLAssetLoaderServi - Loading from file system: jar:file:/C:/Users/Angel%20Aguilera/Desktop/amongus/Among-us/lib/fxgl-21.1-uber.jar!/fxglassets/languages/english.lang
00:42:06.276 [FXGL Background Thread 1 ] INFO  FXGLApplication      - FXGL initialization took: 0,455 sec
00:42:06.287 [JavaFX Application Thread] DEBUG Input                - Registered new binding: Mover Arriba - W
00:42:06.288 [JavaFX Application Thread] DEBUG Input                - Registered new binding: Mover Abajo - S
00:42:06.288 [JavaFX Application Thread] DEBUG Input                - Registered new binding: Mover Izquierda - A
00:42:06.288 [JavaFX Application Thread] DEBUG Input                - Registered new binding: Mover Derecha - D
00:42:06.289 [JavaFX Application Thread] DEBUG Input                - Registered new binding: Abrir Camaras - C
00:42:06.289 [JavaFX Application Thread] DEBUG Input                - Registered new binding: Usar Alcantarilla - Space
00:42:06.289 [JavaFX Application Thread] DEBUG Input                - Registered new binding: Vent Izquierda - Left
00:42:06.289 [JavaFX Application Thread] DEBUG Input                - Registered new binding: Vent Derecha - Right
00:42:06.289 [JavaFX Application Thread] DEBUG Input                - Registered new binding: Vent Arriba - Up
00:42:06.289 [JavaFX Application Thread] DEBUG Input                - Registered new binding: Vent Abajo - Down
00:42:06.289 [JavaFX Application Thread] DEBUG Input                - Registered new binding: Matar Jugador - Q
00:42:06.289 [JavaFX Application Thread] DEBUG Input                - Registered new binding: Reportar Cadaver - R
00:42:06.290 [JavaFX Application Thread] DEBUG FXGLAssetLoaderServi - Loading from file system: file:/C:/Users/Angel%20Aguilera/Desktop/amongus/Among-us/out/production/Among%20Us/assets/textures/icono.png
00:42:06.304 [FXGL Background Thread 4 ] DEBUG FXGLAssetLoaderServi - Loading from file system: jar:file:/C:/Users/Angel%20Aguilera/Desktop/amongus/Among-us/lib/fxgl-21.1-uber.jar!/fxglassets/ui/fonts/Abel-Regular.ttf
00:42:06.318 [FXGL Background Thread 4 ] DEBUG FXGLAssetLoaderServi - Loading from file system: jar:file:/C:/Users/Angel%20Aguilera/Desktop/amongus/Among-us/lib/fxgl-21.1-uber.jar!/fxglassets/ui/fonts/TerminalLandMono-Regular.otf
00:42:06.325 [JavaFX Application Thread] DEBUG FXGLAssetLoaderServi - Loading from file system: jar:file:/C:/Users/Angel%20Aguilera/Desktop/amongus/Among-us/lib/fxgl-21.1-uber.jar!/fxglassets/textures/fxgl_default_cursor.png
00:42:06.327 [JavaFX Application Thread] DEBUG Input                - Registered new binding: Screenshot - CTRL+8
00:42:06.328 [JavaFX Application Thread] DEBUG Input                - Registered new binding: System info dump - CTRL+9
00:42:06.329 [JavaFX Application Thread] DEBUG Input                - Registered new binding: Restart - CTRL+R
00:42:06.330 [JavaFX Application Thread] DEBUG Input                - Registered new binding: Toggle Debug Camera - CTRL+7
00:42:06.334 [JavaFX Application Thread] DEBUG LoopRunner           - Starting loop
00:42:06.334 [JavaFX Application Thread] DEBUG LoopRunner           - Initializing JavaFX AnimationTimerLoop
00:42:06.334 [FXGL Background Thread 4 ] DEBUG FXGLAssetLoaderServi - Loading from file system: jar:file:/C:/Users/Angel%20Aguilera/Desktop/amongus/Among-us/lib/fxgl-21.1-uber.jar!/fxglassets/ui/fonts/Courier-Prime.ttf
00:42:06.335 [JavaFX Application Thread] DEBUG GameApplicationServi - Starting new game
00:42:06.336 [JavaFX Application Thread] DEBUG Input                - Clearing active input actions
00:42:06.349 [JavaFX Application Thread] DEBUG GameApplicationServi - Removing overlay from FXGLStartupScene and adding to FXGLLoadingScene
00:42:06.349 [JavaFX Application Thread] DEBUG PrimaryStageWindow   - FXGLStartupScene -> FXGLLoadingScene
00:42:06.349 [JavaFX Application Thread] DEBUG GameApplicationServi - Clearing previous game
00:42:06.350 [JavaFX Application Thread] DEBUG GameScene            - Clearing game scene
00:42:06.350 [JavaFX Application Thread] DEBUG GameWorld            - Clearing game world
00:42:06.350 [JavaFX Application Thread] DEBUG PhysicsWorld         - Clearing physics world
00:42:06.352 [FXGL Background Thread 4 ] DEBUG FXGLApplication      - Initializing game
00:42:06.361 [FXGL Background Thread 4 ] DEBUG FXGLAssetLoaderServi - Loading from file system: file:/C:/Users/Angel%20Aguilera/Desktop/amongus/Among-us/out/production/Among%20Us/assets/music/musicaMenu.mp3
00:42:06.415 [JavaFX Application Thread] DEBUG FXGLApplication      - Registering font factories with UI factory
00:42:06.548 [FXGL Background Thread 4 ] DEBUG AudioPlayer          - Playing music com.almasb.fxgl.audio.Music@43487563
00:42:06.846 [FXGL Background Thread 2 ] INFO  UpdaterService       - Your current version:  21.1
00:42:06.846 [FXGL Background Thread 2 ] INFO  UpdaterService       - Latest stable version: 25
00:42:06.984 [FXGL Background Thread 4 ] INFO  FXGLApplication      - Game initialization took: 0,633 sec
00:42:06.985 [JavaFX Application Thread] DEBUG Input                - Clearing active input actions
00:42:06.995 [JavaFX Application Thread] DEBUG GameApplicationServi - Removing overlay from FXGLLoadingScene and adding to GameScene
00:42:06.996 [JavaFX Application Thread] DEBUG PrimaryStageWindow   - FXGLLoadingScene -> GameScene
00:42:09.257 [FXGL Background Thread 3 ] DEBUG Engine               - Logging environment variables
00:42:09.257 [FXGL Background Thread 3 ] DEBUG Engine               - achievements: []
00:42:09.257 [FXGL Background Thread 3 ] DEBUG Engine               - actualHeight: 600.0
00:42:09.257 [FXGL Background Thread 3 ] DEBUG Engine               - actualHeightProperty: ReadOnlyDoubleProperty [value: 600.0]
00:42:09.257 [FXGL Background Thread 3 ] DEBUG Engine               - actualWidth: 800.0
00:42:09.257 [FXGL Background Thread 3 ] DEBUG Engine               - actualWidthProperty: ReadOnlyDoubleProperty [value: 800.0]
00:42:09.257 [FXGL Background Thread 3 ] DEBUG Engine               - appIcon: icono.png
00:42:09.257 [FXGL Background Thread 3 ] DEBUG Engine               - applicationMode: DEVELOPER
00:42:09.257 [FXGL Background Thread 3 ] DEBUG Engine               - cSSList: [fxgl_dark.css]
00:42:09.257 [FXGL Background Thread 3 ] DEBUG Engine               - collisionDetectionStrategy: BRUTE_FORCE
00:42:09.258 [FXGL Background Thread 3 ] DEBUG Engine               - configClass: Optional.empty
00:42:09.258 [FXGL Background Thread 3 ] DEBUG Engine               - credits: []
00:42:09.258 [FXGL Background Thread 3 ] DEBUG Engine               - defaultCursor: CursorInfo(imageName=fxgl_default_cursor.png, hotspotX=7.0, hotspotY=6.0)
00:42:09.258 [FXGL Background Thread 3 ] DEBUG Engine               - devBBoxColorProperty: ObjectProperty [value: 0xff0000ff]
00:42:09.258 [FXGL Background Thread 3 ] DEBUG Engine               - devEnableDebugCameraProperty: BooleanProperty [value: false]
00:42:09.258 [FXGL Background Thread 3 ] DEBUG Engine               - devSensorColorProperty: ObjectProperty [value: 0xffff00ff]
00:42:09.258 [FXGL Background Thread 3 ] DEBUG Engine               - devShowBBoxProperty: BooleanProperty [value: false]
00:42:09.258 [FXGL Background Thread 3 ] DEBUG Engine               - devShowPositionProperty: BooleanProperty [value: false]
00:42:09.258 [FXGL Background Thread 3 ] DEBUG Engine               - enabledMenuItems: []
00:42:09.258 [FXGL Background Thread 3 ] DEBUG Engine               - engineServices: [class com.almasb.fxgl.app.services.FXGLAssetLoaderService, class com.almasb.fxgl.app.FXGLApplication$GameApplicationService, class com.almasb.fxgl.app.services.FXGLDialogService, class com.almasb.fxgl.app.services.IOTaskExecutorService, class com.almasb.fxgl.io.FileSystemService, class com.almasb.fxgl.localization.LocalizationService, class com.almasb.fxgl.app.services.SystemBundleService, class com.almasb.fxgl.profile.SaveLoadService, class com.almasb.fxgl.ui.FXGLUIFactoryServiceProvider, class com.almasb.fxgl.ui.FXGLDialogFactoryServiceProvider, class com.almasb.fxgl.audio.AudioPlayer, class com.almasb.fxgl.notification.impl.NotificationServiceProvider, class com.almasb.fxgl.achievement.AchievementService, class com.almasb.fxgl.cutscene.CutsceneService, class com.almasb.fxgl.minigames.MiniGameService, class com.almasb.fxgl.net.NetService, class com.almasb.fxgl.app.services.UpdaterService, class com.almasb.fxgl.dev.DevService]
00:42:09.258 [FXGL Background Thread 3 ] DEBUG Engine               - fontGame: Abel-Regular.ttf
00:42:09.258 [FXGL Background Thread 3 ] DEBUG Engine               - fontMono: TerminalLandMono-Regular.otf
00:42:09.258 [FXGL Background Thread 3 ] DEBUG Engine               - fontSizeScaleUI: 1.0
00:42:09.258 [FXGL Background Thread 3 ] DEBUG Engine               - fontText: Courier-Prime.ttf
00:42:09.258 [FXGL Background Thread 3 ] DEBUG Engine               - fontUI: VarelaRound-Regular.ttf
00:42:09.258 [FXGL Background Thread 3 ] DEBUG Engine               - fullScreen: BooleanProperty [value: false]
00:42:09.258 [FXGL Background Thread 3 ] DEBUG Engine               - gameDifficulty: MEDIUM
00:42:09.258 [FXGL Background Thread 3 ] DEBUG Engine               - gameDifficultyProperty: ObjectProperty [value: MEDIUM]
00:42:09.259 [FXGL Background Thread 3 ] DEBUG Engine               - globalMusicVolume: 0.5
00:42:09.259 [FXGL Background Thread 3 ] DEBUG Engine               - globalMusicVolumeProperty: DoubleProperty [value: 0.4]
00:42:09.259 [FXGL Background Thread 3 ] DEBUG Engine               - globalSoundVolume: 0.5
00:42:09.259 [FXGL Background Thread 3 ] DEBUG Engine               - globalSoundVolumeProperty: DoubleProperty [value: 0.5]
00:42:09.259 [FXGL Background Thread 3 ] DEBUG Engine               - height: 600
00:42:09.259 [FXGL Background Thread 3 ] DEBUG Engine               - is3D: false
00:42:09.259 [FXGL Background Thread 3 ] DEBUG Engine               - isAndroid: false
00:42:09.259 [FXGL Background Thread 3 ] DEBUG Engine               - isBrowser: false
00:42:09.259 [FXGL Background Thread 3 ] DEBUG Engine               - isClickFeedbackEnabled: false
00:42:09.259 [FXGL Background Thread 3 ] DEBUG Engine               - isCloseConfirmation: false
00:42:09.259 [FXGL Background Thread 3 ] DEBUG Engine               - isDesktop: true
00:42:09.259 [FXGL Background Thread 3 ] DEBUG Engine               - isDeveloperMenuEnabled: false
00:42:09.259 [FXGL Background Thread 3 ] DEBUG Engine               - isEmbedded: false
00:42:09.259 [FXGL Background Thread 3 ] DEBUG Engine               - isEntityPreloadEnabled: true
00:42:09.259 [FXGL Background Thread 3 ] DEBUG Engine               - isExperimentalTiledLargeMap: false
00:42:09.259 [FXGL Background Thread 3 ] DEBUG Engine               - isFileSystemWriteAllowed: true
00:42:09.259 [FXGL Background Thread 3 ] DEBUG Engine               - isFullScreenAllowed: false
00:42:09.259 [FXGL Background Thread 3 ] DEBUG Engine               - isFullScreenFromStart: false
00:42:09.259 [FXGL Background Thread 3 ] DEBUG Engine               - isGameMenuEnabled: true
00:42:09.259 [FXGL Background Thread 3 ] DEBUG Engine               - isIOS: false
00:42:09.259 [FXGL Background Thread 3 ] DEBUG Engine               - isIntroEnabled: false
00:42:09.259 [FXGL Background Thread 3 ] DEBUG Engine               - isLinux: false
00:42:09.259 [FXGL Background Thread 3 ] DEBUG Engine               - isMac: false
00:42:09.259 [FXGL Background Thread 3 ] DEBUG Engine               - isMainMenuEnabled: false
00:42:09.260 [FXGL Background Thread 3 ] DEBUG Engine               - isManualResizeEnabled: false
00:42:09.260 [FXGL Background Thread 3 ] DEBUG Engine               - isMobile: false
00:42:09.260 [FXGL Background Thread 3 ] DEBUG Engine               - isNative: false
00:42:09.260 [FXGL Background Thread 3 ] DEBUG Engine               - isPauseMusicWhenMinimized: true
00:42:09.260 [FXGL Background Thread 3 ] DEBUG Engine               - isPreserveResizeRatio: false
00:42:09.260 [FXGL Background Thread 3 ] DEBUG Engine               - isProfilingEnabled: false
00:42:09.260 [FXGL Background Thread 3 ] DEBUG Engine               - isScaleAffectedOnResize: true
00:42:09.260 [FXGL Background Thread 3 ] DEBUG Engine               - isSingleStep: false
00:42:09.260 [FXGL Background Thread 3 ] DEBUG Engine               - isUserProfileEnabled: false
00:42:09.260 [FXGL Background Thread 3 ] DEBUG Engine               - isWindows: true
00:42:09.260 [FXGL Background Thread 3 ] DEBUG Engine               - language: ObjectProperty [value: ENGLISH]
00:42:09.260 [FXGL Background Thread 3 ] DEBUG Engine               - menuKey: ESCAPE
00:42:09.260 [FXGL Background Thread 3 ] DEBUG Engine               - mouseSensitivity: 0.2
00:42:09.260 [FXGL Background Thread 3 ] DEBUG Engine               - notificationViewClass: class com.almasb.fxgl.notification.view.XboxNotificationView
00:42:09.260 [FXGL Background Thread 3 ] DEBUG Engine               - pixelsPerMeter: 50.0
00:42:09.260 [FXGL Background Thread 3 ] DEBUG Engine               - platform: WINDOWS
00:42:09.260 [FXGL Background Thread 3 ] DEBUG Engine               - prefHeightProperty: ReadOnlyDoubleProperty [value: 600.0]
00:42:09.260 [FXGL Background Thread 3 ] DEBUG Engine               - prefWidthProperty: ReadOnlyDoubleProperty [value: 800.0]
00:42:09.260 [FXGL Background Thread 3 ] DEBUG Engine               - profileDir: profiles/
00:42:09.260 [FXGL Background Thread 3 ] DEBUG Engine               - profileName: StringProperty [value: DEFAULT]
00:42:09.260 [FXGL Background Thread 3 ] DEBUG Engine               - randomSeed: -1
00:42:09.261 [FXGL Background Thread 3 ] DEBUG Engine               - runtimeInfo: RuntimeInfo(platform=WINDOWS, version=21.1, build=26.03.2024 17.33)
00:42:09.261 [FXGL Background Thread 3 ] DEBUG Engine               - saveFileExt: sav
00:42:09.261 [FXGL Background Thread 3 ] DEBUG Engine               - scaledHeightProp$fxgl: DoubleProperty [bound, value: 600.0]
00:42:09.261 [FXGL Background Thread 3 ] DEBUG Engine               - scaledWidthProp$fxgl: DoubleProperty [bound, value: 800.0]
00:42:09.261 [FXGL Background Thread 3 ] DEBUG Engine               - sceneFactory: com.almasb.fxgl.app.scene.SceneFactory@2137b336
00:42:09.261 [FXGL Background Thread 3 ] DEBUG Engine               - secondsIn24h: 60
00:42:09.261 [FXGL Background Thread 3 ] DEBUG Engine               - soundMenuBack: menu/back.wav
00:42:09.261 [FXGL Background Thread 3 ] DEBUG Engine               - soundMenuPress: menu/press.wav
00:42:09.261 [FXGL Background Thread 3 ] DEBUG Engine               - soundMenuSelect: menu/select.wav
00:42:09.261 [FXGL Background Thread 3 ] DEBUG Engine               - soundNotification: core/notification.wav
00:42:09.261 [FXGL Background Thread 3 ] DEBUG Engine               - stageStyle: DECORATED
00:42:09.261 [FXGL Background Thread 3 ] DEBUG Engine               - supportedLanguages: [ENGLISH, FRENCH, GERMAN, HUNGARIAN, RUSSIAN]
00:42:09.261 [FXGL Background Thread 3 ] DEBUG Engine               - ticksPerSecond: -1
00:42:09.261 [FXGL Background Thread 3 ] DEBUG Engine               - title: Among Us UNEG
00:42:09.261 [FXGL Background Thread 3 ] DEBUG Engine               - urlGithub: https://github.com/AlmasB/FXGL
00:42:09.261 [FXGL Background Thread 3 ] DEBUG Engine               - urlLeaderboard: http://fxgl-top.herokuapp.com/
00:42:09.261 [FXGL Background Thread 3 ] DEBUG Engine               - urlPOM: https://raw.githubusercontent.com/AlmasB/FXGL/release/README.md
00:42:09.261 [FXGL Background Thread 3 ] DEBUG Engine               - userAppClass: class main.java.amongUs.AppPrincipal
00:42:09.261 [FXGL Background Thread 3 ] DEBUG Engine               - version: 0.0
00:42:09.261 [FXGL Background Thread 3 ] DEBUG Engine               - versionCheckDays: 7
00:42:09.261 [FXGL Background Thread 3 ] DEBUG Engine               - width: 800
00:42:09.261 [FXGL Background Thread 3 ] DEBUG Engine               - Logging services
00:42:09.261 [FXGL Background Thread 3 ] DEBUG Engine               - class com.almasb.fxgl.app.services.FXGLAssetLoaderService
00:42:09.261 [FXGL Background Thread 3 ] DEBUG Engine               - class com.almasb.fxgl.app.FXGLApplication$GameApplicationService
00:42:09.261 [FXGL Background Thread 3 ] DEBUG Engine               - class com.almasb.fxgl.app.services.FXGLDialogService
00:42:09.261 [FXGL Background Thread 3 ] DEBUG Engine               - class com.almasb.fxgl.app.services.IOTaskExecutorService
00:42:09.261 [FXGL Background Thread 3 ] DEBUG Engine               - class com.almasb.fxgl.io.FileSystemService
00:42:09.261 [FXGL Background Thread 3 ] DEBUG Engine               - class com.almasb.fxgl.localization.LocalizationService
00:42:09.261 [FXGL Background Thread 3 ] DEBUG Engine               - class com.almasb.fxgl.app.services.SystemBundleService
00:42:09.261 [FXGL Background Thread 3 ] DEBUG Engine               - class com.almasb.fxgl.profile.SaveLoadService
00:42:09.261 [FXGL Background Thread 3 ] DEBUG Engine               - class com.almasb.fxgl.ui.FXGLUIFactoryServiceProvider
00:42:09.261 [FXGL Background Thread 3 ] DEBUG Engine               - class com.almasb.fxgl.ui.FXGLDialogFactoryServiceProvider
00:42:09.261 [FXGL Background Thread 3 ] DEBUG Engine               - class com.almasb.fxgl.audio.AudioPlayer
00:42:09.261 [FXGL Background Thread 3 ] DEBUG Engine               - class com.almasb.fxgl.notification.impl.NotificationServiceProvider
00:42:09.261 [FXGL Background Thread 3 ] DEBUG Engine               - class com.almasb.fxgl.achievement.AchievementService
00:42:09.261 [FXGL Background Thread 3 ] DEBUG Engine               - class com.almasb.fxgl.cutscene.CutsceneService
00:42:09.261 [FXGL Background Thread 3 ] DEBUG Engine               - class com.almasb.fxgl.minigames.MiniGameService
00:42:09.262 [FXGL Background Thread 3 ] DEBUG Engine               - class com.almasb.fxgl.net.NetService
00:42:09.262 [FXGL Background Thread 3 ] DEBUG Engine               - class com.almasb.fxgl.app.services.UpdaterService
00:42:09.262 [FXGL Background Thread 3 ] DEBUG Engine               - class com.almasb.fxgl.dev.DevService
00:42:25.317 [JavaFX Application Thread] DEBUG FXGLAssetLoaderServi - Loading from file system: file:/C:/Users/Angel%20Aguilera/Desktop/amongus/Among-us/out/production/Among%20Us/assets/sounds/clickBoton.wav
00:42:46.823 [JavaFX Application Thread] DEBUG FXGLAssetLoaderServi - Loading from file system: file:/C:/Users/Angel%20Aguilera/Desktop/amongus/Among-us/out/production/Among%20Us/assets/textures/tripulante_blanco.png
00:42:46.826 [JavaFX Application Thread] DEBUG FXGLAssetLoaderServi - Loading from file system: file:/C:/Users/Angel%20Aguilera/Desktop/amongus/Among-us/out/production/Among%20Us/assets/textures/tripulante_negro.png
00:42:48.062 [JavaFX Application Thread] WARN  TMXLevelLoader       - TiledMap generated from 1.11.2. Supported version: 1.9.0. Some features may not be parsed fully.
00:42:48.082 [JavaFX Application Thread] DEBUG TMXLevelLoader       - Parsed TiledMap: file:/C:/Users/Angel%20Aguilera/Desktop/amongus/Among-us/out/production/Among%20Us/assets/levels/mapa1.tmx
00:42:48.083 [JavaFX Application Thread] DEBUG TMXLevelLoader       - Creating tile layer entities
00:42:48.085 [JavaFX Application Thread] DEBUG TilesetLoader        - Loading view for layer fondo
00:42:48.086 [JavaFX Application Thread] DEBUG TilesetLoader        - Created buffer with size 992.0x928.0
00:42:48.219 [JavaFX Application Thread] DEBUG TilesetLoader        - Loading view for layer pasillo
00:42:48.220 [JavaFX Application Thread] DEBUG TilesetLoader        - Created buffer with size 992.0x928.0
00:42:48.225 [JavaFX Application Thread] WARN  TilesetLoader        - Diagonally flipped tiles are not currently supported
00:42:48.230 [JavaFX Application Thread] WARN  TilesetLoader        - Diagonally flipped tiles are not currently supported
00:42:48.230 [JavaFX Application Thread] WARN  TilesetLoader        - Diagonally flipped tiles are not currently supported
00:42:48.231 [JavaFX Application Thread] WARN  TilesetLoader        - Diagonally flipped tiles are not currently supported
00:42:48.231 [JavaFX Application Thread] WARN  TilesetLoader        - Diagonally flipped tiles are not currently supported
00:42:48.234 [JavaFX Application Thread] WARN  TilesetLoader        - Diagonally flipped tiles are not currently supported
00:42:48.236 [JavaFX Application Thread] WARN  TilesetLoader        - Diagonally flipped tiles are not currently supported
00:42:48.237 [JavaFX Application Thread] WARN  TilesetLoader        - Diagonally flipped tiles are not currently supported
00:42:48.239 [JavaFX Application Thread] WARN  TilesetLoader        - Diagonally flipped tiles are not currently supported
00:42:48.242 [JavaFX Application Thread] WARN  TilesetLoader        - Diagonally flipped tiles are not currently supported
00:42:48.243 [JavaFX Application Thread] WARN  TilesetLoader        - Diagonally flipped tiles are not currently supported
00:42:48.247 [JavaFX Application Thread] WARN  TilesetLoader        - Diagonally flipped tiles are not currently supported
00:42:48.248 [JavaFX Application Thread] WARN  TilesetLoader        - Diagonally flipped tiles are not currently supported
00:42:48.249 [JavaFX Application Thread] WARN  TilesetLoader        - Diagonally flipped tiles are not currently supported
00:42:48.249 [JavaFX Application Thread] WARN  TilesetLoader        - Diagonally flipped tiles are not currently supported
00:42:48.250 [JavaFX Application Thread] WARN  TilesetLoader        - Diagonally flipped tiles are not currently supported
00:42:48.250 [JavaFX Application Thread] WARN  TilesetLoader        - Diagonally flipped tiles are not currently supported
00:42:48.250 [JavaFX Application Thread] WARN  TilesetLoader        - Diagonally flipped tiles are not currently supported
00:42:48.251 [JavaFX Application Thread] WARN  TilesetLoader        - Diagonally flipped tiles are not currently supported
00:42:48.251 [JavaFX Application Thread] WARN  TilesetLoader        - Diagonally flipped tiles are not currently supported
00:42:48.256 [JavaFX Application Thread] DEBUG TilesetLoader        - Loading view for layer piso
00:42:48.257 [JavaFX Application Thread] DEBUG TilesetLoader        - Created buffer with size 992.0x928.0
00:42:48.266 [JavaFX Application Thread] DEBUG TilesetLoader        - Loading view for layer detallesdetraspared
00:42:48.266 [JavaFX Application Thread] DEBUG TilesetLoader        - Created buffer with size 992.0x928.0
00:42:48.295 [JavaFX Application Thread] DEBUG TilesetLoader        - Loading view for layer pared1
00:42:48.295 [JavaFX Application Thread] DEBUG TilesetLoader        - Created buffer with size 992.0x928.0
00:42:48.307 [JavaFX Application Thread] DEBUG TilesetLoader        - Loading view for layer pared2
00:42:48.309 [JavaFX Application Thread] DEBUG TilesetLoader        - Created buffer with size 992.0x928.0
00:42:48.313 [JavaFX Application Thread] DEBUG TilesetLoader        - Loading view for layer pared3
00:42:48.314 [JavaFX Application Thread] DEBUG TilesetLoader        - Created buffer with size 992.0x928.0
00:42:48.320 [JavaFX Application Thread] DEBUG TilesetLoader        - Loading view for layer detalles
00:42:48.322 [JavaFX Application Thread] DEBUG TilesetLoader        - Created buffer with size 992.0x928.0
00:42:48.365 [JavaFX Application Thread] DEBUG TilesetLoader        - Loading view for layer detalles2
00:42:48.366 [JavaFX Application Thread] DEBUG TilesetLoader        - Created buffer with size 992.0x928.0
00:42:48.375 [JavaFX Application Thread] DEBUG TilesetLoader        - Loading view for layer camaras
00:42:48.377 [JavaFX Application Thread] DEBUG TilesetLoader        - Created buffer with size 992.0x928.0
00:42:48.378 [JavaFX Application Thread] DEBUG TilesetLoader        - Loading view for layer grieta
00:42:48.379 [JavaFX Application Thread] DEBUG TilesetLoader        - Created buffer with size 992.0x928.0
00:42:48.383 [JavaFX Application Thread] DEBUG TMXLevelLoader       - Creating object layer entities
00:42:48.425 [JavaFX Application Thread] DEBUG GameWorld            - Clearing removable entities
00:42:48.426 [JavaFX Application Thread] DEBUG GameWorld            - Setting level: com.almasb.fxgl.entity.level.Level@51d33d12
00:42:48.437 [JavaFX Application Thread] DEBUG FXGLAssetLoaderServi - Loading from file system: file:/C:/Users/Angel%20Aguilera/Desktop/amongus/Among-us/out/production/Among%20Us/assets/textures/MonitorDeCamaras.png
00:42:48.449 [JavaFX Application Thread] DEBUG FXGLAssetLoaderServi - Loading from file system: file:/C:/Users/Angel%20Aguilera/Desktop/amongus/Among-us/out/production/Among%20Us/assets/textures/flechaAmarillaIzq.png
00:42:48.451 [JavaFX Application Thread] DEBUG FXGLAssetLoaderServi - Loading from file system: file:/C:/Users/Angel%20Aguilera/Desktop/amongus/Among-us/out/production/Among%20Us/assets/textures/flechaAmarillaDer.png
00:42:48.458 [JavaFX Application Thread] DEBUG FXGLAssetLoaderServi - Loading from file system: file:/C:/Users/Angel%20Aguilera/Desktop/amongus/Among-us/out/production/Among%20Us/assets/textures/animacion_fantasma.png
00:42:48.460 [JavaFX Application Thread] DEBUG FXGLAssetLoaderServi - Loading from file system: file:/C:/Users/Angel%20Aguilera/Desktop/amongus/Among-us/out/production/Among%20Us/assets/textures/blanco_muerto.png
00:42:48.462 [JavaFX Application Thread] DEBUG FXGLAssetLoaderServi - Loading from file system: file:/C:/Users/Angel%20Aguilera/Desktop/amongus/Among-us/out/production/Among%20Us/assets/textures/animacion_blanco.png
00:42:48.464 [JavaFX Application Thread] DEBUG FXGLAssetLoaderServi - Loading from file system: file:/C:/Users/Angel%20Aguilera/Desktop/amongus/Among-us/out/production/Among%20Us/assets/textures/alcantarilla_blanco.png
00:42:48.465 [JavaFX Application Thread] DEBUG FXGLAssetLoaderServi - Loading from file system: file:/C:/Users/Angel%20Aguilera/Desktop/amongus/Among-us/out/production/Among%20Us/assets/textures/alcantarilla_blancoE.png
00:42:48.470 [JavaFX Application Thread] DEBUG FXGLAssetLoaderServi - Loading from file system: file:/C:/Users/Angel%20Aguilera/Desktop/amongus/Among-us/out/production/Among%20Us/assets/textures/negro_muerto.png
00:42:48.471 [JavaFX Application Thread] DEBUG FXGLAssetLoaderServi - Loading from file system: file:/C:/Users/Angel%20Aguilera/Desktop/amongus/Among-us/out/production/Among%20Us/assets/textures/animacion_negro.png
00:42:48.473 [JavaFX Application Thread] DEBUG FXGLAssetLoaderServi - Loading from file system: file:/C:/Users/Angel%20Aguilera/Desktop/amongus/Among-us/out/production/Among%20Us/assets/textures/alcantarilla_negro.png
00:42:48.474 [JavaFX Application Thread] DEBUG FXGLAssetLoaderServi - Loading from file system: file:/C:/Users/Angel%20Aguilera/Desktop/amongus/Among-us/out/production/Among%20Us/assets/textures/alcantarilla_negroE.png
00:42:48.478 [JavaFX Application Thread] DEBUG FXGLAssetLoaderServi - Loading from file system: file:/C:/Users/Angel%20Aguilera/Desktop/amongus/Among-us/out/production/Among%20Us/assets/textures/accionNegada.png
00:42:48.482 [JavaFX Application Thread] DEBUG FXGLAssetLoaderServi - Loading from file system: file:/C:/Users/Angel%20Aguilera/Desktop/amongus/Among-us/out/production/Among%20Us/assets/textures/reportarNegado.png
00:42:48.490 [JavaFX Application Thread] DEBUG FXGLAssetLoaderServi - Loading from file system: file:/C:/Users/Angel%20Aguilera/Desktop/amongus/Among-us/out/production/Among%20Us/assets/textures/animacion_codigo.png
00:42:48.512 [JavaFX Application Thread] DEBUG FXGLAssetLoaderServi - Loading from file system: file:/C:/Users/Angel%20Aguilera/Desktop/amongus/Among-us/out/production/Among%20Us/assets/textures/animacion_datos.png
00:42:48.551 [JavaFX Application Thread] DEBUG FXGLAssetLoaderServi - Loading from file system: file:/C:/Users/Angel%20Aguilera/Desktop/amongus/Among-us/out/production/Among%20Us/assets/textures/animacion_temperatura.png
00:42:48.590 [JavaFX Application Thread] DEBUG FXGLAssetLoaderServi - Loading from file system: file:/C:/Users/Angel%20Aguilera/Desktop/amongus/Among-us/out/production/Among%20Us/assets/textures/animacion_basura.png
00:42:48.617 [JavaFX Application Thread] WARN  FXGLAssetLoaderServi - Asset "/assets/textures/animacion_reactor.png" was not found!
00:42:48.617 [JavaFX Application Thread] WARN  FXGLAssetLoaderServi - Failed to load IMAGE
00:42:48.624 [JavaFX Application Thread] DEBUG FXGLAssetLoaderServi - Loading from file system: file:/C:/Users/Angel%20Aguilera/Desktop/amongus/Among-us/out/production/Among%20Us/assets/textures/barra_0.png
00:42:48.629 [JavaFX Application Thread] DEBUG FXGLAssetLoaderServi - Loading from file system: file:/C:/Users/Angel%20Aguilera/Desktop/amongus/Among-us/out/production/Among%20Us/assets/textures/pantalla_tripulante.png
00:42:54.842 [JavaFX Application Thread] DEBUG FXGLAssetLoaderServi - Loading from file system: file:/C:/Users/Angel%20Aguilera/Desktop/amongus/Among-us/out/production/Among%20Us/assets/textures/accion.png
00:43:01.609 [JavaFX Application Thread] DEBUG FXGLAssetLoaderServi - Loading from file system: file:/C:/Users/Angel%20Aguilera/Desktop/amongus/Among-us/out/production/Among%20Us/assets/textures/panel_temperatura.png
00:43:22.664 [JavaFX Application Thread] DEBUG FXGLAssetLoaderServi - Loading from file system: file:/C:/Users/Angel%20Aguilera/Desktop/amongus/Among-us/out/production/Among%20Us/assets/textures/temperatura_final.png
00:43:23.674 [JavaFX Application Thread] DEBUG FXGLAssetLoaderServi - Loading from file system: file:/C:/Users/Angel%20Aguilera/Desktop/amongus/Among-us/out/production/Among%20Us/assets/textures/barra_1.png
00:44:18.179 [JavaFX Application Thread] DEBUG FXGLAssetLoaderServi - Loading from file system: file:/C:/Users/Angel%20Aguilera/Desktop/amongus/Among-us/out/production/Among%20Us/assets/textures/reunion.png
00:44:21.701 [JavaFX Application Thread] DEBUG FXGLAssetLoaderServi - Loading from file system: file:/C:/Users/Angel%20Aguilera/Desktop/amongus/Among-us/out/production/Among%20Us/assets/textures/botonVotar.png
00:45:01.518 [JavaFX Application Thread] DEBUG FXGLAssetLoaderServi - Loading from file system: file:/C:/Users/Angel%20Aguilera/Desktop/amongus/Among-us/out/production/Among%20Us/assets/textures/derrota_tripulante.png
00:45:09.860 [JavaFX Application Thread] DEBUG FXGLApplication      - Exiting FXGL
00:45:09.860 [JavaFX Application Thread] DEBUG LoopRunner           - Stopping loop
00:45:09.860 [JavaFX Application Thread] DEBUG SystemBundleService  - Saving FXGL system data
00:45:09.862 [JavaFX Application Thread] DEBUG FileSystemAccess     - Writing to: C:\Users\Angel Aguilera\Desktop\amongus\Among-us\system\fxgl.bundle
00:45:09.863 [JavaFX Application Thread] DEBUG Async                - Shutting down background threads
00:45:09.863 [JavaFX Application Thread] DEBUG PrimaryStageWindow   - Closing main window
00:45:09.875 [JavaFX Application Thread] DEBUG Logger               - Closing Logger
