02:12:42.349 [main                     ] DEBUG Logger               - Configured Logger
02:12:42.362 [main                     ] DEBUG GameApplication      - Logging settings
Title: Among Us UNEG
Version: 0.0
Width: 800
Height: 600
Fullscreen: false
Intro: false
Profiling: false
Single step:false
App Mode: DEVELOPER
Menu Key: ESCAPE
Stage Style: DECORATED
Scene Factory: class com.almasb.fxgl.app.scene.SceneFactory

02:12:43.290 [JavaFX Application Thread] DEBUG FXGLApplication      - Initializing FXGL
02:12:43.295 [JavaFX Application Thread] INFO  Engine               - FXGL-21.1 (26.03.2024 17.33) on WINDOWS (J:25.0.2 FX:21.0.1)
02:12:43.297 [JavaFX Application Thread] DEBUG Engine               - JRE Vendor Name: Oracle Corporation
02:12:43.297 [JavaFX Application Thread] DEBUG Engine               - Running on OS: Windows 11 version 10.0
02:12:43.297 [JavaFX Application Thread] DEBUG Engine               - Architecture: amd64
02:12:43.297 [JavaFX Application Thread] INFO  Engine               - Source code and latest versions at: https://github.com/AlmasB/FXGL
02:12:43.298 [JavaFX Application Thread] INFO  Engine               -       Ask questions and discuss at: https://github.com/AlmasB/FXGL/discussions
02:12:43.298 [JavaFX Application Thread] INFO  Engine               -              Join the FXGL chat at: https://gitter.im/AlmasB/FXGL
02:12:43.484 [JavaFX Application Thread] DEBUG PrimaryStageWindow   - Creating a JavaFX scene
02:12:43.674 [JavaFX Application Thread] DEBUG PrimaryStageWindow   - Target settings size: 800.0 x 600.0
02:12:43.674 [JavaFX Application Thread] DEBUG PrimaryStageWindow   - Scaled scene size:    800.0 x 600.0
02:12:43.675 [JavaFX Application Thread] DEBUG PrimaryStageWindow   - Scaled ratio: (1.0, 1.0)
02:12:43.676 [JavaFX Application Thread] DEBUG PrimaryStageWindow   - Set initial scene to FXGLStartupScene
02:12:43.689 [JavaFX Application Thread] DEBUG PrimaryStageWindow   - Opening main window
02:12:43.949 [JavaFX Application Thread] DEBUG PrimaryStageWindow   - Window border size: (16.0, 39.0)
02:12:43.949 [JavaFX Application Thread] DEBUG PrimaryStageWindow   - Scaled size: 800.0 x 600.0
02:12:43.949 [JavaFX Application Thread] DEBUG PrimaryStageWindow   - Scaled ratio: (1.0, 1.0)
02:12:43.949 [JavaFX Application Thread] DEBUG PrimaryStageWindow   - Scene size: 800.0 x 600.0
02:12:43.949 [JavaFX Application Thread] DEBUG PrimaryStageWindow   - Stage size: 816.0 x 639.0
02:12:44.051 [FXGL Background Thread 1 ] DEBUG Engine               - Initializing environment variables
02:12:44.191 [FXGL Background Thread 1 ] DEBUG FXGLAssetLoaderServi - User app class for loading assets: class main.java.amongUs.AppPrincipal
02:12:44.191 [FXGL Background Thread 1 ] DEBUG GameApplicationServi - Applying CSS: fxgl_dark.css
02:12:44.194 [FXGL Background Thread 1 ] DEBUG FXGLAssetLoaderServi - Loading from file system: jar:file:/C:/Users/josue/OneDrive/Desktop/proyecto%20java/Among%20Us/lib/fxgl-21.1-uber.jar!/fxglassets/ui/css/fxgl_dark.css
02:12:44.339 [FXGL Background Thread 1 ] DEBUG GameApplicationServi - Initializing application scenes
02:12:44.558 [FXGL Background Thread 1 ] DEBUG GameWorld            - Game world initialized
02:12:44.655 [FXGL Background Thread 1 ] DEBUG PhysicsWorld         - Physics world initialized: appHeight=600, physics.ppm=50,0
02:12:44.656 [FXGL Background Thread 1 ] DEBUG PhysicsWorld         - Using strategy: BRUTE_FORCE
02:12:44.661 [FXGL Background Thread 1 ] DEBUG GameScene            - Game scene initialized: 800x600
02:12:44.681 [FXGL Background Thread 1 ] DEBUG FXGL.DefaultMenu     - createMenuBodyGameMenu()
02:12:44.705 [FXGL Background Thread 1 ] DEBUG FXGL.DefaultMenu     - createOptionsMenu()
02:12:44.726 [FXGL Background Thread 1 ] DEBUG FXGLAssetLoaderServi - Loading from file system: jar:file:/C:/Users/josue/OneDrive/Desktop/proyecto%20java/Among%20Us/lib/fxgl-21.1-uber.jar!/fxglassets/textures/particles/smoke.png
02:12:44.976 [FXGL Background Thread 1 ] DEBUG FXGLAssetLoaderServi - Loading from file system: jar:file:/C:/Users/josue/OneDrive/Desktop/proyecto%20java/Among%20Us/lib/fxgl-21.1-uber.jar!/fxglassets/textures/particles/trace_horizontal.png
02:12:45.061 [FXGL Background Thread 1 ] DEBUG GameApplicationServi - Application scenes initialized
02:12:45.095 [FXGL Background Thread 1 ] DEBUG SystemBundleService  - Loading FXGL system data
02:12:45.105 [FXGL Background Thread 1 ] DEBUG FileSystemAccess     - Reading from: C:\Users\josue\OneDrive\Desktop\proyecto java\Among Us\system\fxgl.bundle
02:12:45.114 [FXGL Background Thread 1 ] DEBUG SystemBundleService  - Bundle FXGL: {}
02:12:45.115 [FXGL Background Thread 1 ] DEBUG UpdaterService       - Checking for updates
02:12:45.124 [FXGL Background Thread 1 ] DEBUG FXGLApplication      - Loading default localization
02:12:45.124 [FXGL Background Thread 1 ] DEBUG FXGLAssetLoaderServi - Loading from file system: jar:file:/C:/Users/josue/OneDrive/Desktop/proyecto%20java/Among%20Us/lib/fxgl-21.1-uber.jar!/fxglassets/languages/english.lang
02:12:45.153 [FXGL Background Thread 1 ] INFO  FXGLApplication      - FXGL initialization took: 1,102 sec
02:12:45.166 [JavaFX Application Thread] DEBUG Input                - Registered new binding: Mover Arriba - W
02:12:45.166 [JavaFX Application Thread] DEBUG Input                - Registered new binding: Mover Abajo - S
02:12:45.166 [JavaFX Application Thread] DEBUG Input                - Registered new binding: Mover Izquierda - A
02:12:45.166 [JavaFX Application Thread] DEBUG Input                - Registered new binding: Mover Derecha - D
02:12:45.166 [JavaFX Application Thread] DEBUG Input                - Registered new binding: Abrir Camaras - C
02:12:45.168 [JavaFX Application Thread] DEBUG Input                - Registered new binding: Usar Alcantarilla - Space
02:12:45.169 [JavaFX Application Thread] DEBUG Input                - Registered new binding: Vent Izquierda - Left
02:12:45.169 [JavaFX Application Thread] DEBUG Input                - Registered new binding: Vent Derecha - Right
02:12:45.169 [JavaFX Application Thread] DEBUG Input                - Registered new binding: Vent Arriba - Up
02:12:45.169 [JavaFX Application Thread] DEBUG Input                - Registered new binding: Vent Abajo - Down
02:12:45.169 [JavaFX Application Thread] DEBUG Input                - Registered new binding: Matar Jugador - Q
02:12:45.170 [JavaFX Application Thread] DEBUG FXGLAssetLoaderServi - Loading from file system: file:/C:/Users/josue/OneDrive/Desktop/proyecto%20java/Among%20Us/out/production/Among%20Us/assets/textures/icono.png
02:12:45.445 [FXGL Background Thread 4 ] DEBUG FXGLApplication      - Loading fonts
02:12:45.445 [FXGL Background Thread 4 ] DEBUG FXGLAssetLoaderServi - Loading from file system: jar:file:/C:/Users/josue/OneDrive/Desktop/proyecto%20java/Among%20Us/lib/fxgl-21.1-uber.jar!/fxglassets/ui/fonts/VarelaRound-Regular.ttf
02:12:45.509 [JavaFX Application Thread] DEBUG FXGLAssetLoaderServi - Loading from file system: jar:file:/C:/Users/josue/OneDrive/Desktop/proyecto%20java/Among%20Us/lib/fxgl-21.1-uber.jar!/fxglassets/textures/fxgl_default_cursor.png
02:12:45.521 [JavaFX Application Thread] DEBUG Input                - Registered new binding: Screenshot - CTRL+8
02:12:45.522 [JavaFX Application Thread] DEBUG Input                - Registered new binding: System info dump - CTRL+9
02:12:45.523 [JavaFX Application Thread] DEBUG Input                - Registered new binding: Restart - CTRL+R
02:12:45.524 [JavaFX Application Thread] DEBUG Input                - Registered new binding: Toggle Debug Camera - CTRL+7
02:12:45.530 [JavaFX Application Thread] DEBUG LoopRunner           - Starting loop
02:12:45.531 [JavaFX Application Thread] DEBUG LoopRunner           - Initializing JavaFX AnimationTimerLoop
02:12:45.535 [JavaFX Application Thread] DEBUG GameApplicationServi - Starting new game
02:12:45.538 [JavaFX Application Thread] DEBUG Input                - Clearing active input actions
02:12:45.580 [JavaFX Application Thread] DEBUG GameApplicationServi - Removing overlay from FXGLStartupScene and adding to FXGLLoadingScene
02:12:45.584 [JavaFX Application Thread] DEBUG PrimaryStageWindow   - FXGLStartupScene -> FXGLLoadingScene
02:12:45.584 [JavaFX Application Thread] DEBUG GameApplicationServi - Clearing previous game
02:12:45.585 [JavaFX Application Thread] DEBUG GameScene            - Clearing game scene
02:12:45.585 [JavaFX Application Thread] DEBUG GameWorld            - Clearing game world
02:12:45.585 [JavaFX Application Thread] DEBUG PhysicsWorld         - Clearing physics world
02:12:45.589 [FXGL Background Thread 1 ] DEBUG FXGLApplication      - Initializing game
02:12:45.610 [FXGL Background Thread 1 ] DEBUG FXGLAssetLoaderServi - Loading from file system: file:/C:/Users/josue/OneDrive/Desktop/proyecto%20java/Among%20Us/out/production/Among%20Us/assets/textures/MonitorDeCamaras.png
02:12:45.790 [FXGL Background Thread 1 ] DEBUG FXGLAssetLoaderServi - Loading from file system: file:/C:/Users/josue/OneDrive/Desktop/proyecto%20java/Among%20Us/out/production/Among%20Us/assets/textures/flechaAmarillaIzq.png
02:12:45.797 [FXGL Background Thread 1 ] DEBUG FXGLAssetLoaderServi - Loading from file system: file:/C:/Users/josue/OneDrive/Desktop/proyecto%20java/Among%20Us/out/production/Among%20Us/assets/textures/flechaAmarillaDer.png
02:12:45.803 [FXGL Background Thread 1 ] DEBUG FXGLAssetLoaderServi - Loading from file system: file:/C:/Users/josue/OneDrive/Desktop/proyecto%20java/Among%20Us/out/production/Among%20Us/assets/music/musicaMenu.mp3
02:12:46.319 [FXGL Background Thread 1 ] DEBUG AudioPlayer          - Playing music com.almasb.fxgl.audio.Music@79510b70
02:12:47.119 [FXGL Background Thread 4 ] DEBUG FXGLAssetLoaderServi - Loading from file system: jar:file:/C:/Users/josue/OneDrive/Desktop/proyecto%20java/Among%20Us/lib/fxgl-21.1-uber.jar!/fxglassets/ui/fonts/Abel-Regular.ttf
02:12:47.173 [FXGL Background Thread 4 ] DEBUG FXGLAssetLoaderServi - Loading from file system: jar:file:/C:/Users/josue/OneDrive/Desktop/proyecto%20java/Among%20Us/lib/fxgl-21.1-uber.jar!/fxglassets/ui/fonts/TerminalLandMono-Regular.otf
02:12:47.204 [FXGL Background Thread 4 ] DEBUG FXGLAssetLoaderServi - Loading from file system: jar:file:/C:/Users/josue/OneDrive/Desktop/proyecto%20java/Among%20Us/lib/fxgl-21.1-uber.jar!/fxglassets/ui/fonts/Courier-Prime.ttf
02:12:47.278 [JavaFX Application Thread] DEBUG FXGLApplication      - Registering font factories with UI factory
02:12:47.304 [FXGL Background Thread 1 ] INFO  FXGLApplication      - Game initialization took: 1,714 sec
02:12:47.312 [JavaFX Application Thread] DEBUG Input                - Clearing active input actions
02:12:47.328 [JavaFX Application Thread] DEBUG GameApplicationServi - Removing overlay from FXGLLoadingScene and adding to GameScene
02:12:47.329 [JavaFX Application Thread] DEBUG PrimaryStageWindow   - FXGLLoadingScene -> GameScene
02:12:48.134 [FXGL Background Thread 3 ] DEBUG Engine               - Logging environment variables
02:12:48.194 [FXGL Background Thread 3 ] DEBUG Engine               - achievements: []
02:12:48.194 [FXGL Background Thread 3 ] DEBUG Engine               - actualHeight: 600.0
02:12:48.194 [FXGL Background Thread 3 ] DEBUG Engine               - actualHeightProperty: ReadOnlyDoubleProperty [value: 600.0]
02:12:48.194 [FXGL Background Thread 3 ] DEBUG Engine               - actualWidth: 800.0
02:12:48.194 [FXGL Background Thread 3 ] DEBUG Engine               - actualWidthProperty: ReadOnlyDoubleProperty [value: 800.0]
02:12:48.194 [FXGL Background Thread 3 ] DEBUG Engine               - appIcon: icono.png
02:12:48.195 [FXGL Background Thread 3 ] DEBUG Engine               - applicationMode: DEVELOPER
02:12:48.195 [FXGL Background Thread 3 ] DEBUG Engine               - cSSList: [fxgl_dark.css]
02:12:48.195 [FXGL Background Thread 3 ] DEBUG Engine               - collisionDetectionStrategy: BRUTE_FORCE
02:12:48.195 [FXGL Background Thread 3 ] DEBUG Engine               - configClass: Optional.empty
02:12:48.195 [FXGL Background Thread 3 ] DEBUG Engine               - credits: []
02:12:48.199 [FXGL Background Thread 3 ] DEBUG Engine               - defaultCursor: CursorInfo(imageName=fxgl_default_cursor.png, hotspotX=7.0, hotspotY=6.0)
02:12:48.199 [FXGL Background Thread 3 ] DEBUG Engine               - devBBoxColorProperty: ObjectProperty [value: 0xff0000ff]
02:12:48.199 [FXGL Background Thread 3 ] DEBUG Engine               - devEnableDebugCameraProperty: BooleanProperty [value: false]
02:12:48.202 [FXGL Background Thread 3 ] DEBUG Engine               - devSensorColorProperty: ObjectProperty [value: 0xffff00ff]
02:12:48.202 [FXGL Background Thread 3 ] DEBUG Engine               - devShowBBoxProperty: BooleanProperty [value: false]
02:12:48.202 [FXGL Background Thread 3 ] DEBUG Engine               - devShowPositionProperty: BooleanProperty [value: false]
02:12:48.203 [FXGL Background Thread 3 ] DEBUG Engine               - enabledMenuItems: []
02:12:48.203 [FXGL Background Thread 3 ] DEBUG Engine               - engineServices: [class com.almasb.fxgl.app.services.FXGLAssetLoaderService, class com.almasb.fxgl.app.FXGLApplication$GameApplicationService, class com.almasb.fxgl.app.services.FXGLDialogService, class com.almasb.fxgl.app.services.IOTaskExecutorService, class com.almasb.fxgl.io.FileSystemService, class com.almasb.fxgl.localization.LocalizationService, class com.almasb.fxgl.app.services.SystemBundleService, class com.almasb.fxgl.profile.SaveLoadService, class com.almasb.fxgl.ui.FXGLUIFactoryServiceProvider, class com.almasb.fxgl.ui.FXGLDialogFactoryServiceProvider, class com.almasb.fxgl.audio.AudioPlayer, class com.almasb.fxgl.notification.impl.NotificationServiceProvider, class com.almasb.fxgl.achievement.AchievementService, class com.almasb.fxgl.cutscene.CutsceneService, class com.almasb.fxgl.minigames.MiniGameService, class com.almasb.fxgl.net.NetService, class com.almasb.fxgl.app.services.UpdaterService, class com.almasb.fxgl.dev.DevService]
02:12:48.203 [FXGL Background Thread 3 ] DEBUG Engine               - fontGame: Abel-Regular.ttf
02:12:48.203 [FXGL Background Thread 3 ] DEBUG Engine               - fontMono: TerminalLandMono-Regular.otf
02:12:48.203 [FXGL Background Thread 3 ] DEBUG Engine               - fontSizeScaleUI: 1.0
02:12:48.203 [FXGL Background Thread 3 ] DEBUG Engine               - fontText: Courier-Prime.ttf
02:12:48.203 [FXGL Background Thread 3 ] DEBUG Engine               - fontUI: VarelaRound-Regular.ttf
02:12:48.203 [FXGL Background Thread 3 ] DEBUG Engine               - fullScreen: BooleanProperty [value: false]
02:12:48.204 [FXGL Background Thread 3 ] DEBUG Engine               - gameDifficulty: MEDIUM
02:12:48.204 [FXGL Background Thread 3 ] DEBUG Engine               - gameDifficultyProperty: ObjectProperty [value: MEDIUM]
02:12:48.204 [FXGL Background Thread 3 ] DEBUG Engine               - globalMusicVolume: 0.5
02:12:48.204 [FXGL Background Thread 3 ] DEBUG Engine               - globalMusicVolumeProperty: DoubleProperty [value: 0.4]
02:12:48.206 [FXGL Background Thread 3 ] DEBUG Engine               - globalSoundVolume: 0.5
02:12:48.207 [FXGL Background Thread 3 ] DEBUG Engine               - globalSoundVolumeProperty: DoubleProperty [value: 0.5]
02:12:48.216 [FXGL Background Thread 3 ] DEBUG Engine               - height: 600
02:12:48.220 [FXGL Background Thread 3 ] DEBUG Engine               - is3D: false
02:12:48.228 [FXGL Background Thread 3 ] DEBUG Engine               - isAndroid: false
02:12:48.239 [FXGL Background Thread 3 ] DEBUG Engine               - isBrowser: false
02:12:48.250 [FXGL Background Thread 3 ] DEBUG Engine               - isClickFeedbackEnabled: false
02:12:48.250 [FXGL Background Thread 3 ] DEBUG Engine               - isCloseConfirmation: false
02:12:48.250 [FXGL Background Thread 3 ] DEBUG Engine               - isDesktop: true
02:12:48.250 [FXGL Background Thread 3 ] DEBUG Engine               - isDeveloperMenuEnabled: false
02:12:48.252 [FXGL Background Thread 3 ] DEBUG Engine               - isEmbedded: false
02:12:48.252 [FXGL Background Thread 3 ] DEBUG Engine               - isEntityPreloadEnabled: true
02:12:48.252 [FXGL Background Thread 3 ] DEBUG Engine               - isExperimentalTiledLargeMap: false
02:12:48.259 [FXGL Background Thread 3 ] DEBUG Engine               - isFileSystemWriteAllowed: true
02:12:48.259 [FXGL Background Thread 3 ] DEBUG Engine               - isFullScreenAllowed: false
02:12:48.259 [FXGL Background Thread 3 ] DEBUG Engine               - isFullScreenFromStart: false
02:12:48.259 [FXGL Background Thread 3 ] DEBUG Engine               - isGameMenuEnabled: true
02:12:48.259 [FXGL Background Thread 3 ] DEBUG Engine               - isIOS: false
02:12:48.260 [FXGL Background Thread 3 ] DEBUG Engine               - isIntroEnabled: false
02:12:48.260 [FXGL Background Thread 3 ] DEBUG Engine               - isLinux: false
02:12:48.260 [FXGL Background Thread 3 ] DEBUG Engine               - isMac: false
02:12:48.260 [FXGL Background Thread 3 ] DEBUG Engine               - isMainMenuEnabled: false
02:12:48.260 [FXGL Background Thread 3 ] DEBUG Engine               - isManualResizeEnabled: false
02:12:48.260 [FXGL Background Thread 3 ] DEBUG Engine               - isMobile: false
02:12:48.260 [FXGL Background Thread 3 ] DEBUG Engine               - isNative: false
02:12:48.260 [FXGL Background Thread 3 ] DEBUG Engine               - isPauseMusicWhenMinimized: true
02:12:48.260 [FXGL Background Thread 3 ] DEBUG Engine               - isPreserveResizeRatio: false
02:12:48.260 [FXGL Background Thread 3 ] DEBUG Engine               - isProfilingEnabled: false
02:12:48.260 [FXGL Background Thread 3 ] DEBUG Engine               - isScaleAffectedOnResize: true
02:12:48.260 [FXGL Background Thread 3 ] DEBUG Engine               - isSingleStep: false
02:12:48.260 [FXGL Background Thread 3 ] DEBUG Engine               - isUserProfileEnabled: false
02:12:48.260 [FXGL Background Thread 3 ] DEBUG Engine               - isWindows: true
02:12:48.260 [FXGL Background Thread 3 ] DEBUG Engine               - language: ObjectProperty [value: ENGLISH]
02:12:48.260 [FXGL Background Thread 3 ] DEBUG Engine               - menuKey: ESCAPE
02:12:48.260 [FXGL Background Thread 3 ] DEBUG Engine               - mouseSensitivity: 0.2
02:12:48.260 [FXGL Background Thread 3 ] DEBUG Engine               - notificationViewClass: class com.almasb.fxgl.notification.view.XboxNotificationView
02:12:48.260 [FXGL Background Thread 3 ] DEBUG Engine               - pixelsPerMeter: 50.0
02:12:48.261 [FXGL Background Thread 3 ] DEBUG Engine               - platform: WINDOWS
02:12:48.261 [FXGL Background Thread 3 ] DEBUG Engine               - prefHeightProperty: ReadOnlyDoubleProperty [value: 600.0]
02:12:48.261 [FXGL Background Thread 3 ] DEBUG Engine               - prefWidthProperty: ReadOnlyDoubleProperty [value: 800.0]
02:12:48.261 [FXGL Background Thread 3 ] DEBUG Engine               - profileDir: profiles/
02:12:48.261 [FXGL Background Thread 3 ] DEBUG Engine               - profileName: StringProperty [value: DEFAULT]
02:12:48.261 [FXGL Background Thread 3 ] DEBUG Engine               - randomSeed: -1
02:12:48.262 [FXGL Background Thread 3 ] DEBUG Engine               - runtimeInfo: RuntimeInfo(platform=WINDOWS, version=21.1, build=26.03.2024 17.33)
02:12:48.262 [FXGL Background Thread 3 ] DEBUG Engine               - saveFileExt: sav
02:12:48.262 [FXGL Background Thread 3 ] DEBUG Engine               - scaledHeightProp$fxgl: DoubleProperty [bound, value: 600.0]
02:12:48.262 [FXGL Background Thread 3 ] DEBUG Engine               - scaledWidthProp$fxgl: DoubleProperty [bound, value: 800.0]
02:12:48.262 [FXGL Background Thread 3 ] DEBUG Engine               - sceneFactory: com.almasb.fxgl.app.scene.SceneFactory@3529f3df
02:12:48.262 [FXGL Background Thread 3 ] DEBUG Engine               - secondsIn24h: 60
02:12:48.262 [FXGL Background Thread 3 ] DEBUG Engine               - soundMenuBack: menu/back.wav
02:12:48.262 [FXGL Background Thread 3 ] DEBUG Engine               - soundMenuPress: menu/press.wav
02:12:48.262 [FXGL Background Thread 3 ] DEBUG Engine               - soundMenuSelect: menu/select.wav
02:12:48.262 [FXGL Background Thread 3 ] DEBUG Engine               - soundNotification: core/notification.wav
02:12:48.262 [FXGL Background Thread 3 ] DEBUG Engine               - stageStyle: DECORATED
02:12:48.262 [FXGL Background Thread 3 ] DEBUG Engine               - supportedLanguages: [ENGLISH, FRENCH, GERMAN, HUNGARIAN, RUSSIAN]
02:12:48.262 [FXGL Background Thread 3 ] DEBUG Engine               - ticksPerSecond: -1
02:12:48.262 [FXGL Background Thread 3 ] DEBUG Engine               - title: Among Us UNEG
02:12:48.262 [FXGL Background Thread 3 ] DEBUG Engine               - urlGithub: https://github.com/AlmasB/FXGL
02:12:48.263 [FXGL Background Thread 3 ] DEBUG Engine               - urlLeaderboard: http://fxgl-top.herokuapp.com/
02:12:48.263 [FXGL Background Thread 3 ] DEBUG Engine               - urlPOM: https://raw.githubusercontent.com/AlmasB/FXGL/release/README.md
02:12:48.263 [FXGL Background Thread 3 ] DEBUG Engine               - userAppClass: class main.java.amongUs.AppPrincipal
02:12:48.264 [FXGL Background Thread 3 ] DEBUG Engine               - version: 0.0
02:12:48.264 [FXGL Background Thread 3 ] DEBUG Engine               - versionCheckDays: 7
02:12:48.264 [FXGL Background Thread 3 ] DEBUG Engine               - width: 800
02:12:48.264 [FXGL Background Thread 3 ] DEBUG Engine               - Logging services
02:12:48.264 [FXGL Background Thread 3 ] DEBUG Engine               - class com.almasb.fxgl.app.services.FXGLAssetLoaderService
02:12:48.264 [FXGL Background Thread 3 ] DEBUG Engine               - class com.almasb.fxgl.app.FXGLApplication$GameApplicationService
02:12:48.264 [FXGL Background Thread 3 ] DEBUG Engine               - class com.almasb.fxgl.app.services.FXGLDialogService
02:12:48.264 [FXGL Background Thread 3 ] DEBUG Engine               - class com.almasb.fxgl.app.services.IOTaskExecutorService
02:12:48.264 [FXGL Background Thread 3 ] DEBUG Engine               - class com.almasb.fxgl.io.FileSystemService
02:12:48.264 [FXGL Background Thread 3 ] DEBUG Engine               - class com.almasb.fxgl.localization.LocalizationService
02:12:48.264 [FXGL Background Thread 3 ] DEBUG Engine               - class com.almasb.fxgl.app.services.SystemBundleService
02:12:48.264 [FXGL Background Thread 3 ] DEBUG Engine               - class com.almasb.fxgl.profile.SaveLoadService
02:12:48.264 [FXGL Background Thread 3 ] DEBUG Engine               - class com.almasb.fxgl.ui.FXGLUIFactoryServiceProvider
02:12:48.264 [FXGL Background Thread 3 ] DEBUG Engine               - class com.almasb.fxgl.ui.FXGLDialogFactoryServiceProvider
02:12:48.265 [FXGL Background Thread 3 ] DEBUG Engine               - class com.almasb.fxgl.audio.AudioPlayer
02:12:48.265 [FXGL Background Thread 3 ] DEBUG Engine               - class com.almasb.fxgl.notification.impl.NotificationServiceProvider
02:12:48.265 [FXGL Background Thread 3 ] DEBUG Engine               - class com.almasb.fxgl.achievement.AchievementService
02:12:48.265 [FXGL Background Thread 3 ] DEBUG Engine               - class com.almasb.fxgl.cutscene.CutsceneService
02:12:48.266 [FXGL Background Thread 3 ] DEBUG Engine               - class com.almasb.fxgl.minigames.MiniGameService
02:12:48.267 [FXGL Background Thread 3 ] DEBUG Engine               - class com.almasb.fxgl.net.NetService
02:12:48.267 [FXGL Background Thread 3 ] DEBUG Engine               - class com.almasb.fxgl.app.services.UpdaterService
02:12:48.267 [FXGL Background Thread 3 ] DEBUG Engine               - class com.almasb.fxgl.dev.DevService
02:12:48.326 [FXGL Background Thread 2 ] INFO  UpdaterService       - Your current version:  21.1
02:12:48.326 [FXGL Background Thread 2 ] INFO  UpdaterService       - Latest stable version: 25
02:13:22.920 [JavaFX Application Thread] DEBUG FXGLAssetLoaderServi - Loading from file system: file:/C:/Users/josue/OneDrive/Desktop/proyecto%20java/Among%20Us/out/production/Among%20Us/assets/sounds/clickBoton.wav
02:13:27.863 [JavaFX Application Thread] DEBUG FXGLAssetLoaderServi - Loading from file system: file:/C:/Users/josue/OneDrive/Desktop/proyecto%20java/Among%20Us/out/production/Among%20Us/assets/textures/tripulante_negro.png
02:13:57.574 [JavaFX Application Thread] DEBUG FXGLAssetLoaderServi - Loading from file system: file:/C:/Users/josue/OneDrive/Desktop/proyecto%20java/Among%20Us/out/production/Among%20Us/assets/textures/tripulante_blanco.png
02:14:01.753 [JavaFX Application Thread] DEBUG FXGLAssetLoaderServi - Loading from file system: file:/C:/Users/josue/OneDrive/Desktop/proyecto%20java/Among%20Us/out/production/Among%20Us/assets/textures/tripulante_rojo.png
02:14:02.658 [JavaFX Application Thread] WARN  TMXLevelLoader       - TiledMap generated from 1.11.2. Supported version: 1.9.0. Some features may not be parsed fully.
02:14:02.740 [JavaFX Application Thread] DEBUG TMXLevelLoader       - Parsed TiledMap: file:/C:/Users/josue/OneDrive/Desktop/proyecto%20java/Among%20Us/out/production/Among%20Us/assets/levels/mapa2.tmx
02:14:02.742 [JavaFX Application Thread] DEBUG TMXLevelLoader       - Creating tile layer entities
02:14:02.748 [JavaFX Application Thread] DEBUG TilesetLoader        - Loading view for layer fondo1
02:14:02.748 [JavaFX Application Thread] DEBUG TilesetLoader        - Created buffer with size 992.0x960.0
02:14:02.779 [JavaFX Application Thread] DEBUG TilesetLoader        - Loading view for layer fondo
02:14:02.780 [JavaFX Application Thread] DEBUG TilesetLoader        - Created buffer with size 992.0x960.0
02:14:02.786 [JavaFX Application Thread] DEBUG TilesetLoader        - Loading view for layer piso
02:14:02.787 [JavaFX Application Thread] DEBUG TilesetLoader        - Created buffer with size 992.0x960.0
02:14:02.792 [JavaFX Application Thread] DEBUG TilesetLoader        - Loading view for layer piso1
02:14:02.793 [JavaFX Application Thread] DEBUG TilesetLoader        - Created buffer with size 992.0x960.0
02:14:02.806 [JavaFX Application Thread] DEBUG TilesetLoader        - Loading view for layer izquierda
02:14:02.806 [JavaFX Application Thread] DEBUG TilesetLoader        - Created buffer with size 992.0x960.0
02:14:02.863 [JavaFX Application Thread] DEBUG TilesetLoader        - Loading view for layer detallesatraspared
02:14:02.908 [JavaFX Application Thread] DEBUG TilesetLoader        - Created buffer with size 992.0x960.0
02:14:02.960 [JavaFX Application Thread] DEBUG TilesetLoader        - Loading view for layer pared2
02:14:02.962 [JavaFX Application Thread] DEBUG TilesetLoader        - Created buffer with size 992.0x960.0
02:14:02.980 [JavaFX Application Thread] DEBUG TilesetLoader        - Loading view for layer techo1
02:14:02.981 [JavaFX Application Thread] DEBUG TilesetLoader        - Created buffer with size 992.0x960.0
02:14:02.988 [JavaFX Application Thread] DEBUG TilesetLoader        - Loading view for layer techo2
02:14:02.989 [JavaFX Application Thread] DEBUG TilesetLoader        - Created buffer with size 992.0x960.0
02:14:02.997 [JavaFX Application Thread] DEBUG TilesetLoader        - Loading view for layer puertita
02:14:02.997 [JavaFX Application Thread] DEBUG TilesetLoader        - Created buffer with size 992.0x960.0
02:14:02.999 [JavaFX Application Thread] DEBUG TilesetLoader        - Loading view for layer puerta
02:14:03.000 [JavaFX Application Thread] DEBUG TilesetLoader        - Created buffer with size 992.0x960.0
02:14:03.003 [JavaFX Application Thread] DEBUG TilesetLoader        - Loading view for layer detalles
02:14:03.004 [JavaFX Application Thread] DEBUG TilesetLoader        - Created buffer with size 992.0x960.0
02:14:03.030 [JavaFX Application Thread] DEBUG TilesetLoader        - Loading view for layer detalles 2
02:14:03.031 [JavaFX Application Thread] DEBUG TilesetLoader        - Created buffer with size 992.0x960.0
02:14:03.051 [JavaFX Application Thread] DEBUG TilesetLoader        - Loading view for layer detalles3
02:14:03.052 [JavaFX Application Thread] DEBUG TilesetLoader        - Created buffer with size 992.0x960.0
02:14:03.096 [JavaFX Application Thread] DEBUG TilesetLoader        - Loading view for layer grieta
02:14:03.096 [JavaFX Application Thread] DEBUG TilesetLoader        - Created buffer with size 992.0x960.0
02:14:03.104 [JavaFX Application Thread] DEBUG TilesetLoader        - Loading view for layer camaras
02:14:03.105 [JavaFX Application Thread] DEBUG TilesetLoader        - Created buffer with size 992.0x960.0
02:14:03.108 [JavaFX Application Thread] DEBUG TilesetLoader        - Loading view for layer Techo
02:14:03.109 [JavaFX Application Thread] DEBUG TilesetLoader        - Created buffer with size 992.0x960.0
02:14:03.110 [JavaFX Application Thread] DEBUG TMXLevelLoader       - Creating object layer entities
02:14:03.270 [JavaFX Application Thread] DEBUG GameWorld            - Clearing removable entities
02:14:03.271 [JavaFX Application Thread] DEBUG GameWorld            - Setting level: com.almasb.fxgl.entity.level.Level@30d0136b
02:14:03.315 [JavaFX Application Thread] DEBUG FXGLAssetLoaderServi - Loading from file system: file:/C:/Users/josue/OneDrive/Desktop/proyecto%20java/Among%20Us/out/production/Among%20Us/assets/textures/fantasma.png
02:14:03.317 [JavaFX Application Thread] DEBUG FXGLAssetLoaderServi - Loading from file system: file:/C:/Users/josue/OneDrive/Desktop/proyecto%20java/Among%20Us/out/production/Among%20Us/assets/textures/rojo_muerto.png
02:14:03.320 [JavaFX Application Thread] DEBUG FXGLAssetLoaderServi - Loading from file system: file:/C:/Users/josue/OneDrive/Desktop/proyecto%20java/Among%20Us/out/production/Among%20Us/assets/textures/animacion_rojo.png
02:14:03.325 [JavaFX Application Thread] DEBUG FXGLAssetLoaderServi - Loading from file system: file:/C:/Users/josue/OneDrive/Desktop/proyecto%20java/Among%20Us/out/production/Among%20Us/assets/textures/alcantarilla_rojo.png
02:14:03.327 [JavaFX Application Thread] DEBUG FXGLAssetLoaderServi - Loading from file system: file:/C:/Users/josue/OneDrive/Desktop/proyecto%20java/Among%20Us/out/production/Among%20Us/assets/textures/alcantarilla_rojoE.png
02:14:03.340 [JavaFX Application Thread] DEBUG FXGLAssetLoaderServi - Loading from file system: file:/C:/Users/josue/OneDrive/Desktop/proyecto%20java/Among%20Us/out/production/Among%20Us/assets/textures/blanco_muerto.png
02:14:03.342 [JavaFX Application Thread] DEBUG FXGLAssetLoaderServi - Loading from file system: file:/C:/Users/josue/OneDrive/Desktop/proyecto%20java/Among%20Us/out/production/Among%20Us/assets/textures/animacion_blanco.png
02:14:03.344 [JavaFX Application Thread] DEBUG FXGLAssetLoaderServi - Loading from file system: file:/C:/Users/josue/OneDrive/Desktop/proyecto%20java/Among%20Us/out/production/Among%20Us/assets/textures/alcantarilla_blanco.png
02:14:03.346 [JavaFX Application Thread] DEBUG FXGLAssetLoaderServi - Loading from file system: file:/C:/Users/josue/OneDrive/Desktop/proyecto%20java/Among%20Us/out/production/Among%20Us/assets/textures/alcantarilla_blancoE.png
02:14:03.350 [JavaFX Application Thread] DEBUG FXGLAssetLoaderServi - Loading from file system: file:/C:/Users/josue/OneDrive/Desktop/proyecto%20java/Among%20Us/out/production/Among%20Us/assets/textures/accionNegada.png
02:14:03.358 [JavaFX Application Thread] DEBUG FXGLAssetLoaderServi - Loading from file system: file:/C:/Users/josue/OneDrive/Desktop/proyecto%20java/Among%20Us/out/production/Among%20Us/assets/textures/pantalla_tripulante.png
02:14:15.261 [JavaFX Application Thread] DEBUG FXGLAssetLoaderServi - Loading from file system: file:/C:/Users/josue/OneDrive/Desktop/proyecto%20java/Among%20Us/out/production/Among%20Us/assets/textures/accion.png
02:14:37.104 [JavaFX Application Thread] DEBUG FXGLApplication      - Exiting FXGL
02:14:37.104 [JavaFX Application Thread] DEBUG LoopRunner           - Stopping loop
02:14:37.104 [JavaFX Application Thread] DEBUG SystemBundleService  - Saving FXGL system data
02:14:37.107 [JavaFX Application Thread] DEBUG FileSystemAccess     - Writing to: C:\Users\josue\OneDrive\Desktop\proyecto java\Among Us\system\fxgl.bundle
02:14:37.109 [JavaFX Application Thread] DEBUG Async                - Shutting down background threads
02:14:37.110 [JavaFX Application Thread] DEBUG PrimaryStageWindow   - Closing main window
02:14:37.255 [JavaFX Application Thread] DEBUG Logger               - Closing Logger
