15:48:51.452 [main                     ] DEBUG Logger               - Configured Logger
15:48:51.466 [main                     ] DEBUG GameApplication      - Logging settings
Title: Among Us UNEG
Version: 0.0
Width: 800
Height: 600
Fullscreen: false
Intro: false
Profiling: false
Single step:false
App Mode: DEVELOPER
Menu Key: ESCAPE
Stage Style: DECORATED
Scene Factory: class com.almasb.fxgl.app.scene.SceneFactory

15:48:52.357 [JavaFX Application Thread] DEBUG FXGLApplication      - Initializing FXGL
15:48:52.364 [JavaFX Application Thread] INFO  Engine               - FXGL-21.1 (26.03.2024 17.33) on WINDOWS (J:25.0.2 FX:21.0.1)
15:48:52.365 [JavaFX Application Thread] DEBUG Engine               - JRE Vendor Name: Oracle Corporation
15:48:52.365 [JavaFX Application Thread] DEBUG Engine               - Running on OS: Windows 11 version 10.0
15:48:52.365 [JavaFX Application Thread] DEBUG Engine               - Architecture: amd64
15:48:52.365 [JavaFX Application Thread] INFO  Engine               - Source code and latest versions at: https://github.com/AlmasB/FXGL
15:48:52.366 [JavaFX Application Thread] INFO  Engine               -       Ask questions and discuss at: https://github.com/AlmasB/FXGL/discussions
15:48:52.366 [JavaFX Application Thread] INFO  Engine               -              Join the FXGL chat at: https://gitter.im/AlmasB/FXGL
15:48:52.563 [JavaFX Application Thread] DEBUG PrimaryStageWindow   - Creating a JavaFX scene
15:48:52.713 [JavaFX Application Thread] DEBUG PrimaryStageWindow   - Target settings size: 800.0 x 600.0
15:48:52.713 [JavaFX Application Thread] DEBUG PrimaryStageWindow   - Scaled scene size:    800.0 x 600.0
15:48:52.713 [JavaFX Application Thread] DEBUG PrimaryStageWindow   - Scaled ratio: (1.0, 1.0)
15:48:52.715 [JavaFX Application Thread] DEBUG PrimaryStageWindow   - Set initial scene to FXGLStartupScene
15:48:52.726 [JavaFX Application Thread] DEBUG PrimaryStageWindow   - Opening main window
15:48:52.916 [JavaFX Application Thread] DEBUG PrimaryStageWindow   - Window border size: (16.0, 39.0)
15:48:52.916 [JavaFX Application Thread] DEBUG PrimaryStageWindow   - Scaled size: 800.0 x 600.0
15:48:52.917 [JavaFX Application Thread] DEBUG PrimaryStageWindow   - Scaled ratio: (1.0, 1.0)
15:48:52.917 [JavaFX Application Thread] DEBUG PrimaryStageWindow   - Scene size: 800.0 x 600.0
15:48:52.917 [JavaFX Application Thread] DEBUG PrimaryStageWindow   - Stage size: 816.0 x 639.0
15:48:53.039 [FXGL Background Thread 1 ] DEBUG Engine               - Initializing environment variables
15:48:53.154 [FXGL Background Thread 1 ] DEBUG FXGLAssetLoaderServi - User app class for loading assets: class main.java.amongUs.AppPrincipal
15:48:53.154 [FXGL Background Thread 1 ] DEBUG GameApplicationServi - Applying CSS: fxgl_dark.css
15:48:53.155 [FXGL Background Thread 1 ] DEBUG FXGLAssetLoaderServi - Loading from file system: jar:file:/C:/Users/josue/OneDrive/Desktop/proyecto%20java/Among%20Us/lib/fxgl-21.1-uber.jar!/fxglassets/ui/css/fxgl_dark.css
15:48:53.337 [FXGL Background Thread 1 ] DEBUG GameApplicationServi - Initializing application scenes
15:48:53.549 [FXGL Background Thread 1 ] DEBUG GameWorld            - Game world initialized
15:48:53.633 [FXGL Background Thread 1 ] DEBUG PhysicsWorld         - Physics world initialized: appHeight=600, physics.ppm=50,0
15:48:53.633 [FXGL Background Thread 1 ] DEBUG PhysicsWorld         - Using strategy: BRUTE_FORCE
15:48:53.638 [FXGL Background Thread 1 ] DEBUG GameScene            - Game scene initialized: 800x600
15:48:53.657 [FXGL Background Thread 1 ] DEBUG FXGL.DefaultMenu     - createMenuBodyGameMenu()
15:48:53.682 [FXGL Background Thread 1 ] DEBUG FXGL.DefaultMenu     - createOptionsMenu()
15:48:53.701 [FXGL Background Thread 1 ] DEBUG FXGLAssetLoaderServi - Loading from file system: jar:file:/C:/Users/josue/OneDrive/Desktop/proyecto%20java/Among%20Us/lib/fxgl-21.1-uber.jar!/fxglassets/textures/particles/smoke.png
15:48:53.881 [FXGL Background Thread 1 ] DEBUG FXGLAssetLoaderServi - Loading from file system: jar:file:/C:/Users/josue/OneDrive/Desktop/proyecto%20java/Among%20Us/lib/fxgl-21.1-uber.jar!/fxglassets/textures/particles/trace_horizontal.png
15:48:53.954 [FXGL Background Thread 1 ] DEBUG GameApplicationServi - Application scenes initialized
15:48:53.984 [FXGL Background Thread 1 ] DEBUG SystemBundleService  - Loading FXGL system data
15:48:53.989 [FXGL Background Thread 1 ] DEBUG FileSystemAccess     - Reading from: C:\Users\josue\OneDrive\Desktop\proyecto java\Among Us\system\fxgl.bundle
15:48:54.005 [FXGL Background Thread 1 ] DEBUG SystemBundleService  - Bundle FXGL: {}
15:48:54.005 [FXGL Background Thread 1 ] DEBUG UpdaterService       - Checking for updates
15:48:54.014 [FXGL Background Thread 1 ] DEBUG FXGLApplication      - Loading default localization
15:48:54.015 [FXGL Background Thread 1 ] DEBUG FXGLAssetLoaderServi - Loading from file system: jar:file:/C:/Users/josue/OneDrive/Desktop/proyecto%20java/Among%20Us/lib/fxgl-21.1-uber.jar!/fxglassets/languages/english.lang
15:48:54.039 [FXGL Background Thread 1 ] INFO  FXGLApplication      - FXGL initialization took: 1,001 sec
15:48:54.054 [JavaFX Application Thread] DEBUG Input                - Registered new binding: Mover Arriba - W
15:48:54.054 [JavaFX Application Thread] DEBUG Input                - Registered new binding: Mover Abajo - S
15:48:54.054 [JavaFX Application Thread] DEBUG Input                - Registered new binding: Mover Izquierda - A
15:48:54.054 [JavaFX Application Thread] DEBUG Input                - Registered new binding: Mover Derecha - D
15:48:54.054 [JavaFX Application Thread] DEBUG Input                - Registered new binding: Abrir Camaras - C
15:48:54.055 [JavaFX Application Thread] DEBUG Input                - Registered new binding: Usar Alcantarilla - Space
15:48:54.055 [JavaFX Application Thread] DEBUG Input                - Registered new binding: Vent Izquierda - Left
15:48:54.055 [JavaFX Application Thread] DEBUG Input                - Registered new binding: Vent Derecha - Right
15:48:54.055 [JavaFX Application Thread] DEBUG Input                - Registered new binding: Vent Arriba - Up
15:48:54.055 [JavaFX Application Thread] DEBUG Input                - Registered new binding: Vent Abajo - Down
15:48:54.055 [JavaFX Application Thread] DEBUG Input                - Registered new binding: Matar Jugador - Q
15:48:54.056 [JavaFX Application Thread] DEBUG FXGLAssetLoaderServi - Loading from file system: file:/C:/Users/josue/OneDrive/Desktop/proyecto%20java/Among%20Us/out/production/Among%20Us/assets/textures/icono.png
15:48:54.126 [FXGL Background Thread 4 ] DEBUG FXGLApplication      - Loading fonts
15:48:54.126 [FXGL Background Thread 4 ] DEBUG FXGLAssetLoaderServi - Loading from file system: jar:file:/C:/Users/josue/OneDrive/Desktop/proyecto%20java/Among%20Us/lib/fxgl-21.1-uber.jar!/fxglassets/ui/fonts/VarelaRound-Regular.ttf
15:48:54.165 [JavaFX Application Thread] DEBUG FXGLAssetLoaderServi - Loading from file system: jar:file:/C:/Users/josue/OneDrive/Desktop/proyecto%20java/Among%20Us/lib/fxgl-21.1-uber.jar!/fxglassets/textures/fxgl_default_cursor.png
15:48:54.180 [JavaFX Application Thread] DEBUG Input                - Registered new binding: Screenshot - CTRL+8
15:48:54.183 [JavaFX Application Thread] DEBUG Input                - Registered new binding: System info dump - CTRL+9
15:48:54.184 [JavaFX Application Thread] DEBUG Input                - Registered new binding: Restart - CTRL+R
15:48:54.190 [JavaFX Application Thread] DEBUG Input                - Registered new binding: Toggle Debug Camera - CTRL+7
15:48:54.261 [JavaFX Application Thread] DEBUG LoopRunner           - Starting loop
15:48:54.264 [JavaFX Application Thread] DEBUG LoopRunner           - Initializing JavaFX AnimationTimerLoop
15:48:54.270 [JavaFX Application Thread] DEBUG GameApplicationServi - Starting new game
15:48:54.277 [JavaFX Application Thread] DEBUG Input                - Clearing active input actions
15:48:54.334 [JavaFX Application Thread] DEBUG GameApplicationServi - Removing overlay from FXGLStartupScene and adding to FXGLLoadingScene
15:48:54.334 [JavaFX Application Thread] DEBUG PrimaryStageWindow   - FXGLStartupScene -> FXGLLoadingScene
15:48:54.335 [JavaFX Application Thread] DEBUG GameApplicationServi - Clearing previous game
15:48:54.335 [JavaFX Application Thread] DEBUG GameScene            - Clearing game scene
15:48:54.335 [JavaFX Application Thread] DEBUG GameWorld            - Clearing game world
15:48:54.335 [JavaFX Application Thread] DEBUG PhysicsWorld         - Clearing physics world
15:48:54.337 [FXGL Background Thread 1 ] DEBUG FXGLApplication      - Initializing game
15:48:54.366 [FXGL Background Thread 1 ] DEBUG FXGLAssetLoaderServi - Loading from file system: file:/C:/Users/josue/OneDrive/Desktop/proyecto%20java/Among%20Us/out/production/Among%20Us/assets/textures/MonitorDeCamaras.png
15:48:54.522 [FXGL Background Thread 1 ] DEBUG FXGLAssetLoaderServi - Loading from file system: file:/C:/Users/josue/OneDrive/Desktop/proyecto%20java/Among%20Us/out/production/Among%20Us/assets/textures/flechaAmarillaIzq.png
15:48:54.530 [FXGL Background Thread 1 ] DEBUG FXGLAssetLoaderServi - Loading from file system: file:/C:/Users/josue/OneDrive/Desktop/proyecto%20java/Among%20Us/out/production/Among%20Us/assets/textures/flechaAmarillaDer.png
15:48:54.547 [FXGL Background Thread 1 ] DEBUG FXGLAssetLoaderServi - Loading from file system: file:/C:/Users/josue/OneDrive/Desktop/proyecto%20java/Among%20Us/out/production/Among%20Us/assets/music/musicaMenu.mp3
15:48:54.985 [FXGL Background Thread 1 ] DEBUG AudioPlayer          - Playing music com.almasb.fxgl.audio.Music@2a22cc8c
15:48:55.531 [FXGL Background Thread 4 ] DEBUG FXGLAssetLoaderServi - Loading from file system: jar:file:/C:/Users/josue/OneDrive/Desktop/proyecto%20java/Among%20Us/lib/fxgl-21.1-uber.jar!/fxglassets/ui/fonts/Abel-Regular.ttf
15:48:55.548 [FXGL Background Thread 4 ] DEBUG FXGLAssetLoaderServi - Loading from file system: jar:file:/C:/Users/josue/OneDrive/Desktop/proyecto%20java/Among%20Us/lib/fxgl-21.1-uber.jar!/fxglassets/ui/fonts/TerminalLandMono-Regular.otf
15:48:55.560 [FXGL Background Thread 4 ] DEBUG FXGLAssetLoaderServi - Loading from file system: jar:file:/C:/Users/josue/OneDrive/Desktop/proyecto%20java/Among%20Us/lib/fxgl-21.1-uber.jar!/fxglassets/ui/fonts/Courier-Prime.ttf
15:48:55.682 [FXGL Background Thread 1 ] INFO  FXGLApplication      - Game initialization took: 1,345 sec
15:48:55.713 [JavaFX Application Thread] DEBUG FXGLApplication      - Registering font factories with UI factory
15:48:55.716 [JavaFX Application Thread] DEBUG Input                - Clearing active input actions
15:48:55.727 [JavaFX Application Thread] DEBUG GameApplicationServi - Removing overlay from FXGLLoadingScene and adding to GameScene
15:48:55.728 [JavaFX Application Thread] DEBUG PrimaryStageWindow   - FXGLLoadingScene -> GameScene
15:48:56.630 [FXGL Background Thread 2 ] INFO  UpdaterService       - Your current version:  21.1
15:48:56.630 [FXGL Background Thread 2 ] INFO  UpdaterService       - Latest stable version: 25
15:48:57.011 [FXGL Background Thread 3 ] DEBUG Engine               - Logging environment variables
15:48:57.013 [FXGL Background Thread 3 ] DEBUG Engine               - achievements: []
15:48:57.014 [FXGL Background Thread 3 ] DEBUG Engine               - actualHeight: 600.0
15:48:57.014 [FXGL Background Thread 3 ] DEBUG Engine               - actualHeightProperty: ReadOnlyDoubleProperty [value: 600.0]
15:48:57.014 [FXGL Background Thread 3 ] DEBUG Engine               - actualWidth: 800.0
15:48:57.014 [FXGL Background Thread 3 ] DEBUG Engine               - actualWidthProperty: ReadOnlyDoubleProperty [value: 800.0]
15:48:57.015 [FXGL Background Thread 3 ] DEBUG Engine               - appIcon: icono.png
15:48:57.015 [FXGL Background Thread 3 ] DEBUG Engine               - applicationMode: DEVELOPER
15:48:57.015 [FXGL Background Thread 3 ] DEBUG Engine               - cSSList: [fxgl_dark.css]
15:48:57.015 [FXGL Background Thread 3 ] DEBUG Engine               - collisionDetectionStrategy: BRUTE_FORCE
15:48:57.016 [FXGL Background Thread 3 ] DEBUG Engine               - configClass: Optional.empty
15:48:57.016 [FXGL Background Thread 3 ] DEBUG Engine               - credits: []
15:48:57.016 [FXGL Background Thread 3 ] DEBUG Engine               - defaultCursor: CursorInfo(imageName=fxgl_default_cursor.png, hotspotX=7.0, hotspotY=6.0)
15:48:57.017 [FXGL Background Thread 3 ] DEBUG Engine               - devBBoxColorProperty: ObjectProperty [value: 0xff0000ff]
15:48:57.017 [FXGL Background Thread 3 ] DEBUG Engine               - devEnableDebugCameraProperty: BooleanProperty [value: false]
15:48:57.017 [FXGL Background Thread 3 ] DEBUG Engine               - devSensorColorProperty: ObjectProperty [value: 0xffff00ff]
15:48:57.017 [FXGL Background Thread 3 ] DEBUG Engine               - devShowBBoxProperty: BooleanProperty [value: false]
15:48:57.017 [FXGL Background Thread 3 ] DEBUG Engine               - devShowPositionProperty: BooleanProperty [value: false]
15:48:57.017 [FXGL Background Thread 3 ] DEBUG Engine               - enabledMenuItems: []
15:48:57.017 [FXGL Background Thread 3 ] DEBUG Engine               - engineServices: [class com.almasb.fxgl.app.services.FXGLAssetLoaderService, class com.almasb.fxgl.app.FXGLApplication$GameApplicationService, class com.almasb.fxgl.app.services.FXGLDialogService, class com.almasb.fxgl.app.services.IOTaskExecutorService, class com.almasb.fxgl.io.FileSystemService, class com.almasb.fxgl.localization.LocalizationService, class com.almasb.fxgl.app.services.SystemBundleService, class com.almasb.fxgl.profile.SaveLoadService, class com.almasb.fxgl.ui.FXGLUIFactoryServiceProvider, class com.almasb.fxgl.ui.FXGLDialogFactoryServiceProvider, class com.almasb.fxgl.audio.AudioPlayer, class com.almasb.fxgl.notification.impl.NotificationServiceProvider, class com.almasb.fxgl.achievement.AchievementService, class com.almasb.fxgl.cutscene.CutsceneService, class com.almasb.fxgl.minigames.MiniGameService, class com.almasb.fxgl.net.NetService, class com.almasb.fxgl.app.services.UpdaterService, class com.almasb.fxgl.dev.DevService]
15:48:57.017 [FXGL Background Thread 3 ] DEBUG Engine               - fontGame: Abel-Regular.ttf
15:48:57.017 [FXGL Background Thread 3 ] DEBUG Engine               - fontMono: TerminalLandMono-Regular.otf
15:48:57.017 [FXGL Background Thread 3 ] DEBUG Engine               - fontSizeScaleUI: 1.0
15:48:57.017 [FXGL Background Thread 3 ] DEBUG Engine               - fontText: Courier-Prime.ttf
15:48:57.017 [FXGL Background Thread 3 ] DEBUG Engine               - fontUI: VarelaRound-Regular.ttf
15:48:57.017 [FXGL Background Thread 3 ] DEBUG Engine               - fullScreen: BooleanProperty [value: false]
15:48:57.017 [FXGL Background Thread 3 ] DEBUG Engine               - gameDifficulty: MEDIUM
15:48:57.017 [FXGL Background Thread 3 ] DEBUG Engine               - gameDifficultyProperty: ObjectProperty [value: MEDIUM]
15:48:57.017 [FXGL Background Thread 3 ] DEBUG Engine               - globalMusicVolume: 0.5
15:48:57.018 [FXGL Background Thread 3 ] DEBUG Engine               - globalMusicVolumeProperty: DoubleProperty [value: 0.4]
15:48:57.018 [FXGL Background Thread 3 ] DEBUG Engine               - globalSoundVolume: 0.5
15:48:57.018 [FXGL Background Thread 3 ] DEBUG Engine               - globalSoundVolumeProperty: DoubleProperty [value: 0.5]
15:48:57.020 [FXGL Background Thread 3 ] DEBUG Engine               - height: 600
15:48:57.020 [FXGL Background Thread 3 ] DEBUG Engine               - is3D: false
15:48:57.020 [FXGL Background Thread 3 ] DEBUG Engine               - isAndroid: false
15:48:57.020 [FXGL Background Thread 3 ] DEBUG Engine               - isBrowser: false
15:48:57.020 [FXGL Background Thread 3 ] DEBUG Engine               - isClickFeedbackEnabled: false
15:48:57.020 [FXGL Background Thread 3 ] DEBUG Engine               - isCloseConfirmation: false
15:48:57.020 [FXGL Background Thread 3 ] DEBUG Engine               - isDesktop: true
15:48:57.020 [FXGL Background Thread 3 ] DEBUG Engine               - isDeveloperMenuEnabled: false
15:48:57.020 [FXGL Background Thread 3 ] DEBUG Engine               - isEmbedded: false
15:48:57.021 [FXGL Background Thread 3 ] DEBUG Engine               - isEntityPreloadEnabled: true
15:48:57.021 [FXGL Background Thread 3 ] DEBUG Engine               - isExperimentalTiledLargeMap: false
15:48:57.021 [FXGL Background Thread 3 ] DEBUG Engine               - isFileSystemWriteAllowed: true
15:48:57.021 [FXGL Background Thread 3 ] DEBUG Engine               - isFullScreenAllowed: false
15:48:57.021 [FXGL Background Thread 3 ] DEBUG Engine               - isFullScreenFromStart: false
15:48:57.021 [FXGL Background Thread 3 ] DEBUG Engine               - isGameMenuEnabled: true
15:48:57.021 [FXGL Background Thread 3 ] DEBUG Engine               - isIOS: false
15:48:57.021 [FXGL Background Thread 3 ] DEBUG Engine               - isIntroEnabled: false
15:48:57.021 [FXGL Background Thread 3 ] DEBUG Engine               - isLinux: false
15:48:57.021 [FXGL Background Thread 3 ] DEBUG Engine               - isMac: false
15:48:57.021 [FXGL Background Thread 3 ] DEBUG Engine               - isMainMenuEnabled: false
15:48:57.021 [FXGL Background Thread 3 ] DEBUG Engine               - isManualResizeEnabled: false
15:48:57.022 [FXGL Background Thread 3 ] DEBUG Engine               - isMobile: false
15:48:57.022 [FXGL Background Thread 3 ] DEBUG Engine               - isNative: false
15:48:57.022 [FXGL Background Thread 3 ] DEBUG Engine               - isPauseMusicWhenMinimized: true
15:48:57.022 [FXGL Background Thread 3 ] DEBUG Engine               - isPreserveResizeRatio: false
15:48:57.022 [FXGL Background Thread 3 ] DEBUG Engine               - isProfilingEnabled: false
15:48:57.022 [FXGL Background Thread 3 ] DEBUG Engine               - isScaleAffectedOnResize: true
15:48:57.022 [FXGL Background Thread 3 ] DEBUG Engine               - isSingleStep: false
15:48:57.022 [FXGL Background Thread 3 ] DEBUG Engine               - isUserProfileEnabled: false
15:48:57.022 [FXGL Background Thread 3 ] DEBUG Engine               - isWindows: true
15:48:57.022 [FXGL Background Thread 3 ] DEBUG Engine               - language: ObjectProperty [value: ENGLISH]
15:48:57.022 [FXGL Background Thread 3 ] DEBUG Engine               - menuKey: ESCAPE
15:48:57.022 [FXGL Background Thread 3 ] DEBUG Engine               - mouseSensitivity: 0.2
15:48:57.022 [FXGL Background Thread 3 ] DEBUG Engine               - notificationViewClass: class com.almasb.fxgl.notification.view.XboxNotificationView
15:48:57.022 [FXGL Background Thread 3 ] DEBUG Engine               - pixelsPerMeter: 50.0
15:48:57.022 [FXGL Background Thread 3 ] DEBUG Engine               - platform: WINDOWS
15:48:57.022 [FXGL Background Thread 3 ] DEBUG Engine               - prefHeightProperty: ReadOnlyDoubleProperty [value: 600.0]
15:48:57.022 [FXGL Background Thread 3 ] DEBUG Engine               - prefWidthProperty: ReadOnlyDoubleProperty [value: 800.0]
15:48:57.022 [FXGL Background Thread 3 ] DEBUG Engine               - profileDir: profiles/
15:48:57.022 [FXGL Background Thread 3 ] DEBUG Engine               - profileName: StringProperty [value: DEFAULT]
15:48:57.022 [FXGL Background Thread 3 ] DEBUG Engine               - randomSeed: -1
15:48:57.023 [FXGL Background Thread 3 ] DEBUG Engine               - runtimeInfo: RuntimeInfo(platform=WINDOWS, version=21.1, build=26.03.2024 17.33)
15:48:57.023 [FXGL Background Thread 3 ] DEBUG Engine               - saveFileExt: sav
15:48:57.023 [FXGL Background Thread 3 ] DEBUG Engine               - scaledHeightProp$fxgl: DoubleProperty [bound, value: 600.0]
15:48:57.023 [FXGL Background Thread 3 ] DEBUG Engine               - scaledWidthProp$fxgl: DoubleProperty [bound, value: 800.0]
15:48:57.023 [FXGL Background Thread 3 ] DEBUG Engine               - sceneFactory: com.almasb.fxgl.app.scene.SceneFactory@d970efd
15:48:57.023 [FXGL Background Thread 3 ] DEBUG Engine               - secondsIn24h: 60
15:48:57.023 [FXGL Background Thread 3 ] DEBUG Engine               - soundMenuBack: menu/back.wav
15:48:57.023 [FXGL Background Thread 3 ] DEBUG Engine               - soundMenuPress: menu/press.wav
15:48:57.023 [FXGL Background Thread 3 ] DEBUG Engine               - soundMenuSelect: menu/select.wav
15:48:57.023 [FXGL Background Thread 3 ] DEBUG Engine               - soundNotification: core/notification.wav
15:48:57.023 [FXGL Background Thread 3 ] DEBUG Engine               - stageStyle: DECORATED
15:48:57.023 [FXGL Background Thread 3 ] DEBUG Engine               - supportedLanguages: [ENGLISH, FRENCH, GERMAN, HUNGARIAN, RUSSIAN]
15:48:57.023 [FXGL Background Thread 3 ] DEBUG Engine               - ticksPerSecond: -1
15:48:57.023 [FXGL Background Thread 3 ] DEBUG Engine               - title: Among Us UNEG
15:48:57.023 [FXGL Background Thread 3 ] DEBUG Engine               - urlGithub: https://github.com/AlmasB/FXGL
15:48:57.023 [FXGL Background Thread 3 ] DEBUG Engine               - urlLeaderboard: http://fxgl-top.herokuapp.com/
15:48:57.023 [FXGL Background Thread 3 ] DEBUG Engine               - urlPOM: https://raw.githubusercontent.com/AlmasB/FXGL/release/README.md
15:48:57.024 [FXGL Background Thread 3 ] DEBUG Engine               - userAppClass: class main.java.amongUs.AppPrincipal
15:48:57.024 [FXGL Background Thread 3 ] DEBUG Engine               - version: 0.0
15:48:57.024 [FXGL Background Thread 3 ] DEBUG Engine               - versionCheckDays: 7
15:48:57.024 [FXGL Background Thread 3 ] DEBUG Engine               - width: 800
15:48:57.024 [FXGL Background Thread 3 ] DEBUG Engine               - Logging services
15:48:57.024 [FXGL Background Thread 3 ] DEBUG Engine               - class com.almasb.fxgl.app.services.FXGLAssetLoaderService
15:48:57.024 [FXGL Background Thread 3 ] DEBUG Engine               - class com.almasb.fxgl.app.FXGLApplication$GameApplicationService
15:48:57.024 [FXGL Background Thread 3 ] DEBUG Engine               - class com.almasb.fxgl.app.services.FXGLDialogService
15:48:57.024 [FXGL Background Thread 3 ] DEBUG Engine               - class com.almasb.fxgl.app.services.IOTaskExecutorService
15:48:57.025 [FXGL Background Thread 3 ] DEBUG Engine               - class com.almasb.fxgl.io.FileSystemService
15:48:57.025 [FXGL Background Thread 3 ] DEBUG Engine               - class com.almasb.fxgl.localization.LocalizationService
15:48:57.025 [FXGL Background Thread 3 ] DEBUG Engine               - class com.almasb.fxgl.app.services.SystemBundleService
15:48:57.025 [FXGL Background Thread 3 ] DEBUG Engine               - class com.almasb.fxgl.profile.SaveLoadService
15:48:57.025 [FXGL Background Thread 3 ] DEBUG Engine               - class com.almasb.fxgl.ui.FXGLUIFactoryServiceProvider
15:48:57.025 [FXGL Background Thread 3 ] DEBUG Engine               - class com.almasb.fxgl.ui.FXGLDialogFactoryServiceProvider
15:48:57.025 [FXGL Background Thread 3 ] DEBUG Engine               - class com.almasb.fxgl.audio.AudioPlayer
15:48:57.025 [FXGL Background Thread 3 ] DEBUG Engine               - class com.almasb.fxgl.notification.impl.NotificationServiceProvider
15:48:57.025 [FXGL Background Thread 3 ] DEBUG Engine               - class com.almasb.fxgl.achievement.AchievementService
15:48:57.025 [FXGL Background Thread 3 ] DEBUG Engine               - class com.almasb.fxgl.cutscene.CutsceneService
15:48:57.025 [FXGL Background Thread 3 ] DEBUG Engine               - class com.almasb.fxgl.minigames.MiniGameService
15:48:57.025 [FXGL Background Thread 3 ] DEBUG Engine               - class com.almasb.fxgl.net.NetService
15:48:57.025 [FXGL Background Thread 3 ] DEBUG Engine               - class com.almasb.fxgl.app.services.UpdaterService
15:48:57.025 [FXGL Background Thread 3 ] DEBUG Engine               - class com.almasb.fxgl.dev.DevService
15:49:10.391 [JavaFX Application Thread] DEBUG FXGLAssetLoaderServi - Loading from file system: file:/C:/Users/josue/OneDrive/Desktop/proyecto%20java/Among%20Us/out/production/Among%20Us/assets/sounds/clickBoton.wav
15:49:15.252 [JavaFX Application Thread] DEBUG FXGLAssetLoaderServi - Loading from file system: file:/C:/Users/josue/OneDrive/Desktop/proyecto%20java/Among%20Us/out/production/Among%20Us/assets/textures/tripulante_negro.png
15:49:36.032 [JavaFX Application Thread] DEBUG FXGLAssetLoaderServi - Loading from file system: file:/C:/Users/josue/OneDrive/Desktop/proyecto%20java/Among%20Us/out/production/Among%20Us/assets/textures/tripulante_verde.png
15:49:41.337 [JavaFX Application Thread] WARN  TMXLevelLoader       - TiledMap generated from 1.11.2. Supported version: 1.9.0. Some features may not be parsed fully.
15:49:41.660 [JavaFX Application Thread] DEBUG TMXLevelLoader       - Parsed TiledMap: file:/C:/Users/josue/OneDrive/Desktop/proyecto%20java/Among%20Us/out/production/Among%20Us/assets/levels/mapa2.tmx
15:49:41.662 [JavaFX Application Thread] DEBUG TMXLevelLoader       - Creating tile layer entities
15:49:41.695 [JavaFX Application Thread] DEBUG TilesetLoader        - Loading view for layer fondo1
15:49:41.784 [JavaFX Application Thread] DEBUG TilesetLoader        - Created buffer with size 992.0x960.0
15:49:41.905 [JavaFX Application Thread] DEBUG TilesetLoader        - Loading view for layer fondo
15:49:41.906 [JavaFX Application Thread] DEBUG TilesetLoader        - Created buffer with size 992.0x960.0
15:49:41.911 [JavaFX Application Thread] DEBUG TilesetLoader        - Loading view for layer piso
15:49:41.912 [JavaFX Application Thread] DEBUG TilesetLoader        - Created buffer with size 992.0x960.0
15:49:41.917 [JavaFX Application Thread] DEBUG TilesetLoader        - Loading view for layer piso1
15:49:41.919 [JavaFX Application Thread] DEBUG TilesetLoader        - Created buffer with size 992.0x960.0
15:49:41.926 [JavaFX Application Thread] DEBUG TilesetLoader        - Loading view for layer izquierda
15:49:41.927 [JavaFX Application Thread] DEBUG TilesetLoader        - Created buffer with size 992.0x960.0
15:49:41.937 [JavaFX Application Thread] DEBUG TilesetLoader        - Loading view for layer detallesatraspared
15:49:41.938 [JavaFX Application Thread] DEBUG TilesetLoader        - Created buffer with size 992.0x960.0
15:49:41.997 [JavaFX Application Thread] DEBUG TilesetLoader        - Loading view for layer pared2
15:49:41.998 [JavaFX Application Thread] DEBUG TilesetLoader        - Created buffer with size 992.0x960.0
15:49:42.012 [JavaFX Application Thread] DEBUG TilesetLoader        - Loading view for layer techo1
15:49:42.013 [JavaFX Application Thread] DEBUG TilesetLoader        - Created buffer with size 992.0x960.0
15:49:42.017 [JavaFX Application Thread] DEBUG TilesetLoader        - Loading view for layer techo2
15:49:42.018 [JavaFX Application Thread] DEBUG TilesetLoader        - Created buffer with size 992.0x960.0
15:49:42.024 [JavaFX Application Thread] DEBUG TilesetLoader        - Loading view for layer puertita
15:49:42.025 [JavaFX Application Thread] DEBUG TilesetLoader        - Created buffer with size 992.0x960.0
15:49:42.026 [JavaFX Application Thread] DEBUG TilesetLoader        - Loading view for layer puerta
15:49:42.027 [JavaFX Application Thread] DEBUG TilesetLoader        - Created buffer with size 992.0x960.0
15:49:42.030 [JavaFX Application Thread] DEBUG TilesetLoader        - Loading view for layer detalles
15:49:42.031 [JavaFX Application Thread] DEBUG TilesetLoader        - Created buffer with size 992.0x960.0
15:49:42.051 [JavaFX Application Thread] DEBUG TilesetLoader        - Loading view for layer detalles 2
15:49:42.052 [JavaFX Application Thread] DEBUG TilesetLoader        - Created buffer with size 992.0x960.0
15:49:42.067 [JavaFX Application Thread] DEBUG TilesetLoader        - Loading view for layer detalles3
15:49:42.068 [JavaFX Application Thread] DEBUG TilesetLoader        - Created buffer with size 992.0x960.0
15:49:42.098 [JavaFX Application Thread] DEBUG TilesetLoader        - Loading view for layer grieta
15:49:42.100 [JavaFX Application Thread] DEBUG TilesetLoader        - Created buffer with size 992.0x960.0
15:49:42.101 [JavaFX Application Thread] DEBUG TilesetLoader        - Loading view for layer camaras
15:49:42.102 [JavaFX Application Thread] DEBUG TilesetLoader        - Created buffer with size 992.0x960.0
15:49:42.106 [JavaFX Application Thread] DEBUG TilesetLoader        - Loading view for layer Techo
15:49:42.107 [JavaFX Application Thread] DEBUG TilesetLoader        - Created buffer with size 992.0x960.0
15:49:42.131 [JavaFX Application Thread] DEBUG TMXLevelLoader       - Creating object layer entities
15:49:42.216 [JavaFX Application Thread] DEBUG GameWorld            - Clearing removable entities
15:49:42.216 [JavaFX Application Thread] DEBUG GameWorld            - Setting level: com.almasb.fxgl.entity.level.Level@54ba47ed
15:49:42.287 [JavaFX Application Thread] DEBUG FXGLAssetLoaderServi - Loading from file system: file:/C:/Users/josue/OneDrive/Desktop/proyecto%20java/Among%20Us/out/production/Among%20Us/assets/textures/fantasma.png
15:49:42.292 [JavaFX Application Thread] DEBUG FXGLAssetLoaderServi - Loading from file system: file:/C:/Users/josue/OneDrive/Desktop/proyecto%20java/Among%20Us/out/production/Among%20Us/assets/textures/negro_muerto.png
15:49:42.293 [JavaFX Application Thread] DEBUG FXGLAssetLoaderServi - Loading from file system: file:/C:/Users/josue/OneDrive/Desktop/proyecto%20java/Among%20Us/out/production/Among%20Us/assets/textures/animacion_negro.png
15:49:42.296 [JavaFX Application Thread] DEBUG FXGLAssetLoaderServi - Loading from file system: file:/C:/Users/josue/OneDrive/Desktop/proyecto%20java/Among%20Us/out/production/Among%20Us/assets/textures/alcantarilla_negro.png
15:49:42.299 [JavaFX Application Thread] DEBUG FXGLAssetLoaderServi - Loading from file system: file:/C:/Users/josue/OneDrive/Desktop/proyecto%20java/Among%20Us/out/production/Among%20Us/assets/textures/alcantarilla_negroE.png
15:49:42.314 [JavaFX Application Thread] DEBUG FXGLAssetLoaderServi - Loading from file system: file:/C:/Users/josue/OneDrive/Desktop/proyecto%20java/Among%20Us/out/production/Among%20Us/assets/textures/accionNegada.png
15:49:42.605 [JavaFX Application Thread] DEBUG FXGLAssetLoaderServi - Loading from file system: file:/C:/Users/josue/OneDrive/Desktop/proyecto%20java/Among%20Us/out/production/Among%20Us/assets/textures/pantalla_tripulante.png
15:49:59.867 [JavaFX Application Thread] DEBUG FXGLAssetLoaderServi - Loading from file system: file:/C:/Users/josue/OneDrive/Desktop/proyecto%20java/Among%20Us/out/production/Among%20Us/assets/textures/accion.png
15:50:00.462 [JavaFX Application Thread] DEBUG Input                - Mocking key press: C
15:50:00.463 [JavaFX Application Thread] DEBUG Input                - Mocking key release: C
15:50:22.357 [JavaFX Application Thread] DEBUG PrimaryStageWindow   - Push state: FXGLDefaultMenu
15:50:22.361 [JavaFX Application Thread] DEBUG Input                - Clearing active input actions
15:50:22.364 [JavaFX Application Thread] DEBUG GameApplicationServi - Removing overlay from GameScene and adding to FXGLDefaultMenu
15:50:22.364 [JavaFX Application Thread] DEBUG PrimaryStageWindow   - GameScene -> FXGLDefaultMenu
15:50:22.953 [JavaFX Application Thread] DEBUG PrimaryStageWindow   - Pop state: FXGLDefaultMenu
15:50:22.954 [JavaFX Application Thread] DEBUG Input                - Clearing active input actions
15:50:22.954 [JavaFX Application Thread] DEBUG GameApplicationServi - Removing overlay from FXGLDefaultMenu and adding to GameScene
15:50:22.954 [JavaFX Application Thread] DEBUG PrimaryStageWindow   - GameScene <- FXGLDefaultMenu
15:50:23.325 [JavaFX Application Thread] DEBUG PrimaryStageWindow   - Push state: FXGLDefaultMenu
15:50:23.325 [JavaFX Application Thread] DEBUG Input                - Clearing active input actions
15:50:23.326 [JavaFX Application Thread] DEBUG GameApplicationServi - Removing overlay from GameScene and adding to FXGLDefaultMenu
15:50:23.326 [JavaFX Application Thread] DEBUG PrimaryStageWindow   - GameScene -> FXGLDefaultMenu
15:50:24.174 [JavaFX Application Thread] DEBUG Menu                 - fireExit()
15:50:24.179 [JavaFX Application Thread] DEBUG PrimaryStageWindow   - Push state: DialogSubScene
15:50:24.179 [JavaFX Application Thread] DEBUG Input                - Clearing active input actions
15:50:24.180 [JavaFX Application Thread] DEBUG GameApplicationServi - Removing overlay from FXGLDefaultMenu and adding to DialogSubScene
15:50:24.180 [JavaFX Application Thread] DEBUG PrimaryStageWindow   - FXGLDefaultMenu -> DialogSubScene
15:50:24.926 [JavaFX Application Thread] DEBUG PrimaryStageWindow   - Pop state: DialogSubScene
15:50:24.926 [JavaFX Application Thread] DEBUG Input                - Clearing active input actions
15:50:24.927 [JavaFX Application Thread] DEBUG GameApplicationServi - Removing overlay from DialogSubScene and adding to FXGLDefaultMenu
15:50:24.927 [JavaFX Application Thread] DEBUG PrimaryStageWindow   - FXGLDefaultMenu <- DialogSubScene
15:50:24.927 [JavaFX Application Thread] DEBUG FXGLApplication      - Exiting FXGL
15:50:24.927 [JavaFX Application Thread] DEBUG LoopRunner           - Stopping loop
15:50:24.927 [JavaFX Application Thread] DEBUG SystemBundleService  - Saving FXGL system data
15:50:24.931 [JavaFX Application Thread] DEBUG FileSystemAccess     - Writing to: C:\Users\josue\OneDrive\Desktop\proyecto java\Among Us\system\fxgl.bundle
15:50:24.933 [JavaFX Application Thread] DEBUG Async                - Shutting down background threads
15:50:24.934 [JavaFX Application Thread] DEBUG PrimaryStageWindow   - Closing main window
15:50:25.093 [JavaFX Application Thread] DEBUG Logger               - Closing Logger
