20:59:46.886 [main                     ] DEBUG Logger               - Configured Logger
20:59:46.892 [main                     ] DEBUG GameApplication      - Logging settings
Title: Among Us UNEG
Version: 0.0
Width: 800
Height: 600
Fullscreen: false
Intro: false
Profiling: false
Single step:false
App Mode: DEVELOPER
Menu Key: ESCAPE
Stage Style: DECORATED
Scene Factory: class com.almasb.fxgl.app.scene.SceneFactory

20:59:47.338 [JavaFX Application Thread] DEBUG FXGLApplication      - Initializing FXGL
20:59:47.340 [JavaFX Application Thread] INFO  Engine               - FXGL-21.1 (26.03.2024 17.33) on WINDOWS (J:25.0.2 FX:21.0.1)
20:59:47.340 [JavaFX Application Thread] DEBUG Engine               - JRE Vendor Name: Oracle Corporation
20:59:47.340 [JavaFX Application Thread] DEBUG Engine               - Running on OS: Windows 11 version 10.0
20:59:47.340 [JavaFX Application Thread] DEBUG Engine               - Architecture: amd64
20:59:47.340 [JavaFX Application Thread] INFO  Engine               - Source code and latest versions at: https://github.com/AlmasB/FXGL
20:59:47.340 [JavaFX Application Thread] INFO  Engine               -       Ask questions and discuss at: https://github.com/AlmasB/FXGL/discussions
20:59:47.340 [JavaFX Application Thread] INFO  Engine               -              Join the FXGL chat at: https://gitter.im/AlmasB/FXGL
20:59:47.419 [JavaFX Application Thread] DEBUG PrimaryStageWindow   - Creating a JavaFX scene
20:59:47.467 [JavaFX Application Thread] DEBUG PrimaryStageWindow   - Target settings size: 800.0 x 600.0
20:59:47.467 [JavaFX Application Thread] DEBUG PrimaryStageWindow   - Scaled scene size:    800.0 x 600.0
20:59:47.467 [JavaFX Application Thread] DEBUG PrimaryStageWindow   - Scaled ratio: (1.0, 1.0)
20:59:47.468 [JavaFX Application Thread] DEBUG PrimaryStageWindow   - Set initial scene to FXGLStartupScene
20:59:47.471 [JavaFX Application Thread] DEBUG PrimaryStageWindow   - Opening main window
20:59:47.557 [JavaFX Application Thread] DEBUG PrimaryStageWindow   - Window border size: (14.66668701171875, 37.33331298828125)
20:59:47.558 [JavaFX Application Thread] DEBUG PrimaryStageWindow   - Scaled size: 800.0 x 600.0
20:59:47.558 [JavaFX Application Thread] DEBUG PrimaryStageWindow   - Scaled ratio: (1.0, 1.0)
20:59:47.558 [JavaFX Application Thread] DEBUG PrimaryStageWindow   - Scene size: 800.0 x 600.0
20:59:47.558 [JavaFX Application Thread] DEBUG PrimaryStageWindow   - Stage size: 814.6666870117188 x 637.3333129882812
20:59:47.566 [FXGL Background Thread 1 ] DEBUG Engine               - Initializing environment variables
20:59:47.623 [FXGL Background Thread 1 ] DEBUG FXGLAssetLoaderServi - User app class for loading assets: class main.java.amongUs.AppPrincipal
20:59:47.623 [FXGL Background Thread 1 ] DEBUG GameApplicationServi - Applying CSS: fxgl_dark.css
20:59:47.624 [FXGL Background Thread 1 ] DEBUG FXGLAssetLoaderServi - Loading from file system: jar:file:/C:/Users/nicol/Desktop/amongu/lib/fxgl-21.1-uber.jar!/fxglassets/ui/css/fxgl_dark.css
20:59:47.656 [FXGL Background Thread 1 ] DEBUG GameApplicationServi - Initializing application scenes
20:59:47.685 [FXGL Background Thread 1 ] DEBUG GameWorld            - Game world initialized
20:59:47.732 [FXGL Background Thread 1 ] DEBUG PhysicsWorld         - Physics world initialized: appHeight=600, physics.ppm=50,0
20:59:47.733 [FXGL Background Thread 1 ] DEBUG PhysicsWorld         - Using strategy: BRUTE_FORCE
20:59:47.735 [FXGL Background Thread 1 ] DEBUG GameScene            - Game scene initialized: 800x600
20:59:47.745 [FXGL Background Thread 1 ] DEBUG FXGL.DefaultMenu     - createMenuBodyGameMenu()
20:59:47.757 [FXGL Background Thread 1 ] DEBUG FXGL.DefaultMenu     - createOptionsMenu()
20:59:47.765 [FXGL Background Thread 1 ] DEBUG FXGLAssetLoaderServi - Loading from file system: jar:file:/C:/Users/nicol/Desktop/amongu/lib/fxgl-21.1-uber.jar!/fxglassets/textures/particles/smoke.png
20:59:47.832 [FXGL Background Thread 1 ] DEBUG FXGLAssetLoaderServi - Loading from file system: jar:file:/C:/Users/nicol/Desktop/amongu/lib/fxgl-21.1-uber.jar!/fxglassets/textures/particles/trace_horizontal.png
20:59:47.854 [FXGL Background Thread 1 ] DEBUG GameApplicationServi - Application scenes initialized
20:59:47.866 [FXGL Background Thread 1 ] DEBUG SystemBundleService  - Loading FXGL system data
20:59:47.869 [FXGL Background Thread 1 ] DEBUG FileSystemAccess     - Reading from: C:\Users\nicol\Desktop\amongu\system\fxgl.bundle
20:59:47.874 [FXGL Background Thread 1 ] DEBUG SystemBundleService  - Bundle FXGL: {}
20:59:47.874 [FXGL Background Thread 1 ] DEBUG UpdaterService       - Checking for updates
20:59:47.877 [FXGL Background Thread 4 ] DEBUG FXGLApplication      - Loading fonts
20:59:47.877 [FXGL Background Thread 1 ] DEBUG FXGLApplication      - Loading default localization
20:59:47.878 [FXGL Background Thread 4 ] DEBUG FXGLAssetLoaderServi - Loading from file system: jar:file:/C:/Users/nicol/Desktop/amongu/lib/fxgl-21.1-uber.jar!/fxglassets/ui/fonts/VarelaRound-Regular.ttf
20:59:47.878 [FXGL Background Thread 1 ] DEBUG FXGLAssetLoaderServi - Loading from file system: jar:file:/C:/Users/nicol/Desktop/amongu/lib/fxgl-21.1-uber.jar!/fxglassets/languages/english.lang
20:59:47.895 [FXGL Background Thread 1 ] INFO  FXGLApplication      - FXGL initialization took: 0,329 sec
20:59:47.904 [JavaFX Application Thread] DEBUG Input                - Registered new binding: Mover Arriba - W
20:59:47.904 [JavaFX Application Thread] DEBUG Input                - Registered new binding: Mover Abajo - S
20:59:47.904 [JavaFX Application Thread] DEBUG Input                - Registered new binding: Mover Izquierda - A
20:59:47.904 [JavaFX Application Thread] DEBUG Input                - Registered new binding: Mover Derecha - D
20:59:47.904 [JavaFX Application Thread] DEBUG Input                - Registered new binding: Abrir Camaras - C
20:59:47.904 [JavaFX Application Thread] DEBUG Input                - Registered new binding: Usar Alcantarilla - Space
20:59:47.904 [JavaFX Application Thread] DEBUG Input                - Registered new binding: Vent Izquierda - Left
20:59:47.904 [JavaFX Application Thread] DEBUG Input                - Registered new binding: Vent Derecha - Right
20:59:47.905 [JavaFX Application Thread] DEBUG Input                - Registered new binding: Vent Arriba - Up
20:59:47.905 [JavaFX Application Thread] DEBUG Input                - Registered new binding: Vent Abajo - Down
20:59:47.905 [JavaFX Application Thread] DEBUG Input                - Registered new binding: Matar Jugador - Q
20:59:47.905 [JavaFX Application Thread] DEBUG FXGLAssetLoaderServi - Loading from file system: file:/C:/Users/nicol/Desktop/amongu/out/production/Among%20Us/assets/textures/icono.png
20:59:47.915 [FXGL Background Thread 4 ] DEBUG FXGLAssetLoaderServi - Loading from file system: jar:file:/C:/Users/nicol/Desktop/amongu/lib/fxgl-21.1-uber.jar!/fxglassets/ui/fonts/Abel-Regular.ttf
20:59:47.920 [FXGL Background Thread 4 ] DEBUG FXGLAssetLoaderServi - Loading from file system: jar:file:/C:/Users/nicol/Desktop/amongu/lib/fxgl-21.1-uber.jar!/fxglassets/ui/fonts/TerminalLandMono-Regular.otf
20:59:47.921 [JavaFX Application Thread] DEBUG FXGLAssetLoaderServi - Loading from file system: jar:file:/C:/Users/nicol/Desktop/amongu/lib/fxgl-21.1-uber.jar!/fxglassets/textures/fxgl_default_cursor.png
20:59:47.923 [JavaFX Application Thread] DEBUG Input                - Registered new binding: Screenshot - CTRL+8
20:59:47.923 [JavaFX Application Thread] DEBUG Input                - Registered new binding: System info dump - CTRL+9
20:59:47.924 [JavaFX Application Thread] DEBUG Input                - Registered new binding: Restart - CTRL+R
20:59:47.924 [FXGL Background Thread 4 ] DEBUG FXGLAssetLoaderServi - Loading from file system: jar:file:/C:/Users/nicol/Desktop/amongu/lib/fxgl-21.1-uber.jar!/fxglassets/ui/fonts/Courier-Prime.ttf
20:59:47.924 [JavaFX Application Thread] DEBUG Input                - Registered new binding: Toggle Debug Camera - CTRL+7
20:59:47.928 [JavaFX Application Thread] DEBUG LoopRunner           - Starting loop
20:59:47.928 [JavaFX Application Thread] DEBUG LoopRunner           - Initializing JavaFX AnimationTimerLoop
20:59:47.930 [JavaFX Application Thread] DEBUG GameApplicationServi - Starting new game
20:59:47.931 [JavaFX Application Thread] DEBUG Input                - Clearing active input actions
20:59:47.942 [JavaFX Application Thread] DEBUG GameApplicationServi - Removing overlay from FXGLStartupScene and adding to FXGLLoadingScene
20:59:47.943 [JavaFX Application Thread] DEBUG PrimaryStageWindow   - FXGLStartupScene -> FXGLLoadingScene
20:59:47.943 [JavaFX Application Thread] DEBUG GameApplicationServi - Clearing previous game
20:59:47.943 [JavaFX Application Thread] DEBUG GameScene            - Clearing game scene
20:59:47.943 [JavaFX Application Thread] DEBUG GameWorld            - Clearing game world
20:59:47.943 [JavaFX Application Thread] DEBUG PhysicsWorld         - Clearing physics world
20:59:47.946 [FXGL Background Thread 4 ] DEBUG FXGLApplication      - Initializing game
20:59:47.946 [JavaFX Application Thread] DEBUG FXGLApplication      - Registering font factories with UI factory
20:59:47.953 [FXGL Background Thread 4 ] DEBUG FXGLAssetLoaderServi - Loading from file system: file:/C:/Users/nicol/Desktop/amongu/out/production/Among%20Us/assets/music/musicaMenu.mp3
20:59:48.074 [FXGL Background Thread 4 ] DEBUG AudioPlayer          - Playing music com.almasb.fxgl.audio.Music@61a1762d
20:59:48.341 [FXGL Background Thread 4 ] INFO  FXGLApplication      - Game initialization took: 0,395 sec
20:59:48.345 [JavaFX Application Thread] DEBUG Input                - Clearing active input actions
20:59:48.355 [JavaFX Application Thread] DEBUG GameApplicationServi - Removing overlay from FXGLLoadingScene and adding to GameScene
20:59:48.356 [JavaFX Application Thread] DEBUG PrimaryStageWindow   - FXGLLoadingScene -> GameScene
20:59:48.482 [FXGL Background Thread 2 ] INFO  UpdaterService       - Your current version:  21.1
20:59:48.482 [FXGL Background Thread 2 ] INFO  UpdaterService       - Latest stable version: 25
20:59:49.273 [JavaFX Application Thread] DEBUG FXGLAssetLoaderServi - Loading from file system: file:/C:/Users/nicol/Desktop/amongu/out/production/Among%20Us/assets/sounds/clickBoton.wav
20:59:50.877 [FXGL Background Thread 3 ] DEBUG Engine               - Logging environment variables
20:59:50.878 [FXGL Background Thread 3 ] DEBUG Engine               - achievements: []
20:59:50.878 [FXGL Background Thread 3 ] DEBUG Engine               - actualHeight: 600.0
20:59:50.879 [FXGL Background Thread 3 ] DEBUG Engine               - actualHeightProperty: ReadOnlyDoubleProperty [value: 600.0]
20:59:50.879 [FXGL Background Thread 3 ] DEBUG Engine               - actualWidth: 800.0
20:59:50.879 [FXGL Background Thread 3 ] DEBUG Engine               - actualWidthProperty: ReadOnlyDoubleProperty [value: 800.0]
20:59:50.879 [FXGL Background Thread 3 ] DEBUG Engine               - appIcon: icono.png
20:59:50.879 [FXGL Background Thread 3 ] DEBUG Engine               - applicationMode: DEVELOPER
20:59:50.879 [FXGL Background Thread 3 ] DEBUG Engine               - cSSList: [fxgl_dark.css]
20:59:50.879 [FXGL Background Thread 3 ] DEBUG Engine               - collisionDetectionStrategy: BRUTE_FORCE
20:59:50.879 [FXGL Background Thread 3 ] DEBUG Engine               - configClass: Optional.empty
20:59:50.879 [FXGL Background Thread 3 ] DEBUG Engine               - credits: []
20:59:50.880 [FXGL Background Thread 3 ] DEBUG Engine               - defaultCursor: CursorInfo(imageName=fxgl_default_cursor.png, hotspotX=7.0, hotspotY=6.0)
20:59:50.880 [FXGL Background Thread 3 ] DEBUG Engine               - devBBoxColorProperty: ObjectProperty [value: 0xff0000ff]
20:59:50.880 [FXGL Background Thread 3 ] DEBUG Engine               - devEnableDebugCameraProperty: BooleanProperty [value: false]
20:59:50.880 [FXGL Background Thread 3 ] DEBUG Engine               - devSensorColorProperty: ObjectProperty [value: 0xffff00ff]
20:59:50.880 [FXGL Background Thread 3 ] DEBUG Engine               - devShowBBoxProperty: BooleanProperty [value: false]
20:59:50.880 [FXGL Background Thread 3 ] DEBUG Engine               - devShowPositionProperty: BooleanProperty [value: false]
20:59:50.880 [FXGL Background Thread 3 ] DEBUG Engine               - enabledMenuItems: []
20:59:50.880 [FXGL Background Thread 3 ] DEBUG Engine               - engineServices: [class com.almasb.fxgl.app.services.FXGLAssetLoaderService, class com.almasb.fxgl.app.FXGLApplication$GameApplicationService, class com.almasb.fxgl.app.services.FXGLDialogService, class com.almasb.fxgl.app.services.IOTaskExecutorService, class com.almasb.fxgl.io.FileSystemService, class com.almasb.fxgl.localization.LocalizationService, class com.almasb.fxgl.app.services.SystemBundleService, class com.almasb.fxgl.profile.SaveLoadService, class com.almasb.fxgl.ui.FXGLUIFactoryServiceProvider, class com.almasb.fxgl.ui.FXGLDialogFactoryServiceProvider, class com.almasb.fxgl.audio.AudioPlayer, class com.almasb.fxgl.notification.impl.NotificationServiceProvider, class com.almasb.fxgl.achievement.AchievementService, class com.almasb.fxgl.cutscene.CutsceneService, class com.almasb.fxgl.minigames.MiniGameService, class com.almasb.fxgl.net.NetService, class com.almasb.fxgl.app.services.UpdaterService, class com.almasb.fxgl.dev.DevService]
20:59:50.880 [FXGL Background Thread 3 ] DEBUG Engine               - fontGame: Abel-Regular.ttf
20:59:50.880 [FXGL Background Thread 3 ] DEBUG Engine               - fontMono: TerminalLandMono-Regular.otf
20:59:50.880 [FXGL Background Thread 3 ] DEBUG Engine               - fontSizeScaleUI: 1.0
20:59:50.880 [FXGL Background Thread 3 ] DEBUG Engine               - fontText: Courier-Prime.ttf
20:59:50.880 [FXGL Background Thread 3 ] DEBUG Engine               - fontUI: VarelaRound-Regular.ttf
20:59:50.880 [FXGL Background Thread 3 ] DEBUG Engine               - fullScreen: BooleanProperty [value: false]
20:59:50.880 [FXGL Background Thread 3 ] DEBUG Engine               - gameDifficulty: MEDIUM
20:59:50.880 [FXGL Background Thread 3 ] DEBUG Engine               - gameDifficultyProperty: ObjectProperty [value: MEDIUM]
20:59:50.881 [FXGL Background Thread 3 ] DEBUG Engine               - globalMusicVolume: 0.5
20:59:50.881 [FXGL Background Thread 3 ] DEBUG Engine               - globalMusicVolumeProperty: DoubleProperty [value: 0.4]
20:59:50.881 [FXGL Background Thread 3 ] DEBUG Engine               - globalSoundVolume: 0.5
20:59:50.881 [FXGL Background Thread 3 ] DEBUG Engine               - globalSoundVolumeProperty: DoubleProperty [value: 0.5]
20:59:50.881 [FXGL Background Thread 3 ] DEBUG Engine               - height: 600
20:59:50.881 [FXGL Background Thread 3 ] DEBUG Engine               - is3D: false
20:59:50.881 [FXGL Background Thread 3 ] DEBUG Engine               - isAndroid: false
20:59:50.881 [FXGL Background Thread 3 ] DEBUG Engine               - isBrowser: false
20:59:50.881 [FXGL Background Thread 3 ] DEBUG Engine               - isClickFeedbackEnabled: false
20:59:50.881 [FXGL Background Thread 3 ] DEBUG Engine               - isCloseConfirmation: false
20:59:50.881 [FXGL Background Thread 3 ] DEBUG Engine               - isDesktop: true
20:59:50.881 [FXGL Background Thread 3 ] DEBUG Engine               - isDeveloperMenuEnabled: false
20:59:50.881 [FXGL Background Thread 3 ] DEBUG Engine               - isEmbedded: false
20:59:50.881 [FXGL Background Thread 3 ] DEBUG Engine               - isEntityPreloadEnabled: true
20:59:50.881 [FXGL Background Thread 3 ] DEBUG Engine               - isExperimentalTiledLargeMap: false
20:59:50.881 [FXGL Background Thread 3 ] DEBUG Engine               - isFileSystemWriteAllowed: true
20:59:50.881 [FXGL Background Thread 3 ] DEBUG Engine               - isFullScreenAllowed: false
20:59:50.881 [FXGL Background Thread 3 ] DEBUG Engine               - isFullScreenFromStart: false
20:59:50.882 [FXGL Background Thread 3 ] DEBUG Engine               - isGameMenuEnabled: true
20:59:50.882 [FXGL Background Thread 3 ] DEBUG Engine               - isIOS: false
20:59:50.882 [FXGL Background Thread 3 ] DEBUG Engine               - isIntroEnabled: false
20:59:50.882 [FXGL Background Thread 3 ] DEBUG Engine               - isLinux: false
20:59:50.882 [FXGL Background Thread 3 ] DEBUG Engine               - isMac: false
20:59:50.882 [FXGL Background Thread 3 ] DEBUG Engine               - isMainMenuEnabled: false
20:59:50.882 [FXGL Background Thread 3 ] DEBUG Engine               - isManualResizeEnabled: false
20:59:50.882 [FXGL Background Thread 3 ] DEBUG Engine               - isMobile: false
20:59:50.882 [FXGL Background Thread 3 ] DEBUG Engine               - isNative: false
20:59:50.882 [FXGL Background Thread 3 ] DEBUG Engine               - isPauseMusicWhenMinimized: true
20:59:50.882 [FXGL Background Thread 3 ] DEBUG Engine               - isPreserveResizeRatio: false
20:59:50.882 [FXGL Background Thread 3 ] DEBUG Engine               - isProfilingEnabled: false
20:59:50.882 [FXGL Background Thread 3 ] DEBUG Engine               - isScaleAffectedOnResize: true
20:59:50.882 [FXGL Background Thread 3 ] DEBUG Engine               - isSingleStep: false
20:59:50.882 [FXGL Background Thread 3 ] DEBUG Engine               - isUserProfileEnabled: false
20:59:50.882 [FXGL Background Thread 3 ] DEBUG Engine               - isWindows: true
20:59:50.882 [FXGL Background Thread 3 ] DEBUG Engine               - language: ObjectProperty [value: ENGLISH]
20:59:50.882 [FXGL Background Thread 3 ] DEBUG Engine               - menuKey: ESCAPE
20:59:50.882 [FXGL Background Thread 3 ] DEBUG Engine               - mouseSensitivity: 0.2
20:59:50.882 [FXGL Background Thread 3 ] DEBUG Engine               - notificationViewClass: class com.almasb.fxgl.notification.view.XboxNotificationView
20:59:50.882 [FXGL Background Thread 3 ] DEBUG Engine               - pixelsPerMeter: 50.0
20:59:50.882 [FXGL Background Thread 3 ] DEBUG Engine               - platform: WINDOWS
20:59:50.882 [FXGL Background Thread 3 ] DEBUG Engine               - prefHeightProperty: ReadOnlyDoubleProperty [value: 600.0]
20:59:50.882 [FXGL Background Thread 3 ] DEBUG Engine               - prefWidthProperty: ReadOnlyDoubleProperty [value: 800.0]
20:59:50.882 [FXGL Background Thread 3 ] DEBUG Engine               - profileDir: profiles/
20:59:50.882 [FXGL Background Thread 3 ] DEBUG Engine               - profileName: StringProperty [value: DEFAULT]
20:59:50.882 [FXGL Background Thread 3 ] DEBUG Engine               - randomSeed: -1
20:59:50.882 [FXGL Background Thread 3 ] DEBUG Engine               - runtimeInfo: RuntimeInfo(platform=WINDOWS, version=21.1, build=26.03.2024 17.33)
20:59:50.882 [FXGL Background Thread 3 ] DEBUG Engine               - saveFileExt: sav
20:59:50.882 [FXGL Background Thread 3 ] DEBUG Engine               - scaledHeightProp$fxgl: DoubleProperty [bound, value: 600.0]
20:59:50.882 [FXGL Background Thread 3 ] DEBUG Engine               - scaledWidthProp$fxgl: DoubleProperty [bound, value: 800.0]
20:59:50.883 [FXGL Background Thread 3 ] DEBUG Engine               - sceneFactory: com.almasb.fxgl.app.scene.SceneFactory@1e660f1f
20:59:50.883 [FXGL Background Thread 3 ] DEBUG Engine               - secondsIn24h: 60
20:59:50.883 [FXGL Background Thread 3 ] DEBUG Engine               - soundMenuBack: menu/back.wav
20:59:50.883 [FXGL Background Thread 3 ] DEBUG Engine               - soundMenuPress: menu/press.wav
20:59:50.883 [FXGL Background Thread 3 ] DEBUG Engine               - soundMenuSelect: menu/select.wav
20:59:50.883 [FXGL Background Thread 3 ] DEBUG Engine               - soundNotification: core/notification.wav
20:59:50.883 [FXGL Background Thread 3 ] DEBUG Engine               - stageStyle: DECORATED
20:59:50.883 [FXGL Background Thread 3 ] DEBUG Engine               - supportedLanguages: [ENGLISH, FRENCH, GERMAN, HUNGARIAN, RUSSIAN]
20:59:50.883 [FXGL Background Thread 3 ] DEBUG Engine               - ticksPerSecond: -1
20:59:50.883 [FXGL Background Thread 3 ] DEBUG Engine               - title: Among Us UNEG
20:59:50.883 [FXGL Background Thread 3 ] DEBUG Engine               - urlGithub: https://github.com/AlmasB/FXGL
20:59:50.883 [FXGL Background Thread 3 ] DEBUG Engine               - urlLeaderboard: http://fxgl-top.herokuapp.com/
20:59:50.883 [FXGL Background Thread 3 ] DEBUG Engine               - urlPOM: https://raw.githubusercontent.com/AlmasB/FXGL/release/README.md
20:59:50.883 [FXGL Background Thread 3 ] DEBUG Engine               - userAppClass: class main.java.amongUs.AppPrincipal
20:59:50.883 [FXGL Background Thread 3 ] DEBUG Engine               - version: 0.0
20:59:50.883 [FXGL Background Thread 3 ] DEBUG Engine               - versionCheckDays: 7
20:59:50.883 [FXGL Background Thread 3 ] DEBUG Engine               - width: 800
20:59:50.883 [FXGL Background Thread 3 ] DEBUG Engine               - Logging services
20:59:50.883 [FXGL Background Thread 3 ] DEBUG Engine               - class com.almasb.fxgl.app.services.FXGLAssetLoaderService
20:59:50.883 [FXGL Background Thread 3 ] DEBUG Engine               - class com.almasb.fxgl.app.FXGLApplication$GameApplicationService
20:59:50.883 [FXGL Background Thread 3 ] DEBUG Engine               - class com.almasb.fxgl.app.services.FXGLDialogService
20:59:50.883 [FXGL Background Thread 3 ] DEBUG Engine               - class com.almasb.fxgl.app.services.IOTaskExecutorService
20:59:50.883 [FXGL Background Thread 3 ] DEBUG Engine               - class com.almasb.fxgl.io.FileSystemService
20:59:50.883 [FXGL Background Thread 3 ] DEBUG Engine               - class com.almasb.fxgl.localization.LocalizationService
20:59:50.883 [FXGL Background Thread 3 ] DEBUG Engine               - class com.almasb.fxgl.app.services.SystemBundleService
20:59:50.883 [FXGL Background Thread 3 ] DEBUG Engine               - class com.almasb.fxgl.profile.SaveLoadService
20:59:50.883 [FXGL Background Thread 3 ] DEBUG Engine               - class com.almasb.fxgl.ui.FXGLUIFactoryServiceProvider
20:59:50.883 [FXGL Background Thread 3 ] DEBUG Engine               - class com.almasb.fxgl.ui.FXGLDialogFactoryServiceProvider
20:59:50.883 [FXGL Background Thread 3 ] DEBUG Engine               - class com.almasb.fxgl.audio.AudioPlayer
20:59:50.883 [FXGL Background Thread 3 ] DEBUG Engine               - class com.almasb.fxgl.notification.impl.NotificationServiceProvider
20:59:50.883 [FXGL Background Thread 3 ] DEBUG Engine               - class com.almasb.fxgl.achievement.AchievementService
20:59:50.883 [FXGL Background Thread 3 ] DEBUG Engine               - class com.almasb.fxgl.cutscene.CutsceneService
20:59:50.883 [FXGL Background Thread 3 ] DEBUG Engine               - class com.almasb.fxgl.minigames.MiniGameService
20:59:50.883 [FXGL Background Thread 3 ] DEBUG Engine               - class com.almasb.fxgl.net.NetService
20:59:50.883 [FXGL Background Thread 3 ] DEBUG Engine               - class com.almasb.fxgl.app.services.UpdaterService
20:59:50.883 [FXGL Background Thread 3 ] DEBUG Engine               - class com.almasb.fxgl.dev.DevService
21:00:09.160 [JavaFX Application Thread] DEBUG FXGLAssetLoaderServi - Loading from file system: file:/C:/Users/nicol/Desktop/amongu/out/production/Among%20Us/assets/textures/tripulante_azul.png
21:00:09.163 [JavaFX Application Thread] DEBUG FXGLAssetLoaderServi - Loading from file system: file:/C:/Users/nicol/Desktop/amongu/out/production/Among%20Us/assets/textures/tripulante_blanco.png
21:00:13.310 [JavaFX Application Thread] DEBUG FXGLAssetLoaderServi - Loading from file system: file:/C:/Users/nicol/Desktop/amongu/out/production/Among%20Us/assets/textures/tripulante_rosa.png
21:00:13.618 [JavaFX Application Thread] WARN  TMXLevelLoader       - TiledMap generated from 1.11.2. Supported version: 1.9.0. Some features may not be parsed fully.
21:00:13.662 [JavaFX Application Thread] DEBUG TMXLevelLoader       - Parsed TiledMap: file:/C:/Users/nicol/Desktop/amongu/out/production/Among%20Us/assets/levels/mapa2.tmx
21:00:13.663 [JavaFX Application Thread] DEBUG TMXLevelLoader       - Creating tile layer entities
21:00:13.666 [JavaFX Application Thread] DEBUG TilesetLoader        - Loading view for layer fondo1
21:00:13.670 [JavaFX Application Thread] DEBUG TilesetLoader        - Created buffer with size 992.0x960.0
21:00:13.683 [JavaFX Application Thread] DEBUG TilesetLoader        - Loading view for layer fondo
21:00:13.684 [JavaFX Application Thread] DEBUG TilesetLoader        - Created buffer with size 992.0x960.0
21:00:13.688 [JavaFX Application Thread] DEBUG TilesetLoader        - Loading view for layer piso
21:00:13.689 [JavaFX Application Thread] DEBUG TilesetLoader        - Created buffer with size 992.0x960.0
21:00:13.693 [JavaFX Application Thread] DEBUG TilesetLoader        - Loading view for layer piso1
21:00:13.693 [JavaFX Application Thread] DEBUG TilesetLoader        - Created buffer with size 992.0x960.0
21:00:13.698 [JavaFX Application Thread] DEBUG TilesetLoader        - Loading view for layer izquierda
21:00:13.699 [JavaFX Application Thread] DEBUG TilesetLoader        - Created buffer with size 992.0x960.0
21:00:13.703 [JavaFX Application Thread] DEBUG TilesetLoader        - Loading view for layer detallesatraspared
21:00:13.704 [JavaFX Application Thread] DEBUG TilesetLoader        - Created buffer with size 992.0x960.0
21:00:13.727 [JavaFX Application Thread] DEBUG TilesetLoader        - Loading view for layer pared2
21:00:13.727 [JavaFX Application Thread] DEBUG TilesetLoader        - Created buffer with size 992.0x960.0
21:00:13.734 [JavaFX Application Thread] DEBUG TilesetLoader        - Loading view for layer techo1
21:00:13.735 [JavaFX Application Thread] DEBUG TilesetLoader        - Created buffer with size 992.0x960.0
21:00:13.738 [JavaFX Application Thread] DEBUG TilesetLoader        - Loading view for layer techo2
21:00:13.738 [JavaFX Application Thread] DEBUG TilesetLoader        - Created buffer with size 992.0x960.0
21:00:13.745 [JavaFX Application Thread] DEBUG TilesetLoader        - Loading view for layer puertita
21:00:13.746 [JavaFX Application Thread] DEBUG TilesetLoader        - Created buffer with size 992.0x960.0
21:00:13.747 [JavaFX Application Thread] DEBUG TilesetLoader        - Loading view for layer puerta
21:00:13.747 [JavaFX Application Thread] DEBUG TilesetLoader        - Created buffer with size 992.0x960.0
21:00:13.749 [JavaFX Application Thread] DEBUG TilesetLoader        - Loading view for layer detalles
21:00:13.749 [JavaFX Application Thread] DEBUG TilesetLoader        - Created buffer with size 992.0x960.0
21:00:13.758 [JavaFX Application Thread] DEBUG TilesetLoader        - Loading view for layer detalles 2
21:00:13.758 [JavaFX Application Thread] DEBUG TilesetLoader        - Created buffer with size 992.0x960.0
21:00:13.767 [JavaFX Application Thread] DEBUG TilesetLoader        - Loading view for layer detalles3
21:00:13.768 [JavaFX Application Thread] DEBUG TilesetLoader        - Created buffer with size 992.0x960.0
21:00:13.781 [JavaFX Application Thread] DEBUG TilesetLoader        - Loading view for layer grieta
21:00:13.782 [JavaFX Application Thread] DEBUG TilesetLoader        - Created buffer with size 992.0x960.0
21:00:13.783 [JavaFX Application Thread] DEBUG TilesetLoader        - Loading view for layer camaras
21:00:13.784 [JavaFX Application Thread] DEBUG TilesetLoader        - Created buffer with size 992.0x960.0
21:00:13.786 [JavaFX Application Thread] DEBUG TilesetLoader        - Loading view for layer Techo
21:00:13.787 [JavaFX Application Thread] DEBUG TilesetLoader        - Created buffer with size 992.0x960.0
21:00:13.788 [JavaFX Application Thread] DEBUG TMXLevelLoader       - Creating object layer entities
21:00:13.826 [JavaFX Application Thread] DEBUG GameWorld            - Clearing removable entities
21:00:13.827 [JavaFX Application Thread] DEBUG GameWorld            - Setting level: com.almasb.fxgl.entity.level.Level@77ab9d98
21:00:13.843 [JavaFX Application Thread] DEBUG FXGLAssetLoaderServi - Loading from file system: file:/C:/Users/nicol/Desktop/amongu/out/production/Among%20Us/assets/textures/MonitorDeCamaras.png
21:00:13.854 [JavaFX Application Thread] DEBUG FXGLAssetLoaderServi - Loading from file system: file:/C:/Users/nicol/Desktop/amongu/out/production/Among%20Us/assets/textures/flechaAmarillaIzq.png
21:00:13.855 [JavaFX Application Thread] DEBUG FXGLAssetLoaderServi - Loading from file system: file:/C:/Users/nicol/Desktop/amongu/out/production/Among%20Us/assets/textures/flechaAmarillaDer.png
21:00:13.860 [JavaFX Application Thread] DEBUG FXGLAssetLoaderServi - Loading from file system: file:/C:/Users/nicol/Desktop/amongu/out/production/Among%20Us/assets/textures/animacion_fantasma.png
21:00:13.862 [JavaFX Application Thread] DEBUG FXGLAssetLoaderServi - Loading from file system: file:/C:/Users/nicol/Desktop/amongu/out/production/Among%20Us/assets/textures/azul_muerto.png
21:00:13.864 [JavaFX Application Thread] DEBUG FXGLAssetLoaderServi - Loading from file system: file:/C:/Users/nicol/Desktop/amongu/out/production/Among%20Us/assets/textures/animacion_azul.png
21:00:13.867 [JavaFX Application Thread] DEBUG FXGLAssetLoaderServi - Loading from file system: file:/C:/Users/nicol/Desktop/amongu/out/production/Among%20Us/assets/textures/alcantarilla_azul.png
21:00:13.868 [JavaFX Application Thread] DEBUG FXGLAssetLoaderServi - Loading from file system: file:/C:/Users/nicol/Desktop/amongu/out/production/Among%20Us/assets/textures/alcantarilla_azulE.png
21:00:13.875 [JavaFX Application Thread] DEBUG FXGLAssetLoaderServi - Loading from file system: file:/C:/Users/nicol/Desktop/amongu/out/production/Among%20Us/assets/textures/rosa_muerto.png
21:00:13.876 [JavaFX Application Thread] DEBUG FXGLAssetLoaderServi - Loading from file system: file:/C:/Users/nicol/Desktop/amongu/out/production/Among%20Us/assets/textures/animacion_rosa.png
21:00:13.878 [JavaFX Application Thread] DEBUG FXGLAssetLoaderServi - Loading from file system: file:/C:/Users/nicol/Desktop/amongu/out/production/Among%20Us/assets/textures/alcantarilla_rosa.png
21:00:13.879 [JavaFX Application Thread] DEBUG FXGLAssetLoaderServi - Loading from file system: file:/C:/Users/nicol/Desktop/amongu/out/production/Among%20Us/assets/textures/alcantarilla_rosaE.png
21:00:13.882 [JavaFX Application Thread] DEBUG FXGLAssetLoaderServi - Loading from file system: file:/C:/Users/nicol/Desktop/amongu/out/production/Among%20Us/assets/textures/accionNegada.png
21:00:13.885 [JavaFX Application Thread] DEBUG FXGLAssetLoaderServi - Loading from file system: file:/C:/Users/nicol/Desktop/amongu/out/production/Among%20Us/assets/textures/matarNegado.png
21:00:13.890 [JavaFX Application Thread] DEBUG FXGLAssetLoaderServi - Loading from file system: file:/C:/Users/nicol/Desktop/amongu/out/production/Among%20Us/assets/textures/sabotaje.png
21:00:13.893 [JavaFX Application Thread] DEBUG FXGLAssetLoaderServi - Loading from file system: file:/C:/Users/nicol/Desktop/amongu/out/production/Among%20Us/assets/textures/pantalla_impostor.png
21:00:19.538 [JavaFX Application Thread] DEBUG LoopRunner           - Stopping loop
21:00:19.540 [JavaFX Application Thread] FATAL FXGLApplication      - Uncaught Exception:
java.lang.IllegalArgumentException: Component TripulanteComponent not found!
	at com.almasb.fxgl.entity.Entity.getComponent(Entity.java:366)
	at main.java.amongUs.AppPrincipal$3.onAction(AppPrincipal.java:104)
	at com.almasb.fxgl.input.UserAction.action$fxgl_core(UserAction.kt:38)
	at com.almasb.fxgl.input.Input.update(Input.kt:278)
	at com.almasb.fxgl.scene.Scene.update(Scene.kt:103)
	at com.almasb.fxgl.app.MainWindow$update$1.invoke(MainWindow.kt:121)
	at com.almasb.fxgl.app.MainWindow$update$1.invoke(MainWindow.kt:121)
	at com.almasb.fxgl.core.fsm.StateMachine.runOnActiveStates(StateMachine.kt:69)
	at com.almasb.fxgl.app.MainWindow.update(MainWindow.kt:121)
	at com.almasb.fxgl.app.FXGLApplication$GameApplicationService.onUpdate(FXGLApplication.kt:445)
	at com.almasb.fxgl.app.Engine.loop(Engine.kt:134)
	at com.almasb.fxgl.app.Engine.access$loop(Engine.kt:24)
	at com.almasb.fxgl.app.Engine$loop$1.invoke(Engine.kt:28)
	at com.almasb.fxgl.app.Engine$loop$1.invoke(Engine.kt:28)
	at com.almasb.fxgl.app.LoopRunner.frame(LoopRunner.kt:103)
	at com.almasb.fxgl.app.LoopRunner.access$frame(LoopRunner.kt:23)
	at com.almasb.fxgl.app.LoopRunner$impl$2$1.onTick(LoopRunner.kt:57)
	at com.almasb.fxgl.app.AnimationTimerLoop$timer$1.handle(LoopRunner.kt:137)
	at javafx.animation.AnimationTimer$AnimationTimerReceiver.lambda$handle$0(AnimationTimer.java:58)
	at java.base/java.security.AccessController.doPrivileged(AccessController.java:138)
	at javafx.animation.AnimationTimer$AnimationTimerReceiver.handle(AnimationTimer.java:57)
	at com.sun.scenario.animation.AbstractPrimaryTimer.timePulseImpl(AbstractPrimaryTimer.java:356)
	at com.sun.scenario.animation.AbstractPrimaryTimer$MainLoop.run(AbstractPrimaryTimer.java:266)
	at com.sun.javafx.tk.quantum.QuantumToolkit.pulse(QuantumToolkit.java:588)
	at com.sun.javafx.tk.quantum.QuantumToolkit.pulse(QuantumToolkit.java:572)
	at com.sun.javafx.tk.quantum.QuantumToolkit.pulseFromQueue(QuantumToolkit.java:565)
	at com.sun.javafx.tk.quantum.QuantumToolkit.lambda$runToolkit$11(QuantumToolkit.java:352)
	at com.sun.glass.ui.InvokeLaterDispatcher$Future.run(InvokeLaterDispatcher.java:95)
	at com.sun.glass.ui.win.WinApplication._runLoop(Native Method)
	at com.sun.glass.ui.win.WinApplication.lambda$runLoop$3(WinApplication.java:185)
	at java.base/java.lang.Thread.run(Thread.java:1474)

21:00:19.540 [JavaFX Application Thread] FATAL FXGLApplication      - Application will now exit
21:00:19.551 [JavaFX Application Thread] DEBUG PrimaryStageWindow   - Push state: ErrorSubScene
21:00:19.552 [JavaFX Application Thread] DEBUG Input                - Clearing active input actions
21:00:19.555 [JavaFX Application Thread] DEBUG GameApplicationServi - Removing overlay from GameScene and adding to ErrorSubScene
21:00:19.555 [JavaFX Application Thread] DEBUG PrimaryStageWindow   - GameScene -> ErrorSubScene
21:01:00.031 [JavaFX Application Thread] DEBUG FXGLApplication      - Exiting FXGL
21:01:00.031 [JavaFX Application Thread] DEBUG Async                - Shutting down background threads
21:01:00.032 [JavaFX Application Thread] DEBUG PrimaryStageWindow   - Closing main window
21:01:00.060 [JavaFX Application Thread] DEBUG Logger               - Closing Logger
