23:25:36.491 [main                     ] DEBUG Logger               - Configured Logger
23:25:36.499 [main                     ] DEBUG GameApplication      - Logging settings
Title: Among Us UNEG
Version: 0.0
Width: 800
Height: 600
Fullscreen: false
Intro: false
Profiling: false
Single step:false
App Mode: DEVELOPER
Menu Key: ESCAPE
Stage Style: DECORATED
Scene Factory: class com.almasb.fxgl.app.scene.SceneFactory

23:25:37.144 [JavaFX Application Thread] DEBUG FXGLApplication      - Initializing FXGL
23:25:37.147 [JavaFX Application Thread] INFO  Engine               - FXGL-21.1 (26.03.2024 17.33) on WINDOWS (J:25.0.2 FX:21.0.1)
23:25:37.147 [JavaFX Application Thread] DEBUG Engine               - JRE Vendor Name: Oracle Corporation
23:25:37.147 [JavaFX Application Thread] DEBUG Engine               - Running on OS: Windows 11 version 10.0
23:25:37.148 [JavaFX Application Thread] DEBUG Engine               - Architecture: amd64
23:25:37.148 [JavaFX Application Thread] INFO  Engine               - Source code and latest versions at: https://github.com/AlmasB/FXGL
23:25:37.148 [JavaFX Application Thread] INFO  Engine               -       Ask questions and discuss at: https://github.com/AlmasB/FXGL/discussions
23:25:37.148 [JavaFX Application Thread] INFO  Engine               -              Join the FXGL chat at: https://gitter.im/AlmasB/FXGL
23:25:37.330 [JavaFX Application Thread] DEBUG PrimaryStageWindow   - Creating a JavaFX scene
23:25:37.394 [JavaFX Application Thread] DEBUG PrimaryStageWindow   - Target settings size: 800.0 x 600.0
23:25:37.394 [JavaFX Application Thread] DEBUG PrimaryStageWindow   - Scaled scene size:    800.0 x 600.0
23:25:37.394 [JavaFX Application Thread] DEBUG PrimaryStageWindow   - Scaled ratio: (1.0, 1.0)
23:25:37.395 [JavaFX Application Thread] DEBUG PrimaryStageWindow   - Set initial scene to FXGLStartupScene
23:25:37.398 [JavaFX Application Thread] DEBUG PrimaryStageWindow   - Opening main window
23:25:37.511 [JavaFX Application Thread] DEBUG PrimaryStageWindow   - Window border size: (14.66668701171875, 37.33331298828125)
23:25:37.511 [JavaFX Application Thread] DEBUG PrimaryStageWindow   - Scaled size: 800.0 x 600.0
23:25:37.511 [JavaFX Application Thread] DEBUG PrimaryStageWindow   - Scaled ratio: (1.0, 1.0)
23:25:37.511 [JavaFX Application Thread] DEBUG PrimaryStageWindow   - Scene size: 800.0 x 600.0
23:25:37.511 [JavaFX Application Thread] DEBUG PrimaryStageWindow   - Stage size: 814.6666870117188 x 637.3333129882812
23:25:37.519 [FXGL Background Thread 1 ] DEBUG Engine               - Initializing environment variables
23:25:37.601 [FXGL Background Thread 1 ] DEBUG FXGLAssetLoaderServi - User app class for loading assets: class main.java.amongUs.AppPrincipal
23:25:37.601 [FXGL Background Thread 1 ] DEBUG GameApplicationServi - Applying CSS: fxgl_dark.css
23:25:37.602 [FXGL Background Thread 1 ] DEBUG FXGLAssetLoaderServi - Loading from file system: jar:file:/C:/Users/nicol/Desktop/amongu/lib/fxgl-21.1-uber.jar!/fxglassets/ui/css/fxgl_dark.css
23:25:37.641 [FXGL Background Thread 1 ] DEBUG GameApplicationServi - Initializing application scenes
23:25:37.693 [FXGL Background Thread 1 ] DEBUG GameWorld            - Game world initialized
23:25:37.749 [FXGL Background Thread 1 ] DEBUG PhysicsWorld         - Physics world initialized: appHeight=600, physics.ppm=50,0
23:25:37.750 [FXGL Background Thread 1 ] DEBUG PhysicsWorld         - Using strategy: BRUTE_FORCE
23:25:37.753 [FXGL Background Thread 1 ] DEBUG GameScene            - Game scene initialized: 800x600
23:25:37.768 [FXGL Background Thread 1 ] DEBUG FXGL.DefaultMenu     - createMenuBodyGameMenu()
23:25:37.793 [FXGL Background Thread 1 ] DEBUG FXGL.DefaultMenu     - createOptionsMenu()
23:25:37.810 [FXGL Background Thread 1 ] DEBUG FXGLAssetLoaderServi - Loading from file system: jar:file:/C:/Users/nicol/Desktop/amongu/lib/fxgl-21.1-uber.jar!/fxglassets/textures/particles/smoke.png
23:25:37.908 [FXGL Background Thread 1 ] DEBUG FXGLAssetLoaderServi - Loading from file system: jar:file:/C:/Users/nicol/Desktop/amongu/lib/fxgl-21.1-uber.jar!/fxglassets/textures/particles/trace_horizontal.png
23:25:37.933 [FXGL Background Thread 1 ] DEBUG GameApplicationServi - Application scenes initialized
23:25:37.951 [FXGL Background Thread 1 ] DEBUG SystemBundleService  - Loading FXGL system data
23:25:37.956 [FXGL Background Thread 1 ] DEBUG FileSystemAccess     - Reading from: C:\Users\nicol\Desktop\amongu\system\fxgl.bundle
23:25:37.965 [FXGL Background Thread 1 ] DEBUG SystemBundleService  - Bundle FXGL: {}
23:25:37.965 [FXGL Background Thread 1 ] DEBUG UpdaterService       - Checking for updates
23:25:37.968 [FXGL Background Thread 4 ] DEBUG FXGLApplication      - Loading fonts
23:25:37.969 [FXGL Background Thread 1 ] DEBUG FXGLApplication      - Loading default localization
23:25:37.969 [FXGL Background Thread 4 ] DEBUG FXGLAssetLoaderServi - Loading from file system: jar:file:/C:/Users/nicol/Desktop/amongu/lib/fxgl-21.1-uber.jar!/fxglassets/ui/fonts/VarelaRound-Regular.ttf
23:25:37.969 [FXGL Background Thread 1 ] DEBUG FXGLAssetLoaderServi - Loading from file system: jar:file:/C:/Users/nicol/Desktop/amongu/lib/fxgl-21.1-uber.jar!/fxglassets/languages/english.lang
23:25:37.992 [FXGL Background Thread 1 ] INFO  FXGLApplication      - FXGL initialization took: 0,473 sec
23:25:37.999 [JavaFX Application Thread] DEBUG Input                - Registered new binding: Mover Arriba - W
23:25:37.999 [JavaFX Application Thread] DEBUG Input                - Registered new binding: Mover Abajo - S
23:25:37.999 [JavaFX Application Thread] DEBUG Input                - Registered new binding: Mover Izquierda - A
23:25:37.999 [JavaFX Application Thread] DEBUG Input                - Registered new binding: Mover Derecha - D
23:25:37.999 [JavaFX Application Thread] DEBUG Input                - Registered new binding: Abrir Camaras - C
23:25:37.999 [JavaFX Application Thread] DEBUG Input                - Registered new binding: Usar Alcantarilla - Space
23:25:38.001 [JavaFX Application Thread] DEBUG Input                - Registered new binding: Vent Izquierda - Left
23:25:38.001 [JavaFX Application Thread] DEBUG Input                - Registered new binding: Vent Derecha - Right
23:25:38.001 [JavaFX Application Thread] DEBUG Input                - Registered new binding: Vent Arriba - Up
23:25:38.001 [JavaFX Application Thread] DEBUG Input                - Registered new binding: Vent Abajo - Down
23:25:38.001 [JavaFX Application Thread] DEBUG Input                - Registered new binding: Matar Jugador - Q
23:25:38.001 [JavaFX Application Thread] DEBUG Input                - Registered new binding: Reportar Cadaver - R
23:25:38.002 [JavaFX Application Thread] DEBUG FXGLAssetLoaderServi - Loading from file system: file:/C:/Users/nicol/Desktop/amongu/out/production/Among%20Us/assets/textures/icono.png
23:25:38.022 [FXGL Background Thread 4 ] DEBUG FXGLAssetLoaderServi - Loading from file system: jar:file:/C:/Users/nicol/Desktop/amongu/lib/fxgl-21.1-uber.jar!/fxglassets/ui/fonts/Abel-Regular.ttf
23:25:38.027 [FXGL Background Thread 4 ] DEBUG FXGLAssetLoaderServi - Loading from file system: jar:file:/C:/Users/nicol/Desktop/amongu/lib/fxgl-21.1-uber.jar!/fxglassets/ui/fonts/TerminalLandMono-Regular.otf
23:25:38.031 [JavaFX Application Thread] DEBUG FXGLAssetLoaderServi - Loading from file system: jar:file:/C:/Users/nicol/Desktop/amongu/lib/fxgl-21.1-uber.jar!/fxglassets/textures/fxgl_default_cursor.png
23:25:38.032 [FXGL Background Thread 4 ] DEBUG FXGLAssetLoaderServi - Loading from file system: jar:file:/C:/Users/nicol/Desktop/amongu/lib/fxgl-21.1-uber.jar!/fxglassets/ui/fonts/Courier-Prime.ttf
23:25:38.034 [JavaFX Application Thread] DEBUG Input                - Registered new binding: Screenshot - CTRL+8
23:25:38.034 [JavaFX Application Thread] DEBUG Input                - Registered new binding: System info dump - CTRL+9
23:25:38.035 [JavaFX Application Thread] DEBUG Input                - Registered new binding: Restart - CTRL+R
23:25:38.035 [JavaFX Application Thread] DEBUG Input                - Registered new binding: Toggle Debug Camera - CTRL+7
23:25:38.038 [JavaFX Application Thread] DEBUG LoopRunner           - Starting loop
23:25:38.040 [JavaFX Application Thread] DEBUG LoopRunner           - Initializing JavaFX AnimationTimerLoop
23:25:38.042 [JavaFX Application Thread] DEBUG GameApplicationServi - Starting new game
23:25:38.042 [JavaFX Application Thread] DEBUG Input                - Clearing active input actions
23:25:38.056 [JavaFX Application Thread] DEBUG GameApplicationServi - Removing overlay from FXGLStartupScene and adding to FXGLLoadingScene
23:25:38.056 [JavaFX Application Thread] DEBUG PrimaryStageWindow   - FXGLStartupScene -> FXGLLoadingScene
23:25:38.056 [JavaFX Application Thread] DEBUG GameApplicationServi - Clearing previous game
23:25:38.056 [JavaFX Application Thread] DEBUG GameScene            - Clearing game scene
23:25:38.056 [JavaFX Application Thread] DEBUG GameWorld            - Clearing game world
23:25:38.057 [JavaFX Application Thread] DEBUG PhysicsWorld         - Clearing physics world
23:25:38.059 [FXGL Background Thread 4 ] DEBUG FXGLApplication      - Initializing game
23:25:38.060 [JavaFX Application Thread] DEBUG FXGLApplication      - Registering font factories with UI factory
23:25:38.064 [FXGL Background Thread 4 ] DEBUG FXGLAssetLoaderServi - Loading from file system: file:/C:/Users/nicol/Desktop/amongu/out/production/Among%20Us/assets/music/musicaMenu.mp3
23:25:38.240 [FXGL Background Thread 4 ] DEBUG AudioPlayer          - Playing music com.almasb.fxgl.audio.Music@2891dda6
23:25:38.569 [FXGL Background Thread 4 ] INFO  FXGLApplication      - Game initialization took: 0,511 sec
23:25:38.574 [JavaFX Application Thread] DEBUG Input                - Clearing active input actions
23:25:38.583 [JavaFX Application Thread] DEBUG GameApplicationServi - Removing overlay from FXGLLoadingScene and adding to GameScene
23:25:38.584 [JavaFX Application Thread] DEBUG PrimaryStageWindow   - FXGLLoadingScene -> GameScene
23:25:38.901 [FXGL Background Thread 2 ] INFO  UpdaterService       - Your current version:  21.1
23:25:38.902 [FXGL Background Thread 2 ] INFO  UpdaterService       - Latest stable version: 25
23:25:40.623 [JavaFX Application Thread] DEBUG FXGLAssetLoaderServi - Loading from file system: file:/C:/Users/nicol/Desktop/amongu/out/production/Among%20Us/assets/sounds/clickBoton.wav
23:25:40.968 [FXGL Background Thread 3 ] DEBUG Engine               - Logging environment variables
23:25:40.969 [FXGL Background Thread 3 ] DEBUG Engine               - achievements: []
23:25:40.969 [FXGL Background Thread 3 ] DEBUG Engine               - actualHeight: 600.0
23:25:40.969 [FXGL Background Thread 3 ] DEBUG Engine               - actualHeightProperty: ReadOnlyDoubleProperty [value: 600.0]
23:25:40.969 [FXGL Background Thread 3 ] DEBUG Engine               - actualWidth: 800.0
23:25:40.969 [FXGL Background Thread 3 ] DEBUG Engine               - actualWidthProperty: ReadOnlyDoubleProperty [value: 800.0]
23:25:40.970 [FXGL Background Thread 3 ] DEBUG Engine               - appIcon: icono.png
23:25:40.970 [FXGL Background Thread 3 ] DEBUG Engine               - applicationMode: DEVELOPER
23:25:40.971 [FXGL Background Thread 3 ] DEBUG Engine               - cSSList: [fxgl_dark.css]
23:25:40.971 [FXGL Background Thread 3 ] DEBUG Engine               - collisionDetectionStrategy: BRUTE_FORCE
23:25:40.971 [FXGL Background Thread 3 ] DEBUG Engine               - configClass: Optional.empty
23:25:40.971 [FXGL Background Thread 3 ] DEBUG Engine               - credits: []
23:25:40.972 [FXGL Background Thread 3 ] DEBUG Engine               - defaultCursor: CursorInfo(imageName=fxgl_default_cursor.png, hotspotX=7.0, hotspotY=6.0)
23:25:40.972 [FXGL Background Thread 3 ] DEBUG Engine               - devBBoxColorProperty: ObjectProperty [value: 0xff0000ff]
23:25:40.972 [FXGL Background Thread 3 ] DEBUG Engine               - devEnableDebugCameraProperty: BooleanProperty [value: false]
23:25:40.972 [FXGL Background Thread 3 ] DEBUG Engine               - devSensorColorProperty: ObjectProperty [value: 0xffff00ff]
23:25:40.973 [FXGL Background Thread 3 ] DEBUG Engine               - devShowBBoxProperty: BooleanProperty [value: false]
23:25:40.973 [FXGL Background Thread 3 ] DEBUG Engine               - devShowPositionProperty: BooleanProperty [value: false]
23:25:40.973 [FXGL Background Thread 3 ] DEBUG Engine               - enabledMenuItems: []
23:25:40.973 [FXGL Background Thread 3 ] DEBUG Engine               - engineServices: [class com.almasb.fxgl.app.services.FXGLAssetLoaderService, class com.almasb.fxgl.app.FXGLApplication$GameApplicationService, class com.almasb.fxgl.app.services.FXGLDialogService, class com.almasb.fxgl.app.services.IOTaskExecutorService, class com.almasb.fxgl.io.FileSystemService, class com.almasb.fxgl.localization.LocalizationService, class com.almasb.fxgl.app.services.SystemBundleService, class com.almasb.fxgl.profile.SaveLoadService, class com.almasb.fxgl.ui.FXGLUIFactoryServiceProvider, class com.almasb.fxgl.ui.FXGLDialogFactoryServiceProvider, class com.almasb.fxgl.audio.AudioPlayer, class com.almasb.fxgl.notification.impl.NotificationServiceProvider, class com.almasb.fxgl.achievement.AchievementService, class com.almasb.fxgl.cutscene.CutsceneService, class com.almasb.fxgl.minigames.MiniGameService, class com.almasb.fxgl.net.NetService, class com.almasb.fxgl.app.services.UpdaterService, class com.almasb.fxgl.dev.DevService]
23:25:40.973 [FXGL Background Thread 3 ] DEBUG Engine               - fontGame: Abel-Regular.ttf
23:25:40.973 [FXGL Background Thread 3 ] DEBUG Engine               - fontMono: TerminalLandMono-Regular.otf
23:25:40.973 [FXGL Background Thread 3 ] DEBUG Engine               - fontSizeScaleUI: 1.0
23:25:40.973 [FXGL Background Thread 3 ] DEBUG Engine               - fontText: Courier-Prime.ttf
23:25:40.973 [FXGL Background Thread 3 ] DEBUG Engine               - fontUI: VarelaRound-Regular.ttf
23:25:40.973 [FXGL Background Thread 3 ] DEBUG Engine               - fullScreen: BooleanProperty [value: false]
23:25:40.973 [FXGL Background Thread 3 ] DEBUG Engine               - gameDifficulty: MEDIUM
23:25:40.974 [FXGL Background Thread 3 ] DEBUG Engine               - gameDifficultyProperty: ObjectProperty [value: MEDIUM]
23:25:40.974 [FXGL Background Thread 3 ] DEBUG Engine               - globalMusicVolume: 0.5
23:25:40.974 [FXGL Background Thread 3 ] DEBUG Engine               - globalMusicVolumeProperty: DoubleProperty [value: 0.4]
23:25:40.974 [FXGL Background Thread 3 ] DEBUG Engine               - globalSoundVolume: 0.5
23:25:40.974 [FXGL Background Thread 3 ] DEBUG Engine               - globalSoundVolumeProperty: DoubleProperty [value: 0.5]
23:25:40.974 [FXGL Background Thread 3 ] DEBUG Engine               - height: 600
23:25:40.974 [FXGL Background Thread 3 ] DEBUG Engine               - is3D: false
23:25:40.974 [FXGL Background Thread 3 ] DEBUG Engine               - isAndroid: false
23:25:40.974 [FXGL Background Thread 3 ] DEBUG Engine               - isBrowser: false
23:25:40.974 [FXGL Background Thread 3 ] DEBUG Engine               - isClickFeedbackEnabled: false
23:25:40.974 [FXGL Background Thread 3 ] DEBUG Engine               - isCloseConfirmation: false
23:25:40.974 [FXGL Background Thread 3 ] DEBUG Engine               - isDesktop: true
23:25:40.974 [FXGL Background Thread 3 ] DEBUG Engine               - isDeveloperMenuEnabled: false
23:25:40.974 [FXGL Background Thread 3 ] DEBUG Engine               - isEmbedded: false
23:25:40.974 [FXGL Background Thread 3 ] DEBUG Engine               - isEntityPreloadEnabled: true
23:25:40.974 [FXGL Background Thread 3 ] DEBUG Engine               - isExperimentalTiledLargeMap: false
23:25:40.975 [FXGL Background Thread 3 ] DEBUG Engine               - isFileSystemWriteAllowed: true
23:25:40.975 [FXGL Background Thread 3 ] DEBUG Engine               - isFullScreenAllowed: false
23:25:40.975 [FXGL Background Thread 3 ] DEBUG Engine               - isFullScreenFromStart: false
23:25:40.975 [FXGL Background Thread 3 ] DEBUG Engine               - isGameMenuEnabled: true
23:25:40.975 [FXGL Background Thread 3 ] DEBUG Engine               - isIOS: false
23:25:40.975 [FXGL Background Thread 3 ] DEBUG Engine               - isIntroEnabled: false
23:25:40.975 [FXGL Background Thread 3 ] DEBUG Engine               - isLinux: false
23:25:40.975 [FXGL Background Thread 3 ] DEBUG Engine               - isMac: false
23:25:40.975 [FXGL Background Thread 3 ] DEBUG Engine               - isMainMenuEnabled: false
23:25:40.975 [FXGL Background Thread 3 ] DEBUG Engine               - isManualResizeEnabled: false
23:25:40.975 [FXGL Background Thread 3 ] DEBUG Engine               - isMobile: false
23:25:40.975 [FXGL Background Thread 3 ] DEBUG Engine               - isNative: false
23:25:40.975 [FXGL Background Thread 3 ] DEBUG Engine               - isPauseMusicWhenMinimized: true
23:25:40.975 [FXGL Background Thread 3 ] DEBUG Engine               - isPreserveResizeRatio: false
23:25:40.975 [FXGL Background Thread 3 ] DEBUG Engine               - isProfilingEnabled: false
23:25:40.975 [FXGL Background Thread 3 ] DEBUG Engine               - isScaleAffectedOnResize: true
23:25:40.975 [FXGL Background Thread 3 ] DEBUG Engine               - isSingleStep: false
23:25:40.975 [FXGL Background Thread 3 ] DEBUG Engine               - isUserProfileEnabled: false
23:25:40.976 [FXGL Background Thread 3 ] DEBUG Engine               - isWindows: true
23:25:40.976 [FXGL Background Thread 3 ] DEBUG Engine               - language: ObjectProperty [value: ENGLISH]
23:25:40.976 [FXGL Background Thread 3 ] DEBUG Engine               - menuKey: ESCAPE
23:25:40.976 [FXGL Background Thread 3 ] DEBUG Engine               - mouseSensitivity: 0.2
23:25:40.976 [FXGL Background Thread 3 ] DEBUG Engine               - notificationViewClass: class com.almasb.fxgl.notification.view.XboxNotificationView
23:25:40.976 [FXGL Background Thread 3 ] DEBUG Engine               - pixelsPerMeter: 50.0
23:25:40.976 [FXGL Background Thread 3 ] DEBUG Engine               - platform: WINDOWS
23:25:40.976 [FXGL Background Thread 3 ] DEBUG Engine               - prefHeightProperty: ReadOnlyDoubleProperty [value: 600.0]
23:25:40.976 [FXGL Background Thread 3 ] DEBUG Engine               - prefWidthProperty: ReadOnlyDoubleProperty [value: 800.0]
23:25:40.976 [FXGL Background Thread 3 ] DEBUG Engine               - profileDir: profiles/
23:25:40.976 [FXGL Background Thread 3 ] DEBUG Engine               - profileName: StringProperty [value: DEFAULT]
23:25:40.976 [FXGL Background Thread 3 ] DEBUG Engine               - randomSeed: -1
23:25:40.976 [FXGL Background Thread 3 ] DEBUG Engine               - runtimeInfo: RuntimeInfo(platform=WINDOWS, version=21.1, build=26.03.2024 17.33)
23:25:40.976 [FXGL Background Thread 3 ] DEBUG Engine               - saveFileExt: sav
23:25:40.976 [FXGL Background Thread 3 ] DEBUG Engine               - scaledHeightProp$fxgl: DoubleProperty [bound, value: 600.0]
23:25:40.976 [FXGL Background Thread 3 ] DEBUG Engine               - scaledWidthProp$fxgl: DoubleProperty [bound, value: 800.0]
23:25:40.977 [FXGL Background Thread 3 ] DEBUG Engine               - sceneFactory: com.almasb.fxgl.app.scene.SceneFactory@58ca07f6
23:25:40.977 [FXGL Background Thread 3 ] DEBUG Engine               - secondsIn24h: 60
23:25:40.977 [FXGL Background Thread 3 ] DEBUG Engine               - soundMenuBack: menu/back.wav
23:25:40.977 [FXGL Background Thread 3 ] DEBUG Engine               - soundMenuPress: menu/press.wav
23:25:40.977 [FXGL Background Thread 3 ] DEBUG Engine               - soundMenuSelect: menu/select.wav
23:25:40.977 [FXGL Background Thread 3 ] DEBUG Engine               - soundNotification: core/notification.wav
23:25:40.977 [FXGL Background Thread 3 ] DEBUG Engine               - stageStyle: DECORATED
23:25:40.977 [FXGL Background Thread 3 ] DEBUG Engine               - supportedLanguages: [ENGLISH, FRENCH, GERMAN, HUNGARIAN, RUSSIAN]
23:25:40.977 [FXGL Background Thread 3 ] DEBUG Engine               - ticksPerSecond: -1
23:25:40.977 [FXGL Background Thread 3 ] DEBUG Engine               - title: Among Us UNEG
23:25:40.977 [FXGL Background Thread 3 ] DEBUG Engine               - urlGithub: https://github.com/AlmasB/FXGL
23:25:40.977 [FXGL Background Thread 3 ] DEBUG Engine               - urlLeaderboard: http://fxgl-top.herokuapp.com/
23:25:40.977 [FXGL Background Thread 3 ] DEBUG Engine               - urlPOM: https://raw.githubusercontent.com/AlmasB/FXGL/release/README.md
23:25:40.977 [FXGL Background Thread 3 ] DEBUG Engine               - userAppClass: class main.java.amongUs.AppPrincipal
23:25:40.977 [FXGL Background Thread 3 ] DEBUG Engine               - version: 0.0
23:25:40.977 [FXGL Background Thread 3 ] DEBUG Engine               - versionCheckDays: 7
23:25:40.977 [FXGL Background Thread 3 ] DEBUG Engine               - width: 800
23:25:40.978 [FXGL Background Thread 3 ] DEBUG Engine               - Logging services
23:25:40.978 [FXGL Background Thread 3 ] DEBUG Engine               - class com.almasb.fxgl.app.services.FXGLAssetLoaderService
23:25:40.978 [FXGL Background Thread 3 ] DEBUG Engine               - class com.almasb.fxgl.app.FXGLApplication$GameApplicationService
23:25:40.978 [FXGL Background Thread 3 ] DEBUG Engine               - class com.almasb.fxgl.app.services.FXGLDialogService
23:25:40.978 [FXGL Background Thread 3 ] DEBUG Engine               - class com.almasb.fxgl.app.services.IOTaskExecutorService
23:25:40.978 [FXGL Background Thread 3 ] DEBUG Engine               - class com.almasb.fxgl.io.FileSystemService
23:25:40.978 [FXGL Background Thread 3 ] DEBUG Engine               - class com.almasb.fxgl.localization.LocalizationService
23:25:40.978 [FXGL Background Thread 3 ] DEBUG Engine               - class com.almasb.fxgl.app.services.SystemBundleService
23:25:40.978 [FXGL Background Thread 3 ] DEBUG Engine               - class com.almasb.fxgl.profile.SaveLoadService
23:25:40.978 [FXGL Background Thread 3 ] DEBUG Engine               - class com.almasb.fxgl.ui.FXGLUIFactoryServiceProvider
23:25:40.978 [FXGL Background Thread 3 ] DEBUG Engine               - class com.almasb.fxgl.ui.FXGLDialogFactoryServiceProvider
23:25:40.978 [FXGL Background Thread 3 ] DEBUG Engine               - class com.almasb.fxgl.audio.AudioPlayer
23:25:40.978 [FXGL Background Thread 3 ] DEBUG Engine               - class com.almasb.fxgl.notification.impl.NotificationServiceProvider
23:25:40.978 [FXGL Background Thread 3 ] DEBUG Engine               - class com.almasb.fxgl.achievement.AchievementService
23:25:40.978 [FXGL Background Thread 3 ] DEBUG Engine               - class com.almasb.fxgl.cutscene.CutsceneService
23:25:40.978 [FXGL Background Thread 3 ] DEBUG Engine               - class com.almasb.fxgl.minigames.MiniGameService
23:25:40.979 [FXGL Background Thread 3 ] DEBUG Engine               - class com.almasb.fxgl.net.NetService
23:25:40.979 [FXGL Background Thread 3 ] DEBUG Engine               - class com.almasb.fxgl.app.services.UpdaterService
23:25:40.979 [FXGL Background Thread 3 ] DEBUG Engine               - class com.almasb.fxgl.dev.DevService
23:25:59.377 [JavaFX Application Thread] DEBUG FXGLAssetLoaderServi - Loading from file system: file:/C:/Users/nicol/Desktop/amongu/out/production/Among%20Us/assets/textures/tripulante_blanco.png
23:26:01.907 [JavaFX Application Thread] DEBUG FXGLAssetLoaderServi - Loading from file system: file:/C:/Users/nicol/Desktop/amongu/out/production/Among%20Us/assets/textures/tripulante_amarillo.png
23:26:02.837 [JavaFX Application Thread] WARN  TMXLevelLoader       - TiledMap generated from 1.11.2. Supported version: 1.9.0. Some features may not be parsed fully.
23:26:02.861 [JavaFX Application Thread] DEBUG TMXLevelLoader       - Parsed TiledMap: file:/C:/Users/nicol/Desktop/amongu/out/production/Among%20Us/assets/levels/mapa2.tmx
23:26:02.862 [JavaFX Application Thread] DEBUG TMXLevelLoader       - Creating tile layer entities
23:26:02.863 [JavaFX Application Thread] DEBUG TilesetLoader        - Loading view for layer fondo1
23:26:02.864 [JavaFX Application Thread] DEBUG TilesetLoader        - Created buffer with size 992.0x960.0
23:26:02.872 [JavaFX Application Thread] DEBUG TilesetLoader        - Loading view for layer fondo
23:26:02.872 [JavaFX Application Thread] DEBUG TilesetLoader        - Created buffer with size 992.0x960.0
23:26:02.877 [JavaFX Application Thread] DEBUG TilesetLoader        - Loading view for layer piso
23:26:02.877 [JavaFX Application Thread] DEBUG TilesetLoader        - Created buffer with size 992.0x960.0
23:26:02.881 [JavaFX Application Thread] DEBUG TilesetLoader        - Loading view for layer piso1
23:26:02.881 [JavaFX Application Thread] DEBUG TilesetLoader        - Created buffer with size 992.0x960.0
23:26:02.886 [JavaFX Application Thread] DEBUG TilesetLoader        - Loading view for layer izquierda
23:26:02.886 [JavaFX Application Thread] DEBUG TilesetLoader        - Created buffer with size 992.0x960.0
23:26:02.892 [JavaFX Application Thread] DEBUG TilesetLoader        - Loading view for layer detallesatraspared
23:26:02.893 [JavaFX Application Thread] DEBUG TilesetLoader        - Created buffer with size 992.0x960.0
23:26:02.916 [JavaFX Application Thread] DEBUG TilesetLoader        - Loading view for layer pared2
23:26:02.917 [JavaFX Application Thread] DEBUG TilesetLoader        - Created buffer with size 992.0x960.0
23:26:02.926 [JavaFX Application Thread] DEBUG TilesetLoader        - Loading view for layer techo1
23:26:02.928 [JavaFX Application Thread] DEBUG TilesetLoader        - Created buffer with size 992.0x960.0
23:26:02.930 [JavaFX Application Thread] DEBUG TilesetLoader        - Loading view for layer techo2
23:26:02.931 [JavaFX Application Thread] DEBUG TilesetLoader        - Created buffer with size 992.0x960.0
23:26:02.936 [JavaFX Application Thread] DEBUG TilesetLoader        - Loading view for layer puertita
23:26:02.936 [JavaFX Application Thread] DEBUG TilesetLoader        - Created buffer with size 992.0x960.0
23:26:02.937 [JavaFX Application Thread] DEBUG TilesetLoader        - Loading view for layer puerta
23:26:02.937 [JavaFX Application Thread] DEBUG TilesetLoader        - Created buffer with size 992.0x960.0
23:26:02.938 [JavaFX Application Thread] DEBUG TilesetLoader        - Loading view for layer detalles
23:26:02.939 [JavaFX Application Thread] DEBUG TilesetLoader        - Created buffer with size 992.0x960.0
23:26:02.954 [JavaFX Application Thread] DEBUG TilesetLoader        - Loading view for layer detalles 2
23:26:02.955 [JavaFX Application Thread] DEBUG TilesetLoader        - Created buffer with size 992.0x960.0
23:26:02.963 [JavaFX Application Thread] DEBUG TilesetLoader        - Loading view for layer detalles3
23:26:02.964 [JavaFX Application Thread] DEBUG TilesetLoader        - Created buffer with size 992.0x960.0
23:26:02.983 [JavaFX Application Thread] DEBUG TilesetLoader        - Loading view for layer grieta
23:26:02.984 [JavaFX Application Thread] DEBUG TilesetLoader        - Created buffer with size 992.0x960.0
23:26:02.984 [JavaFX Application Thread] DEBUG TilesetLoader        - Loading view for layer Techo
23:26:02.986 [JavaFX Application Thread] DEBUG TilesetLoader        - Created buffer with size 992.0x960.0
23:26:02.988 [JavaFX Application Thread] DEBUG TilesetLoader        - Loading view for layer camaras
23:26:02.989 [JavaFX Application Thread] DEBUG TilesetLoader        - Created buffer with size 992.0x960.0
23:26:02.991 [JavaFX Application Thread] DEBUG TMXLevelLoader       - Creating object layer entities
23:26:03.026 [JavaFX Application Thread] DEBUG GameWorld            - Clearing removable entities
23:26:03.027 [JavaFX Application Thread] DEBUG GameWorld            - Setting level: com.almasb.fxgl.entity.level.Level@65466091
23:26:03.035 [JavaFX Application Thread] DEBUG FXGLAssetLoaderServi - Loading from file system: file:/C:/Users/nicol/Desktop/amongu/out/production/Among%20Us/assets/textures/MonitorDeCamaras.png
23:26:03.047 [JavaFX Application Thread] DEBUG FXGLAssetLoaderServi - Loading from file system: file:/C:/Users/nicol/Desktop/amongu/out/production/Among%20Us/assets/textures/flechaAmarillaIzq.png
23:26:03.050 [JavaFX Application Thread] DEBUG FXGLAssetLoaderServi - Loading from file system: file:/C:/Users/nicol/Desktop/amongu/out/production/Among%20Us/assets/textures/flechaAmarillaDer.png
23:26:03.058 [JavaFX Application Thread] DEBUG FXGLAssetLoaderServi - Loading from file system: file:/C:/Users/nicol/Desktop/amongu/out/production/Among%20Us/assets/textures/animacion_fantasma.png
23:26:03.061 [JavaFX Application Thread] WARN  FXGLAssetLoaderServi - Asset "/assets/textures/amarillo_muerto.png" was not found!
23:26:03.062 [JavaFX Application Thread] WARN  FXGLAssetLoaderServi - Failed to load IMAGE
23:26:03.065 [JavaFX Application Thread] DEBUG FXGLAssetLoaderServi - Loading from file system: file:/C:/Users/nicol/Desktop/amongu/out/production/Among%20Us/assets/textures/animacion_amarillo.png
23:26:03.066 [JavaFX Application Thread] DEBUG FXGLAssetLoaderServi - Loading from file system: file:/C:/Users/nicol/Desktop/amongu/out/production/Among%20Us/assets/textures/alcantarilla_amarillo.png
23:26:03.067 [JavaFX Application Thread] DEBUG FXGLAssetLoaderServi - Loading from file system: file:/C:/Users/nicol/Desktop/amongu/out/production/Among%20Us/assets/textures/alcantarilla_amarilloE.png
23:26:03.078 [JavaFX Application Thread] DEBUG FXGLAssetLoaderServi - Loading from file system: file:/C:/Users/nicol/Desktop/amongu/out/production/Among%20Us/assets/textures/accionNegada.png
23:26:03.083 [JavaFX Application Thread] DEBUG FXGLAssetLoaderServi - Loading from file system: file:/C:/Users/nicol/Desktop/amongu/out/production/Among%20Us/assets/textures/reportarNegado.png
23:26:03.089 [JavaFX Application Thread] DEBUG FXGLAssetLoaderServi - Loading from file system: file:/C:/Users/nicol/Desktop/amongu/out/production/Among%20Us/assets/textures/matarNegado.png
23:26:03.102 [JavaFX Application Thread] DEBUG FXGLAssetLoaderServi - Loading from file system: file:/C:/Users/nicol/Desktop/amongu/out/production/Among%20Us/assets/textures/sabotaje.png
23:26:03.128 [JavaFX Application Thread] DEBUG FXGLAssetLoaderServi - Loading from file system: file:/C:/Users/nicol/Desktop/amongu/out/production/Among%20Us/assets/textures/animacion_extintor.png
23:26:03.139 [JavaFX Application Thread] DEBUG FXGLAssetLoaderServi - Loading from file system: file:/C:/Users/nicol/Desktop/amongu/out/production/Among%20Us/assets/textures/animacion_temperatura.png
23:26:03.167 [JavaFX Application Thread] DEBUG FXGLAssetLoaderServi - Loading from file system: file:/C:/Users/nicol/Desktop/amongu/out/production/Among%20Us/assets/textures/animacion_encestar.png
23:26:03.195 [JavaFX Application Thread] DEBUG FXGLAssetLoaderServi - Loading from file system: file:/C:/Users/nicol/Desktop/amongu/out/production/Among%20Us/assets/textures/animacion_basura.png
23:26:03.215 [JavaFX Application Thread] DEBUG FXGLAssetLoaderServi - Loading from file system: file:/C:/Users/nicol/Desktop/amongu/out/production/Among%20Us/assets/textures/animacion_tarjeta.png
23:26:03.227 [JavaFX Application Thread] WARN  FXGLAssetLoaderServi - Asset "/assets/textures/animacion_reactor.png" was not found!
23:26:03.227 [JavaFX Application Thread] WARN  FXGLAssetLoaderServi - Failed to load IMAGE
23:26:03.229 [JavaFX Application Thread] DEBUG FXGLAssetLoaderServi - Loading from file system: file:/C:/Users/nicol/Desktop/amongu/out/production/Among%20Us/assets/textures/barra_0.png
23:26:03.233 [JavaFX Application Thread] DEBUG FXGLAssetLoaderServi - Loading from file system: file:/C:/Users/nicol/Desktop/amongu/out/production/Among%20Us/assets/textures/pantalla_impostor.png
23:26:14.006 [JavaFX Application Thread] DEBUG FXGLAssetLoaderServi - Loading from file system: file:/C:/Users/nicol/Desktop/amongu/out/production/Among%20Us/assets/textures/accion.png
23:28:39.932 [JavaFX Application Thread] DEBUG FXGLApplication      - Exiting FXGL
23:28:39.932 [JavaFX Application Thread] DEBUG LoopRunner           - Stopping loop
23:28:39.932 [JavaFX Application Thread] DEBUG SystemBundleService  - Saving FXGL system data
23:28:39.939 [JavaFX Application Thread] DEBUG FileSystemAccess     - Writing to: C:\Users\nicol\Desktop\amongu\system\fxgl.bundle
23:28:39.941 [JavaFX Application Thread] DEBUG Async                - Shutting down background threads
23:28:39.941 [JavaFX Application Thread] DEBUG PrimaryStageWindow   - Closing main window
23:28:39.964 [JavaFX Application Thread] DEBUG Logger               - Closing Logger
