13:02:29.574 [main                     ] DEBUG Logger               - Configured Logger
13:02:29.583 [main                     ] DEBUG GameApplication      - Logging settings
Title: Among Us UNEG
Version: 0.0
Width: 800
Height: 600
Fullscreen: false
Intro: false
Profiling: false
Single step:false
App Mode: DEVELOPER
Menu Key: ESCAPE
Stage Style: DECORATED
Scene Factory: class com.almasb.fxgl.app.scene.SceneFactory

13:02:30.130 [JavaFX Application Thread] DEBUG FXGLApplication      - Initializing FXGL
13:02:30.132 [JavaFX Application Thread] INFO  Engine               - FXGL-21.1 (26.03.2024 17.33) on WINDOWS (J:25.0.2 FX:21.0.1)
13:02:30.132 [JavaFX Application Thread] DEBUG Engine               - JRE Vendor Name: Oracle Corporation
13:02:30.132 [JavaFX Application Thread] DEBUG Engine               - Running on OS: Windows 11 version 10.0
13:02:30.134 [JavaFX Application Thread] DEBUG Engine               - Architecture: amd64
13:02:30.134 [JavaFX Application Thread] INFO  Engine               - Source code and latest versions at: https://github.com/AlmasB/FXGL
13:02:30.134 [JavaFX Application Thread] INFO  Engine               -       Ask questions and discuss at: https://github.com/AlmasB/FXGL/discussions
13:02:30.134 [JavaFX Application Thread] INFO  Engine               -              Join the FXGL chat at: https://gitter.im/AlmasB/FXGL
13:02:30.240 [JavaFX Application Thread] DEBUG PrimaryStageWindow   - Creating a JavaFX scene
13:02:30.293 [JavaFX Application Thread] DEBUG PrimaryStageWindow   - Target settings size: 800.0 x 600.0
13:02:30.293 [JavaFX Application Thread] DEBUG PrimaryStageWindow   - Scaled scene size:    800.0 x 600.0
13:02:30.293 [JavaFX Application Thread] DEBUG PrimaryStageWindow   - Scaled ratio: (1.0, 1.0)
13:02:30.294 [JavaFX Application Thread] DEBUG PrimaryStageWindow   - Set initial scene to FXGLStartupScene
13:02:30.297 [JavaFX Application Thread] DEBUG PrimaryStageWindow   - Opening main window
13:02:30.425 [JavaFX Application Thread] DEBUG PrimaryStageWindow   - Window border size: (14.66668701171875, 37.33331298828125)
13:02:30.425 [JavaFX Application Thread] DEBUG PrimaryStageWindow   - Scaled size: 800.0 x 600.0
13:02:30.425 [JavaFX Application Thread] DEBUG PrimaryStageWindow   - Scaled ratio: (1.0, 1.0)
13:02:30.426 [JavaFX Application Thread] DEBUG PrimaryStageWindow   - Scene size: 800.0 x 600.0
13:02:30.426 [JavaFX Application Thread] DEBUG PrimaryStageWindow   - Stage size: 814.6666870117188 x 637.3333129882812
13:02:30.444 [FXGL Background Thread 1 ] DEBUG Engine               - Initializing environment variables
13:02:30.552 [FXGL Background Thread 1 ] DEBUG FXGLAssetLoaderServi - User app class for loading assets: class main.java.amongUs.AppPrincipal
13:02:30.552 [FXGL Background Thread 1 ] DEBUG GameApplicationServi - Applying CSS: fxgl_dark.css
13:02:30.553 [FXGL Background Thread 1 ] DEBUG FXGLAssetLoaderServi - Loading from file system: jar:file:/C:/Users/nicol/Desktop/amongu/lib/fxgl-21.1-uber.jar!/fxglassets/ui/css/fxgl_dark.css
13:02:30.607 [FXGL Background Thread 1 ] DEBUG GameApplicationServi - Initializing application scenes
13:02:30.650 [FXGL Background Thread 1 ] DEBUG GameWorld            - Game world initialized
13:02:30.717 [FXGL Background Thread 1 ] DEBUG PhysicsWorld         - Physics world initialized: appHeight=600, physics.ppm=50,0
13:02:30.718 [FXGL Background Thread 1 ] DEBUG PhysicsWorld         - Using strategy: BRUTE_FORCE
13:02:30.722 [FXGL Background Thread 1 ] DEBUG GameScene            - Game scene initialized: 800x600
13:02:30.738 [FXGL Background Thread 1 ] DEBUG FXGL.DefaultMenu     - createMenuBodyGameMenu()
13:02:30.753 [FXGL Background Thread 1 ] DEBUG FXGL.DefaultMenu     - createOptionsMenu()
13:02:30.762 [FXGL Background Thread 1 ] DEBUG FXGLAssetLoaderServi - Loading from file system: jar:file:/C:/Users/nicol/Desktop/amongu/lib/fxgl-21.1-uber.jar!/fxglassets/textures/particles/smoke.png
13:02:30.872 [FXGL Background Thread 1 ] DEBUG FXGLAssetLoaderServi - Loading from file system: jar:file:/C:/Users/nicol/Desktop/amongu/lib/fxgl-21.1-uber.jar!/fxglassets/textures/particles/trace_horizontal.png
13:02:30.892 [FXGL Background Thread 1 ] DEBUG GameApplicationServi - Application scenes initialized
13:02:30.913 [FXGL Background Thread 1 ] DEBUG SystemBundleService  - Loading FXGL system data
13:02:30.918 [FXGL Background Thread 1 ] DEBUG FileSystemAccess     - Reading from: C:\Users\nicol\Desktop\amongu\system\fxgl.bundle
13:02:30.925 [FXGL Background Thread 1 ] DEBUG SystemBundleService  - Bundle FXGL: {}
13:02:30.925 [FXGL Background Thread 1 ] DEBUG UpdaterService       - Checking for updates
13:02:30.934 [FXGL Background Thread 4 ] DEBUG FXGLApplication      - Loading fonts
13:02:30.935 [FXGL Background Thread 1 ] DEBUG FXGLApplication      - Loading default localization
13:02:30.935 [FXGL Background Thread 4 ] DEBUG FXGLAssetLoaderServi - Loading from file system: jar:file:/C:/Users/nicol/Desktop/amongu/lib/fxgl-21.1-uber.jar!/fxglassets/ui/fonts/VarelaRound-Regular.ttf
13:02:30.936 [FXGL Background Thread 1 ] DEBUG FXGLAssetLoaderServi - Loading from file system: jar:file:/C:/Users/nicol/Desktop/amongu/lib/fxgl-21.1-uber.jar!/fxglassets/languages/english.lang
13:02:30.951 [FXGL Background Thread 1 ] INFO  FXGLApplication      - FXGL initialization took: 0,508 sec
13:02:30.958 [JavaFX Application Thread] DEBUG Input                - Registered new binding: Mover Arriba - W
13:02:30.958 [JavaFX Application Thread] DEBUG Input                - Registered new binding: Mover Abajo - S
13:02:30.958 [JavaFX Application Thread] DEBUG Input                - Registered new binding: Mover Izquierda - A
13:02:30.958 [JavaFX Application Thread] DEBUG Input                - Registered new binding: Mover Derecha - D
13:02:30.958 [JavaFX Application Thread] DEBUG Input                - Registered new binding: Abrir Camaras - C
13:02:30.958 [JavaFX Application Thread] DEBUG Input                - Registered new binding: Usar Alcantarilla - Space
13:02:30.958 [JavaFX Application Thread] DEBUG Input                - Registered new binding: Vent Izquierda - Left
13:02:30.958 [JavaFX Application Thread] DEBUG Input                - Registered new binding: Vent Derecha - Right
13:02:30.958 [JavaFX Application Thread] DEBUG Input                - Registered new binding: Vent Arriba - Up
13:02:30.960 [JavaFX Application Thread] DEBUG Input                - Registered new binding: Vent Abajo - Down
13:02:30.960 [JavaFX Application Thread] DEBUG Input                - Registered new binding: Matar Jugador - Q
13:02:30.960 [JavaFX Application Thread] DEBUG Input                - Registered new binding: Reportar Cadaver - R
13:02:30.961 [JavaFX Application Thread] DEBUG FXGLAssetLoaderServi - Loading from file system: file:/C:/Users/nicol/Desktop/amongu/out/production/Among%20Us/assets/textures/icono.png
13:02:30.986 [JavaFX Application Thread] DEBUG FXGLAssetLoaderServi - Loading from file system: jar:file:/C:/Users/nicol/Desktop/amongu/lib/fxgl-21.1-uber.jar!/fxglassets/textures/fxgl_default_cursor.png
13:02:30.989 [JavaFX Application Thread] DEBUG Input                - Registered new binding: Screenshot - CTRL+8
13:02:30.990 [JavaFX Application Thread] DEBUG Input                - Registered new binding: System info dump - CTRL+9
13:02:30.990 [FXGL Background Thread 4 ] DEBUG FXGLAssetLoaderServi - Loading from file system: jar:file:/C:/Users/nicol/Desktop/amongu/lib/fxgl-21.1-uber.jar!/fxglassets/ui/fonts/Abel-Regular.ttf
13:02:30.991 [JavaFX Application Thread] DEBUG Input                - Registered new binding: Restart - CTRL+R
13:02:30.993 [JavaFX Application Thread] DEBUG Input                - Registered new binding: Toggle Debug Camera - CTRL+7
13:02:30.997 [FXGL Background Thread 4 ] DEBUG FXGLAssetLoaderServi - Loading from file system: jar:file:/C:/Users/nicol/Desktop/amongu/lib/fxgl-21.1-uber.jar!/fxglassets/ui/fonts/TerminalLandMono-Regular.otf
13:02:30.998 [JavaFX Application Thread] DEBUG LoopRunner           - Starting loop
13:02:30.998 [JavaFX Application Thread] DEBUG LoopRunner           - Initializing JavaFX AnimationTimerLoop
13:02:31.000 [JavaFX Application Thread] DEBUG GameApplicationServi - Starting new game
13:02:31.001 [JavaFX Application Thread] DEBUG Input                - Clearing active input actions
13:02:31.002 [FXGL Background Thread 4 ] DEBUG FXGLAssetLoaderServi - Loading from file system: jar:file:/C:/Users/nicol/Desktop/amongu/lib/fxgl-21.1-uber.jar!/fxglassets/ui/fonts/Courier-Prime.ttf
13:02:31.018 [JavaFX Application Thread] DEBUG GameApplicationServi - Removing overlay from FXGLStartupScene and adding to FXGLLoadingScene
13:02:31.018 [JavaFX Application Thread] DEBUG PrimaryStageWindow   - FXGLStartupScene -> FXGLLoadingScene
13:02:31.018 [JavaFX Application Thread] DEBUG GameApplicationServi - Clearing previous game
13:02:31.018 [JavaFX Application Thread] DEBUG GameScene            - Clearing game scene
13:02:31.018 [JavaFX Application Thread] DEBUG GameWorld            - Clearing game world
13:02:31.018 [JavaFX Application Thread] DEBUG PhysicsWorld         - Clearing physics world
13:02:31.020 [FXGL Background Thread 4 ] DEBUG FXGLApplication      - Initializing game
13:02:31.029 [FXGL Background Thread 4 ] DEBUG FXGLAssetLoaderServi - Loading from file system: file:/C:/Users/nicol/Desktop/amongu/out/production/Among%20Us/assets/music/musicaMenu.mp3
13:02:31.082 [JavaFX Application Thread] DEBUG FXGLApplication      - Registering font factories with UI factory
13:02:31.203 [FXGL Background Thread 4 ] DEBUG AudioPlayer          - Playing music com.almasb.fxgl.audio.Music@8f453b6
13:02:31.538 [FXGL Background Thread 4 ] INFO  FXGLApplication      - Game initialization took: 0,518 sec
13:02:31.539 [JavaFX Application Thread] DEBUG Input                - Clearing active input actions
13:02:31.544 [JavaFX Application Thread] DEBUG GameApplicationServi - Removing overlay from FXGLLoadingScene and adding to GameScene
13:02:31.544 [JavaFX Application Thread] DEBUG PrimaryStageWindow   - FXGLLoadingScene -> GameScene
13:02:31.570 [FXGL Background Thread 2 ] INFO  UpdaterService       - Your current version:  21.1
13:02:31.570 [FXGL Background Thread 2 ] INFO  UpdaterService       - Latest stable version: 25
13:02:33.932 [FXGL Background Thread 3 ] DEBUG Engine               - Logging environment variables
13:02:33.932 [FXGL Background Thread 3 ] DEBUG Engine               - achievements: []
13:02:33.932 [FXGL Background Thread 3 ] DEBUG Engine               - actualHeight: 600.0
13:02:33.933 [FXGL Background Thread 3 ] DEBUG Engine               - actualHeightProperty: ReadOnlyDoubleProperty [value: 600.0]
13:02:33.933 [FXGL Background Thread 3 ] DEBUG Engine               - actualWidth: 800.0
13:02:33.933 [FXGL Background Thread 3 ] DEBUG Engine               - actualWidthProperty: ReadOnlyDoubleProperty [value: 800.0]
13:02:33.933 [FXGL Background Thread 3 ] DEBUG Engine               - appIcon: icono.png
13:02:33.933 [FXGL Background Thread 3 ] DEBUG Engine               - applicationMode: DEVELOPER
13:02:33.933 [FXGL Background Thread 3 ] DEBUG Engine               - cSSList: [fxgl_dark.css]
13:02:33.933 [FXGL Background Thread 3 ] DEBUG Engine               - collisionDetectionStrategy: BRUTE_FORCE
13:02:33.933 [FXGL Background Thread 3 ] DEBUG Engine               - configClass: Optional.empty
13:02:33.933 [FXGL Background Thread 3 ] DEBUG Engine               - credits: []
13:02:33.933 [FXGL Background Thread 3 ] DEBUG Engine               - defaultCursor: CursorInfo(imageName=fxgl_default_cursor.png, hotspotX=7.0, hotspotY=6.0)
13:02:33.934 [FXGL Background Thread 3 ] DEBUG Engine               - devBBoxColorProperty: ObjectProperty [value: 0xff0000ff]
13:02:33.934 [FXGL Background Thread 3 ] DEBUG Engine               - devEnableDebugCameraProperty: BooleanProperty [value: false]
13:02:33.934 [FXGL Background Thread 3 ] DEBUG Engine               - devSensorColorProperty: ObjectProperty [value: 0xffff00ff]
13:02:33.935 [FXGL Background Thread 3 ] DEBUG Engine               - devShowBBoxProperty: BooleanProperty [value: false]
13:02:33.935 [FXGL Background Thread 3 ] DEBUG Engine               - devShowPositionProperty: BooleanProperty [value: false]
13:02:33.935 [FXGL Background Thread 3 ] DEBUG Engine               - enabledMenuItems: []
13:02:33.935 [FXGL Background Thread 3 ] DEBUG Engine               - engineServices: [class com.almasb.fxgl.app.services.FXGLAssetLoaderService, class com.almasb.fxgl.app.FXGLApplication$GameApplicationService, class com.almasb.fxgl.app.services.FXGLDialogService, class com.almasb.fxgl.app.services.IOTaskExecutorService, class com.almasb.fxgl.io.FileSystemService, class com.almasb.fxgl.localization.LocalizationService, class com.almasb.fxgl.app.services.SystemBundleService, class com.almasb.fxgl.profile.SaveLoadService, class com.almasb.fxgl.ui.FXGLUIFactoryServiceProvider, class com.almasb.fxgl.ui.FXGLDialogFactoryServiceProvider, class com.almasb.fxgl.audio.AudioPlayer, class com.almasb.fxgl.notification.impl.NotificationServiceProvider, class com.almasb.fxgl.achievement.AchievementService, class com.almasb.fxgl.cutscene.CutsceneService, class com.almasb.fxgl.minigames.MiniGameService, class com.almasb.fxgl.net.NetService, class com.almasb.fxgl.app.services.UpdaterService, class com.almasb.fxgl.dev.DevService]
13:02:33.935 [FXGL Background Thread 3 ] DEBUG Engine               - fontGame: Abel-Regular.ttf
13:02:33.935 [FXGL Background Thread 3 ] DEBUG Engine               - fontMono: TerminalLandMono-Regular.otf
13:02:33.935 [FXGL Background Thread 3 ] DEBUG Engine               - fontSizeScaleUI: 1.0
13:02:33.935 [FXGL Background Thread 3 ] DEBUG Engine               - fontText: Courier-Prime.ttf
13:02:33.935 [FXGL Background Thread 3 ] DEBUG Engine               - fontUI: VarelaRound-Regular.ttf
13:02:33.935 [FXGL Background Thread 3 ] DEBUG Engine               - fullScreen: BooleanProperty [value: false]
13:02:33.936 [FXGL Background Thread 3 ] DEBUG Engine               - gameDifficulty: MEDIUM
13:02:33.936 [FXGL Background Thread 3 ] DEBUG Engine               - gameDifficultyProperty: ObjectProperty [value: MEDIUM]
13:02:33.936 [FXGL Background Thread 3 ] DEBUG Engine               - globalMusicVolume: 0.5
13:02:33.936 [FXGL Background Thread 3 ] DEBUG Engine               - globalMusicVolumeProperty: DoubleProperty [value: 0.4]
13:02:33.936 [FXGL Background Thread 3 ] DEBUG Engine               - globalSoundVolume: 0.5
13:02:33.936 [FXGL Background Thread 3 ] DEBUG Engine               - globalSoundVolumeProperty: DoubleProperty [value: 0.5]
13:02:33.936 [FXGL Background Thread 3 ] DEBUG Engine               - height: 600
13:02:33.936 [FXGL Background Thread 3 ] DEBUG Engine               - is3D: false
13:02:33.936 [FXGL Background Thread 3 ] DEBUG Engine               - isAndroid: false
13:02:33.936 [FXGL Background Thread 3 ] DEBUG Engine               - isBrowser: false
13:02:33.936 [FXGL Background Thread 3 ] DEBUG Engine               - isClickFeedbackEnabled: false
13:02:33.936 [FXGL Background Thread 3 ] DEBUG Engine               - isCloseConfirmation: false
13:02:33.937 [FXGL Background Thread 3 ] DEBUG Engine               - isDesktop: true
13:02:33.937 [FXGL Background Thread 3 ] DEBUG Engine               - isDeveloperMenuEnabled: false
13:02:33.937 [FXGL Background Thread 3 ] DEBUG Engine               - isEmbedded: false
13:02:33.937 [FXGL Background Thread 3 ] DEBUG Engine               - isEntityPreloadEnabled: true
13:02:33.937 [FXGL Background Thread 3 ] DEBUG Engine               - isExperimentalTiledLargeMap: false
13:02:33.937 [FXGL Background Thread 3 ] DEBUG Engine               - isFileSystemWriteAllowed: true
13:02:33.937 [FXGL Background Thread 3 ] DEBUG Engine               - isFullScreenAllowed: false
13:02:33.937 [FXGL Background Thread 3 ] DEBUG Engine               - isFullScreenFromStart: false
13:02:33.937 [FXGL Background Thread 3 ] DEBUG Engine               - isGameMenuEnabled: true
13:02:33.937 [FXGL Background Thread 3 ] DEBUG Engine               - isIOS: false
13:02:33.937 [FXGL Background Thread 3 ] DEBUG Engine               - isIntroEnabled: false
13:02:33.937 [FXGL Background Thread 3 ] DEBUG Engine               - isLinux: false
13:02:33.937 [FXGL Background Thread 3 ] DEBUG Engine               - isMac: false
13:02:33.937 [FXGL Background Thread 3 ] DEBUG Engine               - isMainMenuEnabled: false
13:02:33.937 [FXGL Background Thread 3 ] DEBUG Engine               - isManualResizeEnabled: false
13:02:33.937 [FXGL Background Thread 3 ] DEBUG Engine               - isMobile: false
13:02:33.937 [FXGL Background Thread 3 ] DEBUG Engine               - isNative: false
13:02:33.937 [FXGL Background Thread 3 ] DEBUG Engine               - isPauseMusicWhenMinimized: true
13:02:33.937 [FXGL Background Thread 3 ] DEBUG Engine               - isPreserveResizeRatio: false
13:02:33.937 [FXGL Background Thread 3 ] DEBUG Engine               - isProfilingEnabled: false
13:02:33.937 [FXGL Background Thread 3 ] DEBUG Engine               - isScaleAffectedOnResize: true
13:02:33.937 [FXGL Background Thread 3 ] DEBUG Engine               - isSingleStep: false
13:02:33.937 [FXGL Background Thread 3 ] DEBUG Engine               - isUserProfileEnabled: false
13:02:33.937 [FXGL Background Thread 3 ] DEBUG Engine               - isWindows: true
13:02:33.937 [FXGL Background Thread 3 ] DEBUG Engine               - language: ObjectProperty [value: ENGLISH]
13:02:33.937 [FXGL Background Thread 3 ] DEBUG Engine               - menuKey: ESCAPE
13:02:33.938 [FXGL Background Thread 3 ] DEBUG Engine               - mouseSensitivity: 0.2
13:02:33.938 [FXGL Background Thread 3 ] DEBUG Engine               - notificationViewClass: class com.almasb.fxgl.notification.view.XboxNotificationView
13:02:33.938 [FXGL Background Thread 3 ] DEBUG Engine               - pixelsPerMeter: 50.0
13:02:33.938 [FXGL Background Thread 3 ] DEBUG Engine               - platform: WINDOWS
13:02:33.938 [FXGL Background Thread 3 ] DEBUG Engine               - prefHeightProperty: ReadOnlyDoubleProperty [value: 600.0]
13:02:33.938 [FXGL Background Thread 3 ] DEBUG Engine               - prefWidthProperty: ReadOnlyDoubleProperty [value: 800.0]
13:02:33.938 [FXGL Background Thread 3 ] DEBUG Engine               - profileDir: profiles/
13:02:33.938 [FXGL Background Thread 3 ] DEBUG Engine               - profileName: StringProperty [value: DEFAULT]
13:02:33.938 [FXGL Background Thread 3 ] DEBUG Engine               - randomSeed: -1
13:02:33.938 [FXGL Background Thread 3 ] DEBUG Engine               - runtimeInfo: RuntimeInfo(platform=WINDOWS, version=21.1, build=26.03.2024 17.33)
13:02:33.938 [FXGL Background Thread 3 ] DEBUG Engine               - saveFileExt: sav
13:02:33.938 [FXGL Background Thread 3 ] DEBUG Engine               - scaledHeightProp$fxgl: DoubleProperty [bound, value: 600.0]
13:02:33.938 [FXGL Background Thread 3 ] DEBUG Engine               - scaledWidthProp$fxgl: DoubleProperty [bound, value: 800.0]
13:02:33.938 [FXGL Background Thread 3 ] DEBUG Engine               - sceneFactory: com.almasb.fxgl.app.scene.SceneFactory@188d477d
13:02:33.938 [FXGL Background Thread 3 ] DEBUG Engine               - secondsIn24h: 60
13:02:33.938 [FXGL Background Thread 3 ] DEBUG Engine               - soundMenuBack: menu/back.wav
13:02:33.938 [FXGL Background Thread 3 ] DEBUG Engine               - soundMenuPress: menu/press.wav
13:02:33.938 [FXGL Background Thread 3 ] DEBUG Engine               - soundMenuSelect: menu/select.wav
13:02:33.938 [FXGL Background Thread 3 ] DEBUG Engine               - soundNotification: core/notification.wav
13:02:33.938 [FXGL Background Thread 3 ] DEBUG Engine               - stageStyle: DECORATED
13:02:33.938 [FXGL Background Thread 3 ] DEBUG Engine               - supportedLanguages: [ENGLISH, FRENCH, GERMAN, HUNGARIAN, RUSSIAN]
13:02:33.938 [FXGL Background Thread 3 ] DEBUG Engine               - ticksPerSecond: -1
13:02:33.938 [FXGL Background Thread 3 ] DEBUG Engine               - title: Among Us UNEG
13:02:33.938 [FXGL Background Thread 3 ] DEBUG Engine               - urlGithub: https://github.com/AlmasB/FXGL
13:02:33.938 [FXGL Background Thread 3 ] DEBUG Engine               - urlLeaderboard: http://fxgl-top.herokuapp.com/
13:02:33.938 [FXGL Background Thread 3 ] DEBUG Engine               - urlPOM: https://raw.githubusercontent.com/AlmasB/FXGL/release/README.md
13:02:33.938 [FXGL Background Thread 3 ] DEBUG Engine               - userAppClass: class main.java.amongUs.AppPrincipal
13:02:33.938 [FXGL Background Thread 3 ] DEBUG Engine               - version: 0.0
13:02:33.938 [FXGL Background Thread 3 ] DEBUG Engine               - versionCheckDays: 7
13:02:33.938 [FXGL Background Thread 3 ] DEBUG Engine               - width: 800
13:02:33.938 [FXGL Background Thread 3 ] DEBUG Engine               - Logging services
13:02:33.938 [FXGL Background Thread 3 ] DEBUG Engine               - class com.almasb.fxgl.app.services.FXGLAssetLoaderService
13:02:33.938 [FXGL Background Thread 3 ] DEBUG Engine               - class com.almasb.fxgl.app.FXGLApplication$GameApplicationService
13:02:33.938 [FXGL Background Thread 3 ] DEBUG Engine               - class com.almasb.fxgl.app.services.FXGLDialogService
13:02:33.938 [FXGL Background Thread 3 ] DEBUG Engine               - class com.almasb.fxgl.app.services.IOTaskExecutorService
13:02:33.938 [FXGL Background Thread 3 ] DEBUG Engine               - class com.almasb.fxgl.io.FileSystemService
13:02:33.938 [FXGL Background Thread 3 ] DEBUG Engine               - class com.almasb.fxgl.localization.LocalizationService
13:02:33.938 [FXGL Background Thread 3 ] DEBUG Engine               - class com.almasb.fxgl.app.services.SystemBundleService
13:02:33.938 [FXGL Background Thread 3 ] DEBUG Engine               - class com.almasb.fxgl.profile.SaveLoadService
13:02:33.938 [FXGL Background Thread 3 ] DEBUG Engine               - class com.almasb.fxgl.ui.FXGLUIFactoryServiceProvider
13:02:33.938 [FXGL Background Thread 3 ] DEBUG Engine               - class com.almasb.fxgl.ui.FXGLDialogFactoryServiceProvider
13:02:33.938 [FXGL Background Thread 3 ] DEBUG Engine               - class com.almasb.fxgl.audio.AudioPlayer
13:02:33.938 [FXGL Background Thread 3 ] DEBUG Engine               - class com.almasb.fxgl.notification.impl.NotificationServiceProvider
13:02:33.938 [FXGL Background Thread 3 ] DEBUG Engine               - class com.almasb.fxgl.achievement.AchievementService
13:02:33.938 [FXGL Background Thread 3 ] DEBUG Engine               - class com.almasb.fxgl.cutscene.CutsceneService
13:02:33.938 [FXGL Background Thread 3 ] DEBUG Engine               - class com.almasb.fxgl.minigames.MiniGameService
13:02:33.938 [FXGL Background Thread 3 ] DEBUG Engine               - class com.almasb.fxgl.net.NetService
13:02:33.938 [FXGL Background Thread 3 ] DEBUG Engine               - class com.almasb.fxgl.app.services.UpdaterService
13:02:33.938 [FXGL Background Thread 3 ] DEBUG Engine               - class com.almasb.fxgl.dev.DevService
13:02:34.765 [JavaFX Application Thread] DEBUG PrimaryStageWindow   - Push state: FXGLDefaultMenu
13:02:34.768 [JavaFX Application Thread] DEBUG Input                - Clearing active input actions
13:02:34.780 [JavaFX Application Thread] DEBUG GameApplicationServi - Removing overlay from GameScene and adding to FXGLDefaultMenu
13:02:34.780 [JavaFX Application Thread] DEBUG PrimaryStageWindow   - GameScene -> FXGLDefaultMenu
13:02:40.410 [JavaFX Application Thread] DEBUG FXGL.DefaultMenu     - createContentAudio()
13:02:46.595 [JavaFX Application Thread] DEBUG Menu                 - fireResume()
13:02:46.595 [JavaFX Application Thread] DEBUG PrimaryStageWindow   - Pop state: FXGLDefaultMenu
13:02:46.597 [JavaFX Application Thread] DEBUG Input                - Clearing active input actions
13:02:46.597 [JavaFX Application Thread] DEBUG GameApplicationServi - Removing overlay from FXGLDefaultMenu and adding to GameScene
13:02:46.598 [JavaFX Application Thread] DEBUG PrimaryStageWindow   - GameScene <- FXGLDefaultMenu
13:02:47.171 [JavaFX Application Thread] DEBUG FXGLAssetLoaderServi - Loading from file system: file:/C:/Users/nicol/Desktop/amongu/out/production/Among%20Us/assets/sounds/clickBoton.wav
13:02:51.430 [JavaFX Application Thread] DEBUG FXGLAssetLoaderServi - Loading from file system: file:/C:/Users/nicol/Desktop/amongu/out/production/Among%20Us/assets/textures/tripulante_blanco.png
13:02:53.462 [JavaFX Application Thread] DEBUG FXGLAssetLoaderServi - Loading from file system: file:/C:/Users/nicol/Desktop/amongu/out/production/Among%20Us/assets/textures/tripulante_rosa.png
13:02:54.342 [JavaFX Application Thread] WARN  TMXLevelLoader       - TiledMap generated from 1.11.2. Supported version: 1.9.0. Some features may not be parsed fully.
13:02:54.361 [JavaFX Application Thread] DEBUG TMXLevelLoader       - Parsed TiledMap: file:/C:/Users/nicol/Desktop/amongu/out/production/Among%20Us/assets/levels/mapa2.tmx
13:02:54.361 [JavaFX Application Thread] DEBUG TMXLevelLoader       - Creating tile layer entities
13:02:54.364 [JavaFX Application Thread] DEBUG TilesetLoader        - Loading view for layer fondo1
13:02:54.365 [JavaFX Application Thread] DEBUG TilesetLoader        - Created buffer with size 992.0x960.0
13:02:54.370 [JavaFX Application Thread] DEBUG TilesetLoader        - Loading view for layer fondo
13:02:54.370 [JavaFX Application Thread] DEBUG TilesetLoader        - Created buffer with size 992.0x960.0
13:02:54.372 [JavaFX Application Thread] DEBUG TilesetLoader        - Loading view for layer piso
13:02:54.372 [JavaFX Application Thread] DEBUG TilesetLoader        - Created buffer with size 992.0x960.0
13:02:54.376 [JavaFX Application Thread] DEBUG TilesetLoader        - Loading view for layer piso1
13:02:54.376 [JavaFX Application Thread] DEBUG TilesetLoader        - Created buffer with size 992.0x960.0
13:02:54.380 [JavaFX Application Thread] DEBUG TilesetLoader        - Loading view for layer izquierda
13:02:54.381 [JavaFX Application Thread] DEBUG TilesetLoader        - Created buffer with size 992.0x960.0
13:02:54.384 [JavaFX Application Thread] DEBUG TilesetLoader        - Loading view for layer detallesatraspared
13:02:54.385 [JavaFX Application Thread] DEBUG TilesetLoader        - Created buffer with size 992.0x960.0
13:02:54.405 [JavaFX Application Thread] DEBUG TilesetLoader        - Loading view for layer pared2
13:02:54.405 [JavaFX Application Thread] DEBUG TilesetLoader        - Created buffer with size 992.0x960.0
13:02:54.411 [JavaFX Application Thread] DEBUG TilesetLoader        - Loading view for layer techo1
13:02:54.412 [JavaFX Application Thread] DEBUG TilesetLoader        - Created buffer with size 992.0x960.0
13:02:54.415 [JavaFX Application Thread] DEBUG TilesetLoader        - Loading view for layer techo2
13:02:54.416 [JavaFX Application Thread] DEBUG TilesetLoader        - Created buffer with size 992.0x960.0
13:02:54.418 [JavaFX Application Thread] DEBUG TilesetLoader        - Loading view for layer puertita
13:02:54.420 [JavaFX Application Thread] DEBUG TilesetLoader        - Created buffer with size 992.0x960.0
13:02:54.420 [JavaFX Application Thread] DEBUG TilesetLoader        - Loading view for layer puerta
13:02:54.421 [JavaFX Application Thread] DEBUG TilesetLoader        - Created buffer with size 992.0x960.0
13:02:54.426 [JavaFX Application Thread] DEBUG TilesetLoader        - Loading view for layer detalles
13:02:54.426 [JavaFX Application Thread] DEBUG TilesetLoader        - Created buffer with size 992.0x960.0
13:02:54.434 [JavaFX Application Thread] DEBUG TilesetLoader        - Loading view for layer detalles 2
13:02:54.435 [JavaFX Application Thread] DEBUG TilesetLoader        - Created buffer with size 992.0x960.0
13:02:54.445 [JavaFX Application Thread] DEBUG TilesetLoader        - Loading view for layer detalles3
13:02:54.446 [JavaFX Application Thread] DEBUG TilesetLoader        - Created buffer with size 992.0x960.0
13:02:54.459 [JavaFX Application Thread] DEBUG TilesetLoader        - Loading view for layer grieta
13:02:54.460 [JavaFX Application Thread] DEBUG TilesetLoader        - Created buffer with size 992.0x960.0
13:02:54.460 [JavaFX Application Thread] DEBUG TilesetLoader        - Loading view for layer Techo
13:02:54.460 [JavaFX Application Thread] DEBUG TilesetLoader        - Created buffer with size 992.0x960.0
13:02:54.461 [JavaFX Application Thread] DEBUG TilesetLoader        - Loading view for layer camaras
13:02:54.462 [JavaFX Application Thread] DEBUG TilesetLoader        - Created buffer with size 992.0x960.0
13:02:54.463 [JavaFX Application Thread] DEBUG TMXLevelLoader       - Creating object layer entities
13:02:54.500 [JavaFX Application Thread] DEBUG GameWorld            - Clearing removable entities
13:02:54.500 [JavaFX Application Thread] DEBUG GameWorld            - Setting level: com.almasb.fxgl.entity.level.Level@52b08027
13:02:54.512 [JavaFX Application Thread] DEBUG FXGLAssetLoaderServi - Loading from file system: file:/C:/Users/nicol/Desktop/amongu/out/production/Among%20Us/assets/textures/MonitorDeCamaras.png
13:02:54.522 [JavaFX Application Thread] DEBUG FXGLAssetLoaderServi - Loading from file system: file:/C:/Users/nicol/Desktop/amongu/out/production/Among%20Us/assets/textures/flechaAmarillaIzq.png
13:02:54.523 [JavaFX Application Thread] DEBUG FXGLAssetLoaderServi - Loading from file system: file:/C:/Users/nicol/Desktop/amongu/out/production/Among%20Us/assets/textures/flechaAmarillaDer.png
13:02:54.529 [JavaFX Application Thread] DEBUG FXGLAssetLoaderServi - Loading from file system: file:/C:/Users/nicol/Desktop/amongu/out/production/Among%20Us/assets/textures/animacion_fantasma.png
13:02:54.530 [JavaFX Application Thread] DEBUG FXGLAssetLoaderServi - Loading from file system: file:/C:/Users/nicol/Desktop/amongu/out/production/Among%20Us/assets/textures/rosa_muerto.png
13:02:54.534 [JavaFX Application Thread] DEBUG FXGLAssetLoaderServi - Loading from file system: file:/C:/Users/nicol/Desktop/amongu/out/production/Among%20Us/assets/textures/animacion_rosa.png
13:02:54.538 [JavaFX Application Thread] DEBUG FXGLAssetLoaderServi - Loading from file system: file:/C:/Users/nicol/Desktop/amongu/out/production/Among%20Us/assets/textures/alcantarilla_rosa.png
13:02:54.539 [JavaFX Application Thread] DEBUG FXGLAssetLoaderServi - Loading from file system: file:/C:/Users/nicol/Desktop/amongu/out/production/Among%20Us/assets/textures/alcantarilla_rosaE.png
13:02:54.545 [JavaFX Application Thread] DEBUG FXGLAssetLoaderServi - Loading from file system: file:/C:/Users/nicol/Desktop/amongu/out/production/Among%20Us/assets/textures/accionNegada.png
13:02:54.549 [JavaFX Application Thread] DEBUG FXGLAssetLoaderServi - Loading from file system: file:/C:/Users/nicol/Desktop/amongu/out/production/Among%20Us/assets/textures/reportarNegado.png
13:02:54.553 [JavaFX Application Thread] DEBUG FXGLAssetLoaderServi - Loading from file system: file:/C:/Users/nicol/Desktop/amongu/out/production/Among%20Us/assets/textures/matarNegado.png
13:02:54.560 [JavaFX Application Thread] DEBUG FXGLAssetLoaderServi - Loading from file system: file:/C:/Users/nicol/Desktop/amongu/out/production/Among%20Us/assets/textures/sabotaje.png
13:02:54.565 [JavaFX Application Thread] DEBUG FXGLAssetLoaderServi - Loading from file system: file:/C:/Users/nicol/Desktop/amongu/out/production/Among%20Us/assets/textures/animacion_extintor.png
13:02:54.581 [JavaFX Application Thread] DEBUG FXGLAssetLoaderServi - Loading from file system: file:/C:/Users/nicol/Desktop/amongu/out/production/Among%20Us/assets/textures/animacion_temperatura.png
13:02:54.609 [JavaFX Application Thread] DEBUG FXGLAssetLoaderServi - Loading from file system: file:/C:/Users/nicol/Desktop/amongu/out/production/Among%20Us/assets/textures/animacion_encestar.png
13:02:54.637 [JavaFX Application Thread] DEBUG FXGLAssetLoaderServi - Loading from file system: file:/C:/Users/nicol/Desktop/amongu/out/production/Among%20Us/assets/textures/animacion_basura.png
13:02:54.659 [JavaFX Application Thread] DEBUG FXGLAssetLoaderServi - Loading from file system: file:/C:/Users/nicol/Desktop/amongu/out/production/Among%20Us/assets/textures/animacion_tarjeta.png
13:02:54.671 [JavaFX Application Thread] WARN  FXGLAssetLoaderServi - Asset "/assets/textures/animacion_reactor.png" was not found!
13:02:54.671 [JavaFX Application Thread] WARN  FXGLAssetLoaderServi - Failed to load IMAGE
13:02:54.679 [JavaFX Application Thread] DEBUG FXGLAssetLoaderServi - Loading from file system: file:/C:/Users/nicol/Desktop/amongu/out/production/Among%20Us/assets/textures/barra_0.png
13:02:54.681 [JavaFX Application Thread] DEBUG FXGLAssetLoaderServi - Loading from file system: file:/C:/Users/nicol/Desktop/amongu/out/production/Among%20Us/assets/textures/pantalla_impostor.png
13:03:20.601 [JavaFX Application Thread] DEBUG FXGLAssetLoaderServi - Loading from file system: file:/C:/Users/nicol/Desktop/amongu/out/production/Among%20Us/assets/textures/accion.png
13:03:22.960 [JavaFX Application Thread] DEBUG Input                - Mocking key press: Space
13:03:22.962 [JavaFX Application Thread] DEBUG FXGLAssetLoaderServi - Loading from file system: file:/C:/Users/nicol/Desktop/amongu/out/production/Among%20Us/assets/textures/flechaRojaAbajo.png
13:03:22.972 [JavaFX Application Thread] DEBUG Input                - Mocking key release: Space
13:03:24.520 [JavaFX Application Thread] DEBUG FXGLAssetLoaderServi - Loading from file system: file:/C:/Users/nicol/Desktop/amongu/out/production/Among%20Us/assets/textures/flechaRojaIzq.png
13:03:24.528 [JavaFX Application Thread] DEBUG FXGLAssetLoaderServi - Loading from file system: file:/C:/Users/nicol/Desktop/amongu/out/production/Among%20Us/assets/textures/flechaRojaArriba.png
13:03:26.894 [JavaFX Application Thread] DEBUG Input                - Mocking key press: Space
13:03:26.894 [JavaFX Application Thread] DEBUG Input                - Mocking key release: Space
13:04:33.870 [JavaFX Application Thread] DEBUG FXGLApplication      - Exiting FXGL
13:04:33.871 [JavaFX Application Thread] DEBUG LoopRunner           - Stopping loop
13:04:33.871 [JavaFX Application Thread] DEBUG SystemBundleService  - Saving FXGL system data
13:04:33.875 [JavaFX Application Thread] DEBUG FileSystemAccess     - Writing to: C:\Users\nicol\Desktop\amongu\system\fxgl.bundle
13:04:33.878 [JavaFX Application Thread] DEBUG Async                - Shutting down background threads
13:04:33.878 [JavaFX Application Thread] DEBUG PrimaryStageWindow   - Closing main window
13:04:33.894 [JavaFX Application Thread] DEBUG Logger               - Closing Logger
