18:13:38.705 [main                     ] DEBUG Logger               - Configured Logger
18:13:38.724 [main                     ] DEBUG GameApplication      - Logging settings
Title: Among Us UNEG
Version: 0.0
Width: 800
Height: 600
Fullscreen: false
Intro: false
Profiling: false
Single step:false
App Mode: DEVELOPER
Menu Key: ESCAPE
Stage Style: DECORATED
Scene Factory: class com.almasb.fxgl.app.scene.SceneFactory

18:13:39.835 [JavaFX Application Thread] DEBUG FXGLApplication      - Initializing FXGL
18:13:39.841 [JavaFX Application Thread] INFO  Engine               - FXGL-21.1 (26.03.2024 17.33) on WINDOWS (J:25.0.2 FX:21.0.1)
18:13:39.842 [JavaFX Application Thread] DEBUG Engine               - JRE Vendor Name: Oracle Corporation
18:13:39.842 [JavaFX Application Thread] DEBUG Engine               - Running on OS: Windows 11 version 10.0
18:13:39.842 [JavaFX Application Thread] DEBUG Engine               - Architecture: amd64
18:13:39.842 [JavaFX Application Thread] INFO  Engine               - Source code and latest versions at: https://github.com/AlmasB/FXGL
18:13:39.842 [JavaFX Application Thread] INFO  Engine               -       Ask questions and discuss at: https://github.com/AlmasB/FXGL/discussions
18:13:39.843 [JavaFX Application Thread] INFO  Engine               -              Join the FXGL chat at: https://gitter.im/AlmasB/FXGL
18:13:40.122 [JavaFX Application Thread] DEBUG PrimaryStageWindow   - Creating a JavaFX scene
18:13:40.249 [JavaFX Application Thread] DEBUG PrimaryStageWindow   - Target settings size: 800.0 x 600.0
18:13:40.249 [JavaFX Application Thread] DEBUG PrimaryStageWindow   - Scaled scene size:    800.0 x 600.0
18:13:40.249 [JavaFX Application Thread] DEBUG PrimaryStageWindow   - Scaled ratio: (1.0, 1.0)
18:13:40.251 [JavaFX Application Thread] DEBUG PrimaryStageWindow   - Set initial scene to FXGLStartupScene
18:13:40.257 [JavaFX Application Thread] DEBUG PrimaryStageWindow   - Opening main window
18:13:40.474 [JavaFX Application Thread] DEBUG PrimaryStageWindow   - Window border size: (16.0, 39.0)
18:13:40.474 [JavaFX Application Thread] DEBUG PrimaryStageWindow   - Scaled size: 800.0 x 600.0
18:13:40.475 [JavaFX Application Thread] DEBUG PrimaryStageWindow   - Scaled ratio: (1.0, 1.0)
18:13:40.475 [JavaFX Application Thread] DEBUG PrimaryStageWindow   - Scene size: 800.0 x 600.0
18:13:40.475 [JavaFX Application Thread] DEBUG PrimaryStageWindow   - Stage size: 816.0 x 639.0
18:13:40.507 [FXGL Background Thread 1 ] DEBUG Engine               - Initializing environment variables
18:13:40.688 [FXGL Background Thread 1 ] DEBUG FXGLAssetLoaderServi - User app class for loading assets: class main.java.amongUs.AppPrincipal
18:13:40.688 [FXGL Background Thread 1 ] DEBUG GameApplicationServi - Applying CSS: fxgl_dark.css
18:13:40.690 [FXGL Background Thread 1 ] DEBUG FXGLAssetLoaderServi - Loading from file system: jar:file:/C:/Users/josue/OneDrive/Desktop/proyecto%20java/Among%20Us/lib/fxgl-21.1-uber.jar!/fxglassets/ui/css/fxgl_dark.css
18:13:40.804 [FXGL Background Thread 1 ] DEBUG GameApplicationServi - Initializing application scenes
18:13:41.045 [FXGL Background Thread 1 ] DEBUG GameWorld            - Game world initialized
18:13:41.133 [FXGL Background Thread 1 ] DEBUG PhysicsWorld         - Physics world initialized: appHeight=600, physics.ppm=50,0
18:13:41.133 [FXGL Background Thread 1 ] DEBUG PhysicsWorld         - Using strategy: BRUTE_FORCE
18:13:41.139 [FXGL Background Thread 1 ] DEBUG GameScene            - Game scene initialized: 800x600
18:13:41.160 [FXGL Background Thread 1 ] DEBUG FXGL.DefaultMenu     - createMenuBodyGameMenu()
18:13:41.202 [FXGL Background Thread 1 ] DEBUG FXGL.DefaultMenu     - createOptionsMenu()
18:13:41.226 [FXGL Background Thread 1 ] DEBUG FXGLAssetLoaderServi - Loading from file system: jar:file:/C:/Users/josue/OneDrive/Desktop/proyecto%20java/Among%20Us/lib/fxgl-21.1-uber.jar!/fxglassets/textures/particles/smoke.png
18:13:41.417 [FXGL Background Thread 1 ] DEBUG FXGLAssetLoaderServi - Loading from file system: jar:file:/C:/Users/josue/OneDrive/Desktop/proyecto%20java/Among%20Us/lib/fxgl-21.1-uber.jar!/fxglassets/textures/particles/trace_horizontal.png
18:13:41.513 [FXGL Background Thread 1 ] DEBUG GameApplicationServi - Application scenes initialized
18:13:41.535 [FXGL Background Thread 1 ] DEBUG SystemBundleService  - Loading FXGL system data
18:13:41.543 [FXGL Background Thread 1 ] DEBUG FileSystemAccess     - Reading from: C:\Users\josue\OneDrive\Desktop\proyecto java\Among Us\system\fxgl.bundle
18:13:41.555 [FXGL Background Thread 1 ] DEBUG SystemBundleService  - Bundle FXGL: {}
18:13:41.555 [FXGL Background Thread 1 ] DEBUG UpdaterService       - Checking for updates
18:13:41.564 [FXGL Background Thread 1 ] DEBUG FXGLApplication      - Loading default localization
18:13:41.565 [FXGL Background Thread 1 ] DEBUG FXGLAssetLoaderServi - Loading from file system: jar:file:/C:/Users/josue/OneDrive/Desktop/proyecto%20java/Among%20Us/lib/fxgl-21.1-uber.jar!/fxglassets/languages/english.lang
18:13:41.596 [FXGL Background Thread 1 ] INFO  FXGLApplication      - FXGL initialization took: 1,088 sec
18:13:41.608 [JavaFX Application Thread] DEBUG Input                - Registered new binding: Mover Arriba - W
18:13:41.608 [JavaFX Application Thread] DEBUG Input                - Registered new binding: Mover Abajo - S
18:13:41.609 [JavaFX Application Thread] DEBUG Input                - Registered new binding: Mover Izquierda - A
18:13:41.609 [JavaFX Application Thread] DEBUG Input                - Registered new binding: Mover Derecha - D
18:13:41.609 [JavaFX Application Thread] DEBUG Input                - Registered new binding: Abrir Camaras - C
18:13:41.609 [JavaFX Application Thread] DEBUG Input                - Registered new binding: Usar Alcantarilla - Space
18:13:41.609 [JavaFX Application Thread] DEBUG Input                - Registered new binding: Vent Izquierda - Left
18:13:41.609 [JavaFX Application Thread] DEBUG Input                - Registered new binding: Vent Derecha - Right
18:13:41.610 [JavaFX Application Thread] DEBUG Input                - Registered new binding: Vent Arriba - Up
18:13:41.610 [JavaFX Application Thread] DEBUG Input                - Registered new binding: Vent Abajo - Down
18:13:41.610 [JavaFX Application Thread] DEBUG FXGLAssetLoaderServi - Loading from file system: file:/C:/Users/josue/OneDrive/Desktop/proyecto%20java/Among%20Us/out/production/Among%20Us/assets/textures/icono.png
18:13:41.696 [FXGL Background Thread 4 ] DEBUG FXGLApplication      - Loading fonts
18:13:41.697 [FXGL Background Thread 4 ] DEBUG FXGLAssetLoaderServi - Loading from file system: jar:file:/C:/Users/josue/OneDrive/Desktop/proyecto%20java/Among%20Us/lib/fxgl-21.1-uber.jar!/fxglassets/ui/fonts/VarelaRound-Regular.ttf
18:13:41.718 [JavaFX Application Thread] DEBUG FXGLAssetLoaderServi - Loading from file system: jar:file:/C:/Users/josue/OneDrive/Desktop/proyecto%20java/Among%20Us/lib/fxgl-21.1-uber.jar!/fxglassets/textures/fxgl_default_cursor.png
18:13:41.734 [JavaFX Application Thread] DEBUG Input                - Registered new binding: Screenshot - CTRL+8
18:13:41.736 [JavaFX Application Thread] DEBUG Input                - Registered new binding: System info dump - CTRL+9
18:13:41.737 [JavaFX Application Thread] DEBUG Input                - Registered new binding: Restart - CTRL+R
18:13:41.741 [JavaFX Application Thread] DEBUG Input                - Registered new binding: Toggle Debug Camera - CTRL+7
18:13:41.751 [JavaFX Application Thread] DEBUG LoopRunner           - Starting loop
18:13:41.751 [JavaFX Application Thread] DEBUG LoopRunner           - Initializing JavaFX AnimationTimerLoop
18:13:41.753 [JavaFX Application Thread] DEBUG GameApplicationServi - Starting new game
18:13:41.754 [JavaFX Application Thread] DEBUG Input                - Clearing active input actions
18:13:41.791 [JavaFX Application Thread] DEBUG GameApplicationServi - Removing overlay from FXGLStartupScene and adding to FXGLLoadingScene
18:13:41.792 [JavaFX Application Thread] DEBUG PrimaryStageWindow   - FXGLStartupScene -> FXGLLoadingScene
18:13:41.792 [JavaFX Application Thread] DEBUG GameApplicationServi - Clearing previous game
18:13:41.793 [JavaFX Application Thread] DEBUG GameScene            - Clearing game scene
18:13:41.793 [JavaFX Application Thread] DEBUG GameWorld            - Clearing game world
18:13:41.814 [JavaFX Application Thread] DEBUG PhysicsWorld         - Clearing physics world
18:13:41.817 [FXGL Background Thread 1 ] DEBUG FXGLApplication      - Initializing game
18:13:41.834 [FXGL Background Thread 1 ] DEBUG FXGLAssetLoaderServi - Loading from file system: file:/C:/Users/josue/OneDrive/Desktop/proyecto%20java/Among%20Us/out/production/Among%20Us/assets/textures/MonitorDeCamaras.png
18:13:41.956 [FXGL Background Thread 1 ] DEBUG FXGLAssetLoaderServi - Loading from file system: file:/C:/Users/josue/OneDrive/Desktop/proyecto%20java/Among%20Us/out/production/Among%20Us/assets/textures/flechaAmarillaIzq.png
18:13:41.971 [FXGL Background Thread 1 ] DEBUG FXGLAssetLoaderServi - Loading from file system: file:/C:/Users/josue/OneDrive/Desktop/proyecto%20java/Among%20Us/out/production/Among%20Us/assets/textures/flechaAmarillaDer.png
18:13:41.976 [FXGL Background Thread 1 ] DEBUG FXGLAssetLoaderServi - Loading from file system: file:/C:/Users/josue/OneDrive/Desktop/proyecto%20java/Among%20Us/out/production/Among%20Us/assets/music/musicaMenu.mp3
18:13:42.819 [FXGL Background Thread 1 ] DEBUG AudioPlayer          - Playing music com.almasb.fxgl.audio.Music@259f8ac6
18:13:42.838 [FXGL Background Thread 4 ] DEBUG FXGLAssetLoaderServi - Loading from file system: jar:file:/C:/Users/josue/OneDrive/Desktop/proyecto%20java/Among%20Us/lib/fxgl-21.1-uber.jar!/fxglassets/ui/fonts/Abel-Regular.ttf
18:13:42.964 [FXGL Background Thread 4 ] DEBUG FXGLAssetLoaderServi - Loading from file system: jar:file:/C:/Users/josue/OneDrive/Desktop/proyecto%20java/Among%20Us/lib/fxgl-21.1-uber.jar!/fxglassets/ui/fonts/TerminalLandMono-Regular.otf
18:13:43.022 [FXGL Background Thread 4 ] DEBUG FXGLAssetLoaderServi - Loading from file system: jar:file:/C:/Users/josue/OneDrive/Desktop/proyecto%20java/Among%20Us/lib/fxgl-21.1-uber.jar!/fxglassets/ui/fonts/Courier-Prime.ttf
18:13:43.070 [JavaFX Application Thread] DEBUG FXGLApplication      - Registering font factories with UI factory
18:13:43.764 [FXGL Background Thread 1 ] INFO  FXGLApplication      - Game initialization took: 1,947 sec
18:13:44.006 [JavaFX Application Thread] DEBUG Input                - Clearing active input actions
18:13:44.019 [JavaFX Application Thread] DEBUG GameApplicationServi - Removing overlay from FXGLLoadingScene and adding to GameScene
18:13:44.020 [JavaFX Application Thread] DEBUG PrimaryStageWindow   - FXGLLoadingScene -> GameScene
18:13:44.387 [FXGL Background Thread 2 ] INFO  UpdaterService       - Your current version:  21.1
18:13:44.387 [FXGL Background Thread 2 ] INFO  UpdaterService       - Latest stable version: 25
18:13:44.665 [FXGL Background Thread 3 ] DEBUG Engine               - Logging environment variables
18:13:44.665 [FXGL Background Thread 3 ] DEBUG Engine               - achievements: []
18:13:44.666 [FXGL Background Thread 3 ] DEBUG Engine               - actualHeight: 600.0
18:13:44.667 [FXGL Background Thread 3 ] DEBUG Engine               - actualHeightProperty: ReadOnlyDoubleProperty [value: 600.0]
18:13:44.672 [FXGL Background Thread 3 ] DEBUG Engine               - actualWidth: 800.0
18:13:44.672 [FXGL Background Thread 3 ] DEBUG Engine               - actualWidthProperty: ReadOnlyDoubleProperty [value: 800.0]
18:13:44.672 [FXGL Background Thread 3 ] DEBUG Engine               - appIcon: icono.png
18:13:44.672 [FXGL Background Thread 3 ] DEBUG Engine               - applicationMode: DEVELOPER
18:13:44.672 [FXGL Background Thread 3 ] DEBUG Engine               - cSSList: [fxgl_dark.css]
18:13:44.672 [FXGL Background Thread 3 ] DEBUG Engine               - collisionDetectionStrategy: BRUTE_FORCE
18:13:44.672 [FXGL Background Thread 3 ] DEBUG Engine               - configClass: Optional.empty
18:13:44.672 [FXGL Background Thread 3 ] DEBUG Engine               - credits: []
18:13:44.674 [FXGL Background Thread 3 ] DEBUG Engine               - defaultCursor: CursorInfo(imageName=fxgl_default_cursor.png, hotspotX=7.0, hotspotY=6.0)
18:13:44.674 [FXGL Background Thread 3 ] DEBUG Engine               - devBBoxColorProperty: ObjectProperty [value: 0xff0000ff]
18:13:44.674 [FXGL Background Thread 3 ] DEBUG Engine               - devEnableDebugCameraProperty: BooleanProperty [value: false]
18:13:44.674 [FXGL Background Thread 3 ] DEBUG Engine               - devSensorColorProperty: ObjectProperty [value: 0xffff00ff]
18:13:44.675 [FXGL Background Thread 3 ] DEBUG Engine               - devShowBBoxProperty: BooleanProperty [value: false]
18:13:44.675 [FXGL Background Thread 3 ] DEBUG Engine               - devShowPositionProperty: BooleanProperty [value: false]
18:13:44.675 [FXGL Background Thread 3 ] DEBUG Engine               - enabledMenuItems: []
18:13:44.675 [FXGL Background Thread 3 ] DEBUG Engine               - engineServices: [class com.almasb.fxgl.app.services.FXGLAssetLoaderService, class com.almasb.fxgl.app.FXGLApplication$GameApplicationService, class com.almasb.fxgl.app.services.FXGLDialogService, class com.almasb.fxgl.app.services.IOTaskExecutorService, class com.almasb.fxgl.io.FileSystemService, class com.almasb.fxgl.localization.LocalizationService, class com.almasb.fxgl.app.services.SystemBundleService, class com.almasb.fxgl.profile.SaveLoadService, class com.almasb.fxgl.ui.FXGLUIFactoryServiceProvider, class com.almasb.fxgl.ui.FXGLDialogFactoryServiceProvider, class com.almasb.fxgl.audio.AudioPlayer, class com.almasb.fxgl.notification.impl.NotificationServiceProvider, class com.almasb.fxgl.achievement.AchievementService, class com.almasb.fxgl.cutscene.CutsceneService, class com.almasb.fxgl.minigames.MiniGameService, class com.almasb.fxgl.net.NetService, class com.almasb.fxgl.app.services.UpdaterService, class com.almasb.fxgl.dev.DevService]
18:13:44.675 [FXGL Background Thread 3 ] DEBUG Engine               - fontGame: Abel-Regular.ttf
18:13:44.675 [FXGL Background Thread 3 ] DEBUG Engine               - fontMono: TerminalLandMono-Regular.otf
18:13:44.675 [FXGL Background Thread 3 ] DEBUG Engine               - fontSizeScaleUI: 1.0
18:13:44.675 [FXGL Background Thread 3 ] DEBUG Engine               - fontText: Courier-Prime.ttf
18:13:44.675 [FXGL Background Thread 3 ] DEBUG Engine               - fontUI: VarelaRound-Regular.ttf
18:13:44.675 [FXGL Background Thread 3 ] DEBUG Engine               - fullScreen: BooleanProperty [value: false]
18:13:44.675 [FXGL Background Thread 3 ] DEBUG Engine               - gameDifficulty: MEDIUM
18:13:44.675 [FXGL Background Thread 3 ] DEBUG Engine               - gameDifficultyProperty: ObjectProperty [value: MEDIUM]
18:13:44.675 [FXGL Background Thread 3 ] DEBUG Engine               - globalMusicVolume: 0.5
18:13:44.675 [FXGL Background Thread 3 ] DEBUG Engine               - globalMusicVolumeProperty: DoubleProperty [value: 0.4]
18:13:44.676 [FXGL Background Thread 3 ] DEBUG Engine               - globalSoundVolume: 0.5
18:13:44.676 [FXGL Background Thread 3 ] DEBUG Engine               - globalSoundVolumeProperty: DoubleProperty [value: 0.5]
18:13:44.676 [FXGL Background Thread 3 ] DEBUG Engine               - height: 600
18:13:44.676 [FXGL Background Thread 3 ] DEBUG Engine               - is3D: false
18:13:44.676 [FXGL Background Thread 3 ] DEBUG Engine               - isAndroid: false
18:13:44.676 [FXGL Background Thread 3 ] DEBUG Engine               - isBrowser: false
18:13:44.677 [FXGL Background Thread 3 ] DEBUG Engine               - isClickFeedbackEnabled: false
18:13:44.677 [FXGL Background Thread 3 ] DEBUG Engine               - isCloseConfirmation: false
18:13:44.677 [FXGL Background Thread 3 ] DEBUG Engine               - isDesktop: true
18:13:44.677 [FXGL Background Thread 3 ] DEBUG Engine               - isDeveloperMenuEnabled: false
18:13:44.678 [FXGL Background Thread 3 ] DEBUG Engine               - isEmbedded: false
18:13:44.678 [FXGL Background Thread 3 ] DEBUG Engine               - isEntityPreloadEnabled: true
18:13:44.678 [FXGL Background Thread 3 ] DEBUG Engine               - isExperimentalTiledLargeMap: false
18:13:44.678 [FXGL Background Thread 3 ] DEBUG Engine               - isFileSystemWriteAllowed: true
18:13:44.678 [FXGL Background Thread 3 ] DEBUG Engine               - isFullScreenAllowed: false
18:13:44.678 [FXGL Background Thread 3 ] DEBUG Engine               - isFullScreenFromStart: false
18:13:44.678 [FXGL Background Thread 3 ] DEBUG Engine               - isGameMenuEnabled: true
18:13:44.678 [FXGL Background Thread 3 ] DEBUG Engine               - isIOS: false
18:13:44.678 [FXGL Background Thread 3 ] DEBUG Engine               - isIntroEnabled: false
18:13:44.678 [FXGL Background Thread 3 ] DEBUG Engine               - isLinux: false
18:13:44.679 [FXGL Background Thread 3 ] DEBUG Engine               - isMac: false
18:13:44.679 [FXGL Background Thread 3 ] DEBUG Engine               - isMainMenuEnabled: false
18:13:44.679 [FXGL Background Thread 3 ] DEBUG Engine               - isManualResizeEnabled: false
18:13:44.679 [FXGL Background Thread 3 ] DEBUG Engine               - isMobile: false
18:13:44.679 [FXGL Background Thread 3 ] DEBUG Engine               - isNative: false
18:13:44.679 [FXGL Background Thread 3 ] DEBUG Engine               - isPauseMusicWhenMinimized: true
18:13:44.679 [FXGL Background Thread 3 ] DEBUG Engine               - isPreserveResizeRatio: false
18:13:44.681 [FXGL Background Thread 3 ] DEBUG Engine               - isProfilingEnabled: false
18:13:44.681 [FXGL Background Thread 3 ] DEBUG Engine               - isScaleAffectedOnResize: true
18:13:44.681 [FXGL Background Thread 3 ] DEBUG Engine               - isSingleStep: false
18:13:44.681 [FXGL Background Thread 3 ] DEBUG Engine               - isUserProfileEnabled: false
18:13:44.681 [FXGL Background Thread 3 ] DEBUG Engine               - isWindows: true
18:13:44.681 [FXGL Background Thread 3 ] DEBUG Engine               - language: ObjectProperty [value: ENGLISH]
18:13:44.681 [FXGL Background Thread 3 ] DEBUG Engine               - menuKey: ESCAPE
18:13:44.682 [FXGL Background Thread 3 ] DEBUG Engine               - mouseSensitivity: 0.2
18:13:44.682 [FXGL Background Thread 3 ] DEBUG Engine               - notificationViewClass: class com.almasb.fxgl.notification.view.XboxNotificationView
18:13:44.682 [FXGL Background Thread 3 ] DEBUG Engine               - pixelsPerMeter: 50.0
18:13:44.682 [FXGL Background Thread 3 ] DEBUG Engine               - platform: WINDOWS
18:13:44.682 [FXGL Background Thread 3 ] DEBUG Engine               - prefHeightProperty: ReadOnlyDoubleProperty [value: 600.0]
18:13:44.682 [FXGL Background Thread 3 ] DEBUG Engine               - prefWidthProperty: ReadOnlyDoubleProperty [value: 800.0]
18:13:44.682 [FXGL Background Thread 3 ] DEBUG Engine               - profileDir: profiles/
18:13:44.682 [FXGL Background Thread 3 ] DEBUG Engine               - profileName: StringProperty [value: DEFAULT]
18:13:44.682 [FXGL Background Thread 3 ] DEBUG Engine               - randomSeed: -1
18:13:44.682 [FXGL Background Thread 3 ] DEBUG Engine               - runtimeInfo: RuntimeInfo(platform=WINDOWS, version=21.1, build=26.03.2024 17.33)
18:13:44.683 [FXGL Background Thread 3 ] DEBUG Engine               - saveFileExt: sav
18:13:44.683 [FXGL Background Thread 3 ] DEBUG Engine               - scaledHeightProp$fxgl: DoubleProperty [bound, value: 600.0]
18:13:44.683 [FXGL Background Thread 3 ] DEBUG Engine               - scaledWidthProp$fxgl: DoubleProperty [bound, value: 800.0]
18:13:44.683 [FXGL Background Thread 3 ] DEBUG Engine               - sceneFactory: com.almasb.fxgl.app.scene.SceneFactory@348f89f7
18:13:44.683 [FXGL Background Thread 3 ] DEBUG Engine               - secondsIn24h: 60
18:13:44.683 [FXGL Background Thread 3 ] DEBUG Engine               - soundMenuBack: menu/back.wav
18:13:44.683 [FXGL Background Thread 3 ] DEBUG Engine               - soundMenuPress: menu/press.wav
18:13:44.683 [FXGL Background Thread 3 ] DEBUG Engine               - soundMenuSelect: menu/select.wav
18:13:44.683 [FXGL Background Thread 3 ] DEBUG Engine               - soundNotification: core/notification.wav
18:13:44.683 [FXGL Background Thread 3 ] DEBUG Engine               - stageStyle: DECORATED
18:13:44.683 [FXGL Background Thread 3 ] DEBUG Engine               - supportedLanguages: [ENGLISH, FRENCH, GERMAN, HUNGARIAN, RUSSIAN]
18:13:44.683 [FXGL Background Thread 3 ] DEBUG Engine               - ticksPerSecond: -1
18:13:44.683 [FXGL Background Thread 3 ] DEBUG Engine               - title: Among Us UNEG
18:13:44.684 [FXGL Background Thread 3 ] DEBUG Engine               - urlGithub: https://github.com/AlmasB/FXGL
18:13:44.684 [FXGL Background Thread 3 ] DEBUG Engine               - urlLeaderboard: http://fxgl-top.herokuapp.com/
18:13:44.684 [FXGL Background Thread 3 ] DEBUG Engine               - urlPOM: https://raw.githubusercontent.com/AlmasB/FXGL/release/README.md
18:13:44.684 [FXGL Background Thread 3 ] DEBUG Engine               - userAppClass: class main.java.amongUs.AppPrincipal
18:13:44.684 [FXGL Background Thread 3 ] DEBUG Engine               - version: 0.0
18:13:44.685 [FXGL Background Thread 3 ] DEBUG Engine               - versionCheckDays: 7
18:13:44.685 [FXGL Background Thread 3 ] DEBUG Engine               - width: 800
18:13:44.685 [FXGL Background Thread 3 ] DEBUG Engine               - Logging services
18:13:44.685 [FXGL Background Thread 3 ] DEBUG Engine               - class com.almasb.fxgl.app.services.FXGLAssetLoaderService
18:13:44.685 [FXGL Background Thread 3 ] DEBUG Engine               - class com.almasb.fxgl.app.FXGLApplication$GameApplicationService
18:13:44.685 [FXGL Background Thread 3 ] DEBUG Engine               - class com.almasb.fxgl.app.services.FXGLDialogService
18:13:44.685 [FXGL Background Thread 3 ] DEBUG Engine               - class com.almasb.fxgl.app.services.IOTaskExecutorService
18:13:44.685 [FXGL Background Thread 3 ] DEBUG Engine               - class com.almasb.fxgl.io.FileSystemService
18:13:44.685 [FXGL Background Thread 3 ] DEBUG Engine               - class com.almasb.fxgl.localization.LocalizationService
18:13:44.685 [FXGL Background Thread 3 ] DEBUG Engine               - class com.almasb.fxgl.app.services.SystemBundleService
18:13:44.686 [FXGL Background Thread 3 ] DEBUG Engine               - class com.almasb.fxgl.profile.SaveLoadService
18:13:44.686 [FXGL Background Thread 3 ] DEBUG Engine               - class com.almasb.fxgl.ui.FXGLUIFactoryServiceProvider
18:13:44.686 [FXGL Background Thread 3 ] DEBUG Engine               - class com.almasb.fxgl.ui.FXGLDialogFactoryServiceProvider
18:13:44.686 [FXGL Background Thread 3 ] DEBUG Engine               - class com.almasb.fxgl.audio.AudioPlayer
18:13:44.686 [FXGL Background Thread 3 ] DEBUG Engine               - class com.almasb.fxgl.notification.impl.NotificationServiceProvider
18:13:44.686 [FXGL Background Thread 3 ] DEBUG Engine               - class com.almasb.fxgl.achievement.AchievementService
18:13:44.686 [FXGL Background Thread 3 ] DEBUG Engine               - class com.almasb.fxgl.cutscene.CutsceneService
18:13:44.686 [FXGL Background Thread 3 ] DEBUG Engine               - class com.almasb.fxgl.minigames.MiniGameService
18:13:44.686 [FXGL Background Thread 3 ] DEBUG Engine               - class com.almasb.fxgl.net.NetService
18:13:44.686 [FXGL Background Thread 3 ] DEBUG Engine               - class com.almasb.fxgl.app.services.UpdaterService
18:13:44.686 [FXGL Background Thread 3 ] DEBUG Engine               - class com.almasb.fxgl.dev.DevService
18:13:53.187 [JavaFX Application Thread] DEBUG FXGLAssetLoaderServi - Loading from file system: file:/C:/Users/josue/OneDrive/Desktop/proyecto%20java/Among%20Us/out/production/Among%20Us/assets/sounds/clickBoton.wav
18:13:56.740 [JavaFX Application Thread] DEBUG FXGLAssetLoaderServi - Loading from file system: file:/C:/Users/josue/OneDrive/Desktop/proyecto%20java/Among%20Us/out/production/Among%20Us/assets/textures/6.png
18:13:57.340 [JavaFX Application Thread] DEBUG FXGLAssetLoaderServi - Loading from file system: file:/C:/Users/josue/OneDrive/Desktop/proyecto%20java/Among%20Us/out/production/Among%20Us/assets/textures/5.png
18:13:57.938 [JavaFX Application Thread] DEBUG FXGLAssetLoaderServi - Loading from file system: file:/C:/Users/josue/OneDrive/Desktop/proyecto%20java/Among%20Us/out/production/Among%20Us/assets/textures/4.png
18:13:58.394 [JavaFX Application Thread] DEBUG FXGLAssetLoaderServi - Loading from file system: file:/C:/Users/josue/OneDrive/Desktop/proyecto%20java/Among%20Us/out/production/Among%20Us/assets/textures/3.png
18:13:58.658 [JavaFX Application Thread] DEBUG FXGLAssetLoaderServi - Loading from file system: file:/C:/Users/josue/OneDrive/Desktop/proyecto%20java/Among%20Us/out/production/Among%20Us/assets/textures/2.png
18:14:10.956 [JavaFX Application Thread] DEBUG FXGLAssetLoaderServi - Loading from file system: file:/C:/Users/josue/OneDrive/Desktop/proyecto%20java/Among%20Us/out/production/Among%20Us/assets/textures/tripulante_negro.png
18:17:51.884 [JavaFX Application Thread] DEBUG FXGLAssetLoaderServi - Loading from file system: file:/C:/Users/josue/OneDrive/Desktop/proyecto%20java/Among%20Us/out/production/Among%20Us/assets/textures/tripulante_blanco.png
18:20:24.565 [JavaFX Application Thread] DEBUG FXGLAssetLoaderServi - Loading from file system: file:/C:/Users/josue/OneDrive/Desktop/proyecto%20java/Among%20Us/out/production/Among%20Us/assets/textures/tripulante_morado.png
18:31:02.900 [JavaFX Application Thread] WARN  TMXLevelLoader       - TiledMap generated from 1.11.2. Supported version: 1.9.0. Some features may not be parsed fully.
18:31:02.980 [JavaFX Application Thread] DEBUG TMXLevelLoader       - Parsed TiledMap: file:/C:/Users/josue/OneDrive/Desktop/proyecto%20java/Among%20Us/out/production/Among%20Us/assets/levels/mapa2.tmx
18:31:02.981 [JavaFX Application Thread] DEBUG TMXLevelLoader       - Creating tile layer entities
18:31:02.989 [JavaFX Application Thread] DEBUG TilesetLoader        - Loading view for layer fondo1
18:31:02.993 [JavaFX Application Thread] DEBUG TilesetLoader        - Created buffer with size 992.0x960.0
18:31:03.025 [JavaFX Application Thread] DEBUG TilesetLoader        - Loading view for layer fondo
18:31:03.029 [JavaFX Application Thread] DEBUG TilesetLoader        - Created buffer with size 992.0x960.0
18:31:03.039 [JavaFX Application Thread] DEBUG TilesetLoader        - Loading view for layer piso
18:31:03.041 [JavaFX Application Thread] DEBUG TilesetLoader        - Created buffer with size 992.0x960.0
18:31:03.050 [JavaFX Application Thread] DEBUG TilesetLoader        - Loading view for layer piso1
18:31:03.058 [JavaFX Application Thread] DEBUG TilesetLoader        - Created buffer with size 992.0x960.0
18:31:03.072 [JavaFX Application Thread] DEBUG TilesetLoader        - Loading view for layer izquierda
18:31:03.076 [JavaFX Application Thread] DEBUG TilesetLoader        - Created buffer with size 992.0x960.0
18:31:03.089 [JavaFX Application Thread] DEBUG TilesetLoader        - Loading view for layer detallesatraspared
18:31:03.091 [JavaFX Application Thread] DEBUG TilesetLoader        - Created buffer with size 992.0x960.0
18:31:03.142 [JavaFX Application Thread] DEBUG TilesetLoader        - Loading view for layer pared2
18:31:03.146 [JavaFX Application Thread] DEBUG TilesetLoader        - Created buffer with size 992.0x960.0
18:31:03.191 [JavaFX Application Thread] DEBUG TilesetLoader        - Loading view for layer techo1
18:31:03.195 [JavaFX Application Thread] DEBUG TilesetLoader        - Created buffer with size 992.0x960.0
18:31:03.199 [JavaFX Application Thread] DEBUG TilesetLoader        - Loading view for layer techo2
18:31:03.204 [JavaFX Application Thread] DEBUG TilesetLoader        - Created buffer with size 992.0x960.0
18:31:03.211 [JavaFX Application Thread] DEBUG TilesetLoader        - Loading view for layer puertita
18:31:03.214 [JavaFX Application Thread] DEBUG TilesetLoader        - Created buffer with size 992.0x960.0
18:31:03.215 [JavaFX Application Thread] DEBUG TilesetLoader        - Loading view for layer puerta
18:31:03.219 [JavaFX Application Thread] DEBUG TilesetLoader        - Created buffer with size 992.0x960.0
18:31:03.221 [JavaFX Application Thread] DEBUG TilesetLoader        - Loading view for layer detalles
18:31:03.224 [JavaFX Application Thread] DEBUG TilesetLoader        - Created buffer with size 992.0x960.0
18:31:03.252 [JavaFX Application Thread] DEBUG TilesetLoader        - Loading view for layer detalles 2
18:31:03.256 [JavaFX Application Thread] DEBUG TilesetLoader        - Created buffer with size 992.0x960.0
18:31:03.277 [JavaFX Application Thread] DEBUG TilesetLoader        - Loading view for layer detalles3
18:31:03.281 [JavaFX Application Thread] DEBUG TilesetLoader        - Created buffer with size 992.0x960.0
18:31:03.305 [JavaFX Application Thread] DEBUG TilesetLoader        - Loading view for layer grieta
18:31:03.308 [JavaFX Application Thread] DEBUG TilesetLoader        - Created buffer with size 992.0x960.0
18:31:03.309 [JavaFX Application Thread] DEBUG TilesetLoader        - Loading view for layer camaras
18:31:03.311 [JavaFX Application Thread] DEBUG TilesetLoader        - Created buffer with size 992.0x960.0
18:31:03.317 [JavaFX Application Thread] DEBUG TilesetLoader        - Loading view for layer Techo
18:31:03.318 [JavaFX Application Thread] DEBUG TilesetLoader        - Created buffer with size 992.0x960.0
18:31:03.325 [JavaFX Application Thread] DEBUG TMXLevelLoader       - Creating object layer entities
18:31:03.441 [JavaFX Application Thread] DEBUG GameWorld            - Clearing removable entities
18:31:03.442 [JavaFX Application Thread] DEBUG GameWorld            - Setting level: com.almasb.fxgl.entity.level.Level@b15eb61
18:31:03.481 [JavaFX Application Thread] DEBUG FXGLAssetLoaderServi - Loading from file system: file:/C:/Users/josue/OneDrive/Desktop/proyecto%20java/Among%20Us/out/production/Among%20Us/assets/textures/animacion_morado.png
18:31:03.484 [JavaFX Application Thread] DEBUG FXGLAssetLoaderServi - Loading from file system: file:/C:/Users/josue/OneDrive/Desktop/proyecto%20java/Among%20Us/out/production/Among%20Us/assets/textures/alcantarilla_morado.png
18:31:03.486 [JavaFX Application Thread] DEBUG FXGLAssetLoaderServi - Loading from file system: file:/C:/Users/josue/OneDrive/Desktop/proyecto%20java/Among%20Us/out/production/Among%20Us/assets/textures/alcantarilla_moradoE.png
18:31:03.499 [JavaFX Application Thread] DEBUG FXGLAssetLoaderServi - Loading from file system: file:/C:/Users/josue/OneDrive/Desktop/proyecto%20java/Among%20Us/out/production/Among%20Us/assets/textures/animacion_negro.png
18:31:03.502 [JavaFX Application Thread] DEBUG FXGLAssetLoaderServi - Loading from file system: file:/C:/Users/josue/OneDrive/Desktop/proyecto%20java/Among%20Us/out/production/Among%20Us/assets/textures/alcantarilla_negro.png
18:31:03.505 [JavaFX Application Thread] DEBUG FXGLAssetLoaderServi - Loading from file system: file:/C:/Users/josue/OneDrive/Desktop/proyecto%20java/Among%20Us/out/production/Among%20Us/assets/textures/alcantarilla_negroE.png
18:31:03.508 [JavaFX Application Thread] DEBUG FXGLAssetLoaderServi - Loading from file system: file:/C:/Users/josue/OneDrive/Desktop/proyecto%20java/Among%20Us/out/production/Among%20Us/assets/textures/accionNegada.png
18:31:03.515 [JavaFX Application Thread] DEBUG FXGLAssetLoaderServi - Loading from file system: file:/C:/Users/josue/OneDrive/Desktop/proyecto%20java/Among%20Us/out/production/Among%20Us/assets/textures/pantalla_tripulante.png
18:31:21.035 [JavaFX Application Thread] DEBUG FXGLAssetLoaderServi - Loading from file system: file:/C:/Users/josue/OneDrive/Desktop/proyecto%20java/Among%20Us/out/production/Among%20Us/assets/textures/accion.png
18:31:27.849 [JavaFX Application Thread] DEBUG PrimaryStageWindow   - Push state: FXGLDefaultMenu
18:31:27.853 [JavaFX Application Thread] DEBUG Input                - Clearing active input actions
18:31:27.856 [JavaFX Application Thread] DEBUG GameApplicationServi - Removing overlay from GameScene and adding to FXGLDefaultMenu
18:31:27.856 [JavaFX Application Thread] DEBUG PrimaryStageWindow   - GameScene -> FXGLDefaultMenu
18:31:28.381 [JavaFX Application Thread] DEBUG PrimaryStageWindow   - Pop state: FXGLDefaultMenu
18:31:28.381 [JavaFX Application Thread] DEBUG Input                - Clearing active input actions
18:31:28.382 [JavaFX Application Thread] DEBUG GameApplicationServi - Removing overlay from FXGLDefaultMenu and adding to GameScene
18:31:28.382 [JavaFX Application Thread] DEBUG PrimaryStageWindow   - GameScene <- FXGLDefaultMenu
18:33:43.338 [JavaFX Application Thread] DEBUG PrimaryStageWindow   - Push state: FXGLDefaultMenu
18:33:43.338 [JavaFX Application Thread] DEBUG Input                - Clearing active input actions
18:33:43.339 [JavaFX Application Thread] DEBUG GameApplicationServi - Removing overlay from GameScene and adding to FXGLDefaultMenu
18:33:43.339 [JavaFX Application Thread] DEBUG PrimaryStageWindow   - GameScene -> FXGLDefaultMenu
18:33:44.579 [JavaFX Application Thread] DEBUG Menu                 - fireExit()
18:33:44.584 [JavaFX Application Thread] DEBUG PrimaryStageWindow   - Push state: DialogSubScene
18:33:44.584 [JavaFX Application Thread] DEBUG Input                - Clearing active input actions
18:33:44.585 [JavaFX Application Thread] DEBUG GameApplicationServi - Removing overlay from FXGLDefaultMenu and adding to DialogSubScene
18:33:44.585 [JavaFX Application Thread] DEBUG PrimaryStageWindow   - FXGLDefaultMenu -> DialogSubScene
18:33:45.682 [JavaFX Application Thread] DEBUG PrimaryStageWindow   - Pop state: DialogSubScene
18:33:45.684 [JavaFX Application Thread] DEBUG Input                - Clearing active input actions
18:33:45.686 [JavaFX Application Thread] DEBUG GameApplicationServi - Removing overlay from DialogSubScene and adding to FXGLDefaultMenu
18:33:45.686 [JavaFX Application Thread] DEBUG PrimaryStageWindow   - FXGLDefaultMenu <- DialogSubScene
18:33:45.686 [JavaFX Application Thread] DEBUG FXGLApplication      - Exiting FXGL
18:33:45.686 [JavaFX Application Thread] DEBUG LoopRunner           - Stopping loop
18:33:45.686 [JavaFX Application Thread] DEBUG SystemBundleService  - Saving FXGL system data
18:33:45.691 [JavaFX Application Thread] DEBUG FileSystemAccess     - Writing to: C:\Users\josue\OneDrive\Desktop\proyecto java\Among Us\system\fxgl.bundle
18:33:45.696 [JavaFX Application Thread] DEBUG Async                - Shutting down background threads
18:33:45.697 [JavaFX Application Thread] DEBUG PrimaryStageWindow   - Closing main window
18:33:45.792 [JavaFX Application Thread] DEBUG Logger               - Closing Logger
