21:05:48.871 [main                     ] DEBUG Logger               - Configured Logger
21:05:48.899 [main                     ] DEBUG GameApplication      - Logging settings
Title: Among Us UNEG
Version: 0.0
Width: 800
Height: 600
Fullscreen: false
Intro: false
Profiling: false
Single step:false
App Mode: DEVELOPER
Menu Key: ESCAPE
Stage Style: DECORATED
Scene Factory: class com.almasb.fxgl.app.scene.SceneFactory

21:05:54.325 [JavaFX Application Thread] DEBUG FXGLApplication      - Initializing FXGL
21:05:54.347 [JavaFX Application Thread] INFO  Engine               - FXGL-21.1 (26.03.2024 17.33) on WINDOWS (J:25.0.2 FX:21.0.1)
21:05:54.348 [JavaFX Application Thread] DEBUG Engine               - JRE Vendor Name: Oracle Corporation
21:05:54.348 [JavaFX Application Thread] DEBUG Engine               - Running on OS: Windows 11 version 10.0
21:05:54.348 [JavaFX Application Thread] DEBUG Engine               - Architecture: amd64
21:05:54.348 [JavaFX Application Thread] INFO  Engine               - Source code and latest versions at: https://github.com/AlmasB/FXGL
21:05:54.349 [JavaFX Application Thread] INFO  Engine               -       Ask questions and discuss at: https://github.com/AlmasB/FXGL/discussions
21:05:54.349 [JavaFX Application Thread] INFO  Engine               -              Join the FXGL chat at: https://gitter.im/AlmasB/FXGL
21:05:54.723 [JavaFX Application Thread] DEBUG PrimaryStageWindow   - Creating a JavaFX scene
21:05:54.965 [JavaFX Application Thread] DEBUG PrimaryStageWindow   - Target settings size: 800.0 x 600.0
21:05:54.965 [JavaFX Application Thread] DEBUG PrimaryStageWindow   - Scaled scene size:    800.0 x 600.0
21:05:54.967 [JavaFX Application Thread] DEBUG PrimaryStageWindow   - Scaled ratio: (1.0, 1.0)
21:05:54.973 [JavaFX Application Thread] DEBUG PrimaryStageWindow   - Set initial scene to FXGLStartupScene
21:05:54.982 [JavaFX Application Thread] DEBUG PrimaryStageWindow   - Opening main window
21:06:00.287 [JavaFX Application Thread] DEBUG PrimaryStageWindow   - Window border size: (16.0, 39.0)
21:06:00.288 [JavaFX Application Thread] DEBUG PrimaryStageWindow   - Scaled size: 800.0 x 600.0
21:06:00.288 [JavaFX Application Thread] DEBUG PrimaryStageWindow   - Scaled ratio: (1.0, 1.0)
21:06:00.288 [JavaFX Application Thread] DEBUG PrimaryStageWindow   - Scene size: 800.0 x 600.0
21:06:00.288 [JavaFX Application Thread] DEBUG PrimaryStageWindow   - Stage size: 816.0 x 639.0
21:06:00.536 [FXGL Background Thread 1 ] DEBUG Engine               - Initializing environment variables
21:06:01.022 [FXGL Background Thread 1 ] DEBUG FXGLAssetLoaderServi - User app class for loading assets: class main.java.amongUs.AppPrincipal
21:06:01.022 [FXGL Background Thread 1 ] DEBUG GameApplicationServi - Applying CSS: fxgl_dark.css
21:06:01.028 [FXGL Background Thread 1 ] DEBUG FXGLAssetLoaderServi - Loading from file system: jar:file:/C:/Users/josue/OneDrive/Desktop/proyecto%20java/Among%20Us/lib/fxgl-21.1-uber.jar!/fxglassets/ui/css/fxgl_dark.css
21:06:01.297 [FXGL Background Thread 1 ] DEBUG GameApplicationServi - Initializing application scenes
21:06:01.734 [FXGL Background Thread 1 ] DEBUG GameWorld            - Game world initialized
21:06:01.890 [FXGL Background Thread 1 ] DEBUG PhysicsWorld         - Physics world initialized: appHeight=600, physics.ppm=50,0
21:06:01.908 [FXGL Background Thread 1 ] DEBUG PhysicsWorld         - Using strategy: BRUTE_FORCE
21:06:01.954 [FXGL Background Thread 1 ] DEBUG GameScene            - Game scene initialized: 800x600
21:06:02.051 [FXGL Background Thread 1 ] DEBUG FXGL.DefaultMenu     - createMenuBodyGameMenu()
21:06:02.109 [FXGL Background Thread 1 ] DEBUG FXGL.DefaultMenu     - createOptionsMenu()
21:06:02.253 [FXGL Background Thread 1 ] DEBUG FXGLAssetLoaderServi - Loading from file system: jar:file:/C:/Users/josue/OneDrive/Desktop/proyecto%20java/Among%20Us/lib/fxgl-21.1-uber.jar!/fxglassets/textures/particles/smoke.png
21:06:02.792 [FXGL Background Thread 1 ] DEBUG FXGLAssetLoaderServi - Loading from file system: jar:file:/C:/Users/josue/OneDrive/Desktop/proyecto%20java/Among%20Us/lib/fxgl-21.1-uber.jar!/fxglassets/textures/particles/trace_horizontal.png
21:06:02.907 [FXGL Background Thread 1 ] DEBUG GameApplicationServi - Application scenes initialized
21:06:02.949 [FXGL Background Thread 1 ] DEBUG SystemBundleService  - Loading FXGL system data
21:06:02.962 [FXGL Background Thread 1 ] DEBUG FileSystemAccess     - Reading from: C:\Users\josue\OneDrive\Desktop\proyecto java\Among Us\system\fxgl.bundle
21:06:02.974 [FXGL Background Thread 1 ] DEBUG SystemBundleService  - Bundle FXGL: {}
21:06:02.974 [FXGL Background Thread 1 ] DEBUG UpdaterService       - Checking for updates
21:06:02.992 [FXGL Background Thread 4 ] DEBUG FXGLApplication      - Loading fonts
21:06:02.993 [FXGL Background Thread 1 ] DEBUG FXGLApplication      - Loading default localization
21:06:02.995 [FXGL Background Thread 1 ] DEBUG FXGLAssetLoaderServi - Loading from file system: jar:file:/C:/Users/josue/OneDrive/Desktop/proyecto%20java/Among%20Us/lib/fxgl-21.1-uber.jar!/fxglassets/languages/english.lang
21:06:03.061 [FXGL Background Thread 1 ] INFO  FXGLApplication      - FXGL initialization took: 2,525 sec
21:06:03.089 [JavaFX Application Thread] DEBUG Input                - Registered new binding: Mover Arriba - W
21:06:03.090 [JavaFX Application Thread] DEBUG Input                - Registered new binding: Mover Abajo - S
21:06:03.091 [JavaFX Application Thread] DEBUG Input                - Registered new binding: Mover Izquierda - A
21:06:03.091 [JavaFX Application Thread] DEBUG Input                - Registered new binding: Mover Derecha - D
21:06:03.091 [JavaFX Application Thread] DEBUG Input                - Registered new binding: Abrir Camaras - C
21:06:03.092 [JavaFX Application Thread] DEBUG Input                - Registered new binding: Usar Alcantarilla - Space
21:06:03.092 [JavaFX Application Thread] DEBUG Input                - Registered new binding: Vent Izquierda - Left
21:06:03.092 [JavaFX Application Thread] DEBUG Input                - Registered new binding: Vent Derecha - Right
21:06:03.092 [JavaFX Application Thread] DEBUG Input                - Registered new binding: Vent Arriba - Up
21:06:03.092 [JavaFX Application Thread] DEBUG Input                - Registered new binding: Vent Abajo - Down
21:06:03.093 [JavaFX Application Thread] DEBUG FXGLAssetLoaderServi - Loading from file system: file:/C:/Users/josue/OneDrive/Desktop/proyecto%20java/Among%20Us/out/production/Among%20Us/assets/textures/icono.png
21:06:03.167 [FXGL Background Thread 4 ] DEBUG FXGLAssetLoaderServi - Loading from file system: jar:file:/C:/Users/josue/OneDrive/Desktop/proyecto%20java/Among%20Us/lib/fxgl-21.1-uber.jar!/fxglassets/ui/fonts/VarelaRound-Regular.ttf
21:06:03.188 [JavaFX Application Thread] DEBUG FXGLAssetLoaderServi - Loading from file system: jar:file:/C:/Users/josue/OneDrive/Desktop/proyecto%20java/Among%20Us/lib/fxgl-21.1-uber.jar!/fxglassets/textures/fxgl_default_cursor.png
21:06:03.195 [JavaFX Application Thread] DEBUG Input                - Registered new binding: Screenshot - CTRL+8
21:06:03.197 [JavaFX Application Thread] DEBUG Input                - Registered new binding: System info dump - CTRL+9
21:06:03.197 [JavaFX Application Thread] DEBUG Input                - Registered new binding: Restart - CTRL+R
21:06:03.203 [JavaFX Application Thread] DEBUG Input                - Registered new binding: Toggle Debug Camera - CTRL+7
21:06:03.212 [JavaFX Application Thread] DEBUG LoopRunner           - Starting loop
21:06:03.212 [JavaFX Application Thread] DEBUG LoopRunner           - Initializing JavaFX AnimationTimerLoop
21:06:03.215 [JavaFX Application Thread] DEBUG GameApplicationServi - Starting new game
21:06:03.217 [JavaFX Application Thread] DEBUG Input                - Clearing active input actions
21:06:03.434 [JavaFX Application Thread] DEBUG GameApplicationServi - Removing overlay from FXGLStartupScene and adding to FXGLLoadingScene
21:06:03.435 [JavaFX Application Thread] DEBUG PrimaryStageWindow   - FXGLStartupScene -> FXGLLoadingScene
21:06:03.435 [JavaFX Application Thread] DEBUG GameApplicationServi - Clearing previous game
21:06:03.435 [JavaFX Application Thread] DEBUG GameScene            - Clearing game scene
21:06:03.435 [JavaFX Application Thread] DEBUG GameWorld            - Clearing game world
21:06:03.435 [JavaFX Application Thread] DEBUG PhysicsWorld         - Clearing physics world
21:06:03.437 [FXGL Background Thread 1 ] DEBUG FXGLApplication      - Initializing game
21:06:03.466 [FXGL Background Thread 1 ] DEBUG FXGLAssetLoaderServi - Loading from file system: file:/C:/Users/josue/OneDrive/Desktop/proyecto%20java/Among%20Us/out/production/Among%20Us/assets/textures/MonitorDeCamaras.png
21:06:03.789 [FXGL Background Thread 1 ] DEBUG FXGLAssetLoaderServi - Loading from file system: file:/C:/Users/josue/OneDrive/Desktop/proyecto%20java/Among%20Us/out/production/Among%20Us/assets/textures/flechaAmarillaIzq.png
21:06:03.829 [FXGL Background Thread 1 ] DEBUG FXGLAssetLoaderServi - Loading from file system: file:/C:/Users/josue/OneDrive/Desktop/proyecto%20java/Among%20Us/out/production/Among%20Us/assets/textures/flechaAmarillaDer.png
21:06:03.864 [FXGL Background Thread 1 ] DEBUG FXGLAssetLoaderServi - Loading from file system: file:/C:/Users/josue/OneDrive/Desktop/proyecto%20java/Among%20Us/out/production/Among%20Us/assets/music/musicaMenu.mp3
21:06:04.574 [FXGL Background Thread 1 ] DEBUG AudioPlayer          - Playing music com.almasb.fxgl.audio.Music@46ea9ccf
21:06:05.581 [FXGL Background Thread 1 ] INFO  FXGLApplication      - Game initialization took: 2,142 sec
21:06:05.709 [FXGL Background Thread 4 ] DEBUG FXGLAssetLoaderServi - Loading from file system: jar:file:/C:/Users/josue/OneDrive/Desktop/proyecto%20java/Among%20Us/lib/fxgl-21.1-uber.jar!/fxglassets/ui/fonts/Abel-Regular.ttf
21:06:05.724 [FXGL Background Thread 4 ] DEBUG FXGLAssetLoaderServi - Loading from file system: jar:file:/C:/Users/josue/OneDrive/Desktop/proyecto%20java/Among%20Us/lib/fxgl-21.1-uber.jar!/fxglassets/ui/fonts/TerminalLandMono-Regular.otf
21:06:05.735 [FXGL Background Thread 4 ] DEBUG FXGLAssetLoaderServi - Loading from file system: jar:file:/C:/Users/josue/OneDrive/Desktop/proyecto%20java/Among%20Us/lib/fxgl-21.1-uber.jar!/fxglassets/ui/fonts/Courier-Prime.ttf
21:06:06.137 [FXGL Background Thread 3 ] DEBUG Engine               - Logging environment variables
21:06:06.143 [FXGL Background Thread 3 ] DEBUG Engine               - achievements: []
21:06:06.143 [FXGL Background Thread 3 ] DEBUG Engine               - actualHeight: 600.0
21:06:06.143 [FXGL Background Thread 3 ] DEBUG Engine               - actualHeightProperty: ReadOnlyDoubleProperty [value: 600.0]
21:06:06.169 [FXGL Background Thread 3 ] DEBUG Engine               - actualWidth: 800.0
21:06:06.172 [FXGL Background Thread 3 ] DEBUG Engine               - actualWidthProperty: ReadOnlyDoubleProperty [value: 800.0]
21:06:06.183 [FXGL Background Thread 3 ] DEBUG Engine               - appIcon: icono.png
21:06:06.183 [FXGL Background Thread 3 ] DEBUG Engine               - applicationMode: DEVELOPER
21:06:06.183 [FXGL Background Thread 3 ] DEBUG Engine               - cSSList: [fxgl_dark.css]
21:06:06.183 [FXGL Background Thread 3 ] DEBUG Engine               - collisionDetectionStrategy: BRUTE_FORCE
21:06:06.183 [FXGL Background Thread 3 ] DEBUG Engine               - configClass: Optional.empty
21:06:06.183 [FXGL Background Thread 3 ] DEBUG Engine               - credits: []
21:06:06.183 [FXGL Background Thread 3 ] DEBUG Engine               - defaultCursor: CursorInfo(imageName=fxgl_default_cursor.png, hotspotX=7.0, hotspotY=6.0)
21:06:06.184 [FXGL Background Thread 3 ] DEBUG Engine               - devBBoxColorProperty: ObjectProperty [value: 0xff0000ff]
21:06:06.185 [FXGL Background Thread 3 ] DEBUG Engine               - devEnableDebugCameraProperty: BooleanProperty [value: false]
21:06:06.185 [FXGL Background Thread 3 ] DEBUG Engine               - devSensorColorProperty: ObjectProperty [value: 0xffff00ff]
21:06:06.192 [FXGL Background Thread 3 ] DEBUG Engine               - devShowBBoxProperty: BooleanProperty [value: false]
21:06:06.192 [FXGL Background Thread 3 ] DEBUG Engine               - devShowPositionProperty: BooleanProperty [value: false]
21:06:06.193 [FXGL Background Thread 3 ] DEBUG Engine               - enabledMenuItems: []
21:06:06.193 [FXGL Background Thread 3 ] DEBUG Engine               - engineServices: [class com.almasb.fxgl.app.services.FXGLAssetLoaderService, class com.almasb.fxgl.app.FXGLApplication$GameApplicationService, class com.almasb.fxgl.app.services.FXGLDialogService, class com.almasb.fxgl.app.services.IOTaskExecutorService, class com.almasb.fxgl.io.FileSystemService, class com.almasb.fxgl.localization.LocalizationService, class com.almasb.fxgl.app.services.SystemBundleService, class com.almasb.fxgl.profile.SaveLoadService, class com.almasb.fxgl.ui.FXGLUIFactoryServiceProvider, class com.almasb.fxgl.ui.FXGLDialogFactoryServiceProvider, class com.almasb.fxgl.audio.AudioPlayer, class com.almasb.fxgl.notification.impl.NotificationServiceProvider, class com.almasb.fxgl.achievement.AchievementService, class com.almasb.fxgl.cutscene.CutsceneService, class com.almasb.fxgl.minigames.MiniGameService, class com.almasb.fxgl.net.NetService, class com.almasb.fxgl.app.services.UpdaterService, class com.almasb.fxgl.dev.DevService]
21:06:06.194 [FXGL Background Thread 3 ] DEBUG Engine               - fontGame: Abel-Regular.ttf
21:06:06.194 [FXGL Background Thread 3 ] DEBUG Engine               - fontMono: TerminalLandMono-Regular.otf
21:06:06.194 [FXGL Background Thread 3 ] DEBUG Engine               - fontSizeScaleUI: 1.0
21:06:06.194 [FXGL Background Thread 3 ] DEBUG Engine               - fontText: Courier-Prime.ttf
21:06:06.194 [FXGL Background Thread 3 ] DEBUG Engine               - fontUI: VarelaRound-Regular.ttf
21:06:06.194 [FXGL Background Thread 3 ] DEBUG Engine               - fullScreen: BooleanProperty [value: false]
21:06:06.194 [FXGL Background Thread 3 ] DEBUG Engine               - gameDifficulty: MEDIUM
21:06:06.195 [FXGL Background Thread 3 ] DEBUG Engine               - gameDifficultyProperty: ObjectProperty [value: MEDIUM]
21:06:06.195 [FXGL Background Thread 3 ] DEBUG Engine               - globalMusicVolume: 0.5
21:06:06.196 [FXGL Background Thread 3 ] DEBUG Engine               - globalMusicVolumeProperty: DoubleProperty [value: 0.4]
21:06:06.196 [FXGL Background Thread 3 ] DEBUG Engine               - globalSoundVolume: 0.5
21:06:06.196 [FXGL Background Thread 3 ] DEBUG Engine               - globalSoundVolumeProperty: DoubleProperty [value: 0.5]
21:06:06.196 [FXGL Background Thread 3 ] DEBUG Engine               - height: 600
21:06:06.196 [FXGL Background Thread 3 ] DEBUG Engine               - is3D: false
21:06:06.196 [FXGL Background Thread 3 ] DEBUG Engine               - isAndroid: false
21:06:06.196 [FXGL Background Thread 3 ] DEBUG Engine               - isBrowser: false
21:06:06.197 [FXGL Background Thread 3 ] DEBUG Engine               - isClickFeedbackEnabled: false
21:06:06.203 [FXGL Background Thread 3 ] DEBUG Engine               - isCloseConfirmation: false
21:06:06.203 [FXGL Background Thread 3 ] DEBUG Engine               - isDesktop: true
21:06:06.204 [FXGL Background Thread 3 ] DEBUG Engine               - isDeveloperMenuEnabled: false
21:06:06.205 [FXGL Background Thread 3 ] DEBUG Engine               - isEmbedded: false
21:06:06.205 [FXGL Background Thread 3 ] DEBUG Engine               - isEntityPreloadEnabled: true
21:06:06.205 [FXGL Background Thread 3 ] DEBUG Engine               - isExperimentalTiledLargeMap: false
21:06:06.205 [FXGL Background Thread 3 ] DEBUG Engine               - isFileSystemWriteAllowed: true
21:06:06.205 [FXGL Background Thread 3 ] DEBUG Engine               - isFullScreenAllowed: false
21:06:06.206 [FXGL Background Thread 3 ] DEBUG Engine               - isFullScreenFromStart: false
21:06:06.207 [FXGL Background Thread 3 ] DEBUG Engine               - isGameMenuEnabled: true
21:06:06.208 [FXGL Background Thread 3 ] DEBUG Engine               - isIOS: false
21:06:06.209 [FXGL Background Thread 3 ] DEBUG Engine               - isIntroEnabled: false
21:06:06.209 [FXGL Background Thread 3 ] DEBUG Engine               - isLinux: false
21:06:06.209 [FXGL Background Thread 3 ] DEBUG Engine               - isMac: false
21:06:06.209 [FXGL Background Thread 3 ] DEBUG Engine               - isMainMenuEnabled: false
21:06:06.209 [FXGL Background Thread 3 ] DEBUG Engine               - isManualResizeEnabled: false
21:06:06.209 [FXGL Background Thread 3 ] DEBUG Engine               - isMobile: false
21:06:06.209 [FXGL Background Thread 3 ] DEBUG Engine               - isNative: false
21:06:06.209 [FXGL Background Thread 3 ] DEBUG Engine               - isPauseMusicWhenMinimized: true
21:06:06.209 [FXGL Background Thread 3 ] DEBUG Engine               - isPreserveResizeRatio: false
21:06:06.209 [FXGL Background Thread 3 ] DEBUG Engine               - isProfilingEnabled: false
21:06:06.209 [FXGL Background Thread 3 ] DEBUG Engine               - isScaleAffectedOnResize: true
21:06:06.210 [FXGL Background Thread 3 ] DEBUG Engine               - isSingleStep: false
21:06:06.210 [FXGL Background Thread 3 ] DEBUG Engine               - isUserProfileEnabled: false
21:06:06.210 [FXGL Background Thread 3 ] DEBUG Engine               - isWindows: true
21:06:06.210 [FXGL Background Thread 3 ] DEBUG Engine               - language: ObjectProperty [value: ENGLISH]
21:06:06.210 [FXGL Background Thread 3 ] DEBUG Engine               - menuKey: ESCAPE
21:06:06.210 [FXGL Background Thread 3 ] DEBUG Engine               - mouseSensitivity: 0.2
21:06:06.210 [FXGL Background Thread 3 ] DEBUG Engine               - notificationViewClass: class com.almasb.fxgl.notification.view.XboxNotificationView
21:06:06.210 [FXGL Background Thread 3 ] DEBUG Engine               - pixelsPerMeter: 50.0
21:06:06.210 [FXGL Background Thread 3 ] DEBUG Engine               - platform: WINDOWS
21:06:06.211 [FXGL Background Thread 3 ] DEBUG Engine               - prefHeightProperty: ReadOnlyDoubleProperty [value: 600.0]
21:06:06.211 [FXGL Background Thread 3 ] DEBUG Engine               - prefWidthProperty: ReadOnlyDoubleProperty [value: 800.0]
21:06:06.211 [FXGL Background Thread 3 ] DEBUG Engine               - profileDir: profiles/
21:06:06.211 [FXGL Background Thread 3 ] DEBUG Engine               - profileName: StringProperty [value: DEFAULT]
21:06:06.211 [FXGL Background Thread 3 ] DEBUG Engine               - randomSeed: -1
21:06:06.212 [FXGL Background Thread 3 ] DEBUG Engine               - runtimeInfo: RuntimeInfo(platform=WINDOWS, version=21.1, build=26.03.2024 17.33)
21:06:06.212 [FXGL Background Thread 3 ] DEBUG Engine               - saveFileExt: sav
21:06:06.212 [FXGL Background Thread 3 ] DEBUG Engine               - scaledHeightProp$fxgl: DoubleProperty [bound, value: 600.0]
21:06:06.212 [FXGL Background Thread 3 ] DEBUG Engine               - scaledWidthProp$fxgl: DoubleProperty [bound, value: 800.0]
21:06:06.212 [FXGL Background Thread 3 ] DEBUG Engine               - sceneFactory: com.almasb.fxgl.app.scene.SceneFactory@62fee6c
21:06:06.212 [FXGL Background Thread 3 ] DEBUG Engine               - secondsIn24h: 60
21:06:06.212 [FXGL Background Thread 3 ] DEBUG Engine               - soundMenuBack: menu/back.wav
21:06:06.212 [FXGL Background Thread 3 ] DEBUG Engine               - soundMenuPress: menu/press.wav
21:06:06.212 [FXGL Background Thread 3 ] DEBUG Engine               - soundMenuSelect: menu/select.wav
21:06:06.212 [FXGL Background Thread 3 ] DEBUG Engine               - soundNotification: core/notification.wav
21:06:06.212 [FXGL Background Thread 3 ] DEBUG Engine               - stageStyle: DECORATED
21:06:06.212 [FXGL Background Thread 3 ] DEBUG Engine               - supportedLanguages: [ENGLISH, FRENCH, GERMAN, HUNGARIAN, RUSSIAN]
21:06:06.212 [FXGL Background Thread 3 ] DEBUG Engine               - ticksPerSecond: -1
21:06:06.213 [FXGL Background Thread 3 ] DEBUG Engine               - title: Among Us UNEG
21:06:06.213 [FXGL Background Thread 3 ] DEBUG Engine               - urlGithub: https://github.com/AlmasB/FXGL
21:06:06.213 [FXGL Background Thread 3 ] DEBUG Engine               - urlLeaderboard: http://fxgl-top.herokuapp.com/
21:06:06.213 [FXGL Background Thread 3 ] DEBUG Engine               - urlPOM: https://raw.githubusercontent.com/AlmasB/FXGL/release/README.md
21:06:06.213 [FXGL Background Thread 3 ] DEBUG Engine               - userAppClass: class main.java.amongUs.AppPrincipal
21:06:06.213 [FXGL Background Thread 3 ] DEBUG Engine               - version: 0.0
21:06:06.213 [FXGL Background Thread 3 ] DEBUG Engine               - versionCheckDays: 7
21:06:06.213 [FXGL Background Thread 3 ] DEBUG Engine               - width: 800
21:06:06.213 [FXGL Background Thread 3 ] DEBUG Engine               - Logging services
21:06:06.213 [FXGL Background Thread 3 ] DEBUG Engine               - class com.almasb.fxgl.app.services.FXGLAssetLoaderService
21:06:06.213 [FXGL Background Thread 3 ] DEBUG Engine               - class com.almasb.fxgl.app.FXGLApplication$GameApplicationService
21:06:06.213 [FXGL Background Thread 3 ] DEBUG Engine               - class com.almasb.fxgl.app.services.FXGLDialogService
21:06:06.213 [FXGL Background Thread 3 ] DEBUG Engine               - class com.almasb.fxgl.app.services.IOTaskExecutorService
21:06:06.213 [FXGL Background Thread 3 ] DEBUG Engine               - class com.almasb.fxgl.io.FileSystemService
21:06:06.214 [FXGL Background Thread 3 ] DEBUG Engine               - class com.almasb.fxgl.localization.LocalizationService
21:06:06.214 [FXGL Background Thread 3 ] DEBUG Engine               - class com.almasb.fxgl.app.services.SystemBundleService
21:06:06.214 [FXGL Background Thread 3 ] DEBUG Engine               - class com.almasb.fxgl.profile.SaveLoadService
21:06:06.214 [FXGL Background Thread 3 ] DEBUG Engine               - class com.almasb.fxgl.ui.FXGLUIFactoryServiceProvider
21:06:06.214 [FXGL Background Thread 3 ] DEBUG Engine               - class com.almasb.fxgl.ui.FXGLDialogFactoryServiceProvider
21:06:06.214 [FXGL Background Thread 3 ] DEBUG Engine               - class com.almasb.fxgl.audio.AudioPlayer
21:06:06.214 [FXGL Background Thread 3 ] DEBUG Engine               - class com.almasb.fxgl.notification.impl.NotificationServiceProvider
21:06:06.214 [FXGL Background Thread 3 ] DEBUG Engine               - class com.almasb.fxgl.achievement.AchievementService
21:06:06.214 [FXGL Background Thread 3 ] DEBUG Engine               - class com.almasb.fxgl.cutscene.CutsceneService
21:06:06.214 [FXGL Background Thread 3 ] DEBUG Engine               - class com.almasb.fxgl.minigames.MiniGameService
21:06:06.214 [FXGL Background Thread 3 ] DEBUG Engine               - class com.almasb.fxgl.net.NetService
21:06:06.214 [FXGL Background Thread 3 ] DEBUG Engine               - class com.almasb.fxgl.app.services.UpdaterService
21:06:06.214 [FXGL Background Thread 3 ] DEBUG Engine               - class com.almasb.fxgl.dev.DevService
21:06:06.935 [FXGL Background Thread 2 ] INFO  UpdaterService       - Your current version:  21.1
21:06:06.935 [FXGL Background Thread 2 ] INFO  UpdaterService       - Latest stable version: 25
21:06:07.004 [JavaFX Application Thread] DEBUG Input                - Clearing active input actions
21:06:07.034 [JavaFX Application Thread] DEBUG GameApplicationServi - Removing overlay from FXGLLoadingScene and adding to GameScene
21:06:07.035 [JavaFX Application Thread] DEBUG PrimaryStageWindow   - FXGLLoadingScene -> GameScene
21:06:07.039 [JavaFX Application Thread] DEBUG FXGLApplication      - Registering font factories with UI factory
21:06:07.932 [JavaFX Application Thread] DEBUG FXGLAssetLoaderServi - Loading from file system: file:/C:/Users/josue/OneDrive/Desktop/proyecto%20java/Among%20Us/out/production/Among%20Us/assets/sounds/clickBoton.wav
21:06:14.076 [JavaFX Application Thread] DEBUG FXGLAssetLoaderServi - Loading from file system: file:/C:/Users/josue/OneDrive/Desktop/proyecto%20java/Among%20Us/out/production/Among%20Us/assets/textures/tripulante_negro.png
21:06:14.892 [JavaFX Application Thread] WARN  TMXLevelLoader       - TiledMap generated from 1.11.2. Supported version: 1.9.0. Some features may not be parsed fully.
21:06:15.017 [JavaFX Application Thread] DEBUG TMXLevelLoader       - Parsed TiledMap: file:/C:/Users/josue/OneDrive/Desktop/proyecto%20java/Among%20Us/out/production/Among%20Us/assets/levels/mapa2.tmx
21:06:15.019 [JavaFX Application Thread] DEBUG TMXLevelLoader       - Creating tile layer entities
21:06:15.023 [JavaFX Application Thread] DEBUG TilesetLoader        - Loading view for layer fondo1
21:06:15.023 [JavaFX Application Thread] DEBUG TilesetLoader        - Created buffer with size 992.0x960.0
21:06:15.057 [JavaFX Application Thread] DEBUG TilesetLoader        - Loading view for layer fondo
21:06:15.059 [JavaFX Application Thread] DEBUG TilesetLoader        - Created buffer with size 992.0x960.0
21:06:15.065 [JavaFX Application Thread] DEBUG TilesetLoader        - Loading view for layer piso
21:06:15.066 [JavaFX Application Thread] DEBUG TilesetLoader        - Created buffer with size 992.0x960.0
21:06:15.076 [JavaFX Application Thread] DEBUG TilesetLoader        - Loading view for layer piso1
21:06:15.076 [JavaFX Application Thread] DEBUG TilesetLoader        - Created buffer with size 992.0x960.0
21:06:15.094 [JavaFX Application Thread] DEBUG TilesetLoader        - Loading view for layer izquierda
21:06:15.094 [JavaFX Application Thread] DEBUG TilesetLoader        - Created buffer with size 992.0x960.0
21:06:15.122 [JavaFX Application Thread] DEBUG TilesetLoader        - Loading view for layer detallesatraspared
21:06:15.122 [JavaFX Application Thread] DEBUG TilesetLoader        - Created buffer with size 992.0x960.0
21:06:15.215 [JavaFX Application Thread] DEBUG TilesetLoader        - Loading view for layer pared2
21:06:15.216 [JavaFX Application Thread] DEBUG TilesetLoader        - Created buffer with size 992.0x960.0
21:06:15.250 [JavaFX Application Thread] DEBUG TilesetLoader        - Loading view for layer techo1
21:06:15.251 [JavaFX Application Thread] DEBUG TilesetLoader        - Created buffer with size 992.0x960.0
21:06:15.256 [JavaFX Application Thread] DEBUG TilesetLoader        - Loading view for layer techo2
21:06:15.257 [JavaFX Application Thread] DEBUG TilesetLoader        - Created buffer with size 992.0x960.0
21:06:15.269 [JavaFX Application Thread] DEBUG TilesetLoader        - Loading view for layer puertita
21:06:15.271 [JavaFX Application Thread] DEBUG TilesetLoader        - Created buffer with size 992.0x960.0
21:06:15.273 [JavaFX Application Thread] DEBUG TilesetLoader        - Loading view for layer puerta
21:06:15.275 [JavaFX Application Thread] DEBUG TilesetLoader        - Created buffer with size 992.0x960.0
21:06:15.278 [JavaFX Application Thread] DEBUG TilesetLoader        - Loading view for layer detalles
21:06:15.285 [JavaFX Application Thread] DEBUG TilesetLoader        - Created buffer with size 992.0x960.0
21:06:15.314 [JavaFX Application Thread] DEBUG TilesetLoader        - Loading view for layer detalles 2
21:06:15.318 [JavaFX Application Thread] DEBUG TilesetLoader        - Created buffer with size 992.0x960.0
21:06:15.340 [JavaFX Application Thread] DEBUG TilesetLoader        - Loading view for layer detalles3
21:06:15.342 [JavaFX Application Thread] DEBUG TilesetLoader        - Created buffer with size 992.0x960.0
21:06:15.378 [JavaFX Application Thread] DEBUG TilesetLoader        - Loading view for layer grieta
21:06:15.382 [JavaFX Application Thread] DEBUG TilesetLoader        - Created buffer with size 992.0x960.0
21:06:15.383 [JavaFX Application Thread] DEBUG TilesetLoader        - Loading view for layer camaras
21:06:15.385 [JavaFX Application Thread] DEBUG TilesetLoader        - Created buffer with size 992.0x960.0
21:06:15.389 [JavaFX Application Thread] DEBUG TilesetLoader        - Loading view for layer Techo
21:06:15.390 [JavaFX Application Thread] DEBUG TilesetLoader        - Created buffer with size 992.0x960.0
21:06:15.393 [JavaFX Application Thread] DEBUG TMXLevelLoader       - Creating object layer entities
21:06:15.591 [JavaFX Application Thread] DEBUG GameWorld            - Clearing removable entities
21:06:15.592 [JavaFX Application Thread] DEBUG GameWorld            - Setting level: com.almasb.fxgl.entity.level.Level@4fce1ae4
21:06:15.661 [JavaFX Application Thread] DEBUG FXGLAssetLoaderServi - Loading from file system: file:/C:/Users/josue/OneDrive/Desktop/proyecto%20java/Among%20Us/out/production/Among%20Us/assets/textures/animacion_negro.png
21:06:15.663 [JavaFX Application Thread] DEBUG FXGLAssetLoaderServi - Loading from file system: file:/C:/Users/josue/OneDrive/Desktop/proyecto%20java/Among%20Us/out/production/Among%20Us/assets/textures/alcantarilla_negro.png
21:06:15.666 [JavaFX Application Thread] DEBUG FXGLAssetLoaderServi - Loading from file system: file:/C:/Users/josue/OneDrive/Desktop/proyecto%20java/Among%20Us/out/production/Among%20Us/assets/textures/alcantarilla_negroE.png
21:06:15.692 [JavaFX Application Thread] DEBUG FXGLAssetLoaderServi - Loading from file system: file:/C:/Users/josue/OneDrive/Desktop/proyecto%20java/Among%20Us/out/production/Among%20Us/assets/textures/accionNegada.png
21:06:15.699 [JavaFX Application Thread] DEBUG FXGLAssetLoaderServi - Loading from file system: file:/C:/Users/josue/OneDrive/Desktop/proyecto%20java/Among%20Us/out/production/Among%20Us/assets/textures/pantalla_impostor.png
21:06:27.257 [JavaFX Application Thread] DEBUG FXGLAssetLoaderServi - Loading from file system: file:/C:/Users/josue/OneDrive/Desktop/proyecto%20java/Among%20Us/out/production/Among%20Us/assets/textures/accion.png
21:06:33.329 [JavaFX Application Thread] DEBUG FXGLAssetLoaderServi - Loading from file system: file:/C:/Users/josue/OneDrive/Desktop/proyecto%20java/Among%20Us/out/production/Among%20Us/assets/textures/flechaRojaAbajo.png
21:06:34.121 [JavaFX Application Thread] DEBUG FXGLAssetLoaderServi - Loading from file system: file:/C:/Users/josue/OneDrive/Desktop/proyecto%20java/Among%20Us/out/production/Among%20Us/assets/textures/flechaRojaIzq.png
21:06:34.129 [JavaFX Application Thread] DEBUG FXGLAssetLoaderServi - Loading from file system: file:/C:/Users/josue/OneDrive/Desktop/proyecto%20java/Among%20Us/out/production/Among%20Us/assets/textures/flechaRojaArriba.png
21:06:35.095 [JavaFX Application Thread] DEBUG FXGLAssetLoaderServi - Loading from file system: file:/C:/Users/josue/OneDrive/Desktop/proyecto%20java/Among%20Us/out/production/Among%20Us/assets/textures/flechaRojaDer.png
21:06:44.071 [JavaFX Application Thread] DEBUG FXGLApplication      - Exiting FXGL
21:06:44.071 [JavaFX Application Thread] DEBUG LoopRunner           - Stopping loop
21:06:44.071 [JavaFX Application Thread] DEBUG SystemBundleService  - Saving FXGL system data
21:06:44.075 [JavaFX Application Thread] DEBUG FileSystemAccess     - Writing to: C:\Users\josue\OneDrive\Desktop\proyecto java\Among Us\system\fxgl.bundle
21:06:44.078 [JavaFX Application Thread] DEBUG Async                - Shutting down background threads
21:06:44.079 [JavaFX Application Thread] DEBUG PrimaryStageWindow   - Closing main window
21:06:44.155 [JavaFX Application Thread] DEBUG Logger               - Closing Logger
