20:36:06.032 [main                     ] DEBUG Logger               - Configured Logger
20:36:06.055 [main                     ] DEBUG GameApplication      - Logging settings
Title: Among Us UNEG
Version: 0.0
Width: 800
Height: 600
Fullscreen: false
Intro: false
Profiling: false
Single step:false
App Mode: DEVELOPER
Menu Key: ESCAPE
Stage Style: DECORATED
Scene Factory: class com.almasb.fxgl.app.scene.SceneFactory

20:36:07.370 [JavaFX Application Thread] DEBUG FXGLApplication      - Initializing FXGL
20:36:07.378 [JavaFX Application Thread] INFO  Engine               - FXGL-21.1 (26.03.2024 17.33) on WINDOWS (J:25.0.2 FX:21.0.1)
20:36:07.380 [JavaFX Application Thread] DEBUG Engine               - JRE Vendor Name: Oracle Corporation
20:36:07.380 [JavaFX Application Thread] DEBUG Engine               - Running on OS: Windows 11 version 10.0
20:36:07.380 [JavaFX Application Thread] DEBUG Engine               - Architecture: amd64
20:36:07.381 [JavaFX Application Thread] INFO  Engine               - Source code and latest versions at: https://github.com/AlmasB/FXGL
20:36:07.382 [JavaFX Application Thread] INFO  Engine               -       Ask questions and discuss at: https://github.com/AlmasB/FXGL/discussions
20:36:07.382 [JavaFX Application Thread] INFO  Engine               -              Join the FXGL chat at: https://gitter.im/AlmasB/FXGL
20:36:07.750 [JavaFX Application Thread] DEBUG PrimaryStageWindow   - Creating a JavaFX scene
20:36:07.903 [JavaFX Application Thread] DEBUG PrimaryStageWindow   - Target settings size: 800.0 x 600.0
20:36:07.904 [JavaFX Application Thread] DEBUG PrimaryStageWindow   - Scaled scene size:    800.0 x 600.0
20:36:07.904 [JavaFX Application Thread] DEBUG PrimaryStageWindow   - Scaled ratio: (1.0, 1.0)
20:36:07.906 [JavaFX Application Thread] DEBUG PrimaryStageWindow   - Set initial scene to FXGLStartupScene
20:36:07.916 [JavaFX Application Thread] DEBUG PrimaryStageWindow   - Opening main window
20:36:08.167 [JavaFX Application Thread] DEBUG PrimaryStageWindow   - Window border size: (16.0, 39.0)
20:36:08.168 [JavaFX Application Thread] DEBUG PrimaryStageWindow   - Scaled size: 800.0 x 600.0
20:36:08.168 [JavaFX Application Thread] DEBUG PrimaryStageWindow   - Scaled ratio: (1.0, 1.0)
20:36:08.168 [JavaFX Application Thread] DEBUG PrimaryStageWindow   - Scene size: 800.0 x 600.0
20:36:08.168 [JavaFX Application Thread] DEBUG PrimaryStageWindow   - Stage size: 816.0 x 639.0
20:36:08.207 [FXGL Background Thread 1 ] DEBUG Engine               - Initializing environment variables
20:36:08.453 [FXGL Background Thread 1 ] DEBUG FXGLAssetLoaderServi - User app class for loading assets: class main.java.amongUs.AppPrincipal
20:36:08.454 [FXGL Background Thread 1 ] DEBUG GameApplicationServi - Applying CSS: fxgl_dark.css
20:36:08.455 [FXGL Background Thread 1 ] DEBUG FXGLAssetLoaderServi - Loading from file system: jar:file:/C:/Users/josue/OneDrive/Desktop/proyecto%20java/Among%20Us/lib/fxgl-21.1-uber.jar!/fxglassets/ui/css/fxgl_dark.css
20:36:08.606 [FXGL Background Thread 1 ] DEBUG GameApplicationServi - Initializing application scenes
20:36:08.805 [FXGL Background Thread 1 ] DEBUG GameWorld            - Game world initialized
20:36:08.923 [FXGL Background Thread 1 ] DEBUG PhysicsWorld         - Physics world initialized: appHeight=600, physics.ppm=50,0
20:36:08.924 [FXGL Background Thread 1 ] DEBUG PhysicsWorld         - Using strategy: BRUTE_FORCE
20:36:08.930 [FXGL Background Thread 1 ] DEBUG GameScene            - Game scene initialized: 800x600
20:36:08.953 [FXGL Background Thread 1 ] DEBUG FXGL.DefaultMenu     - createMenuBodyGameMenu()
20:36:08.989 [FXGL Background Thread 1 ] DEBUG FXGL.DefaultMenu     - createOptionsMenu()
20:36:09.012 [FXGL Background Thread 1 ] DEBUG FXGLAssetLoaderServi - Loading from file system: jar:file:/C:/Users/josue/OneDrive/Desktop/proyecto%20java/Among%20Us/lib/fxgl-21.1-uber.jar!/fxglassets/textures/particles/smoke.png
20:36:09.296 [FXGL Background Thread 1 ] DEBUG FXGLAssetLoaderServi - Loading from file system: jar:file:/C:/Users/josue/OneDrive/Desktop/proyecto%20java/Among%20Us/lib/fxgl-21.1-uber.jar!/fxglassets/textures/particles/trace_horizontal.png
20:36:09.366 [FXGL Background Thread 1 ] DEBUG GameApplicationServi - Application scenes initialized
20:36:09.397 [FXGL Background Thread 1 ] DEBUG SystemBundleService  - Loading FXGL system data
20:36:09.405 [FXGL Background Thread 1 ] DEBUG FileSystemAccess     - Reading from: C:\Users\josue\OneDrive\Desktop\proyecto java\Among Us\system\fxgl.bundle
20:36:09.422 [FXGL Background Thread 1 ] DEBUG SystemBundleService  - Bundle FXGL: {}
20:36:09.422 [FXGL Background Thread 1 ] DEBUG UpdaterService       - Checking for updates
20:36:09.432 [FXGL Background Thread 1 ] DEBUG FXGLApplication      - Loading default localization
20:36:09.432 [FXGL Background Thread 4 ] DEBUG FXGLApplication      - Loading fonts
20:36:09.433 [FXGL Background Thread 1 ] DEBUG FXGLAssetLoaderServi - Loading from file system: jar:file:/C:/Users/josue/OneDrive/Desktop/proyecto%20java/Among%20Us/lib/fxgl-21.1-uber.jar!/fxglassets/languages/english.lang
20:36:09.444 [FXGL Background Thread 4 ] DEBUG FXGLAssetLoaderServi - Loading from file system: jar:file:/C:/Users/josue/OneDrive/Desktop/proyecto%20java/Among%20Us/lib/fxgl-21.1-uber.jar!/fxglassets/ui/fonts/VarelaRound-Regular.ttf
20:36:09.505 [FXGL Background Thread 1 ] INFO  FXGLApplication      - FXGL initialization took: 1,297 sec
20:36:09.517 [JavaFX Application Thread] DEBUG Input                - Registered new binding: Mover Arriba - W
20:36:09.518 [JavaFX Application Thread] DEBUG Input                - Registered new binding: Mover Abajo - S
20:36:09.518 [JavaFX Application Thread] DEBUG Input                - Registered new binding: Mover Izquierda - A
20:36:09.518 [JavaFX Application Thread] DEBUG Input                - Registered new binding: Mover Derecha - D
20:36:09.518 [JavaFX Application Thread] DEBUG Input                - Registered new binding: Abrir Camaras - C
20:36:09.518 [JavaFX Application Thread] DEBUG Input                - Registered new binding: Usar Alcantarilla - Space
20:36:09.518 [JavaFX Application Thread] DEBUG Input                - Registered new binding: Vent Izquierda - Left
20:36:09.518 [JavaFX Application Thread] DEBUG Input                - Registered new binding: Vent Derecha - Right
20:36:09.519 [JavaFX Application Thread] DEBUG Input                - Registered new binding: Vent Arriba - Up
20:36:09.519 [JavaFX Application Thread] DEBUG Input                - Registered new binding: Vent Abajo - Down
20:36:09.519 [JavaFX Application Thread] DEBUG Input                - Registered new binding: Matar Jugador - Q
20:36:09.519 [JavaFX Application Thread] DEBUG Input                - Registered new binding: Reportar Cadaver - R
20:36:09.519 [JavaFX Application Thread] DEBUG FXGLAssetLoaderServi - Loading from file system: file:/C:/Users/josue/OneDrive/Desktop/proyecto%20java/Among%20Us/out/production/Among%20Us/assets/textures/icono.png
20:36:09.576 [JavaFX Application Thread] DEBUG FXGLAssetLoaderServi - Loading from file system: jar:file:/C:/Users/josue/OneDrive/Desktop/proyecto%20java/Among%20Us/lib/fxgl-21.1-uber.jar!/fxglassets/textures/fxgl_default_cursor.png
20:36:09.583 [JavaFX Application Thread] DEBUG Input                - Registered new binding: Screenshot - CTRL+8
20:36:09.584 [JavaFX Application Thread] DEBUG Input                - Registered new binding: System info dump - CTRL+9
20:36:09.585 [JavaFX Application Thread] DEBUG Input                - Registered new binding: Restart - CTRL+R
20:36:09.586 [JavaFX Application Thread] DEBUG Input                - Registered new binding: Toggle Debug Camera - CTRL+7
20:36:09.595 [JavaFX Application Thread] DEBUG LoopRunner           - Starting loop
20:36:09.596 [JavaFX Application Thread] DEBUG LoopRunner           - Initializing JavaFX AnimationTimerLoop
20:36:09.600 [JavaFX Application Thread] DEBUG GameApplicationServi - Starting new game
20:36:09.602 [JavaFX Application Thread] DEBUG Input                - Clearing active input actions
20:36:09.644 [JavaFX Application Thread] DEBUG GameApplicationServi - Removing overlay from FXGLStartupScene and adding to FXGLLoadingScene
20:36:09.644 [JavaFX Application Thread] DEBUG PrimaryStageWindow   - FXGLStartupScene -> FXGLLoadingScene
20:36:09.644 [JavaFX Application Thread] DEBUG GameApplicationServi - Clearing previous game
20:36:09.644 [JavaFX Application Thread] DEBUG GameScene            - Clearing game scene
20:36:09.644 [JavaFX Application Thread] DEBUG GameWorld            - Clearing game world
20:36:09.645 [JavaFX Application Thread] DEBUG PhysicsWorld         - Clearing physics world
20:36:09.652 [FXGL Background Thread 1 ] DEBUG FXGLApplication      - Initializing game
20:36:09.725 [FXGL Background Thread 1 ] DEBUG FXGLAssetLoaderServi - Loading from file system: file:/C:/Users/josue/OneDrive/Desktop/proyecto%20java/Among%20Us/out/production/Among%20Us/assets/music/musicaMenu.mp3
20:36:10.633 [FXGL Background Thread 1 ] DEBUG AudioPlayer          - Playing music com.almasb.fxgl.audio.Music@1cf079d7
20:36:10.780 [FXGL Background Thread 4 ] DEBUG FXGLAssetLoaderServi - Loading from file system: jar:file:/C:/Users/josue/OneDrive/Desktop/proyecto%20java/Among%20Us/lib/fxgl-21.1-uber.jar!/fxglassets/ui/fonts/Abel-Regular.ttf
20:36:10.899 [FXGL Background Thread 4 ] DEBUG FXGLAssetLoaderServi - Loading from file system: jar:file:/C:/Users/josue/OneDrive/Desktop/proyecto%20java/Among%20Us/lib/fxgl-21.1-uber.jar!/fxglassets/ui/fonts/TerminalLandMono-Regular.otf
20:36:10.998 [FXGL Background Thread 4 ] DEBUG FXGLAssetLoaderServi - Loading from file system: jar:file:/C:/Users/josue/OneDrive/Desktop/proyecto%20java/Among%20Us/lib/fxgl-21.1-uber.jar!/fxglassets/ui/fonts/Courier-Prime.ttf
20:36:12.156 [FXGL Background Thread 2 ] INFO  UpdaterService       - Your current version:  21.1
20:36:12.157 [FXGL Background Thread 2 ] INFO  UpdaterService       - Latest stable version: 25
20:36:12.285 [FXGL Background Thread 1 ] INFO  FXGLApplication      - Game initialization took: 2,633 sec
20:36:12.427 [FXGL Background Thread 3 ] DEBUG Engine               - Logging environment variables
20:36:12.428 [FXGL Background Thread 3 ] DEBUG Engine               - achievements: []
20:36:12.428 [FXGL Background Thread 3 ] DEBUG Engine               - actualHeight: 600.0
20:36:12.429 [FXGL Background Thread 3 ] DEBUG Engine               - actualHeightProperty: ReadOnlyDoubleProperty [value: 600.0]
20:36:12.430 [FXGL Background Thread 3 ] DEBUG Engine               - actualWidth: 800.0
20:36:12.430 [FXGL Background Thread 3 ] DEBUG Engine               - actualWidthProperty: ReadOnlyDoubleProperty [value: 800.0]
20:36:12.430 [FXGL Background Thread 3 ] DEBUG Engine               - appIcon: icono.png
20:36:12.430 [FXGL Background Thread 3 ] DEBUG Engine               - applicationMode: DEVELOPER
20:36:12.430 [FXGL Background Thread 3 ] DEBUG Engine               - cSSList: [fxgl_dark.css]
20:36:12.430 [FXGL Background Thread 3 ] DEBUG Engine               - collisionDetectionStrategy: BRUTE_FORCE
20:36:12.430 [FXGL Background Thread 3 ] DEBUG Engine               - configClass: Optional.empty
20:36:12.430 [FXGL Background Thread 3 ] DEBUG Engine               - credits: []
20:36:12.432 [FXGL Background Thread 3 ] DEBUG Engine               - defaultCursor: CursorInfo(imageName=fxgl_default_cursor.png, hotspotX=7.0, hotspotY=6.0)
20:36:12.432 [FXGL Background Thread 3 ] DEBUG Engine               - devBBoxColorProperty: ObjectProperty [value: 0xff0000ff]
20:36:12.432 [FXGL Background Thread 3 ] DEBUG Engine               - devEnableDebugCameraProperty: BooleanProperty [value: false]
20:36:12.432 [FXGL Background Thread 3 ] DEBUG Engine               - devSensorColorProperty: ObjectProperty [value: 0xffff00ff]
20:36:12.433 [FXGL Background Thread 3 ] DEBUG Engine               - devShowBBoxProperty: BooleanProperty [value: false]
20:36:12.433 [FXGL Background Thread 3 ] DEBUG Engine               - devShowPositionProperty: BooleanProperty [value: false]
20:36:12.433 [FXGL Background Thread 3 ] DEBUG Engine               - enabledMenuItems: []
20:36:12.433 [FXGL Background Thread 3 ] DEBUG Engine               - engineServices: [class com.almasb.fxgl.app.services.FXGLAssetLoaderService, class com.almasb.fxgl.app.FXGLApplication$GameApplicationService, class com.almasb.fxgl.app.services.FXGLDialogService, class com.almasb.fxgl.app.services.IOTaskExecutorService, class com.almasb.fxgl.io.FileSystemService, class com.almasb.fxgl.localization.LocalizationService, class com.almasb.fxgl.app.services.SystemBundleService, class com.almasb.fxgl.profile.SaveLoadService, class com.almasb.fxgl.ui.FXGLUIFactoryServiceProvider, class com.almasb.fxgl.ui.FXGLDialogFactoryServiceProvider, class com.almasb.fxgl.audio.AudioPlayer, class com.almasb.fxgl.notification.impl.NotificationServiceProvider, class com.almasb.fxgl.achievement.AchievementService, class com.almasb.fxgl.cutscene.CutsceneService, class com.almasb.fxgl.minigames.MiniGameService, class com.almasb.fxgl.net.NetService, class com.almasb.fxgl.app.services.UpdaterService, class com.almasb.fxgl.dev.DevService]
20:36:12.433 [FXGL Background Thread 3 ] DEBUG Engine               - fontGame: Abel-Regular.ttf
20:36:12.433 [FXGL Background Thread 3 ] DEBUG Engine               - fontMono: TerminalLandMono-Regular.otf
20:36:12.433 [FXGL Background Thread 3 ] DEBUG Engine               - fontSizeScaleUI: 1.0
20:36:12.433 [FXGL Background Thread 3 ] DEBUG Engine               - fontText: Courier-Prime.ttf
20:36:12.433 [FXGL Background Thread 3 ] DEBUG Engine               - fontUI: VarelaRound-Regular.ttf
20:36:12.433 [FXGL Background Thread 3 ] DEBUG Engine               - fullScreen: BooleanProperty [value: false]
20:36:12.433 [FXGL Background Thread 3 ] DEBUG Engine               - gameDifficulty: MEDIUM
20:36:12.433 [FXGL Background Thread 3 ] DEBUG Engine               - gameDifficultyProperty: ObjectProperty [value: MEDIUM]
20:36:12.434 [FXGL Background Thread 3 ] DEBUG Engine               - globalMusicVolume: 0.5
20:36:12.434 [FXGL Background Thread 3 ] DEBUG Engine               - globalMusicVolumeProperty: DoubleProperty [value: 0.4]
20:36:12.434 [FXGL Background Thread 3 ] DEBUG Engine               - globalSoundVolume: 0.5
20:36:12.434 [FXGL Background Thread 3 ] DEBUG Engine               - globalSoundVolumeProperty: DoubleProperty [value: 0.5]
20:36:12.434 [FXGL Background Thread 3 ] DEBUG Engine               - height: 600
20:36:12.434 [FXGL Background Thread 3 ] DEBUG Engine               - is3D: false
20:36:12.434 [FXGL Background Thread 3 ] DEBUG Engine               - isAndroid: false
20:36:12.434 [FXGL Background Thread 3 ] DEBUG Engine               - isBrowser: false
20:36:12.434 [FXGL Background Thread 3 ] DEBUG Engine               - isClickFeedbackEnabled: false
20:36:12.434 [FXGL Background Thread 3 ] DEBUG Engine               - isCloseConfirmation: false
20:36:12.434 [FXGL Background Thread 3 ] DEBUG Engine               - isDesktop: true
20:36:12.434 [FXGL Background Thread 3 ] DEBUG Engine               - isDeveloperMenuEnabled: false
20:36:12.434 [FXGL Background Thread 3 ] DEBUG Engine               - isEmbedded: false
20:36:12.434 [FXGL Background Thread 3 ] DEBUG Engine               - isEntityPreloadEnabled: true
20:36:12.434 [FXGL Background Thread 3 ] DEBUG Engine               - isExperimentalTiledLargeMap: false
20:36:12.434 [FXGL Background Thread 3 ] DEBUG Engine               - isFileSystemWriteAllowed: true
20:36:12.435 [FXGL Background Thread 3 ] DEBUG Engine               - isFullScreenAllowed: false
20:36:12.435 [FXGL Background Thread 3 ] DEBUG Engine               - isFullScreenFromStart: false
20:36:12.435 [FXGL Background Thread 3 ] DEBUG Engine               - isGameMenuEnabled: true
20:36:12.435 [FXGL Background Thread 3 ] DEBUG Engine               - isIOS: false
20:36:12.435 [FXGL Background Thread 3 ] DEBUG Engine               - isIntroEnabled: false
20:36:12.435 [FXGL Background Thread 3 ] DEBUG Engine               - isLinux: false
20:36:12.435 [FXGL Background Thread 3 ] DEBUG Engine               - isMac: false
20:36:12.435 [FXGL Background Thread 3 ] DEBUG Engine               - isMainMenuEnabled: false
20:36:12.435 [FXGL Background Thread 3 ] DEBUG Engine               - isManualResizeEnabled: false
20:36:12.435 [FXGL Background Thread 3 ] DEBUG Engine               - isMobile: false
20:36:12.435 [FXGL Background Thread 3 ] DEBUG Engine               - isNative: false
20:36:12.435 [FXGL Background Thread 3 ] DEBUG Engine               - isPauseMusicWhenMinimized: true
20:36:12.436 [FXGL Background Thread 3 ] DEBUG Engine               - isPreserveResizeRatio: false
20:36:12.436 [FXGL Background Thread 3 ] DEBUG Engine               - isProfilingEnabled: false
20:36:12.436 [FXGL Background Thread 3 ] DEBUG Engine               - isScaleAffectedOnResize: true
20:36:12.436 [FXGL Background Thread 3 ] DEBUG Engine               - isSingleStep: false
20:36:12.436 [FXGL Background Thread 3 ] DEBUG Engine               - isUserProfileEnabled: false
20:36:12.436 [FXGL Background Thread 3 ] DEBUG Engine               - isWindows: true
20:36:12.436 [FXGL Background Thread 3 ] DEBUG Engine               - language: ObjectProperty [value: ENGLISH]
20:36:12.436 [FXGL Background Thread 3 ] DEBUG Engine               - menuKey: ESCAPE
20:36:12.436 [FXGL Background Thread 3 ] DEBUG Engine               - mouseSensitivity: 0.2
20:36:12.436 [FXGL Background Thread 3 ] DEBUG Engine               - notificationViewClass: class com.almasb.fxgl.notification.view.XboxNotificationView
20:36:12.436 [FXGL Background Thread 3 ] DEBUG Engine               - pixelsPerMeter: 50.0
20:36:12.436 [FXGL Background Thread 3 ] DEBUG Engine               - platform: WINDOWS
20:36:12.437 [FXGL Background Thread 3 ] DEBUG Engine               - prefHeightProperty: ReadOnlyDoubleProperty [value: 600.0]
20:36:12.437 [FXGL Background Thread 3 ] DEBUG Engine               - prefWidthProperty: ReadOnlyDoubleProperty [value: 800.0]
20:36:12.437 [FXGL Background Thread 3 ] DEBUG Engine               - profileDir: profiles/
20:36:12.437 [FXGL Background Thread 3 ] DEBUG Engine               - profileName: StringProperty [value: DEFAULT]
20:36:12.437 [FXGL Background Thread 3 ] DEBUG Engine               - randomSeed: -1
20:36:12.437 [FXGL Background Thread 3 ] DEBUG Engine               - runtimeInfo: RuntimeInfo(platform=WINDOWS, version=21.1, build=26.03.2024 17.33)
20:36:12.437 [FXGL Background Thread 3 ] DEBUG Engine               - saveFileExt: sav
20:36:12.438 [FXGL Background Thread 3 ] DEBUG Engine               - scaledHeightProp$fxgl: DoubleProperty [bound, value: 600.0]
20:36:12.438 [FXGL Background Thread 3 ] DEBUG Engine               - scaledWidthProp$fxgl: DoubleProperty [bound, value: 800.0]
20:36:12.438 [FXGL Background Thread 3 ] DEBUG Engine               - sceneFactory: com.almasb.fxgl.app.scene.SceneFactory@64e23e99
20:36:12.438 [FXGL Background Thread 3 ] DEBUG Engine               - secondsIn24h: 60
20:36:12.439 [FXGL Background Thread 3 ] DEBUG Engine               - soundMenuBack: menu/back.wav
20:36:12.439 [FXGL Background Thread 3 ] DEBUG Engine               - soundMenuPress: menu/press.wav
20:36:12.440 [FXGL Background Thread 3 ] DEBUG Engine               - soundMenuSelect: menu/select.wav
20:36:12.442 [FXGL Background Thread 3 ] DEBUG Engine               - soundNotification: core/notification.wav
20:36:12.442 [FXGL Background Thread 3 ] DEBUG Engine               - stageStyle: DECORATED
20:36:12.442 [FXGL Background Thread 3 ] DEBUG Engine               - supportedLanguages: [ENGLISH, FRENCH, GERMAN, HUNGARIAN, RUSSIAN]
20:36:12.442 [FXGL Background Thread 3 ] DEBUG Engine               - ticksPerSecond: -1
20:36:12.442 [FXGL Background Thread 3 ] DEBUG Engine               - title: Among Us UNEG
20:36:12.443 [FXGL Background Thread 3 ] DEBUG Engine               - urlGithub: https://github.com/AlmasB/FXGL
20:36:12.443 [FXGL Background Thread 3 ] DEBUG Engine               - urlLeaderboard: http://fxgl-top.herokuapp.com/
20:36:12.443 [FXGL Background Thread 3 ] DEBUG Engine               - urlPOM: https://raw.githubusercontent.com/AlmasB/FXGL/release/README.md
20:36:12.443 [FXGL Background Thread 3 ] DEBUG Engine               - userAppClass: class main.java.amongUs.AppPrincipal
20:36:12.443 [FXGL Background Thread 3 ] DEBUG Engine               - version: 0.0
20:36:12.443 [FXGL Background Thread 3 ] DEBUG Engine               - versionCheckDays: 7
20:36:12.443 [FXGL Background Thread 3 ] DEBUG Engine               - width: 800
20:36:12.443 [FXGL Background Thread 3 ] DEBUG Engine               - Logging services
20:36:12.443 [FXGL Background Thread 3 ] DEBUG Engine               - class com.almasb.fxgl.app.services.FXGLAssetLoaderService
20:36:12.443 [FXGL Background Thread 3 ] DEBUG Engine               - class com.almasb.fxgl.app.FXGLApplication$GameApplicationService
20:36:12.443 [FXGL Background Thread 3 ] DEBUG Engine               - class com.almasb.fxgl.app.services.FXGLDialogService
20:36:12.443 [FXGL Background Thread 3 ] DEBUG Engine               - class com.almasb.fxgl.app.services.IOTaskExecutorService
20:36:12.443 [FXGL Background Thread 3 ] DEBUG Engine               - class com.almasb.fxgl.io.FileSystemService
20:36:12.443 [FXGL Background Thread 3 ] DEBUG Engine               - class com.almasb.fxgl.localization.LocalizationService
20:36:12.443 [FXGL Background Thread 3 ] DEBUG Engine               - class com.almasb.fxgl.app.services.SystemBundleService
20:36:12.443 [FXGL Background Thread 3 ] DEBUG Engine               - class com.almasb.fxgl.profile.SaveLoadService
20:36:12.443 [FXGL Background Thread 3 ] DEBUG Engine               - class com.almasb.fxgl.ui.FXGLUIFactoryServiceProvider
20:36:12.443 [FXGL Background Thread 3 ] DEBUG Engine               - class com.almasb.fxgl.ui.FXGLDialogFactoryServiceProvider
20:36:12.443 [FXGL Background Thread 3 ] DEBUG Engine               - class com.almasb.fxgl.audio.AudioPlayer
20:36:12.444 [FXGL Background Thread 3 ] DEBUG Engine               - class com.almasb.fxgl.notification.impl.NotificationServiceProvider
20:36:12.444 [FXGL Background Thread 3 ] DEBUG Engine               - class com.almasb.fxgl.achievement.AchievementService
20:36:12.444 [FXGL Background Thread 3 ] DEBUG Engine               - class com.almasb.fxgl.cutscene.CutsceneService
20:36:12.444 [FXGL Background Thread 3 ] DEBUG Engine               - class com.almasb.fxgl.minigames.MiniGameService
20:36:12.444 [FXGL Background Thread 3 ] DEBUG Engine               - class com.almasb.fxgl.net.NetService
20:36:12.444 [FXGL Background Thread 3 ] DEBUG Engine               - class com.almasb.fxgl.app.services.UpdaterService
20:36:12.444 [FXGL Background Thread 3 ] DEBUG Engine               - class com.almasb.fxgl.dev.DevService
20:36:12.462 [JavaFX Application Thread] DEBUG FXGLApplication      - Registering font factories with UI factory
20:36:12.483 [JavaFX Application Thread] DEBUG Input                - Clearing active input actions
20:36:12.522 [JavaFX Application Thread] DEBUG GameApplicationServi - Removing overlay from FXGLLoadingScene and adding to GameScene
20:36:12.522 [JavaFX Application Thread] DEBUG PrimaryStageWindow   - FXGLLoadingScene -> GameScene
20:36:19.216 [JavaFX Application Thread] DEBUG FXGLAssetLoaderServi - Loading from file system: file:/C:/Users/josue/OneDrive/Desktop/proyecto%20java/Among%20Us/out/production/Among%20Us/assets/sounds/clickBoton.wav
20:36:52.386 [JavaFX Application Thread] DEBUG FXGLApplication      - Exiting FXGL
20:36:52.386 [JavaFX Application Thread] DEBUG LoopRunner           - Stopping loop
20:36:52.386 [JavaFX Application Thread] DEBUG SystemBundleService  - Saving FXGL system data
20:36:52.392 [JavaFX Application Thread] DEBUG FileSystemAccess     - Writing to: C:\Users\josue\OneDrive\Desktop\proyecto java\Among Us\system\fxgl.bundle
20:36:52.402 [JavaFX Application Thread] DEBUG Async                - Shutting down background threads
20:36:52.402 [JavaFX Application Thread] DEBUG PrimaryStageWindow   - Closing main window
20:36:52.517 [JavaFX Application Thread] DEBUG Logger               - Closing Logger
