01:23:54.160 [main                     ] DEBUG Logger               - Configured Logger
01:23:54.175 [main                     ] DEBUG GameApplication      - Logging settings
Title: Among Us UNEG
Version: 0.0
Width: 800
Height: 600
Fullscreen: false
Intro: false
Profiling: false
Single step:false
App Mode: DEVELOPER
Menu Key: ESCAPE
Stage Style: DECORATED
Scene Factory: class com.almasb.fxgl.app.scene.SceneFactory

01:23:55.165 [JavaFX Application Thread] DEBUG FXGLApplication      - Initializing FXGL
01:23:55.170 [JavaFX Application Thread] INFO  Engine               - FXGL-21.1 (26.03.2024 17.33) on WINDOWS (J:25.0.2 FX:21.0.1)
01:23:55.170 [JavaFX Application Thread] DEBUG Engine               - JRE Vendor Name: Oracle Corporation
01:23:55.170 [JavaFX Application Thread] DEBUG Engine               - Running on OS: Windows 11 version 10.0
01:23:55.170 [JavaFX Application Thread] DEBUG Engine               - Architecture: amd64
01:23:55.170 [JavaFX Application Thread] INFO  Engine               - Source code and latest versions at: https://github.com/AlmasB/FXGL
01:23:55.171 [JavaFX Application Thread] INFO  Engine               -       Ask questions and discuss at: https://github.com/AlmasB/FXGL/discussions
01:23:55.171 [JavaFX Application Thread] INFO  Engine               -              Join the FXGL chat at: https://gitter.im/AlmasB/FXGL
01:23:55.482 [JavaFX Application Thread] DEBUG PrimaryStageWindow   - Creating a JavaFX scene
01:23:55.619 [JavaFX Application Thread] DEBUG PrimaryStageWindow   - Target settings size: 800.0 x 600.0
01:23:55.619 [JavaFX Application Thread] DEBUG PrimaryStageWindow   - Scaled scene size:    800.0 x 600.0
01:23:55.620 [JavaFX Application Thread] DEBUG PrimaryStageWindow   - Scaled ratio: (1.0, 1.0)
01:23:55.621 [JavaFX Application Thread] DEBUG PrimaryStageWindow   - Set initial scene to FXGLStartupScene
01:23:55.629 [JavaFX Application Thread] DEBUG PrimaryStageWindow   - Opening main window
01:23:55.836 [JavaFX Application Thread] DEBUG PrimaryStageWindow   - Window border size: (16.0, 39.0)
01:23:55.837 [JavaFX Application Thread] DEBUG PrimaryStageWindow   - Scaled size: 800.0 x 600.0
01:23:55.837 [JavaFX Application Thread] DEBUG PrimaryStageWindow   - Scaled ratio: (1.0, 1.0)
01:23:55.837 [JavaFX Application Thread] DEBUG PrimaryStageWindow   - Scene size: 800.0 x 600.0
01:23:55.837 [JavaFX Application Thread] DEBUG PrimaryStageWindow   - Stage size: 816.0 x 639.0
01:23:55.876 [FXGL Background Thread 1 ] DEBUG Engine               - Initializing environment variables
01:23:56.078 [FXGL Background Thread 1 ] DEBUG FXGLAssetLoaderServi - User app class for loading assets: class main.java.amongUs.AppPrincipal
01:23:56.078 [FXGL Background Thread 1 ] DEBUG GameApplicationServi - Applying CSS: fxgl_dark.css
01:23:56.079 [FXGL Background Thread 1 ] DEBUG FXGLAssetLoaderServi - Loading from file system: jar:file:/C:/Users/josue/OneDrive/Desktop/proyecto%20java/Among%20Us/lib/fxgl-21.1-uber.jar!/fxglassets/ui/css/fxgl_dark.css
01:23:56.167 [FXGL Background Thread 1 ] DEBUG GameApplicationServi - Initializing application scenes
01:23:56.340 [FXGL Background Thread 1 ] DEBUG GameWorld            - Game world initialized
01:23:56.430 [FXGL Background Thread 1 ] DEBUG PhysicsWorld         - Physics world initialized: appHeight=600, physics.ppm=50,0
01:23:56.430 [FXGL Background Thread 1 ] DEBUG PhysicsWorld         - Using strategy: BRUTE_FORCE
01:23:56.437 [FXGL Background Thread 1 ] DEBUG GameScene            - Game scene initialized: 800x600
01:23:56.460 [FXGL Background Thread 1 ] DEBUG FXGL.DefaultMenu     - createMenuBodyGameMenu()
01:23:56.495 [FXGL Background Thread 1 ] DEBUG FXGL.DefaultMenu     - createOptionsMenu()
01:23:56.514 [FXGL Background Thread 1 ] DEBUG FXGLAssetLoaderServi - Loading from file system: jar:file:/C:/Users/josue/OneDrive/Desktop/proyecto%20java/Among%20Us/lib/fxgl-21.1-uber.jar!/fxglassets/textures/particles/smoke.png
01:23:56.689 [FXGL Background Thread 1 ] DEBUG FXGLAssetLoaderServi - Loading from file system: jar:file:/C:/Users/josue/OneDrive/Desktop/proyecto%20java/Among%20Us/lib/fxgl-21.1-uber.jar!/fxglassets/textures/particles/trace_horizontal.png
01:23:56.733 [FXGL Background Thread 1 ] DEBUG GameApplicationServi - Application scenes initialized
01:23:56.758 [FXGL Background Thread 1 ] DEBUG SystemBundleService  - Loading FXGL system data
01:23:56.766 [FXGL Background Thread 1 ] DEBUG FileSystemAccess     - Reading from: C:\Users\josue\OneDrive\Desktop\proyecto java\Among Us\system\fxgl.bundle
01:23:56.780 [FXGL Background Thread 1 ] DEBUG SystemBundleService  - Bundle FXGL: {}
01:23:56.780 [FXGL Background Thread 1 ] DEBUG UpdaterService       - Checking for updates
01:23:56.787 [FXGL Background Thread 1 ] DEBUG FXGLApplication      - Loading default localization
01:23:56.788 [FXGL Background Thread 1 ] DEBUG FXGLAssetLoaderServi - Loading from file system: jar:file:/C:/Users/josue/OneDrive/Desktop/proyecto%20java/Among%20Us/lib/fxgl-21.1-uber.jar!/fxglassets/languages/english.lang
01:23:56.799 [FXGL Background Thread 4 ] DEBUG FXGLApplication      - Loading fonts
01:23:56.801 [FXGL Background Thread 4 ] DEBUG FXGLAssetLoaderServi - Loading from file system: jar:file:/C:/Users/josue/OneDrive/Desktop/proyecto%20java/Among%20Us/lib/fxgl-21.1-uber.jar!/fxglassets/ui/fonts/VarelaRound-Regular.ttf
01:23:56.819 [FXGL Background Thread 1 ] INFO  FXGLApplication      - FXGL initialization took: 0,943 sec
01:23:56.907 [JavaFX Application Thread] DEBUG Input                - Registered new binding: Mover Arriba - W
01:23:56.907 [JavaFX Application Thread] DEBUG Input                - Registered new binding: Mover Abajo - S
01:23:56.907 [JavaFX Application Thread] DEBUG Input                - Registered new binding: Mover Izquierda - A
01:23:56.907 [JavaFX Application Thread] DEBUG Input                - Registered new binding: Mover Derecha - D
01:23:56.907 [JavaFX Application Thread] DEBUG Input                - Registered new binding: Abrir Camaras - C
01:23:56.908 [JavaFX Application Thread] DEBUG Input                - Registered new binding: Usar Alcantarilla - Space
01:23:56.908 [JavaFX Application Thread] DEBUG Input                - Registered new binding: Vent Izquierda - Left
01:23:56.908 [JavaFX Application Thread] DEBUG Input                - Registered new binding: Vent Derecha - Right
01:23:56.908 [JavaFX Application Thread] DEBUG Input                - Registered new binding: Vent Arriba - Up
01:23:56.908 [JavaFX Application Thread] DEBUG Input                - Registered new binding: Vent Abajo - Down
01:23:56.908 [JavaFX Application Thread] DEBUG Input                - Registered new binding: Matar Jugador - Q
01:23:56.908 [JavaFX Application Thread] DEBUG Input                - Registered new binding: Reportar Cadaver - R
01:23:56.909 [JavaFX Application Thread] DEBUG Input                - Registered new binding: Abrir/Cerrar Mapa - M
01:23:56.909 [JavaFX Application Thread] DEBUG FXGLAssetLoaderServi - Loading from file system: file:/C:/Users/josue/OneDrive/Desktop/proyecto%20java/Among%20Us/out/production/Among%20Us/assets/textures/icono.png
01:23:56.948 [JavaFX Application Thread] DEBUG FXGLAssetLoaderServi - Loading from file system: jar:file:/C:/Users/josue/OneDrive/Desktop/proyecto%20java/Among%20Us/lib/fxgl-21.1-uber.jar!/fxglassets/textures/fxgl_default_cursor.png
01:23:56.953 [JavaFX Application Thread] DEBUG Input                - Registered new binding: Screenshot - CTRL+8
01:23:56.954 [JavaFX Application Thread] DEBUG Input                - Registered new binding: System info dump - CTRL+9
01:23:56.955 [JavaFX Application Thread] DEBUG Input                - Registered new binding: Restart - CTRL+R
01:23:56.959 [JavaFX Application Thread] DEBUG Input                - Registered new binding: Toggle Debug Camera - CTRL+7
01:23:56.965 [JavaFX Application Thread] DEBUG LoopRunner           - Starting loop
01:23:56.966 [JavaFX Application Thread] DEBUG LoopRunner           - Initializing JavaFX AnimationTimerLoop
01:23:56.968 [JavaFX Application Thread] DEBUG GameApplicationServi - Starting new game
01:23:56.969 [JavaFX Application Thread] DEBUG Input                - Clearing active input actions
01:23:57.034 [JavaFX Application Thread] DEBUG GameApplicationServi - Removing overlay from FXGLStartupScene and adding to FXGLLoadingScene
01:23:57.035 [JavaFX Application Thread] DEBUG PrimaryStageWindow   - FXGLStartupScene -> FXGLLoadingScene
01:23:57.035 [JavaFX Application Thread] DEBUG GameApplicationServi - Clearing previous game
01:23:57.035 [JavaFX Application Thread] DEBUG GameScene            - Clearing game scene
01:23:57.035 [JavaFX Application Thread] DEBUG GameWorld            - Clearing game world
01:23:57.036 [JavaFX Application Thread] DEBUG PhysicsWorld         - Clearing physics world
01:23:57.046 [FXGL Background Thread 1 ] DEBUG FXGLApplication      - Initializing game
01:23:57.059 [FXGL Background Thread 1 ] DEBUG FXGLAssetLoaderServi - Loading from file system: file:/C:/Users/josue/OneDrive/Desktop/proyecto%20java/Among%20Us/out/production/Among%20Us/assets/music/musicaMenu.mp3
01:23:57.684 [FXGL Background Thread 4 ] DEBUG FXGLAssetLoaderServi - Loading from file system: jar:file:/C:/Users/josue/OneDrive/Desktop/proyecto%20java/Among%20Us/lib/fxgl-21.1-uber.jar!/fxglassets/ui/fonts/Abel-Regular.ttf
01:23:57.720 [FXGL Background Thread 4 ] DEBUG FXGLAssetLoaderServi - Loading from file system: jar:file:/C:/Users/josue/OneDrive/Desktop/proyecto%20java/Among%20Us/lib/fxgl-21.1-uber.jar!/fxglassets/ui/fonts/TerminalLandMono-Regular.otf
01:23:57.730 [FXGL Background Thread 4 ] DEBUG FXGLAssetLoaderServi - Loading from file system: jar:file:/C:/Users/josue/OneDrive/Desktop/proyecto%20java/Among%20Us/lib/fxgl-21.1-uber.jar!/fxglassets/ui/fonts/Courier-Prime.ttf
01:23:57.747 [JavaFX Application Thread] DEBUG FXGLApplication      - Registering font factories with UI factory
01:23:57.854 [FXGL Background Thread 1 ] DEBUG AudioPlayer          - Playing music com.almasb.fxgl.audio.Music@10c15295
01:23:59.200 [FXGL Background Thread 1 ] INFO  FXGLApplication      - Game initialization took: 2,155 sec
01:23:59.203 [JavaFX Application Thread] DEBUG Input                - Clearing active input actions
01:23:59.213 [JavaFX Application Thread] DEBUG GameApplicationServi - Removing overlay from FXGLLoadingScene and adding to GameScene
01:23:59.214 [JavaFX Application Thread] DEBUG PrimaryStageWindow   - FXGLLoadingScene -> GameScene
01:23:59.376 [FXGL Background Thread 2 ] INFO  UpdaterService       - Your current version:  21.1
01:23:59.377 [FXGL Background Thread 2 ] INFO  UpdaterService       - Latest stable version: 25
01:23:59.784 [FXGL Background Thread 3 ] DEBUG Engine               - Logging environment variables
01:23:59.784 [FXGL Background Thread 3 ] DEBUG Engine               - achievements: []
01:23:59.784 [FXGL Background Thread 3 ] DEBUG Engine               - actualHeight: 600.0
01:23:59.784 [FXGL Background Thread 3 ] DEBUG Engine               - actualHeightProperty: ReadOnlyDoubleProperty [value: 600.0]
01:23:59.785 [FXGL Background Thread 3 ] DEBUG Engine               - actualWidth: 800.0
01:23:59.785 [FXGL Background Thread 3 ] DEBUG Engine               - actualWidthProperty: ReadOnlyDoubleProperty [value: 800.0]
01:23:59.785 [FXGL Background Thread 3 ] DEBUG Engine               - appIcon: icono.png
01:23:59.785 [FXGL Background Thread 3 ] DEBUG Engine               - applicationMode: DEVELOPER
01:23:59.785 [FXGL Background Thread 3 ] DEBUG Engine               - cSSList: [fxgl_dark.css]
01:23:59.785 [FXGL Background Thread 3 ] DEBUG Engine               - collisionDetectionStrategy: BRUTE_FORCE
01:23:59.785 [FXGL Background Thread 3 ] DEBUG Engine               - configClass: Optional.empty
01:23:59.785 [FXGL Background Thread 3 ] DEBUG Engine               - credits: []
01:23:59.785 [FXGL Background Thread 3 ] DEBUG Engine               - defaultCursor: CursorInfo(imageName=fxgl_default_cursor.png, hotspotX=7.0, hotspotY=6.0)
01:23:59.785 [FXGL Background Thread 3 ] DEBUG Engine               - devBBoxColorProperty: ObjectProperty [value: 0xff0000ff]
01:23:59.786 [FXGL Background Thread 3 ] DEBUG Engine               - devEnableDebugCameraProperty: BooleanProperty [value: false]
01:23:59.786 [FXGL Background Thread 3 ] DEBUG Engine               - devSensorColorProperty: ObjectProperty [value: 0xffff00ff]
01:23:59.786 [FXGL Background Thread 3 ] DEBUG Engine               - devShowBBoxProperty: BooleanProperty [value: false]
01:23:59.786 [FXGL Background Thread 3 ] DEBUG Engine               - devShowPositionProperty: BooleanProperty [value: false]
01:23:59.786 [FXGL Background Thread 3 ] DEBUG Engine               - enabledMenuItems: []
01:23:59.786 [FXGL Background Thread 3 ] DEBUG Engine               - engineServices: [class com.almasb.fxgl.app.services.FXGLAssetLoaderService, class com.almasb.fxgl.app.FXGLApplication$GameApplicationService, class com.almasb.fxgl.app.services.FXGLDialogService, class com.almasb.fxgl.app.services.IOTaskExecutorService, class com.almasb.fxgl.io.FileSystemService, class com.almasb.fxgl.localization.LocalizationService, class com.almasb.fxgl.app.services.SystemBundleService, class com.almasb.fxgl.profile.SaveLoadService, class com.almasb.fxgl.ui.FXGLUIFactoryServiceProvider, class com.almasb.fxgl.ui.FXGLDialogFactoryServiceProvider, class com.almasb.fxgl.audio.AudioPlayer, class com.almasb.fxgl.notification.impl.NotificationServiceProvider, class com.almasb.fxgl.achievement.AchievementService, class com.almasb.fxgl.cutscene.CutsceneService, class com.almasb.fxgl.minigames.MiniGameService, class com.almasb.fxgl.net.NetService, class com.almasb.fxgl.app.services.UpdaterService, class com.almasb.fxgl.dev.DevService]
01:23:59.786 [FXGL Background Thread 3 ] DEBUG Engine               - fontGame: Abel-Regular.ttf
01:23:59.786 [FXGL Background Thread 3 ] DEBUG Engine               - fontMono: TerminalLandMono-Regular.otf
01:23:59.786 [FXGL Background Thread 3 ] DEBUG Engine               - fontSizeScaleUI: 1.0
01:23:59.786 [FXGL Background Thread 3 ] DEBUG Engine               - fontText: Courier-Prime.ttf
01:23:59.786 [FXGL Background Thread 3 ] DEBUG Engine               - fontUI: VarelaRound-Regular.ttf
01:23:59.786 [FXGL Background Thread 3 ] DEBUG Engine               - fullScreen: BooleanProperty [value: false]
01:23:59.786 [FXGL Background Thread 3 ] DEBUG Engine               - gameDifficulty: MEDIUM
01:23:59.786 [FXGL Background Thread 3 ] DEBUG Engine               - gameDifficultyProperty: ObjectProperty [value: MEDIUM]
01:23:59.786 [FXGL Background Thread 3 ] DEBUG Engine               - globalMusicVolume: 0.5
01:23:59.786 [FXGL Background Thread 3 ] DEBUG Engine               - globalMusicVolumeProperty: DoubleProperty [value: 0.4]
01:23:59.786 [FXGL Background Thread 3 ] DEBUG Engine               - globalSoundVolume: 0.5
01:23:59.787 [FXGL Background Thread 3 ] DEBUG Engine               - globalSoundVolumeProperty: DoubleProperty [value: 0.5]
01:23:59.787 [FXGL Background Thread 3 ] DEBUG Engine               - height: 600
01:23:59.787 [FXGL Background Thread 3 ] DEBUG Engine               - is3D: false
01:23:59.787 [FXGL Background Thread 3 ] DEBUG Engine               - isAndroid: false
01:23:59.787 [FXGL Background Thread 3 ] DEBUG Engine               - isBrowser: false
01:23:59.787 [FXGL Background Thread 3 ] DEBUG Engine               - isClickFeedbackEnabled: false
01:23:59.787 [FXGL Background Thread 3 ] DEBUG Engine               - isCloseConfirmation: false
01:23:59.787 [FXGL Background Thread 3 ] DEBUG Engine               - isDesktop: true
01:23:59.787 [FXGL Background Thread 3 ] DEBUG Engine               - isDeveloperMenuEnabled: false
01:23:59.787 [FXGL Background Thread 3 ] DEBUG Engine               - isEmbedded: false
01:23:59.787 [FXGL Background Thread 3 ] DEBUG Engine               - isEntityPreloadEnabled: true
01:23:59.788 [FXGL Background Thread 3 ] DEBUG Engine               - isExperimentalTiledLargeMap: false
01:23:59.788 [FXGL Background Thread 3 ] DEBUG Engine               - isFileSystemWriteAllowed: true
01:23:59.788 [FXGL Background Thread 3 ] DEBUG Engine               - isFullScreenAllowed: false
01:23:59.788 [FXGL Background Thread 3 ] DEBUG Engine               - isFullScreenFromStart: false
01:23:59.788 [FXGL Background Thread 3 ] DEBUG Engine               - isGameMenuEnabled: true
01:23:59.788 [FXGL Background Thread 3 ] DEBUG Engine               - isIOS: false
01:23:59.788 [FXGL Background Thread 3 ] DEBUG Engine               - isIntroEnabled: false
01:23:59.788 [FXGL Background Thread 3 ] DEBUG Engine               - isLinux: false
01:23:59.788 [FXGL Background Thread 3 ] DEBUG Engine               - isMac: false
01:23:59.788 [FXGL Background Thread 3 ] DEBUG Engine               - isMainMenuEnabled: false
01:23:59.788 [FXGL Background Thread 3 ] DEBUG Engine               - isManualResizeEnabled: false
01:23:59.788 [FXGL Background Thread 3 ] DEBUG Engine               - isMobile: false
01:23:59.788 [FXGL Background Thread 3 ] DEBUG Engine               - isNative: false
01:23:59.788 [FXGL Background Thread 3 ] DEBUG Engine               - isPauseMusicWhenMinimized: true
01:23:59.788 [FXGL Background Thread 3 ] DEBUG Engine               - isPreserveResizeRatio: false
01:23:59.788 [FXGL Background Thread 3 ] DEBUG Engine               - isProfilingEnabled: false
01:23:59.788 [FXGL Background Thread 3 ] DEBUG Engine               - isScaleAffectedOnResize: true
01:23:59.788 [FXGL Background Thread 3 ] DEBUG Engine               - isSingleStep: false
01:23:59.788 [FXGL Background Thread 3 ] DEBUG Engine               - isUserProfileEnabled: false
01:23:59.789 [FXGL Background Thread 3 ] DEBUG Engine               - isWindows: true
01:23:59.789 [FXGL Background Thread 3 ] DEBUG Engine               - language: ObjectProperty [value: ENGLISH]
01:23:59.789 [FXGL Background Thread 3 ] DEBUG Engine               - menuKey: ESCAPE
01:23:59.789 [FXGL Background Thread 3 ] DEBUG Engine               - mouseSensitivity: 0.2
01:23:59.789 [FXGL Background Thread 3 ] DEBUG Engine               - notificationViewClass: class com.almasb.fxgl.notification.view.XboxNotificationView
01:23:59.789 [FXGL Background Thread 3 ] DEBUG Engine               - pixelsPerMeter: 50.0
01:23:59.790 [FXGL Background Thread 3 ] DEBUG Engine               - platform: WINDOWS
01:23:59.791 [FXGL Background Thread 3 ] DEBUG Engine               - prefHeightProperty: ReadOnlyDoubleProperty [value: 600.0]
01:23:59.791 [FXGL Background Thread 3 ] DEBUG Engine               - prefWidthProperty: ReadOnlyDoubleProperty [value: 800.0]
01:23:59.791 [FXGL Background Thread 3 ] DEBUG Engine               - profileDir: profiles/
01:23:59.791 [FXGL Background Thread 3 ] DEBUG Engine               - profileName: StringProperty [value: DEFAULT]
01:23:59.791 [FXGL Background Thread 3 ] DEBUG Engine               - randomSeed: -1
01:23:59.792 [FXGL Background Thread 3 ] DEBUG Engine               - runtimeInfo: RuntimeInfo(platform=WINDOWS, version=21.1, build=26.03.2024 17.33)
01:23:59.793 [FXGL Background Thread 3 ] DEBUG Engine               - saveFileExt: sav
01:23:59.793 [FXGL Background Thread 3 ] DEBUG Engine               - scaledHeightProp$fxgl: DoubleProperty [bound, value: 600.0]
01:23:59.793 [FXGL Background Thread 3 ] DEBUG Engine               - scaledWidthProp$fxgl: DoubleProperty [bound, value: 800.0]
01:23:59.793 [FXGL Background Thread 3 ] DEBUG Engine               - sceneFactory: com.almasb.fxgl.app.scene.SceneFactory@78bc4ef6
01:23:59.793 [FXGL Background Thread 3 ] DEBUG Engine               - secondsIn24h: 60
01:23:59.794 [FXGL Background Thread 3 ] DEBUG Engine               - soundMenuBack: menu/back.wav
01:23:59.794 [FXGL Background Thread 3 ] DEBUG Engine               - soundMenuPress: menu/press.wav
01:23:59.794 [FXGL Background Thread 3 ] DEBUG Engine               - soundMenuSelect: menu/select.wav
01:23:59.794 [FXGL Background Thread 3 ] DEBUG Engine               - soundNotification: core/notification.wav
01:23:59.794 [FXGL Background Thread 3 ] DEBUG Engine               - stageStyle: DECORATED
01:23:59.794 [FXGL Background Thread 3 ] DEBUG Engine               - supportedLanguages: [ENGLISH, FRENCH, GERMAN, HUNGARIAN, RUSSIAN]
01:23:59.794 [FXGL Background Thread 3 ] DEBUG Engine               - ticksPerSecond: -1
01:23:59.794 [FXGL Background Thread 3 ] DEBUG Engine               - title: Among Us UNEG
01:23:59.794 [FXGL Background Thread 3 ] DEBUG Engine               - urlGithub: https://github.com/AlmasB/FXGL
01:23:59.794 [FXGL Background Thread 3 ] DEBUG Engine               - urlLeaderboard: http://fxgl-top.herokuapp.com/
01:23:59.794 [FXGL Background Thread 3 ] DEBUG Engine               - urlPOM: https://raw.githubusercontent.com/AlmasB/FXGL/release/README.md
01:23:59.794 [FXGL Background Thread 3 ] DEBUG Engine               - userAppClass: class main.java.amongUs.AppPrincipal
01:23:59.794 [FXGL Background Thread 3 ] DEBUG Engine               - version: 0.0
01:23:59.794 [FXGL Background Thread 3 ] DEBUG Engine               - versionCheckDays: 7
01:23:59.794 [FXGL Background Thread 3 ] DEBUG Engine               - width: 800
01:23:59.794 [FXGL Background Thread 3 ] DEBUG Engine               - Logging services
01:23:59.794 [FXGL Background Thread 3 ] DEBUG Engine               - class com.almasb.fxgl.app.services.FXGLAssetLoaderService
01:23:59.794 [FXGL Background Thread 3 ] DEBUG Engine               - class com.almasb.fxgl.app.FXGLApplication$GameApplicationService
01:23:59.794 [FXGL Background Thread 3 ] DEBUG Engine               - class com.almasb.fxgl.app.services.FXGLDialogService
01:23:59.795 [FXGL Background Thread 3 ] DEBUG Engine               - class com.almasb.fxgl.app.services.IOTaskExecutorService
01:23:59.795 [FXGL Background Thread 3 ] DEBUG Engine               - class com.almasb.fxgl.io.FileSystemService
01:23:59.795 [FXGL Background Thread 3 ] DEBUG Engine               - class com.almasb.fxgl.localization.LocalizationService
01:23:59.795 [FXGL Background Thread 3 ] DEBUG Engine               - class com.almasb.fxgl.app.services.SystemBundleService
01:23:59.795 [FXGL Background Thread 3 ] DEBUG Engine               - class com.almasb.fxgl.profile.SaveLoadService
01:23:59.795 [FXGL Background Thread 3 ] DEBUG Engine               - class com.almasb.fxgl.ui.FXGLUIFactoryServiceProvider
01:23:59.795 [FXGL Background Thread 3 ] DEBUG Engine               - class com.almasb.fxgl.ui.FXGLDialogFactoryServiceProvider
01:23:59.796 [FXGL Background Thread 3 ] DEBUG Engine               - class com.almasb.fxgl.audio.AudioPlayer
01:23:59.796 [FXGL Background Thread 3 ] DEBUG Engine               - class com.almasb.fxgl.notification.impl.NotificationServiceProvider
01:23:59.796 [FXGL Background Thread 3 ] DEBUG Engine               - class com.almasb.fxgl.achievement.AchievementService
01:23:59.796 [FXGL Background Thread 3 ] DEBUG Engine               - class com.almasb.fxgl.cutscene.CutsceneService
01:23:59.796 [FXGL Background Thread 3 ] DEBUG Engine               - class com.almasb.fxgl.minigames.MiniGameService
01:23:59.796 [FXGL Background Thread 3 ] DEBUG Engine               - class com.almasb.fxgl.net.NetService
01:23:59.796 [FXGL Background Thread 3 ] DEBUG Engine               - class com.almasb.fxgl.app.services.UpdaterService
01:23:59.796 [FXGL Background Thread 3 ] DEBUG Engine               - class com.almasb.fxgl.dev.DevService
01:26:01.680 [JavaFX Application Thread] DEBUG FXGLApplication      - Exiting FXGL
01:26:01.680 [JavaFX Application Thread] DEBUG LoopRunner           - Stopping loop
01:26:01.680 [JavaFX Application Thread] DEBUG SystemBundleService  - Saving FXGL system data
01:26:01.685 [JavaFX Application Thread] DEBUG FileSystemAccess     - Writing to: C:\Users\josue\OneDrive\Desktop\proyecto java\Among Us\system\fxgl.bundle
01:26:01.688 [JavaFX Application Thread] DEBUG Async                - Shutting down background threads
01:26:01.689 [JavaFX Application Thread] DEBUG PrimaryStageWindow   - Closing main window
01:26:01.791 [JavaFX Application Thread] DEBUG Logger               - Closing Logger
