21:32:21.624 [main                     ] DEBUG Logger               - Configured Logger
21:32:21.631 [main                     ] DEBUG GameApplication      - Logging settings
Title: Among Us UNEG
Version: 0.0
Width: 800
Height: 600
Fullscreen: false
Intro: false
Profiling: false
Single step:false
App Mode: DEVELOPER
Menu Key: ESCAPE
Stage Style: DECORATED
Scene Factory: class com.almasb.fxgl.app.scene.SceneFactory

21:32:22.087 [JavaFX Application Thread] DEBUG FXGLApplication      - Initializing FXGL
21:32:22.089 [JavaFX Application Thread] INFO  Engine               - FXGL-21.1 (26.03.2024 17.33) on WINDOWS (J:25.0.2 FX:21.0.1)
21:32:22.089 [JavaFX Application Thread] DEBUG Engine               - JRE Vendor Name: Oracle Corporation
21:32:22.089 [JavaFX Application Thread] DEBUG Engine               - Running on OS: Windows 11 version 10.0
21:32:22.089 [JavaFX Application Thread] DEBUG Engine               - Architecture: amd64
21:32:22.089 [JavaFX Application Thread] INFO  Engine               - Source code and latest versions at: https://github.com/AlmasB/FXGL
21:32:22.089 [JavaFX Application Thread] INFO  Engine               -       Ask questions and discuss at: https://github.com/AlmasB/FXGL/discussions
21:32:22.090 [JavaFX Application Thread] INFO  Engine               -              Join the FXGL chat at: https://gitter.im/AlmasB/FXGL
21:32:22.174 [JavaFX Application Thread] DEBUG PrimaryStageWindow   - Creating a JavaFX scene
21:32:22.213 [JavaFX Application Thread] DEBUG PrimaryStageWindow   - Target settings size: 800.0 x 600.0
21:32:22.215 [JavaFX Application Thread] DEBUG PrimaryStageWindow   - Scaled scene size:    800.0 x 600.0
21:32:22.215 [JavaFX Application Thread] DEBUG PrimaryStageWindow   - Scaled ratio: (1.0, 1.0)
21:32:22.216 [JavaFX Application Thread] DEBUG PrimaryStageWindow   - Set initial scene to FXGLStartupScene
21:32:22.218 [JavaFX Application Thread] DEBUG PrimaryStageWindow   - Opening main window
21:32:22.302 [JavaFX Application Thread] DEBUG PrimaryStageWindow   - Window border size: (14.66668701171875, 37.33331298828125)
21:32:22.302 [JavaFX Application Thread] DEBUG PrimaryStageWindow   - Scaled size: 800.0 x 600.0
21:32:22.302 [JavaFX Application Thread] DEBUG PrimaryStageWindow   - Scaled ratio: (1.0, 1.0)
21:32:22.302 [JavaFX Application Thread] DEBUG PrimaryStageWindow   - Scene size: 800.0 x 600.0
21:32:22.302 [JavaFX Application Thread] DEBUG PrimaryStageWindow   - Stage size: 814.6666870117188 x 637.3333129882812
21:32:22.312 [FXGL Background Thread 1 ] DEBUG Engine               - Initializing environment variables
21:32:22.376 [FXGL Background Thread 1 ] DEBUG FXGLAssetLoaderServi - User app class for loading assets: class main.java.amongUs.AppPrincipal
21:32:22.376 [FXGL Background Thread 1 ] DEBUG GameApplicationServi - Applying CSS: fxgl_dark.css
21:32:22.377 [FXGL Background Thread 1 ] DEBUG FXGLAssetLoaderServi - Loading from file system: jar:file:/C:/Users/nicol/Desktop/amongu/lib/fxgl-21.1-uber.jar!/fxglassets/ui/css/fxgl_dark.css
21:32:22.412 [FXGL Background Thread 1 ] DEBUG GameApplicationServi - Initializing application scenes
21:32:22.450 [FXGL Background Thread 1 ] DEBUG GameWorld            - Game world initialized
21:32:22.495 [FXGL Background Thread 1 ] DEBUG PhysicsWorld         - Physics world initialized: appHeight=600, physics.ppm=50,0
21:32:22.495 [FXGL Background Thread 1 ] DEBUG PhysicsWorld         - Using strategy: BRUTE_FORCE
21:32:22.498 [FXGL Background Thread 1 ] DEBUG GameScene            - Game scene initialized: 800x600
21:32:22.509 [FXGL Background Thread 1 ] DEBUG FXGL.DefaultMenu     - createMenuBodyGameMenu()
21:32:22.520 [FXGL Background Thread 1 ] DEBUG FXGL.DefaultMenu     - createOptionsMenu()
21:32:22.529 [FXGL Background Thread 1 ] DEBUG FXGLAssetLoaderServi - Loading from file system: jar:file:/C:/Users/nicol/Desktop/amongu/lib/fxgl-21.1-uber.jar!/fxglassets/textures/particles/smoke.png
21:32:22.607 [FXGL Background Thread 1 ] DEBUG FXGLAssetLoaderServi - Loading from file system: jar:file:/C:/Users/nicol/Desktop/amongu/lib/fxgl-21.1-uber.jar!/fxglassets/textures/particles/trace_horizontal.png
21:32:22.626 [FXGL Background Thread 1 ] DEBUG GameApplicationServi - Application scenes initialized
21:32:22.637 [FXGL Background Thread 1 ] DEBUG SystemBundleService  - Loading FXGL system data
21:32:22.639 [FXGL Background Thread 1 ] DEBUG FileSystemAccess     - Reading from: C:\Users\nicol\Desktop\amongu\system\fxgl.bundle
21:32:22.644 [FXGL Background Thread 1 ] DEBUG SystemBundleService  - Bundle FXGL: {}
21:32:22.644 [FXGL Background Thread 1 ] DEBUG UpdaterService       - Checking for updates
21:32:22.648 [FXGL Background Thread 4 ] DEBUG FXGLApplication      - Loading fonts
21:32:22.649 [FXGL Background Thread 4 ] DEBUG FXGLAssetLoaderServi - Loading from file system: jar:file:/C:/Users/nicol/Desktop/amongu/lib/fxgl-21.1-uber.jar!/fxglassets/ui/fonts/VarelaRound-Regular.ttf
21:32:22.649 [FXGL Background Thread 1 ] DEBUG FXGLApplication      - Loading default localization
21:32:22.650 [FXGL Background Thread 1 ] DEBUG FXGLAssetLoaderServi - Loading from file system: jar:file:/C:/Users/nicol/Desktop/amongu/lib/fxgl-21.1-uber.jar!/fxglassets/languages/english.lang
21:32:22.667 [FXGL Background Thread 1 ] INFO  FXGLApplication      - FXGL initialization took: 0,354 sec
21:32:22.675 [JavaFX Application Thread] DEBUG Input                - Registered new binding: Mover Arriba - W
21:32:22.675 [JavaFX Application Thread] DEBUG Input                - Registered new binding: Mover Abajo - S
21:32:22.675 [JavaFX Application Thread] DEBUG Input                - Registered new binding: Mover Izquierda - A
21:32:22.675 [JavaFX Application Thread] DEBUG Input                - Registered new binding: Mover Derecha - D
21:32:22.675 [JavaFX Application Thread] DEBUG Input                - Registered new binding: Abrir Camaras - C
21:32:22.675 [JavaFX Application Thread] DEBUG Input                - Registered new binding: Usar Alcantarilla - Space
21:32:22.675 [JavaFX Application Thread] DEBUG Input                - Registered new binding: Vent Izquierda - Left
21:32:22.675 [JavaFX Application Thread] DEBUG Input                - Registered new binding: Vent Derecha - Right
21:32:22.675 [JavaFX Application Thread] DEBUG Input                - Registered new binding: Vent Arriba - Up
21:32:22.675 [JavaFX Application Thread] DEBUG Input                - Registered new binding: Vent Abajo - Down
21:32:22.675 [JavaFX Application Thread] DEBUG Input                - Registered new binding: Matar Jugador - Q
21:32:22.676 [JavaFX Application Thread] DEBUG FXGLAssetLoaderServi - Loading from file system: file:/C:/Users/nicol/Desktop/amongu/out/production/Among%20Us/assets/textures/icono.png
21:32:22.690 [FXGL Background Thread 4 ] DEBUG FXGLAssetLoaderServi - Loading from file system: jar:file:/C:/Users/nicol/Desktop/amongu/lib/fxgl-21.1-uber.jar!/fxglassets/ui/fonts/Abel-Regular.ttf
21:32:22.695 [FXGL Background Thread 4 ] DEBUG FXGLAssetLoaderServi - Loading from file system: jar:file:/C:/Users/nicol/Desktop/amongu/lib/fxgl-21.1-uber.jar!/fxglassets/ui/fonts/TerminalLandMono-Regular.otf
21:32:22.700 [FXGL Background Thread 4 ] DEBUG FXGLAssetLoaderServi - Loading from file system: jar:file:/C:/Users/nicol/Desktop/amongu/lib/fxgl-21.1-uber.jar!/fxglassets/ui/fonts/Courier-Prime.ttf
21:32:22.701 [JavaFX Application Thread] DEBUG FXGLAssetLoaderServi - Loading from file system: jar:file:/C:/Users/nicol/Desktop/amongu/lib/fxgl-21.1-uber.jar!/fxglassets/textures/fxgl_default_cursor.png
21:32:22.703 [JavaFX Application Thread] DEBUG Input                - Registered new binding: Screenshot - CTRL+8
21:32:22.704 [JavaFX Application Thread] DEBUG Input                - Registered new binding: System info dump - CTRL+9
21:32:22.704 [JavaFX Application Thread] DEBUG Input                - Registered new binding: Restart - CTRL+R
21:32:22.705 [JavaFX Application Thread] DEBUG Input                - Registered new binding: Toggle Debug Camera - CTRL+7
21:32:22.708 [JavaFX Application Thread] DEBUG LoopRunner           - Starting loop
21:32:22.708 [JavaFX Application Thread] DEBUG LoopRunner           - Initializing JavaFX AnimationTimerLoop
21:32:22.710 [JavaFX Application Thread] DEBUG GameApplicationServi - Starting new game
21:32:22.710 [JavaFX Application Thread] DEBUG Input                - Clearing active input actions
21:32:22.723 [JavaFX Application Thread] DEBUG GameApplicationServi - Removing overlay from FXGLStartupScene and adding to FXGLLoadingScene
21:32:22.723 [JavaFX Application Thread] DEBUG PrimaryStageWindow   - FXGLStartupScene -> FXGLLoadingScene
21:32:22.723 [JavaFX Application Thread] DEBUG GameApplicationServi - Clearing previous game
21:32:22.724 [JavaFX Application Thread] DEBUG GameScene            - Clearing game scene
21:32:22.724 [JavaFX Application Thread] DEBUG GameWorld            - Clearing game world
21:32:22.724 [JavaFX Application Thread] DEBUG PhysicsWorld         - Clearing physics world
21:32:22.726 [FXGL Background Thread 4 ] DEBUG FXGLApplication      - Initializing game
21:32:22.726 [JavaFX Application Thread] DEBUG FXGLApplication      - Registering font factories with UI factory
21:32:22.732 [FXGL Background Thread 4 ] DEBUG FXGLAssetLoaderServi - Loading from file system: file:/C:/Users/nicol/Desktop/amongu/out/production/Among%20Us/assets/music/musicaMenu.mp3
21:32:22.852 [FXGL Background Thread 4 ] DEBUG AudioPlayer          - Playing music com.almasb.fxgl.audio.Music@3775b1c9
21:32:23.117 [FXGL Background Thread 4 ] INFO  FXGLApplication      - Game initialization took: 0,392 sec
21:32:23.232 [JavaFX Application Thread] DEBUG Input                - Clearing active input actions
21:32:23.242 [JavaFX Application Thread] DEBUG GameApplicationServi - Removing overlay from FXGLLoadingScene and adding to GameScene
21:32:23.242 [JavaFX Application Thread] DEBUG PrimaryStageWindow   - FXGLLoadingScene -> GameScene
21:32:23.429 [FXGL Background Thread 2 ] INFO  UpdaterService       - Your current version:  21.1
21:32:23.429 [FXGL Background Thread 2 ] INFO  UpdaterService       - Latest stable version: 25
21:32:25.646 [FXGL Background Thread 3 ] DEBUG Engine               - Logging environment variables
21:32:25.647 [FXGL Background Thread 3 ] DEBUG Engine               - achievements: []
21:32:25.647 [FXGL Background Thread 3 ] DEBUG Engine               - actualHeight: 600.0
21:32:25.647 [FXGL Background Thread 3 ] DEBUG Engine               - actualHeightProperty: ReadOnlyDoubleProperty [value: 600.0]
21:32:25.647 [FXGL Background Thread 3 ] DEBUG Engine               - actualWidth: 800.0
21:32:25.647 [FXGL Background Thread 3 ] DEBUG Engine               - actualWidthProperty: ReadOnlyDoubleProperty [value: 800.0]
21:32:25.648 [FXGL Background Thread 3 ] DEBUG Engine               - appIcon: icono.png
21:32:25.648 [FXGL Background Thread 3 ] DEBUG Engine               - applicationMode: DEVELOPER
21:32:25.648 [FXGL Background Thread 3 ] DEBUG Engine               - cSSList: [fxgl_dark.css]
21:32:25.648 [FXGL Background Thread 3 ] DEBUG Engine               - collisionDetectionStrategy: BRUTE_FORCE
21:32:25.648 [FXGL Background Thread 3 ] DEBUG Engine               - configClass: Optional.empty
21:32:25.648 [FXGL Background Thread 3 ] DEBUG Engine               - credits: []
21:32:25.648 [FXGL Background Thread 3 ] DEBUG Engine               - defaultCursor: CursorInfo(imageName=fxgl_default_cursor.png, hotspotX=7.0, hotspotY=6.0)
21:32:25.648 [FXGL Background Thread 3 ] DEBUG Engine               - devBBoxColorProperty: ObjectProperty [value: 0xff0000ff]
21:32:25.648 [FXGL Background Thread 3 ] DEBUG Engine               - devEnableDebugCameraProperty: BooleanProperty [value: false]
21:32:25.649 [FXGL Background Thread 3 ] DEBUG Engine               - devSensorColorProperty: ObjectProperty [value: 0xffff00ff]
21:32:25.649 [FXGL Background Thread 3 ] DEBUG Engine               - devShowBBoxProperty: BooleanProperty [value: false]
21:32:25.649 [FXGL Background Thread 3 ] DEBUG Engine               - devShowPositionProperty: BooleanProperty [value: false]
21:32:25.649 [FXGL Background Thread 3 ] DEBUG Engine               - enabledMenuItems: []
21:32:25.649 [FXGL Background Thread 3 ] DEBUG Engine               - engineServices: [class com.almasb.fxgl.app.services.FXGLAssetLoaderService, class com.almasb.fxgl.app.FXGLApplication$GameApplicationService, class com.almasb.fxgl.app.services.FXGLDialogService, class com.almasb.fxgl.app.services.IOTaskExecutorService, class com.almasb.fxgl.io.FileSystemService, class com.almasb.fxgl.localization.LocalizationService, class com.almasb.fxgl.app.services.SystemBundleService, class com.almasb.fxgl.profile.SaveLoadService, class com.almasb.fxgl.ui.FXGLUIFactoryServiceProvider, class com.almasb.fxgl.ui.FXGLDialogFactoryServiceProvider, class com.almasb.fxgl.audio.AudioPlayer, class com.almasb.fxgl.notification.impl.NotificationServiceProvider, class com.almasb.fxgl.achievement.AchievementService, class com.almasb.fxgl.cutscene.CutsceneService, class com.almasb.fxgl.minigames.MiniGameService, class com.almasb.fxgl.net.NetService, class com.almasb.fxgl.app.services.UpdaterService, class com.almasb.fxgl.dev.DevService]
21:32:25.649 [FXGL Background Thread 3 ] DEBUG Engine               - fontGame: Abel-Regular.ttf
21:32:25.649 [FXGL Background Thread 3 ] DEBUG Engine               - fontMono: TerminalLandMono-Regular.otf
21:32:25.649 [FXGL Background Thread 3 ] DEBUG Engine               - fontSizeScaleUI: 1.0
21:32:25.649 [FXGL Background Thread 3 ] DEBUG Engine               - fontText: Courier-Prime.ttf
21:32:25.649 [FXGL Background Thread 3 ] DEBUG Engine               - fontUI: VarelaRound-Regular.ttf
21:32:25.649 [FXGL Background Thread 3 ] DEBUG Engine               - fullScreen: BooleanProperty [value: false]
21:32:25.649 [FXGL Background Thread 3 ] DEBUG Engine               - gameDifficulty: MEDIUM
21:32:25.649 [FXGL Background Thread 3 ] DEBUG Engine               - gameDifficultyProperty: ObjectProperty [value: MEDIUM]
21:32:25.649 [FXGL Background Thread 3 ] DEBUG Engine               - globalMusicVolume: 0.5
21:32:25.650 [FXGL Background Thread 3 ] DEBUG Engine               - globalMusicVolumeProperty: DoubleProperty [value: 0.4]
21:32:25.650 [FXGL Background Thread 3 ] DEBUG Engine               - globalSoundVolume: 0.5
21:32:25.650 [FXGL Background Thread 3 ] DEBUG Engine               - globalSoundVolumeProperty: DoubleProperty [value: 0.5]
21:32:25.650 [FXGL Background Thread 3 ] DEBUG Engine               - height: 600
21:32:25.650 [FXGL Background Thread 3 ] DEBUG Engine               - is3D: false
21:32:25.650 [FXGL Background Thread 3 ] DEBUG Engine               - isAndroid: false
21:32:25.650 [FXGL Background Thread 3 ] DEBUG Engine               - isBrowser: false
21:32:25.650 [FXGL Background Thread 3 ] DEBUG Engine               - isClickFeedbackEnabled: false
21:32:25.650 [FXGL Background Thread 3 ] DEBUG Engine               - isCloseConfirmation: false
21:32:25.650 [FXGL Background Thread 3 ] DEBUG Engine               - isDesktop: true
21:32:25.650 [FXGL Background Thread 3 ] DEBUG Engine               - isDeveloperMenuEnabled: false
21:32:25.650 [FXGL Background Thread 3 ] DEBUG Engine               - isEmbedded: false
21:32:25.650 [FXGL Background Thread 3 ] DEBUG Engine               - isEntityPreloadEnabled: true
21:32:25.650 [FXGL Background Thread 3 ] DEBUG Engine               - isExperimentalTiledLargeMap: false
21:32:25.650 [FXGL Background Thread 3 ] DEBUG Engine               - isFileSystemWriteAllowed: true
21:32:25.650 [FXGL Background Thread 3 ] DEBUG Engine               - isFullScreenAllowed: false
21:32:25.650 [FXGL Background Thread 3 ] DEBUG Engine               - isFullScreenFromStart: false
21:32:25.650 [FXGL Background Thread 3 ] DEBUG Engine               - isGameMenuEnabled: true
21:32:25.650 [FXGL Background Thread 3 ] DEBUG Engine               - isIOS: false
21:32:25.650 [FXGL Background Thread 3 ] DEBUG Engine               - isIntroEnabled: false
21:32:25.650 [FXGL Background Thread 3 ] DEBUG Engine               - isLinux: false
21:32:25.650 [FXGL Background Thread 3 ] DEBUG Engine               - isMac: false
21:32:25.650 [FXGL Background Thread 3 ] DEBUG Engine               - isMainMenuEnabled: false
21:32:25.650 [FXGL Background Thread 3 ] DEBUG Engine               - isManualResizeEnabled: false
21:32:25.651 [FXGL Background Thread 3 ] DEBUG Engine               - isMobile: false
21:32:25.651 [FXGL Background Thread 3 ] DEBUG Engine               - isNative: false
21:32:25.651 [FXGL Background Thread 3 ] DEBUG Engine               - isPauseMusicWhenMinimized: true
21:32:25.651 [FXGL Background Thread 3 ] DEBUG Engine               - isPreserveResizeRatio: false
21:32:25.651 [FXGL Background Thread 3 ] DEBUG Engine               - isProfilingEnabled: false
21:32:25.651 [FXGL Background Thread 3 ] DEBUG Engine               - isScaleAffectedOnResize: true
21:32:25.651 [FXGL Background Thread 3 ] DEBUG Engine               - isSingleStep: false
21:32:25.651 [FXGL Background Thread 3 ] DEBUG Engine               - isUserProfileEnabled: false
21:32:25.651 [FXGL Background Thread 3 ] DEBUG Engine               - isWindows: true
21:32:25.651 [FXGL Background Thread 3 ] DEBUG Engine               - language: ObjectProperty [value: ENGLISH]
21:32:25.651 [FXGL Background Thread 3 ] DEBUG Engine               - menuKey: ESCAPE
21:32:25.651 [FXGL Background Thread 3 ] DEBUG Engine               - mouseSensitivity: 0.2
21:32:25.651 [FXGL Background Thread 3 ] DEBUG Engine               - notificationViewClass: class com.almasb.fxgl.notification.view.XboxNotificationView
21:32:25.651 [FXGL Background Thread 3 ] DEBUG Engine               - pixelsPerMeter: 50.0
21:32:25.651 [FXGL Background Thread 3 ] DEBUG Engine               - platform: WINDOWS
21:32:25.651 [FXGL Background Thread 3 ] DEBUG Engine               - prefHeightProperty: ReadOnlyDoubleProperty [value: 600.0]
21:32:25.651 [FXGL Background Thread 3 ] DEBUG Engine               - prefWidthProperty: ReadOnlyDoubleProperty [value: 800.0]
21:32:25.651 [FXGL Background Thread 3 ] DEBUG Engine               - profileDir: profiles/
21:32:25.651 [FXGL Background Thread 3 ] DEBUG Engine               - profileName: StringProperty [value: DEFAULT]
21:32:25.651 [FXGL Background Thread 3 ] DEBUG Engine               - randomSeed: -1
21:32:25.651 [FXGL Background Thread 3 ] DEBUG Engine               - runtimeInfo: RuntimeInfo(platform=WINDOWS, version=21.1, build=26.03.2024 17.33)
21:32:25.651 [FXGL Background Thread 3 ] DEBUG Engine               - saveFileExt: sav
21:32:25.651 [FXGL Background Thread 3 ] DEBUG Engine               - scaledHeightProp$fxgl: DoubleProperty [bound, value: 600.0]
21:32:25.651 [FXGL Background Thread 3 ] DEBUG Engine               - scaledWidthProp$fxgl: DoubleProperty [bound, value: 800.0]
21:32:25.651 [FXGL Background Thread 3 ] DEBUG Engine               - sceneFactory: com.almasb.fxgl.app.scene.SceneFactory@19ad5178
21:32:25.651 [FXGL Background Thread 3 ] DEBUG Engine               - secondsIn24h: 60
21:32:25.651 [FXGL Background Thread 3 ] DEBUG Engine               - soundMenuBack: menu/back.wav
21:32:25.651 [FXGL Background Thread 3 ] DEBUG Engine               - soundMenuPress: menu/press.wav
21:32:25.651 [FXGL Background Thread 3 ] DEBUG Engine               - soundMenuSelect: menu/select.wav
21:32:25.651 [FXGL Background Thread 3 ] DEBUG Engine               - soundNotification: core/notification.wav
21:32:25.652 [FXGL Background Thread 3 ] DEBUG Engine               - stageStyle: DECORATED
21:32:25.652 [FXGL Background Thread 3 ] DEBUG Engine               - supportedLanguages: [ENGLISH, FRENCH, GERMAN, HUNGARIAN, RUSSIAN]
21:32:25.652 [FXGL Background Thread 3 ] DEBUG Engine               - ticksPerSecond: -1
21:32:25.652 [FXGL Background Thread 3 ] DEBUG Engine               - title: Among Us UNEG
21:32:25.652 [FXGL Background Thread 3 ] DEBUG Engine               - urlGithub: https://github.com/AlmasB/FXGL
21:32:25.652 [FXGL Background Thread 3 ] DEBUG Engine               - urlLeaderboard: http://fxgl-top.herokuapp.com/
21:32:25.652 [FXGL Background Thread 3 ] DEBUG Engine               - urlPOM: https://raw.githubusercontent.com/AlmasB/FXGL/release/README.md
21:32:25.652 [FXGL Background Thread 3 ] DEBUG Engine               - userAppClass: class main.java.amongUs.AppPrincipal
21:32:25.652 [FXGL Background Thread 3 ] DEBUG Engine               - version: 0.0
21:32:25.652 [FXGL Background Thread 3 ] DEBUG Engine               - versionCheckDays: 7
21:32:25.652 [FXGL Background Thread 3 ] DEBUG Engine               - width: 800
21:32:25.652 [FXGL Background Thread 3 ] DEBUG Engine               - Logging services
21:32:25.652 [FXGL Background Thread 3 ] DEBUG Engine               - class com.almasb.fxgl.app.services.FXGLAssetLoaderService
21:32:25.652 [FXGL Background Thread 3 ] DEBUG Engine               - class com.almasb.fxgl.app.FXGLApplication$GameApplicationService
21:32:25.652 [FXGL Background Thread 3 ] DEBUG Engine               - class com.almasb.fxgl.app.services.FXGLDialogService
21:32:25.652 [FXGL Background Thread 3 ] DEBUG Engine               - class com.almasb.fxgl.app.services.IOTaskExecutorService
21:32:25.652 [FXGL Background Thread 3 ] DEBUG Engine               - class com.almasb.fxgl.io.FileSystemService
21:32:25.652 [FXGL Background Thread 3 ] DEBUG Engine               - class com.almasb.fxgl.localization.LocalizationService
21:32:25.652 [FXGL Background Thread 3 ] DEBUG Engine               - class com.almasb.fxgl.app.services.SystemBundleService
21:32:25.652 [FXGL Background Thread 3 ] DEBUG Engine               - class com.almasb.fxgl.profile.SaveLoadService
21:32:25.652 [FXGL Background Thread 3 ] DEBUG Engine               - class com.almasb.fxgl.ui.FXGLUIFactoryServiceProvider
21:32:25.652 [FXGL Background Thread 3 ] DEBUG Engine               - class com.almasb.fxgl.ui.FXGLDialogFactoryServiceProvider
21:32:25.652 [FXGL Background Thread 3 ] DEBUG Engine               - class com.almasb.fxgl.audio.AudioPlayer
21:32:25.652 [FXGL Background Thread 3 ] DEBUG Engine               - class com.almasb.fxgl.notification.impl.NotificationServiceProvider
21:32:25.652 [FXGL Background Thread 3 ] DEBUG Engine               - class com.almasb.fxgl.achievement.AchievementService
21:32:25.652 [FXGL Background Thread 3 ] DEBUG Engine               - class com.almasb.fxgl.cutscene.CutsceneService
21:32:25.652 [FXGL Background Thread 3 ] DEBUG Engine               - class com.almasb.fxgl.minigames.MiniGameService
21:32:25.652 [FXGL Background Thread 3 ] DEBUG Engine               - class com.almasb.fxgl.net.NetService
21:32:25.652 [FXGL Background Thread 3 ] DEBUG Engine               - class com.almasb.fxgl.app.services.UpdaterService
21:32:25.652 [FXGL Background Thread 3 ] DEBUG Engine               - class com.almasb.fxgl.dev.DevService
21:34:05.864 [JavaFX Application Thread] DEBUG FXGLAssetLoaderServi - Loading from file system: file:/C:/Users/nicol/Desktop/amongu/out/production/Among%20Us/assets/sounds/clickBoton.wav
21:34:10.184 [JavaFX Application Thread] DEBUG FXGLAssetLoaderServi - Loading from file system: file:/C:/Users/nicol/Desktop/amongu/out/production/Among%20Us/assets/textures/tripulante_blanco.png
21:34:13.128 [JavaFX Application Thread] DEBUG FXGLAssetLoaderServi - Loading from file system: file:/C:/Users/nicol/Desktop/amongu/out/production/Among%20Us/assets/textures/tripulante_rojo.png
21:34:14.156 [JavaFX Application Thread] WARN  TMXLevelLoader       - TiledMap generated from 1.11.2. Supported version: 1.9.0. Some features may not be parsed fully.
21:34:14.173 [JavaFX Application Thread] DEBUG TMXLevelLoader       - Parsed TiledMap: file:/C:/Users/nicol/Desktop/amongu/out/production/Among%20Us/assets/levels/mapa1.tmx
21:34:14.174 [JavaFX Application Thread] DEBUG TMXLevelLoader       - Creating tile layer entities
21:34:14.175 [JavaFX Application Thread] DEBUG TilesetLoader        - Loading view for layer fondo
21:34:14.176 [JavaFX Application Thread] DEBUG TilesetLoader        - Created buffer with size 1312.0x960.0
21:34:14.177 [JavaFX Application Thread] WARN  TMXLevelLoader       - Parse error
java.lang.IllegalArgumentException: Tileset for gid=1 not found
	at com.almasb.fxgl.entity.level.tiled.TilesetLoader.findTileset(TilesetLoader.kt:418)
	at com.almasb.fxgl.entity.level.tiled.TilesetLoader.loadView(TilesetLoader.kt:117)
	at com.almasb.fxgl.entity.level.tiled.TMXLevelLoader$createTileLayerEntities$1.invoke(TMXLevelLoader.kt:99)
	at com.almasb.fxgl.entity.level.tiled.TMXLevelLoader$createTileLayerEntities$1.invoke(TMXLevelLoader.kt:88)
	at com.almasb.fxgl.entity.level.tiled.TMXLevelLoader.createTileLayerEntities$lambda$3(TMXLevelLoader.kt:88)
	at java.base/java.util.stream.ReferencePipeline$3$1.accept(ReferencePipeline.java:214)
	at java.base/java.util.ArrayList$ArrayListSpliterator.forEachRemaining(ArrayList.java:1716)
	at java.base/java.util.stream.AbstractPipeline.copyInto(AbstractPipeline.java:570)
	at java.base/java.util.stream.AbstractPipeline.wrapAndCopyInto(AbstractPipeline.java:560)
	at java.base/java.util.stream.ReduceOps$ReduceOp.evaluateSequential(ReduceOps.java:921)
	at java.base/java.util.stream.AbstractPipeline.evaluate(AbstractPipeline.java:265)
	at java.base/java.util.stream.ReferencePipeline.collect(ReferencePipeline.java:723)
	at com.almasb.fxgl.entity.level.tiled.TMXLevelLoader.createTileLayerEntities(TMXLevelLoader.kt:116)
	at com.almasb.fxgl.entity.level.tiled.TMXLevelLoader.load(TMXLevelLoader.kt:58)
	at com.almasb.fxgl.app.services.FXGLAssetLoaderService.loadLevel(FXGLAssetLoaderService.kt:449)
	at com.almasb.fxgl.dsl.FXGL$Companion.setLevelFromMap(FXGL.kt:643)
	at com.almasb.fxgl.dsl.FXGL.setLevelFromMap(FXGL.kt)
	at main.java.amongUs.AppPrincipal.empezarPartida(AppPrincipal.java:413)
	at main.java.amongUs.Cliente$1.lambda$received$2(Cliente.java:60)
	at com.sun.javafx.application.PlatformImpl.lambda$runLater$10(PlatformImpl.java:456)
	at java.base/java.security.AccessController.doPrivileged(AccessController.java:138)
	at com.sun.javafx.application.PlatformImpl.lambda$runLater$11(PlatformImpl.java:455)
	at com.sun.glass.ui.InvokeLaterDispatcher$Future.run(InvokeLaterDispatcher.java:95)
	at com.sun.glass.ui.win.WinApplication._runLoop(Native Method)
	at com.sun.glass.ui.win.WinApplication.lambda$runLoop$3(WinApplication.java:185)
	at java.base/java.lang.Thread.run(Thread.java:1474)

21:34:26.530 [JavaFX Application Thread] DEBUG FXGLApplication      - Exiting FXGL
21:34:26.530 [JavaFX Application Thread] DEBUG LoopRunner           - Stopping loop
21:34:26.531 [JavaFX Application Thread] DEBUG SystemBundleService  - Saving FXGL system data
21:34:26.533 [JavaFX Application Thread] DEBUG FileSystemAccess     - Writing to: C:\Users\nicol\Desktop\amongu\system\fxgl.bundle
21:34:26.536 [JavaFX Application Thread] DEBUG Async                - Shutting down background threads
21:34:26.536 [JavaFX Application Thread] DEBUG PrimaryStageWindow   - Closing main window
21:34:26.551 [JavaFX Application Thread] DEBUG Logger               - Closing Logger
