19:19:37.015 [main                     ] DEBUG Logger               - Configured Logger
19:19:37.040 [main                     ] DEBUG GameApplication      - Logging settings
Title: Among Us UNEG
Version: 0.0
Width: 800
Height: 600
Fullscreen: false
Intro: false
Profiling: false
Single step:false
App Mode: DEVELOPER
Menu Key: ESCAPE
Stage Style: DECORATED
Scene Factory: class com.almasb.fxgl.app.scene.SceneFactory

19:19:38.278 [JavaFX Application Thread] DEBUG FXGLApplication      - Initializing FXGL
19:19:38.291 [JavaFX Application Thread] INFO  Engine               - FXGL-21.1 (26.03.2024 17.33) on WINDOWS (J:25.0.2 FX:21.0.1)
19:19:38.291 [JavaFX Application Thread] DEBUG Engine               - JRE Vendor Name: Oracle Corporation
19:19:38.292 [JavaFX Application Thread] DEBUG Engine               - Running on OS: Windows 11 version 10.0
19:19:38.292 [JavaFX Application Thread] DEBUG Engine               - Architecture: amd64
19:19:38.292 [JavaFX Application Thread] INFO  Engine               - Source code and latest versions at: https://github.com/AlmasB/FXGL
19:19:38.292 [JavaFX Application Thread] INFO  Engine               -       Ask questions and discuss at: https://github.com/AlmasB/FXGL/discussions
19:19:38.292 [JavaFX Application Thread] INFO  Engine               -              Join the FXGL chat at: https://gitter.im/AlmasB/FXGL
19:19:38.574 [JavaFX Application Thread] DEBUG PrimaryStageWindow   - Creating a JavaFX scene
19:19:38.858 [JavaFX Application Thread] DEBUG PrimaryStageWindow   - Target settings size: 800.0 x 600.0
19:19:38.858 [JavaFX Application Thread] DEBUG PrimaryStageWindow   - Scaled scene size:    800.0 x 600.0
19:19:38.859 [JavaFX Application Thread] DEBUG PrimaryStageWindow   - Scaled ratio: (1.0, 1.0)
19:19:38.860 [JavaFX Application Thread] DEBUG PrimaryStageWindow   - Set initial scene to FXGLStartupScene
19:19:38.869 [JavaFX Application Thread] DEBUG PrimaryStageWindow   - Opening main window
19:19:39.110 [JavaFX Application Thread] DEBUG PrimaryStageWindow   - Window border size: (16.0, 39.0)
19:19:39.110 [JavaFX Application Thread] DEBUG PrimaryStageWindow   - Scaled size: 800.0 x 600.0
19:19:39.110 [JavaFX Application Thread] DEBUG PrimaryStageWindow   - Scaled ratio: (1.0, 1.0)
19:19:39.110 [JavaFX Application Thread] DEBUG PrimaryStageWindow   - Scene size: 800.0 x 600.0
19:19:39.110 [JavaFX Application Thread] DEBUG PrimaryStageWindow   - Stage size: 816.0 x 639.0
19:19:39.200 [FXGL Background Thread 1 ] DEBUG Engine               - Initializing environment variables
19:19:39.379 [FXGL Background Thread 1 ] DEBUG FXGLAssetLoaderServi - User app class for loading assets: class main.java.amongUs.AppPrincipal
19:19:39.380 [FXGL Background Thread 1 ] DEBUG GameApplicationServi - Applying CSS: fxgl_dark.css
19:19:39.380 [FXGL Background Thread 1 ] DEBUG FXGLAssetLoaderServi - Loading from file system: jar:file:/C:/Users/josue/OneDrive/Desktop/proyecto%20java/Among%20Us/lib/fxgl-21.1-uber.jar!/fxglassets/ui/css/fxgl_dark.css
19:19:39.647 [FXGL Background Thread 1 ] DEBUG GameApplicationServi - Initializing application scenes
19:19:39.881 [FXGL Background Thread 1 ] DEBUG GameWorld            - Game world initialized
19:19:39.979 [FXGL Background Thread 1 ] DEBUG PhysicsWorld         - Physics world initialized: appHeight=600, physics.ppm=50,0
19:19:39.980 [FXGL Background Thread 1 ] DEBUG PhysicsWorld         - Using strategy: BRUTE_FORCE
19:19:39.990 [FXGL Background Thread 1 ] DEBUG GameScene            - Game scene initialized: 800x600
19:19:40.013 [FXGL Background Thread 1 ] DEBUG FXGL.DefaultMenu     - createMenuBodyGameMenu()
19:19:40.045 [FXGL Background Thread 1 ] DEBUG FXGL.DefaultMenu     - createOptionsMenu()
19:19:40.095 [FXGL Background Thread 1 ] DEBUG FXGLAssetLoaderServi - Loading from file system: jar:file:/C:/Users/josue/OneDrive/Desktop/proyecto%20java/Among%20Us/lib/fxgl-21.1-uber.jar!/fxglassets/textures/particles/smoke.png
19:19:40.380 [FXGL Background Thread 1 ] DEBUG FXGLAssetLoaderServi - Loading from file system: jar:file:/C:/Users/josue/OneDrive/Desktop/proyecto%20java/Among%20Us/lib/fxgl-21.1-uber.jar!/fxglassets/textures/particles/trace_horizontal.png
19:19:40.495 [FXGL Background Thread 1 ] DEBUG GameApplicationServi - Application scenes initialized
19:19:40.527 [FXGL Background Thread 1 ] DEBUG SystemBundleService  - Loading FXGL system data
19:19:40.535 [FXGL Background Thread 1 ] DEBUG FileSystemAccess     - Reading from: C:\Users\josue\OneDrive\Desktop\proyecto java\Among Us\system\fxgl.bundle
19:19:40.548 [FXGL Background Thread 1 ] DEBUG SystemBundleService  - Bundle FXGL: {}
19:19:40.548 [FXGL Background Thread 1 ] DEBUG UpdaterService       - Checking for updates
19:19:40.562 [FXGL Background Thread 1 ] DEBUG FXGLApplication      - Loading default localization
19:19:40.563 [FXGL Background Thread 1 ] DEBUG FXGLAssetLoaderServi - Loading from file system: jar:file:/C:/Users/josue/OneDrive/Desktop/proyecto%20java/Among%20Us/lib/fxgl-21.1-uber.jar!/fxglassets/languages/english.lang
19:19:40.602 [FXGL Background Thread 1 ] INFO  FXGLApplication      - FXGL initialization took: 1,402 sec
19:19:40.611 [FXGL Background Thread 4 ] DEBUG FXGLApplication      - Loading fonts
19:19:40.614 [FXGL Background Thread 4 ] DEBUG FXGLAssetLoaderServi - Loading from file system: jar:file:/C:/Users/josue/OneDrive/Desktop/proyecto%20java/Among%20Us/lib/fxgl-21.1-uber.jar!/fxglassets/ui/fonts/VarelaRound-Regular.ttf
19:19:40.618 [JavaFX Application Thread] DEBUG Input                - Registered new binding: Mover Arriba - W
19:19:40.619 [JavaFX Application Thread] DEBUG Input                - Registered new binding: Mover Abajo - S
19:19:40.619 [JavaFX Application Thread] DEBUG Input                - Registered new binding: Mover Izquierda - A
19:19:40.619 [JavaFX Application Thread] DEBUG Input                - Registered new binding: Mover Derecha - D
19:19:40.619 [JavaFX Application Thread] DEBUG Input                - Registered new binding: Abrir Camaras - C
19:19:40.619 [JavaFX Application Thread] DEBUG Input                - Registered new binding: Usar Alcantarilla - Space
19:19:40.620 [JavaFX Application Thread] DEBUG Input                - Registered new binding: Vent Izquierda - Left
19:19:40.620 [JavaFX Application Thread] DEBUG Input                - Registered new binding: Vent Derecha - Right
19:19:40.620 [JavaFX Application Thread] DEBUG Input                - Registered new binding: Vent Arriba - Up
19:19:40.620 [JavaFX Application Thread] DEBUG Input                - Registered new binding: Vent Abajo - Down
19:19:40.620 [JavaFX Application Thread] DEBUG FXGLAssetLoaderServi - Loading from file system: file:/C:/Users/josue/OneDrive/Desktop/proyecto%20java/Among%20Us/out/production/Among%20Us/assets/textures/icono.png
19:19:40.743 [JavaFX Application Thread] DEBUG FXGLAssetLoaderServi - Loading from file system: jar:file:/C:/Users/josue/OneDrive/Desktop/proyecto%20java/Among%20Us/lib/fxgl-21.1-uber.jar!/fxglassets/textures/fxgl_default_cursor.png
19:19:40.755 [JavaFX Application Thread] DEBUG Input                - Registered new binding: Screenshot - CTRL+8
19:19:40.761 [JavaFX Application Thread] DEBUG Input                - Registered new binding: System info dump - CTRL+9
19:19:40.763 [JavaFX Application Thread] DEBUG Input                - Registered new binding: Restart - CTRL+R
19:19:40.768 [JavaFX Application Thread] DEBUG Input                - Registered new binding: Toggle Debug Camera - CTRL+7
19:19:40.788 [JavaFX Application Thread] DEBUG LoopRunner           - Starting loop
19:19:40.788 [JavaFX Application Thread] DEBUG LoopRunner           - Initializing JavaFX AnimationTimerLoop
19:19:40.791 [JavaFX Application Thread] DEBUG GameApplicationServi - Starting new game
19:19:40.794 [JavaFX Application Thread] DEBUG Input                - Clearing active input actions
19:19:40.995 [JavaFX Application Thread] DEBUG GameApplicationServi - Removing overlay from FXGLStartupScene and adding to FXGLLoadingScene
19:19:40.995 [JavaFX Application Thread] DEBUG PrimaryStageWindow   - FXGLStartupScene -> FXGLLoadingScene
19:19:40.995 [JavaFX Application Thread] DEBUG GameApplicationServi - Clearing previous game
19:19:40.996 [JavaFX Application Thread] DEBUG GameScene            - Clearing game scene
19:19:40.996 [JavaFX Application Thread] DEBUG GameWorld            - Clearing game world
19:19:40.996 [JavaFX Application Thread] DEBUG PhysicsWorld         - Clearing physics world
19:19:41.009 [FXGL Background Thread 1 ] DEBUG FXGLApplication      - Initializing game
19:19:41.027 [FXGL Background Thread 1 ] DEBUG FXGLAssetLoaderServi - Loading from file system: file:/C:/Users/josue/OneDrive/Desktop/proyecto%20java/Among%20Us/out/production/Among%20Us/assets/textures/MonitorDeCamaras.png
19:19:41.706 [FXGL Background Thread 1 ] DEBUG FXGLAssetLoaderServi - Loading from file system: file:/C:/Users/josue/OneDrive/Desktop/proyecto%20java/Among%20Us/out/production/Among%20Us/assets/textures/flechaAmarillaIzq.png
19:19:41.730 [FXGL Background Thread 1 ] DEBUG FXGLAssetLoaderServi - Loading from file system: file:/C:/Users/josue/OneDrive/Desktop/proyecto%20java/Among%20Us/out/production/Among%20Us/assets/textures/flechaAmarillaDer.png
19:19:41.751 [FXGL Background Thread 1 ] DEBUG FXGLAssetLoaderServi - Loading from file system: file:/C:/Users/josue/OneDrive/Desktop/proyecto%20java/Among%20Us/out/production/Among%20Us/assets/music/musicaMenu.mp3
19:19:42.344 [FXGL Background Thread 4 ] DEBUG FXGLAssetLoaderServi - Loading from file system: jar:file:/C:/Users/josue/OneDrive/Desktop/proyecto%20java/Among%20Us/lib/fxgl-21.1-uber.jar!/fxglassets/ui/fonts/Abel-Regular.ttf
19:19:42.359 [FXGL Background Thread 4 ] DEBUG FXGLAssetLoaderServi - Loading from file system: jar:file:/C:/Users/josue/OneDrive/Desktop/proyecto%20java/Among%20Us/lib/fxgl-21.1-uber.jar!/fxglassets/ui/fonts/TerminalLandMono-Regular.otf
19:19:42.375 [FXGL Background Thread 4 ] DEBUG FXGLAssetLoaderServi - Loading from file system: jar:file:/C:/Users/josue/OneDrive/Desktop/proyecto%20java/Among%20Us/lib/fxgl-21.1-uber.jar!/fxglassets/ui/fonts/Courier-Prime.ttf
19:19:42.455 [JavaFX Application Thread] DEBUG FXGLApplication      - Registering font factories with UI factory
19:19:42.549 [FXGL Background Thread 1 ] DEBUG AudioPlayer          - Playing music com.almasb.fxgl.audio.Music@77257ae1
19:19:44.000 [FXGL Background Thread 3 ] DEBUG Engine               - Logging environment variables
19:19:44.010 [FXGL Background Thread 3 ] DEBUG Engine               - achievements: []
19:19:44.014 [FXGL Background Thread 3 ] DEBUG Engine               - actualHeight: 600.0
19:19:44.015 [FXGL Background Thread 3 ] DEBUG Engine               - actualHeightProperty: ReadOnlyDoubleProperty [value: 600.0]
19:19:44.023 [FXGL Background Thread 3 ] DEBUG Engine               - actualWidth: 800.0
19:19:44.024 [FXGL Background Thread 3 ] DEBUG Engine               - actualWidthProperty: ReadOnlyDoubleProperty [value: 800.0]
19:19:44.063 [FXGL Background Thread 3 ] DEBUG Engine               - appIcon: icono.png
19:19:44.063 [FXGL Background Thread 3 ] DEBUG Engine               - applicationMode: DEVELOPER
19:19:44.063 [FXGL Background Thread 3 ] DEBUG Engine               - cSSList: [fxgl_dark.css]
19:19:44.063 [FXGL Background Thread 3 ] DEBUG Engine               - collisionDetectionStrategy: BRUTE_FORCE
19:19:44.063 [FXGL Background Thread 3 ] DEBUG Engine               - configClass: Optional.empty
19:19:44.064 [FXGL Background Thread 3 ] DEBUG Engine               - credits: []
19:19:44.064 [FXGL Background Thread 3 ] DEBUG Engine               - defaultCursor: CursorInfo(imageName=fxgl_default_cursor.png, hotspotX=7.0, hotspotY=6.0)
19:19:44.064 [FXGL Background Thread 3 ] DEBUG Engine               - devBBoxColorProperty: ObjectProperty [value: 0xff0000ff]
19:19:44.064 [FXGL Background Thread 3 ] DEBUG Engine               - devEnableDebugCameraProperty: BooleanProperty [value: false]
19:19:44.064 [FXGL Background Thread 3 ] DEBUG Engine               - devSensorColorProperty: ObjectProperty [value: 0xffff00ff]
19:19:44.064 [FXGL Background Thread 3 ] DEBUG Engine               - devShowBBoxProperty: BooleanProperty [value: false]
19:19:44.114 [FXGL Background Thread 3 ] DEBUG Engine               - devShowPositionProperty: BooleanProperty [value: false]
19:19:44.114 [FXGL Background Thread 3 ] DEBUG Engine               - enabledMenuItems: []
19:19:44.115 [FXGL Background Thread 3 ] DEBUG Engine               - engineServices: [class com.almasb.fxgl.app.services.FXGLAssetLoaderService, class com.almasb.fxgl.app.FXGLApplication$GameApplicationService, class com.almasb.fxgl.app.services.FXGLDialogService, class com.almasb.fxgl.app.services.IOTaskExecutorService, class com.almasb.fxgl.io.FileSystemService, class com.almasb.fxgl.localization.LocalizationService, class com.almasb.fxgl.app.services.SystemBundleService, class com.almasb.fxgl.profile.SaveLoadService, class com.almasb.fxgl.ui.FXGLUIFactoryServiceProvider, class com.almasb.fxgl.ui.FXGLDialogFactoryServiceProvider, class com.almasb.fxgl.audio.AudioPlayer, class com.almasb.fxgl.notification.impl.NotificationServiceProvider, class com.almasb.fxgl.achievement.AchievementService, class com.almasb.fxgl.cutscene.CutsceneService, class com.almasb.fxgl.minigames.MiniGameService, class com.almasb.fxgl.net.NetService, class com.almasb.fxgl.app.services.UpdaterService, class com.almasb.fxgl.dev.DevService]
19:19:44.118 [FXGL Background Thread 3 ] DEBUG Engine               - fontGame: Abel-Regular.ttf
19:19:44.118 [FXGL Background Thread 3 ] DEBUG Engine               - fontMono: TerminalLandMono-Regular.otf
19:19:44.118 [FXGL Background Thread 3 ] DEBUG Engine               - fontSizeScaleUI: 1.0
19:19:44.119 [FXGL Background Thread 3 ] DEBUG Engine               - fontText: Courier-Prime.ttf
19:19:44.119 [FXGL Background Thread 3 ] DEBUG Engine               - fontUI: VarelaRound-Regular.ttf
19:19:44.119 [FXGL Background Thread 3 ] DEBUG Engine               - fullScreen: BooleanProperty [value: false]
19:19:44.119 [FXGL Background Thread 3 ] DEBUG Engine               - gameDifficulty: MEDIUM
19:19:44.119 [FXGL Background Thread 3 ] DEBUG Engine               - gameDifficultyProperty: ObjectProperty [value: MEDIUM]
19:19:44.120 [FXGL Background Thread 3 ] DEBUG Engine               - globalMusicVolume: 0.5
19:19:44.120 [FXGL Background Thread 3 ] DEBUG Engine               - globalMusicVolumeProperty: DoubleProperty [value: 0.4]
19:19:44.120 [FXGL Background Thread 3 ] DEBUG Engine               - globalSoundVolume: 0.5
19:19:44.120 [FXGL Background Thread 3 ] DEBUG Engine               - globalSoundVolumeProperty: DoubleProperty [value: 0.5]
19:19:44.120 [FXGL Background Thread 3 ] DEBUG Engine               - height: 600
19:19:44.120 [FXGL Background Thread 3 ] DEBUG Engine               - is3D: false
19:19:44.121 [FXGL Background Thread 3 ] DEBUG Engine               - isAndroid: false
19:19:44.121 [FXGL Background Thread 3 ] DEBUG Engine               - isBrowser: false
19:19:44.121 [FXGL Background Thread 3 ] DEBUG Engine               - isClickFeedbackEnabled: false
19:19:44.125 [FXGL Background Thread 3 ] DEBUG Engine               - isCloseConfirmation: false
19:19:44.125 [FXGL Background Thread 3 ] DEBUG Engine               - isDesktop: true
19:19:44.127 [FXGL Background Thread 3 ] DEBUG Engine               - isDeveloperMenuEnabled: false
19:19:44.127 [FXGL Background Thread 3 ] DEBUG Engine               - isEmbedded: false
19:19:44.128 [FXGL Background Thread 3 ] DEBUG Engine               - isEntityPreloadEnabled: true
19:19:44.128 [FXGL Background Thread 3 ] DEBUG Engine               - isExperimentalTiledLargeMap: false
19:19:44.128 [FXGL Background Thread 3 ] DEBUG Engine               - isFileSystemWriteAllowed: true
19:19:44.128 [FXGL Background Thread 3 ] DEBUG Engine               - isFullScreenAllowed: false
19:19:44.128 [FXGL Background Thread 3 ] DEBUG Engine               - isFullScreenFromStart: false
19:19:44.128 [FXGL Background Thread 3 ] DEBUG Engine               - isGameMenuEnabled: true
19:19:44.129 [FXGL Background Thread 3 ] DEBUG Engine               - isIOS: false
19:19:44.129 [FXGL Background Thread 3 ] DEBUG Engine               - isIntroEnabled: false
19:19:44.129 [FXGL Background Thread 3 ] DEBUG Engine               - isLinux: false
19:19:44.129 [FXGL Background Thread 3 ] DEBUG Engine               - isMac: false
19:19:44.129 [FXGL Background Thread 3 ] DEBUG Engine               - isMainMenuEnabled: false
19:19:44.129 [FXGL Background Thread 3 ] DEBUG Engine               - isManualResizeEnabled: false
19:19:44.129 [FXGL Background Thread 3 ] DEBUG Engine               - isMobile: false
19:19:44.129 [FXGL Background Thread 3 ] DEBUG Engine               - isNative: false
19:19:44.129 [FXGL Background Thread 3 ] DEBUG Engine               - isPauseMusicWhenMinimized: true
19:19:44.129 [FXGL Background Thread 3 ] DEBUG Engine               - isPreserveResizeRatio: false
19:19:44.129 [FXGL Background Thread 3 ] DEBUG Engine               - isProfilingEnabled: false
19:19:44.129 [FXGL Background Thread 3 ] DEBUG Engine               - isScaleAffectedOnResize: true
19:19:44.129 [FXGL Background Thread 3 ] DEBUG Engine               - isSingleStep: false
19:19:44.129 [FXGL Background Thread 3 ] DEBUG Engine               - isUserProfileEnabled: false
19:19:44.129 [FXGL Background Thread 3 ] DEBUG Engine               - isWindows: true
19:19:44.129 [FXGL Background Thread 3 ] DEBUG Engine               - language: ObjectProperty [value: ENGLISH]
19:19:44.129 [FXGL Background Thread 3 ] DEBUG Engine               - menuKey: ESCAPE
19:19:44.129 [FXGL Background Thread 3 ] DEBUG Engine               - mouseSensitivity: 0.2
19:19:44.129 [FXGL Background Thread 3 ] DEBUG Engine               - notificationViewClass: class com.almasb.fxgl.notification.view.XboxNotificationView
19:19:44.129 [FXGL Background Thread 3 ] DEBUG Engine               - pixelsPerMeter: 50.0
19:19:44.129 [FXGL Background Thread 3 ] DEBUG Engine               - platform: WINDOWS
19:19:44.129 [FXGL Background Thread 3 ] DEBUG Engine               - prefHeightProperty: ReadOnlyDoubleProperty [value: 600.0]
19:19:44.130 [FXGL Background Thread 3 ] DEBUG Engine               - prefWidthProperty: ReadOnlyDoubleProperty [value: 800.0]
19:19:44.130 [FXGL Background Thread 3 ] DEBUG Engine               - profileDir: profiles/
19:19:44.130 [FXGL Background Thread 3 ] DEBUG Engine               - profileName: StringProperty [value: DEFAULT]
19:19:44.130 [FXGL Background Thread 3 ] DEBUG Engine               - randomSeed: -1
19:19:44.130 [FXGL Background Thread 3 ] DEBUG Engine               - runtimeInfo: RuntimeInfo(platform=WINDOWS, version=21.1, build=26.03.2024 17.33)
19:19:44.130 [FXGL Background Thread 3 ] DEBUG Engine               - saveFileExt: sav
19:19:44.130 [FXGL Background Thread 3 ] DEBUG Engine               - scaledHeightProp$fxgl: DoubleProperty [bound, value: 600.0]
19:19:44.130 [FXGL Background Thread 3 ] DEBUG Engine               - scaledWidthProp$fxgl: DoubleProperty [bound, value: 800.0]
19:19:44.130 [FXGL Background Thread 3 ] DEBUG Engine               - sceneFactory: com.almasb.fxgl.app.scene.SceneFactory@53c88b58
19:19:44.130 [FXGL Background Thread 3 ] DEBUG Engine               - secondsIn24h: 60
19:19:44.130 [FXGL Background Thread 3 ] DEBUG Engine               - soundMenuBack: menu/back.wav
19:19:44.130 [FXGL Background Thread 3 ] DEBUG Engine               - soundMenuPress: menu/press.wav
19:19:44.131 [FXGL Background Thread 3 ] DEBUG Engine               - soundMenuSelect: menu/select.wav
19:19:44.131 [FXGL Background Thread 3 ] DEBUG Engine               - soundNotification: core/notification.wav
19:19:44.131 [FXGL Background Thread 3 ] DEBUG Engine               - stageStyle: DECORATED
19:19:44.131 [FXGL Background Thread 3 ] DEBUG Engine               - supportedLanguages: [ENGLISH, FRENCH, GERMAN, HUNGARIAN, RUSSIAN]
19:19:44.131 [FXGL Background Thread 3 ] DEBUG Engine               - ticksPerSecond: -1
19:19:44.131 [FXGL Background Thread 3 ] DEBUG Engine               - title: Among Us UNEG
19:19:44.131 [FXGL Background Thread 3 ] DEBUG Engine               - urlGithub: https://github.com/AlmasB/FXGL
19:19:44.131 [FXGL Background Thread 3 ] DEBUG Engine               - urlLeaderboard: http://fxgl-top.herokuapp.com/
19:19:44.131 [FXGL Background Thread 3 ] DEBUG Engine               - urlPOM: https://raw.githubusercontent.com/AlmasB/FXGL/release/README.md
19:19:44.131 [FXGL Background Thread 3 ] DEBUG Engine               - userAppClass: class main.java.amongUs.AppPrincipal
19:19:44.131 [FXGL Background Thread 3 ] DEBUG Engine               - version: 0.0
19:19:44.131 [FXGL Background Thread 3 ] DEBUG Engine               - versionCheckDays: 7
19:19:44.131 [FXGL Background Thread 3 ] DEBUG Engine               - width: 800
19:19:44.131 [FXGL Background Thread 3 ] DEBUG Engine               - Logging services
19:19:44.132 [FXGL Background Thread 3 ] DEBUG Engine               - class com.almasb.fxgl.app.services.FXGLAssetLoaderService
19:19:44.132 [FXGL Background Thread 3 ] DEBUG Engine               - class com.almasb.fxgl.app.FXGLApplication$GameApplicationService
19:19:44.132 [FXGL Background Thread 3 ] DEBUG Engine               - class com.almasb.fxgl.app.services.FXGLDialogService
19:19:44.132 [FXGL Background Thread 3 ] DEBUG Engine               - class com.almasb.fxgl.app.services.IOTaskExecutorService
19:19:44.132 [FXGL Background Thread 3 ] DEBUG Engine               - class com.almasb.fxgl.io.FileSystemService
19:19:44.132 [FXGL Background Thread 3 ] DEBUG Engine               - class com.almasb.fxgl.localization.LocalizationService
19:19:44.132 [FXGL Background Thread 3 ] DEBUG Engine               - class com.almasb.fxgl.app.services.SystemBundleService
19:19:44.132 [FXGL Background Thread 3 ] DEBUG Engine               - class com.almasb.fxgl.profile.SaveLoadService
19:19:44.132 [FXGL Background Thread 3 ] DEBUG Engine               - class com.almasb.fxgl.ui.FXGLUIFactoryServiceProvider
19:19:44.132 [FXGL Background Thread 3 ] DEBUG Engine               - class com.almasb.fxgl.ui.FXGLDialogFactoryServiceProvider
19:19:44.132 [FXGL Background Thread 3 ] DEBUG Engine               - class com.almasb.fxgl.audio.AudioPlayer
19:19:44.132 [FXGL Background Thread 3 ] DEBUG Engine               - class com.almasb.fxgl.notification.impl.NotificationServiceProvider
19:19:44.132 [FXGL Background Thread 3 ] DEBUG Engine               - class com.almasb.fxgl.achievement.AchievementService
19:19:44.132 [FXGL Background Thread 3 ] DEBUG Engine               - class com.almasb.fxgl.cutscene.CutsceneService
19:19:44.132 [FXGL Background Thread 3 ] DEBUG Engine               - class com.almasb.fxgl.minigames.MiniGameService
19:19:44.132 [FXGL Background Thread 3 ] DEBUG Engine               - class com.almasb.fxgl.net.NetService
19:19:44.132 [FXGL Background Thread 3 ] DEBUG Engine               - class com.almasb.fxgl.app.services.UpdaterService
19:19:44.132 [FXGL Background Thread 3 ] DEBUG Engine               - class com.almasb.fxgl.dev.DevService
19:19:44.856 [FXGL Background Thread 2 ] INFO  UpdaterService       - Your current version:  21.1
19:19:44.856 [FXGL Background Thread 2 ] INFO  UpdaterService       - Latest stable version: 25
19:19:44.989 [FXGL Background Thread 1 ] INFO  FXGLApplication      - Game initialization took: 3,980 sec
19:19:45.710 [JavaFX Application Thread] DEBUG Input                - Clearing active input actions
19:19:45.748 [JavaFX Application Thread] DEBUG GameApplicationServi - Removing overlay from FXGLLoadingScene and adding to GameScene
19:19:45.748 [JavaFX Application Thread] DEBUG PrimaryStageWindow   - FXGLLoadingScene -> GameScene
19:19:48.405 [JavaFX Application Thread] DEBUG FXGLAssetLoaderServi - Loading from file system: file:/C:/Users/josue/OneDrive/Desktop/proyecto%20java/Among%20Us/out/production/Among%20Us/assets/sounds/clickBoton.wav
19:19:53.975 [JavaFX Application Thread] DEBUG FXGLAssetLoaderServi - Loading from file system: file:/C:/Users/josue/OneDrive/Desktop/proyecto%20java/Among%20Us/out/production/Among%20Us/assets/textures/tripulante_negro.png
19:19:55.024 [JavaFX Application Thread] WARN  TMXLevelLoader       - TiledMap generated from 1.11.2. Supported version: 1.9.0. Some features may not be parsed fully.
19:19:55.279 [JavaFX Application Thread] DEBUG TMXLevelLoader       - Parsed TiledMap: file:/C:/Users/josue/OneDrive/Desktop/proyecto%20java/Among%20Us/out/production/Among%20Us/assets/levels/mapa2.tmx
19:19:55.281 [JavaFX Application Thread] DEBUG TMXLevelLoader       - Creating tile layer entities
19:19:55.285 [JavaFX Application Thread] DEBUG TilesetLoader        - Loading view for layer fondo1
19:19:55.288 [JavaFX Application Thread] DEBUG TilesetLoader        - Created buffer with size 992.0x960.0
19:19:55.319 [JavaFX Application Thread] DEBUG TilesetLoader        - Loading view for layer fondo
19:19:55.319 [JavaFX Application Thread] DEBUG TilesetLoader        - Created buffer with size 992.0x960.0
19:19:55.326 [JavaFX Application Thread] DEBUG TilesetLoader        - Loading view for layer piso
19:19:55.327 [JavaFX Application Thread] DEBUG TilesetLoader        - Created buffer with size 992.0x960.0
19:19:55.342 [JavaFX Application Thread] DEBUG TilesetLoader        - Loading view for layer piso1
19:19:55.344 [JavaFX Application Thread] DEBUG TilesetLoader        - Created buffer with size 992.0x960.0
19:19:55.359 [JavaFX Application Thread] DEBUG TilesetLoader        - Loading view for layer izquierda
19:19:55.360 [JavaFX Application Thread] DEBUG TilesetLoader        - Created buffer with size 992.0x960.0
19:19:55.379 [JavaFX Application Thread] DEBUG TilesetLoader        - Loading view for layer detallesatraspared
19:19:55.380 [JavaFX Application Thread] DEBUG TilesetLoader        - Created buffer with size 992.0x960.0
19:19:55.432 [JavaFX Application Thread] DEBUG TilesetLoader        - Loading view for layer pared2
19:19:55.439 [JavaFX Application Thread] DEBUG TilesetLoader        - Created buffer with size 992.0x960.0
19:19:55.458 [JavaFX Application Thread] DEBUG TilesetLoader        - Loading view for layer techo1
19:19:55.459 [JavaFX Application Thread] DEBUG TilesetLoader        - Created buffer with size 992.0x960.0
19:19:55.466 [JavaFX Application Thread] DEBUG TilesetLoader        - Loading view for layer techo2
19:19:55.466 [JavaFX Application Thread] DEBUG TilesetLoader        - Created buffer with size 992.0x960.0
19:19:55.476 [JavaFX Application Thread] DEBUG TilesetLoader        - Loading view for layer puertita
19:19:55.476 [JavaFX Application Thread] DEBUG TilesetLoader        - Created buffer with size 992.0x960.0
19:19:55.478 [JavaFX Application Thread] DEBUG TilesetLoader        - Loading view for layer puerta
19:19:55.478 [JavaFX Application Thread] DEBUG TilesetLoader        - Created buffer with size 992.0x960.0
19:19:55.480 [JavaFX Application Thread] DEBUG TilesetLoader        - Loading view for layer detalles
19:19:55.481 [JavaFX Application Thread] DEBUG TilesetLoader        - Created buffer with size 992.0x960.0
19:19:55.507 [JavaFX Application Thread] DEBUG TilesetLoader        - Loading view for layer detalles 2
19:19:55.508 [JavaFX Application Thread] DEBUG TilesetLoader        - Created buffer with size 992.0x960.0
19:19:55.525 [JavaFX Application Thread] DEBUG TilesetLoader        - Loading view for layer detalles3
19:19:55.526 [JavaFX Application Thread] DEBUG TilesetLoader        - Created buffer with size 992.0x960.0
19:19:55.548 [JavaFX Application Thread] DEBUG TilesetLoader        - Loading view for layer grieta
19:19:55.549 [JavaFX Application Thread] DEBUG TilesetLoader        - Created buffer with size 992.0x960.0
19:19:55.550 [JavaFX Application Thread] DEBUG TilesetLoader        - Loading view for layer camaras
19:19:55.551 [JavaFX Application Thread] DEBUG TilesetLoader        - Created buffer with size 992.0x960.0
19:19:55.556 [JavaFX Application Thread] DEBUG TilesetLoader        - Loading view for layer Techo
19:19:55.558 [JavaFX Application Thread] DEBUG TilesetLoader        - Created buffer with size 992.0x960.0
19:19:55.584 [JavaFX Application Thread] DEBUG TMXLevelLoader       - Creating object layer entities
19:19:55.715 [JavaFX Application Thread] DEBUG GameWorld            - Clearing removable entities
19:19:55.716 [JavaFX Application Thread] DEBUG GameWorld            - Setting level: com.almasb.fxgl.entity.level.Level@7827e45b
19:19:56.199 [JavaFX Application Thread] DEBUG FXGLAssetLoaderServi - Loading from file system: file:/C:/Users/josue/OneDrive/Desktop/proyecto%20java/Among%20Us/out/production/Among%20Us/assets/textures/animacion_negro.png
19:19:56.210 [JavaFX Application Thread] DEBUG FXGLAssetLoaderServi - Loading from file system: file:/C:/Users/josue/OneDrive/Desktop/proyecto%20java/Among%20Us/out/production/Among%20Us/assets/textures/alcantarilla_negro.png
19:19:56.215 [JavaFX Application Thread] DEBUG FXGLAssetLoaderServi - Loading from file system: file:/C:/Users/josue/OneDrive/Desktop/proyecto%20java/Among%20Us/out/production/Among%20Us/assets/textures/alcantarilla_negroE.png
19:19:56.225 [JavaFX Application Thread] DEBUG FXGLAssetLoaderServi - Loading from file system: file:/C:/Users/josue/OneDrive/Desktop/proyecto%20java/Among%20Us/out/production/Among%20Us/assets/textures/accionNegada.png
19:19:56.231 [JavaFX Application Thread] DEBUG FXGLAssetLoaderServi - Loading from file system: file:/C:/Users/josue/OneDrive/Desktop/proyecto%20java/Among%20Us/out/production/Among%20Us/assets/textures/pantalla_impostor.png
19:20:06.578 [JavaFX Application Thread] DEBUG FXGLAssetLoaderServi - Loading from file system: file:/C:/Users/josue/OneDrive/Desktop/proyecto%20java/Among%20Us/out/production/Among%20Us/assets/textures/accion.png
19:20:06.966 [JavaFX Application Thread] DEBUG FXGLAssetLoaderServi - Loading from file system: file:/C:/Users/josue/OneDrive/Desktop/proyecto%20java/Among%20Us/out/production/Among%20Us/assets/textures/flechaRojaAbajo.png
19:20:07.805 [JavaFX Application Thread] DEBUG FXGLAssetLoaderServi - Loading from file system: file:/C:/Users/josue/OneDrive/Desktop/proyecto%20java/Among%20Us/out/production/Among%20Us/assets/textures/flechaRojaIzq.png
19:20:07.814 [JavaFX Application Thread] DEBUG FXGLAssetLoaderServi - Loading from file system: file:/C:/Users/josue/OneDrive/Desktop/proyecto%20java/Among%20Us/out/production/Among%20Us/assets/textures/flechaRojaArriba.png
19:20:40.409 [JavaFX Application Thread] DEBUG FXGLAssetLoaderServi - Loading from file system: file:/C:/Users/josue/OneDrive/Desktop/proyecto%20java/Among%20Us/out/production/Among%20Us/assets/textures/flechaRojaDer.png
19:21:54.297 [JavaFX Application Thread] DEBUG PrimaryStageWindow   - Push state: FXGLDefaultMenu
19:21:54.304 [JavaFX Application Thread] DEBUG Input                - Clearing active input actions
19:21:54.309 [JavaFX Application Thread] DEBUG GameApplicationServi - Removing overlay from GameScene and adding to FXGLDefaultMenu
19:21:54.310 [JavaFX Application Thread] DEBUG PrimaryStageWindow   - GameScene -> FXGLDefaultMenu
19:21:55.417 [JavaFX Application Thread] DEBUG Menu                 - fireExit()
19:21:55.421 [JavaFX Application Thread] DEBUG PrimaryStageWindow   - Push state: DialogSubScene
19:21:55.421 [JavaFX Application Thread] DEBUG Input                - Clearing active input actions
19:21:55.421 [JavaFX Application Thread] DEBUG GameApplicationServi - Removing overlay from FXGLDefaultMenu and adding to DialogSubScene
19:21:55.421 [JavaFX Application Thread] DEBUG PrimaryStageWindow   - FXGLDefaultMenu -> DialogSubScene
19:21:56.320 [JavaFX Application Thread] DEBUG PrimaryStageWindow   - Pop state: DialogSubScene
19:21:56.320 [JavaFX Application Thread] DEBUG Input                - Clearing active input actions
19:21:56.321 [JavaFX Application Thread] DEBUG GameApplicationServi - Removing overlay from DialogSubScene and adding to FXGLDefaultMenu
19:21:56.322 [JavaFX Application Thread] DEBUG PrimaryStageWindow   - FXGLDefaultMenu <- DialogSubScene
19:21:56.322 [JavaFX Application Thread] DEBUG FXGLApplication      - Exiting FXGL
19:21:56.322 [JavaFX Application Thread] DEBUG LoopRunner           - Stopping loop
19:21:56.322 [JavaFX Application Thread] DEBUG SystemBundleService  - Saving FXGL system data
19:21:56.329 [JavaFX Application Thread] DEBUG FileSystemAccess     - Writing to: C:\Users\josue\OneDrive\Desktop\proyecto java\Among Us\system\fxgl.bundle
19:21:56.335 [JavaFX Application Thread] DEBUG Async                - Shutting down background threads
19:21:56.335 [JavaFX Application Thread] DEBUG PrimaryStageWindow   - Closing main window
19:21:56.375 [JavaFX Application Thread] DEBUG Logger               - Closing Logger
