02:24:53.800 [main                     ] DEBUG Logger               - Configured Logger
02:24:53.833 [main                     ] DEBUG GameApplication      - Logging settings
Title: Among Us UNEG
Version: 0.0
Width: 800
Height: 600
Fullscreen: false
Intro: false
Profiling: false
Single step:false
App Mode: DEVELOPER
Menu Key: ESCAPE
Stage Style: DECORATED
Scene Factory: class com.almasb.fxgl.app.scene.SceneFactory

02:24:54.895 [JavaFX Application Thread] DEBUG FXGLApplication      - Initializing FXGL
02:24:54.903 [JavaFX Application Thread] INFO  Engine               - FXGL-21.1 (26.03.2024 17.33) on WINDOWS (J:25.0.2 FX:21.0.1)
02:24:54.904 [JavaFX Application Thread] DEBUG Engine               - JRE Vendor Name: Oracle Corporation
02:24:54.904 [JavaFX Application Thread] DEBUG Engine               - Running on OS: Windows 11 version 10.0
02:24:54.904 [JavaFX Application Thread] DEBUG Engine               - Architecture: amd64
02:24:54.904 [JavaFX Application Thread] INFO  Engine               - Source code and latest versions at: https://github.com/AlmasB/FXGL
02:24:54.904 [JavaFX Application Thread] INFO  Engine               -       Ask questions and discuss at: https://github.com/AlmasB/FXGL/discussions
02:24:54.904 [JavaFX Application Thread] INFO  Engine               -              Join the FXGL chat at: https://gitter.im/AlmasB/FXGL
02:24:55.109 [JavaFX Application Thread] DEBUG PrimaryStageWindow   - Creating a JavaFX scene
02:24:55.227 [JavaFX Application Thread] DEBUG PrimaryStageWindow   - Target settings size: 800.0 x 600.0
02:24:55.227 [JavaFX Application Thread] DEBUG PrimaryStageWindow   - Scaled scene size:    800.0 x 600.0
02:24:55.227 [JavaFX Application Thread] DEBUG PrimaryStageWindow   - Scaled ratio: (1.0, 1.0)
02:24:55.229 [JavaFX Application Thread] DEBUG PrimaryStageWindow   - Set initial scene to FXGLStartupScene
02:24:55.235 [JavaFX Application Thread] DEBUG PrimaryStageWindow   - Opening main window
02:24:55.413 [JavaFX Application Thread] DEBUG PrimaryStageWindow   - Window border size: (16.0, 39.0)
02:24:55.413 [JavaFX Application Thread] DEBUG PrimaryStageWindow   - Scaled size: 800.0 x 600.0
02:24:55.413 [JavaFX Application Thread] DEBUG PrimaryStageWindow   - Scaled ratio: (1.0, 1.0)
02:24:55.414 [JavaFX Application Thread] DEBUG PrimaryStageWindow   - Scene size: 800.0 x 600.0
02:24:55.414 [JavaFX Application Thread] DEBUG PrimaryStageWindow   - Stage size: 816.0 x 639.0
02:24:55.430 [FXGL Background Thread 1 ] DEBUG Engine               - Initializing environment variables
02:24:55.626 [FXGL Background Thread 1 ] DEBUG FXGLAssetLoaderServi - User app class for loading assets: class main.java.amongUs.AppPrincipal
02:24:55.627 [FXGL Background Thread 1 ] DEBUG GameApplicationServi - Applying CSS: fxgl_dark.css
02:24:55.628 [FXGL Background Thread 1 ] DEBUG FXGLAssetLoaderServi - Loading from file system: jar:file:/C:/Users/josue/OneDrive/Desktop/proyecto%20java/Among%20Us/lib/fxgl-21.1-uber.jar!/fxglassets/ui/css/fxgl_dark.css
02:24:55.754 [FXGL Background Thread 1 ] DEBUG GameApplicationServi - Initializing application scenes
02:24:56.026 [FXGL Background Thread 1 ] DEBUG GameWorld            - Game world initialized
02:24:56.096 [FXGL Background Thread 1 ] DEBUG PhysicsWorld         - Physics world initialized: appHeight=600, physics.ppm=50,0
02:24:56.097 [FXGL Background Thread 1 ] DEBUG PhysicsWorld         - Using strategy: BRUTE_FORCE
02:24:56.102 [FXGL Background Thread 1 ] DEBUG GameScene            - Game scene initialized: 800x600
02:24:56.121 [FXGL Background Thread 1 ] DEBUG FXGL.DefaultMenu     - createMenuBodyGameMenu()
02:24:56.145 [FXGL Background Thread 1 ] DEBUG FXGL.DefaultMenu     - createOptionsMenu()
02:24:56.163 [FXGL Background Thread 1 ] DEBUG FXGLAssetLoaderServi - Loading from file system: jar:file:/C:/Users/josue/OneDrive/Desktop/proyecto%20java/Among%20Us/lib/fxgl-21.1-uber.jar!/fxglassets/textures/particles/smoke.png
02:24:56.340 [FXGL Background Thread 1 ] DEBUG FXGLAssetLoaderServi - Loading from file system: jar:file:/C:/Users/josue/OneDrive/Desktop/proyecto%20java/Among%20Us/lib/fxgl-21.1-uber.jar!/fxglassets/textures/particles/trace_horizontal.png
02:24:56.389 [FXGL Background Thread 1 ] DEBUG GameApplicationServi - Application scenes initialized
02:24:56.415 [FXGL Background Thread 1 ] DEBUG SystemBundleService  - Loading FXGL system data
02:24:56.425 [FXGL Background Thread 1 ] DEBUG FileSystemAccess     - Reading from: C:\Users\josue\OneDrive\Desktop\proyecto java\Among Us\system\fxgl.bundle
02:24:56.436 [FXGL Background Thread 1 ] DEBUG SystemBundleService  - Bundle FXGL: {}
02:24:56.436 [FXGL Background Thread 1 ] DEBUG UpdaterService       - Checking for updates
02:24:56.444 [FXGL Background Thread 1 ] DEBUG FXGLApplication      - Loading default localization
02:24:56.445 [FXGL Background Thread 1 ] DEBUG FXGLAssetLoaderServi - Loading from file system: jar:file:/C:/Users/josue/OneDrive/Desktop/proyecto%20java/Among%20Us/lib/fxgl-21.1-uber.jar!/fxglassets/languages/english.lang
02:24:56.451 [FXGL Background Thread 4 ] DEBUG FXGLApplication      - Loading fonts
02:24:56.453 [FXGL Background Thread 4 ] DEBUG FXGLAssetLoaderServi - Loading from file system: jar:file:/C:/Users/josue/OneDrive/Desktop/proyecto%20java/Among%20Us/lib/fxgl-21.1-uber.jar!/fxglassets/ui/fonts/VarelaRound-Regular.ttf
02:24:56.525 [FXGL Background Thread 1 ] INFO  FXGLApplication      - FXGL initialization took: 1,095 sec
02:24:56.540 [JavaFX Application Thread] DEBUG Input                - Registered new binding: Mover Arriba - W
02:24:56.540 [JavaFX Application Thread] DEBUG Input                - Registered new binding: Mover Abajo - S
02:24:56.543 [JavaFX Application Thread] DEBUG Input                - Registered new binding: Mover Izquierda - A
02:24:56.544 [JavaFX Application Thread] DEBUG Input                - Registered new binding: Mover Derecha - D
02:24:56.544 [JavaFX Application Thread] DEBUG Input                - Registered new binding: Abrir Camaras - C
02:24:56.544 [JavaFX Application Thread] DEBUG Input                - Registered new binding: Usar Alcantarilla - Space
02:24:56.545 [JavaFX Application Thread] DEBUG Input                - Registered new binding: Vent Izquierda - Left
02:24:56.545 [JavaFX Application Thread] DEBUG Input                - Registered new binding: Vent Derecha - Right
02:24:56.545 [JavaFX Application Thread] DEBUG Input                - Registered new binding: Vent Arriba - Up
02:24:56.545 [JavaFX Application Thread] DEBUG Input                - Registered new binding: Vent Abajo - Down
02:24:56.545 [JavaFX Application Thread] DEBUG Input                - Registered new binding: Matar Jugador - Q
02:24:56.545 [JavaFX Application Thread] DEBUG FXGLAssetLoaderServi - Loading from file system: file:/C:/Users/josue/OneDrive/Desktop/proyecto%20java/Among%20Us/out/production/Among%20Us/assets/textures/icono.png
02:24:56.583 [JavaFX Application Thread] DEBUG FXGLAssetLoaderServi - Loading from file system: jar:file:/C:/Users/josue/OneDrive/Desktop/proyecto%20java/Among%20Us/lib/fxgl-21.1-uber.jar!/fxglassets/textures/fxgl_default_cursor.png
02:24:56.587 [JavaFX Application Thread] DEBUG Input                - Registered new binding: Screenshot - CTRL+8
02:24:56.590 [JavaFX Application Thread] DEBUG Input                - Registered new binding: System info dump - CTRL+9
02:24:56.595 [JavaFX Application Thread] DEBUG Input                - Registered new binding: Restart - CTRL+R
02:24:56.600 [JavaFX Application Thread] DEBUG Input                - Registered new binding: Toggle Debug Camera - CTRL+7
02:24:56.606 [JavaFX Application Thread] DEBUG LoopRunner           - Starting loop
02:24:56.608 [JavaFX Application Thread] DEBUG LoopRunner           - Initializing JavaFX AnimationTimerLoop
02:24:56.611 [JavaFX Application Thread] DEBUG GameApplicationServi - Starting new game
02:24:56.614 [JavaFX Application Thread] DEBUG Input                - Clearing active input actions
02:24:56.685 [JavaFX Application Thread] DEBUG GameApplicationServi - Removing overlay from FXGLStartupScene and adding to FXGLLoadingScene
02:24:56.685 [JavaFX Application Thread] DEBUG PrimaryStageWindow   - FXGLStartupScene -> FXGLLoadingScene
02:24:56.685 [JavaFX Application Thread] DEBUG GameApplicationServi - Clearing previous game
02:24:56.685 [JavaFX Application Thread] DEBUG GameScene            - Clearing game scene
02:24:56.685 [JavaFX Application Thread] DEBUG GameWorld            - Clearing game world
02:24:56.686 [JavaFX Application Thread] DEBUG PhysicsWorld         - Clearing physics world
02:24:56.690 [FXGL Background Thread 1 ] DEBUG FXGLApplication      - Initializing game
02:24:56.703 [FXGL Background Thread 1 ] DEBUG FXGLAssetLoaderServi - Loading from file system: file:/C:/Users/josue/OneDrive/Desktop/proyecto%20java/Among%20Us/out/production/Among%20Us/assets/textures/MonitorDeCamaras.png
02:24:56.806 [FXGL Background Thread 1 ] DEBUG FXGLAssetLoaderServi - Loading from file system: file:/C:/Users/josue/OneDrive/Desktop/proyecto%20java/Among%20Us/out/production/Among%20Us/assets/textures/flechaAmarillaIzq.png
02:24:56.832 [FXGL Background Thread 1 ] DEBUG FXGLAssetLoaderServi - Loading from file system: file:/C:/Users/josue/OneDrive/Desktop/proyecto%20java/Among%20Us/out/production/Among%20Us/assets/textures/flechaAmarillaDer.png
02:24:56.843 [FXGL Background Thread 1 ] DEBUG FXGLAssetLoaderServi - Loading from file system: file:/C:/Users/josue/OneDrive/Desktop/proyecto%20java/Among%20Us/out/production/Among%20Us/assets/music/musicaMenu.mp3
02:24:57.246 [FXGL Background Thread 1 ] DEBUG AudioPlayer          - Playing music com.almasb.fxgl.audio.Music@121c2306
02:24:57.895 [FXGL Background Thread 4 ] DEBUG FXGLAssetLoaderServi - Loading from file system: jar:file:/C:/Users/josue/OneDrive/Desktop/proyecto%20java/Among%20Us/lib/fxgl-21.1-uber.jar!/fxglassets/ui/fonts/Abel-Regular.ttf
02:24:57.958 [FXGL Background Thread 4 ] DEBUG FXGLAssetLoaderServi - Loading from file system: jar:file:/C:/Users/josue/OneDrive/Desktop/proyecto%20java/Among%20Us/lib/fxgl-21.1-uber.jar!/fxglassets/ui/fonts/TerminalLandMono-Regular.otf
02:24:57.972 [FXGL Background Thread 4 ] DEBUG FXGLAssetLoaderServi - Loading from file system: jar:file:/C:/Users/josue/OneDrive/Desktop/proyecto%20java/Among%20Us/lib/fxgl-21.1-uber.jar!/fxglassets/ui/fonts/Courier-Prime.ttf
02:24:58.223 [FXGL Background Thread 1 ] INFO  FXGLApplication      - Game initialization took: 1,533 sec
02:24:58.508 [JavaFX Application Thread] DEBUG FXGLApplication      - Registering font factories with UI factory
02:24:58.510 [JavaFX Application Thread] DEBUG Input                - Clearing active input actions
02:24:58.530 [JavaFX Application Thread] DEBUG GameApplicationServi - Removing overlay from FXGLLoadingScene and adding to GameScene
02:24:58.530 [JavaFX Application Thread] DEBUG PrimaryStageWindow   - FXGLLoadingScene -> GameScene
02:24:59.052 [FXGL Background Thread 2 ] INFO  UpdaterService       - Your current version:  21.1
02:24:59.053 [FXGL Background Thread 2 ] INFO  UpdaterService       - Latest stable version: 25
02:24:59.265 [JavaFX Application Thread] DEBUG FXGLAssetLoaderServi - Loading from file system: file:/C:/Users/josue/OneDrive/Desktop/proyecto%20java/Among%20Us/out/production/Among%20Us/assets/sounds/clickBoton.wav
02:24:59.753 [FXGL Background Thread 3 ] DEBUG Engine               - Logging environment variables
02:24:59.765 [FXGL Background Thread 3 ] DEBUG Engine               - achievements: []
02:24:59.765 [FXGL Background Thread 3 ] DEBUG Engine               - actualHeight: 600.0
02:24:59.765 [FXGL Background Thread 3 ] DEBUG Engine               - actualHeightProperty: ReadOnlyDoubleProperty [value: 600.0]
02:24:59.766 [FXGL Background Thread 3 ] DEBUG Engine               - actualWidth: 800.0
02:24:59.766 [FXGL Background Thread 3 ] DEBUG Engine               - actualWidthProperty: ReadOnlyDoubleProperty [value: 800.0]
02:24:59.766 [FXGL Background Thread 3 ] DEBUG Engine               - appIcon: icono.png
02:24:59.766 [FXGL Background Thread 3 ] DEBUG Engine               - applicationMode: DEVELOPER
02:24:59.766 [FXGL Background Thread 3 ] DEBUG Engine               - cSSList: [fxgl_dark.css]
02:24:59.766 [FXGL Background Thread 3 ] DEBUG Engine               - collisionDetectionStrategy: BRUTE_FORCE
02:24:59.770 [FXGL Background Thread 3 ] DEBUG Engine               - configClass: Optional.empty
02:24:59.770 [FXGL Background Thread 3 ] DEBUG Engine               - credits: []
02:24:59.772 [FXGL Background Thread 3 ] DEBUG Engine               - defaultCursor: CursorInfo(imageName=fxgl_default_cursor.png, hotspotX=7.0, hotspotY=6.0)
02:24:59.772 [FXGL Background Thread 3 ] DEBUG Engine               - devBBoxColorProperty: ObjectProperty [value: 0xff0000ff]
02:24:59.772 [FXGL Background Thread 3 ] DEBUG Engine               - devEnableDebugCameraProperty: BooleanProperty [value: false]
02:24:59.772 [FXGL Background Thread 3 ] DEBUG Engine               - devSensorColorProperty: ObjectProperty [value: 0xffff00ff]
02:24:59.772 [FXGL Background Thread 3 ] DEBUG Engine               - devShowBBoxProperty: BooleanProperty [value: false]
02:24:59.773 [FXGL Background Thread 3 ] DEBUG Engine               - devShowPositionProperty: BooleanProperty [value: false]
02:24:59.773 [FXGL Background Thread 3 ] DEBUG Engine               - enabledMenuItems: []
02:24:59.773 [FXGL Background Thread 3 ] DEBUG Engine               - engineServices: [class com.almasb.fxgl.app.services.FXGLAssetLoaderService, class com.almasb.fxgl.app.FXGLApplication$GameApplicationService, class com.almasb.fxgl.app.services.FXGLDialogService, class com.almasb.fxgl.app.services.IOTaskExecutorService, class com.almasb.fxgl.io.FileSystemService, class com.almasb.fxgl.localization.LocalizationService, class com.almasb.fxgl.app.services.SystemBundleService, class com.almasb.fxgl.profile.SaveLoadService, class com.almasb.fxgl.ui.FXGLUIFactoryServiceProvider, class com.almasb.fxgl.ui.FXGLDialogFactoryServiceProvider, class com.almasb.fxgl.audio.AudioPlayer, class com.almasb.fxgl.notification.impl.NotificationServiceProvider, class com.almasb.fxgl.achievement.AchievementService, class com.almasb.fxgl.cutscene.CutsceneService, class com.almasb.fxgl.minigames.MiniGameService, class com.almasb.fxgl.net.NetService, class com.almasb.fxgl.app.services.UpdaterService, class com.almasb.fxgl.dev.DevService]
02:24:59.773 [FXGL Background Thread 3 ] DEBUG Engine               - fontGame: Abel-Regular.ttf
02:24:59.773 [FXGL Background Thread 3 ] DEBUG Engine               - fontMono: TerminalLandMono-Regular.otf
02:24:59.773 [FXGL Background Thread 3 ] DEBUG Engine               - fontSizeScaleUI: 1.0
02:24:59.774 [FXGL Background Thread 3 ] DEBUG Engine               - fontText: Courier-Prime.ttf
02:24:59.774 [FXGL Background Thread 3 ] DEBUG Engine               - fontUI: VarelaRound-Regular.ttf
02:24:59.776 [FXGL Background Thread 3 ] DEBUG Engine               - fullScreen: BooleanProperty [value: false]
02:24:59.776 [FXGL Background Thread 3 ] DEBUG Engine               - gameDifficulty: MEDIUM
02:24:59.776 [FXGL Background Thread 3 ] DEBUG Engine               - gameDifficultyProperty: ObjectProperty [value: MEDIUM]
02:24:59.779 [FXGL Background Thread 3 ] DEBUG Engine               - globalMusicVolume: 0.5
02:24:59.780 [FXGL Background Thread 3 ] DEBUG Engine               - globalMusicVolumeProperty: DoubleProperty [value: 0.4]
02:24:59.780 [FXGL Background Thread 3 ] DEBUG Engine               - globalSoundVolume: 0.5
02:24:59.781 [FXGL Background Thread 3 ] DEBUG Engine               - globalSoundVolumeProperty: DoubleProperty [value: 0.5]
02:24:59.782 [FXGL Background Thread 3 ] DEBUG Engine               - height: 600
02:24:59.782 [FXGL Background Thread 3 ] DEBUG Engine               - is3D: false
02:24:59.782 [FXGL Background Thread 3 ] DEBUG Engine               - isAndroid: false
02:24:59.782 [FXGL Background Thread 3 ] DEBUG Engine               - isBrowser: false
02:24:59.783 [FXGL Background Thread 3 ] DEBUG Engine               - isClickFeedbackEnabled: false
02:24:59.783 [FXGL Background Thread 3 ] DEBUG Engine               - isCloseConfirmation: false
02:24:59.783 [FXGL Background Thread 3 ] DEBUG Engine               - isDesktop: true
02:24:59.783 [FXGL Background Thread 3 ] DEBUG Engine               - isDeveloperMenuEnabled: false
02:24:59.784 [FXGL Background Thread 3 ] DEBUG Engine               - isEmbedded: false
02:24:59.784 [FXGL Background Thread 3 ] DEBUG Engine               - isEntityPreloadEnabled: true
02:24:59.784 [FXGL Background Thread 3 ] DEBUG Engine               - isExperimentalTiledLargeMap: false
02:24:59.784 [FXGL Background Thread 3 ] DEBUG Engine               - isFileSystemWriteAllowed: true
02:24:59.784 [FXGL Background Thread 3 ] DEBUG Engine               - isFullScreenAllowed: false
02:24:59.784 [FXGL Background Thread 3 ] DEBUG Engine               - isFullScreenFromStart: false
02:24:59.784 [FXGL Background Thread 3 ] DEBUG Engine               - isGameMenuEnabled: true
02:24:59.784 [FXGL Background Thread 3 ] DEBUG Engine               - isIOS: false
02:24:59.784 [FXGL Background Thread 3 ] DEBUG Engine               - isIntroEnabled: false
02:24:59.784 [FXGL Background Thread 3 ] DEBUG Engine               - isLinux: false
02:24:59.784 [FXGL Background Thread 3 ] DEBUG Engine               - isMac: false
02:24:59.784 [FXGL Background Thread 3 ] DEBUG Engine               - isMainMenuEnabled: false
02:24:59.784 [FXGL Background Thread 3 ] DEBUG Engine               - isManualResizeEnabled: false
02:24:59.784 [FXGL Background Thread 3 ] DEBUG Engine               - isMobile: false
02:24:59.785 [FXGL Background Thread 3 ] DEBUG Engine               - isNative: false
02:24:59.785 [FXGL Background Thread 3 ] DEBUG Engine               - isPauseMusicWhenMinimized: true
02:24:59.785 [FXGL Background Thread 3 ] DEBUG Engine               - isPreserveResizeRatio: false
02:24:59.785 [FXGL Background Thread 3 ] DEBUG Engine               - isProfilingEnabled: false
02:24:59.785 [FXGL Background Thread 3 ] DEBUG Engine               - isScaleAffectedOnResize: true
02:24:59.785 [FXGL Background Thread 3 ] DEBUG Engine               - isSingleStep: false
02:24:59.785 [FXGL Background Thread 3 ] DEBUG Engine               - isUserProfileEnabled: false
02:24:59.785 [FXGL Background Thread 3 ] DEBUG Engine               - isWindows: true
02:24:59.785 [FXGL Background Thread 3 ] DEBUG Engine               - language: ObjectProperty [value: ENGLISH]
02:24:59.785 [FXGL Background Thread 3 ] DEBUG Engine               - menuKey: ESCAPE
02:24:59.785 [FXGL Background Thread 3 ] DEBUG Engine               - mouseSensitivity: 0.2
02:24:59.785 [FXGL Background Thread 3 ] DEBUG Engine               - notificationViewClass: class com.almasb.fxgl.notification.view.XboxNotificationView
02:24:59.785 [FXGL Background Thread 3 ] DEBUG Engine               - pixelsPerMeter: 50.0
02:24:59.785 [FXGL Background Thread 3 ] DEBUG Engine               - platform: WINDOWS
02:24:59.787 [FXGL Background Thread 3 ] DEBUG Engine               - prefHeightProperty: ReadOnlyDoubleProperty [value: 600.0]
02:24:59.787 [FXGL Background Thread 3 ] DEBUG Engine               - prefWidthProperty: ReadOnlyDoubleProperty [value: 800.0]
02:24:59.787 [FXGL Background Thread 3 ] DEBUG Engine               - profileDir: profiles/
02:24:59.787 [FXGL Background Thread 3 ] DEBUG Engine               - profileName: StringProperty [value: DEFAULT]
02:24:59.787 [FXGL Background Thread 3 ] DEBUG Engine               - randomSeed: -1
02:24:59.787 [FXGL Background Thread 3 ] DEBUG Engine               - runtimeInfo: RuntimeInfo(platform=WINDOWS, version=21.1, build=26.03.2024 17.33)
02:24:59.788 [FXGL Background Thread 3 ] DEBUG Engine               - saveFileExt: sav
02:24:59.788 [FXGL Background Thread 3 ] DEBUG Engine               - scaledHeightProp$fxgl: DoubleProperty [bound, value: 600.0]
02:24:59.788 [FXGL Background Thread 3 ] DEBUG Engine               - scaledWidthProp$fxgl: DoubleProperty [bound, value: 800.0]
02:24:59.788 [FXGL Background Thread 3 ] DEBUG Engine               - sceneFactory: com.almasb.fxgl.app.scene.SceneFactory@c8cc27
02:24:59.788 [FXGL Background Thread 3 ] DEBUG Engine               - secondsIn24h: 60
02:24:59.788 [FXGL Background Thread 3 ] DEBUG Engine               - soundMenuBack: menu/back.wav
02:24:59.788 [FXGL Background Thread 3 ] DEBUG Engine               - soundMenuPress: menu/press.wav
02:24:59.788 [FXGL Background Thread 3 ] DEBUG Engine               - soundMenuSelect: menu/select.wav
02:24:59.788 [FXGL Background Thread 3 ] DEBUG Engine               - soundNotification: core/notification.wav
02:24:59.788 [FXGL Background Thread 3 ] DEBUG Engine               - stageStyle: DECORATED
02:24:59.788 [FXGL Background Thread 3 ] DEBUG Engine               - supportedLanguages: [ENGLISH, FRENCH, GERMAN, HUNGARIAN, RUSSIAN]
02:24:59.788 [FXGL Background Thread 3 ] DEBUG Engine               - ticksPerSecond: -1
02:24:59.788 [FXGL Background Thread 3 ] DEBUG Engine               - title: Among Us UNEG
02:24:59.788 [FXGL Background Thread 3 ] DEBUG Engine               - urlGithub: https://github.com/AlmasB/FXGL
02:24:59.788 [FXGL Background Thread 3 ] DEBUG Engine               - urlLeaderboard: http://fxgl-top.herokuapp.com/
02:24:59.788 [FXGL Background Thread 3 ] DEBUG Engine               - urlPOM: https://raw.githubusercontent.com/AlmasB/FXGL/release/README.md
02:24:59.788 [FXGL Background Thread 3 ] DEBUG Engine               - userAppClass: class main.java.amongUs.AppPrincipal
02:24:59.788 [FXGL Background Thread 3 ] DEBUG Engine               - version: 0.0
02:24:59.788 [FXGL Background Thread 3 ] DEBUG Engine               - versionCheckDays: 7
02:24:59.790 [FXGL Background Thread 3 ] DEBUG Engine               - width: 800
02:24:59.790 [FXGL Background Thread 3 ] DEBUG Engine               - Logging services
02:24:59.790 [FXGL Background Thread 3 ] DEBUG Engine               - class com.almasb.fxgl.app.services.FXGLAssetLoaderService
02:24:59.790 [FXGL Background Thread 3 ] DEBUG Engine               - class com.almasb.fxgl.app.FXGLApplication$GameApplicationService
02:24:59.790 [FXGL Background Thread 3 ] DEBUG Engine               - class com.almasb.fxgl.app.services.FXGLDialogService
02:24:59.790 [FXGL Background Thread 3 ] DEBUG Engine               - class com.almasb.fxgl.app.services.IOTaskExecutorService
02:24:59.790 [FXGL Background Thread 3 ] DEBUG Engine               - class com.almasb.fxgl.io.FileSystemService
02:24:59.790 [FXGL Background Thread 3 ] DEBUG Engine               - class com.almasb.fxgl.localization.LocalizationService
02:24:59.790 [FXGL Background Thread 3 ] DEBUG Engine               - class com.almasb.fxgl.app.services.SystemBundleService
02:24:59.790 [FXGL Background Thread 3 ] DEBUG Engine               - class com.almasb.fxgl.profile.SaveLoadService
02:24:59.790 [FXGL Background Thread 3 ] DEBUG Engine               - class com.almasb.fxgl.ui.FXGLUIFactoryServiceProvider
02:24:59.792 [FXGL Background Thread 3 ] DEBUG Engine               - class com.almasb.fxgl.ui.FXGLDialogFactoryServiceProvider
02:24:59.793 [FXGL Background Thread 3 ] DEBUG Engine               - class com.almasb.fxgl.audio.AudioPlayer
02:24:59.793 [FXGL Background Thread 3 ] DEBUG Engine               - class com.almasb.fxgl.notification.impl.NotificationServiceProvider
02:24:59.793 [FXGL Background Thread 3 ] DEBUG Engine               - class com.almasb.fxgl.achievement.AchievementService
02:24:59.793 [FXGL Background Thread 3 ] DEBUG Engine               - class com.almasb.fxgl.cutscene.CutsceneService
02:24:59.793 [FXGL Background Thread 3 ] DEBUG Engine               - class com.almasb.fxgl.minigames.MiniGameService
02:24:59.793 [FXGL Background Thread 3 ] DEBUG Engine               - class com.almasb.fxgl.net.NetService
02:24:59.793 [FXGL Background Thread 3 ] DEBUG Engine               - class com.almasb.fxgl.app.services.UpdaterService
02:24:59.793 [FXGL Background Thread 3 ] DEBUG Engine               - class com.almasb.fxgl.dev.DevService
02:25:03.355 [JavaFX Application Thread] DEBUG FXGLAssetLoaderServi - Loading from file system: file:/C:/Users/josue/OneDrive/Desktop/proyecto%20java/Among%20Us/out/production/Among%20Us/assets/textures/tripulante_negro.png
02:25:04.504 [JavaFX Application Thread] WARN  TMXLevelLoader       - TiledMap generated from 1.11.2. Supported version: 1.9.0. Some features may not be parsed fully.
02:25:04.576 [JavaFX Application Thread] DEBUG TMXLevelLoader       - Parsed TiledMap: file:/C:/Users/josue/OneDrive/Desktop/proyecto%20java/Among%20Us/out/production/Among%20Us/assets/levels/mapa2.tmx
02:25:04.578 [JavaFX Application Thread] DEBUG TMXLevelLoader       - Creating tile layer entities
02:25:04.581 [JavaFX Application Thread] DEBUG TilesetLoader        - Loading view for layer fondo1
02:25:04.583 [JavaFX Application Thread] DEBUG TilesetLoader        - Created buffer with size 992.0x960.0
02:25:04.604 [JavaFX Application Thread] DEBUG TilesetLoader        - Loading view for layer fondo
02:25:04.604 [JavaFX Application Thread] DEBUG TilesetLoader        - Created buffer with size 992.0x960.0
02:25:04.612 [JavaFX Application Thread] DEBUG TilesetLoader        - Loading view for layer piso
02:25:04.612 [JavaFX Application Thread] DEBUG TilesetLoader        - Created buffer with size 992.0x960.0
02:25:04.618 [JavaFX Application Thread] DEBUG TilesetLoader        - Loading view for layer piso1
02:25:04.619 [JavaFX Application Thread] DEBUG TilesetLoader        - Created buffer with size 992.0x960.0
02:25:04.631 [JavaFX Application Thread] DEBUG TilesetLoader        - Loading view for layer izquierda
02:25:04.633 [JavaFX Application Thread] DEBUG TilesetLoader        - Created buffer with size 992.0x960.0
02:25:04.644 [JavaFX Application Thread] DEBUG TilesetLoader        - Loading view for layer detallesatraspared
02:25:04.645 [JavaFX Application Thread] DEBUG TilesetLoader        - Created buffer with size 992.0x960.0
02:25:04.680 [JavaFX Application Thread] DEBUG TilesetLoader        - Loading view for layer pared2
02:25:04.682 [JavaFX Application Thread] DEBUG TilesetLoader        - Created buffer with size 992.0x960.0
02:25:04.700 [JavaFX Application Thread] DEBUG TilesetLoader        - Loading view for layer techo1
02:25:04.701 [JavaFX Application Thread] DEBUG TilesetLoader        - Created buffer with size 992.0x960.0
02:25:04.706 [JavaFX Application Thread] DEBUG TilesetLoader        - Loading view for layer techo2
02:25:04.707 [JavaFX Application Thread] DEBUG TilesetLoader        - Created buffer with size 992.0x960.0
02:25:04.713 [JavaFX Application Thread] DEBUG TilesetLoader        - Loading view for layer puertita
02:25:04.713 [JavaFX Application Thread] DEBUG TilesetLoader        - Created buffer with size 992.0x960.0
02:25:04.714 [JavaFX Application Thread] DEBUG TilesetLoader        - Loading view for layer puerta
02:25:04.715 [JavaFX Application Thread] DEBUG TilesetLoader        - Created buffer with size 992.0x960.0
02:25:04.719 [JavaFX Application Thread] DEBUG TilesetLoader        - Loading view for layer detalles
02:25:04.720 [JavaFX Application Thread] DEBUG TilesetLoader        - Created buffer with size 992.0x960.0
02:25:04.741 [JavaFX Application Thread] DEBUG TilesetLoader        - Loading view for layer detalles 2
02:25:04.744 [JavaFX Application Thread] DEBUG TilesetLoader        - Created buffer with size 992.0x960.0
02:25:04.762 [JavaFX Application Thread] DEBUG TilesetLoader        - Loading view for layer detalles3
02:25:04.764 [JavaFX Application Thread] DEBUG TilesetLoader        - Created buffer with size 992.0x960.0
02:25:04.796 [JavaFX Application Thread] DEBUG TilesetLoader        - Loading view for layer grieta
02:25:04.798 [JavaFX Application Thread] DEBUG TilesetLoader        - Created buffer with size 992.0x960.0
02:25:04.798 [JavaFX Application Thread] DEBUG TilesetLoader        - Loading view for layer camaras
02:25:04.800 [JavaFX Application Thread] DEBUG TilesetLoader        - Created buffer with size 992.0x960.0
02:25:04.803 [JavaFX Application Thread] DEBUG TilesetLoader        - Loading view for layer Techo
02:25:04.804 [JavaFX Application Thread] DEBUG TilesetLoader        - Created buffer with size 992.0x960.0
02:25:04.806 [JavaFX Application Thread] DEBUG TMXLevelLoader       - Creating object layer entities
02:25:04.944 [JavaFX Application Thread] DEBUG GameWorld            - Clearing removable entities
02:25:04.944 [JavaFX Application Thread] DEBUG GameWorld            - Setting level: com.almasb.fxgl.entity.level.Level@1667992b
02:25:04.975 [JavaFX Application Thread] DEBUG FXGLAssetLoaderServi - Loading from file system: file:/C:/Users/josue/OneDrive/Desktop/proyecto%20java/Among%20Us/out/production/Among%20Us/assets/textures/fantasma.png
02:25:04.978 [JavaFX Application Thread] DEBUG FXGLAssetLoaderServi - Loading from file system: file:/C:/Users/josue/OneDrive/Desktop/proyecto%20java/Among%20Us/out/production/Among%20Us/assets/textures/negro_muerto.png
02:25:04.979 [JavaFX Application Thread] DEBUG FXGLAssetLoaderServi - Loading from file system: file:/C:/Users/josue/OneDrive/Desktop/proyecto%20java/Among%20Us/out/production/Among%20Us/assets/textures/animacion_negro.png
02:25:04.980 [JavaFX Application Thread] DEBUG FXGLAssetLoaderServi - Loading from file system: file:/C:/Users/josue/OneDrive/Desktop/proyecto%20java/Among%20Us/out/production/Among%20Us/assets/textures/alcantarilla_negro.png
02:25:04.980 [JavaFX Application Thread] DEBUG FXGLAssetLoaderServi - Loading from file system: file:/C:/Users/josue/OneDrive/Desktop/proyecto%20java/Among%20Us/out/production/Among%20Us/assets/textures/alcantarilla_negroE.png
02:25:04.990 [JavaFX Application Thread] DEBUG FXGLAssetLoaderServi - Loading from file system: file:/C:/Users/josue/OneDrive/Desktop/proyecto%20java/Among%20Us/out/production/Among%20Us/assets/textures/accionNegada.png
02:25:04.995 [JavaFX Application Thread] DEBUG FXGLAssetLoaderServi - Loading from file system: file:/C:/Users/josue/OneDrive/Desktop/proyecto%20java/Among%20Us/out/production/Among%20Us/assets/textures/matarNegado.png
02:25:05.005 [JavaFX Application Thread] DEBUG FXGLAssetLoaderServi - Loading from file system: file:/C:/Users/josue/OneDrive/Desktop/proyecto%20java/Among%20Us/out/production/Among%20Us/assets/textures/pantalla_impostor.png
02:25:10.252 [JavaFX Application Thread] DEBUG FXGLAssetLoaderServi - Loading from file system: file:/C:/Users/josue/OneDrive/Desktop/proyecto%20java/Among%20Us/out/production/Among%20Us/assets/textures/accion.png
02:25:13.784 [JavaFX Application Thread] DEBUG Input                - Mocking key press: Space
02:25:13.785 [JavaFX Application Thread] DEBUG FXGLAssetLoaderServi - Loading from file system: file:/C:/Users/josue/OneDrive/Desktop/proyecto%20java/Among%20Us/out/production/Among%20Us/assets/textures/flechaRojaIzq.png
02:25:13.792 [JavaFX Application Thread] DEBUG Input                - Mocking key release: Space
02:25:14.995 [JavaFX Application Thread] DEBUG FXGLAssetLoaderServi - Loading from file system: file:/C:/Users/josue/OneDrive/Desktop/proyecto%20java/Among%20Us/out/production/Among%20Us/assets/textures/flechaRojaDer.png
02:25:15.002 [JavaFX Application Thread] DEBUG FXGLAssetLoaderServi - Loading from file system: file:/C:/Users/josue/OneDrive/Desktop/proyecto%20java/Among%20Us/out/production/Among%20Us/assets/textures/flechaRojaAbajo.png
02:25:37.570 [JavaFX Application Thread] DEBUG FXGLAssetLoaderServi - Loading from file system: file:/C:/Users/josue/OneDrive/Desktop/proyecto%20java/Among%20Us/out/production/Among%20Us/assets/textures/flechaRojaArriba.png
02:26:17.984 [JavaFX Application Thread] DEBUG FXGLApplication      - Exiting FXGL
02:26:17.984 [JavaFX Application Thread] DEBUG LoopRunner           - Stopping loop
02:26:17.984 [JavaFX Application Thread] DEBUG SystemBundleService  - Saving FXGL system data
02:26:17.987 [JavaFX Application Thread] DEBUG FileSystemAccess     - Writing to: C:\Users\josue\OneDrive\Desktop\proyecto java\Among Us\system\fxgl.bundle
02:26:17.989 [JavaFX Application Thread] DEBUG Async                - Shutting down background threads
02:26:17.990 [JavaFX Application Thread] DEBUG PrimaryStageWindow   - Closing main window
02:26:18.072 [JavaFX Application Thread] DEBUG Logger               - Closing Logger
