23:54:16.346 [main                     ] DEBUG Logger               - Configured Logger
23:54:16.364 [main                     ] DEBUG GameApplication      - Logging settings
Title: Among Us UNEG
Version: 0.0
Width: 800
Height: 600
Fullscreen: false
Intro: false
Profiling: false
Single step:false
App Mode: DEVELOPER
Menu Key: ESCAPE
Stage Style: DECORATED
Scene Factory: class com.almasb.fxgl.app.scene.SceneFactory

23:54:17.241 [JavaFX Application Thread] DEBUG FXGLApplication      - Initializing FXGL
23:54:17.247 [JavaFX Application Thread] INFO  Engine               - FXGL-21.1 (26.03.2024 17.33) on WINDOWS (J:25.0.2 FX:21.0.1)
23:54:17.247 [JavaFX Application Thread] DEBUG Engine               - JRE Vendor Name: Oracle Corporation
23:54:17.247 [JavaFX Application Thread] DEBUG Engine               - Running on OS: Windows 11 version 10.0
23:54:17.248 [JavaFX Application Thread] DEBUG Engine               - Architecture: amd64
23:54:17.248 [JavaFX Application Thread] INFO  Engine               - Source code and latest versions at: https://github.com/AlmasB/FXGL
23:54:17.248 [JavaFX Application Thread] INFO  Engine               -       Ask questions and discuss at: https://github.com/AlmasB/FXGL/discussions
23:54:17.248 [JavaFX Application Thread] INFO  Engine               -              Join the FXGL chat at: https://gitter.im/AlmasB/FXGL
23:54:17.495 [JavaFX Application Thread] DEBUG PrimaryStageWindow   - Creating a JavaFX scene
23:54:17.631 [JavaFX Application Thread] DEBUG PrimaryStageWindow   - Target settings size: 800.0 x 600.0
23:54:17.632 [JavaFX Application Thread] DEBUG PrimaryStageWindow   - Scaled scene size:    800.0 x 600.0
23:54:17.632 [JavaFX Application Thread] DEBUG PrimaryStageWindow   - Scaled ratio: (1.0, 1.0)
23:54:17.634 [JavaFX Application Thread] DEBUG PrimaryStageWindow   - Set initial scene to FXGLStartupScene
23:54:17.641 [JavaFX Application Thread] DEBUG PrimaryStageWindow   - Opening main window
23:54:17.839 [JavaFX Application Thread] DEBUG PrimaryStageWindow   - Window border size: (16.0, 39.0)
23:54:17.840 [JavaFX Application Thread] DEBUG PrimaryStageWindow   - Scaled size: 800.0 x 600.0
23:54:17.840 [JavaFX Application Thread] DEBUG PrimaryStageWindow   - Scaled ratio: (1.0, 1.0)
23:54:17.840 [JavaFX Application Thread] DEBUG PrimaryStageWindow   - Scene size: 800.0 x 600.0
23:54:17.841 [JavaFX Application Thread] DEBUG PrimaryStageWindow   - Stage size: 816.0 x 639.0
23:54:17.962 [FXGL Background Thread 1 ] DEBUG Engine               - Initializing environment variables
23:54:18.071 [FXGL Background Thread 1 ] DEBUG FXGLAssetLoaderServi - User app class for loading assets: class main.java.amongUs.AppPrincipal
23:54:18.071 [FXGL Background Thread 1 ] DEBUG GameApplicationServi - Applying CSS: fxgl_dark.css
23:54:18.072 [FXGL Background Thread 1 ] DEBUG FXGLAssetLoaderServi - Loading from file system: jar:file:/C:/Users/josue/OneDrive/Desktop/proyecto%20java/Among%20Us/lib/fxgl-21.1-uber.jar!/fxglassets/ui/css/fxgl_dark.css
23:54:18.181 [FXGL Background Thread 1 ] DEBUG GameApplicationServi - Initializing application scenes
23:54:18.375 [FXGL Background Thread 1 ] DEBUG GameWorld            - Game world initialized
23:54:18.448 [FXGL Background Thread 1 ] DEBUG PhysicsWorld         - Physics world initialized: appHeight=600, physics.ppm=50,0
23:54:18.448 [FXGL Background Thread 1 ] DEBUG PhysicsWorld         - Using strategy: BRUTE_FORCE
23:54:18.454 [FXGL Background Thread 1 ] DEBUG GameScene            - Game scene initialized: 800x600
23:54:18.474 [FXGL Background Thread 1 ] DEBUG FXGL.DefaultMenu     - createMenuBodyGameMenu()
23:54:18.504 [FXGL Background Thread 1 ] DEBUG FXGL.DefaultMenu     - createOptionsMenu()
23:54:18.521 [FXGL Background Thread 1 ] DEBUG FXGLAssetLoaderServi - Loading from file system: jar:file:/C:/Users/josue/OneDrive/Desktop/proyecto%20java/Among%20Us/lib/fxgl-21.1-uber.jar!/fxglassets/textures/particles/smoke.png
23:54:18.688 [FXGL Background Thread 1 ] DEBUG FXGLAssetLoaderServi - Loading from file system: jar:file:/C:/Users/josue/OneDrive/Desktop/proyecto%20java/Among%20Us/lib/fxgl-21.1-uber.jar!/fxglassets/textures/particles/trace_horizontal.png
23:54:18.734 [FXGL Background Thread 1 ] DEBUG GameApplicationServi - Application scenes initialized
23:54:18.760 [FXGL Background Thread 1 ] DEBUG SystemBundleService  - Loading FXGL system data
23:54:18.770 [FXGL Background Thread 1 ] DEBUG FileSystemAccess     - Reading from: C:\Users\josue\OneDrive\Desktop\proyecto java\Among Us\system\fxgl.bundle
23:54:18.783 [FXGL Background Thread 1 ] DEBUG SystemBundleService  - Bundle FXGL: {}
23:54:18.784 [FXGL Background Thread 1 ] DEBUG UpdaterService       - Checking for updates
23:54:18.793 [FXGL Background Thread 1 ] DEBUG FXGLApplication      - Loading default localization
23:54:18.794 [FXGL Background Thread 1 ] DEBUG FXGLAssetLoaderServi - Loading from file system: jar:file:/C:/Users/josue/OneDrive/Desktop/proyecto%20java/Among%20Us/lib/fxgl-21.1-uber.jar!/fxglassets/languages/english.lang
23:54:18.795 [FXGL Background Thread 4 ] DEBUG FXGLApplication      - Loading fonts
23:54:18.815 [FXGL Background Thread 4 ] DEBUG FXGLAssetLoaderServi - Loading from file system: jar:file:/C:/Users/josue/OneDrive/Desktop/proyecto%20java/Among%20Us/lib/fxgl-21.1-uber.jar!/fxglassets/ui/fonts/VarelaRound-Regular.ttf
23:54:18.870 [FXGL Background Thread 1 ] INFO  FXGLApplication      - FXGL initialization took: 0,912 sec
23:54:18.886 [JavaFX Application Thread] DEBUG Input                - Registered new binding: Mover Arriba - W
23:54:18.886 [JavaFX Application Thread] DEBUG Input                - Registered new binding: Mover Abajo - S
23:54:18.886 [JavaFX Application Thread] DEBUG Input                - Registered new binding: Mover Izquierda - A
23:54:18.887 [JavaFX Application Thread] DEBUG Input                - Registered new binding: Mover Derecha - D
23:54:18.887 [JavaFX Application Thread] DEBUG Input                - Registered new binding: Abrir Camaras - C
23:54:18.887 [JavaFX Application Thread] DEBUG Input                - Registered new binding: Usar Alcantarilla - Space
23:54:18.887 [JavaFX Application Thread] DEBUG Input                - Registered new binding: Vent Izquierda - Left
23:54:18.887 [JavaFX Application Thread] DEBUG Input                - Registered new binding: Vent Derecha - Right
23:54:18.887 [JavaFX Application Thread] DEBUG Input                - Registered new binding: Vent Arriba - Up
23:54:18.887 [JavaFX Application Thread] DEBUG Input                - Registered new binding: Vent Abajo - Down
23:54:18.887 [JavaFX Application Thread] DEBUG Input                - Registered new binding: Matar Jugador - Q
23:54:18.888 [JavaFX Application Thread] DEBUG Input                - Registered new binding: Reportar Cadaver - R
23:54:18.888 [JavaFX Application Thread] DEBUG FXGLAssetLoaderServi - Loading from file system: file:/C:/Users/josue/OneDrive/Desktop/proyecto%20java/Among%20Us/out/production/Among%20Us/assets/textures/icono.png
23:54:18.930 [JavaFX Application Thread] DEBUG FXGLAssetLoaderServi - Loading from file system: jar:file:/C:/Users/josue/OneDrive/Desktop/proyecto%20java/Among%20Us/lib/fxgl-21.1-uber.jar!/fxglassets/textures/fxgl_default_cursor.png
23:54:18.937 [JavaFX Application Thread] DEBUG Input                - Registered new binding: Screenshot - CTRL+8
23:54:18.939 [JavaFX Application Thread] DEBUG Input                - Registered new binding: System info dump - CTRL+9
23:54:18.941 [JavaFX Application Thread] DEBUG Input                - Registered new binding: Restart - CTRL+R
23:54:18.943 [JavaFX Application Thread] DEBUG Input                - Registered new binding: Toggle Debug Camera - CTRL+7
23:54:18.950 [JavaFX Application Thread] DEBUG LoopRunner           - Starting loop
23:54:18.952 [JavaFX Application Thread] DEBUG LoopRunner           - Initializing JavaFX AnimationTimerLoop
23:54:18.956 [JavaFX Application Thread] DEBUG GameApplicationServi - Starting new game
23:54:18.957 [JavaFX Application Thread] DEBUG Input                - Clearing active input actions
23:54:18.990 [JavaFX Application Thread] DEBUG GameApplicationServi - Removing overlay from FXGLStartupScene and adding to FXGLLoadingScene
23:54:18.991 [JavaFX Application Thread] DEBUG PrimaryStageWindow   - FXGLStartupScene -> FXGLLoadingScene
23:54:18.991 [JavaFX Application Thread] DEBUG GameApplicationServi - Clearing previous game
23:54:18.991 [JavaFX Application Thread] DEBUG GameScene            - Clearing game scene
23:54:18.991 [JavaFX Application Thread] DEBUG GameWorld            - Clearing game world
23:54:18.991 [JavaFX Application Thread] DEBUG PhysicsWorld         - Clearing physics world
23:54:19.011 [FXGL Background Thread 1 ] DEBUG FXGLApplication      - Initializing game
23:54:19.034 [FXGL Background Thread 1 ] DEBUG FXGLAssetLoaderServi - Loading from file system: file:/C:/Users/josue/OneDrive/Desktop/proyecto%20java/Among%20Us/out/production/Among%20Us/assets/music/musicaMenu.mp3
23:54:19.577 [FXGL Background Thread 4 ] DEBUG FXGLAssetLoaderServi - Loading from file system: jar:file:/C:/Users/josue/OneDrive/Desktop/proyecto%20java/Among%20Us/lib/fxgl-21.1-uber.jar!/fxglassets/ui/fonts/Abel-Regular.ttf
23:54:19.585 [FXGL Background Thread 4 ] DEBUG FXGLAssetLoaderServi - Loading from file system: jar:file:/C:/Users/josue/OneDrive/Desktop/proyecto%20java/Among%20Us/lib/fxgl-21.1-uber.jar!/fxglassets/ui/fonts/TerminalLandMono-Regular.otf
23:54:19.599 [FXGL Background Thread 4 ] DEBUG FXGLAssetLoaderServi - Loading from file system: jar:file:/C:/Users/josue/OneDrive/Desktop/proyecto%20java/Among%20Us/lib/fxgl-21.1-uber.jar!/fxglassets/ui/fonts/Courier-Prime.ttf
23:54:19.645 [JavaFX Application Thread] DEBUG FXGLApplication      - Registering font factories with UI factory
23:54:19.864 [FXGL Background Thread 1 ] DEBUG AudioPlayer          - Playing music com.almasb.fxgl.audio.Music@61a7020b
23:54:21.087 [FXGL Background Thread 2 ] INFO  UpdaterService       - Your current version:  21.1
23:54:21.087 [FXGL Background Thread 2 ] INFO  UpdaterService       - Latest stable version: 25
23:54:21.515 [FXGL Background Thread 1 ] INFO  FXGLApplication      - Game initialization took: 2,504 sec
23:54:21.566 [JavaFX Application Thread] DEBUG Input                - Clearing active input actions
23:54:21.595 [JavaFX Application Thread] DEBUG GameApplicationServi - Removing overlay from FXGLLoadingScene and adding to GameScene
23:54:21.596 [JavaFX Application Thread] DEBUG PrimaryStageWindow   - FXGLLoadingScene -> GameScene
23:54:21.791 [FXGL Background Thread 3 ] DEBUG Engine               - Logging environment variables
23:54:21.794 [FXGL Background Thread 3 ] DEBUG Engine               - achievements: []
23:54:21.794 [FXGL Background Thread 3 ] DEBUG Engine               - actualHeight: 600.0
23:54:21.795 [FXGL Background Thread 3 ] DEBUG Engine               - actualHeightProperty: ReadOnlyDoubleProperty [value: 600.0]
23:54:21.795 [FXGL Background Thread 3 ] DEBUG Engine               - actualWidth: 800.0
23:54:21.795 [FXGL Background Thread 3 ] DEBUG Engine               - actualWidthProperty: ReadOnlyDoubleProperty [value: 800.0]
23:54:21.795 [FXGL Background Thread 3 ] DEBUG Engine               - appIcon: icono.png
23:54:21.795 [FXGL Background Thread 3 ] DEBUG Engine               - applicationMode: DEVELOPER
23:54:21.795 [FXGL Background Thread 3 ] DEBUG Engine               - cSSList: [fxgl_dark.css]
23:54:21.795 [FXGL Background Thread 3 ] DEBUG Engine               - collisionDetectionStrategy: BRUTE_FORCE
23:54:21.795 [FXGL Background Thread 3 ] DEBUG Engine               - configClass: Optional.empty
23:54:21.795 [FXGL Background Thread 3 ] DEBUG Engine               - credits: []
23:54:21.796 [FXGL Background Thread 3 ] DEBUG Engine               - defaultCursor: CursorInfo(imageName=fxgl_default_cursor.png, hotspotX=7.0, hotspotY=6.0)
23:54:21.796 [FXGL Background Thread 3 ] DEBUG Engine               - devBBoxColorProperty: ObjectProperty [value: 0xff0000ff]
23:54:21.796 [FXGL Background Thread 3 ] DEBUG Engine               - devEnableDebugCameraProperty: BooleanProperty [value: false]
23:54:21.796 [FXGL Background Thread 3 ] DEBUG Engine               - devSensorColorProperty: ObjectProperty [value: 0xffff00ff]
23:54:21.797 [FXGL Background Thread 3 ] DEBUG Engine               - devShowBBoxProperty: BooleanProperty [value: false]
23:54:21.797 [FXGL Background Thread 3 ] DEBUG Engine               - devShowPositionProperty: BooleanProperty [value: false]
23:54:21.797 [FXGL Background Thread 3 ] DEBUG Engine               - enabledMenuItems: []
23:54:21.797 [FXGL Background Thread 3 ] DEBUG Engine               - engineServices: [class com.almasb.fxgl.app.services.FXGLAssetLoaderService, class com.almasb.fxgl.app.FXGLApplication$GameApplicationService, class com.almasb.fxgl.app.services.FXGLDialogService, class com.almasb.fxgl.app.services.IOTaskExecutorService, class com.almasb.fxgl.io.FileSystemService, class com.almasb.fxgl.localization.LocalizationService, class com.almasb.fxgl.app.services.SystemBundleService, class com.almasb.fxgl.profile.SaveLoadService, class com.almasb.fxgl.ui.FXGLUIFactoryServiceProvider, class com.almasb.fxgl.ui.FXGLDialogFactoryServiceProvider, class com.almasb.fxgl.audio.AudioPlayer, class com.almasb.fxgl.notification.impl.NotificationServiceProvider, class com.almasb.fxgl.achievement.AchievementService, class com.almasb.fxgl.cutscene.CutsceneService, class com.almasb.fxgl.minigames.MiniGameService, class com.almasb.fxgl.net.NetService, class com.almasb.fxgl.app.services.UpdaterService, class com.almasb.fxgl.dev.DevService]
23:54:21.797 [FXGL Background Thread 3 ] DEBUG Engine               - fontGame: Abel-Regular.ttf
23:54:21.797 [FXGL Background Thread 3 ] DEBUG Engine               - fontMono: TerminalLandMono-Regular.otf
23:54:21.797 [FXGL Background Thread 3 ] DEBUG Engine               - fontSizeScaleUI: 1.0
23:54:21.797 [FXGL Background Thread 3 ] DEBUG Engine               - fontText: Courier-Prime.ttf
23:54:21.797 [FXGL Background Thread 3 ] DEBUG Engine               - fontUI: VarelaRound-Regular.ttf
23:54:21.797 [FXGL Background Thread 3 ] DEBUG Engine               - fullScreen: BooleanProperty [value: false]
23:54:21.797 [FXGL Background Thread 3 ] DEBUG Engine               - gameDifficulty: MEDIUM
23:54:21.798 [FXGL Background Thread 3 ] DEBUG Engine               - gameDifficultyProperty: ObjectProperty [value: MEDIUM]
23:54:21.798 [FXGL Background Thread 3 ] DEBUG Engine               - globalMusicVolume: 0.5
23:54:21.798 [FXGL Background Thread 3 ] DEBUG Engine               - globalMusicVolumeProperty: DoubleProperty [value: 0.4]
23:54:21.798 [FXGL Background Thread 3 ] DEBUG Engine               - globalSoundVolume: 0.5
23:54:21.798 [FXGL Background Thread 3 ] DEBUG Engine               - globalSoundVolumeProperty: DoubleProperty [value: 0.5]
23:54:21.800 [FXGL Background Thread 3 ] DEBUG Engine               - height: 600
23:54:21.801 [FXGL Background Thread 3 ] DEBUG Engine               - is3D: false
23:54:21.801 [FXGL Background Thread 3 ] DEBUG Engine               - isAndroid: false
23:54:21.802 [FXGL Background Thread 3 ] DEBUG Engine               - isBrowser: false
23:54:21.803 [FXGL Background Thread 3 ] DEBUG Engine               - isClickFeedbackEnabled: false
23:54:21.805 [FXGL Background Thread 3 ] DEBUG Engine               - isCloseConfirmation: false
23:54:21.805 [FXGL Background Thread 3 ] DEBUG Engine               - isDesktop: true
23:54:21.805 [FXGL Background Thread 3 ] DEBUG Engine               - isDeveloperMenuEnabled: false
23:54:21.805 [FXGL Background Thread 3 ] DEBUG Engine               - isEmbedded: false
23:54:21.806 [FXGL Background Thread 3 ] DEBUG Engine               - isEntityPreloadEnabled: true
23:54:21.806 [FXGL Background Thread 3 ] DEBUG Engine               - isExperimentalTiledLargeMap: false
23:54:21.806 [FXGL Background Thread 3 ] DEBUG Engine               - isFileSystemWriteAllowed: true
23:54:21.806 [FXGL Background Thread 3 ] DEBUG Engine               - isFullScreenAllowed: false
23:54:21.806 [FXGL Background Thread 3 ] DEBUG Engine               - isFullScreenFromStart: false
23:54:21.806 [FXGL Background Thread 3 ] DEBUG Engine               - isGameMenuEnabled: true
23:54:21.807 [FXGL Background Thread 3 ] DEBUG Engine               - isIOS: false
23:54:21.807 [FXGL Background Thread 3 ] DEBUG Engine               - isIntroEnabled: false
23:54:21.807 [FXGL Background Thread 3 ] DEBUG Engine               - isLinux: false
23:54:21.807 [FXGL Background Thread 3 ] DEBUG Engine               - isMac: false
23:54:21.807 [FXGL Background Thread 3 ] DEBUG Engine               - isMainMenuEnabled: false
23:54:21.807 [FXGL Background Thread 3 ] DEBUG Engine               - isManualResizeEnabled: false
23:54:21.807 [FXGL Background Thread 3 ] DEBUG Engine               - isMobile: false
23:54:21.807 [FXGL Background Thread 3 ] DEBUG Engine               - isNative: false
23:54:21.807 [FXGL Background Thread 3 ] DEBUG Engine               - isPauseMusicWhenMinimized: true
23:54:21.807 [FXGL Background Thread 3 ] DEBUG Engine               - isPreserveResizeRatio: false
23:54:21.807 [FXGL Background Thread 3 ] DEBUG Engine               - isProfilingEnabled: false
23:54:21.807 [FXGL Background Thread 3 ] DEBUG Engine               - isScaleAffectedOnResize: true
23:54:21.807 [FXGL Background Thread 3 ] DEBUG Engine               - isSingleStep: false
23:54:21.807 [FXGL Background Thread 3 ] DEBUG Engine               - isUserProfileEnabled: false
23:54:21.807 [FXGL Background Thread 3 ] DEBUG Engine               - isWindows: true
23:54:21.807 [FXGL Background Thread 3 ] DEBUG Engine               - language: ObjectProperty [value: ENGLISH]
23:54:21.807 [FXGL Background Thread 3 ] DEBUG Engine               - menuKey: ESCAPE
23:54:21.807 [FXGL Background Thread 3 ] DEBUG Engine               - mouseSensitivity: 0.2
23:54:21.807 [FXGL Background Thread 3 ] DEBUG Engine               - notificationViewClass: class com.almasb.fxgl.notification.view.XboxNotificationView
23:54:21.807 [FXGL Background Thread 3 ] DEBUG Engine               - pixelsPerMeter: 50.0
23:54:21.807 [FXGL Background Thread 3 ] DEBUG Engine               - platform: WINDOWS
23:54:21.807 [FXGL Background Thread 3 ] DEBUG Engine               - prefHeightProperty: ReadOnlyDoubleProperty [value: 600.0]
23:54:21.807 [FXGL Background Thread 3 ] DEBUG Engine               - prefWidthProperty: ReadOnlyDoubleProperty [value: 800.0]
23:54:21.807 [FXGL Background Thread 3 ] DEBUG Engine               - profileDir: profiles/
23:54:21.807 [FXGL Background Thread 3 ] DEBUG Engine               - profileName: StringProperty [value: DEFAULT]
23:54:21.808 [FXGL Background Thread 3 ] DEBUG Engine               - randomSeed: -1
23:54:21.808 [FXGL Background Thread 3 ] DEBUG Engine               - runtimeInfo: RuntimeInfo(platform=WINDOWS, version=21.1, build=26.03.2024 17.33)
23:54:21.808 [FXGL Background Thread 3 ] DEBUG Engine               - saveFileExt: sav
23:54:21.808 [FXGL Background Thread 3 ] DEBUG Engine               - scaledHeightProp$fxgl: DoubleProperty [bound, value: 600.0]
23:54:21.808 [FXGL Background Thread 3 ] DEBUG Engine               - scaledWidthProp$fxgl: DoubleProperty [bound, value: 800.0]
23:54:21.808 [FXGL Background Thread 3 ] DEBUG Engine               - sceneFactory: com.almasb.fxgl.app.scene.SceneFactory@6c3e38b7
23:54:21.808 [FXGL Background Thread 3 ] DEBUG Engine               - secondsIn24h: 60
23:54:21.809 [FXGL Background Thread 3 ] DEBUG Engine               - soundMenuBack: menu/back.wav
23:54:21.809 [FXGL Background Thread 3 ] DEBUG Engine               - soundMenuPress: menu/press.wav
23:54:21.809 [FXGL Background Thread 3 ] DEBUG Engine               - soundMenuSelect: menu/select.wav
23:54:21.809 [FXGL Background Thread 3 ] DEBUG Engine               - soundNotification: core/notification.wav
23:54:21.809 [FXGL Background Thread 3 ] DEBUG Engine               - stageStyle: DECORATED
23:54:21.809 [FXGL Background Thread 3 ] DEBUG Engine               - supportedLanguages: [ENGLISH, FRENCH, GERMAN, HUNGARIAN, RUSSIAN]
23:54:21.809 [FXGL Background Thread 3 ] DEBUG Engine               - ticksPerSecond: -1
23:54:21.809 [FXGL Background Thread 3 ] DEBUG Engine               - title: Among Us UNEG
23:54:21.809 [FXGL Background Thread 3 ] DEBUG Engine               - urlGithub: https://github.com/AlmasB/FXGL
23:54:21.809 [FXGL Background Thread 3 ] DEBUG Engine               - urlLeaderboard: http://fxgl-top.herokuapp.com/
23:54:21.809 [FXGL Background Thread 3 ] DEBUG Engine               - urlPOM: https://raw.githubusercontent.com/AlmasB/FXGL/release/README.md
23:54:21.809 [FXGL Background Thread 3 ] DEBUG Engine               - userAppClass: class main.java.amongUs.AppPrincipal
23:54:21.809 [FXGL Background Thread 3 ] DEBUG Engine               - version: 0.0
23:54:21.809 [FXGL Background Thread 3 ] DEBUG Engine               - versionCheckDays: 7
23:54:21.809 [FXGL Background Thread 3 ] DEBUG Engine               - width: 800
23:54:21.809 [FXGL Background Thread 3 ] DEBUG Engine               - Logging services
23:54:21.809 [FXGL Background Thread 3 ] DEBUG Engine               - class com.almasb.fxgl.app.services.FXGLAssetLoaderService
23:54:21.809 [FXGL Background Thread 3 ] DEBUG Engine               - class com.almasb.fxgl.app.FXGLApplication$GameApplicationService
23:54:21.809 [FXGL Background Thread 3 ] DEBUG Engine               - class com.almasb.fxgl.app.services.FXGLDialogService
23:54:21.809 [FXGL Background Thread 3 ] DEBUG Engine               - class com.almasb.fxgl.app.services.IOTaskExecutorService
23:54:21.809 [FXGL Background Thread 3 ] DEBUG Engine               - class com.almasb.fxgl.io.FileSystemService
23:54:21.809 [FXGL Background Thread 3 ] DEBUG Engine               - class com.almasb.fxgl.localization.LocalizationService
23:54:21.809 [FXGL Background Thread 3 ] DEBUG Engine               - class com.almasb.fxgl.app.services.SystemBundleService
23:54:21.809 [FXGL Background Thread 3 ] DEBUG Engine               - class com.almasb.fxgl.profile.SaveLoadService
23:54:21.809 [FXGL Background Thread 3 ] DEBUG Engine               - class com.almasb.fxgl.ui.FXGLUIFactoryServiceProvider
23:54:21.810 [FXGL Background Thread 3 ] DEBUG Engine               - class com.almasb.fxgl.ui.FXGLDialogFactoryServiceProvider
23:54:21.810 [FXGL Background Thread 3 ] DEBUG Engine               - class com.almasb.fxgl.audio.AudioPlayer
23:54:21.810 [FXGL Background Thread 3 ] DEBUG Engine               - class com.almasb.fxgl.notification.impl.NotificationServiceProvider
23:54:21.810 [FXGL Background Thread 3 ] DEBUG Engine               - class com.almasb.fxgl.achievement.AchievementService
23:54:21.810 [FXGL Background Thread 3 ] DEBUG Engine               - class com.almasb.fxgl.cutscene.CutsceneService
23:54:21.811 [FXGL Background Thread 3 ] DEBUG Engine               - class com.almasb.fxgl.minigames.MiniGameService
23:54:21.811 [FXGL Background Thread 3 ] DEBUG Engine               - class com.almasb.fxgl.net.NetService
23:54:21.811 [FXGL Background Thread 3 ] DEBUG Engine               - class com.almasb.fxgl.app.services.UpdaterService
23:54:21.811 [FXGL Background Thread 3 ] DEBUG Engine               - class com.almasb.fxgl.dev.DevService
23:54:22.904 [JavaFX Application Thread] DEBUG FXGLAssetLoaderServi - Loading from file system: file:/C:/Users/josue/OneDrive/Desktop/proyecto%20java/Among%20Us/out/production/Among%20Us/assets/sounds/clickBoton.wav
23:54:26.786 [JavaFX Application Thread] DEBUG FXGLAssetLoaderServi - Loading from file system: file:/C:/Users/josue/OneDrive/Desktop/proyecto%20java/Among%20Us/out/production/Among%20Us/assets/textures/tripulante_blanco.png
23:55:14.527 [JavaFX Application Thread] DEBUG FXGLAssetLoaderServi - Loading from file system: file:/C:/Users/josue/OneDrive/Desktop/proyecto%20java/Among%20Us/out/production/Among%20Us/assets/textures/tripulante_negro.png
23:55:16.141 [JavaFX Application Thread] DEBUG AudioPlayer          - Pausing music com.almasb.fxgl.audio.Music@61a7020b
23:55:16.142 [JavaFX Application Thread] DEBUG LoopRunner           - Pausing loop
23:55:17.742 [JavaFX Application Thread] DEBUG FXGLAssetLoaderServi - Loading from file system: file:/C:/Users/josue/OneDrive/Desktop/proyecto%20java/Among%20Us/out/production/Among%20Us/assets/textures/tripulante_marron.png
23:55:19.729 [JavaFX Application Thread] DEBUG LoopRunner           - Resuming loop
23:55:19.730 [JavaFX Application Thread] DEBUG AudioPlayer          - Resuming music com.almasb.fxgl.audio.Music@61a7020b
23:55:20.355 [JavaFX Application Thread] WARN  TMXLevelLoader       - TiledMap generated from 1.11.2. Supported version: 1.9.0. Some features may not be parsed fully.
23:55:20.420 [JavaFX Application Thread] DEBUG TMXLevelLoader       - Parsed TiledMap: file:/C:/Users/josue/OneDrive/Desktop/proyecto%20java/Among%20Us/out/production/Among%20Us/assets/levels/mapa2.tmx
23:55:20.421 [JavaFX Application Thread] DEBUG TMXLevelLoader       - Creating tile layer entities
23:55:20.424 [JavaFX Application Thread] DEBUG TilesetLoader        - Loading view for layer fondo1
23:55:20.425 [JavaFX Application Thread] DEBUG TilesetLoader        - Created buffer with size 992.0x960.0
23:55:20.446 [JavaFX Application Thread] DEBUG TilesetLoader        - Loading view for layer fondo
23:55:20.447 [JavaFX Application Thread] DEBUG TilesetLoader        - Created buffer with size 992.0x960.0
23:55:20.456 [JavaFX Application Thread] DEBUG TilesetLoader        - Loading view for layer piso
23:55:20.457 [JavaFX Application Thread] DEBUG TilesetLoader        - Created buffer with size 992.0x960.0
23:55:20.463 [JavaFX Application Thread] DEBUG TilesetLoader        - Loading view for layer piso1
23:55:20.464 [JavaFX Application Thread] DEBUG TilesetLoader        - Created buffer with size 992.0x960.0
23:55:20.479 [JavaFX Application Thread] DEBUG TilesetLoader        - Loading view for layer izquierda
23:55:20.481 [JavaFX Application Thread] DEBUG TilesetLoader        - Created buffer with size 992.0x960.0
23:55:20.488 [JavaFX Application Thread] DEBUG TilesetLoader        - Loading view for layer detallesatraspared
23:55:20.489 [JavaFX Application Thread] DEBUG TilesetLoader        - Created buffer with size 992.0x960.0
23:55:20.540 [JavaFX Application Thread] DEBUG TilesetLoader        - Loading view for layer pared2
23:55:20.543 [JavaFX Application Thread] DEBUG TilesetLoader        - Created buffer with size 992.0x960.0
23:55:20.562 [JavaFX Application Thread] DEBUG TilesetLoader        - Loading view for layer techo1
23:55:20.564 [JavaFX Application Thread] DEBUG TilesetLoader        - Created buffer with size 992.0x960.0
23:55:20.572 [JavaFX Application Thread] DEBUG TilesetLoader        - Loading view for layer techo2
23:55:20.574 [JavaFX Application Thread] DEBUG TilesetLoader        - Created buffer with size 992.0x960.0
23:55:20.582 [JavaFX Application Thread] DEBUG TilesetLoader        - Loading view for layer puertita
23:55:20.584 [JavaFX Application Thread] DEBUG TilesetLoader        - Created buffer with size 992.0x960.0
23:55:20.585 [JavaFX Application Thread] DEBUG TilesetLoader        - Loading view for layer puerta
23:55:20.586 [JavaFX Application Thread] DEBUG TilesetLoader        - Created buffer with size 992.0x960.0
23:55:20.589 [JavaFX Application Thread] DEBUG TilesetLoader        - Loading view for layer detalles
23:55:20.590 [JavaFX Application Thread] DEBUG TilesetLoader        - Created buffer with size 992.0x960.0
23:55:20.616 [JavaFX Application Thread] DEBUG TilesetLoader        - Loading view for layer detalles 2
23:55:20.616 [JavaFX Application Thread] DEBUG TilesetLoader        - Created buffer with size 992.0x960.0
23:55:20.639 [JavaFX Application Thread] DEBUG TilesetLoader        - Loading view for layer detalles3
23:55:20.641 [JavaFX Application Thread] DEBUG TilesetLoader        - Created buffer with size 992.0x960.0
23:55:20.676 [JavaFX Application Thread] DEBUG TilesetLoader        - Loading view for layer grieta
23:55:20.678 [JavaFX Application Thread] DEBUG TilesetLoader        - Created buffer with size 992.0x960.0
23:55:20.680 [JavaFX Application Thread] DEBUG TilesetLoader        - Loading view for layer camaras
23:55:20.681 [JavaFX Application Thread] DEBUG TilesetLoader        - Created buffer with size 992.0x960.0
23:55:20.686 [JavaFX Application Thread] DEBUG TilesetLoader        - Loading view for layer Techo
23:55:20.688 [JavaFX Application Thread] DEBUG TilesetLoader        - Created buffer with size 992.0x960.0
23:55:20.694 [JavaFX Application Thread] DEBUG TMXLevelLoader       - Creating object layer entities
23:55:20.823 [JavaFX Application Thread] DEBUG GameWorld            - Clearing removable entities
23:55:20.824 [JavaFX Application Thread] DEBUG GameWorld            - Setting level: com.almasb.fxgl.entity.level.Level@1519c824
23:55:20.864 [JavaFX Application Thread] DEBUG FXGLAssetLoaderServi - Loading from file system: file:/C:/Users/josue/OneDrive/Desktop/proyecto%20java/Among%20Us/out/production/Among%20Us/assets/textures/MonitorDeCamaras.png
23:55:20.886 [JavaFX Application Thread] DEBUG FXGLAssetLoaderServi - Loading from file system: file:/C:/Users/josue/OneDrive/Desktop/proyecto%20java/Among%20Us/out/production/Among%20Us/assets/textures/flechaAmarillaIzq.png
23:55:20.893 [JavaFX Application Thread] DEBUG FXGLAssetLoaderServi - Loading from file system: file:/C:/Users/josue/OneDrive/Desktop/proyecto%20java/Among%20Us/out/production/Among%20Us/assets/textures/flechaAmarillaDer.png
23:55:20.919 [JavaFX Application Thread] DEBUG FXGLAssetLoaderServi - Loading from file system: file:/C:/Users/josue/OneDrive/Desktop/proyecto%20java/Among%20Us/out/production/Among%20Us/assets/textures/animacion_fantasma.png
23:55:20.929 [JavaFX Application Thread] DEBUG FXGLAssetLoaderServi - Loading from file system: file:/C:/Users/josue/OneDrive/Desktop/proyecto%20java/Among%20Us/out/production/Among%20Us/assets/textures/blanco_muerto.png
23:55:20.931 [JavaFX Application Thread] DEBUG FXGLAssetLoaderServi - Loading from file system: file:/C:/Users/josue/OneDrive/Desktop/proyecto%20java/Among%20Us/out/production/Among%20Us/assets/textures/animacion_blanco.png
23:55:20.934 [JavaFX Application Thread] DEBUG FXGLAssetLoaderServi - Loading from file system: file:/C:/Users/josue/OneDrive/Desktop/proyecto%20java/Among%20Us/out/production/Among%20Us/assets/textures/alcantarilla_blanco.png
23:55:20.935 [JavaFX Application Thread] DEBUG FXGLAssetLoaderServi - Loading from file system: file:/C:/Users/josue/OneDrive/Desktop/proyecto%20java/Among%20Us/out/production/Among%20Us/assets/textures/alcantarilla_blancoE.png
23:55:20.951 [JavaFX Application Thread] DEBUG FXGLAssetLoaderServi - Loading from file system: file:/C:/Users/josue/OneDrive/Desktop/proyecto%20java/Among%20Us/out/production/Among%20Us/assets/textures/negro_muerto.png
23:55:20.954 [JavaFX Application Thread] DEBUG FXGLAssetLoaderServi - Loading from file system: file:/C:/Users/josue/OneDrive/Desktop/proyecto%20java/Among%20Us/out/production/Among%20Us/assets/textures/animacion_negro.png
23:55:20.961 [JavaFX Application Thread] DEBUG FXGLAssetLoaderServi - Loading from file system: file:/C:/Users/josue/OneDrive/Desktop/proyecto%20java/Among%20Us/out/production/Among%20Us/assets/textures/alcantarilla_negro.png
23:55:20.963 [JavaFX Application Thread] DEBUG FXGLAssetLoaderServi - Loading from file system: file:/C:/Users/josue/OneDrive/Desktop/proyecto%20java/Among%20Us/out/production/Among%20Us/assets/textures/alcantarilla_negroE.png
23:55:20.970 [JavaFX Application Thread] DEBUG FXGLAssetLoaderServi - Loading from file system: file:/C:/Users/josue/OneDrive/Desktop/proyecto%20java/Among%20Us/out/production/Among%20Us/assets/textures/marron_muerto.png
23:55:20.971 [JavaFX Application Thread] DEBUG FXGLAssetLoaderServi - Loading from file system: file:/C:/Users/josue/OneDrive/Desktop/proyecto%20java/Among%20Us/out/production/Among%20Us/assets/textures/animacion_marron.png
23:55:20.973 [JavaFX Application Thread] DEBUG FXGLAssetLoaderServi - Loading from file system: file:/C:/Users/josue/OneDrive/Desktop/proyecto%20java/Among%20Us/out/production/Among%20Us/assets/textures/alcantarilla_marron.png
23:55:20.974 [JavaFX Application Thread] DEBUG FXGLAssetLoaderServi - Loading from file system: file:/C:/Users/josue/OneDrive/Desktop/proyecto%20java/Among%20Us/out/production/Among%20Us/assets/textures/alcantarilla_marronE.png
23:55:20.977 [JavaFX Application Thread] DEBUG FXGLAssetLoaderServi - Loading from file system: file:/C:/Users/josue/OneDrive/Desktop/proyecto%20java/Among%20Us/out/production/Among%20Us/assets/textures/accionNegada.png
23:55:20.984 [JavaFX Application Thread] DEBUG FXGLAssetLoaderServi - Loading from file system: file:/C:/Users/josue/OneDrive/Desktop/proyecto%20java/Among%20Us/out/production/Among%20Us/assets/textures/reportarNegado.png
23:55:20.993 [JavaFX Application Thread] DEBUG FXGLAssetLoaderServi - Loading from file system: file:/C:/Users/josue/OneDrive/Desktop/proyecto%20java/Among%20Us/out/production/Among%20Us/assets/textures/animacion_extintor.png
23:55:21.016 [JavaFX Application Thread] DEBUG FXGLAssetLoaderServi - Loading from file system: file:/C:/Users/josue/OneDrive/Desktop/proyecto%20java/Among%20Us/out/production/Among%20Us/assets/textures/animacion_temperatura.png
23:55:21.082 [JavaFX Application Thread] DEBUG FXGLAssetLoaderServi - Loading from file system: file:/C:/Users/josue/OneDrive/Desktop/proyecto%20java/Among%20Us/out/production/Among%20Us/assets/textures/animacion_encestar.png
23:55:21.151 [JavaFX Application Thread] DEBUG FXGLAssetLoaderServi - Loading from file system: file:/C:/Users/josue/OneDrive/Desktop/proyecto%20java/Among%20Us/out/production/Among%20Us/assets/textures/animacion_basura.png
23:55:21.191 [JavaFX Application Thread] DEBUG FXGLAssetLoaderServi - Loading from file system: file:/C:/Users/josue/OneDrive/Desktop/proyecto%20java/Among%20Us/out/production/Among%20Us/assets/textures/animacion_tarjeta.png
23:55:21.218 [JavaFX Application Thread] WARN  FXGLAssetLoaderServi - Asset "/assets/textures/animacion_reactor.png" was not found!
23:55:21.218 [JavaFX Application Thread] WARN  FXGLAssetLoaderServi - Failed to load IMAGE
23:55:21.243 [JavaFX Application Thread] DEBUG FXGLAssetLoaderServi - Loading from file system: file:/C:/Users/josue/OneDrive/Desktop/proyecto%20java/Among%20Us/out/production/Among%20Us/assets/textures/barra_0.png
23:55:21.248 [JavaFX Application Thread] DEBUG FXGLAssetLoaderServi - Loading from file system: file:/C:/Users/josue/OneDrive/Desktop/proyecto%20java/Among%20Us/out/production/Among%20Us/assets/textures/pantalla_tripulante.png
23:55:37.834 [JavaFX Application Thread] DEBUG FXGLAssetLoaderServi - Loading from file system: file:/C:/Users/josue/OneDrive/Desktop/proyecto%20java/Among%20Us/out/production/Among%20Us/assets/textures/reunion.png
23:55:41.744 [JavaFX Application Thread] DEBUG FXGLAssetLoaderServi - Loading from file system: file:/C:/Users/josue/OneDrive/Desktop/proyecto%20java/Among%20Us/out/production/Among%20Us/assets/textures/botonVotar.png
23:56:00.080 [JavaFX Application Thread] DEBUG FXGLAssetLoaderServi - Loading from file system: file:/C:/Users/josue/OneDrive/Desktop/proyecto%20java/Among%20Us/out/production/Among%20Us/assets/textures/expulsion_negro.png
23:56:00.806 [JavaFX Application Thread] DEBUG FXGLAssetLoaderServi - Loading from file system: file:/C:/Users/josue/OneDrive/Desktop/proyecto%20java/Among%20Us/out/production/Among%20Us/assets/textures/victoria_tripulante.png
23:56:05.491 [JavaFX Application Thread] DEBUG LoopRunner           - Stopping loop
23:56:05.501 [JavaFX Application Thread] FATAL FXGLApplication      - Uncaught Exception:
java.lang.NullPointerException: Cannot invoke "javafx.scene.control.Label.setText(String)" because "this.labelContador" is null
	at main.java.amongUs.MenuController.actualizarLobby(MenuController.java:86)
	at main.java.amongUs.Cliente$1.lambda$received$0(Cliente.java:42)
	at com.sun.javafx.application.PlatformImpl.lambda$runLater$10(PlatformImpl.java:456)
	at java.base/java.security.AccessController.doPrivileged(AccessController.java:138)
	at com.sun.javafx.application.PlatformImpl.lambda$runLater$11(PlatformImpl.java:455)
	at com.sun.glass.ui.InvokeLaterDispatcher$Future.run(InvokeLaterDispatcher.java:95)
	at com.sun.glass.ui.win.WinApplication._runLoop(Native Method)
	at com.sun.glass.ui.win.WinApplication.lambda$runLoop$3(WinApplication.java:185)
	at java.base/java.lang.Thread.run(Thread.java:1474)

23:56:05.501 [JavaFX Application Thread] FATAL FXGLApplication      - Application will now exit
23:56:05.507 [JavaFX Application Thread] DEBUG PrimaryStageWindow   - Push state: ErrorSubScene
23:56:05.508 [JavaFX Application Thread] DEBUG Input                - Clearing active input actions
23:56:05.508 [JavaFX Application Thread] DEBUG GameApplicationServi - Removing overlay from GameScene and adding to ErrorSubScene
23:56:05.508 [JavaFX Application Thread] DEBUG PrimaryStageWindow   - GameScene -> ErrorSubScene
23:56:13.023 [JavaFX Application Thread] DEBUG FXGLApplication      - Exiting FXGL
23:56:13.023 [JavaFX Application Thread] DEBUG Async                - Shutting down background threads
23:56:13.024 [JavaFX Application Thread] DEBUG PrimaryStageWindow   - Closing main window
23:56:13.062 [JavaFX Application Thread] DEBUG Logger               - Closing Logger
