12:10:54.298 [main                     ] DEBUG Logger               - Configured Logger
12:10:54.334 [main                     ] DEBUG GameApplication      - Logging settings
Title: Among Us UNEG
Version: 0.0
Width: 800
Height: 600
Fullscreen: false
Intro: false
Profiling: false
Single step:false
App Mode: DEVELOPER
Menu Key: ESCAPE
Stage Style: DECORATED
Scene Factory: class com.almasb.fxgl.app.scene.SceneFactory

12:10:56.047 [JavaFX Application Thread] DEBUG FXGLApplication      - Initializing FXGL
12:10:56.052 [JavaFX Application Thread] INFO  Engine               - FXGL-21.1 (26.03.2024 17.33) on WINDOWS (J:25.0.2 FX:21.0.1)
12:10:56.053 [JavaFX Application Thread] DEBUG Engine               - JRE Vendor Name: Oracle Corporation
12:10:56.053 [JavaFX Application Thread] DEBUG Engine               - Running on OS: Windows 11 version 10.0
12:10:56.053 [JavaFX Application Thread] DEBUG Engine               - Architecture: amd64
12:10:56.053 [JavaFX Application Thread] INFO  Engine               - Source code and latest versions at: https://github.com/AlmasB/FXGL
12:10:56.053 [JavaFX Application Thread] INFO  Engine               -       Ask questions and discuss at: https://github.com/AlmasB/FXGL/discussions
12:10:56.053 [JavaFX Application Thread] INFO  Engine               -              Join the FXGL chat at: https://gitter.im/AlmasB/FXGL
12:10:56.315 [JavaFX Application Thread] DEBUG PrimaryStageWindow   - Creating a JavaFX scene
12:10:56.512 [JavaFX Application Thread] DEBUG PrimaryStageWindow   - Target settings size: 800.0 x 600.0
12:10:56.513 [JavaFX Application Thread] DEBUG PrimaryStageWindow   - Scaled scene size:    800.0 x 600.0
12:10:56.513 [JavaFX Application Thread] DEBUG PrimaryStageWindow   - Scaled ratio: (1.0, 1.0)
12:10:56.514 [JavaFX Application Thread] DEBUG PrimaryStageWindow   - Set initial scene to FXGLStartupScene
12:10:56.523 [JavaFX Application Thread] DEBUG PrimaryStageWindow   - Opening main window
12:10:56.889 [JavaFX Application Thread] DEBUG PrimaryStageWindow   - Window border size: (16.0, 39.0)
12:10:56.889 [JavaFX Application Thread] DEBUG PrimaryStageWindow   - Scaled size: 800.0 x 600.0
12:10:56.889 [JavaFX Application Thread] DEBUG PrimaryStageWindow   - Scaled ratio: (1.0, 1.0)
12:10:56.889 [JavaFX Application Thread] DEBUG PrimaryStageWindow   - Scene size: 800.0 x 600.0
12:10:56.889 [JavaFX Application Thread] DEBUG PrimaryStageWindow   - Stage size: 816.0 x 639.0
12:10:56.981 [FXGL Background Thread 1 ] DEBUG Engine               - Initializing environment variables
12:10:57.087 [FXGL Background Thread 1 ] DEBUG FXGLAssetLoaderServi - User app class for loading assets: class main.java.amongUs.AppPrincipal
12:10:57.087 [FXGL Background Thread 1 ] DEBUG GameApplicationServi - Applying CSS: fxgl_dark.css
12:10:57.088 [FXGL Background Thread 1 ] DEBUG FXGLAssetLoaderServi - Loading from file system: jar:file:/C:/Users/josue/OneDrive/Desktop/proyecto%20java/Among%20Us/lib/fxgl-21.1-uber.jar!/fxglassets/ui/css/fxgl_dark.css
12:10:57.202 [FXGL Background Thread 1 ] DEBUG GameApplicationServi - Initializing application scenes
12:10:57.431 [FXGL Background Thread 1 ] DEBUG GameWorld            - Game world initialized
12:10:57.499 [FXGL Background Thread 1 ] DEBUG PhysicsWorld         - Physics world initialized: appHeight=600, physics.ppm=50,0
12:10:57.499 [FXGL Background Thread 1 ] DEBUG PhysicsWorld         - Using strategy: BRUTE_FORCE
12:10:57.504 [FXGL Background Thread 1 ] DEBUG GameScene            - Game scene initialized: 800x600
12:10:57.521 [FXGL Background Thread 1 ] DEBUG FXGL.DefaultMenu     - createMenuBodyGameMenu()
12:10:57.543 [FXGL Background Thread 1 ] DEBUG FXGL.DefaultMenu     - createOptionsMenu()
12:10:57.559 [FXGL Background Thread 1 ] DEBUG FXGLAssetLoaderServi - Loading from file system: jar:file:/C:/Users/josue/OneDrive/Desktop/proyecto%20java/Among%20Us/lib/fxgl-21.1-uber.jar!/fxglassets/textures/particles/smoke.png
12:10:57.705 [FXGL Background Thread 1 ] DEBUG FXGLAssetLoaderServi - Loading from file system: jar:file:/C:/Users/josue/OneDrive/Desktop/proyecto%20java/Among%20Us/lib/fxgl-21.1-uber.jar!/fxglassets/textures/particles/trace_horizontal.png
12:10:57.747 [FXGL Background Thread 1 ] DEBUG GameApplicationServi - Application scenes initialized
12:10:57.768 [FXGL Background Thread 1 ] DEBUG SystemBundleService  - Loading FXGL system data
12:10:57.777 [FXGL Background Thread 1 ] DEBUG FileSystemAccess     - Reading from: C:\Users\josue\OneDrive\Desktop\proyecto java\Among Us\system\fxgl.bundle
12:10:57.787 [FXGL Background Thread 1 ] DEBUG SystemBundleService  - Bundle FXGL: {}
12:10:57.787 [FXGL Background Thread 1 ] DEBUG UpdaterService       - Checking for updates
12:10:57.794 [FXGL Background Thread 1 ] DEBUG FXGLApplication      - Loading default localization
12:10:57.795 [FXGL Background Thread 1 ] DEBUG FXGLAssetLoaderServi - Loading from file system: jar:file:/C:/Users/josue/OneDrive/Desktop/proyecto%20java/Among%20Us/lib/fxgl-21.1-uber.jar!/fxglassets/languages/english.lang
12:10:57.824 [FXGL Background Thread 1 ] INFO  FXGLApplication      - FXGL initialization took: 0,843 sec
12:10:57.836 [JavaFX Application Thread] DEBUG Input                - Registered new binding: Mover Arriba - W
12:10:57.837 [JavaFX Application Thread] DEBUG Input                - Registered new binding: Mover Abajo - S
12:10:57.837 [JavaFX Application Thread] DEBUG Input                - Registered new binding: Mover Izquierda - A
12:10:57.837 [JavaFX Application Thread] DEBUG Input                - Registered new binding: Mover Derecha - D
12:10:57.838 [JavaFX Application Thread] DEBUG Input                - Registered new binding: Abrir Camaras - C
12:10:57.838 [JavaFX Application Thread] DEBUG Input                - Registered new binding: Usar Alcantarilla - Space
12:10:57.838 [JavaFX Application Thread] DEBUG Input                - Registered new binding: Vent Izquierda - Left
12:10:57.838 [JavaFX Application Thread] DEBUG Input                - Registered new binding: Vent Derecha - Right
12:10:57.838 [JavaFX Application Thread] DEBUG Input                - Registered new binding: Vent Arriba - Up
12:10:57.838 [JavaFX Application Thread] DEBUG Input                - Registered new binding: Vent Abajo - Down
12:10:57.838 [JavaFX Application Thread] DEBUG Input                - Registered new binding: Matar Jugador - Q
12:10:57.838 [JavaFX Application Thread] DEBUG Input                - Registered new binding: Reportar Cadaver - R
12:10:57.840 [JavaFX Application Thread] DEBUG FXGLAssetLoaderServi - Loading from file system: file:/C:/Users/josue/OneDrive/Desktop/proyecto%20java/Among%20Us/out/production/Among%20Us/assets/textures/icono.png
12:10:57.927 [FXGL Background Thread 4 ] DEBUG FXGLApplication      - Loading fonts
12:10:57.928 [FXGL Background Thread 4 ] DEBUG FXGLAssetLoaderServi - Loading from file system: jar:file:/C:/Users/josue/OneDrive/Desktop/proyecto%20java/Among%20Us/lib/fxgl-21.1-uber.jar!/fxglassets/ui/fonts/VarelaRound-Regular.ttf
12:10:57.951 [JavaFX Application Thread] DEBUG FXGLAssetLoaderServi - Loading from file system: jar:file:/C:/Users/josue/OneDrive/Desktop/proyecto%20java/Among%20Us/lib/fxgl-21.1-uber.jar!/fxglassets/textures/fxgl_default_cursor.png
12:10:57.963 [JavaFX Application Thread] DEBUG Input                - Registered new binding: Screenshot - CTRL+8
12:10:57.963 [JavaFX Application Thread] DEBUG Input                - Registered new binding: System info dump - CTRL+9
12:10:57.964 [JavaFX Application Thread] DEBUG Input                - Registered new binding: Restart - CTRL+R
12:10:57.964 [JavaFX Application Thread] DEBUG Input                - Registered new binding: Toggle Debug Camera - CTRL+7
12:10:57.969 [JavaFX Application Thread] DEBUG LoopRunner           - Starting loop
12:10:57.969 [JavaFX Application Thread] DEBUG LoopRunner           - Initializing JavaFX AnimationTimerLoop
12:10:57.971 [JavaFX Application Thread] DEBUG GameApplicationServi - Starting new game
12:10:57.971 [JavaFX Application Thread] DEBUG Input                - Clearing active input actions
12:10:58.002 [JavaFX Application Thread] DEBUG GameApplicationServi - Removing overlay from FXGLStartupScene and adding to FXGLLoadingScene
12:10:58.002 [JavaFX Application Thread] DEBUG PrimaryStageWindow   - FXGLStartupScene -> FXGLLoadingScene
12:10:58.002 [JavaFX Application Thread] DEBUG GameApplicationServi - Clearing previous game
12:10:58.002 [JavaFX Application Thread] DEBUG GameScene            - Clearing game scene
12:10:58.002 [JavaFX Application Thread] DEBUG GameWorld            - Clearing game world
12:10:58.002 [JavaFX Application Thread] DEBUG PhysicsWorld         - Clearing physics world
12:10:58.005 [FXGL Background Thread 1 ] DEBUG FXGLApplication      - Initializing game
12:10:58.029 [FXGL Background Thread 1 ] DEBUG FXGLAssetLoaderServi - Loading from file system: file:/C:/Users/josue/OneDrive/Desktop/proyecto%20java/Among%20Us/out/production/Among%20Us/assets/music/musicaMenu.mp3
12:10:58.693 [FXGL Background Thread 4 ] DEBUG FXGLAssetLoaderServi - Loading from file system: jar:file:/C:/Users/josue/OneDrive/Desktop/proyecto%20java/Among%20Us/lib/fxgl-21.1-uber.jar!/fxglassets/ui/fonts/Abel-Regular.ttf
12:10:58.700 [FXGL Background Thread 4 ] DEBUG FXGLAssetLoaderServi - Loading from file system: jar:file:/C:/Users/josue/OneDrive/Desktop/proyecto%20java/Among%20Us/lib/fxgl-21.1-uber.jar!/fxglassets/ui/fonts/TerminalLandMono-Regular.otf
12:10:58.716 [FXGL Background Thread 4 ] DEBUG FXGLAssetLoaderServi - Loading from file system: jar:file:/C:/Users/josue/OneDrive/Desktop/proyecto%20java/Among%20Us/lib/fxgl-21.1-uber.jar!/fxglassets/ui/fonts/Courier-Prime.ttf
12:10:58.750 [JavaFX Application Thread] DEBUG FXGLApplication      - Registering font factories with UI factory
12:10:58.785 [FXGL Background Thread 1 ] DEBUG AudioPlayer          - Playing music com.almasb.fxgl.audio.Music@24cfffca
12:11:00.415 [FXGL Background Thread 1 ] INFO  FXGLApplication      - Game initialization took: 2,409 sec
12:11:00.416 [JavaFX Application Thread] DEBUG Input                - Clearing active input actions
12:11:00.446 [JavaFX Application Thread] DEBUG GameApplicationServi - Removing overlay from FXGLLoadingScene and adding to GameScene
12:11:00.446 [JavaFX Application Thread] DEBUG PrimaryStageWindow   - FXGLLoadingScene -> GameScene
12:11:00.488 [FXGL Background Thread 2 ] INFO  UpdaterService       - Your current version:  21.1
12:11:00.488 [FXGL Background Thread 2 ] INFO  UpdaterService       - Latest stable version: 25
12:11:00.791 [FXGL Background Thread 3 ] DEBUG Engine               - Logging environment variables
12:11:00.797 [FXGL Background Thread 3 ] DEBUG Engine               - achievements: []
12:11:00.797 [FXGL Background Thread 3 ] DEBUG Engine               - actualHeight: 600.0
12:11:00.797 [FXGL Background Thread 3 ] DEBUG Engine               - actualHeightProperty: ReadOnlyDoubleProperty [value: 600.0]
12:11:00.797 [FXGL Background Thread 3 ] DEBUG Engine               - actualWidth: 800.0
12:11:00.797 [FXGL Background Thread 3 ] DEBUG Engine               - actualWidthProperty: ReadOnlyDoubleProperty [value: 800.0]
12:11:00.797 [FXGL Background Thread 3 ] DEBUG Engine               - appIcon: icono.png
12:11:00.797 [FXGL Background Thread 3 ] DEBUG Engine               - applicationMode: DEVELOPER
12:11:00.797 [FXGL Background Thread 3 ] DEBUG Engine               - cSSList: [fxgl_dark.css]
12:11:00.798 [FXGL Background Thread 3 ] DEBUG Engine               - collisionDetectionStrategy: BRUTE_FORCE
12:11:00.798 [FXGL Background Thread 3 ] DEBUG Engine               - configClass: Optional.empty
12:11:00.799 [FXGL Background Thread 3 ] DEBUG Engine               - credits: []
12:11:00.799 [FXGL Background Thread 3 ] DEBUG Engine               - defaultCursor: CursorInfo(imageName=fxgl_default_cursor.png, hotspotX=7.0, hotspotY=6.0)
12:11:00.799 [FXGL Background Thread 3 ] DEBUG Engine               - devBBoxColorProperty: ObjectProperty [value: 0xff0000ff]
12:11:00.799 [FXGL Background Thread 3 ] DEBUG Engine               - devEnableDebugCameraProperty: BooleanProperty [value: false]
12:11:00.799 [FXGL Background Thread 3 ] DEBUG Engine               - devSensorColorProperty: ObjectProperty [value: 0xffff00ff]
12:11:00.799 [FXGL Background Thread 3 ] DEBUG Engine               - devShowBBoxProperty: BooleanProperty [value: false]
12:11:00.799 [FXGL Background Thread 3 ] DEBUG Engine               - devShowPositionProperty: BooleanProperty [value: false]
12:11:00.799 [FXGL Background Thread 3 ] DEBUG Engine               - enabledMenuItems: []
12:11:00.799 [FXGL Background Thread 3 ] DEBUG Engine               - engineServices: [class com.almasb.fxgl.app.services.FXGLAssetLoaderService, class com.almasb.fxgl.app.FXGLApplication$GameApplicationService, class com.almasb.fxgl.app.services.FXGLDialogService, class com.almasb.fxgl.app.services.IOTaskExecutorService, class com.almasb.fxgl.io.FileSystemService, class com.almasb.fxgl.localization.LocalizationService, class com.almasb.fxgl.app.services.SystemBundleService, class com.almasb.fxgl.profile.SaveLoadService, class com.almasb.fxgl.ui.FXGLUIFactoryServiceProvider, class com.almasb.fxgl.ui.FXGLDialogFactoryServiceProvider, class com.almasb.fxgl.audio.AudioPlayer, class com.almasb.fxgl.notification.impl.NotificationServiceProvider, class com.almasb.fxgl.achievement.AchievementService, class com.almasb.fxgl.cutscene.CutsceneService, class com.almasb.fxgl.minigames.MiniGameService, class com.almasb.fxgl.net.NetService, class com.almasb.fxgl.app.services.UpdaterService, class com.almasb.fxgl.dev.DevService]
12:11:00.801 [FXGL Background Thread 3 ] DEBUG Engine               - fontGame: Abel-Regular.ttf
12:11:00.801 [FXGL Background Thread 3 ] DEBUG Engine               - fontMono: TerminalLandMono-Regular.otf
12:11:00.801 [FXGL Background Thread 3 ] DEBUG Engine               - fontSizeScaleUI: 1.0
12:11:00.801 [FXGL Background Thread 3 ] DEBUG Engine               - fontText: Courier-Prime.ttf
12:11:00.801 [FXGL Background Thread 3 ] DEBUG Engine               - fontUI: VarelaRound-Regular.ttf
12:11:00.801 [FXGL Background Thread 3 ] DEBUG Engine               - fullScreen: BooleanProperty [value: false]
12:11:00.801 [FXGL Background Thread 3 ] DEBUG Engine               - gameDifficulty: MEDIUM
12:11:00.801 [FXGL Background Thread 3 ] DEBUG Engine               - gameDifficultyProperty: ObjectProperty [value: MEDIUM]
12:11:00.801 [FXGL Background Thread 3 ] DEBUG Engine               - globalMusicVolume: 0.5
12:11:00.801 [FXGL Background Thread 3 ] DEBUG Engine               - globalMusicVolumeProperty: DoubleProperty [value: 0.4]
12:11:00.801 [FXGL Background Thread 3 ] DEBUG Engine               - globalSoundVolume: 0.5
12:11:00.801 [FXGL Background Thread 3 ] DEBUG Engine               - globalSoundVolumeProperty: DoubleProperty [value: 0.5]
12:11:00.801 [FXGL Background Thread 3 ] DEBUG Engine               - height: 600
12:11:00.801 [FXGL Background Thread 3 ] DEBUG Engine               - is3D: false
12:11:00.801 [FXGL Background Thread 3 ] DEBUG Engine               - isAndroid: false
12:11:00.801 [FXGL Background Thread 3 ] DEBUG Engine               - isBrowser: false
12:11:00.801 [FXGL Background Thread 3 ] DEBUG Engine               - isClickFeedbackEnabled: false
12:11:00.801 [FXGL Background Thread 3 ] DEBUG Engine               - isCloseConfirmation: false
12:11:00.801 [FXGL Background Thread 3 ] DEBUG Engine               - isDesktop: true
12:11:00.801 [FXGL Background Thread 3 ] DEBUG Engine               - isDeveloperMenuEnabled: false
12:11:00.801 [FXGL Background Thread 3 ] DEBUG Engine               - isEmbedded: false
12:11:00.802 [FXGL Background Thread 3 ] DEBUG Engine               - isEntityPreloadEnabled: true
12:11:00.802 [FXGL Background Thread 3 ] DEBUG Engine               - isExperimentalTiledLargeMap: false
12:11:00.802 [FXGL Background Thread 3 ] DEBUG Engine               - isFileSystemWriteAllowed: true
12:11:00.802 [FXGL Background Thread 3 ] DEBUG Engine               - isFullScreenAllowed: false
12:11:00.802 [FXGL Background Thread 3 ] DEBUG Engine               - isFullScreenFromStart: false
12:11:00.802 [FXGL Background Thread 3 ] DEBUG Engine               - isGameMenuEnabled: true
12:11:00.802 [FXGL Background Thread 3 ] DEBUG Engine               - isIOS: false
12:11:00.802 [FXGL Background Thread 3 ] DEBUG Engine               - isIntroEnabled: false
12:11:00.802 [FXGL Background Thread 3 ] DEBUG Engine               - isLinux: false
12:11:00.802 [FXGL Background Thread 3 ] DEBUG Engine               - isMac: false
12:11:00.802 [FXGL Background Thread 3 ] DEBUG Engine               - isMainMenuEnabled: false
12:11:00.802 [FXGL Background Thread 3 ] DEBUG Engine               - isManualResizeEnabled: false
12:11:00.802 [FXGL Background Thread 3 ] DEBUG Engine               - isMobile: false
12:11:00.802 [FXGL Background Thread 3 ] DEBUG Engine               - isNative: false
12:11:00.802 [FXGL Background Thread 3 ] DEBUG Engine               - isPauseMusicWhenMinimized: true
12:11:00.802 [FXGL Background Thread 3 ] DEBUG Engine               - isPreserveResizeRatio: false
12:11:00.802 [FXGL Background Thread 3 ] DEBUG Engine               - isProfilingEnabled: false
12:11:00.802 [FXGL Background Thread 3 ] DEBUG Engine               - isScaleAffectedOnResize: true
12:11:00.802 [FXGL Background Thread 3 ] DEBUG Engine               - isSingleStep: false
12:11:00.802 [FXGL Background Thread 3 ] DEBUG Engine               - isUserProfileEnabled: false
12:11:00.803 [FXGL Background Thread 3 ] DEBUG Engine               - isWindows: true
12:11:00.803 [FXGL Background Thread 3 ] DEBUG Engine               - language: ObjectProperty [value: ENGLISH]
12:11:00.803 [FXGL Background Thread 3 ] DEBUG Engine               - menuKey: ESCAPE
12:11:00.803 [FXGL Background Thread 3 ] DEBUG Engine               - mouseSensitivity: 0.2
12:11:00.803 [FXGL Background Thread 3 ] DEBUG Engine               - notificationViewClass: class com.almasb.fxgl.notification.view.XboxNotificationView
12:11:00.803 [FXGL Background Thread 3 ] DEBUG Engine               - pixelsPerMeter: 50.0
12:11:00.804 [FXGL Background Thread 3 ] DEBUG Engine               - platform: WINDOWS
12:11:00.804 [FXGL Background Thread 3 ] DEBUG Engine               - prefHeightProperty: ReadOnlyDoubleProperty [value: 600.0]
12:11:00.804 [FXGL Background Thread 3 ] DEBUG Engine               - prefWidthProperty: ReadOnlyDoubleProperty [value: 800.0]
12:11:00.804 [FXGL Background Thread 3 ] DEBUG Engine               - profileDir: profiles/
12:11:00.804 [FXGL Background Thread 3 ] DEBUG Engine               - profileName: StringProperty [value: DEFAULT]
12:11:00.804 [FXGL Background Thread 3 ] DEBUG Engine               - randomSeed: -1
12:11:00.804 [FXGL Background Thread 3 ] DEBUG Engine               - runtimeInfo: RuntimeInfo(platform=WINDOWS, version=21.1, build=26.03.2024 17.33)
12:11:00.804 [FXGL Background Thread 3 ] DEBUG Engine               - saveFileExt: sav
12:11:00.805 [FXGL Background Thread 3 ] DEBUG Engine               - scaledHeightProp$fxgl: DoubleProperty [bound, value: 600.0]
12:11:00.805 [FXGL Background Thread 3 ] DEBUG Engine               - scaledWidthProp$fxgl: DoubleProperty [bound, value: 800.0]
12:11:00.806 [FXGL Background Thread 3 ] DEBUG Engine               - sceneFactory: com.almasb.fxgl.app.scene.SceneFactory@388a2a1e
12:11:00.806 [FXGL Background Thread 3 ] DEBUG Engine               - secondsIn24h: 60
12:11:00.807 [FXGL Background Thread 3 ] DEBUG Engine               - soundMenuBack: menu/back.wav
12:11:00.807 [FXGL Background Thread 3 ] DEBUG Engine               - soundMenuPress: menu/press.wav
12:11:00.807 [FXGL Background Thread 3 ] DEBUG Engine               - soundMenuSelect: menu/select.wav
12:11:00.807 [FXGL Background Thread 3 ] DEBUG Engine               - soundNotification: core/notification.wav
12:11:00.807 [FXGL Background Thread 3 ] DEBUG Engine               - stageStyle: DECORATED
12:11:00.807 [FXGL Background Thread 3 ] DEBUG Engine               - supportedLanguages: [ENGLISH, FRENCH, GERMAN, HUNGARIAN, RUSSIAN]
12:11:00.807 [FXGL Background Thread 3 ] DEBUG Engine               - ticksPerSecond: -1
12:11:00.807 [FXGL Background Thread 3 ] DEBUG Engine               - title: Among Us UNEG
12:11:00.808 [FXGL Background Thread 3 ] DEBUG Engine               - urlGithub: https://github.com/AlmasB/FXGL
12:11:00.808 [FXGL Background Thread 3 ] DEBUG Engine               - urlLeaderboard: http://fxgl-top.herokuapp.com/
12:11:00.808 [FXGL Background Thread 3 ] DEBUG Engine               - urlPOM: https://raw.githubusercontent.com/AlmasB/FXGL/release/README.md
12:11:00.808 [FXGL Background Thread 3 ] DEBUG Engine               - userAppClass: class main.java.amongUs.AppPrincipal
12:11:00.808 [FXGL Background Thread 3 ] DEBUG Engine               - version: 0.0
12:11:00.808 [FXGL Background Thread 3 ] DEBUG Engine               - versionCheckDays: 7
12:11:00.808 [FXGL Background Thread 3 ] DEBUG Engine               - width: 800
12:11:00.808 [FXGL Background Thread 3 ] DEBUG Engine               - Logging services
12:11:00.808 [FXGL Background Thread 3 ] DEBUG Engine               - class com.almasb.fxgl.app.services.FXGLAssetLoaderService
12:11:00.809 [FXGL Background Thread 3 ] DEBUG Engine               - class com.almasb.fxgl.app.FXGLApplication$GameApplicationService
12:11:00.810 [FXGL Background Thread 3 ] DEBUG Engine               - class com.almasb.fxgl.app.services.FXGLDialogService
12:11:00.811 [FXGL Background Thread 3 ] DEBUG Engine               - class com.almasb.fxgl.app.services.IOTaskExecutorService
12:11:00.811 [FXGL Background Thread 3 ] DEBUG Engine               - class com.almasb.fxgl.io.FileSystemService
12:11:00.811 [FXGL Background Thread 3 ] DEBUG Engine               - class com.almasb.fxgl.localization.LocalizationService
12:11:00.811 [FXGL Background Thread 3 ] DEBUG Engine               - class com.almasb.fxgl.app.services.SystemBundleService
12:11:00.811 [FXGL Background Thread 3 ] DEBUG Engine               - class com.almasb.fxgl.profile.SaveLoadService
12:11:00.811 [FXGL Background Thread 3 ] DEBUG Engine               - class com.almasb.fxgl.ui.FXGLUIFactoryServiceProvider
12:11:00.811 [FXGL Background Thread 3 ] DEBUG Engine               - class com.almasb.fxgl.ui.FXGLDialogFactoryServiceProvider
12:11:00.811 [FXGL Background Thread 3 ] DEBUG Engine               - class com.almasb.fxgl.audio.AudioPlayer
12:11:00.811 [FXGL Background Thread 3 ] DEBUG Engine               - class com.almasb.fxgl.notification.impl.NotificationServiceProvider
12:11:00.812 [FXGL Background Thread 3 ] DEBUG Engine               - class com.almasb.fxgl.achievement.AchievementService
12:11:00.812 [FXGL Background Thread 3 ] DEBUG Engine               - class com.almasb.fxgl.cutscene.CutsceneService
12:11:00.812 [FXGL Background Thread 3 ] DEBUG Engine               - class com.almasb.fxgl.minigames.MiniGameService
12:11:00.812 [FXGL Background Thread 3 ] DEBUG Engine               - class com.almasb.fxgl.net.NetService
12:11:00.812 [FXGL Background Thread 3 ] DEBUG Engine               - class com.almasb.fxgl.app.services.UpdaterService
12:11:00.812 [FXGL Background Thread 3 ] DEBUG Engine               - class com.almasb.fxgl.dev.DevService
12:11:01.550 [JavaFX Application Thread] DEBUG FXGLAssetLoaderServi - Loading from file system: file:/C:/Users/josue/OneDrive/Desktop/proyecto%20java/Among%20Us/out/production/Among%20Us/assets/sounds/clickBoton.wav
12:11:05.192 [JavaFX Application Thread] DEBUG FXGLAssetLoaderServi - Loading from file system: file:/C:/Users/josue/OneDrive/Desktop/proyecto%20java/Among%20Us/out/production/Among%20Us/assets/textures/tripulante_blanco.png
12:11:32.387 [JavaFX Application Thread] DEBUG FXGLAssetLoaderServi - Loading from file system: file:/C:/Users/josue/OneDrive/Desktop/proyecto%20java/Among%20Us/out/production/Among%20Us/assets/textures/tripulante_negro.png
12:11:32.669 [JavaFX Application Thread] WARN  TMXLevelLoader       - TiledMap generated from 1.11.2. Supported version: 1.9.0. Some features may not be parsed fully.
12:11:32.734 [JavaFX Application Thread] DEBUG TMXLevelLoader       - Parsed TiledMap: file:/C:/Users/josue/OneDrive/Desktop/proyecto%20java/Among%20Us/out/production/Among%20Us/assets/levels/mapa2.tmx
12:11:32.736 [JavaFX Application Thread] DEBUG TMXLevelLoader       - Creating tile layer entities
12:11:32.738 [JavaFX Application Thread] DEBUG TilesetLoader        - Loading view for layer fondo1
12:11:32.739 [JavaFX Application Thread] DEBUG TilesetLoader        - Created buffer with size 992.0x960.0
12:11:32.766 [JavaFX Application Thread] DEBUG TilesetLoader        - Loading view for layer fondo
12:11:32.767 [JavaFX Application Thread] DEBUG TilesetLoader        - Created buffer with size 992.0x960.0
12:11:32.774 [JavaFX Application Thread] DEBUG TilesetLoader        - Loading view for layer piso
12:11:32.774 [JavaFX Application Thread] DEBUG TilesetLoader        - Created buffer with size 992.0x960.0
12:11:32.780 [JavaFX Application Thread] DEBUG TilesetLoader        - Loading view for layer piso1
12:11:32.782 [JavaFX Application Thread] DEBUG TilesetLoader        - Created buffer with size 992.0x960.0
12:11:32.798 [JavaFX Application Thread] DEBUG TilesetLoader        - Loading view for layer izquierda
12:11:32.799 [JavaFX Application Thread] DEBUG TilesetLoader        - Created buffer with size 992.0x960.0
12:11:32.808 [JavaFX Application Thread] DEBUG TilesetLoader        - Loading view for layer detallesatraspared
12:11:32.809 [JavaFX Application Thread] DEBUG TilesetLoader        - Created buffer with size 992.0x960.0
12:11:32.858 [JavaFX Application Thread] DEBUG TilesetLoader        - Loading view for layer pared2
12:11:32.859 [JavaFX Application Thread] DEBUG TilesetLoader        - Created buffer with size 992.0x960.0
12:11:32.880 [JavaFX Application Thread] DEBUG TilesetLoader        - Loading view for layer techo1
12:11:32.882 [JavaFX Application Thread] DEBUG TilesetLoader        - Created buffer with size 992.0x960.0
12:11:32.890 [JavaFX Application Thread] DEBUG TilesetLoader        - Loading view for layer techo2
12:11:32.891 [JavaFX Application Thread] DEBUG TilesetLoader        - Created buffer with size 992.0x960.0
12:11:32.897 [JavaFX Application Thread] DEBUG TilesetLoader        - Loading view for layer puertita
12:11:32.898 [JavaFX Application Thread] DEBUG TilesetLoader        - Created buffer with size 992.0x960.0
12:11:32.899 [JavaFX Application Thread] DEBUG TilesetLoader        - Loading view for layer puerta
12:11:32.900 [JavaFX Application Thread] DEBUG TilesetLoader        - Created buffer with size 992.0x960.0
12:11:32.903 [JavaFX Application Thread] DEBUG TilesetLoader        - Loading view for layer detalles
12:11:32.903 [JavaFX Application Thread] DEBUG TilesetLoader        - Created buffer with size 992.0x960.0
12:11:32.922 [JavaFX Application Thread] DEBUG TilesetLoader        - Loading view for layer detalles 2
12:11:32.923 [JavaFX Application Thread] DEBUG TilesetLoader        - Created buffer with size 992.0x960.0
12:11:32.940 [JavaFX Application Thread] DEBUG TilesetLoader        - Loading view for layer detalles3
12:11:32.942 [JavaFX Application Thread] DEBUG TilesetLoader        - Created buffer with size 992.0x960.0
12:11:32.970 [JavaFX Application Thread] DEBUG TilesetLoader        - Loading view for layer grieta
12:11:32.972 [JavaFX Application Thread] DEBUG TilesetLoader        - Created buffer with size 992.0x960.0
12:11:32.972 [JavaFX Application Thread] DEBUG TilesetLoader        - Loading view for layer camaras
12:11:32.975 [JavaFX Application Thread] DEBUG TilesetLoader        - Created buffer with size 992.0x960.0
12:11:32.980 [JavaFX Application Thread] DEBUG TilesetLoader        - Loading view for layer Techo
12:11:32.982 [JavaFX Application Thread] DEBUG TilesetLoader        - Created buffer with size 992.0x960.0
12:11:32.985 [JavaFX Application Thread] DEBUG TMXLevelLoader       - Creating object layer entities
12:11:33.074 [JavaFX Application Thread] DEBUG GameWorld            - Clearing removable entities
12:11:33.074 [JavaFX Application Thread] DEBUG GameWorld            - Setting level: com.almasb.fxgl.entity.level.Level@72f42b69
12:11:33.113 [JavaFX Application Thread] DEBUG FXGLAssetLoaderServi - Loading from file system: file:/C:/Users/josue/OneDrive/Desktop/proyecto%20java/Among%20Us/out/production/Among%20Us/assets/textures/MonitorDeCamaras.png
12:11:33.130 [JavaFX Application Thread] DEBUG FXGLAssetLoaderServi - Loading from file system: file:/C:/Users/josue/OneDrive/Desktop/proyecto%20java/Among%20Us/out/production/Among%20Us/assets/textures/flechaAmarillaIzq.png
12:11:33.133 [JavaFX Application Thread] DEBUG FXGLAssetLoaderServi - Loading from file system: file:/C:/Users/josue/OneDrive/Desktop/proyecto%20java/Among%20Us/out/production/Among%20Us/assets/textures/flechaAmarillaDer.png
12:11:33.146 [JavaFX Application Thread] DEBUG FXGLAssetLoaderServi - Loading from file system: file:/C:/Users/josue/OneDrive/Desktop/proyecto%20java/Among%20Us/out/production/Among%20Us/assets/textures/animacion_fantasma.png
12:11:33.149 [JavaFX Application Thread] DEBUG FXGLAssetLoaderServi - Loading from file system: file:/C:/Users/josue/OneDrive/Desktop/proyecto%20java/Among%20Us/out/production/Among%20Us/assets/textures/blanco_muerto.png
12:11:33.150 [JavaFX Application Thread] DEBUG FXGLAssetLoaderServi - Loading from file system: file:/C:/Users/josue/OneDrive/Desktop/proyecto%20java/Among%20Us/out/production/Among%20Us/assets/textures/animacion_blanco.png
12:11:33.152 [JavaFX Application Thread] DEBUG FXGLAssetLoaderServi - Loading from file system: file:/C:/Users/josue/OneDrive/Desktop/proyecto%20java/Among%20Us/out/production/Among%20Us/assets/textures/alcantarilla_blanco.png
12:11:33.153 [JavaFX Application Thread] DEBUG FXGLAssetLoaderServi - Loading from file system: file:/C:/Users/josue/OneDrive/Desktop/proyecto%20java/Among%20Us/out/production/Among%20Us/assets/textures/alcantarilla_blancoE.png
12:11:33.170 [JavaFX Application Thread] DEBUG FXGLAssetLoaderServi - Loading from file system: file:/C:/Users/josue/OneDrive/Desktop/proyecto%20java/Among%20Us/out/production/Among%20Us/assets/textures/negro_muerto.png
12:11:33.172 [JavaFX Application Thread] DEBUG FXGLAssetLoaderServi - Loading from file system: file:/C:/Users/josue/OneDrive/Desktop/proyecto%20java/Among%20Us/out/production/Among%20Us/assets/textures/animacion_negro.png
12:11:33.173 [JavaFX Application Thread] DEBUG FXGLAssetLoaderServi - Loading from file system: file:/C:/Users/josue/OneDrive/Desktop/proyecto%20java/Among%20Us/out/production/Among%20Us/assets/textures/alcantarilla_negro.png
12:11:33.175 [JavaFX Application Thread] DEBUG FXGLAssetLoaderServi - Loading from file system: file:/C:/Users/josue/OneDrive/Desktop/proyecto%20java/Among%20Us/out/production/Among%20Us/assets/textures/alcantarilla_negroE.png
12:11:33.177 [JavaFX Application Thread] DEBUG FXGLAssetLoaderServi - Loading from file system: file:/C:/Users/josue/OneDrive/Desktop/proyecto%20java/Among%20Us/out/production/Among%20Us/assets/textures/accionNegada.png
12:11:33.184 [JavaFX Application Thread] DEBUG FXGLAssetLoaderServi - Loading from file system: file:/C:/Users/josue/OneDrive/Desktop/proyecto%20java/Among%20Us/out/production/Among%20Us/assets/textures/reportarNegado.png
12:11:33.191 [JavaFX Application Thread] DEBUG FXGLAssetLoaderServi - Loading from file system: file:/C:/Users/josue/OneDrive/Desktop/proyecto%20java/Among%20Us/out/production/Among%20Us/assets/textures/animacion_extintor.png
12:11:33.213 [JavaFX Application Thread] DEBUG FXGLAssetLoaderServi - Loading from file system: file:/C:/Users/josue/OneDrive/Desktop/proyecto%20java/Among%20Us/out/production/Among%20Us/assets/textures/animacion_datos.png
12:11:33.262 [JavaFX Application Thread] DEBUG FXGLAssetLoaderServi - Loading from file system: file:/C:/Users/josue/OneDrive/Desktop/proyecto%20java/Among%20Us/out/production/Among%20Us/assets/textures/animacion_temperatura.png
12:11:33.323 [JavaFX Application Thread] DEBUG FXGLAssetLoaderServi - Loading from file system: file:/C:/Users/josue/OneDrive/Desktop/proyecto%20java/Among%20Us/out/production/Among%20Us/assets/textures/animacion_encestar.png
12:11:33.382 [JavaFX Application Thread] DEBUG FXGLAssetLoaderServi - Loading from file system: file:/C:/Users/josue/OneDrive/Desktop/proyecto%20java/Among%20Us/out/production/Among%20Us/assets/textures/animacion_basura.png
12:11:33.418 [JavaFX Application Thread] DEBUG FXGLAssetLoaderServi - Loading from file system: file:/C:/Users/josue/OneDrive/Desktop/proyecto%20java/Among%20Us/out/production/Among%20Us/assets/textures/barra_0.png
12:11:33.424 [JavaFX Application Thread] DEBUG FXGLAssetLoaderServi - Loading from file system: file:/C:/Users/josue/OneDrive/Desktop/proyecto%20java/Among%20Us/out/production/Among%20Us/assets/textures/pantalla_tripulante.png
12:11:40.803 [JavaFX Application Thread] DEBUG FXGLAssetLoaderServi - Loading from file system: file:/C:/Users/josue/OneDrive/Desktop/proyecto%20java/Among%20Us/out/production/Among%20Us/assets/textures/accion.png
12:11:41.136 [JavaFX Application Thread] DEBUG FXGLAssetLoaderServi - Loading from file system: file:/C:/Users/josue/OneDrive/Desktop/proyecto%20java/Among%20Us/out/production/Among%20Us/assets/textures/reunion.png
12:11:45.927 [JavaFX Application Thread] DEBUG FXGLAssetLoaderServi - Loading from file system: file:/C:/Users/josue/OneDrive/Desktop/proyecto%20java/Among%20Us/out/production/Among%20Us/assets/textures/botonVotar.png
12:12:14.239 [JavaFX Application Thread] DEBUG FXGLAssetLoaderServi - Loading from file system: file:/C:/Users/josue/OneDrive/Desktop/proyecto%20java/Among%20Us/out/production/Among%20Us/assets/textures/panel_temperatura.png
12:12:35.738 [JavaFX Application Thread] DEBUG FXGLAssetLoaderServi - Loading from file system: file:/C:/Users/josue/OneDrive/Desktop/proyecto%20java/Among%20Us/out/production/Among%20Us/assets/textures/temperatura_final.png
12:12:37.060 [JavaFX Application Thread] DEBUG FXGLAssetLoaderServi - Loading from file system: file:/C:/Users/josue/OneDrive/Desktop/proyecto%20java/Among%20Us/out/production/Among%20Us/assets/textures/barra_1.png
12:12:39.987 [JavaFX Application Thread] DEBUG FXGLAssetLoaderServi - Loading from file system: file:/C:/Users/josue/OneDrive/Desktop/proyecto%20java/Among%20Us/out/production/Among%20Us/assets/textures/panel_datos.png
12:12:50.774 [JavaFX Application Thread] DEBUG FXGLAssetLoaderServi - Loading from file system: file:/C:/Users/josue/OneDrive/Desktop/proyecto%20java/Among%20Us/out/production/Among%20Us/assets/textures/datos_terminado.png
12:12:51.777 [JavaFX Application Thread] DEBUG FXGLAssetLoaderServi - Loading from file system: file:/C:/Users/josue/OneDrive/Desktop/proyecto%20java/Among%20Us/out/production/Among%20Us/assets/textures/barra_2.png
12:13:34.206 [JavaFX Application Thread] DEBUG AudioPlayer          - Pausing music com.almasb.fxgl.audio.Music@24cfffca
12:13:34.210 [JavaFX Application Thread] DEBUG LoopRunner           - Pausing loop
12:13:34.634 [JavaFX Application Thread] DEBUG LoopRunner           - Resuming loop
12:13:34.634 [JavaFX Application Thread] DEBUG AudioPlayer          - Resuming music com.almasb.fxgl.audio.Music@24cfffca
12:15:32.498 [JavaFX Application Thread] DEBUG AudioPlayer          - Pausing music com.almasb.fxgl.audio.Music@24cfffca
12:15:32.502 [JavaFX Application Thread] DEBUG LoopRunner           - Pausing loop
12:15:33.038 [JavaFX Application Thread] DEBUG LoopRunner           - Resuming loop
12:15:33.038 [JavaFX Application Thread] DEBUG AudioPlayer          - Resuming music com.almasb.fxgl.audio.Music@24cfffca
12:15:37.068 [JavaFX Application Thread] DEBUG Input                - Mocking key press: C
12:15:37.069 [JavaFX Application Thread] DEBUG Input                - Mocking key release: C
12:15:46.022 [JavaFX Application Thread] DEBUG FXGLAssetLoaderServi - Loading from file system: file:/C:/Users/josue/OneDrive/Desktop/proyecto%20java/Among%20Us/out/production/Among%20Us/assets/textures/panel_encestar.png
12:15:55.268 [JavaFX Application Thread] DEBUG FXGLAssetLoaderServi - Loading from file system: file:/C:/Users/josue/OneDrive/Desktop/proyecto%20java/Among%20Us/out/production/Among%20Us/assets/textures/encestar_final.png
12:15:56.259 [JavaFX Application Thread] DEBUG FXGLAssetLoaderServi - Loading from file system: file:/C:/Users/josue/OneDrive/Desktop/proyecto%20java/Among%20Us/out/production/Among%20Us/assets/textures/barra_3.png
12:16:02.305 [JavaFX Application Thread] DEBUG FXGLAssetLoaderServi - Loading from file system: file:/C:/Users/josue/OneDrive/Desktop/proyecto%20java/Among%20Us/out/production/Among%20Us/assets/textures/panel_extintor.png
12:16:11.028 [JavaFX Application Thread] DEBUG FXGLAssetLoaderServi - Loading from file system: file:/C:/Users/josue/OneDrive/Desktop/proyecto%20java/Among%20Us/out/production/Among%20Us/assets/textures/extintor_apagado.png
12:16:12.036 [JavaFX Application Thread] DEBUG FXGLAssetLoaderServi - Loading from file system: file:/C:/Users/josue/OneDrive/Desktop/proyecto%20java/Among%20Us/out/production/Among%20Us/assets/textures/barra_4.png
12:16:12.048 [JavaFX Application Thread] DEBUG FXGLAssetLoaderServi - Loading from file system: file:/C:/Users/josue/OneDrive/Desktop/proyecto%20java/Among%20Us/out/production/Among%20Us/assets/textures/victoria_tripulante.png
12:16:19.275 [JavaFX Application Thread] DEBUG FXGLApplication      - Exiting FXGL
12:16:19.275 [JavaFX Application Thread] DEBUG LoopRunner           - Stopping loop
12:16:19.275 [JavaFX Application Thread] DEBUG SystemBundleService  - Saving FXGL system data
12:16:19.278 [JavaFX Application Thread] DEBUG FileSystemAccess     - Writing to: C:\Users\josue\OneDrive\Desktop\proyecto java\Among Us\system\fxgl.bundle
12:16:19.281 [JavaFX Application Thread] DEBUG Async                - Shutting down background threads
12:16:19.281 [JavaFX Application Thread] DEBUG PrimaryStageWindow   - Closing main window
12:16:19.318 [JavaFX Application Thread] DEBUG Logger               - Closing Logger
