18:40:52.675 [main                     ] DEBUG Logger               - Configured Logger
18:40:52.725 [main                     ] DEBUG GameApplication      - Logging settings
Title: Among Us UNEG
Version: 0.0
Width: 800
Height: 600
Fullscreen: false
Intro: false
Profiling: false
Single step:false
App Mode: DEVELOPER
Menu Key: ESCAPE
Stage Style: DECORATED
Scene Factory: class com.almasb.fxgl.app.scene.SceneFactory

18:40:54.040 [JavaFX Application Thread] DEBUG FXGLApplication      - Initializing FXGL
18:40:54.047 [JavaFX Application Thread] INFO  Engine               - FXGL-21.1 (26.03.2024 17.33) on WINDOWS (J:25.0.2 FX:21.0.1)
18:40:54.048 [JavaFX Application Thread] DEBUG Engine               - JRE Vendor Name: Oracle Corporation
18:40:54.049 [JavaFX Application Thread] DEBUG Engine               - Running on OS: Windows 11 version 10.0
18:40:54.049 [JavaFX Application Thread] DEBUG Engine               - Architecture: amd64
18:40:54.049 [JavaFX Application Thread] INFO  Engine               - Source code and latest versions at: https://github.com/AlmasB/FXGL
18:40:54.049 [JavaFX Application Thread] INFO  Engine               -       Ask questions and discuss at: https://github.com/AlmasB/FXGL/discussions
18:40:54.049 [JavaFX Application Thread] INFO  Engine               -              Join the FXGL chat at: https://gitter.im/AlmasB/FXGL
18:40:54.285 [JavaFX Application Thread] DEBUG PrimaryStageWindow   - Creating a JavaFX scene
18:40:54.420 [JavaFX Application Thread] DEBUG PrimaryStageWindow   - Target settings size: 800.0 x 600.0
18:40:54.420 [JavaFX Application Thread] DEBUG PrimaryStageWindow   - Scaled scene size:    800.0 x 600.0
18:40:54.420 [JavaFX Application Thread] DEBUG PrimaryStageWindow   - Scaled ratio: (1.0, 1.0)
18:40:54.422 [JavaFX Application Thread] DEBUG PrimaryStageWindow   - Set initial scene to FXGLStartupScene
18:40:54.432 [JavaFX Application Thread] DEBUG PrimaryStageWindow   - Opening main window
18:40:54.583 [JavaFX Application Thread] DEBUG PrimaryStageWindow   - Window border size: (16.0, 39.0)
18:40:54.583 [JavaFX Application Thread] DEBUG PrimaryStageWindow   - Scaled size: 800.0 x 600.0
18:40:54.583 [JavaFX Application Thread] DEBUG PrimaryStageWindow   - Scaled ratio: (1.0, 1.0)
18:40:54.583 [JavaFX Application Thread] DEBUG PrimaryStageWindow   - Scene size: 800.0 x 600.0
18:40:54.583 [JavaFX Application Thread] DEBUG PrimaryStageWindow   - Stage size: 816.0 x 639.0
18:40:54.608 [FXGL Background Thread 1 ] DEBUG Engine               - Initializing environment variables
18:40:54.845 [FXGL Background Thread 1 ] DEBUG FXGLAssetLoaderServi - User app class for loading assets: class main.java.amongUs.AppPrincipal
18:40:54.845 [FXGL Background Thread 1 ] DEBUG GameApplicationServi - Applying CSS: fxgl_dark.css
18:40:54.849 [FXGL Background Thread 1 ] DEBUG FXGLAssetLoaderServi - Loading from file system: jar:file:/C:/Users/josue/OneDrive/Desktop/proyecto%20java/Among%20Us/lib/fxgl-21.1-uber.jar!/fxglassets/ui/css/fxgl_dark.css
18:40:55.051 [FXGL Background Thread 1 ] DEBUG GameApplicationServi - Initializing application scenes
18:40:55.172 [FXGL Background Thread 1 ] DEBUG GameWorld            - Game world initialized
18:40:55.319 [FXGL Background Thread 1 ] DEBUG PhysicsWorld         - Physics world initialized: appHeight=600, physics.ppm=50,0
18:40:55.319 [FXGL Background Thread 1 ] DEBUG PhysicsWorld         - Using strategy: BRUTE_FORCE
18:40:55.332 [FXGL Background Thread 1 ] DEBUG GameScene            - Game scene initialized: 800x600
18:40:55.424 [FXGL Background Thread 1 ] DEBUG FXGL.DefaultMenu     - createMenuBodyGameMenu()
18:40:55.459 [FXGL Background Thread 1 ] DEBUG FXGL.DefaultMenu     - createOptionsMenu()
18:40:55.479 [FXGL Background Thread 1 ] DEBUG FXGLAssetLoaderServi - Loading from file system: jar:file:/C:/Users/josue/OneDrive/Desktop/proyecto%20java/Among%20Us/lib/fxgl-21.1-uber.jar!/fxglassets/textures/particles/smoke.png
18:40:55.649 [FXGL Background Thread 1 ] DEBUG FXGLAssetLoaderServi - Loading from file system: jar:file:/C:/Users/josue/OneDrive/Desktop/proyecto%20java/Among%20Us/lib/fxgl-21.1-uber.jar!/fxglassets/textures/particles/trace_horizontal.png
18:40:55.706 [FXGL Background Thread 1 ] DEBUG GameApplicationServi - Application scenes initialized
18:40:55.738 [FXGL Background Thread 1 ] DEBUG SystemBundleService  - Loading FXGL system data
18:40:55.745 [FXGL Background Thread 1 ] DEBUG FileSystemAccess     - Reading from: C:\Users\josue\OneDrive\Desktop\proyecto java\Among Us\system\fxgl.bundle
18:40:55.755 [FXGL Background Thread 1 ] DEBUG SystemBundleService  - Bundle FXGL: {}
18:40:55.756 [FXGL Background Thread 1 ] DEBUG UpdaterService       - Checking for updates
18:40:55.765 [FXGL Background Thread 1 ] DEBUG FXGLApplication      - Loading default localization
18:40:55.766 [FXGL Background Thread 1 ] DEBUG FXGLAssetLoaderServi - Loading from file system: jar:file:/C:/Users/josue/OneDrive/Desktop/proyecto%20java/Among%20Us/lib/fxgl-21.1-uber.jar!/fxglassets/languages/english.lang
18:40:55.791 [FXGL Background Thread 1 ] INFO  FXGLApplication      - FXGL initialization took: 1,181 sec
18:40:55.803 [JavaFX Application Thread] DEBUG Input                - Registered new binding: Mover Arriba - W
18:40:55.803 [JavaFX Application Thread] DEBUG Input                - Registered new binding: Mover Abajo - S
18:40:55.804 [JavaFX Application Thread] DEBUG Input                - Registered new binding: Mover Izquierda - A
18:40:55.804 [JavaFX Application Thread] DEBUG Input                - Registered new binding: Mover Derecha - D
18:40:55.804 [JavaFX Application Thread] DEBUG Input                - Registered new binding: Abrir Camaras - C
18:40:55.804 [JavaFX Application Thread] DEBUG Input                - Registered new binding: Usar Alcantarilla - Space
18:40:55.804 [JavaFX Application Thread] DEBUG Input                - Registered new binding: Vent Izquierda - Left
18:40:55.804 [JavaFX Application Thread] DEBUG Input                - Registered new binding: Vent Derecha - Right
18:40:55.804 [JavaFX Application Thread] DEBUG Input                - Registered new binding: Vent Arriba - Up
18:40:55.805 [JavaFX Application Thread] DEBUG Input                - Registered new binding: Vent Abajo - Down
18:40:55.805 [JavaFX Application Thread] DEBUG Input                - Registered new binding: Matar Jugador - Q
18:40:55.805 [JavaFX Application Thread] DEBUG FXGLAssetLoaderServi - Loading from file system: file:/C:/Users/josue/OneDrive/Desktop/proyecto%20java/Among%20Us/out/production/Among%20Us/assets/textures/icono.png
18:40:55.900 [FXGL Background Thread 4 ] DEBUG FXGLApplication      - Loading fonts
18:40:55.900 [FXGL Background Thread 4 ] DEBUG FXGLAssetLoaderServi - Loading from file system: jar:file:/C:/Users/josue/OneDrive/Desktop/proyecto%20java/Among%20Us/lib/fxgl-21.1-uber.jar!/fxglassets/ui/fonts/VarelaRound-Regular.ttf
18:40:55.934 [JavaFX Application Thread] DEBUG FXGLAssetLoaderServi - Loading from file system: jar:file:/C:/Users/josue/OneDrive/Desktop/proyecto%20java/Among%20Us/lib/fxgl-21.1-uber.jar!/fxglassets/textures/fxgl_default_cursor.png
18:40:55.960 [JavaFX Application Thread] DEBUG Input                - Registered new binding: Screenshot - CTRL+8
18:40:55.961 [JavaFX Application Thread] DEBUG Input                - Registered new binding: System info dump - CTRL+9
18:40:55.964 [JavaFX Application Thread] DEBUG Input                - Registered new binding: Restart - CTRL+R
18:40:55.969 [JavaFX Application Thread] DEBUG Input                - Registered new binding: Toggle Debug Camera - CTRL+7
18:40:55.978 [JavaFX Application Thread] DEBUG LoopRunner           - Starting loop
18:40:55.978 [JavaFX Application Thread] DEBUG LoopRunner           - Initializing JavaFX AnimationTimerLoop
18:40:55.980 [JavaFX Application Thread] DEBUG GameApplicationServi - Starting new game
18:40:55.981 [JavaFX Application Thread] DEBUG Input                - Clearing active input actions
18:40:56.013 [JavaFX Application Thread] DEBUG GameApplicationServi - Removing overlay from FXGLStartupScene and adding to FXGLLoadingScene
18:40:56.013 [JavaFX Application Thread] DEBUG PrimaryStageWindow   - FXGLStartupScene -> FXGLLoadingScene
18:40:56.013 [JavaFX Application Thread] DEBUG GameApplicationServi - Clearing previous game
18:40:56.013 [JavaFX Application Thread] DEBUG GameScene            - Clearing game scene
18:40:56.014 [JavaFX Application Thread] DEBUG GameWorld            - Clearing game world
18:40:56.014 [JavaFX Application Thread] DEBUG PhysicsWorld         - Clearing physics world
18:40:56.024 [FXGL Background Thread 1 ] DEBUG FXGLApplication      - Initializing game
18:40:56.035 [FXGL Background Thread 1 ] DEBUG FXGLAssetLoaderServi - Loading from file system: file:/C:/Users/josue/OneDrive/Desktop/proyecto%20java/Among%20Us/out/production/Among%20Us/assets/textures/MonitorDeCamaras.png
18:40:56.358 [FXGL Background Thread 1 ] DEBUG FXGLAssetLoaderServi - Loading from file system: file:/C:/Users/josue/OneDrive/Desktop/proyecto%20java/Among%20Us/out/production/Among%20Us/assets/textures/flechaAmarillaIzq.png
18:40:56.369 [FXGL Background Thread 1 ] DEBUG FXGLAssetLoaderServi - Loading from file system: file:/C:/Users/josue/OneDrive/Desktop/proyecto%20java/Among%20Us/out/production/Among%20Us/assets/textures/flechaAmarillaDer.png
18:40:56.379 [FXGL Background Thread 1 ] DEBUG FXGLAssetLoaderServi - Loading from file system: file:/C:/Users/josue/OneDrive/Desktop/proyecto%20java/Among%20Us/out/production/Among%20Us/assets/music/musicaMenu.mp3
18:40:56.916 [FXGL Background Thread 1 ] DEBUG AudioPlayer          - Playing music com.almasb.fxgl.audio.Music@362978dd
18:40:57.402 [FXGL Background Thread 4 ] DEBUG FXGLAssetLoaderServi - Loading from file system: jar:file:/C:/Users/josue/OneDrive/Desktop/proyecto%20java/Among%20Us/lib/fxgl-21.1-uber.jar!/fxglassets/ui/fonts/Abel-Regular.ttf
18:40:57.471 [FXGL Background Thread 4 ] DEBUG FXGLAssetLoaderServi - Loading from file system: jar:file:/C:/Users/josue/OneDrive/Desktop/proyecto%20java/Among%20Us/lib/fxgl-21.1-uber.jar!/fxglassets/ui/fonts/TerminalLandMono-Regular.otf
18:40:57.493 [FXGL Background Thread 4 ] DEBUG FXGLAssetLoaderServi - Loading from file system: jar:file:/C:/Users/josue/OneDrive/Desktop/proyecto%20java/Among%20Us/lib/fxgl-21.1-uber.jar!/fxglassets/ui/fonts/Courier-Prime.ttf
18:40:57.682 [FXGL Background Thread 1 ] INFO  FXGLApplication      - Game initialization took: 1,659 sec
18:40:58.141 [FXGL Background Thread 2 ] INFO  UpdaterService       - Your current version:  21.1
18:40:58.141 [FXGL Background Thread 2 ] INFO  UpdaterService       - Latest stable version: 25
18:40:58.182 [JavaFX Application Thread] DEBUG FXGLApplication      - Registering font factories with UI factory
18:40:58.184 [JavaFX Application Thread] DEBUG Input                - Clearing active input actions
18:40:58.196 [JavaFX Application Thread] DEBUG GameApplicationServi - Removing overlay from FXGLLoadingScene and adding to GameScene
18:40:58.196 [JavaFX Application Thread] DEBUG PrimaryStageWindow   - FXGLLoadingScene -> GameScene
18:40:58.761 [FXGL Background Thread 3 ] DEBUG Engine               - Logging environment variables
18:40:58.762 [FXGL Background Thread 3 ] DEBUG Engine               - achievements: []
18:40:58.762 [FXGL Background Thread 3 ] DEBUG Engine               - actualHeight: 600.0
18:40:58.762 [FXGL Background Thread 3 ] DEBUG Engine               - actualHeightProperty: ReadOnlyDoubleProperty [value: 600.0]
18:40:58.762 [FXGL Background Thread 3 ] DEBUG Engine               - actualWidth: 800.0
18:40:58.762 [FXGL Background Thread 3 ] DEBUG Engine               - actualWidthProperty: ReadOnlyDoubleProperty [value: 800.0]
18:40:58.763 [FXGL Background Thread 3 ] DEBUG Engine               - appIcon: icono.png
18:40:58.763 [FXGL Background Thread 3 ] DEBUG Engine               - applicationMode: DEVELOPER
18:40:58.763 [FXGL Background Thread 3 ] DEBUG Engine               - cSSList: [fxgl_dark.css]
18:40:58.763 [FXGL Background Thread 3 ] DEBUG Engine               - collisionDetectionStrategy: BRUTE_FORCE
18:40:58.763 [FXGL Background Thread 3 ] DEBUG Engine               - configClass: Optional.empty
18:40:58.763 [FXGL Background Thread 3 ] DEBUG Engine               - credits: []
18:40:58.764 [FXGL Background Thread 3 ] DEBUG Engine               - defaultCursor: CursorInfo(imageName=fxgl_default_cursor.png, hotspotX=7.0, hotspotY=6.0)
18:40:58.765 [FXGL Background Thread 3 ] DEBUG Engine               - devBBoxColorProperty: ObjectProperty [value: 0xff0000ff]
18:40:58.765 [FXGL Background Thread 3 ] DEBUG Engine               - devEnableDebugCameraProperty: BooleanProperty [value: false]
18:40:58.765 [FXGL Background Thread 3 ] DEBUG Engine               - devSensorColorProperty: ObjectProperty [value: 0xffff00ff]
18:40:58.765 [FXGL Background Thread 3 ] DEBUG Engine               - devShowBBoxProperty: BooleanProperty [value: false]
18:40:58.765 [FXGL Background Thread 3 ] DEBUG Engine               - devShowPositionProperty: BooleanProperty [value: false]
18:40:58.765 [FXGL Background Thread 3 ] DEBUG Engine               - enabledMenuItems: []
18:40:58.765 [FXGL Background Thread 3 ] DEBUG Engine               - engineServices: [class com.almasb.fxgl.app.services.FXGLAssetLoaderService, class com.almasb.fxgl.app.FXGLApplication$GameApplicationService, class com.almasb.fxgl.app.services.FXGLDialogService, class com.almasb.fxgl.app.services.IOTaskExecutorService, class com.almasb.fxgl.io.FileSystemService, class com.almasb.fxgl.localization.LocalizationService, class com.almasb.fxgl.app.services.SystemBundleService, class com.almasb.fxgl.profile.SaveLoadService, class com.almasb.fxgl.ui.FXGLUIFactoryServiceProvider, class com.almasb.fxgl.ui.FXGLDialogFactoryServiceProvider, class com.almasb.fxgl.audio.AudioPlayer, class com.almasb.fxgl.notification.impl.NotificationServiceProvider, class com.almasb.fxgl.achievement.AchievementService, class com.almasb.fxgl.cutscene.CutsceneService, class com.almasb.fxgl.minigames.MiniGameService, class com.almasb.fxgl.net.NetService, class com.almasb.fxgl.app.services.UpdaterService, class com.almasb.fxgl.dev.DevService]
18:40:58.765 [FXGL Background Thread 3 ] DEBUG Engine               - fontGame: Abel-Regular.ttf
18:40:58.765 [FXGL Background Thread 3 ] DEBUG Engine               - fontMono: TerminalLandMono-Regular.otf
18:40:58.765 [FXGL Background Thread 3 ] DEBUG Engine               - fontSizeScaleUI: 1.0
18:40:58.765 [FXGL Background Thread 3 ] DEBUG Engine               - fontText: Courier-Prime.ttf
18:40:58.765 [FXGL Background Thread 3 ] DEBUG Engine               - fontUI: VarelaRound-Regular.ttf
18:40:58.766 [FXGL Background Thread 3 ] DEBUG Engine               - fullScreen: BooleanProperty [value: false]
18:40:58.766 [FXGL Background Thread 3 ] DEBUG Engine               - gameDifficulty: MEDIUM
18:40:58.766 [FXGL Background Thread 3 ] DEBUG Engine               - gameDifficultyProperty: ObjectProperty [value: MEDIUM]
18:40:58.766 [FXGL Background Thread 3 ] DEBUG Engine               - globalMusicVolume: 0.5
18:40:58.766 [FXGL Background Thread 3 ] DEBUG Engine               - globalMusicVolumeProperty: DoubleProperty [value: 0.4]
18:40:58.766 [FXGL Background Thread 3 ] DEBUG Engine               - globalSoundVolume: 0.5
18:40:58.766 [FXGL Background Thread 3 ] DEBUG Engine               - globalSoundVolumeProperty: DoubleProperty [value: 0.5]
18:40:58.766 [FXGL Background Thread 3 ] DEBUG Engine               - height: 600
18:40:58.766 [FXGL Background Thread 3 ] DEBUG Engine               - is3D: false
18:40:58.766 [FXGL Background Thread 3 ] DEBUG Engine               - isAndroid: false
18:40:58.766 [FXGL Background Thread 3 ] DEBUG Engine               - isBrowser: false
18:40:58.766 [FXGL Background Thread 3 ] DEBUG Engine               - isClickFeedbackEnabled: false
18:40:58.767 [FXGL Background Thread 3 ] DEBUG Engine               - isCloseConfirmation: false
18:40:58.767 [FXGL Background Thread 3 ] DEBUG Engine               - isDesktop: true
18:40:58.767 [FXGL Background Thread 3 ] DEBUG Engine               - isDeveloperMenuEnabled: false
18:40:58.767 [FXGL Background Thread 3 ] DEBUG Engine               - isEmbedded: false
18:40:58.767 [FXGL Background Thread 3 ] DEBUG Engine               - isEntityPreloadEnabled: true
18:40:58.767 [FXGL Background Thread 3 ] DEBUG Engine               - isExperimentalTiledLargeMap: false
18:40:58.767 [FXGL Background Thread 3 ] DEBUG Engine               - isFileSystemWriteAllowed: true
18:40:58.767 [FXGL Background Thread 3 ] DEBUG Engine               - isFullScreenAllowed: false
18:40:58.769 [FXGL Background Thread 3 ] DEBUG Engine               - isFullScreenFromStart: false
18:40:58.769 [FXGL Background Thread 3 ] DEBUG Engine               - isGameMenuEnabled: true
18:40:58.769 [FXGL Background Thread 3 ] DEBUG Engine               - isIOS: false
18:40:58.769 [FXGL Background Thread 3 ] DEBUG Engine               - isIntroEnabled: false
18:40:58.769 [FXGL Background Thread 3 ] DEBUG Engine               - isLinux: false
18:40:58.769 [FXGL Background Thread 3 ] DEBUG Engine               - isMac: false
18:40:58.769 [FXGL Background Thread 3 ] DEBUG Engine               - isMainMenuEnabled: false
18:40:58.769 [FXGL Background Thread 3 ] DEBUG Engine               - isManualResizeEnabled: false
18:40:58.769 [FXGL Background Thread 3 ] DEBUG Engine               - isMobile: false
18:40:58.769 [FXGL Background Thread 3 ] DEBUG Engine               - isNative: false
18:40:58.769 [FXGL Background Thread 3 ] DEBUG Engine               - isPauseMusicWhenMinimized: true
18:40:58.769 [FXGL Background Thread 3 ] DEBUG Engine               - isPreserveResizeRatio: false
18:40:58.769 [FXGL Background Thread 3 ] DEBUG Engine               - isProfilingEnabled: false
18:40:58.769 [FXGL Background Thread 3 ] DEBUG Engine               - isScaleAffectedOnResize: true
18:40:58.769 [FXGL Background Thread 3 ] DEBUG Engine               - isSingleStep: false
18:40:58.769 [FXGL Background Thread 3 ] DEBUG Engine               - isUserProfileEnabled: false
18:40:58.769 [FXGL Background Thread 3 ] DEBUG Engine               - isWindows: true
18:40:58.769 [FXGL Background Thread 3 ] DEBUG Engine               - language: ObjectProperty [value: ENGLISH]
18:40:58.769 [FXGL Background Thread 3 ] DEBUG Engine               - menuKey: ESCAPE
18:40:58.770 [FXGL Background Thread 3 ] DEBUG Engine               - mouseSensitivity: 0.2
18:40:58.770 [FXGL Background Thread 3 ] DEBUG Engine               - notificationViewClass: class com.almasb.fxgl.notification.view.XboxNotificationView
18:40:58.770 [FXGL Background Thread 3 ] DEBUG Engine               - pixelsPerMeter: 50.0
18:40:58.770 [FXGL Background Thread 3 ] DEBUG Engine               - platform: WINDOWS
18:40:58.770 [FXGL Background Thread 3 ] DEBUG Engine               - prefHeightProperty: ReadOnlyDoubleProperty [value: 600.0]
18:40:58.770 [FXGL Background Thread 3 ] DEBUG Engine               - prefWidthProperty: ReadOnlyDoubleProperty [value: 800.0]
18:40:58.770 [FXGL Background Thread 3 ] DEBUG Engine               - profileDir: profiles/
18:40:58.770 [FXGL Background Thread 3 ] DEBUG Engine               - profileName: StringProperty [value: DEFAULT]
18:40:58.770 [FXGL Background Thread 3 ] DEBUG Engine               - randomSeed: -1
18:40:58.770 [FXGL Background Thread 3 ] DEBUG Engine               - runtimeInfo: RuntimeInfo(platform=WINDOWS, version=21.1, build=26.03.2024 17.33)
18:40:58.770 [FXGL Background Thread 3 ] DEBUG Engine               - saveFileExt: sav
18:40:58.770 [FXGL Background Thread 3 ] DEBUG Engine               - scaledHeightProp$fxgl: DoubleProperty [bound, value: 600.0]
18:40:58.770 [FXGL Background Thread 3 ] DEBUG Engine               - scaledWidthProp$fxgl: DoubleProperty [bound, value: 800.0]
18:40:58.770 [FXGL Background Thread 3 ] DEBUG Engine               - sceneFactory: com.almasb.fxgl.app.scene.SceneFactory@5c2a6e11
18:40:58.771 [FXGL Background Thread 3 ] DEBUG Engine               - secondsIn24h: 60
18:40:58.771 [FXGL Background Thread 3 ] DEBUG Engine               - soundMenuBack: menu/back.wav
18:40:58.771 [FXGL Background Thread 3 ] DEBUG Engine               - soundMenuPress: menu/press.wav
18:40:58.771 [FXGL Background Thread 3 ] DEBUG Engine               - soundMenuSelect: menu/select.wav
18:40:58.771 [FXGL Background Thread 3 ] DEBUG Engine               - soundNotification: core/notification.wav
18:40:58.771 [FXGL Background Thread 3 ] DEBUG Engine               - stageStyle: DECORATED
18:40:58.771 [FXGL Background Thread 3 ] DEBUG Engine               - supportedLanguages: [ENGLISH, FRENCH, GERMAN, HUNGARIAN, RUSSIAN]
18:40:58.771 [FXGL Background Thread 3 ] DEBUG Engine               - ticksPerSecond: -1
18:40:58.771 [FXGL Background Thread 3 ] DEBUG Engine               - title: Among Us UNEG
18:40:58.771 [FXGL Background Thread 3 ] DEBUG Engine               - urlGithub: https://github.com/AlmasB/FXGL
18:40:58.771 [FXGL Background Thread 3 ] DEBUG Engine               - urlLeaderboard: http://fxgl-top.herokuapp.com/
18:40:58.771 [FXGL Background Thread 3 ] DEBUG Engine               - urlPOM: https://raw.githubusercontent.com/AlmasB/FXGL/release/README.md
18:40:58.771 [FXGL Background Thread 3 ] DEBUG Engine               - userAppClass: class main.java.amongUs.AppPrincipal
18:40:58.771 [FXGL Background Thread 3 ] DEBUG Engine               - version: 0.0
18:40:58.771 [FXGL Background Thread 3 ] DEBUG Engine               - versionCheckDays: 7
18:40:58.771 [FXGL Background Thread 3 ] DEBUG Engine               - width: 800
18:40:58.771 [FXGL Background Thread 3 ] DEBUG Engine               - Logging services
18:40:58.771 [FXGL Background Thread 3 ] DEBUG Engine               - class com.almasb.fxgl.app.services.FXGLAssetLoaderService
18:40:58.771 [FXGL Background Thread 3 ] DEBUG Engine               - class com.almasb.fxgl.app.FXGLApplication$GameApplicationService
18:40:58.772 [FXGL Background Thread 3 ] DEBUG Engine               - class com.almasb.fxgl.app.services.FXGLDialogService
18:40:58.772 [FXGL Background Thread 3 ] DEBUG Engine               - class com.almasb.fxgl.app.services.IOTaskExecutorService
18:40:58.772 [FXGL Background Thread 3 ] DEBUG Engine               - class com.almasb.fxgl.io.FileSystemService
18:40:58.772 [FXGL Background Thread 3 ] DEBUG Engine               - class com.almasb.fxgl.localization.LocalizationService
18:40:58.772 [FXGL Background Thread 3 ] DEBUG Engine               - class com.almasb.fxgl.app.services.SystemBundleService
18:40:58.772 [FXGL Background Thread 3 ] DEBUG Engine               - class com.almasb.fxgl.profile.SaveLoadService
18:40:58.772 [FXGL Background Thread 3 ] DEBUG Engine               - class com.almasb.fxgl.ui.FXGLUIFactoryServiceProvider
18:40:58.772 [FXGL Background Thread 3 ] DEBUG Engine               - class com.almasb.fxgl.ui.FXGLDialogFactoryServiceProvider
18:40:58.772 [FXGL Background Thread 3 ] DEBUG Engine               - class com.almasb.fxgl.audio.AudioPlayer
18:40:58.772 [FXGL Background Thread 3 ] DEBUG Engine               - class com.almasb.fxgl.notification.impl.NotificationServiceProvider
18:40:58.772 [FXGL Background Thread 3 ] DEBUG Engine               - class com.almasb.fxgl.achievement.AchievementService
18:40:58.772 [FXGL Background Thread 3 ] DEBUG Engine               - class com.almasb.fxgl.cutscene.CutsceneService
18:40:58.772 [FXGL Background Thread 3 ] DEBUG Engine               - class com.almasb.fxgl.minigames.MiniGameService
18:40:58.772 [FXGL Background Thread 3 ] DEBUG Engine               - class com.almasb.fxgl.net.NetService
18:40:58.772 [FXGL Background Thread 3 ] DEBUG Engine               - class com.almasb.fxgl.app.services.UpdaterService
18:40:58.772 [FXGL Background Thread 3 ] DEBUG Engine               - class com.almasb.fxgl.dev.DevService
18:41:05.773 [JavaFX Application Thread] DEBUG FXGLAssetLoaderServi - Loading from file system: file:/C:/Users/josue/OneDrive/Desktop/proyecto%20java/Among%20Us/out/production/Among%20Us/assets/sounds/clickBoton.wav
18:41:13.308 [JavaFX Application Thread] DEBUG FXGLApplication      - Exiting FXGL
18:41:13.308 [JavaFX Application Thread] DEBUG LoopRunner           - Stopping loop
18:41:13.308 [JavaFX Application Thread] DEBUG SystemBundleService  - Saving FXGL system data
18:41:13.312 [JavaFX Application Thread] DEBUG FileSystemAccess     - Writing to: C:\Users\josue\OneDrive\Desktop\proyecto java\Among Us\system\fxgl.bundle
18:41:13.318 [JavaFX Application Thread] DEBUG Async                - Shutting down background threads
18:41:13.318 [JavaFX Application Thread] DEBUG PrimaryStageWindow   - Closing main window
18:41:13.349 [JavaFX Application Thread] DEBUG Logger               - Closing Logger
