15:48:40.212 [main                     ] DEBUG Logger               - Configured Logger
15:48:40.223 [main                     ] DEBUG GameApplication      - Logging settings
Title: Among Us UNEG
Version: 0.0
Width: 800
Height: 600
Fullscreen: false
Intro: false
Profiling: false
Single step:false
App Mode: DEVELOPER
Menu Key: ESCAPE
Stage Style: DECORATED
Scene Factory: class com.almasb.fxgl.app.scene.SceneFactory

15:48:41.129 [JavaFX Application Thread] DEBUG FXGLApplication      - Initializing FXGL
15:48:41.134 [JavaFX Application Thread] INFO  Engine               - FXGL-21.1 (26.03.2024 17.33) on WINDOWS (J:25.0.2 FX:21.0.1)
15:48:41.134 [JavaFX Application Thread] DEBUG Engine               - JRE Vendor Name: Oracle Corporation
15:48:41.134 [JavaFX Application Thread] DEBUG Engine               - Running on OS: Windows 11 version 10.0
15:48:41.135 [JavaFX Application Thread] DEBUG Engine               - Architecture: amd64
15:48:41.135 [JavaFX Application Thread] INFO  Engine               - Source code and latest versions at: https://github.com/AlmasB/FXGL
15:48:41.135 [JavaFX Application Thread] INFO  Engine               -       Ask questions and discuss at: https://github.com/AlmasB/FXGL/discussions
15:48:41.136 [JavaFX Application Thread] INFO  Engine               -              Join the FXGL chat at: https://gitter.im/AlmasB/FXGL
15:48:41.310 [JavaFX Application Thread] DEBUG PrimaryStageWindow   - Creating a JavaFX scene
15:48:41.439 [JavaFX Application Thread] DEBUG PrimaryStageWindow   - Target settings size: 800.0 x 600.0
15:48:41.440 [JavaFX Application Thread] DEBUG PrimaryStageWindow   - Scaled scene size:    800.0 x 600.0
15:48:41.440 [JavaFX Application Thread] DEBUG PrimaryStageWindow   - Scaled ratio: (1.0, 1.0)
15:48:41.441 [JavaFX Application Thread] DEBUG PrimaryStageWindow   - Set initial scene to FXGLStartupScene
15:48:41.448 [JavaFX Application Thread] DEBUG PrimaryStageWindow   - Opening main window
15:48:41.634 [JavaFX Application Thread] DEBUG PrimaryStageWindow   - Window border size: (16.0, 39.0)
15:48:41.634 [JavaFX Application Thread] DEBUG PrimaryStageWindow   - Scaled size: 800.0 x 600.0
15:48:41.634 [JavaFX Application Thread] DEBUG PrimaryStageWindow   - Scaled ratio: (1.0, 1.0)
15:48:41.634 [JavaFX Application Thread] DEBUG PrimaryStageWindow   - Scene size: 800.0 x 600.0
15:48:41.634 [JavaFX Application Thread] DEBUG PrimaryStageWindow   - Stage size: 816.0 x 639.0
15:48:41.720 [FXGL Background Thread 1 ] DEBUG Engine               - Initializing environment variables
15:48:41.833 [FXGL Background Thread 1 ] DEBUG FXGLAssetLoaderServi - User app class for loading assets: class main.java.amongUs.AppPrincipal
15:48:41.833 [FXGL Background Thread 1 ] DEBUG GameApplicationServi - Applying CSS: fxgl_dark.css
15:48:41.834 [FXGL Background Thread 1 ] DEBUG FXGLAssetLoaderServi - Loading from file system: jar:file:/C:/Users/josue/OneDrive/Desktop/proyecto%20java/Among%20Us/lib/fxgl-21.1-uber.jar!/fxglassets/ui/css/fxgl_dark.css
15:48:41.942 [FXGL Background Thread 1 ] DEBUG GameApplicationServi - Initializing application scenes
15:48:42.102 [FXGL Background Thread 1 ] DEBUG GameWorld            - Game world initialized
15:48:42.172 [FXGL Background Thread 1 ] DEBUG PhysicsWorld         - Physics world initialized: appHeight=600, physics.ppm=50,0
15:48:42.173 [FXGL Background Thread 1 ] DEBUG PhysicsWorld         - Using strategy: BRUTE_FORCE
15:48:42.181 [FXGL Background Thread 1 ] DEBUG GameScene            - Game scene initialized: 800x600
15:48:42.202 [FXGL Background Thread 1 ] DEBUG FXGL.DefaultMenu     - createMenuBodyGameMenu()
15:48:42.230 [FXGL Background Thread 1 ] DEBUG FXGL.DefaultMenu     - createOptionsMenu()
15:48:42.247 [FXGL Background Thread 1 ] DEBUG FXGLAssetLoaderServi - Loading from file system: jar:file:/C:/Users/josue/OneDrive/Desktop/proyecto%20java/Among%20Us/lib/fxgl-21.1-uber.jar!/fxglassets/textures/particles/smoke.png
15:48:42.395 [FXGL Background Thread 1 ] DEBUG FXGLAssetLoaderServi - Loading from file system: jar:file:/C:/Users/josue/OneDrive/Desktop/proyecto%20java/Among%20Us/lib/fxgl-21.1-uber.jar!/fxglassets/textures/particles/trace_horizontal.png
15:48:42.433 [FXGL Background Thread 1 ] DEBUG GameApplicationServi - Application scenes initialized
15:48:42.457 [FXGL Background Thread 1 ] DEBUG SystemBundleService  - Loading FXGL system data
15:48:42.470 [FXGL Background Thread 1 ] DEBUG FileSystemAccess     - Reading from: C:\Users\josue\OneDrive\Desktop\proyecto java\Among Us\system\fxgl.bundle
15:48:42.485 [FXGL Background Thread 1 ] DEBUG SystemBundleService  - Bundle FXGL: {}
15:48:42.485 [FXGL Background Thread 1 ] DEBUG UpdaterService       - Checking for updates
15:48:42.493 [FXGL Background Thread 1 ] DEBUG FXGLApplication      - Loading default localization
15:48:42.493 [FXGL Background Thread 1 ] DEBUG FXGLAssetLoaderServi - Loading from file system: jar:file:/C:/Users/josue/OneDrive/Desktop/proyecto%20java/Among%20Us/lib/fxgl-21.1-uber.jar!/fxglassets/languages/english.lang
15:48:42.518 [FXGL Background Thread 4 ] DEBUG FXGLApplication      - Loading fonts
15:48:42.519 [FXGL Background Thread 4 ] DEBUG FXGLAssetLoaderServi - Loading from file system: jar:file:/C:/Users/josue/OneDrive/Desktop/proyecto%20java/Among%20Us/lib/fxgl-21.1-uber.jar!/fxglassets/ui/fonts/VarelaRound-Regular.ttf
15:48:42.540 [FXGL Background Thread 1 ] INFO  FXGLApplication      - FXGL initialization took: 0,820 sec
15:48:42.553 [JavaFX Application Thread] DEBUG Input                - Registered new binding: Mover Arriba - W
15:48:42.553 [JavaFX Application Thread] DEBUG Input                - Registered new binding: Mover Abajo - S
15:48:42.554 [JavaFX Application Thread] DEBUG Input                - Registered new binding: Mover Izquierda - A
15:48:42.554 [JavaFX Application Thread] DEBUG Input                - Registered new binding: Mover Derecha - D
15:48:42.554 [JavaFX Application Thread] DEBUG Input                - Registered new binding: Abrir Camaras - C
15:48:42.554 [JavaFX Application Thread] DEBUG Input                - Registered new binding: Usar Alcantarilla - Space
15:48:42.554 [JavaFX Application Thread] DEBUG Input                - Registered new binding: Vent Izquierda - Left
15:48:42.554 [JavaFX Application Thread] DEBUG Input                - Registered new binding: Vent Derecha - Right
15:48:42.554 [JavaFX Application Thread] DEBUG Input                - Registered new binding: Vent Arriba - Up
15:48:42.555 [JavaFX Application Thread] DEBUG Input                - Registered new binding: Vent Abajo - Down
15:48:42.555 [JavaFX Application Thread] DEBUG Input                - Registered new binding: Matar Jugador - Q
15:48:42.555 [JavaFX Application Thread] DEBUG FXGLAssetLoaderServi - Loading from file system: file:/C:/Users/josue/OneDrive/Desktop/proyecto%20java/Among%20Us/out/production/Among%20Us/assets/textures/icono.png
15:48:42.599 [JavaFX Application Thread] DEBUG FXGLAssetLoaderServi - Loading from file system: jar:file:/C:/Users/josue/OneDrive/Desktop/proyecto%20java/Among%20Us/lib/fxgl-21.1-uber.jar!/fxglassets/textures/fxgl_default_cursor.png
15:48:42.608 [JavaFX Application Thread] DEBUG Input                - Registered new binding: Screenshot - CTRL+8
15:48:42.610 [JavaFX Application Thread] DEBUG Input                - Registered new binding: System info dump - CTRL+9
15:48:42.616 [JavaFX Application Thread] DEBUG Input                - Registered new binding: Restart - CTRL+R
15:48:42.618 [JavaFX Application Thread] DEBUG Input                - Registered new binding: Toggle Debug Camera - CTRL+7
15:48:42.627 [JavaFX Application Thread] DEBUG LoopRunner           - Starting loop
15:48:42.628 [JavaFX Application Thread] DEBUG LoopRunner           - Initializing JavaFX AnimationTimerLoop
15:48:42.631 [JavaFX Application Thread] DEBUG GameApplicationServi - Starting new game
15:48:42.633 [JavaFX Application Thread] DEBUG Input                - Clearing active input actions
15:48:42.685 [JavaFX Application Thread] DEBUG GameApplicationServi - Removing overlay from FXGLStartupScene and adding to FXGLLoadingScene
15:48:42.685 [JavaFX Application Thread] DEBUG PrimaryStageWindow   - FXGLStartupScene -> FXGLLoadingScene
15:48:42.687 [JavaFX Application Thread] DEBUG GameApplicationServi - Clearing previous game
15:48:42.687 [JavaFX Application Thread] DEBUG GameScene            - Clearing game scene
15:48:42.687 [JavaFX Application Thread] DEBUG GameWorld            - Clearing game world
15:48:42.687 [JavaFX Application Thread] DEBUG PhysicsWorld         - Clearing physics world
15:48:42.689 [FXGL Background Thread 1 ] DEBUG FXGLApplication      - Initializing game
15:48:42.699 [FXGL Background Thread 1 ] DEBUG FXGLAssetLoaderServi - Loading from file system: file:/C:/Users/josue/OneDrive/Desktop/proyecto%20java/Among%20Us/out/production/Among%20Us/assets/textures/MonitorDeCamaras.png
15:48:42.815 [FXGL Background Thread 1 ] DEBUG FXGLAssetLoaderServi - Loading from file system: file:/C:/Users/josue/OneDrive/Desktop/proyecto%20java/Among%20Us/out/production/Among%20Us/assets/textures/flechaAmarillaIzq.png
15:48:42.844 [FXGL Background Thread 1 ] DEBUG FXGLAssetLoaderServi - Loading from file system: file:/C:/Users/josue/OneDrive/Desktop/proyecto%20java/Among%20Us/out/production/Among%20Us/assets/textures/flechaAmarillaDer.png
15:48:42.865 [FXGL Background Thread 1 ] DEBUG FXGLAssetLoaderServi - Loading from file system: file:/C:/Users/josue/OneDrive/Desktop/proyecto%20java/Among%20Us/out/production/Among%20Us/assets/music/musicaMenu.mp3
15:48:43.428 [FXGL Background Thread 4 ] DEBUG FXGLAssetLoaderServi - Loading from file system: jar:file:/C:/Users/josue/OneDrive/Desktop/proyecto%20java/Among%20Us/lib/fxgl-21.1-uber.jar!/fxglassets/ui/fonts/Abel-Regular.ttf
15:48:43.452 [FXGL Background Thread 4 ] DEBUG FXGLAssetLoaderServi - Loading from file system: jar:file:/C:/Users/josue/OneDrive/Desktop/proyecto%20java/Among%20Us/lib/fxgl-21.1-uber.jar!/fxglassets/ui/fonts/TerminalLandMono-Regular.otf
15:48:43.462 [FXGL Background Thread 4 ] DEBUG FXGLAssetLoaderServi - Loading from file system: jar:file:/C:/Users/josue/OneDrive/Desktop/proyecto%20java/Among%20Us/lib/fxgl-21.1-uber.jar!/fxglassets/ui/fonts/Courier-Prime.ttf
15:48:43.478 [JavaFX Application Thread] DEBUG FXGLApplication      - Registering font factories with UI factory
15:48:43.563 [FXGL Background Thread 1 ] DEBUG AudioPlayer          - Playing music com.almasb.fxgl.audio.Music@49115bc5
15:48:44.923 [FXGL Background Thread 2 ] INFO  UpdaterService       - Your current version:  21.1
15:48:44.923 [FXGL Background Thread 2 ] INFO  UpdaterService       - Latest stable version: 25
15:48:44.971 [FXGL Background Thread 1 ] INFO  FXGLApplication      - Game initialization took: 2,281 sec
15:48:44.972 [JavaFX Application Thread] DEBUG Input                - Clearing active input actions
15:48:44.988 [JavaFX Application Thread] DEBUG GameApplicationServi - Removing overlay from FXGLLoadingScene and adding to GameScene
15:48:44.988 [JavaFX Application Thread] DEBUG PrimaryStageWindow   - FXGLLoadingScene -> GameScene
15:48:45.489 [FXGL Background Thread 3 ] DEBUG Engine               - Logging environment variables
15:48:45.492 [FXGL Background Thread 3 ] DEBUG Engine               - achievements: []
15:48:45.493 [FXGL Background Thread 3 ] DEBUG Engine               - actualHeight: 600.0
15:48:45.494 [FXGL Background Thread 3 ] DEBUG Engine               - actualHeightProperty: ReadOnlyDoubleProperty [value: 600.0]
15:48:45.494 [FXGL Background Thread 3 ] DEBUG Engine               - actualWidth: 800.0
15:48:45.494 [FXGL Background Thread 3 ] DEBUG Engine               - actualWidthProperty: ReadOnlyDoubleProperty [value: 800.0]
15:48:45.494 [FXGL Background Thread 3 ] DEBUG Engine               - appIcon: icono.png
15:48:45.494 [FXGL Background Thread 3 ] DEBUG Engine               - applicationMode: DEVELOPER
15:48:45.494 [FXGL Background Thread 3 ] DEBUG Engine               - cSSList: [fxgl_dark.css]
15:48:45.494 [FXGL Background Thread 3 ] DEBUG Engine               - collisionDetectionStrategy: BRUTE_FORCE
15:48:45.494 [FXGL Background Thread 3 ] DEBUG Engine               - configClass: Optional.empty
15:48:45.494 [FXGL Background Thread 3 ] DEBUG Engine               - credits: []
15:48:45.495 [FXGL Background Thread 3 ] DEBUG Engine               - defaultCursor: CursorInfo(imageName=fxgl_default_cursor.png, hotspotX=7.0, hotspotY=6.0)
15:48:45.495 [FXGL Background Thread 3 ] DEBUG Engine               - devBBoxColorProperty: ObjectProperty [value: 0xff0000ff]
15:48:45.495 [FXGL Background Thread 3 ] DEBUG Engine               - devEnableDebugCameraProperty: BooleanProperty [value: false]
15:48:45.495 [FXGL Background Thread 3 ] DEBUG Engine               - devSensorColorProperty: ObjectProperty [value: 0xffff00ff]
15:48:45.495 [FXGL Background Thread 3 ] DEBUG Engine               - devShowBBoxProperty: BooleanProperty [value: false]
15:48:45.495 [FXGL Background Thread 3 ] DEBUG Engine               - devShowPositionProperty: BooleanProperty [value: false]
15:48:45.495 [FXGL Background Thread 3 ] DEBUG Engine               - enabledMenuItems: []
15:48:45.495 [FXGL Background Thread 3 ] DEBUG Engine               - engineServices: [class com.almasb.fxgl.app.services.FXGLAssetLoaderService, class com.almasb.fxgl.app.FXGLApplication$GameApplicationService, class com.almasb.fxgl.app.services.FXGLDialogService, class com.almasb.fxgl.app.services.IOTaskExecutorService, class com.almasb.fxgl.io.FileSystemService, class com.almasb.fxgl.localization.LocalizationService, class com.almasb.fxgl.app.services.SystemBundleService, class com.almasb.fxgl.profile.SaveLoadService, class com.almasb.fxgl.ui.FXGLUIFactoryServiceProvider, class com.almasb.fxgl.ui.FXGLDialogFactoryServiceProvider, class com.almasb.fxgl.audio.AudioPlayer, class com.almasb.fxgl.notification.impl.NotificationServiceProvider, class com.almasb.fxgl.achievement.AchievementService, class com.almasb.fxgl.cutscene.CutsceneService, class com.almasb.fxgl.minigames.MiniGameService, class com.almasb.fxgl.net.NetService, class com.almasb.fxgl.app.services.UpdaterService, class com.almasb.fxgl.dev.DevService]
15:48:45.495 [FXGL Background Thread 3 ] DEBUG Engine               - fontGame: Abel-Regular.ttf
15:48:45.495 [FXGL Background Thread 3 ] DEBUG Engine               - fontMono: TerminalLandMono-Regular.otf
15:48:45.496 [FXGL Background Thread 3 ] DEBUG Engine               - fontSizeScaleUI: 1.0
15:48:45.496 [FXGL Background Thread 3 ] DEBUG Engine               - fontText: Courier-Prime.ttf
15:48:45.496 [FXGL Background Thread 3 ] DEBUG Engine               - fontUI: VarelaRound-Regular.ttf
15:48:45.496 [FXGL Background Thread 3 ] DEBUG Engine               - fullScreen: BooleanProperty [value: false]
15:48:45.496 [FXGL Background Thread 3 ] DEBUG Engine               - gameDifficulty: MEDIUM
15:48:45.496 [FXGL Background Thread 3 ] DEBUG Engine               - gameDifficultyProperty: ObjectProperty [value: MEDIUM]
15:48:45.496 [FXGL Background Thread 3 ] DEBUG Engine               - globalMusicVolume: 0.5
15:48:45.496 [FXGL Background Thread 3 ] DEBUG Engine               - globalMusicVolumeProperty: DoubleProperty [value: 0.4]
15:48:45.496 [FXGL Background Thread 3 ] DEBUG Engine               - globalSoundVolume: 0.5
15:48:45.496 [FXGL Background Thread 3 ] DEBUG Engine               - globalSoundVolumeProperty: DoubleProperty [value: 0.5]
15:48:45.496 [FXGL Background Thread 3 ] DEBUG Engine               - height: 600
15:48:45.496 [FXGL Background Thread 3 ] DEBUG Engine               - is3D: false
15:48:45.496 [FXGL Background Thread 3 ] DEBUG Engine               - isAndroid: false
15:48:45.496 [FXGL Background Thread 3 ] DEBUG Engine               - isBrowser: false
15:48:45.496 [FXGL Background Thread 3 ] DEBUG Engine               - isClickFeedbackEnabled: false
15:48:45.497 [FXGL Background Thread 3 ] DEBUG Engine               - isCloseConfirmation: false
15:48:45.497 [FXGL Background Thread 3 ] DEBUG Engine               - isDesktop: true
15:48:45.497 [FXGL Background Thread 3 ] DEBUG Engine               - isDeveloperMenuEnabled: false
15:48:45.497 [FXGL Background Thread 3 ] DEBUG Engine               - isEmbedded: false
15:48:45.497 [FXGL Background Thread 3 ] DEBUG Engine               - isEntityPreloadEnabled: true
15:48:45.497 [FXGL Background Thread 3 ] DEBUG Engine               - isExperimentalTiledLargeMap: false
15:48:45.497 [FXGL Background Thread 3 ] DEBUG Engine               - isFileSystemWriteAllowed: true
15:48:45.497 [FXGL Background Thread 3 ] DEBUG Engine               - isFullScreenAllowed: false
15:48:45.497 [FXGL Background Thread 3 ] DEBUG Engine               - isFullScreenFromStart: false
15:48:45.497 [FXGL Background Thread 3 ] DEBUG Engine               - isGameMenuEnabled: true
15:48:45.497 [FXGL Background Thread 3 ] DEBUG Engine               - isIOS: false
15:48:45.497 [FXGL Background Thread 3 ] DEBUG Engine               - isIntroEnabled: false
15:48:45.497 [FXGL Background Thread 3 ] DEBUG Engine               - isLinux: false
15:48:45.497 [FXGL Background Thread 3 ] DEBUG Engine               - isMac: false
15:48:45.497 [FXGL Background Thread 3 ] DEBUG Engine               - isMainMenuEnabled: false
15:48:45.497 [FXGL Background Thread 3 ] DEBUG Engine               - isManualResizeEnabled: false
15:48:45.497 [FXGL Background Thread 3 ] DEBUG Engine               - isMobile: false
15:48:45.497 [FXGL Background Thread 3 ] DEBUG Engine               - isNative: false
15:48:45.497 [FXGL Background Thread 3 ] DEBUG Engine               - isPauseMusicWhenMinimized: true
15:48:45.497 [FXGL Background Thread 3 ] DEBUG Engine               - isPreserveResizeRatio: false
15:48:45.497 [FXGL Background Thread 3 ] DEBUG Engine               - isProfilingEnabled: false
15:48:45.497 [FXGL Background Thread 3 ] DEBUG Engine               - isScaleAffectedOnResize: true
15:48:45.497 [FXGL Background Thread 3 ] DEBUG Engine               - isSingleStep: false
15:48:45.499 [FXGL Background Thread 3 ] DEBUG Engine               - isUserProfileEnabled: false
15:48:45.499 [FXGL Background Thread 3 ] DEBUG Engine               - isWindows: true
15:48:45.499 [FXGL Background Thread 3 ] DEBUG Engine               - language: ObjectProperty [value: ENGLISH]
15:48:45.499 [FXGL Background Thread 3 ] DEBUG Engine               - menuKey: ESCAPE
15:48:45.499 [FXGL Background Thread 3 ] DEBUG Engine               - mouseSensitivity: 0.2
15:48:45.499 [FXGL Background Thread 3 ] DEBUG Engine               - notificationViewClass: class com.almasb.fxgl.notification.view.XboxNotificationView
15:48:45.499 [FXGL Background Thread 3 ] DEBUG Engine               - pixelsPerMeter: 50.0
15:48:45.499 [FXGL Background Thread 3 ] DEBUG Engine               - platform: WINDOWS
15:48:45.499 [FXGL Background Thread 3 ] DEBUG Engine               - prefHeightProperty: ReadOnlyDoubleProperty [value: 600.0]
15:48:45.499 [FXGL Background Thread 3 ] DEBUG Engine               - prefWidthProperty: ReadOnlyDoubleProperty [value: 800.0]
15:48:45.499 [FXGL Background Thread 3 ] DEBUG Engine               - profileDir: profiles/
15:48:45.500 [FXGL Background Thread 3 ] DEBUG Engine               - profileName: StringProperty [value: DEFAULT]
15:48:45.500 [FXGL Background Thread 3 ] DEBUG Engine               - randomSeed: -1
15:48:45.500 [FXGL Background Thread 3 ] DEBUG Engine               - runtimeInfo: RuntimeInfo(platform=WINDOWS, version=21.1, build=26.03.2024 17.33)
15:48:45.500 [FXGL Background Thread 3 ] DEBUG Engine               - saveFileExt: sav
15:48:45.500 [FXGL Background Thread 3 ] DEBUG Engine               - scaledHeightProp$fxgl: DoubleProperty [bound, value: 600.0]
15:48:45.500 [FXGL Background Thread 3 ] DEBUG Engine               - scaledWidthProp$fxgl: DoubleProperty [bound, value: 800.0]
15:48:45.500 [FXGL Background Thread 3 ] DEBUG Engine               - sceneFactory: com.almasb.fxgl.app.scene.SceneFactory@1ac8c17e
15:48:45.500 [FXGL Background Thread 3 ] DEBUG Engine               - secondsIn24h: 60
15:48:45.501 [FXGL Background Thread 3 ] DEBUG Engine               - soundMenuBack: menu/back.wav
15:48:45.501 [FXGL Background Thread 3 ] DEBUG Engine               - soundMenuPress: menu/press.wav
15:48:45.501 [FXGL Background Thread 3 ] DEBUG Engine               - soundMenuSelect: menu/select.wav
15:48:45.501 [FXGL Background Thread 3 ] DEBUG Engine               - soundNotification: core/notification.wav
15:48:45.501 [FXGL Background Thread 3 ] DEBUG Engine               - stageStyle: DECORATED
15:48:45.501 [FXGL Background Thread 3 ] DEBUG Engine               - supportedLanguages: [ENGLISH, FRENCH, GERMAN, HUNGARIAN, RUSSIAN]
15:48:45.501 [FXGL Background Thread 3 ] DEBUG Engine               - ticksPerSecond: -1
15:48:45.501 [FXGL Background Thread 3 ] DEBUG Engine               - title: Among Us UNEG
15:48:45.501 [FXGL Background Thread 3 ] DEBUG Engine               - urlGithub: https://github.com/AlmasB/FXGL
15:48:45.501 [FXGL Background Thread 3 ] DEBUG Engine               - urlLeaderboard: http://fxgl-top.herokuapp.com/
15:48:45.501 [FXGL Background Thread 3 ] DEBUG Engine               - urlPOM: https://raw.githubusercontent.com/AlmasB/FXGL/release/README.md
15:48:45.501 [FXGL Background Thread 3 ] DEBUG Engine               - userAppClass: class main.java.amongUs.AppPrincipal
15:48:45.501 [FXGL Background Thread 3 ] DEBUG Engine               - version: 0.0
15:48:45.501 [FXGL Background Thread 3 ] DEBUG Engine               - versionCheckDays: 7
15:48:45.501 [FXGL Background Thread 3 ] DEBUG Engine               - width: 800
15:48:45.502 [FXGL Background Thread 3 ] DEBUG Engine               - Logging services
15:48:45.502 [FXGL Background Thread 3 ] DEBUG Engine               - class com.almasb.fxgl.app.services.FXGLAssetLoaderService
15:48:45.502 [FXGL Background Thread 3 ] DEBUG Engine               - class com.almasb.fxgl.app.FXGLApplication$GameApplicationService
15:48:45.502 [FXGL Background Thread 3 ] DEBUG Engine               - class com.almasb.fxgl.app.services.FXGLDialogService
15:48:45.502 [FXGL Background Thread 3 ] DEBUG Engine               - class com.almasb.fxgl.app.services.IOTaskExecutorService
15:48:45.502 [FXGL Background Thread 3 ] DEBUG Engine               - class com.almasb.fxgl.io.FileSystemService
15:48:45.502 [FXGL Background Thread 3 ] DEBUG Engine               - class com.almasb.fxgl.localization.LocalizationService
15:48:45.502 [FXGL Background Thread 3 ] DEBUG Engine               - class com.almasb.fxgl.app.services.SystemBundleService
15:48:45.502 [FXGL Background Thread 3 ] DEBUG Engine               - class com.almasb.fxgl.profile.SaveLoadService
15:48:45.502 [FXGL Background Thread 3 ] DEBUG Engine               - class com.almasb.fxgl.ui.FXGLUIFactoryServiceProvider
15:48:45.502 [FXGL Background Thread 3 ] DEBUG Engine               - class com.almasb.fxgl.ui.FXGLDialogFactoryServiceProvider
15:48:45.502 [FXGL Background Thread 3 ] DEBUG Engine               - class com.almasb.fxgl.audio.AudioPlayer
15:48:45.502 [FXGL Background Thread 3 ] DEBUG Engine               - class com.almasb.fxgl.notification.impl.NotificationServiceProvider
15:48:45.502 [FXGL Background Thread 3 ] DEBUG Engine               - class com.almasb.fxgl.achievement.AchievementService
15:48:45.502 [FXGL Background Thread 3 ] DEBUG Engine               - class com.almasb.fxgl.cutscene.CutsceneService
15:48:45.502 [FXGL Background Thread 3 ] DEBUG Engine               - class com.almasb.fxgl.minigames.MiniGameService
15:48:45.502 [FXGL Background Thread 3 ] DEBUG Engine               - class com.almasb.fxgl.net.NetService
15:48:45.502 [FXGL Background Thread 3 ] DEBUG Engine               - class com.almasb.fxgl.app.services.UpdaterService
15:48:45.502 [FXGL Background Thread 3 ] DEBUG Engine               - class com.almasb.fxgl.dev.DevService
15:49:24.264 [JavaFX Application Thread] DEBUG FXGLAssetLoaderServi - Loading from file system: file:/C:/Users/josue/OneDrive/Desktop/proyecto%20java/Among%20Us/out/production/Among%20Us/assets/sounds/clickBoton.wav
15:49:33.984 [JavaFX Application Thread] DEBUG FXGLAssetLoaderServi - Loading from file system: file:/C:/Users/josue/OneDrive/Desktop/proyecto%20java/Among%20Us/out/production/Among%20Us/assets/textures/tripulante_negro.png
15:49:36.029 [JavaFX Application Thread] DEBUG FXGLAssetLoaderServi - Loading from file system: file:/C:/Users/josue/OneDrive/Desktop/proyecto%20java/Among%20Us/out/production/Among%20Us/assets/textures/tripulante_verde.png
15:49:41.090 [JavaFX Application Thread] WARN  TMXLevelLoader       - TiledMap generated from 1.11.2. Supported version: 1.9.0. Some features may not be parsed fully.
15:49:41.157 [JavaFX Application Thread] DEBUG TMXLevelLoader       - Parsed TiledMap: file:/C:/Users/josue/OneDrive/Desktop/proyecto%20java/Among%20Us/out/production/Among%20Us/assets/levels/mapa2.tmx
15:49:41.158 [JavaFX Application Thread] DEBUG TMXLevelLoader       - Creating tile layer entities
15:49:41.161 [JavaFX Application Thread] DEBUG TilesetLoader        - Loading view for layer fondo1
15:49:41.203 [JavaFX Application Thread] DEBUG TilesetLoader        - Created buffer with size 992.0x960.0
15:49:41.231 [JavaFX Application Thread] DEBUG TilesetLoader        - Loading view for layer fondo
15:49:41.232 [JavaFX Application Thread] DEBUG TilesetLoader        - Created buffer with size 992.0x960.0
15:49:41.237 [JavaFX Application Thread] DEBUG TilesetLoader        - Loading view for layer piso
15:49:41.238 [JavaFX Application Thread] DEBUG TilesetLoader        - Created buffer with size 992.0x960.0
15:49:41.243 [JavaFX Application Thread] DEBUG TilesetLoader        - Loading view for layer piso1
15:49:41.244 [JavaFX Application Thread] DEBUG TilesetLoader        - Created buffer with size 992.0x960.0
15:49:41.255 [JavaFX Application Thread] DEBUG TilesetLoader        - Loading view for layer izquierda
15:49:41.256 [JavaFX Application Thread] DEBUG TilesetLoader        - Created buffer with size 992.0x960.0
15:49:41.265 [JavaFX Application Thread] DEBUG TilesetLoader        - Loading view for layer detallesatraspared
15:49:41.266 [JavaFX Application Thread] DEBUG TilesetLoader        - Created buffer with size 992.0x960.0
15:49:41.303 [JavaFX Application Thread] DEBUG TilesetLoader        - Loading view for layer pared2
15:49:41.304 [JavaFX Application Thread] DEBUG TilesetLoader        - Created buffer with size 992.0x960.0
15:49:41.325 [JavaFX Application Thread] DEBUG TilesetLoader        - Loading view for layer techo1
15:49:41.325 [JavaFX Application Thread] DEBUG TilesetLoader        - Created buffer with size 992.0x960.0
15:49:41.328 [JavaFX Application Thread] DEBUG TilesetLoader        - Loading view for layer techo2
15:49:41.330 [JavaFX Application Thread] DEBUG TilesetLoader        - Created buffer with size 992.0x960.0
15:49:41.335 [JavaFX Application Thread] DEBUG TilesetLoader        - Loading view for layer puertita
15:49:41.335 [JavaFX Application Thread] DEBUG TilesetLoader        - Created buffer with size 992.0x960.0
15:49:41.336 [JavaFX Application Thread] DEBUG TilesetLoader        - Loading view for layer puerta
15:49:41.337 [JavaFX Application Thread] DEBUG TilesetLoader        - Created buffer with size 992.0x960.0
15:49:41.340 [JavaFX Application Thread] DEBUG TilesetLoader        - Loading view for layer detalles
15:49:41.340 [JavaFX Application Thread] DEBUG TilesetLoader        - Created buffer with size 992.0x960.0
15:49:41.357 [JavaFX Application Thread] DEBUG TilesetLoader        - Loading view for layer detalles 2
15:49:41.357 [JavaFX Application Thread] DEBUG TilesetLoader        - Created buffer with size 992.0x960.0
15:49:41.377 [JavaFX Application Thread] DEBUG TilesetLoader        - Loading view for layer detalles3
15:49:41.378 [JavaFX Application Thread] DEBUG TilesetLoader        - Created buffer with size 992.0x960.0
15:49:41.416 [JavaFX Application Thread] DEBUG TilesetLoader        - Loading view for layer grieta
15:49:41.417 [JavaFX Application Thread] DEBUG TilesetLoader        - Created buffer with size 992.0x960.0
15:49:41.424 [JavaFX Application Thread] DEBUG TilesetLoader        - Loading view for layer camaras
15:49:41.425 [JavaFX Application Thread] DEBUG TilesetLoader        - Created buffer with size 992.0x960.0
15:49:41.430 [JavaFX Application Thread] DEBUG TilesetLoader        - Loading view for layer Techo
15:49:41.431 [JavaFX Application Thread] DEBUG TilesetLoader        - Created buffer with size 992.0x960.0
15:49:41.436 [JavaFX Application Thread] DEBUG TMXLevelLoader       - Creating object layer entities
15:49:41.527 [JavaFX Application Thread] DEBUG GameWorld            - Clearing removable entities
15:49:41.527 [JavaFX Application Thread] DEBUG GameWorld            - Setting level: com.almasb.fxgl.entity.level.Level@fb3ef04
15:49:41.579 [JavaFX Application Thread] DEBUG FXGLAssetLoaderServi - Loading from file system: file:/C:/Users/josue/OneDrive/Desktop/proyecto%20java/Among%20Us/out/production/Among%20Us/assets/textures/fantasma.png
15:49:41.582 [JavaFX Application Thread] DEBUG FXGLAssetLoaderServi - Loading from file system: file:/C:/Users/josue/OneDrive/Desktop/proyecto%20java/Among%20Us/out/production/Among%20Us/assets/textures/negro_muerto.png
15:49:41.583 [JavaFX Application Thread] DEBUG FXGLAssetLoaderServi - Loading from file system: file:/C:/Users/josue/OneDrive/Desktop/proyecto%20java/Among%20Us/out/production/Among%20Us/assets/textures/animacion_negro.png
15:49:41.585 [JavaFX Application Thread] DEBUG FXGLAssetLoaderServi - Loading from file system: file:/C:/Users/josue/OneDrive/Desktop/proyecto%20java/Among%20Us/out/production/Among%20Us/assets/textures/alcantarilla_negro.png
15:49:41.587 [JavaFX Application Thread] DEBUG FXGLAssetLoaderServi - Loading from file system: file:/C:/Users/josue/OneDrive/Desktop/proyecto%20java/Among%20Us/out/production/Among%20Us/assets/textures/alcantarilla_negroE.png
15:49:41.603 [JavaFX Application Thread] DEBUG FXGLAssetLoaderServi - Loading from file system: file:/C:/Users/josue/OneDrive/Desktop/proyecto%20java/Among%20Us/out/production/Among%20Us/assets/textures/accionNegada.png
15:49:41.609 [JavaFX Application Thread] DEBUG FXGLAssetLoaderServi - Loading from file system: file:/C:/Users/josue/OneDrive/Desktop/proyecto%20java/Among%20Us/out/production/Among%20Us/assets/textures/matarNegado.png
15:49:41.626 [JavaFX Application Thread] DEBUG FXGLAssetLoaderServi - Loading from file system: file:/C:/Users/josue/OneDrive/Desktop/proyecto%20java/Among%20Us/out/production/Among%20Us/assets/textures/sabotaje.png
15:49:41.634 [JavaFX Application Thread] DEBUG FXGLAssetLoaderServi - Loading from file system: file:/C:/Users/josue/OneDrive/Desktop/proyecto%20java/Among%20Us/out/production/Among%20Us/assets/textures/pantalla_impostor.png
15:50:06.030 [JavaFX Application Thread] DEBUG FXGLAssetLoaderServi - Loading from file system: file:/C:/Users/josue/OneDrive/Desktop/proyecto%20java/Among%20Us/out/production/Among%20Us/assets/textures/sabotajeNegado.png
15:50:11.901 [JavaFX Application Thread] DEBUG PrimaryStageWindow   - Push state: FXGLDefaultMenu
15:50:11.907 [JavaFX Application Thread] DEBUG Input                - Clearing active input actions
15:50:11.910 [JavaFX Application Thread] DEBUG GameApplicationServi - Removing overlay from GameScene and adding to FXGLDefaultMenu
15:50:11.915 [JavaFX Application Thread] DEBUG PrimaryStageWindow   - GameScene -> FXGLDefaultMenu
15:50:12.624 [JavaFX Application Thread] DEBUG PrimaryStageWindow   - Pop state: FXGLDefaultMenu
15:50:12.624 [JavaFX Application Thread] DEBUG Input                - Clearing active input actions
15:50:12.624 [JavaFX Application Thread] DEBUG GameApplicationServi - Removing overlay from FXGLDefaultMenu and adding to GameScene
15:50:12.625 [JavaFX Application Thread] DEBUG PrimaryStageWindow   - GameScene <- FXGLDefaultMenu
15:50:19.485 [JavaFX Application Thread] DEBUG PrimaryStageWindow   - Push state: FXGLDefaultMenu
15:50:19.486 [JavaFX Application Thread] DEBUG Input                - Clearing active input actions
15:50:19.486 [JavaFX Application Thread] DEBUG GameApplicationServi - Removing overlay from GameScene and adding to FXGLDefaultMenu
15:50:19.487 [JavaFX Application Thread] DEBUG PrimaryStageWindow   - GameScene -> FXGLDefaultMenu
15:50:20.787 [JavaFX Application Thread] DEBUG Menu                 - fireExit()
15:50:20.791 [JavaFX Application Thread] DEBUG PrimaryStageWindow   - Push state: DialogSubScene
15:50:20.791 [JavaFX Application Thread] DEBUG Input                - Clearing active input actions
15:50:20.791 [JavaFX Application Thread] DEBUG GameApplicationServi - Removing overlay from FXGLDefaultMenu and adding to DialogSubScene
15:50:20.792 [JavaFX Application Thread] DEBUG PrimaryStageWindow   - FXGLDefaultMenu -> DialogSubScene
15:50:21.511 [JavaFX Application Thread] DEBUG PrimaryStageWindow   - Pop state: DialogSubScene
15:50:21.511 [JavaFX Application Thread] DEBUG Input                - Clearing active input actions
15:50:21.512 [JavaFX Application Thread] DEBUG GameApplicationServi - Removing overlay from DialogSubScene and adding to FXGLDefaultMenu
15:50:21.512 [JavaFX Application Thread] DEBUG PrimaryStageWindow   - FXGLDefaultMenu <- DialogSubScene
15:50:21.512 [JavaFX Application Thread] DEBUG FXGLApplication      - Exiting FXGL
15:50:21.512 [JavaFX Application Thread] DEBUG LoopRunner           - Stopping loop
15:50:21.512 [JavaFX Application Thread] DEBUG SystemBundleService  - Saving FXGL system data
15:50:21.517 [JavaFX Application Thread] DEBUG FileSystemAccess     - Writing to: C:\Users\josue\OneDrive\Desktop\proyecto java\Among Us\system\fxgl.bundle
15:50:21.521 [JavaFX Application Thread] DEBUG Async                - Shutting down background threads
15:50:21.522 [JavaFX Application Thread] DEBUG PrimaryStageWindow   - Closing main window
15:50:21.560 [JavaFX Application Thread] DEBUG Logger               - Closing Logger
