23:01:14.408 [main                     ] DEBUG Logger               - Configured Logger
23:01:14.428 [main                     ] DEBUG GameApplication      - Logging settings
Title: Among Us UNEG
Version: 0.0
Width: 800
Height: 600
Fullscreen: false
Intro: false
Profiling: false
Single step:false
App Mode: DEVELOPER
Menu Key: ESCAPE
Stage Style: DECORATED
Scene Factory: class com.almasb.fxgl.app.scene.SceneFactory

23:01:15.730 [JavaFX Application Thread] DEBUG FXGLApplication      - Initializing FXGL
23:01:15.740 [JavaFX Application Thread] INFO  Engine               - FXGL-21.1 (26.03.2024 17.33) on WINDOWS (J:25.0.2 FX:21.0.1)
23:01:15.741 [JavaFX Application Thread] DEBUG Engine               - JRE Vendor Name: Oracle Corporation
23:01:15.742 [JavaFX Application Thread] DEBUG Engine               - Running on OS: Windows 11 version 10.0
23:01:15.742 [JavaFX Application Thread] DEBUG Engine               - Architecture: amd64
23:01:15.742 [JavaFX Application Thread] INFO  Engine               - Source code and latest versions at: https://github.com/AlmasB/FXGL
23:01:15.742 [JavaFX Application Thread] INFO  Engine               -       Ask questions and discuss at: https://github.com/AlmasB/FXGL/discussions
23:01:15.742 [JavaFX Application Thread] INFO  Engine               -              Join the FXGL chat at: https://gitter.im/AlmasB/FXGL
23:01:16.178 [JavaFX Application Thread] DEBUG PrimaryStageWindow   - Creating a JavaFX scene
23:01:16.577 [JavaFX Application Thread] DEBUG PrimaryStageWindow   - Target settings size: 800.0 x 600.0
23:01:16.579 [JavaFX Application Thread] DEBUG PrimaryStageWindow   - Scaled scene size:    800.0 x 600.0
23:01:16.579 [JavaFX Application Thread] DEBUG PrimaryStageWindow   - Scaled ratio: (1.0, 1.0)
23:01:16.581 [JavaFX Application Thread] DEBUG PrimaryStageWindow   - Set initial scene to FXGLStartupScene
23:01:16.596 [JavaFX Application Thread] DEBUG PrimaryStageWindow   - Opening main window
23:01:16.846 [JavaFX Application Thread] DEBUG PrimaryStageWindow   - Window border size: (16.0, 39.0)
23:01:16.846 [JavaFX Application Thread] DEBUG PrimaryStageWindow   - Scaled size: 800.0 x 600.0
23:01:16.846 [JavaFX Application Thread] DEBUG PrimaryStageWindow   - Scaled ratio: (1.0, 1.0)
23:01:16.846 [JavaFX Application Thread] DEBUG PrimaryStageWindow   - Scene size: 800.0 x 600.0
23:01:16.846 [JavaFX Application Thread] DEBUG PrimaryStageWindow   - Stage size: 816.0 x 639.0
23:01:16.867 [FXGL Background Thread 1 ] DEBUG Engine               - Initializing environment variables
23:01:17.067 [FXGL Background Thread 1 ] DEBUG FXGLAssetLoaderServi - User app class for loading assets: class main.java.amongUs.AppPrincipal
23:01:17.067 [FXGL Background Thread 1 ] DEBUG GameApplicationServi - Applying CSS: fxgl_dark.css
23:01:17.068 [FXGL Background Thread 1 ] DEBUG FXGLAssetLoaderServi - Loading from file system: jar:file:/C:/Users/josue/OneDrive/Desktop/proyecto%20java/Among%20Us/lib/fxgl-21.1-uber.jar!/fxglassets/ui/css/fxgl_dark.css
23:01:17.230 [FXGL Background Thread 1 ] DEBUG GameApplicationServi - Initializing application scenes
23:01:17.355 [FXGL Background Thread 1 ] DEBUG GameWorld            - Game world initialized
23:01:17.488 [FXGL Background Thread 1 ] DEBUG PhysicsWorld         - Physics world initialized: appHeight=600, physics.ppm=50,0
23:01:17.489 [FXGL Background Thread 1 ] DEBUG PhysicsWorld         - Using strategy: BRUTE_FORCE
23:01:17.513 [FXGL Background Thread 1 ] DEBUG GameScene            - Game scene initialized: 800x600
23:01:17.550 [FXGL Background Thread 1 ] DEBUG FXGL.DefaultMenu     - createMenuBodyGameMenu()
23:01:17.588 [FXGL Background Thread 1 ] DEBUG FXGL.DefaultMenu     - createOptionsMenu()
23:01:17.614 [FXGL Background Thread 1 ] DEBUG FXGLAssetLoaderServi - Loading from file system: jar:file:/C:/Users/josue/OneDrive/Desktop/proyecto%20java/Among%20Us/lib/fxgl-21.1-uber.jar!/fxglassets/textures/particles/smoke.png
23:01:17.829 [FXGL Background Thread 1 ] DEBUG FXGLAssetLoaderServi - Loading from file system: jar:file:/C:/Users/josue/OneDrive/Desktop/proyecto%20java/Among%20Us/lib/fxgl-21.1-uber.jar!/fxglassets/textures/particles/trace_horizontal.png
23:01:17.915 [FXGL Background Thread 1 ] DEBUG GameApplicationServi - Application scenes initialized
23:01:17.953 [FXGL Background Thread 1 ] DEBUG SystemBundleService  - Loading FXGL system data
23:01:17.960 [FXGL Background Thread 1 ] DEBUG FileSystemAccess     - Reading from: C:\Users\josue\OneDrive\Desktop\proyecto java\Among Us\system\fxgl.bundle
23:01:17.994 [FXGL Background Thread 1 ] DEBUG SystemBundleService  - Bundle FXGL: {}
23:01:17.994 [FXGL Background Thread 1 ] DEBUG UpdaterService       - Checking for updates
23:01:18.018 [FXGL Background Thread 1 ] DEBUG FXGLApplication      - Loading default localization
23:01:18.019 [FXGL Background Thread 1 ] DEBUG FXGLAssetLoaderServi - Loading from file system: jar:file:/C:/Users/josue/OneDrive/Desktop/proyecto%20java/Among%20Us/lib/fxgl-21.1-uber.jar!/fxglassets/languages/english.lang
23:01:18.029 [FXGL Background Thread 4 ] DEBUG FXGLApplication      - Loading fonts
23:01:18.034 [FXGL Background Thread 4 ] DEBUG FXGLAssetLoaderServi - Loading from file system: jar:file:/C:/Users/josue/OneDrive/Desktop/proyecto%20java/Among%20Us/lib/fxgl-21.1-uber.jar!/fxglassets/ui/fonts/VarelaRound-Regular.ttf
23:01:18.128 [FXGL Background Thread 1 ] INFO  FXGLApplication      - FXGL initialization took: 1,260 sec
23:01:18.148 [JavaFX Application Thread] DEBUG Input                - Registered new binding: Mover Arriba - W
23:01:18.149 [JavaFX Application Thread] DEBUG Input                - Registered new binding: Mover Abajo - S
23:01:18.149 [JavaFX Application Thread] DEBUG Input                - Registered new binding: Mover Izquierda - A
23:01:18.149 [JavaFX Application Thread] DEBUG Input                - Registered new binding: Mover Derecha - D
23:01:18.149 [JavaFX Application Thread] DEBUG Input                - Registered new binding: Abrir Camaras - C
23:01:18.157 [JavaFX Application Thread] DEBUG Input                - Registered new binding: Usar Alcantarilla - Space
23:01:18.158 [JavaFX Application Thread] DEBUG Input                - Registered new binding: Vent Izquierda - Left
23:01:18.158 [JavaFX Application Thread] DEBUG Input                - Registered new binding: Vent Derecha - Right
23:01:18.158 [JavaFX Application Thread] DEBUG Input                - Registered new binding: Vent Arriba - Up
23:01:18.160 [JavaFX Application Thread] DEBUG Input                - Registered new binding: Vent Abajo - Down
23:01:18.160 [JavaFX Application Thread] DEBUG Input                - Registered new binding: Matar Jugador - Q
23:01:18.160 [JavaFX Application Thread] DEBUG Input                - Registered new binding: Reportar Cadaver - R
23:01:18.163 [JavaFX Application Thread] DEBUG FXGLAssetLoaderServi - Loading from file system: file:/C:/Users/josue/OneDrive/Desktop/proyecto%20java/Among%20Us/out/production/Among%20Us/assets/textures/icono.png
23:01:18.416 [JavaFX Application Thread] DEBUG FXGLAssetLoaderServi - Loading from file system: jar:file:/C:/Users/josue/OneDrive/Desktop/proyecto%20java/Among%20Us/lib/fxgl-21.1-uber.jar!/fxglassets/textures/fxgl_default_cursor.png
23:01:18.437 [JavaFX Application Thread] DEBUG Input                - Registered new binding: Screenshot - CTRL+8
23:01:18.460 [JavaFX Application Thread] DEBUG Input                - Registered new binding: System info dump - CTRL+9
23:01:18.466 [JavaFX Application Thread] DEBUG Input                - Registered new binding: Restart - CTRL+R
23:01:18.467 [JavaFX Application Thread] DEBUG Input                - Registered new binding: Toggle Debug Camera - CTRL+7
23:01:18.515 [JavaFX Application Thread] DEBUG LoopRunner           - Starting loop
23:01:18.533 [FXGL Background Thread 4 ] DEBUG FXGLAssetLoaderServi - Loading from file system: jar:file:/C:/Users/josue/OneDrive/Desktop/proyecto%20java/Among%20Us/lib/fxgl-21.1-uber.jar!/fxglassets/ui/fonts/Abel-Regular.ttf
23:01:18.532 [JavaFX Application Thread] DEBUG LoopRunner           - Initializing JavaFX AnimationTimerLoop
23:01:18.542 [JavaFX Application Thread] DEBUG GameApplicationServi - Starting new game
23:01:18.543 [JavaFX Application Thread] DEBUG Input                - Clearing active input actions
23:01:18.559 [FXGL Background Thread 4 ] DEBUG FXGLAssetLoaderServi - Loading from file system: jar:file:/C:/Users/josue/OneDrive/Desktop/proyecto%20java/Among%20Us/lib/fxgl-21.1-uber.jar!/fxglassets/ui/fonts/TerminalLandMono-Regular.otf
23:01:18.616 [FXGL Background Thread 4 ] DEBUG FXGLAssetLoaderServi - Loading from file system: jar:file:/C:/Users/josue/OneDrive/Desktop/proyecto%20java/Among%20Us/lib/fxgl-21.1-uber.jar!/fxglassets/ui/fonts/Courier-Prime.ttf
23:01:18.672 [JavaFX Application Thread] DEBUG GameApplicationServi - Removing overlay from FXGLStartupScene and adding to FXGLLoadingScene
23:01:18.673 [JavaFX Application Thread] DEBUG PrimaryStageWindow   - FXGLStartupScene -> FXGLLoadingScene
23:01:18.673 [JavaFX Application Thread] DEBUG GameApplicationServi - Clearing previous game
23:01:18.674 [JavaFX Application Thread] DEBUG GameScene            - Clearing game scene
23:01:18.674 [JavaFX Application Thread] DEBUG GameWorld            - Clearing game world
23:01:18.674 [JavaFX Application Thread] DEBUG PhysicsWorld         - Clearing physics world
23:01:18.678 [FXGL Background Thread 4 ] DEBUG FXGLApplication      - Initializing game
23:01:18.699 [FXGL Background Thread 4 ] DEBUG FXGLAssetLoaderServi - Loading from file system: file:/C:/Users/josue/OneDrive/Desktop/proyecto%20java/Among%20Us/out/production/Among%20Us/assets/music/musicaMenu.mp3
23:01:18.892 [JavaFX Application Thread] DEBUG FXGLApplication      - Registering font factories with UI factory
23:01:21.029 [FXGL Background Thread 3 ] DEBUG Engine               - Logging environment variables
23:01:21.056 [FXGL Background Thread 3 ] DEBUG Engine               - achievements: []
23:01:21.056 [FXGL Background Thread 3 ] DEBUG Engine               - actualHeight: 600.0
23:01:21.063 [FXGL Background Thread 3 ] DEBUG Engine               - actualHeightProperty: ReadOnlyDoubleProperty [value: 600.0]
23:01:21.063 [FXGL Background Thread 3 ] DEBUG Engine               - actualWidth: 800.0
23:01:21.063 [FXGL Background Thread 3 ] DEBUG Engine               - actualWidthProperty: ReadOnlyDoubleProperty [value: 800.0]
23:01:21.063 [FXGL Background Thread 3 ] DEBUG Engine               - appIcon: icono.png
23:01:21.064 [FXGL Background Thread 3 ] DEBUG Engine               - applicationMode: DEVELOPER
23:01:21.065 [FXGL Background Thread 3 ] DEBUG Engine               - cSSList: [fxgl_dark.css]
23:01:21.065 [FXGL Background Thread 3 ] DEBUG Engine               - collisionDetectionStrategy: BRUTE_FORCE
23:01:21.065 [FXGL Background Thread 3 ] DEBUG Engine               - configClass: Optional.empty
23:01:21.066 [FXGL Background Thread 3 ] DEBUG Engine               - credits: []
23:01:21.066 [FXGL Background Thread 3 ] DEBUG Engine               - defaultCursor: CursorInfo(imageName=fxgl_default_cursor.png, hotspotX=7.0, hotspotY=6.0)
23:01:21.067 [FXGL Background Thread 3 ] DEBUG Engine               - devBBoxColorProperty: ObjectProperty [value: 0xff0000ff]
23:01:21.077 [FXGL Background Thread 3 ] DEBUG Engine               - devEnableDebugCameraProperty: BooleanProperty [value: false]
23:01:21.077 [FXGL Background Thread 3 ] DEBUG Engine               - devSensorColorProperty: ObjectProperty [value: 0xffff00ff]
23:01:21.078 [FXGL Background Thread 3 ] DEBUG Engine               - devShowBBoxProperty: BooleanProperty [value: false]
23:01:21.078 [FXGL Background Thread 3 ] DEBUG Engine               - devShowPositionProperty: BooleanProperty [value: false]
23:01:21.078 [FXGL Background Thread 3 ] DEBUG Engine               - enabledMenuItems: []
23:01:21.078 [FXGL Background Thread 3 ] DEBUG Engine               - engineServices: [class com.almasb.fxgl.app.services.FXGLAssetLoaderService, class com.almasb.fxgl.app.FXGLApplication$GameApplicationService, class com.almasb.fxgl.app.services.FXGLDialogService, class com.almasb.fxgl.app.services.IOTaskExecutorService, class com.almasb.fxgl.io.FileSystemService, class com.almasb.fxgl.localization.LocalizationService, class com.almasb.fxgl.app.services.SystemBundleService, class com.almasb.fxgl.profile.SaveLoadService, class com.almasb.fxgl.ui.FXGLUIFactoryServiceProvider, class com.almasb.fxgl.ui.FXGLDialogFactoryServiceProvider, class com.almasb.fxgl.audio.AudioPlayer, class com.almasb.fxgl.notification.impl.NotificationServiceProvider, class com.almasb.fxgl.achievement.AchievementService, class com.almasb.fxgl.cutscene.CutsceneService, class com.almasb.fxgl.minigames.MiniGameService, class com.almasb.fxgl.net.NetService, class com.almasb.fxgl.app.services.UpdaterService, class com.almasb.fxgl.dev.DevService]
23:01:21.078 [FXGL Background Thread 3 ] DEBUG Engine               - fontGame: Abel-Regular.ttf
23:01:21.079 [FXGL Background Thread 3 ] DEBUG Engine               - fontMono: TerminalLandMono-Regular.otf
23:01:21.079 [FXGL Background Thread 3 ] DEBUG Engine               - fontSizeScaleUI: 1.0
23:01:21.079 [FXGL Background Thread 3 ] DEBUG Engine               - fontText: Courier-Prime.ttf
23:01:21.079 [FXGL Background Thread 3 ] DEBUG Engine               - fontUI: VarelaRound-Regular.ttf
23:01:21.079 [FXGL Background Thread 3 ] DEBUG Engine               - fullScreen: BooleanProperty [value: false]
23:01:21.079 [FXGL Background Thread 3 ] DEBUG Engine               - gameDifficulty: MEDIUM
23:01:21.079 [FXGL Background Thread 3 ] DEBUG Engine               - gameDifficultyProperty: ObjectProperty [value: MEDIUM]
23:01:21.079 [FXGL Background Thread 3 ] DEBUG Engine               - globalMusicVolume: 0.5
23:01:21.079 [FXGL Background Thread 3 ] DEBUG Engine               - globalMusicVolumeProperty: DoubleProperty [value: 0.5]
23:01:21.080 [FXGL Background Thread 3 ] DEBUG Engine               - globalSoundVolume: 0.5
23:01:21.080 [FXGL Background Thread 3 ] DEBUG Engine               - globalSoundVolumeProperty: DoubleProperty [value: 0.5]
23:01:21.080 [FXGL Background Thread 3 ] DEBUG Engine               - height: 600
23:01:21.080 [FXGL Background Thread 3 ] DEBUG Engine               - is3D: false
23:01:21.080 [FXGL Background Thread 3 ] DEBUG Engine               - isAndroid: false
23:01:21.080 [FXGL Background Thread 3 ] DEBUG Engine               - isBrowser: false
23:01:21.080 [FXGL Background Thread 3 ] DEBUG Engine               - isClickFeedbackEnabled: false
23:01:21.080 [FXGL Background Thread 3 ] DEBUG Engine               - isCloseConfirmation: false
23:01:21.080 [FXGL Background Thread 3 ] DEBUG Engine               - isDesktop: true
23:01:21.080 [FXGL Background Thread 3 ] DEBUG Engine               - isDeveloperMenuEnabled: false
23:01:21.080 [FXGL Background Thread 3 ] DEBUG Engine               - isEmbedded: false
23:01:21.080 [FXGL Background Thread 3 ] DEBUG Engine               - isEntityPreloadEnabled: true
23:01:21.080 [FXGL Background Thread 3 ] DEBUG Engine               - isExperimentalTiledLargeMap: false
23:01:21.081 [FXGL Background Thread 3 ] DEBUG Engine               - isFileSystemWriteAllowed: true
23:01:21.081 [FXGL Background Thread 3 ] DEBUG Engine               - isFullScreenAllowed: false
23:01:21.081 [FXGL Background Thread 3 ] DEBUG Engine               - isFullScreenFromStart: false
23:01:21.081 [FXGL Background Thread 3 ] DEBUG Engine               - isGameMenuEnabled: true
23:01:21.081 [FXGL Background Thread 3 ] DEBUG Engine               - isIOS: false
23:01:21.082 [FXGL Background Thread 3 ] DEBUG Engine               - isIntroEnabled: false
23:01:21.082 [FXGL Background Thread 3 ] DEBUG Engine               - isLinux: false
23:01:21.082 [FXGL Background Thread 3 ] DEBUG Engine               - isMac: false
23:01:21.082 [FXGL Background Thread 3 ] DEBUG Engine               - isMainMenuEnabled: false
23:01:21.082 [FXGL Background Thread 3 ] DEBUG Engine               - isManualResizeEnabled: false
23:01:21.082 [FXGL Background Thread 3 ] DEBUG Engine               - isMobile: false
23:01:21.083 [FXGL Background Thread 3 ] DEBUG Engine               - isNative: false
23:01:21.083 [FXGL Background Thread 3 ] DEBUG Engine               - isPauseMusicWhenMinimized: true
23:01:21.083 [FXGL Background Thread 3 ] DEBUG Engine               - isPreserveResizeRatio: false
23:01:21.083 [FXGL Background Thread 3 ] DEBUG Engine               - isProfilingEnabled: false
23:01:21.083 [FXGL Background Thread 3 ] DEBUG Engine               - isScaleAffectedOnResize: true
23:01:21.083 [FXGL Background Thread 3 ] DEBUG Engine               - isSingleStep: false
23:01:21.083 [FXGL Background Thread 3 ] DEBUG Engine               - isUserProfileEnabled: false
23:01:21.083 [FXGL Background Thread 3 ] DEBUG Engine               - isWindows: true
23:01:21.083 [FXGL Background Thread 3 ] DEBUG Engine               - language: ObjectProperty [value: ENGLISH]
23:01:21.083 [FXGL Background Thread 3 ] DEBUG Engine               - menuKey: ESCAPE
23:01:21.083 [FXGL Background Thread 3 ] DEBUG Engine               - mouseSensitivity: 0.2
23:01:21.083 [FXGL Background Thread 3 ] DEBUG Engine               - notificationViewClass: class com.almasb.fxgl.notification.view.XboxNotificationView
23:01:21.083 [FXGL Background Thread 3 ] DEBUG Engine               - pixelsPerMeter: 50.0
23:01:21.083 [FXGL Background Thread 3 ] DEBUG Engine               - platform: WINDOWS
23:01:21.083 [FXGL Background Thread 3 ] DEBUG Engine               - prefHeightProperty: ReadOnlyDoubleProperty [value: 600.0]
23:01:21.083 [FXGL Background Thread 3 ] DEBUG Engine               - prefWidthProperty: ReadOnlyDoubleProperty [value: 800.0]
23:01:21.083 [FXGL Background Thread 3 ] DEBUG Engine               - profileDir: profiles/
23:01:21.083 [FXGL Background Thread 3 ] DEBUG Engine               - profileName: StringProperty [value: DEFAULT]
23:01:21.083 [FXGL Background Thread 3 ] DEBUG Engine               - randomSeed: -1
23:01:21.084 [FXGL Background Thread 3 ] DEBUG Engine               - runtimeInfo: RuntimeInfo(platform=WINDOWS, version=21.1, build=26.03.2024 17.33)
23:01:21.084 [FXGL Background Thread 3 ] DEBUG Engine               - saveFileExt: sav
23:01:21.084 [FXGL Background Thread 3 ] DEBUG Engine               - scaledHeightProp$fxgl: DoubleProperty [bound, value: 600.0]
23:01:21.084 [FXGL Background Thread 3 ] DEBUG Engine               - scaledWidthProp$fxgl: DoubleProperty [bound, value: 800.0]
23:01:21.084 [FXGL Background Thread 3 ] DEBUG Engine               - sceneFactory: com.almasb.fxgl.app.scene.SceneFactory@7aa92cb3
23:01:21.084 [FXGL Background Thread 3 ] DEBUG Engine               - secondsIn24h: 60
23:01:21.084 [FXGL Background Thread 3 ] DEBUG Engine               - soundMenuBack: menu/back.wav
23:01:21.084 [FXGL Background Thread 3 ] DEBUG Engine               - soundMenuPress: menu/press.wav
23:01:21.085 [FXGL Background Thread 3 ] DEBUG Engine               - soundMenuSelect: menu/select.wav
23:01:21.085 [FXGL Background Thread 3 ] DEBUG Engine               - soundNotification: core/notification.wav
23:01:21.085 [FXGL Background Thread 3 ] DEBUG Engine               - stageStyle: DECORATED
23:01:21.085 [FXGL Background Thread 3 ] DEBUG Engine               - supportedLanguages: [ENGLISH, FRENCH, GERMAN, HUNGARIAN, RUSSIAN]
23:01:21.085 [FXGL Background Thread 3 ] DEBUG Engine               - ticksPerSecond: -1
23:01:21.085 [FXGL Background Thread 3 ] DEBUG Engine               - title: Among Us UNEG
23:01:21.085 [FXGL Background Thread 3 ] DEBUG Engine               - urlGithub: https://github.com/AlmasB/FXGL
23:01:21.085 [FXGL Background Thread 3 ] DEBUG Engine               - urlLeaderboard: http://fxgl-top.herokuapp.com/
23:01:21.085 [FXGL Background Thread 3 ] DEBUG Engine               - urlPOM: https://raw.githubusercontent.com/AlmasB/FXGL/release/README.md
23:01:21.085 [FXGL Background Thread 3 ] DEBUG Engine               - userAppClass: class main.java.amongUs.AppPrincipal
23:01:21.085 [FXGL Background Thread 3 ] DEBUG Engine               - version: 0.0
23:01:21.085 [FXGL Background Thread 3 ] DEBUG Engine               - versionCheckDays: 7
23:01:21.085 [FXGL Background Thread 3 ] DEBUG Engine               - width: 800
23:01:21.086 [FXGL Background Thread 3 ] DEBUG Engine               - Logging services
23:01:21.086 [FXGL Background Thread 3 ] DEBUG Engine               - class com.almasb.fxgl.app.services.FXGLAssetLoaderService
23:01:21.086 [FXGL Background Thread 3 ] DEBUG Engine               - class com.almasb.fxgl.app.FXGLApplication$GameApplicationService
23:01:21.086 [FXGL Background Thread 3 ] DEBUG Engine               - class com.almasb.fxgl.app.services.FXGLDialogService
23:01:21.086 [FXGL Background Thread 3 ] DEBUG Engine               - class com.almasb.fxgl.app.services.IOTaskExecutorService
23:01:21.086 [FXGL Background Thread 3 ] DEBUG Engine               - class com.almasb.fxgl.io.FileSystemService
23:01:21.086 [FXGL Background Thread 3 ] DEBUG Engine               - class com.almasb.fxgl.localization.LocalizationService
23:01:21.086 [FXGL Background Thread 3 ] DEBUG Engine               - class com.almasb.fxgl.app.services.SystemBundleService
23:01:21.086 [FXGL Background Thread 3 ] DEBUG Engine               - class com.almasb.fxgl.profile.SaveLoadService
23:01:21.086 [FXGL Background Thread 3 ] DEBUG Engine               - class com.almasb.fxgl.ui.FXGLUIFactoryServiceProvider
23:01:21.086 [FXGL Background Thread 3 ] DEBUG Engine               - class com.almasb.fxgl.ui.FXGLDialogFactoryServiceProvider
23:01:21.086 [FXGL Background Thread 3 ] DEBUG Engine               - class com.almasb.fxgl.audio.AudioPlayer
23:01:21.086 [FXGL Background Thread 3 ] DEBUG Engine               - class com.almasb.fxgl.notification.impl.NotificationServiceProvider
23:01:21.086 [FXGL Background Thread 3 ] DEBUG Engine               - class com.almasb.fxgl.achievement.AchievementService
23:01:21.086 [FXGL Background Thread 3 ] DEBUG Engine               - class com.almasb.fxgl.cutscene.CutsceneService
23:01:21.086 [FXGL Background Thread 3 ] DEBUG Engine               - class com.almasb.fxgl.minigames.MiniGameService
23:01:21.086 [FXGL Background Thread 3 ] DEBUG Engine               - class com.almasb.fxgl.net.NetService
23:01:21.086 [FXGL Background Thread 3 ] DEBUG Engine               - class com.almasb.fxgl.app.services.UpdaterService
23:01:21.086 [FXGL Background Thread 3 ] DEBUG Engine               - class com.almasb.fxgl.dev.DevService
23:01:21.133 [FXGL Background Thread 4 ] DEBUG AudioPlayer          - Playing music com.almasb.fxgl.audio.Music@20ccd802
23:01:21.239 [FXGL Background Thread 2 ] INFO  UpdaterService       - Your current version:  21.1
23:01:21.240 [FXGL Background Thread 2 ] INFO  UpdaterService       - Latest stable version: 25
23:01:26.550 [FXGL Background Thread 4 ] INFO  FXGLApplication      - Game initialization took: 7,872 sec
23:01:26.660 [JavaFX Application Thread] DEBUG Input                - Clearing active input actions
23:01:26.689 [JavaFX Application Thread] DEBUG GameApplicationServi - Removing overlay from FXGLLoadingScene and adding to GameScene
23:01:26.689 [JavaFX Application Thread] DEBUG PrimaryStageWindow   - FXGLLoadingScene -> GameScene
23:01:28.833 [JavaFX Application Thread] DEBUG FXGLAssetLoaderServi - Loading from file system: file:/C:/Users/josue/OneDrive/Desktop/proyecto%20java/Among%20Us/out/production/Among%20Us/assets/sounds/clickBoton.wav
23:01:58.718 [JavaFX Application Thread] DEBUG FXGLAssetLoaderServi - Loading from file system: file:/C:/Users/josue/OneDrive/Desktop/proyecto%20java/Among%20Us/out/production/Among%20Us/assets/textures/tripulante_blanco.png
23:02:05.761 [JavaFX Application Thread] DEBUG FXGLAssetLoaderServi - Loading from file system: file:/C:/Users/josue/OneDrive/Desktop/proyecto%20java/Among%20Us/out/production/Among%20Us/assets/textures/tripulante_negro.png
23:02:07.607 [JavaFX Application Thread] DEBUG FXGLAssetLoaderServi - Loading from file system: file:/C:/Users/josue/OneDrive/Desktop/proyecto%20java/Among%20Us/out/production/Among%20Us/assets/textures/tripulante_marron.png
23:02:14.147 [JavaFX Application Thread] DEBUG FXGLAssetLoaderServi - Loading from file system: file:/C:/Users/josue/OneDrive/Desktop/proyecto%20java/Among%20Us/out/production/Among%20Us/assets/textures/tripulante_naranja.png
23:02:14.289 [JavaFX Application Thread] DEBUG FXGLAssetLoaderServi - Loading from file system: file:/C:/Users/josue/OneDrive/Desktop/proyecto%20java/Among%20Us/out/production/Among%20Us/assets/textures/tripulante_azul.png
23:02:23.824 [JavaFX Application Thread] WARN  TMXLevelLoader       - TiledMap generated from 1.11.2. Supported version: 1.9.0. Some features may not be parsed fully.
23:02:23.897 [JavaFX Application Thread] DEBUG TMXLevelLoader       - Parsed TiledMap: file:/C:/Users/josue/OneDrive/Desktop/proyecto%20java/Among%20Us/out/production/Among%20Us/assets/levels/mapa2.tmx
23:02:23.898 [JavaFX Application Thread] DEBUG TMXLevelLoader       - Creating tile layer entities
23:02:23.902 [JavaFX Application Thread] DEBUG TilesetLoader        - Loading view for layer fondo1
23:02:23.903 [JavaFX Application Thread] DEBUG TilesetLoader        - Created buffer with size 992.0x960.0
23:02:23.937 [JavaFX Application Thread] DEBUG TilesetLoader        - Loading view for layer fondo
23:02:23.987 [JavaFX Application Thread] DEBUG TilesetLoader        - Created buffer with size 992.0x960.0
23:02:23.994 [JavaFX Application Thread] DEBUG TilesetLoader        - Loading view for layer piso
23:02:23.996 [JavaFX Application Thread] DEBUG TilesetLoader        - Created buffer with size 992.0x960.0
23:02:24.003 [JavaFX Application Thread] DEBUG TilesetLoader        - Loading view for layer piso1
23:02:24.004 [JavaFX Application Thread] DEBUG TilesetLoader        - Created buffer with size 992.0x960.0
23:02:24.019 [JavaFX Application Thread] DEBUG TilesetLoader        - Loading view for layer izquierda
23:02:24.020 [JavaFX Application Thread] DEBUG TilesetLoader        - Created buffer with size 992.0x960.0
23:02:24.036 [JavaFX Application Thread] DEBUG TilesetLoader        - Loading view for layer detallesatraspared
23:02:24.038 [JavaFX Application Thread] DEBUG TilesetLoader        - Created buffer with size 992.0x960.0
23:02:24.106 [JavaFX Application Thread] DEBUG TilesetLoader        - Loading view for layer pared2
23:02:24.108 [JavaFX Application Thread] DEBUG TilesetLoader        - Created buffer with size 992.0x960.0
23:02:24.128 [JavaFX Application Thread] DEBUG TilesetLoader        - Loading view for layer techo1
23:02:24.130 [JavaFX Application Thread] DEBUG TilesetLoader        - Created buffer with size 992.0x960.0
23:02:24.139 [JavaFX Application Thread] DEBUG TilesetLoader        - Loading view for layer techo2
23:02:24.139 [JavaFX Application Thread] DEBUG TilesetLoader        - Created buffer with size 992.0x960.0
23:02:24.148 [JavaFX Application Thread] DEBUG TilesetLoader        - Loading view for layer puertita
23:02:24.148 [JavaFX Application Thread] DEBUG TilesetLoader        - Created buffer with size 992.0x960.0
23:02:24.150 [JavaFX Application Thread] DEBUG TilesetLoader        - Loading view for layer puerta
23:02:24.151 [JavaFX Application Thread] DEBUG TilesetLoader        - Created buffer with size 992.0x960.0
23:02:24.155 [JavaFX Application Thread] DEBUG TilesetLoader        - Loading view for layer detalles
23:02:24.155 [JavaFX Application Thread] DEBUG TilesetLoader        - Created buffer with size 992.0x960.0
23:02:24.177 [JavaFX Application Thread] DEBUG TilesetLoader        - Loading view for layer detalles 2
23:02:24.178 [JavaFX Application Thread] DEBUG TilesetLoader        - Created buffer with size 992.0x960.0
23:02:24.193 [JavaFX Application Thread] DEBUG TilesetLoader        - Loading view for layer detalles3
23:02:24.195 [JavaFX Application Thread] DEBUG TilesetLoader        - Created buffer with size 992.0x960.0
23:02:24.222 [JavaFX Application Thread] DEBUG TilesetLoader        - Loading view for layer grieta
23:02:24.223 [JavaFX Application Thread] DEBUG TilesetLoader        - Created buffer with size 992.0x960.0
23:02:24.225 [JavaFX Application Thread] DEBUG TilesetLoader        - Loading view for layer camaras
23:02:24.226 [JavaFX Application Thread] DEBUG TilesetLoader        - Created buffer with size 992.0x960.0
23:02:24.230 [JavaFX Application Thread] DEBUG TilesetLoader        - Loading view for layer Techo
23:02:24.233 [JavaFX Application Thread] DEBUG TilesetLoader        - Created buffer with size 992.0x960.0
23:02:24.235 [JavaFX Application Thread] DEBUG TMXLevelLoader       - Creating object layer entities
23:02:24.365 [JavaFX Application Thread] DEBUG GameWorld            - Clearing removable entities
23:02:24.365 [JavaFX Application Thread] DEBUG GameWorld            - Setting level: com.almasb.fxgl.entity.level.Level@3f8f4742
23:02:24.436 [JavaFX Application Thread] DEBUG FXGLAssetLoaderServi - Loading from file system: file:/C:/Users/josue/OneDrive/Desktop/proyecto%20java/Among%20Us/out/production/Among%20Us/assets/textures/MonitorDeCamaras.png
23:02:24.467 [JavaFX Application Thread] DEBUG FXGLAssetLoaderServi - Loading from file system: file:/C:/Users/josue/OneDrive/Desktop/proyecto%20java/Among%20Us/out/production/Among%20Us/assets/textures/flechaAmarillaIzq.png
23:02:24.474 [JavaFX Application Thread] DEBUG FXGLAssetLoaderServi - Loading from file system: file:/C:/Users/josue/OneDrive/Desktop/proyecto%20java/Among%20Us/out/production/Among%20Us/assets/textures/flechaAmarillaDer.png
23:02:24.499 [JavaFX Application Thread] DEBUG FXGLAssetLoaderServi - Loading from file system: file:/C:/Users/josue/OneDrive/Desktop/proyecto%20java/Among%20Us/out/production/Among%20Us/assets/textures/animacion_fantasma.png
23:02:24.503 [JavaFX Application Thread] DEBUG FXGLAssetLoaderServi - Loading from file system: file:/C:/Users/josue/OneDrive/Desktop/proyecto%20java/Among%20Us/out/production/Among%20Us/assets/textures/blanco_muerto.png
23:02:24.503 [JavaFX Application Thread] DEBUG FXGLAssetLoaderServi - Loading from file system: file:/C:/Users/josue/OneDrive/Desktop/proyecto%20java/Among%20Us/out/production/Among%20Us/assets/textures/animacion_blanco.png
23:02:24.507 [JavaFX Application Thread] DEBUG FXGLAssetLoaderServi - Loading from file system: file:/C:/Users/josue/OneDrive/Desktop/proyecto%20java/Among%20Us/out/production/Among%20Us/assets/textures/alcantarilla_blanco.png
23:02:24.584 [JavaFX Application Thread] DEBUG FXGLAssetLoaderServi - Loading from file system: file:/C:/Users/josue/OneDrive/Desktop/proyecto%20java/Among%20Us/out/production/Among%20Us/assets/textures/alcantarilla_blancoE.png
23:02:24.645 [JavaFX Application Thread] DEBUG FXGLAssetLoaderServi - Loading from file system: file:/C:/Users/josue/OneDrive/Desktop/proyecto%20java/Among%20Us/out/production/Among%20Us/assets/textures/naranja_muerto.png
23:02:24.646 [JavaFX Application Thread] DEBUG FXGLAssetLoaderServi - Loading from file system: file:/C:/Users/josue/OneDrive/Desktop/proyecto%20java/Among%20Us/out/production/Among%20Us/assets/textures/animacion_naranja.png
23:02:24.667 [JavaFX Application Thread] DEBUG FXGLAssetLoaderServi - Loading from file system: file:/C:/Users/josue/OneDrive/Desktop/proyecto%20java/Among%20Us/out/production/Among%20Us/assets/textures/alcantarilla_naranja.png
23:02:24.670 [JavaFX Application Thread] DEBUG FXGLAssetLoaderServi - Loading from file system: file:/C:/Users/josue/OneDrive/Desktop/proyecto%20java/Among%20Us/out/production/Among%20Us/assets/textures/alcantarilla_naranjaE.png
23:02:24.682 [JavaFX Application Thread] DEBUG FXGLAssetLoaderServi - Loading from file system: file:/C:/Users/josue/OneDrive/Desktop/proyecto%20java/Among%20Us/out/production/Among%20Us/assets/textures/azul_muerto.png
23:02:24.683 [JavaFX Application Thread] DEBUG FXGLAssetLoaderServi - Loading from file system: file:/C:/Users/josue/OneDrive/Desktop/proyecto%20java/Among%20Us/out/production/Among%20Us/assets/textures/animacion_azul.png
23:02:24.684 [JavaFX Application Thread] DEBUG FXGLAssetLoaderServi - Loading from file system: file:/C:/Users/josue/OneDrive/Desktop/proyecto%20java/Among%20Us/out/production/Among%20Us/assets/textures/alcantarilla_azul.png
23:02:24.686 [JavaFX Application Thread] DEBUG FXGLAssetLoaderServi - Loading from file system: file:/C:/Users/josue/OneDrive/Desktop/proyecto%20java/Among%20Us/out/production/Among%20Us/assets/textures/alcantarilla_azulE.png
23:02:24.689 [JavaFX Application Thread] DEBUG FXGLAssetLoaderServi - Loading from file system: file:/C:/Users/josue/OneDrive/Desktop/proyecto%20java/Among%20Us/out/production/Among%20Us/assets/textures/accionNegada.png
23:02:24.697 [JavaFX Application Thread] DEBUG FXGLAssetLoaderServi - Loading from file system: file:/C:/Users/josue/OneDrive/Desktop/proyecto%20java/Among%20Us/out/production/Among%20Us/assets/textures/reportarNegado.png
23:02:24.707 [JavaFX Application Thread] DEBUG FXGLAssetLoaderServi - Loading from file system: file:/C:/Users/josue/OneDrive/Desktop/proyecto%20java/Among%20Us/out/production/Among%20Us/assets/textures/matarNegado.png
23:02:24.717 [JavaFX Application Thread] DEBUG FXGLAssetLoaderServi - Loading from file system: file:/C:/Users/josue/OneDrive/Desktop/proyecto%20java/Among%20Us/out/production/Among%20Us/assets/textures/sabotaje.png
23:02:24.726 [JavaFX Application Thread] DEBUG FXGLAssetLoaderServi - Loading from file system: file:/C:/Users/josue/OneDrive/Desktop/proyecto%20java/Among%20Us/out/production/Among%20Us/assets/textures/animacion_extintor.png
23:02:24.758 [JavaFX Application Thread] DEBUG FXGLAssetLoaderServi - Loading from file system: file:/C:/Users/josue/OneDrive/Desktop/proyecto%20java/Among%20Us/out/production/Among%20Us/assets/textures/animacion_temperatura.png
23:02:24.842 [JavaFX Application Thread] DEBUG FXGLAssetLoaderServi - Loading from file system: file:/C:/Users/josue/OneDrive/Desktop/proyecto%20java/Among%20Us/out/production/Among%20Us/assets/textures/animacion_encestar.png
23:02:24.907 [JavaFX Application Thread] DEBUG FXGLAssetLoaderServi - Loading from file system: file:/C:/Users/josue/OneDrive/Desktop/proyecto%20java/Among%20Us/out/production/Among%20Us/assets/textures/animacion_basura.png
23:02:24.953 [JavaFX Application Thread] DEBUG FXGLAssetLoaderServi - Loading from file system: file:/C:/Users/josue/OneDrive/Desktop/proyecto%20java/Among%20Us/out/production/Among%20Us/assets/textures/animacion_tarjeta.png
23:02:24.976 [JavaFX Application Thread] WARN  FXGLAssetLoaderServi - Asset "/assets/textures/animacion_reactor.png" was not found!
23:02:24.976 [JavaFX Application Thread] WARN  FXGLAssetLoaderServi - Failed to load IMAGE
23:02:24.991 [JavaFX Application Thread] DEBUG FXGLAssetLoaderServi - Loading from file system: file:/C:/Users/josue/OneDrive/Desktop/proyecto%20java/Among%20Us/out/production/Among%20Us/assets/textures/barra_0.png
23:02:24.996 [JavaFX Application Thread] DEBUG FXGLAssetLoaderServi - Loading from file system: file:/C:/Users/josue/OneDrive/Desktop/proyecto%20java/Among%20Us/out/production/Among%20Us/assets/textures/pantalla_impostor.png
23:02:34.858 [JavaFX Application Thread] DEBUG FXGLAssetLoaderServi - Loading from file system: file:/C:/Users/josue/OneDrive/Desktop/proyecto%20java/Among%20Us/out/production/Among%20Us/assets/textures/matar.png
23:02:44.875 [JavaFX Application Thread] DEBUG FXGLAssetLoaderServi - Loading from file system: file:/C:/Users/josue/OneDrive/Desktop/proyecto%20java/Among%20Us/out/production/Among%20Us/assets/textures/accion.png
23:03:43.878 [JavaFX Application Thread] DEBUG PrimaryStageWindow   - Push state: FXGLDefaultMenu
23:03:43.883 [JavaFX Application Thread] DEBUG Input                - Clearing active input actions
23:03:43.890 [JavaFX Application Thread] DEBUG GameApplicationServi - Removing overlay from GameScene and adding to FXGLDefaultMenu
23:03:43.890 [JavaFX Application Thread] DEBUG PrimaryStageWindow   - GameScene -> FXGLDefaultMenu
23:03:44.838 [JavaFX Application Thread] DEBUG Menu                 - fireExit()
23:03:44.842 [JavaFX Application Thread] DEBUG PrimaryStageWindow   - Push state: DialogSubScene
23:03:44.843 [JavaFX Application Thread] DEBUG Input                - Clearing active input actions
23:03:44.843 [JavaFX Application Thread] DEBUG GameApplicationServi - Removing overlay from FXGLDefaultMenu and adding to DialogSubScene
23:03:44.843 [JavaFX Application Thread] DEBUG PrimaryStageWindow   - FXGLDefaultMenu -> DialogSubScene
23:03:45.855 [JavaFX Application Thread] DEBUG PrimaryStageWindow   - Pop state: DialogSubScene
23:03:45.855 [JavaFX Application Thread] DEBUG Input                - Clearing active input actions
23:03:45.856 [JavaFX Application Thread] DEBUG GameApplicationServi - Removing overlay from DialogSubScene and adding to FXGLDefaultMenu
23:03:45.856 [JavaFX Application Thread] DEBUG PrimaryStageWindow   - FXGLDefaultMenu <- DialogSubScene
23:03:45.856 [JavaFX Application Thread] DEBUG FXGLApplication      - Exiting FXGL
23:03:45.856 [JavaFX Application Thread] DEBUG LoopRunner           - Stopping loop
23:03:45.856 [JavaFX Application Thread] DEBUG SystemBundleService  - Saving FXGL system data
23:03:45.860 [JavaFX Application Thread] DEBUG FileSystemAccess     - Writing to: C:\Users\josue\OneDrive\Desktop\proyecto java\Among Us\system\fxgl.bundle
23:03:45.864 [JavaFX Application Thread] DEBUG Async                - Shutting down background threads
23:03:45.865 [JavaFX Application Thread] DEBUG PrimaryStageWindow   - Closing main window
23:03:45.943 [JavaFX Application Thread] DEBUG Logger               - Closing Logger
