12:45:56.948 [main                     ] DEBUG Logger               - Configured Logger
12:45:56.971 [main                     ] DEBUG GameApplication      - Logging settings
Title: Among Us UNEG
Version: 0.0
Width: 800
Height: 600
Fullscreen: false
Intro: false
Profiling: false
Single step:false
App Mode: DEVELOPER
Menu Key: ESCAPE
Stage Style: DECORATED
Scene Factory: class com.almasb.fxgl.app.scene.SceneFactory

12:45:58.020 [JavaFX Application Thread] DEBUG FXGLApplication      - Initializing FXGL
12:45:58.026 [JavaFX Application Thread] INFO  Engine               - FXGL-21.1 (26.03.2024 17.33) on WINDOWS (J:25.0.2 FX:21.0.1)
12:45:58.027 [JavaFX Application Thread] DEBUG Engine               - JRE Vendor Name: Oracle Corporation
12:45:58.027 [JavaFX Application Thread] DEBUG Engine               - Running on OS: Windows 11 version 10.0
12:45:58.027 [JavaFX Application Thread] DEBUG Engine               - Architecture: amd64
12:45:58.027 [JavaFX Application Thread] INFO  Engine               - Source code and latest versions at: https://github.com/AlmasB/FXGL
12:45:58.029 [JavaFX Application Thread] INFO  Engine               -       Ask questions and discuss at: https://github.com/AlmasB/FXGL/discussions
12:45:58.030 [JavaFX Application Thread] INFO  Engine               -              Join the FXGL chat at: https://gitter.im/AlmasB/FXGL
12:45:58.238 [JavaFX Application Thread] DEBUG PrimaryStageWindow   - Creating a JavaFX scene
12:45:58.384 [JavaFX Application Thread] DEBUG PrimaryStageWindow   - Target settings size: 800.0 x 600.0
12:45:58.384 [JavaFX Application Thread] DEBUG PrimaryStageWindow   - Scaled scene size:    800.0 x 600.0
12:45:58.385 [JavaFX Application Thread] DEBUG PrimaryStageWindow   - Scaled ratio: (1.0, 1.0)
12:45:58.388 [JavaFX Application Thread] DEBUG PrimaryStageWindow   - Set initial scene to FXGLStartupScene
12:45:58.396 [JavaFX Application Thread] DEBUG PrimaryStageWindow   - Opening main window
12:45:58.575 [JavaFX Application Thread] DEBUG PrimaryStageWindow   - Window border size: (16.0, 39.0)
12:45:58.575 [JavaFX Application Thread] DEBUG PrimaryStageWindow   - Scaled size: 800.0 x 600.0
12:45:58.575 [JavaFX Application Thread] DEBUG PrimaryStageWindow   - Scaled ratio: (1.0, 1.0)
12:45:58.575 [JavaFX Application Thread] DEBUG PrimaryStageWindow   - Scene size: 800.0 x 600.0
12:45:58.575 [JavaFX Application Thread] DEBUG PrimaryStageWindow   - Stage size: 816.0 x 639.0
12:45:58.696 [FXGL Background Thread 1 ] DEBUG Engine               - Initializing environment variables
12:45:58.804 [FXGL Background Thread 1 ] DEBUG FXGLAssetLoaderServi - User app class for loading assets: class main.java.amongUs.AppPrincipal
12:45:58.804 [FXGL Background Thread 1 ] DEBUG GameApplicationServi - Applying CSS: fxgl_dark.css
12:45:58.805 [FXGL Background Thread 1 ] DEBUG FXGLAssetLoaderServi - Loading from file system: jar:file:/C:/Users/josue/OneDrive/Desktop/proyecto%20java/Among%20Us/lib/fxgl-21.1-uber.jar!/fxglassets/ui/css/fxgl_dark.css
12:45:58.934 [FXGL Background Thread 1 ] DEBUG GameApplicationServi - Initializing application scenes
12:45:59.149 [FXGL Background Thread 1 ] DEBUG GameWorld            - Game world initialized
12:45:59.223 [FXGL Background Thread 1 ] DEBUG PhysicsWorld         - Physics world initialized: appHeight=600, physics.ppm=50,0
12:45:59.223 [FXGL Background Thread 1 ] DEBUG PhysicsWorld         - Using strategy: BRUTE_FORCE
12:45:59.230 [FXGL Background Thread 1 ] DEBUG GameScene            - Game scene initialized: 800x600
12:45:59.253 [FXGL Background Thread 1 ] DEBUG FXGL.DefaultMenu     - createMenuBodyGameMenu()
12:45:59.286 [FXGL Background Thread 1 ] DEBUG FXGL.DefaultMenu     - createOptionsMenu()
12:45:59.326 [FXGL Background Thread 1 ] DEBUG FXGLAssetLoaderServi - Loading from file system: jar:file:/C:/Users/josue/OneDrive/Desktop/proyecto%20java/Among%20Us/lib/fxgl-21.1-uber.jar!/fxglassets/textures/particles/smoke.png
12:45:59.492 [FXGL Background Thread 1 ] DEBUG FXGLAssetLoaderServi - Loading from file system: jar:file:/C:/Users/josue/OneDrive/Desktop/proyecto%20java/Among%20Us/lib/fxgl-21.1-uber.jar!/fxglassets/textures/particles/trace_horizontal.png
12:45:59.540 [FXGL Background Thread 1 ] DEBUG GameApplicationServi - Application scenes initialized
12:45:59.566 [FXGL Background Thread 1 ] DEBUG SystemBundleService  - Loading FXGL system data
12:45:59.575 [FXGL Background Thread 1 ] DEBUG FileSystemAccess     - Reading from: C:\Users\josue\OneDrive\Desktop\proyecto java\Among Us\system\fxgl.bundle
12:45:59.588 [FXGL Background Thread 1 ] DEBUG SystemBundleService  - Bundle FXGL: {}
12:45:59.588 [FXGL Background Thread 1 ] DEBUG UpdaterService       - Checking for updates
12:45:59.595 [FXGL Background Thread 1 ] DEBUG FXGLApplication      - Loading default localization
12:45:59.596 [FXGL Background Thread 1 ] DEBUG FXGLAssetLoaderServi - Loading from file system: jar:file:/C:/Users/josue/OneDrive/Desktop/proyecto%20java/Among%20Us/lib/fxgl-21.1-uber.jar!/fxglassets/languages/english.lang
12:45:59.606 [FXGL Background Thread 4 ] DEBUG FXGLApplication      - Loading fonts
12:45:59.608 [FXGL Background Thread 4 ] DEBUG FXGLAssetLoaderServi - Loading from file system: jar:file:/C:/Users/josue/OneDrive/Desktop/proyecto%20java/Among%20Us/lib/fxgl-21.1-uber.jar!/fxglassets/ui/fonts/VarelaRound-Regular.ttf
12:45:59.680 [FXGL Background Thread 1 ] INFO  FXGLApplication      - FXGL initialization took: 0,984 sec
12:45:59.695 [JavaFX Application Thread] DEBUG Input                - Registered new binding: Mover Arriba - W
12:45:59.695 [JavaFX Application Thread] DEBUG Input                - Registered new binding: Mover Abajo - S
12:45:59.696 [JavaFX Application Thread] DEBUG Input                - Registered new binding: Mover Izquierda - A
12:45:59.696 [JavaFX Application Thread] DEBUG Input                - Registered new binding: Mover Derecha - D
12:45:59.696 [JavaFX Application Thread] DEBUG Input                - Registered new binding: Abrir Camaras - C
12:45:59.696 [JavaFX Application Thread] DEBUG Input                - Registered new binding: Usar Alcantarilla - Space
12:45:59.696 [JavaFX Application Thread] DEBUG Input                - Registered new binding: Vent Izquierda - Left
12:45:59.696 [JavaFX Application Thread] DEBUG Input                - Registered new binding: Vent Derecha - Right
12:45:59.696 [JavaFX Application Thread] DEBUG Input                - Registered new binding: Vent Arriba - Up
12:45:59.697 [JavaFX Application Thread] DEBUG Input                - Registered new binding: Vent Abajo - Down
12:45:59.697 [JavaFX Application Thread] DEBUG Input                - Registered new binding: Matar Jugador - Q
12:45:59.697 [JavaFX Application Thread] DEBUG Input                - Registered new binding: Reportar Cadaver - R
12:45:59.698 [JavaFX Application Thread] DEBUG FXGLAssetLoaderServi - Loading from file system: file:/C:/Users/josue/OneDrive/Desktop/proyecto%20java/Among%20Us/out/production/Among%20Us/assets/textures/icono.png
12:45:59.735 [JavaFX Application Thread] DEBUG FXGLAssetLoaderServi - Loading from file system: jar:file:/C:/Users/josue/OneDrive/Desktop/proyecto%20java/Among%20Us/lib/fxgl-21.1-uber.jar!/fxglassets/textures/fxgl_default_cursor.png
12:45:59.739 [JavaFX Application Thread] DEBUG Input                - Registered new binding: Screenshot - CTRL+8
12:45:59.747 [JavaFX Application Thread] DEBUG Input                - Registered new binding: System info dump - CTRL+9
12:45:59.749 [JavaFX Application Thread] DEBUG Input                - Registered new binding: Restart - CTRL+R
12:45:59.750 [JavaFX Application Thread] DEBUG Input                - Registered new binding: Toggle Debug Camera - CTRL+7
12:45:59.758 [JavaFX Application Thread] DEBUG LoopRunner           - Starting loop
12:45:59.760 [JavaFX Application Thread] DEBUG LoopRunner           - Initializing JavaFX AnimationTimerLoop
12:45:59.768 [JavaFX Application Thread] DEBUG GameApplicationServi - Starting new game
12:45:59.768 [JavaFX Application Thread] DEBUG Input                - Clearing active input actions
12:45:59.824 [JavaFX Application Thread] DEBUG GameApplicationServi - Removing overlay from FXGLStartupScene and adding to FXGLLoadingScene
12:45:59.824 [JavaFX Application Thread] DEBUG PrimaryStageWindow   - FXGLStartupScene -> FXGLLoadingScene
12:45:59.825 [JavaFX Application Thread] DEBUG GameApplicationServi - Clearing previous game
12:45:59.825 [JavaFX Application Thread] DEBUG GameScene            - Clearing game scene
12:45:59.825 [JavaFX Application Thread] DEBUG GameWorld            - Clearing game world
12:45:59.825 [JavaFX Application Thread] DEBUG PhysicsWorld         - Clearing physics world
12:45:59.829 [FXGL Background Thread 1 ] DEBUG FXGLApplication      - Initializing game
12:45:59.845 [FXGL Background Thread 1 ] DEBUG FXGLAssetLoaderServi - Loading from file system: file:/C:/Users/josue/OneDrive/Desktop/proyecto%20java/Among%20Us/out/production/Among%20Us/assets/music/musicaMenu.mp3
12:46:00.222 [FXGL Background Thread 1 ] DEBUG AudioPlayer          - Playing music com.almasb.fxgl.audio.Music@6002155a
12:46:01.026 [FXGL Background Thread 1 ] INFO  FXGLApplication      - Game initialization took: 1,198 sec
12:46:01.105 [JavaFX Application Thread] DEBUG Input                - Clearing active input actions
12:46:01.128 [JavaFX Application Thread] DEBUG GameApplicationServi - Removing overlay from FXGLLoadingScene and adding to GameScene
12:46:01.130 [JavaFX Application Thread] DEBUG PrimaryStageWindow   - FXGLLoadingScene -> GameScene
12:46:01.500 [FXGL Background Thread 4 ] DEBUG FXGLAssetLoaderServi - Loading from file system: jar:file:/C:/Users/josue/OneDrive/Desktop/proyecto%20java/Among%20Us/lib/fxgl-21.1-uber.jar!/fxglassets/ui/fonts/Abel-Regular.ttf
12:46:01.537 [FXGL Background Thread 4 ] DEBUG FXGLAssetLoaderServi - Loading from file system: jar:file:/C:/Users/josue/OneDrive/Desktop/proyecto%20java/Among%20Us/lib/fxgl-21.1-uber.jar!/fxglassets/ui/fonts/TerminalLandMono-Regular.otf
12:46:01.550 [FXGL Background Thread 4 ] DEBUG FXGLAssetLoaderServi - Loading from file system: jar:file:/C:/Users/josue/OneDrive/Desktop/proyecto%20java/Among%20Us/lib/fxgl-21.1-uber.jar!/fxglassets/ui/fonts/Courier-Prime.ttf
12:46:01.570 [JavaFX Application Thread] DEBUG FXGLApplication      - Registering font factories with UI factory
12:46:02.225 [FXGL Background Thread 2 ] INFO  UpdaterService       - Your current version:  21.1
12:46:02.225 [FXGL Background Thread 2 ] INFO  UpdaterService       - Latest stable version: 25
12:46:02.593 [FXGL Background Thread 3 ] DEBUG Engine               - Logging environment variables
12:46:02.593 [FXGL Background Thread 3 ] DEBUG Engine               - achievements: []
12:46:02.593 [FXGL Background Thread 3 ] DEBUG Engine               - actualHeight: 600.0
12:46:02.594 [FXGL Background Thread 3 ] DEBUG Engine               - actualHeightProperty: ReadOnlyDoubleProperty [value: 600.0]
12:46:02.594 [FXGL Background Thread 3 ] DEBUG Engine               - actualWidth: 800.0
12:46:02.594 [FXGL Background Thread 3 ] DEBUG Engine               - actualWidthProperty: ReadOnlyDoubleProperty [value: 800.0]
12:46:02.594 [FXGL Background Thread 3 ] DEBUG Engine               - appIcon: icono.png
12:46:02.594 [FXGL Background Thread 3 ] DEBUG Engine               - applicationMode: DEVELOPER
12:46:02.594 [FXGL Background Thread 3 ] DEBUG Engine               - cSSList: [fxgl_dark.css]
12:46:02.594 [FXGL Background Thread 3 ] DEBUG Engine               - collisionDetectionStrategy: BRUTE_FORCE
12:46:02.594 [FXGL Background Thread 3 ] DEBUG Engine               - configClass: Optional.empty
12:46:02.594 [FXGL Background Thread 3 ] DEBUG Engine               - credits: []
12:46:02.594 [FXGL Background Thread 3 ] DEBUG Engine               - defaultCursor: CursorInfo(imageName=fxgl_default_cursor.png, hotspotX=7.0, hotspotY=6.0)
12:46:02.594 [FXGL Background Thread 3 ] DEBUG Engine               - devBBoxColorProperty: ObjectProperty [value: 0xff0000ff]
12:46:02.595 [FXGL Background Thread 3 ] DEBUG Engine               - devEnableDebugCameraProperty: BooleanProperty [value: false]
12:46:02.595 [FXGL Background Thread 3 ] DEBUG Engine               - devSensorColorProperty: ObjectProperty [value: 0xffff00ff]
12:46:02.595 [FXGL Background Thread 3 ] DEBUG Engine               - devShowBBoxProperty: BooleanProperty [value: false]
12:46:02.597 [FXGL Background Thread 3 ] DEBUG Engine               - devShowPositionProperty: BooleanProperty [value: false]
12:46:02.598 [FXGL Background Thread 3 ] DEBUG Engine               - enabledMenuItems: []
12:46:02.599 [FXGL Background Thread 3 ] DEBUG Engine               - engineServices: [class com.almasb.fxgl.app.services.FXGLAssetLoaderService, class com.almasb.fxgl.app.FXGLApplication$GameApplicationService, class com.almasb.fxgl.app.services.FXGLDialogService, class com.almasb.fxgl.app.services.IOTaskExecutorService, class com.almasb.fxgl.io.FileSystemService, class com.almasb.fxgl.localization.LocalizationService, class com.almasb.fxgl.app.services.SystemBundleService, class com.almasb.fxgl.profile.SaveLoadService, class com.almasb.fxgl.ui.FXGLUIFactoryServiceProvider, class com.almasb.fxgl.ui.FXGLDialogFactoryServiceProvider, class com.almasb.fxgl.audio.AudioPlayer, class com.almasb.fxgl.notification.impl.NotificationServiceProvider, class com.almasb.fxgl.achievement.AchievementService, class com.almasb.fxgl.cutscene.CutsceneService, class com.almasb.fxgl.minigames.MiniGameService, class com.almasb.fxgl.net.NetService, class com.almasb.fxgl.app.services.UpdaterService, class com.almasb.fxgl.dev.DevService]
12:46:02.599 [FXGL Background Thread 3 ] DEBUG Engine               - fontGame: Abel-Regular.ttf
12:46:02.599 [FXGL Background Thread 3 ] DEBUG Engine               - fontMono: TerminalLandMono-Regular.otf
12:46:02.599 [FXGL Background Thread 3 ] DEBUG Engine               - fontSizeScaleUI: 1.0
12:46:02.599 [FXGL Background Thread 3 ] DEBUG Engine               - fontText: Courier-Prime.ttf
12:46:02.599 [FXGL Background Thread 3 ] DEBUG Engine               - fontUI: VarelaRound-Regular.ttf
12:46:02.599 [FXGL Background Thread 3 ] DEBUG Engine               - fullScreen: BooleanProperty [value: false]
12:46:02.599 [FXGL Background Thread 3 ] DEBUG Engine               - gameDifficulty: MEDIUM
12:46:02.599 [FXGL Background Thread 3 ] DEBUG Engine               - gameDifficultyProperty: ObjectProperty [value: MEDIUM]
12:46:02.599 [FXGL Background Thread 3 ] DEBUG Engine               - globalMusicVolume: 0.5
12:46:02.599 [FXGL Background Thread 3 ] DEBUG Engine               - globalMusicVolumeProperty: DoubleProperty [value: 0.4]
12:46:02.599 [FXGL Background Thread 3 ] DEBUG Engine               - globalSoundVolume: 0.5
12:46:02.599 [FXGL Background Thread 3 ] DEBUG Engine               - globalSoundVolumeProperty: DoubleProperty [value: 0.5]
12:46:02.600 [FXGL Background Thread 3 ] DEBUG Engine               - height: 600
12:46:02.600 [FXGL Background Thread 3 ] DEBUG Engine               - is3D: false
12:46:02.600 [FXGL Background Thread 3 ] DEBUG Engine               - isAndroid: false
12:46:02.600 [FXGL Background Thread 3 ] DEBUG Engine               - isBrowser: false
12:46:02.600 [FXGL Background Thread 3 ] DEBUG Engine               - isClickFeedbackEnabled: false
12:46:02.600 [FXGL Background Thread 3 ] DEBUG Engine               - isCloseConfirmation: false
12:46:02.600 [FXGL Background Thread 3 ] DEBUG Engine               - isDesktop: true
12:46:02.600 [FXGL Background Thread 3 ] DEBUG Engine               - isDeveloperMenuEnabled: false
12:46:02.600 [FXGL Background Thread 3 ] DEBUG Engine               - isEmbedded: false
12:46:02.600 [FXGL Background Thread 3 ] DEBUG Engine               - isEntityPreloadEnabled: true
12:46:02.600 [FXGL Background Thread 3 ] DEBUG Engine               - isExperimentalTiledLargeMap: false
12:46:02.600 [FXGL Background Thread 3 ] DEBUG Engine               - isFileSystemWriteAllowed: true
12:46:02.600 [FXGL Background Thread 3 ] DEBUG Engine               - isFullScreenAllowed: false
12:46:02.600 [FXGL Background Thread 3 ] DEBUG Engine               - isFullScreenFromStart: false
12:46:02.600 [FXGL Background Thread 3 ] DEBUG Engine               - isGameMenuEnabled: true
12:46:02.600 [FXGL Background Thread 3 ] DEBUG Engine               - isIOS: false
12:46:02.600 [FXGL Background Thread 3 ] DEBUG Engine               - isIntroEnabled: false
12:46:02.601 [FXGL Background Thread 3 ] DEBUG Engine               - isLinux: false
12:46:02.601 [FXGL Background Thread 3 ] DEBUG Engine               - isMac: false
12:46:02.601 [FXGL Background Thread 3 ] DEBUG Engine               - isMainMenuEnabled: false
12:46:02.601 [FXGL Background Thread 3 ] DEBUG Engine               - isManualResizeEnabled: false
12:46:02.601 [FXGL Background Thread 3 ] DEBUG Engine               - isMobile: false
12:46:02.601 [FXGL Background Thread 3 ] DEBUG Engine               - isNative: false
12:46:02.601 [FXGL Background Thread 3 ] DEBUG Engine               - isPauseMusicWhenMinimized: true
12:46:02.601 [FXGL Background Thread 3 ] DEBUG Engine               - isPreserveResizeRatio: false
12:46:02.601 [FXGL Background Thread 3 ] DEBUG Engine               - isProfilingEnabled: false
12:46:02.601 [FXGL Background Thread 3 ] DEBUG Engine               - isScaleAffectedOnResize: true
12:46:02.601 [FXGL Background Thread 3 ] DEBUG Engine               - isSingleStep: false
12:46:02.601 [FXGL Background Thread 3 ] DEBUG Engine               - isUserProfileEnabled: false
12:46:02.601 [FXGL Background Thread 3 ] DEBUG Engine               - isWindows: true
12:46:02.601 [FXGL Background Thread 3 ] DEBUG Engine               - language: ObjectProperty [value: ENGLISH]
12:46:02.601 [FXGL Background Thread 3 ] DEBUG Engine               - menuKey: ESCAPE
12:46:02.601 [FXGL Background Thread 3 ] DEBUG Engine               - mouseSensitivity: 0.2
12:46:02.601 [FXGL Background Thread 3 ] DEBUG Engine               - notificationViewClass: class com.almasb.fxgl.notification.view.XboxNotificationView
12:46:02.601 [FXGL Background Thread 3 ] DEBUG Engine               - pixelsPerMeter: 50.0
12:46:02.601 [FXGL Background Thread 3 ] DEBUG Engine               - platform: WINDOWS
12:46:02.601 [FXGL Background Thread 3 ] DEBUG Engine               - prefHeightProperty: ReadOnlyDoubleProperty [value: 600.0]
12:46:02.601 [FXGL Background Thread 3 ] DEBUG Engine               - prefWidthProperty: ReadOnlyDoubleProperty [value: 800.0]
12:46:02.601 [FXGL Background Thread 3 ] DEBUG Engine               - profileDir: profiles/
12:46:02.601 [FXGL Background Thread 3 ] DEBUG Engine               - profileName: StringProperty [value: DEFAULT]
12:46:02.602 [FXGL Background Thread 3 ] DEBUG Engine               - randomSeed: -1
12:46:02.603 [FXGL Background Thread 3 ] DEBUG Engine               - runtimeInfo: RuntimeInfo(platform=WINDOWS, version=21.1, build=26.03.2024 17.33)
12:46:02.603 [FXGL Background Thread 3 ] DEBUG Engine               - saveFileExt: sav
12:46:02.603 [FXGL Background Thread 3 ] DEBUG Engine               - scaledHeightProp$fxgl: DoubleProperty [bound, value: 600.0]
12:46:02.603 [FXGL Background Thread 3 ] DEBUG Engine               - scaledWidthProp$fxgl: DoubleProperty [bound, value: 800.0]
12:46:02.603 [FXGL Background Thread 3 ] DEBUG Engine               - sceneFactory: com.almasb.fxgl.app.scene.SceneFactory@2177ca95
12:46:02.603 [FXGL Background Thread 3 ] DEBUG Engine               - secondsIn24h: 60
12:46:02.603 [FXGL Background Thread 3 ] DEBUG Engine               - soundMenuBack: menu/back.wav
12:46:02.603 [FXGL Background Thread 3 ] DEBUG Engine               - soundMenuPress: menu/press.wav
12:46:02.603 [FXGL Background Thread 3 ] DEBUG Engine               - soundMenuSelect: menu/select.wav
12:46:02.603 [FXGL Background Thread 3 ] DEBUG Engine               - soundNotification: core/notification.wav
12:46:02.603 [FXGL Background Thread 3 ] DEBUG Engine               - stageStyle: DECORATED
12:46:02.603 [FXGL Background Thread 3 ] DEBUG Engine               - supportedLanguages: [ENGLISH, FRENCH, GERMAN, HUNGARIAN, RUSSIAN]
12:46:02.603 [FXGL Background Thread 3 ] DEBUG Engine               - ticksPerSecond: -1
12:46:02.603 [FXGL Background Thread 3 ] DEBUG Engine               - title: Among Us UNEG
12:46:02.603 [FXGL Background Thread 3 ] DEBUG Engine               - urlGithub: https://github.com/AlmasB/FXGL
12:46:02.603 [FXGL Background Thread 3 ] DEBUG Engine               - urlLeaderboard: http://fxgl-top.herokuapp.com/
12:46:02.603 [FXGL Background Thread 3 ] DEBUG Engine               - urlPOM: https://raw.githubusercontent.com/AlmasB/FXGL/release/README.md
12:46:02.603 [FXGL Background Thread 3 ] DEBUG Engine               - userAppClass: class main.java.amongUs.AppPrincipal
12:46:02.603 [FXGL Background Thread 3 ] DEBUG Engine               - version: 0.0
12:46:02.603 [FXGL Background Thread 3 ] DEBUG Engine               - versionCheckDays: 7
12:46:02.604 [FXGL Background Thread 3 ] DEBUG Engine               - width: 800
12:46:02.604 [FXGL Background Thread 3 ] DEBUG Engine               - Logging services
12:46:02.604 [FXGL Background Thread 3 ] DEBUG Engine               - class com.almasb.fxgl.app.services.FXGLAssetLoaderService
12:46:02.604 [FXGL Background Thread 3 ] DEBUG Engine               - class com.almasb.fxgl.app.FXGLApplication$GameApplicationService
12:46:02.604 [FXGL Background Thread 3 ] DEBUG Engine               - class com.almasb.fxgl.app.services.FXGLDialogService
12:46:02.604 [FXGL Background Thread 3 ] DEBUG Engine               - class com.almasb.fxgl.app.services.IOTaskExecutorService
12:46:02.604 [FXGL Background Thread 3 ] DEBUG Engine               - class com.almasb.fxgl.io.FileSystemService
12:46:02.604 [FXGL Background Thread 3 ] DEBUG Engine               - class com.almasb.fxgl.localization.LocalizationService
12:46:02.604 [FXGL Background Thread 3 ] DEBUG Engine               - class com.almasb.fxgl.app.services.SystemBundleService
12:46:02.604 [FXGL Background Thread 3 ] DEBUG Engine               - class com.almasb.fxgl.profile.SaveLoadService
12:46:02.604 [FXGL Background Thread 3 ] DEBUG Engine               - class com.almasb.fxgl.ui.FXGLUIFactoryServiceProvider
12:46:02.604 [FXGL Background Thread 3 ] DEBUG Engine               - class com.almasb.fxgl.ui.FXGLDialogFactoryServiceProvider
12:46:02.604 [FXGL Background Thread 3 ] DEBUG Engine               - class com.almasb.fxgl.audio.AudioPlayer
12:46:02.604 [FXGL Background Thread 3 ] DEBUG Engine               - class com.almasb.fxgl.notification.impl.NotificationServiceProvider
12:46:02.604 [FXGL Background Thread 3 ] DEBUG Engine               - class com.almasb.fxgl.achievement.AchievementService
12:46:02.604 [FXGL Background Thread 3 ] DEBUG Engine               - class com.almasb.fxgl.cutscene.CutsceneService
12:46:02.604 [FXGL Background Thread 3 ] DEBUG Engine               - class com.almasb.fxgl.minigames.MiniGameService
12:46:02.604 [FXGL Background Thread 3 ] DEBUG Engine               - class com.almasb.fxgl.net.NetService
12:46:02.604 [FXGL Background Thread 3 ] DEBUG Engine               - class com.almasb.fxgl.app.services.UpdaterService
12:46:02.604 [FXGL Background Thread 3 ] DEBUG Engine               - class com.almasb.fxgl.dev.DevService
12:46:04.715 [JavaFX Application Thread] DEBUG FXGLAssetLoaderServi - Loading from file system: file:/C:/Users/josue/OneDrive/Desktop/proyecto%20java/Among%20Us/out/production/Among%20Us/assets/sounds/clickBoton.wav
12:46:13.531 [JavaFX Application Thread] DEBUG FXGLAssetLoaderServi - Loading from file system: file:/C:/Users/josue/OneDrive/Desktop/proyecto%20java/Among%20Us/out/production/Among%20Us/assets/textures/tripulante_blanco.png
12:46:13.533 [JavaFX Application Thread] DEBUG FXGLAssetLoaderServi - Loading from file system: file:/C:/Users/josue/OneDrive/Desktop/proyecto%20java/Among%20Us/out/production/Among%20Us/assets/textures/tripulante_negro.png
12:46:14.140 [JavaFX Application Thread] WARN  TMXLevelLoader       - TiledMap generated from 1.11.2. Supported version: 1.9.0. Some features may not be parsed fully.
12:46:14.649 [JavaFX Application Thread] DEBUG TMXLevelLoader       - Parsed TiledMap: file:/C:/Users/josue/OneDrive/Desktop/proyecto%20java/Among%20Us/out/production/Among%20Us/assets/levels/mapa2.tmx
12:46:14.651 [JavaFX Application Thread] DEBUG TMXLevelLoader       - Creating tile layer entities
12:46:14.667 [JavaFX Application Thread] DEBUG TilesetLoader        - Loading view for layer fondo1
12:46:14.860 [JavaFX Application Thread] DEBUG TilesetLoader        - Created buffer with size 992.0x960.0
12:46:15.122 [JavaFX Application Thread] DEBUG TilesetLoader        - Loading view for layer fondo
12:46:15.208 [JavaFX Application Thread] DEBUG TilesetLoader        - Created buffer with size 992.0x960.0
12:46:15.219 [JavaFX Application Thread] DEBUG TilesetLoader        - Loading view for layer piso
12:46:15.222 [JavaFX Application Thread] DEBUG TilesetLoader        - Created buffer with size 992.0x960.0
12:46:15.228 [JavaFX Application Thread] DEBUG TilesetLoader        - Loading view for layer piso1
12:46:15.229 [JavaFX Application Thread] DEBUG TilesetLoader        - Created buffer with size 992.0x960.0
12:46:15.258 [JavaFX Application Thread] DEBUG TilesetLoader        - Loading view for layer izquierda
12:46:15.259 [JavaFX Application Thread] DEBUG TilesetLoader        - Created buffer with size 992.0x960.0
12:46:15.267 [JavaFX Application Thread] DEBUG TilesetLoader        - Loading view for layer detallesatraspared
12:46:15.268 [JavaFX Application Thread] DEBUG TilesetLoader        - Created buffer with size 992.0x960.0
12:46:15.379 [JavaFX Application Thread] DEBUG TilesetLoader        - Loading view for layer pared2
12:46:15.380 [JavaFX Application Thread] DEBUG TilesetLoader        - Created buffer with size 992.0x960.0
12:46:15.399 [JavaFX Application Thread] DEBUG TilesetLoader        - Loading view for layer techo1
12:46:15.400 [JavaFX Application Thread] DEBUG TilesetLoader        - Created buffer with size 992.0x960.0
12:46:15.406 [JavaFX Application Thread] DEBUG TilesetLoader        - Loading view for layer techo2
12:46:15.408 [JavaFX Application Thread] DEBUG TilesetLoader        - Created buffer with size 992.0x960.0
12:46:15.429 [JavaFX Application Thread] DEBUG TilesetLoader        - Loading view for layer puertita
12:46:15.429 [JavaFX Application Thread] DEBUG TilesetLoader        - Created buffer with size 992.0x960.0
12:46:15.434 [JavaFX Application Thread] DEBUG TilesetLoader        - Loading view for layer puerta
12:46:15.435 [JavaFX Application Thread] DEBUG TilesetLoader        - Created buffer with size 992.0x960.0
12:46:15.438 [JavaFX Application Thread] DEBUG TilesetLoader        - Loading view for layer detalles
12:46:15.440 [JavaFX Application Thread] DEBUG TilesetLoader        - Created buffer with size 992.0x960.0
12:46:15.477 [JavaFX Application Thread] DEBUG TilesetLoader        - Loading view for layer detalles 2
12:46:15.478 [JavaFX Application Thread] DEBUG TilesetLoader        - Created buffer with size 992.0x960.0
12:46:15.516 [JavaFX Application Thread] DEBUG TilesetLoader        - Loading view for layer detalles3
12:46:15.519 [JavaFX Application Thread] DEBUG TilesetLoader        - Created buffer with size 992.0x960.0
12:46:15.574 [JavaFX Application Thread] DEBUG TilesetLoader        - Loading view for layer grieta
12:46:15.576 [JavaFX Application Thread] DEBUG TilesetLoader        - Created buffer with size 992.0x960.0
12:46:15.578 [JavaFX Application Thread] DEBUG TilesetLoader        - Loading view for layer camaras
12:46:15.580 [JavaFX Application Thread] DEBUG TilesetLoader        - Created buffer with size 992.0x960.0
12:46:15.621 [JavaFX Application Thread] DEBUG TilesetLoader        - Loading view for layer Techo
12:46:15.622 [JavaFX Application Thread] DEBUG TilesetLoader        - Created buffer with size 992.0x960.0
12:46:15.638 [JavaFX Application Thread] DEBUG TMXLevelLoader       - Creating object layer entities
12:46:15.759 [JavaFX Application Thread] DEBUG GameWorld            - Clearing removable entities
12:46:15.760 [JavaFX Application Thread] DEBUG GameWorld            - Setting level: com.almasb.fxgl.entity.level.Level@7d60f322
12:46:15.817 [JavaFX Application Thread] DEBUG FXGLAssetLoaderServi - Loading from file system: file:/C:/Users/josue/OneDrive/Desktop/proyecto%20java/Among%20Us/out/production/Among%20Us/assets/textures/MonitorDeCamaras.png
12:46:15.856 [JavaFX Application Thread] DEBUG FXGLAssetLoaderServi - Loading from file system: file:/C:/Users/josue/OneDrive/Desktop/proyecto%20java/Among%20Us/out/production/Among%20Us/assets/textures/flechaAmarillaIzq.png
12:46:15.867 [JavaFX Application Thread] DEBUG FXGLAssetLoaderServi - Loading from file system: file:/C:/Users/josue/OneDrive/Desktop/proyecto%20java/Among%20Us/out/production/Among%20Us/assets/textures/flechaAmarillaDer.png
12:46:15.885 [JavaFX Application Thread] DEBUG FXGLAssetLoaderServi - Loading from file system: file:/C:/Users/josue/OneDrive/Desktop/proyecto%20java/Among%20Us/out/production/Among%20Us/assets/textures/animacion_fantasma.png
12:46:15.890 [JavaFX Application Thread] DEBUG FXGLAssetLoaderServi - Loading from file system: file:/C:/Users/josue/OneDrive/Desktop/proyecto%20java/Among%20Us/out/production/Among%20Us/assets/textures/blanco_muerto.png
12:46:15.891 [JavaFX Application Thread] DEBUG FXGLAssetLoaderServi - Loading from file system: file:/C:/Users/josue/OneDrive/Desktop/proyecto%20java/Among%20Us/out/production/Among%20Us/assets/textures/animacion_blanco.png
12:46:15.893 [JavaFX Application Thread] DEBUG FXGLAssetLoaderServi - Loading from file system: file:/C:/Users/josue/OneDrive/Desktop/proyecto%20java/Among%20Us/out/production/Among%20Us/assets/textures/alcantarilla_blanco.png
12:46:15.895 [JavaFX Application Thread] DEBUG FXGLAssetLoaderServi - Loading from file system: file:/C:/Users/josue/OneDrive/Desktop/proyecto%20java/Among%20Us/out/production/Among%20Us/assets/textures/alcantarilla_blancoE.png
12:46:16.043 [JavaFX Application Thread] DEBUG FXGLAssetLoaderServi - Loading from file system: file:/C:/Users/josue/OneDrive/Desktop/proyecto%20java/Among%20Us/out/production/Among%20Us/assets/textures/negro_muerto.png
12:46:16.048 [JavaFX Application Thread] DEBUG FXGLAssetLoaderServi - Loading from file system: file:/C:/Users/josue/OneDrive/Desktop/proyecto%20java/Among%20Us/out/production/Among%20Us/assets/textures/animacion_negro.png
12:46:16.049 [JavaFX Application Thread] DEBUG FXGLAssetLoaderServi - Loading from file system: file:/C:/Users/josue/OneDrive/Desktop/proyecto%20java/Among%20Us/out/production/Among%20Us/assets/textures/alcantarilla_negro.png
12:46:16.053 [JavaFX Application Thread] DEBUG FXGLAssetLoaderServi - Loading from file system: file:/C:/Users/josue/OneDrive/Desktop/proyecto%20java/Among%20Us/out/production/Among%20Us/assets/textures/alcantarilla_negroE.png
12:46:16.059 [JavaFX Application Thread] DEBUG FXGLAssetLoaderServi - Loading from file system: file:/C:/Users/josue/OneDrive/Desktop/proyecto%20java/Among%20Us/out/production/Among%20Us/assets/textures/accionNegada.png
12:46:16.064 [JavaFX Application Thread] DEBUG FXGLAssetLoaderServi - Loading from file system: file:/C:/Users/josue/OneDrive/Desktop/proyecto%20java/Among%20Us/out/production/Among%20Us/assets/textures/reportarNegado.png
12:46:16.204 [JavaFX Application Thread] DEBUG FXGLAssetLoaderServi - Loading from file system: file:/C:/Users/josue/OneDrive/Desktop/proyecto%20java/Among%20Us/out/production/Among%20Us/assets/textures/animacion_extintor.png
12:46:16.242 [JavaFX Application Thread] DEBUG FXGLAssetLoaderServi - Loading from file system: file:/C:/Users/josue/OneDrive/Desktop/proyecto%20java/Among%20Us/out/production/Among%20Us/assets/textures/animacion_datos.png
12:46:16.359 [JavaFX Application Thread] DEBUG FXGLAssetLoaderServi - Loading from file system: file:/C:/Users/josue/OneDrive/Desktop/proyecto%20java/Among%20Us/out/production/Among%20Us/assets/textures/animacion_temperatura.png
12:46:16.438 [JavaFX Application Thread] DEBUG FXGLAssetLoaderServi - Loading from file system: file:/C:/Users/josue/OneDrive/Desktop/proyecto%20java/Among%20Us/out/production/Among%20Us/assets/textures/animacion_encestar.png
12:46:16.505 [JavaFX Application Thread] DEBUG FXGLAssetLoaderServi - Loading from file system: file:/C:/Users/josue/OneDrive/Desktop/proyecto%20java/Among%20Us/out/production/Among%20Us/assets/textures/animacion_basura.png
12:46:16.550 [JavaFX Application Thread] DEBUG FXGLAssetLoaderServi - Loading from file system: file:/C:/Users/josue/OneDrive/Desktop/proyecto%20java/Among%20Us/out/production/Among%20Us/assets/textures/animacion_tarjeta.png
12:46:16.572 [JavaFX Application Thread] DEBUG FXGLAssetLoaderServi - Loading from file system: file:/C:/Users/josue/OneDrive/Desktop/proyecto%20java/Among%20Us/out/production/Among%20Us/assets/textures/barra_0.png
12:46:16.577 [JavaFX Application Thread] DEBUG FXGLAssetLoaderServi - Loading from file system: file:/C:/Users/josue/OneDrive/Desktop/proyecto%20java/Among%20Us/out/production/Among%20Us/assets/textures/pantalla_tripulante.png
12:47:03.948 [JavaFX Application Thread] DEBUG FXGLAssetLoaderServi - Loading from file system: file:/C:/Users/josue/OneDrive/Desktop/proyecto%20java/Among%20Us/out/production/Among%20Us/assets/textures/reunion.png
12:47:08.058 [JavaFX Application Thread] DEBUG FXGLAssetLoaderServi - Loading from file system: file:/C:/Users/josue/OneDrive/Desktop/proyecto%20java/Among%20Us/out/production/Among%20Us/assets/textures/botonVotar.png
12:47:24.327 [JavaFX Application Thread] DEBUG FXGLAssetLoaderServi - Loading from file system: file:/C:/Users/josue/OneDrive/Desktop/proyecto%20java/Among%20Us/out/production/Among%20Us/assets/textures/accion.png
12:47:33.589 [JavaFX Application Thread] DEBUG FXGLAssetLoaderServi - Loading from file system: file:/C:/Users/josue/OneDrive/Desktop/proyecto%20java/Among%20Us/out/production/Among%20Us/assets/textures/panel_datos.png
12:47:44.390 [JavaFX Application Thread] DEBUG FXGLAssetLoaderServi - Loading from file system: file:/C:/Users/josue/OneDrive/Desktop/proyecto%20java/Among%20Us/out/production/Among%20Us/assets/textures/datos_terminado.png
12:47:45.414 [JavaFX Application Thread] DEBUG FXGLAssetLoaderServi - Loading from file system: file:/C:/Users/josue/OneDrive/Desktop/proyecto%20java/Among%20Us/out/production/Among%20Us/assets/textures/barra_1.png
12:47:49.042 [JavaFX Application Thread] DEBUG FXGLAssetLoaderServi - Loading from file system: file:/C:/Users/josue/OneDrive/Desktop/proyecto%20java/Among%20Us/out/production/Among%20Us/assets/textures/panel_encestar.png
12:47:58.086 [JavaFX Application Thread] DEBUG FXGLAssetLoaderServi - Loading from file system: file:/C:/Users/josue/OneDrive/Desktop/proyecto%20java/Among%20Us/out/production/Among%20Us/assets/textures/encestar_final.png
12:47:59.078 [JavaFX Application Thread] DEBUG FXGLAssetLoaderServi - Loading from file system: file:/C:/Users/josue/OneDrive/Desktop/proyecto%20java/Among%20Us/out/production/Among%20Us/assets/textures/barra_2.png
12:48:07.377 [JavaFX Application Thread] DEBUG FXGLAssetLoaderServi - Loading from file system: file:/C:/Users/josue/OneDrive/Desktop/proyecto%20java/Among%20Us/out/production/Among%20Us/assets/textures/panel_basura.png
12:48:16.343 [JavaFX Application Thread] DEBUG FXGLAssetLoaderServi - Loading from file system: file:/C:/Users/josue/OneDrive/Desktop/proyecto%20java/Among%20Us/out/production/Among%20Us/assets/textures/basura_final.png
12:48:17.333 [JavaFX Application Thread] DEBUG FXGLAssetLoaderServi - Loading from file system: file:/C:/Users/josue/OneDrive/Desktop/proyecto%20java/Among%20Us/out/production/Among%20Us/assets/textures/barra_3.png
12:48:21.227 [JavaFX Application Thread] DEBUG FXGLAssetLoaderServi - Loading from file system: file:/C:/Users/josue/OneDrive/Desktop/proyecto%20java/Among%20Us/out/production/Among%20Us/assets/textures/panel_extintor.png
12:48:30.069 [JavaFX Application Thread] DEBUG FXGLAssetLoaderServi - Loading from file system: file:/C:/Users/josue/OneDrive/Desktop/proyecto%20java/Among%20Us/out/production/Among%20Us/assets/textures/extintor_apagado.png
12:48:31.062 [JavaFX Application Thread] DEBUG FXGLAssetLoaderServi - Loading from file system: file:/C:/Users/josue/OneDrive/Desktop/proyecto%20java/Among%20Us/out/production/Among%20Us/assets/textures/barra_4.png
12:48:31.114 [JavaFX Application Thread] DEBUG FXGLAssetLoaderServi - Loading from file system: file:/C:/Users/josue/OneDrive/Desktop/proyecto%20java/Among%20Us/out/production/Among%20Us/assets/textures/victoria_tripulante.png
12:48:50.976 [JavaFX Application Thread] DEBUG PrimaryStageWindow   - Push state: FXGLDefaultMenu
12:48:50.984 [JavaFX Application Thread] DEBUG Input                - Clearing active input actions
12:48:50.985 [JavaFX Application Thread] DEBUG GameApplicationServi - Removing overlay from GameScene and adding to FXGLDefaultMenu
12:48:50.985 [JavaFX Application Thread] DEBUG PrimaryStageWindow   - GameScene -> FXGLDefaultMenu
12:48:52.013 [JavaFX Application Thread] DEBUG Menu                 - fireExit()
12:48:52.016 [JavaFX Application Thread] DEBUG PrimaryStageWindow   - Push state: DialogSubScene
12:48:52.016 [JavaFX Application Thread] DEBUG Input                - Clearing active input actions
12:48:52.017 [JavaFX Application Thread] DEBUG GameApplicationServi - Removing overlay from FXGLDefaultMenu and adding to DialogSubScene
12:48:52.017 [JavaFX Application Thread] DEBUG PrimaryStageWindow   - FXGLDefaultMenu -> DialogSubScene
12:48:52.905 [JavaFX Application Thread] DEBUG PrimaryStageWindow   - Pop state: DialogSubScene
12:48:52.905 [JavaFX Application Thread] DEBUG Input                - Clearing active input actions
12:48:52.907 [JavaFX Application Thread] DEBUG GameApplicationServi - Removing overlay from DialogSubScene and adding to FXGLDefaultMenu
12:48:52.907 [JavaFX Application Thread] DEBUG PrimaryStageWindow   - FXGLDefaultMenu <- DialogSubScene
12:48:52.907 [JavaFX Application Thread] DEBUG FXGLApplication      - Exiting FXGL
12:48:52.907 [JavaFX Application Thread] DEBUG LoopRunner           - Stopping loop
12:48:52.907 [JavaFX Application Thread] DEBUG SystemBundleService  - Saving FXGL system data
12:48:52.909 [JavaFX Application Thread] DEBUG FileSystemAccess     - Writing to: C:\Users\josue\OneDrive\Desktop\proyecto java\Among Us\system\fxgl.bundle
12:48:52.914 [JavaFX Application Thread] DEBUG Async                - Shutting down background threads
12:48:52.914 [JavaFX Application Thread] DEBUG PrimaryStageWindow   - Closing main window
12:48:52.953 [JavaFX Application Thread] DEBUG Logger               - Closing Logger
