13:25:25.379 [main                     ] DEBUG Logger               - Configured Logger
13:25:25.383 [main                     ] DEBUG GameApplication      - Logging settings
Title: Among Us UNEG
Version: 0.0
Width: 800
Height: 600
Fullscreen: false
Intro: false
Profiling: false
Single step:false
App Mode: DEVELOPER
Menu Key: ESCAPE
Stage Style: DECORATED
Scene Factory: class com.almasb.fxgl.app.scene.SceneFactory

13:25:25.729 [JavaFX Application Thread] DEBUG FXGLApplication      - Initializing FXGL
13:25:25.732 [JavaFX Application Thread] INFO  Engine               - FXGL-21.1 (26.03.2024 17.33) on WINDOWS (J:25.0.2 FX:21.0.1)
13:25:25.732 [JavaFX Application Thread] DEBUG Engine               - JRE Vendor Name: Oracle Corporation
13:25:25.732 [JavaFX Application Thread] DEBUG Engine               - Running on OS: Windows 11 version 10.0
13:25:25.732 [JavaFX Application Thread] DEBUG Engine               - Architecture: amd64
13:25:25.732 [JavaFX Application Thread] INFO  Engine               - Source code and latest versions at: https://github.com/AlmasB/FXGL
13:25:25.733 [JavaFX Application Thread] INFO  Engine               -       Ask questions and discuss at: https://github.com/AlmasB/FXGL/discussions
13:25:25.733 [JavaFX Application Thread] INFO  Engine               -              Join the FXGL chat at: https://gitter.im/AlmasB/FXGL
13:25:25.839 [JavaFX Application Thread] DEBUG PrimaryStageWindow   - Creating a JavaFX scene
13:25:25.889 [JavaFX Application Thread] DEBUG PrimaryStageWindow   - Target settings size: 800.0 x 600.0
13:25:25.890 [JavaFX Application Thread] DEBUG PrimaryStageWindow   - Scaled scene size:    800.0 x 600.0
13:25:25.890 [JavaFX Application Thread] DEBUG PrimaryStageWindow   - Scaled ratio: (1.0, 1.0)
13:25:25.891 [JavaFX Application Thread] DEBUG PrimaryStageWindow   - Set initial scene to FXGLStartupScene
13:25:25.894 [JavaFX Application Thread] DEBUG PrimaryStageWindow   - Opening main window
13:25:26.002 [JavaFX Application Thread] DEBUG PrimaryStageWindow   - Window border size: (16.0, 39.0)
13:25:26.002 [JavaFX Application Thread] DEBUG PrimaryStageWindow   - Scaled size: 800.0 x 600.0
13:25:26.002 [JavaFX Application Thread] DEBUG PrimaryStageWindow   - Scaled ratio: (1.0, 1.0)
13:25:26.002 [JavaFX Application Thread] DEBUG PrimaryStageWindow   - Scene size: 800.0 x 600.0
13:25:26.002 [JavaFX Application Thread] DEBUG PrimaryStageWindow   - Stage size: 816.0 x 639.0
13:25:26.010 [FXGL Background Thread 1 ] DEBUG Engine               - Initializing environment variables
13:25:26.061 [FXGL Background Thread 1 ] DEBUG FXGLAssetLoaderServi - User app class for loading assets: class main.java.amongUs.AppPrincipal
13:25:26.061 [FXGL Background Thread 1 ] DEBUG GameApplicationServi - Applying CSS: fxgl_dark.css
13:25:26.061 [FXGL Background Thread 1 ] DEBUG FXGLAssetLoaderServi - Loading from file system: jar:file:/C:/Users/Angelo/proyecto%20Among%20Us/lib/fxgl-21.1-uber.jar!/fxglassets/ui/css/fxgl_dark.css
13:25:26.097 [FXGL Background Thread 1 ] DEBUG GameApplicationServi - Initializing application scenes
13:25:26.121 [FXGL Background Thread 1 ] DEBUG GameWorld            - Game world initialized
13:25:26.166 [FXGL Background Thread 1 ] DEBUG PhysicsWorld         - Physics world initialized: appHeight=600, physics.ppm=50,0
13:25:26.166 [FXGL Background Thread 1 ] DEBUG PhysicsWorld         - Using strategy: BRUTE_FORCE
13:25:26.169 [FXGL Background Thread 1 ] DEBUG GameScene            - Game scene initialized: 800x600
13:25:26.178 [FXGL Background Thread 1 ] DEBUG FXGL.DefaultMenu     - createMenuBodyGameMenu()
13:25:26.192 [FXGL Background Thread 1 ] DEBUG FXGL.DefaultMenu     - createOptionsMenu()
13:25:26.200 [FXGL Background Thread 1 ] DEBUG FXGLAssetLoaderServi - Loading from file system: jar:file:/C:/Users/Angelo/proyecto%20Among%20Us/lib/fxgl-21.1-uber.jar!/fxglassets/textures/particles/smoke.png
13:25:26.269 [FXGL Background Thread 1 ] DEBUG FXGLAssetLoaderServi - Loading from file system: jar:file:/C:/Users/Angelo/proyecto%20Among%20Us/lib/fxgl-21.1-uber.jar!/fxglassets/textures/particles/trace_horizontal.png
13:25:26.292 [FXGL Background Thread 1 ] DEBUG GameApplicationServi - Application scenes initialized
13:25:26.303 [FXGL Background Thread 1 ] DEBUG SystemBundleService  - Loading FXGL system data
13:25:26.306 [FXGL Background Thread 1 ] DEBUG FileSystemAccess     - Reading from: C:\Users\Angelo\proyecto Among Us\system\fxgl.bundle
13:25:26.311 [FXGL Background Thread 1 ] DEBUG SystemBundleService  - Bundle FXGL: {}
13:25:26.311 [FXGL Background Thread 1 ] DEBUG UpdaterService       - Checking for updates
13:25:26.314 [FXGL Background Thread 4 ] DEBUG FXGLApplication      - Loading fonts
13:25:26.314 [FXGL Background Thread 4 ] DEBUG FXGLAssetLoaderServi - Loading from file system: jar:file:/C:/Users/Angelo/proyecto%20Among%20Us/lib/fxgl-21.1-uber.jar!/fxglassets/ui/fonts/VarelaRound-Regular.ttf
13:25:26.315 [FXGL Background Thread 1 ] DEBUG FXGLApplication      - Loading default localization
13:25:26.315 [FXGL Background Thread 1 ] DEBUG FXGLAssetLoaderServi - Loading from file system: jar:file:/C:/Users/Angelo/proyecto%20Among%20Us/lib/fxgl-21.1-uber.jar!/fxglassets/languages/english.lang
13:25:26.328 [FXGL Background Thread 1 ] INFO  FXGLApplication      - FXGL initialization took: 0,318 sec
13:25:26.337 [JavaFX Application Thread] DEBUG Input                - Registered new binding: Mover Arriba - W
13:25:26.338 [JavaFX Application Thread] DEBUG Input                - Registered new binding: Mover Abajo - S
13:25:26.338 [JavaFX Application Thread] DEBUG Input                - Registered new binding: Mover Izquierda - A
13:25:26.338 [JavaFX Application Thread] DEBUG Input                - Registered new binding: Mover Derecha - D
13:25:26.338 [JavaFX Application Thread] DEBUG Input                - Registered new binding: Abrir Camaras - C
13:25:26.338 [JavaFX Application Thread] DEBUG Input                - Registered new binding: Usar Alcantarilla - Space
13:25:26.338 [JavaFX Application Thread] DEBUG Input                - Registered new binding: Vent Izquierda - Left
13:25:26.338 [JavaFX Application Thread] DEBUG Input                - Registered new binding: Vent Derecha - Right
13:25:26.338 [JavaFX Application Thread] DEBUG Input                - Registered new binding: Vent Arriba - Up
13:25:26.338 [JavaFX Application Thread] DEBUG Input                - Registered new binding: Vent Abajo - Down
13:25:26.338 [JavaFX Application Thread] DEBUG Input                - Registered new binding: Matar Jugador - Q
13:25:26.338 [JavaFX Application Thread] DEBUG Input                - Registered new binding: Reportar Cadaver - R
13:25:26.339 [JavaFX Application Thread] DEBUG FXGLAssetLoaderServi - Loading from file system: file:/C:/Users/Angelo/proyecto%20Among%20Us/out/production/Among%20Us/assets/textures/icono.png
13:25:26.341 [FXGL Background Thread 4 ] DEBUG FXGLAssetLoaderServi - Loading from file system: jar:file:/C:/Users/Angelo/proyecto%20Among%20Us/lib/fxgl-21.1-uber.jar!/fxglassets/ui/fonts/Abel-Regular.ttf
13:25:26.344 [FXGL Background Thread 4 ] DEBUG FXGLAssetLoaderServi - Loading from file system: jar:file:/C:/Users/Angelo/proyecto%20Among%20Us/lib/fxgl-21.1-uber.jar!/fxglassets/ui/fonts/TerminalLandMono-Regular.otf
13:25:26.347 [FXGL Background Thread 4 ] DEBUG FXGLAssetLoaderServi - Loading from file system: jar:file:/C:/Users/Angelo/proyecto%20Among%20Us/lib/fxgl-21.1-uber.jar!/fxglassets/ui/fonts/Courier-Prime.ttf
13:25:26.360 [JavaFX Application Thread] DEBUG FXGLAssetLoaderServi - Loading from file system: jar:file:/C:/Users/Angelo/proyecto%20Among%20Us/lib/fxgl-21.1-uber.jar!/fxglassets/textures/fxgl_default_cursor.png
13:25:26.362 [JavaFX Application Thread] DEBUG Input                - Registered new binding: Screenshot - CTRL+8
13:25:26.362 [JavaFX Application Thread] DEBUG Input                - Registered new binding: System info dump - CTRL+9
13:25:26.362 [JavaFX Application Thread] DEBUG Input                - Registered new binding: Restart - CTRL+R
13:25:26.362 [JavaFX Application Thread] DEBUG Input                - Registered new binding: Toggle Debug Camera - CTRL+7
13:25:26.364 [JavaFX Application Thread] DEBUG LoopRunner           - Starting loop
13:25:26.364 [JavaFX Application Thread] DEBUG LoopRunner           - Initializing JavaFX AnimationTimerLoop
13:25:26.365 [JavaFX Application Thread] DEBUG GameApplicationServi - Starting new game
13:25:26.365 [JavaFX Application Thread] DEBUG Input                - Clearing active input actions
13:25:26.374 [JavaFX Application Thread] DEBUG GameApplicationServi - Removing overlay from FXGLStartupScene and adding to FXGLLoadingScene
13:25:26.374 [JavaFX Application Thread] DEBUG PrimaryStageWindow   - FXGLStartupScene -> FXGLLoadingScene
13:25:26.374 [JavaFX Application Thread] DEBUG GameApplicationServi - Clearing previous game
13:25:26.374 [JavaFX Application Thread] DEBUG GameScene            - Clearing game scene
13:25:26.374 [JavaFX Application Thread] DEBUG GameWorld            - Clearing game world
13:25:26.374 [JavaFX Application Thread] DEBUG PhysicsWorld         - Clearing physics world
13:25:26.376 [FXGL Background Thread 4 ] DEBUG FXGLApplication      - Initializing game
13:25:26.376 [JavaFX Application Thread] DEBUG FXGLApplication      - Registering font factories with UI factory
13:25:26.380 [FXGL Background Thread 4 ] DEBUG FXGLAssetLoaderServi - Loading from file system: file:/C:/Users/Angelo/proyecto%20Among%20Us/out/production/Among%20Us/assets/music/musicaMenu.mp3
13:25:26.522 [FXGL Background Thread 4 ] DEBUG AudioPlayer          - Playing music com.almasb.fxgl.audio.Music@4d39897b
13:25:26.799 [FXGL Background Thread 4 ] INFO  FXGLApplication      - Game initialization took: 0,424 sec
13:25:26.799 [JavaFX Application Thread] DEBUG Input                - Clearing active input actions
13:25:26.807 [JavaFX Application Thread] DEBUG GameApplicationServi - Removing overlay from FXGLLoadingScene and adding to GameScene
13:25:26.807 [JavaFX Application Thread] DEBUG PrimaryStageWindow   - FXGLLoadingScene -> GameScene
13:25:26.905 [FXGL Background Thread 2 ] INFO  UpdaterService       - Your current version:  21.1
13:25:26.905 [FXGL Background Thread 2 ] INFO  UpdaterService       - Latest stable version: 25
13:25:27.489 [JavaFX Application Thread] DEBUG FXGLAssetLoaderServi - Loading from file system: file:/C:/Users/Angelo/proyecto%20Among%20Us/out/production/Among%20Us/assets/sounds/clickBoton.wav
13:25:29.314 [FXGL Background Thread 3 ] DEBUG Engine               - Logging environment variables
13:25:29.314 [FXGL Background Thread 3 ] DEBUG Engine               - achievements: []
13:25:29.314 [FXGL Background Thread 3 ] DEBUG Engine               - actualHeight: 600.0
13:25:29.314 [FXGL Background Thread 3 ] DEBUG Engine               - actualHeightProperty: ReadOnlyDoubleProperty [value: 600.0]
13:25:29.314 [FXGL Background Thread 3 ] DEBUG Engine               - actualWidth: 800.0
13:25:29.314 [FXGL Background Thread 3 ] DEBUG Engine               - actualWidthProperty: ReadOnlyDoubleProperty [value: 800.0]
13:25:29.314 [FXGL Background Thread 3 ] DEBUG Engine               - appIcon: icono.png
13:25:29.314 [FXGL Background Thread 3 ] DEBUG Engine               - applicationMode: DEVELOPER
13:25:29.314 [FXGL Background Thread 3 ] DEBUG Engine               - cSSList: [fxgl_dark.css]
13:25:29.314 [FXGL Background Thread 3 ] DEBUG Engine               - collisionDetectionStrategy: BRUTE_FORCE
13:25:29.314 [FXGL Background Thread 3 ] DEBUG Engine               - configClass: Optional.empty
13:25:29.314 [FXGL Background Thread 3 ] DEBUG Engine               - credits: []
13:25:29.314 [FXGL Background Thread 3 ] DEBUG Engine               - defaultCursor: CursorInfo(imageName=fxgl_default_cursor.png, hotspotX=7.0, hotspotY=6.0)
13:25:29.314 [FXGL Background Thread 3 ] DEBUG Engine               - devBBoxColorProperty: ObjectProperty [value: 0xff0000ff]
13:25:29.314 [FXGL Background Thread 3 ] DEBUG Engine               - devEnableDebugCameraProperty: BooleanProperty [value: false]
13:25:29.316 [FXGL Background Thread 3 ] DEBUG Engine               - devSensorColorProperty: ObjectProperty [value: 0xffff00ff]
13:25:29.316 [FXGL Background Thread 3 ] DEBUG Engine               - devShowBBoxProperty: BooleanProperty [value: false]
13:25:29.316 [FXGL Background Thread 3 ] DEBUG Engine               - devShowPositionProperty: BooleanProperty [value: false]
13:25:29.316 [FXGL Background Thread 3 ] DEBUG Engine               - enabledMenuItems: []
13:25:29.316 [FXGL Background Thread 3 ] DEBUG Engine               - engineServices: [class com.almasb.fxgl.app.services.FXGLAssetLoaderService, class com.almasb.fxgl.app.FXGLApplication$GameApplicationService, class com.almasb.fxgl.app.services.FXGLDialogService, class com.almasb.fxgl.app.services.IOTaskExecutorService, class com.almasb.fxgl.io.FileSystemService, class com.almasb.fxgl.localization.LocalizationService, class com.almasb.fxgl.app.services.SystemBundleService, class com.almasb.fxgl.profile.SaveLoadService, class com.almasb.fxgl.ui.FXGLUIFactoryServiceProvider, class com.almasb.fxgl.ui.FXGLDialogFactoryServiceProvider, class com.almasb.fxgl.audio.AudioPlayer, class com.almasb.fxgl.notification.impl.NotificationServiceProvider, class com.almasb.fxgl.achievement.AchievementService, class com.almasb.fxgl.cutscene.CutsceneService, class com.almasb.fxgl.minigames.MiniGameService, class com.almasb.fxgl.net.NetService, class com.almasb.fxgl.app.services.UpdaterService, class com.almasb.fxgl.dev.DevService]
13:25:29.316 [FXGL Background Thread 3 ] DEBUG Engine               - fontGame: Abel-Regular.ttf
13:25:29.316 [FXGL Background Thread 3 ] DEBUG Engine               - fontMono: TerminalLandMono-Regular.otf
13:25:29.316 [FXGL Background Thread 3 ] DEBUG Engine               - fontSizeScaleUI: 1.0
13:25:29.316 [FXGL Background Thread 3 ] DEBUG Engine               - fontText: Courier-Prime.ttf
13:25:29.316 [FXGL Background Thread 3 ] DEBUG Engine               - fontUI: VarelaRound-Regular.ttf
13:25:29.316 [FXGL Background Thread 3 ] DEBUG Engine               - fullScreen: BooleanProperty [value: false]
13:25:29.316 [FXGL Background Thread 3 ] DEBUG Engine               - gameDifficulty: MEDIUM
13:25:29.316 [FXGL Background Thread 3 ] DEBUG Engine               - gameDifficultyProperty: ObjectProperty [value: MEDIUM]
13:25:29.316 [FXGL Background Thread 3 ] DEBUG Engine               - globalMusicVolume: 0.5
13:25:29.316 [FXGL Background Thread 3 ] DEBUG Engine               - globalMusicVolumeProperty: DoubleProperty [value: 0.4]
13:25:29.316 [FXGL Background Thread 3 ] DEBUG Engine               - globalSoundVolume: 0.5
13:25:29.316 [FXGL Background Thread 3 ] DEBUG Engine               - globalSoundVolumeProperty: DoubleProperty [value: 0.5]
13:25:29.316 [FXGL Background Thread 3 ] DEBUG Engine               - height: 600
13:25:29.316 [FXGL Background Thread 3 ] DEBUG Engine               - is3D: false
13:25:29.316 [FXGL Background Thread 3 ] DEBUG Engine               - isAndroid: false
13:25:29.316 [FXGL Background Thread 3 ] DEBUG Engine               - isBrowser: false
13:25:29.316 [FXGL Background Thread 3 ] DEBUG Engine               - isClickFeedbackEnabled: false
13:25:29.316 [FXGL Background Thread 3 ] DEBUG Engine               - isCloseConfirmation: false
13:25:29.316 [FXGL Background Thread 3 ] DEBUG Engine               - isDesktop: true
13:25:29.316 [FXGL Background Thread 3 ] DEBUG Engine               - isDeveloperMenuEnabled: false
13:25:29.316 [FXGL Background Thread 3 ] DEBUG Engine               - isEmbedded: false
13:25:29.316 [FXGL Background Thread 3 ] DEBUG Engine               - isEntityPreloadEnabled: true
13:25:29.316 [FXGL Background Thread 3 ] DEBUG Engine               - isExperimentalTiledLargeMap: false
13:25:29.316 [FXGL Background Thread 3 ] DEBUG Engine               - isFileSystemWriteAllowed: true
13:25:29.316 [FXGL Background Thread 3 ] DEBUG Engine               - isFullScreenAllowed: false
13:25:29.316 [FXGL Background Thread 3 ] DEBUG Engine               - isFullScreenFromStart: false
13:25:29.316 [FXGL Background Thread 3 ] DEBUG Engine               - isGameMenuEnabled: true
13:25:29.316 [FXGL Background Thread 3 ] DEBUG Engine               - isIOS: false
13:25:29.316 [FXGL Background Thread 3 ] DEBUG Engine               - isIntroEnabled: false
13:25:29.316 [FXGL Background Thread 3 ] DEBUG Engine               - isLinux: false
13:25:29.316 [FXGL Background Thread 3 ] DEBUG Engine               - isMac: false
13:25:29.316 [FXGL Background Thread 3 ] DEBUG Engine               - isMainMenuEnabled: false
13:25:29.316 [FXGL Background Thread 3 ] DEBUG Engine               - isManualResizeEnabled: false
13:25:29.316 [FXGL Background Thread 3 ] DEBUG Engine               - isMobile: false
13:25:29.316 [FXGL Background Thread 3 ] DEBUG Engine               - isNative: false
13:25:29.316 [FXGL Background Thread 3 ] DEBUG Engine               - isPauseMusicWhenMinimized: true
13:25:29.316 [FXGL Background Thread 3 ] DEBUG Engine               - isPreserveResizeRatio: false
13:25:29.316 [FXGL Background Thread 3 ] DEBUG Engine               - isProfilingEnabled: false
13:25:29.316 [FXGL Background Thread 3 ] DEBUG Engine               - isScaleAffectedOnResize: true
13:25:29.316 [FXGL Background Thread 3 ] DEBUG Engine               - isSingleStep: false
13:25:29.317 [FXGL Background Thread 3 ] DEBUG Engine               - isUserProfileEnabled: false
13:25:29.317 [FXGL Background Thread 3 ] DEBUG Engine               - isWindows: true
13:25:29.317 [FXGL Background Thread 3 ] DEBUG Engine               - language: ObjectProperty [value: ENGLISH]
13:25:29.317 [FXGL Background Thread 3 ] DEBUG Engine               - menuKey: ESCAPE
13:25:29.317 [FXGL Background Thread 3 ] DEBUG Engine               - mouseSensitivity: 0.2
13:25:29.317 [FXGL Background Thread 3 ] DEBUG Engine               - notificationViewClass: class com.almasb.fxgl.notification.view.XboxNotificationView
13:25:29.317 [FXGL Background Thread 3 ] DEBUG Engine               - pixelsPerMeter: 50.0
13:25:29.317 [FXGL Background Thread 3 ] DEBUG Engine               - platform: WINDOWS
13:25:29.317 [FXGL Background Thread 3 ] DEBUG Engine               - prefHeightProperty: ReadOnlyDoubleProperty [value: 600.0]
13:25:29.317 [FXGL Background Thread 3 ] DEBUG Engine               - prefWidthProperty: ReadOnlyDoubleProperty [value: 800.0]
13:25:29.317 [FXGL Background Thread 3 ] DEBUG Engine               - profileDir: profiles/
13:25:29.317 [FXGL Background Thread 3 ] DEBUG Engine               - profileName: StringProperty [value: DEFAULT]
13:25:29.317 [FXGL Background Thread 3 ] DEBUG Engine               - randomSeed: -1
13:25:29.317 [FXGL Background Thread 3 ] DEBUG Engine               - runtimeInfo: RuntimeInfo(platform=WINDOWS, version=21.1, build=26.03.2024 17.33)
13:25:29.317 [FXGL Background Thread 3 ] DEBUG Engine               - saveFileExt: sav
13:25:29.317 [FXGL Background Thread 3 ] DEBUG Engine               - scaledHeightProp$fxgl: DoubleProperty [bound, value: 600.0]
13:25:29.317 [FXGL Background Thread 3 ] DEBUG Engine               - scaledWidthProp$fxgl: DoubleProperty [bound, value: 800.0]
13:25:29.317 [FXGL Background Thread 3 ] DEBUG Engine               - sceneFactory: com.almasb.fxgl.app.scene.SceneFactory@109d6991
13:25:29.317 [FXGL Background Thread 3 ] DEBUG Engine               - secondsIn24h: 60
13:25:29.317 [FXGL Background Thread 3 ] DEBUG Engine               - soundMenuBack: menu/back.wav
13:25:29.317 [FXGL Background Thread 3 ] DEBUG Engine               - soundMenuPress: menu/press.wav
13:25:29.317 [FXGL Background Thread 3 ] DEBUG Engine               - soundMenuSelect: menu/select.wav
13:25:29.317 [FXGL Background Thread 3 ] DEBUG Engine               - soundNotification: core/notification.wav
13:25:29.317 [FXGL Background Thread 3 ] DEBUG Engine               - stageStyle: DECORATED
13:25:29.317 [FXGL Background Thread 3 ] DEBUG Engine               - supportedLanguages: [ENGLISH, FRENCH, GERMAN, HUNGARIAN, RUSSIAN]
13:25:29.317 [FXGL Background Thread 3 ] DEBUG Engine               - ticksPerSecond: -1
13:25:29.317 [FXGL Background Thread 3 ] DEBUG Engine               - title: Among Us UNEG
13:25:29.317 [FXGL Background Thread 3 ] DEBUG Engine               - urlGithub: https://github.com/AlmasB/FXGL
13:25:29.317 [FXGL Background Thread 3 ] DEBUG Engine               - urlLeaderboard: http://fxgl-top.herokuapp.com/
13:25:29.317 [FXGL Background Thread 3 ] DEBUG Engine               - urlPOM: https://raw.githubusercontent.com/AlmasB/FXGL/release/README.md
13:25:29.317 [FXGL Background Thread 3 ] DEBUG Engine               - userAppClass: class main.java.amongUs.AppPrincipal
13:25:29.317 [FXGL Background Thread 3 ] DEBUG Engine               - version: 0.0
13:25:29.317 [FXGL Background Thread 3 ] DEBUG Engine               - versionCheckDays: 7
13:25:29.317 [FXGL Background Thread 3 ] DEBUG Engine               - width: 800
13:25:29.317 [FXGL Background Thread 3 ] DEBUG Engine               - Logging services
13:25:29.317 [FXGL Background Thread 3 ] DEBUG Engine               - class com.almasb.fxgl.app.services.FXGLAssetLoaderService
13:25:29.317 [FXGL Background Thread 3 ] DEBUG Engine               - class com.almasb.fxgl.app.FXGLApplication$GameApplicationService
13:25:29.317 [FXGL Background Thread 3 ] DEBUG Engine               - class com.almasb.fxgl.app.services.FXGLDialogService
13:25:29.317 [FXGL Background Thread 3 ] DEBUG Engine               - class com.almasb.fxgl.app.services.IOTaskExecutorService
13:25:29.317 [FXGL Background Thread 3 ] DEBUG Engine               - class com.almasb.fxgl.io.FileSystemService
13:25:29.317 [FXGL Background Thread 3 ] DEBUG Engine               - class com.almasb.fxgl.localization.LocalizationService
13:25:29.317 [FXGL Background Thread 3 ] DEBUG Engine               - class com.almasb.fxgl.app.services.SystemBundleService
13:25:29.317 [FXGL Background Thread 3 ] DEBUG Engine               - class com.almasb.fxgl.profile.SaveLoadService
13:25:29.317 [FXGL Background Thread 3 ] DEBUG Engine               - class com.almasb.fxgl.ui.FXGLUIFactoryServiceProvider
13:25:29.317 [FXGL Background Thread 3 ] DEBUG Engine               - class com.almasb.fxgl.ui.FXGLDialogFactoryServiceProvider
13:25:29.317 [FXGL Background Thread 3 ] DEBUG Engine               - class com.almasb.fxgl.audio.AudioPlayer
13:25:29.319 [FXGL Background Thread 3 ] DEBUG Engine               - class com.almasb.fxgl.notification.impl.NotificationServiceProvider
13:25:29.319 [FXGL Background Thread 3 ] DEBUG Engine               - class com.almasb.fxgl.achievement.AchievementService
13:25:29.319 [FXGL Background Thread 3 ] DEBUG Engine               - class com.almasb.fxgl.cutscene.CutsceneService
13:25:29.319 [FXGL Background Thread 3 ] DEBUG Engine               - class com.almasb.fxgl.minigames.MiniGameService
13:25:29.319 [FXGL Background Thread 3 ] DEBUG Engine               - class com.almasb.fxgl.net.NetService
13:25:29.319 [FXGL Background Thread 3 ] DEBUG Engine               - class com.almasb.fxgl.app.services.UpdaterService
13:25:29.319 [FXGL Background Thread 3 ] DEBUG Engine               - class com.almasb.fxgl.dev.DevService
13:25:30.007 [JavaFX Application Thread] DEBUG FXGLAssetLoaderServi - Loading from file system: file:/C:/Users/Angelo/proyecto%20Among%20Us/out/production/Among%20Us/assets/textures/tripulante_blanco.png
13:25:34.319 [JavaFX Application Thread] DEBUG FXGLAssetLoaderServi - Loading from file system: file:/C:/Users/Angelo/proyecto%20Among%20Us/out/production/Among%20Us/assets/textures/tripulante_amarillo.png
13:25:35.071 [JavaFX Application Thread] WARN  TMXLevelLoader       - TiledMap generated from 1.11.2. Supported version: 1.9.0. Some features may not be parsed fully.
13:25:35.089 [JavaFX Application Thread] DEBUG TMXLevelLoader       - Parsed TiledMap: file:/C:/Users/Angelo/proyecto%20Among%20Us/out/production/Among%20Us/assets/levels/mapa2.tmx
13:25:35.089 [JavaFX Application Thread] DEBUG TMXLevelLoader       - Creating tile layer entities
13:25:35.091 [JavaFX Application Thread] DEBUG TilesetLoader        - Loading view for layer fondo1
13:25:35.092 [JavaFX Application Thread] DEBUG TilesetLoader        - Created buffer with size 992.0x960.0
13:25:35.098 [JavaFX Application Thread] DEBUG TilesetLoader        - Loading view for layer fondo
13:25:35.098 [JavaFX Application Thread] DEBUG TilesetLoader        - Created buffer with size 992.0x960.0
13:25:35.102 [JavaFX Application Thread] DEBUG TilesetLoader        - Loading view for layer piso
13:25:35.102 [JavaFX Application Thread] DEBUG TilesetLoader        - Created buffer with size 992.0x960.0
13:25:35.105 [JavaFX Application Thread] DEBUG TilesetLoader        - Loading view for layer piso1
13:25:35.105 [JavaFX Application Thread] DEBUG TilesetLoader        - Created buffer with size 992.0x960.0
13:25:35.109 [JavaFX Application Thread] DEBUG TilesetLoader        - Loading view for layer izquierda
13:25:35.109 [JavaFX Application Thread] DEBUG TilesetLoader        - Created buffer with size 992.0x960.0
13:25:35.112 [JavaFX Application Thread] DEBUG TilesetLoader        - Loading view for layer detallesatraspared
13:25:35.112 [JavaFX Application Thread] DEBUG TilesetLoader        - Created buffer with size 992.0x960.0
13:25:35.131 [JavaFX Application Thread] DEBUG TilesetLoader        - Loading view for layer pared2
13:25:35.131 [JavaFX Application Thread] DEBUG TilesetLoader        - Created buffer with size 992.0x960.0
13:25:35.137 [JavaFX Application Thread] DEBUG TilesetLoader        - Loading view for layer techo1
13:25:35.138 [JavaFX Application Thread] DEBUG TilesetLoader        - Created buffer with size 992.0x960.0
13:25:35.140 [JavaFX Application Thread] DEBUG TilesetLoader        - Loading view for layer techo2
13:25:35.140 [JavaFX Application Thread] DEBUG TilesetLoader        - Created buffer with size 992.0x960.0
13:25:35.142 [JavaFX Application Thread] DEBUG TilesetLoader        - Loading view for layer puertita
13:25:35.142 [JavaFX Application Thread] DEBUG TilesetLoader        - Created buffer with size 992.0x960.0
13:25:35.142 [JavaFX Application Thread] DEBUG TilesetLoader        - Loading view for layer puerta
13:25:35.142 [JavaFX Application Thread] DEBUG TilesetLoader        - Created buffer with size 992.0x960.0
13:25:35.144 [JavaFX Application Thread] DEBUG TilesetLoader        - Loading view for layer detalles
13:25:35.144 [JavaFX Application Thread] DEBUG TilesetLoader        - Created buffer with size 992.0x960.0
13:25:35.158 [JavaFX Application Thread] DEBUG TilesetLoader        - Loading view for layer detalles 2
13:25:35.158 [JavaFX Application Thread] DEBUG TilesetLoader        - Created buffer with size 992.0x960.0
13:25:35.166 [JavaFX Application Thread] DEBUG TilesetLoader        - Loading view for layer detalles3
13:25:35.166 [JavaFX Application Thread] DEBUG TilesetLoader        - Created buffer with size 992.0x960.0
13:25:35.182 [JavaFX Application Thread] DEBUG TilesetLoader        - Loading view for layer grieta
13:25:35.182 [JavaFX Application Thread] DEBUG TilesetLoader        - Created buffer with size 992.0x960.0
13:25:35.183 [JavaFX Application Thread] DEBUG TilesetLoader        - Loading view for layer Techo
13:25:35.183 [JavaFX Application Thread] DEBUG TilesetLoader        - Created buffer with size 992.0x960.0
13:25:35.183 [JavaFX Application Thread] DEBUG TilesetLoader        - Loading view for layer camaras
13:25:35.183 [JavaFX Application Thread] DEBUG TilesetLoader        - Created buffer with size 992.0x960.0
13:25:35.185 [JavaFX Application Thread] DEBUG TMXLevelLoader       - Creating object layer entities
13:25:35.209 [JavaFX Application Thread] DEBUG GameWorld            - Clearing removable entities
13:25:35.209 [JavaFX Application Thread] DEBUG GameWorld            - Setting level: com.almasb.fxgl.entity.level.Level@1996906f
13:25:35.219 [JavaFX Application Thread] DEBUG FXGLAssetLoaderServi - Loading from file system: file:/C:/Users/Angelo/proyecto%20Among%20Us/out/production/Among%20Us/assets/textures/MonitorDeCamaras.png
13:25:35.229 [JavaFX Application Thread] DEBUG FXGLAssetLoaderServi - Loading from file system: file:/C:/Users/Angelo/proyecto%20Among%20Us/out/production/Among%20Us/assets/textures/flechaAmarillaIzq.png
13:25:35.229 [JavaFX Application Thread] DEBUG FXGLAssetLoaderServi - Loading from file system: file:/C:/Users/Angelo/proyecto%20Among%20Us/out/production/Among%20Us/assets/textures/flechaAmarillaDer.png
13:25:35.233 [JavaFX Application Thread] DEBUG FXGLAssetLoaderServi - Loading from file system: file:/C:/Users/Angelo/proyecto%20Among%20Us/out/production/Among%20Us/assets/textures/animacion_fantasma.png
13:25:35.235 [JavaFX Application Thread] WARN  FXGLAssetLoaderServi - Asset "/assets/textures/amarillo_muerto.png" was not found!
13:25:35.235 [JavaFX Application Thread] WARN  FXGLAssetLoaderServi - Failed to load IMAGE
13:25:35.239 [JavaFX Application Thread] DEBUG FXGLAssetLoaderServi - Loading from file system: file:/C:/Users/Angelo/proyecto%20Among%20Us/out/production/Among%20Us/assets/textures/animacion_amarillo.png
13:25:35.242 [JavaFX Application Thread] DEBUG FXGLAssetLoaderServi - Loading from file system: file:/C:/Users/Angelo/proyecto%20Among%20Us/out/production/Among%20Us/assets/textures/alcantarilla_amarillo.png
13:25:35.242 [JavaFX Application Thread] DEBUG FXGLAssetLoaderServi - Loading from file system: file:/C:/Users/Angelo/proyecto%20Among%20Us/out/production/Among%20Us/assets/textures/alcantarilla_amarilloE.png
13:25:35.249 [JavaFX Application Thread] DEBUG FXGLAssetLoaderServi - Loading from file system: file:/C:/Users/Angelo/proyecto%20Among%20Us/out/production/Among%20Us/assets/textures/accionNegada.png
13:25:35.252 [JavaFX Application Thread] DEBUG FXGLAssetLoaderServi - Loading from file system: file:/C:/Users/Angelo/proyecto%20Among%20Us/out/production/Among%20Us/assets/textures/reportarNegado.png
13:25:35.255 [JavaFX Application Thread] DEBUG FXGLAssetLoaderServi - Loading from file system: file:/C:/Users/Angelo/proyecto%20Among%20Us/out/production/Among%20Us/assets/textures/matarNegado.png
13:25:35.259 [JavaFX Application Thread] DEBUG FXGLAssetLoaderServi - Loading from file system: file:/C:/Users/Angelo/proyecto%20Among%20Us/out/production/Among%20Us/assets/textures/sabotaje.png
13:25:35.263 [JavaFX Application Thread] DEBUG FXGLAssetLoaderServi - Loading from file system: file:/C:/Users/Angelo/proyecto%20Among%20Us/out/production/Among%20Us/assets/textures/animacion_extintor.png
13:25:35.272 [JavaFX Application Thread] DEBUG FXGLAssetLoaderServi - Loading from file system: file:/C:/Users/Angelo/proyecto%20Among%20Us/out/production/Among%20Us/assets/textures/animacion_temperatura.png
13:25:35.303 [JavaFX Application Thread] DEBUG FXGLAssetLoaderServi - Loading from file system: file:/C:/Users/Angelo/proyecto%20Among%20Us/out/production/Among%20Us/assets/textures/animacion_encestar.png
13:25:35.334 [JavaFX Application Thread] DEBUG FXGLAssetLoaderServi - Loading from file system: file:/C:/Users/Angelo/proyecto%20Among%20Us/out/production/Among%20Us/assets/textures/animacion_basura.png
13:25:35.354 [JavaFX Application Thread] DEBUG FXGLAssetLoaderServi - Loading from file system: file:/C:/Users/Angelo/proyecto%20Among%20Us/out/production/Among%20Us/assets/textures/animacion_tarjeta.png
13:25:35.365 [JavaFX Application Thread] WARN  FXGLAssetLoaderServi - Asset "/assets/textures/animacion_reactor.png" was not found!
13:25:35.365 [JavaFX Application Thread] WARN  FXGLAssetLoaderServi - Failed to load IMAGE
13:25:35.366 [JavaFX Application Thread] DEBUG FXGLAssetLoaderServi - Loading from file system: file:/C:/Users/Angelo/proyecto%20Among%20Us/out/production/Among%20Us/assets/textures/barra_0.png
13:25:35.369 [JavaFX Application Thread] DEBUG FXGLAssetLoaderServi - Loading from file system: file:/C:/Users/Angelo/proyecto%20Among%20Us/out/production/Among%20Us/assets/textures/pantalla_impostor.png
13:25:41.538 [JavaFX Application Thread] DEBUG FXGLAssetLoaderServi - Loading from file system: file:/C:/Users/Angelo/proyecto%20Among%20Us/out/production/Among%20Us/assets/textures/accion.png
13:25:42.638 [JavaFX Application Thread] DEBUG FXGLAssetLoaderServi - Loading from file system: file:/C:/Users/Angelo/proyecto%20Among%20Us/out/production/Among%20Us/assets/textures/flechaRojaAbajo.png
13:25:46.083 [JavaFX Application Thread] DEBUG Input                - Mocking key press: Space
13:25:46.083 [JavaFX Application Thread] DEBUG Input                - Mocking key release: Space
13:25:48.049 [JavaFX Application Thread] DEBUG Input                - Mocking key press: Space
13:25:48.049 [JavaFX Application Thread] DEBUG Input                - Mocking key release: Space
13:25:53.929 [JavaFX Application Thread] DEBUG FXGLAssetLoaderServi - Loading from file system: file:/C:/Users/Angelo/proyecto%20Among%20Us/out/production/Among%20Us/assets/textures/panel_tarjeta.png
13:26:07.306 [JavaFX Application Thread] DEBUG FXGLAssetLoaderServi - Loading from file system: file:/C:/Users/Angelo/proyecto%20Among%20Us/out/production/Among%20Us/assets/textures/tarjeta_final.png
13:26:08.308 [JavaFX Application Thread] DEBUG FXGLAssetLoaderServi - Loading from file system: file:/C:/Users/Angelo/proyecto%20Among%20Us/out/production/Among%20Us/assets/textures/barra_1.png
13:26:25.485 [JavaFX Application Thread] DEBUG AudioPlayer          - Pausing music com.almasb.fxgl.audio.Music@4d39897b
13:26:25.486 [JavaFX Application Thread] DEBUG LoopRunner           - Pausing loop
13:26:26.838 [JavaFX Application Thread] DEBUG LoopRunner           - Resuming loop
13:26:26.838 [JavaFX Application Thread] DEBUG AudioPlayer          - Resuming music com.almasb.fxgl.audio.Music@4d39897b
13:26:39.718 [JavaFX Application Thread] DEBUG FXGLAssetLoaderServi - Loading from file system: file:/C:/Users/Angelo/proyecto%20Among%20Us/out/production/Among%20Us/assets/textures/flechaRojaDer.png
13:26:39.722 [JavaFX Application Thread] DEBUG FXGLAssetLoaderServi - Loading from file system: file:/C:/Users/Angelo/proyecto%20Among%20Us/out/production/Among%20Us/assets/textures/flechaRojaArriba.png
13:26:40.355 [JavaFX Application Thread] DEBUG FXGLAssetLoaderServi - Loading from file system: file:/C:/Users/Angelo/proyecto%20Among%20Us/out/production/Among%20Us/assets/textures/flechaRojaIzq.png
13:26:46.245 [JavaFX Application Thread] DEBUG FXGLAssetLoaderServi - Loading from file system: file:/C:/Users/Angelo/proyecto%20Among%20Us/out/production/Among%20Us/assets/textures/panel_encestar.png
13:26:55.171 [JavaFX Application Thread] DEBUG FXGLAssetLoaderServi - Loading from file system: file:/C:/Users/Angelo/proyecto%20Among%20Us/out/production/Among%20Us/assets/textures/encestar_final.png
13:26:56.179 [JavaFX Application Thread] DEBUG FXGLAssetLoaderServi - Loading from file system: file:/C:/Users/Angelo/proyecto%20Among%20Us/out/production/Among%20Us/assets/textures/barra_2.png
13:27:08.398 [JavaFX Application Thread] DEBUG FXGLAssetLoaderServi - Loading from file system: file:/C:/Users/Angelo/proyecto%20Among%20Us/out/production/Among%20Us/assets/textures/panel_extintor.png
13:27:17.091 [JavaFX Application Thread] DEBUG FXGLAssetLoaderServi - Loading from file system: file:/C:/Users/Angelo/proyecto%20Among%20Us/out/production/Among%20Us/assets/textures/extintor_apagado.png
13:27:18.096 [JavaFX Application Thread] DEBUG FXGLAssetLoaderServi - Loading from file system: file:/C:/Users/Angelo/proyecto%20Among%20Us/out/production/Among%20Us/assets/textures/barra_3.png
13:27:52.349 [JavaFX Application Thread] DEBUG FXGLAssetLoaderServi - Loading from file system: file:/C:/Users/Angelo/proyecto%20Among%20Us/out/production/Among%20Us/assets/textures/panel_basura.png
13:28:01.482 [JavaFX Application Thread] DEBUG FXGLAssetLoaderServi - Loading from file system: file:/C:/Users/Angelo/proyecto%20Among%20Us/out/production/Among%20Us/assets/textures/basura_final.png
13:28:02.484 [JavaFX Application Thread] DEBUG FXGLAssetLoaderServi - Loading from file system: file:/C:/Users/Angelo/proyecto%20Among%20Us/out/production/Among%20Us/assets/textures/barra_4.png
13:29:01.836 [JavaFX Application Thread] DEBUG PrimaryStageWindow   - Push state: FXGLDefaultMenu
13:29:01.839 [JavaFX Application Thread] DEBUG Input                - Clearing active input actions
13:29:01.839 [JavaFX Application Thread] DEBUG GameApplicationServi - Removing overlay from GameScene and adding to FXGLDefaultMenu
13:29:01.839 [JavaFX Application Thread] DEBUG PrimaryStageWindow   - GameScene -> FXGLDefaultMenu
13:29:02.865 [JavaFX Application Thread] DEBUG Menu                 - fireExit()
13:29:02.867 [JavaFX Application Thread] DEBUG PrimaryStageWindow   - Push state: DialogSubScene
13:29:02.867 [JavaFX Application Thread] DEBUG Input                - Clearing active input actions
13:29:02.867 [JavaFX Application Thread] DEBUG GameApplicationServi - Removing overlay from FXGLDefaultMenu and adding to DialogSubScene
13:29:02.867 [JavaFX Application Thread] DEBUG PrimaryStageWindow   - FXGLDefaultMenu -> DialogSubScene
13:29:03.635 [JavaFX Application Thread] DEBUG PrimaryStageWindow   - Pop state: DialogSubScene
13:29:03.637 [JavaFX Application Thread] DEBUG Input                - Clearing active input actions
13:29:03.637 [JavaFX Application Thread] DEBUG GameApplicationServi - Removing overlay from DialogSubScene and adding to FXGLDefaultMenu
13:29:03.637 [JavaFX Application Thread] DEBUG PrimaryStageWindow   - FXGLDefaultMenu <- DialogSubScene
13:29:03.637 [JavaFX Application Thread] DEBUG FXGLApplication      - Exiting FXGL
13:29:03.637 [JavaFX Application Thread] DEBUG LoopRunner           - Stopping loop
13:29:03.637 [JavaFX Application Thread] DEBUG SystemBundleService  - Saving FXGL system data
13:29:03.638 [JavaFX Application Thread] DEBUG FileSystemAccess     - Writing to: C:\Users\Angelo\proyecto Among Us\system\fxgl.bundle
13:29:03.639 [JavaFX Application Thread] DEBUG Async                - Shutting down background threads
13:29:03.639 [JavaFX Application Thread] DEBUG PrimaryStageWindow   - Closing main window
13:29:03.648 [JavaFX Application Thread] DEBUG Logger               - Closing Logger
