14:11:08.070 [main                     ] DEBUG Logger               - Configured Logger
14:11:08.077 [main                     ] DEBUG GameApplication      - Logging settings
Title: Among Us UNEG
Version: 0.0
Width: 800
Height: 600
Fullscreen: false
Intro: false
Profiling: false
Single step:false
App Mode: DEVELOPER
Menu Key: ESCAPE
Stage Style: DECORATED
Scene Factory: class com.almasb.fxgl.app.scene.SceneFactory

14:11:08.518 [JavaFX Application Thread] DEBUG FXGLApplication      - Initializing FXGL
14:11:08.522 [JavaFX Application Thread] INFO  Engine               - FXGL-21.1 (26.03.2024 17.33) on WINDOWS (J:25.0.2 FX:21.0.1)
14:11:08.522 [JavaFX Application Thread] DEBUG Engine               - JRE Vendor Name: Oracle Corporation
14:11:08.522 [JavaFX Application Thread] DEBUG Engine               - Running on OS: Windows 11 version 10.0
14:11:08.522 [JavaFX Application Thread] DEBUG Engine               - Architecture: amd64
14:11:08.522 [JavaFX Application Thread] INFO  Engine               - Source code and latest versions at: https://github.com/AlmasB/FXGL
14:11:08.522 [JavaFX Application Thread] INFO  Engine               -       Ask questions and discuss at: https://github.com/AlmasB/FXGL/discussions
14:11:08.522 [JavaFX Application Thread] INFO  Engine               -              Join the FXGL chat at: https://gitter.im/AlmasB/FXGL
14:11:08.601 [JavaFX Application Thread] DEBUG PrimaryStageWindow   - Creating a JavaFX scene
14:11:08.640 [JavaFX Application Thread] DEBUG PrimaryStageWindow   - Target settings size: 800.0 x 600.0
14:11:08.640 [JavaFX Application Thread] DEBUG PrimaryStageWindow   - Scaled scene size:    800.0 x 600.0
14:11:08.640 [JavaFX Application Thread] DEBUG PrimaryStageWindow   - Scaled ratio: (1.0, 1.0)
14:11:08.641 [JavaFX Application Thread] DEBUG PrimaryStageWindow   - Set initial scene to FXGLStartupScene
14:11:08.644 [JavaFX Application Thread] DEBUG PrimaryStageWindow   - Opening main window
14:11:08.744 [JavaFX Application Thread] DEBUG PrimaryStageWindow   - Window border size: (14.66668701171875, 37.33331298828125)
14:11:08.744 [JavaFX Application Thread] DEBUG PrimaryStageWindow   - Scaled size: 800.0 x 600.0
14:11:08.745 [JavaFX Application Thread] DEBUG PrimaryStageWindow   - Scaled ratio: (1.0, 1.0)
14:11:08.745 [JavaFX Application Thread] DEBUG PrimaryStageWindow   - Scene size: 800.0 x 600.0
14:11:08.745 [JavaFX Application Thread] DEBUG PrimaryStageWindow   - Stage size: 814.6666870117188 x 637.3333129882812
14:11:08.752 [FXGL Background Thread 1 ] DEBUG Engine               - Initializing environment variables
14:11:08.811 [FXGL Background Thread 1 ] DEBUG FXGLAssetLoaderServi - User app class for loading assets: class main.java.amongUs.AppPrincipal
14:11:08.811 [FXGL Background Thread 1 ] DEBUG GameApplicationServi - Applying CSS: fxgl_dark.css
14:11:08.812 [FXGL Background Thread 1 ] DEBUG FXGLAssetLoaderServi - Loading from file system: jar:file:/C:/Users/nicol/Desktop/amongu/lib/fxgl-21.1-uber.jar!/fxglassets/ui/css/fxgl_dark.css
14:11:08.846 [FXGL Background Thread 1 ] DEBUG GameApplicationServi - Initializing application scenes
14:11:08.876 [FXGL Background Thread 1 ] DEBUG GameWorld            - Game world initialized
14:11:08.921 [FXGL Background Thread 1 ] DEBUG PhysicsWorld         - Physics world initialized: appHeight=600, physics.ppm=50,0
14:11:08.921 [FXGL Background Thread 1 ] DEBUG PhysicsWorld         - Using strategy: BRUTE_FORCE
14:11:08.925 [FXGL Background Thread 1 ] DEBUG GameScene            - Game scene initialized: 800x600
14:11:08.935 [FXGL Background Thread 1 ] DEBUG FXGL.DefaultMenu     - createMenuBodyGameMenu()
14:11:08.946 [FXGL Background Thread 1 ] DEBUG FXGL.DefaultMenu     - createOptionsMenu()
14:11:08.953 [FXGL Background Thread 1 ] DEBUG FXGLAssetLoaderServi - Loading from file system: jar:file:/C:/Users/nicol/Desktop/amongu/lib/fxgl-21.1-uber.jar!/fxglassets/textures/particles/smoke.png
14:11:09.020 [FXGL Background Thread 1 ] DEBUG FXGLAssetLoaderServi - Loading from file system: jar:file:/C:/Users/nicol/Desktop/amongu/lib/fxgl-21.1-uber.jar!/fxglassets/textures/particles/trace_horizontal.png
14:11:09.044 [FXGL Background Thread 1 ] DEBUG GameApplicationServi - Application scenes initialized
14:11:09.053 [FXGL Background Thread 1 ] DEBUG SystemBundleService  - Loading FXGL system data
14:11:09.056 [FXGL Background Thread 1 ] DEBUG FileSystemAccess     - Reading from: C:\Users\nicol\Desktop\amongu\system\fxgl.bundle
14:11:09.061 [FXGL Background Thread 1 ] DEBUG SystemBundleService  - Bundle FXGL: {}
14:11:09.061 [FXGL Background Thread 1 ] DEBUG UpdaterService       - Checking for updates
14:11:09.064 [FXGL Background Thread 4 ] DEBUG FXGLApplication      - Loading fonts
14:11:09.064 [FXGL Background Thread 1 ] DEBUG FXGLApplication      - Loading default localization
14:11:09.064 [FXGL Background Thread 4 ] DEBUG FXGLAssetLoaderServi - Loading from file system: jar:file:/C:/Users/nicol/Desktop/amongu/lib/fxgl-21.1-uber.jar!/fxglassets/ui/fonts/VarelaRound-Regular.ttf
14:11:09.064 [FXGL Background Thread 1 ] DEBUG FXGLAssetLoaderServi - Loading from file system: jar:file:/C:/Users/nicol/Desktop/amongu/lib/fxgl-21.1-uber.jar!/fxglassets/languages/english.lang
14:11:09.084 [FXGL Background Thread 1 ] INFO  FXGLApplication      - FXGL initialization took: 0,332 sec
14:11:09.093 [JavaFX Application Thread] DEBUG Input                - Registered new binding: Mover Arriba - W
14:11:09.093 [JavaFX Application Thread] DEBUG Input                - Registered new binding: Mover Abajo - S
14:11:09.093 [JavaFX Application Thread] DEBUG Input                - Registered new binding: Mover Izquierda - A
14:11:09.093 [JavaFX Application Thread] DEBUG Input                - Registered new binding: Mover Derecha - D
14:11:09.093 [JavaFX Application Thread] DEBUG Input                - Registered new binding: Abrir Camaras - C
14:11:09.093 [JavaFX Application Thread] DEBUG Input                - Registered new binding: Usar Alcantarilla - Space
14:11:09.093 [JavaFX Application Thread] DEBUG Input                - Registered new binding: Vent Izquierda - Left
14:11:09.093 [JavaFX Application Thread] DEBUG Input                - Registered new binding: Vent Derecha - Right
14:11:09.093 [JavaFX Application Thread] DEBUG Input                - Registered new binding: Vent Arriba - Up
14:11:09.093 [JavaFX Application Thread] DEBUG Input                - Registered new binding: Vent Abajo - Down
14:11:09.093 [JavaFX Application Thread] DEBUG Input                - Registered new binding: Matar Jugador - Q
14:11:09.093 [JavaFX Application Thread] DEBUG Input                - Registered new binding: Reportar Cadaver - R
14:11:09.094 [JavaFX Application Thread] DEBUG FXGLAssetLoaderServi - Loading from file system: file:/C:/Users/nicol/Desktop/amongu/out/production/Among%20Us/assets/textures/icono.png
14:11:09.112 [FXGL Background Thread 4 ] DEBUG FXGLAssetLoaderServi - Loading from file system: jar:file:/C:/Users/nicol/Desktop/amongu/lib/fxgl-21.1-uber.jar!/fxglassets/ui/fonts/Abel-Regular.ttf
14:11:09.116 [FXGL Background Thread 4 ] DEBUG FXGLAssetLoaderServi - Loading from file system: jar:file:/C:/Users/nicol/Desktop/amongu/lib/fxgl-21.1-uber.jar!/fxglassets/ui/fonts/TerminalLandMono-Regular.otf
14:11:09.116 [JavaFX Application Thread] DEBUG FXGLAssetLoaderServi - Loading from file system: jar:file:/C:/Users/nicol/Desktop/amongu/lib/fxgl-21.1-uber.jar!/fxglassets/textures/fxgl_default_cursor.png
14:11:09.119 [JavaFX Application Thread] DEBUG Input                - Registered new binding: Screenshot - CTRL+8
14:11:09.119 [JavaFX Application Thread] DEBUG Input                - Registered new binding: System info dump - CTRL+9
14:11:09.121 [JavaFX Application Thread] DEBUG Input                - Registered new binding: Restart - CTRL+R
14:11:09.122 [JavaFX Application Thread] DEBUG Input                - Registered new binding: Toggle Debug Camera - CTRL+7
14:11:09.122 [FXGL Background Thread 4 ] DEBUG FXGLAssetLoaderServi - Loading from file system: jar:file:/C:/Users/nicol/Desktop/amongu/lib/fxgl-21.1-uber.jar!/fxglassets/ui/fonts/Courier-Prime.ttf
14:11:09.125 [JavaFX Application Thread] DEBUG LoopRunner           - Starting loop
14:11:09.125 [JavaFX Application Thread] DEBUG LoopRunner           - Initializing JavaFX AnimationTimerLoop
14:11:09.127 [JavaFX Application Thread] DEBUG GameApplicationServi - Starting new game
14:11:09.128 [JavaFX Application Thread] DEBUG Input                - Clearing active input actions
14:11:09.142 [JavaFX Application Thread] DEBUG GameApplicationServi - Removing overlay from FXGLStartupScene and adding to FXGLLoadingScene
14:11:09.142 [JavaFX Application Thread] DEBUG PrimaryStageWindow   - FXGLStartupScene -> FXGLLoadingScene
14:11:09.142 [JavaFX Application Thread] DEBUG GameApplicationServi - Clearing previous game
14:11:09.142 [JavaFX Application Thread] DEBUG GameScene            - Clearing game scene
14:11:09.142 [JavaFX Application Thread] DEBUG GameWorld            - Clearing game world
14:11:09.142 [JavaFX Application Thread] DEBUG PhysicsWorld         - Clearing physics world
14:11:09.144 [FXGL Background Thread 4 ] DEBUG FXGLApplication      - Initializing game
14:11:09.152 [FXGL Background Thread 4 ] DEBUG FXGLAssetLoaderServi - Loading from file system: file:/C:/Users/nicol/Desktop/amongu/out/production/Among%20Us/assets/music/musicaMenu.mp3
14:11:09.191 [JavaFX Application Thread] DEBUG FXGLApplication      - Registering font factories with UI factory
14:11:09.278 [FXGL Background Thread 4 ] DEBUG AudioPlayer          - Playing music com.almasb.fxgl.audio.Music@27e2e8ac
14:11:09.562 [FXGL Background Thread 4 ] INFO  FXGLApplication      - Game initialization took: 0,418 sec
14:11:09.563 [JavaFX Application Thread] DEBUG Input                - Clearing active input actions
14:11:09.568 [FXGL Background Thread 2 ] INFO  UpdaterService       - Your current version:  21.1
14:11:09.568 [FXGL Background Thread 2 ] INFO  UpdaterService       - Latest stable version: 25
14:11:09.568 [JavaFX Application Thread] DEBUG GameApplicationServi - Removing overlay from FXGLLoadingScene and adding to GameScene
14:11:09.568 [JavaFX Application Thread] DEBUG PrimaryStageWindow   - FXGLLoadingScene -> GameScene
14:11:12.063 [FXGL Background Thread 3 ] DEBUG Engine               - Logging environment variables
14:11:12.063 [FXGL Background Thread 3 ] DEBUG Engine               - achievements: []
14:11:12.064 [FXGL Background Thread 3 ] DEBUG Engine               - actualHeight: 600.0
14:11:12.064 [FXGL Background Thread 3 ] DEBUG Engine               - actualHeightProperty: ReadOnlyDoubleProperty [value: 600.0]
14:11:12.064 [FXGL Background Thread 3 ] DEBUG Engine               - actualWidth: 800.0
14:11:12.064 [FXGL Background Thread 3 ] DEBUG Engine               - actualWidthProperty: ReadOnlyDoubleProperty [value: 800.0]
14:11:12.064 [FXGL Background Thread 3 ] DEBUG Engine               - appIcon: icono.png
14:11:12.064 [FXGL Background Thread 3 ] DEBUG Engine               - applicationMode: DEVELOPER
14:11:12.064 [FXGL Background Thread 3 ] DEBUG Engine               - cSSList: [fxgl_dark.css]
14:11:12.064 [FXGL Background Thread 3 ] DEBUG Engine               - collisionDetectionStrategy: BRUTE_FORCE
14:11:12.064 [FXGL Background Thread 3 ] DEBUG Engine               - configClass: Optional.empty
14:11:12.064 [FXGL Background Thread 3 ] DEBUG Engine               - credits: []
14:11:12.065 [FXGL Background Thread 3 ] DEBUG Engine               - defaultCursor: CursorInfo(imageName=fxgl_default_cursor.png, hotspotX=7.0, hotspotY=6.0)
14:11:12.065 [FXGL Background Thread 3 ] DEBUG Engine               - devBBoxColorProperty: ObjectProperty [value: 0xff0000ff]
14:11:12.065 [FXGL Background Thread 3 ] DEBUG Engine               - devEnableDebugCameraProperty: BooleanProperty [value: false]
14:11:12.065 [FXGL Background Thread 3 ] DEBUG Engine               - devSensorColorProperty: ObjectProperty [value: 0xffff00ff]
14:11:12.065 [FXGL Background Thread 3 ] DEBUG Engine               - devShowBBoxProperty: BooleanProperty [value: false]
14:11:12.065 [FXGL Background Thread 3 ] DEBUG Engine               - devShowPositionProperty: BooleanProperty [value: false]
14:11:12.065 [FXGL Background Thread 3 ] DEBUG Engine               - enabledMenuItems: []
14:11:12.065 [FXGL Background Thread 3 ] DEBUG Engine               - engineServices: [class com.almasb.fxgl.app.services.FXGLAssetLoaderService, class com.almasb.fxgl.app.FXGLApplication$GameApplicationService, class com.almasb.fxgl.app.services.FXGLDialogService, class com.almasb.fxgl.app.services.IOTaskExecutorService, class com.almasb.fxgl.io.FileSystemService, class com.almasb.fxgl.localization.LocalizationService, class com.almasb.fxgl.app.services.SystemBundleService, class com.almasb.fxgl.profile.SaveLoadService, class com.almasb.fxgl.ui.FXGLUIFactoryServiceProvider, class com.almasb.fxgl.ui.FXGLDialogFactoryServiceProvider, class com.almasb.fxgl.audio.AudioPlayer, class com.almasb.fxgl.notification.impl.NotificationServiceProvider, class com.almasb.fxgl.achievement.AchievementService, class com.almasb.fxgl.cutscene.CutsceneService, class com.almasb.fxgl.minigames.MiniGameService, class com.almasb.fxgl.net.NetService, class com.almasb.fxgl.app.services.UpdaterService, class com.almasb.fxgl.dev.DevService]
14:11:12.065 [FXGL Background Thread 3 ] DEBUG Engine               - fontGame: Abel-Regular.ttf
14:11:12.065 [FXGL Background Thread 3 ] DEBUG Engine               - fontMono: TerminalLandMono-Regular.otf
14:11:12.065 [FXGL Background Thread 3 ] DEBUG Engine               - fontSizeScaleUI: 1.0
14:11:12.065 [FXGL Background Thread 3 ] DEBUG Engine               - fontText: Courier-Prime.ttf
14:11:12.066 [FXGL Background Thread 3 ] DEBUG Engine               - fontUI: VarelaRound-Regular.ttf
14:11:12.066 [FXGL Background Thread 3 ] DEBUG Engine               - fullScreen: BooleanProperty [value: false]
14:11:12.066 [FXGL Background Thread 3 ] DEBUG Engine               - gameDifficulty: MEDIUM
14:11:12.066 [FXGL Background Thread 3 ] DEBUG Engine               - gameDifficultyProperty: ObjectProperty [value: MEDIUM]
14:11:12.066 [FXGL Background Thread 3 ] DEBUG Engine               - globalMusicVolume: 0.5
14:11:12.066 [FXGL Background Thread 3 ] DEBUG Engine               - globalMusicVolumeProperty: DoubleProperty [value: 0.4]
14:11:12.066 [FXGL Background Thread 3 ] DEBUG Engine               - globalSoundVolume: 0.5
14:11:12.066 [FXGL Background Thread 3 ] DEBUG Engine               - globalSoundVolumeProperty: DoubleProperty [value: 0.5]
14:11:12.066 [FXGL Background Thread 3 ] DEBUG Engine               - height: 600
14:11:12.067 [FXGL Background Thread 3 ] DEBUG Engine               - is3D: false
14:11:12.067 [FXGL Background Thread 3 ] DEBUG Engine               - isAndroid: false
14:11:12.067 [FXGL Background Thread 3 ] DEBUG Engine               - isBrowser: false
14:11:12.067 [FXGL Background Thread 3 ] DEBUG Engine               - isClickFeedbackEnabled: false
14:11:12.067 [FXGL Background Thread 3 ] DEBUG Engine               - isCloseConfirmation: false
14:11:12.067 [FXGL Background Thread 3 ] DEBUG Engine               - isDesktop: true
14:11:12.067 [FXGL Background Thread 3 ] DEBUG Engine               - isDeveloperMenuEnabled: false
14:11:12.067 [FXGL Background Thread 3 ] DEBUG Engine               - isEmbedded: false
14:11:12.067 [FXGL Background Thread 3 ] DEBUG Engine               - isEntityPreloadEnabled: true
14:11:12.067 [FXGL Background Thread 3 ] DEBUG Engine               - isExperimentalTiledLargeMap: false
14:11:12.067 [FXGL Background Thread 3 ] DEBUG Engine               - isFileSystemWriteAllowed: true
14:11:12.067 [FXGL Background Thread 3 ] DEBUG Engine               - isFullScreenAllowed: false
14:11:12.067 [FXGL Background Thread 3 ] DEBUG Engine               - isFullScreenFromStart: false
14:11:12.067 [FXGL Background Thread 3 ] DEBUG Engine               - isGameMenuEnabled: true
14:11:12.067 [FXGL Background Thread 3 ] DEBUG Engine               - isIOS: false
14:11:12.067 [FXGL Background Thread 3 ] DEBUG Engine               - isIntroEnabled: false
14:11:12.067 [FXGL Background Thread 3 ] DEBUG Engine               - isLinux: false
14:11:12.067 [FXGL Background Thread 3 ] DEBUG Engine               - isMac: false
14:11:12.067 [FXGL Background Thread 3 ] DEBUG Engine               - isMainMenuEnabled: false
14:11:12.067 [FXGL Background Thread 3 ] DEBUG Engine               - isManualResizeEnabled: false
14:11:12.068 [FXGL Background Thread 3 ] DEBUG Engine               - isMobile: false
14:11:12.068 [FXGL Background Thread 3 ] DEBUG Engine               - isNative: false
14:11:12.068 [FXGL Background Thread 3 ] DEBUG Engine               - isPauseMusicWhenMinimized: true
14:11:12.068 [FXGL Background Thread 3 ] DEBUG Engine               - isPreserveResizeRatio: false
14:11:12.068 [FXGL Background Thread 3 ] DEBUG Engine               - isProfilingEnabled: false
14:11:12.068 [FXGL Background Thread 3 ] DEBUG Engine               - isScaleAffectedOnResize: true
14:11:12.068 [FXGL Background Thread 3 ] DEBUG Engine               - isSingleStep: false
14:11:12.068 [FXGL Background Thread 3 ] DEBUG Engine               - isUserProfileEnabled: false
14:11:12.068 [FXGL Background Thread 3 ] DEBUG Engine               - isWindows: true
14:11:12.068 [FXGL Background Thread 3 ] DEBUG Engine               - language: ObjectProperty [value: ENGLISH]
14:11:12.068 [FXGL Background Thread 3 ] DEBUG Engine               - menuKey: ESCAPE
14:11:12.068 [FXGL Background Thread 3 ] DEBUG Engine               - mouseSensitivity: 0.2
14:11:12.068 [FXGL Background Thread 3 ] DEBUG Engine               - notificationViewClass: class com.almasb.fxgl.notification.view.XboxNotificationView
14:11:12.068 [FXGL Background Thread 3 ] DEBUG Engine               - pixelsPerMeter: 50.0
14:11:12.068 [FXGL Background Thread 3 ] DEBUG Engine               - platform: WINDOWS
14:11:12.068 [FXGL Background Thread 3 ] DEBUG Engine               - prefHeightProperty: ReadOnlyDoubleProperty [value: 600.0]
14:11:12.068 [FXGL Background Thread 3 ] DEBUG Engine               - prefWidthProperty: ReadOnlyDoubleProperty [value: 800.0]
14:11:12.068 [FXGL Background Thread 3 ] DEBUG Engine               - profileDir: profiles/
14:11:12.068 [FXGL Background Thread 3 ] DEBUG Engine               - profileName: StringProperty [value: DEFAULT]
14:11:12.068 [FXGL Background Thread 3 ] DEBUG Engine               - randomSeed: -1
14:11:12.068 [FXGL Background Thread 3 ] DEBUG Engine               - runtimeInfo: RuntimeInfo(platform=WINDOWS, version=21.1, build=26.03.2024 17.33)
14:11:12.068 [FXGL Background Thread 3 ] DEBUG Engine               - saveFileExt: sav
14:11:12.068 [FXGL Background Thread 3 ] DEBUG Engine               - scaledHeightProp$fxgl: DoubleProperty [bound, value: 600.0]
14:11:12.068 [FXGL Background Thread 3 ] DEBUG Engine               - scaledWidthProp$fxgl: DoubleProperty [bound, value: 800.0]
14:11:12.068 [FXGL Background Thread 3 ] DEBUG Engine               - sceneFactory: com.almasb.fxgl.app.scene.SceneFactory@49b549e0
14:11:12.069 [FXGL Background Thread 3 ] DEBUG Engine               - secondsIn24h: 60
14:11:12.069 [FXGL Background Thread 3 ] DEBUG Engine               - soundMenuBack: menu/back.wav
14:11:12.069 [FXGL Background Thread 3 ] DEBUG Engine               - soundMenuPress: menu/press.wav
14:11:12.069 [FXGL Background Thread 3 ] DEBUG Engine               - soundMenuSelect: menu/select.wav
14:11:12.069 [FXGL Background Thread 3 ] DEBUG Engine               - soundNotification: core/notification.wav
14:11:12.069 [FXGL Background Thread 3 ] DEBUG Engine               - stageStyle: DECORATED
14:11:12.069 [FXGL Background Thread 3 ] DEBUG Engine               - supportedLanguages: [ENGLISH, FRENCH, GERMAN, HUNGARIAN, RUSSIAN]
14:11:12.069 [FXGL Background Thread 3 ] DEBUG Engine               - ticksPerSecond: -1
14:11:12.071 [FXGL Background Thread 3 ] DEBUG Engine               - title: Among Us UNEG
14:11:12.071 [FXGL Background Thread 3 ] DEBUG Engine               - urlGithub: https://github.com/AlmasB/FXGL
14:11:12.071 [FXGL Background Thread 3 ] DEBUG Engine               - urlLeaderboard: http://fxgl-top.herokuapp.com/
14:11:12.071 [FXGL Background Thread 3 ] DEBUG Engine               - urlPOM: https://raw.githubusercontent.com/AlmasB/FXGL/release/README.md
14:11:12.071 [FXGL Background Thread 3 ] DEBUG Engine               - userAppClass: class main.java.amongUs.AppPrincipal
14:11:12.071 [FXGL Background Thread 3 ] DEBUG Engine               - version: 0.0
14:11:12.071 [FXGL Background Thread 3 ] DEBUG Engine               - versionCheckDays: 7
14:11:12.071 [FXGL Background Thread 3 ] DEBUG Engine               - width: 800
14:11:12.071 [FXGL Background Thread 3 ] DEBUG Engine               - Logging services
14:11:12.071 [FXGL Background Thread 3 ] DEBUG Engine               - class com.almasb.fxgl.app.services.FXGLAssetLoaderService
14:11:12.071 [FXGL Background Thread 3 ] DEBUG Engine               - class com.almasb.fxgl.app.FXGLApplication$GameApplicationService
14:11:12.071 [FXGL Background Thread 3 ] DEBUG Engine               - class com.almasb.fxgl.app.services.FXGLDialogService
14:11:12.071 [FXGL Background Thread 3 ] DEBUG Engine               - class com.almasb.fxgl.app.services.IOTaskExecutorService
14:11:12.071 [FXGL Background Thread 3 ] DEBUG Engine               - class com.almasb.fxgl.io.FileSystemService
14:11:12.072 [FXGL Background Thread 3 ] DEBUG Engine               - class com.almasb.fxgl.localization.LocalizationService
14:11:12.072 [FXGL Background Thread 3 ] DEBUG Engine               - class com.almasb.fxgl.app.services.SystemBundleService
14:11:12.072 [FXGL Background Thread 3 ] DEBUG Engine               - class com.almasb.fxgl.profile.SaveLoadService
14:11:12.072 [FXGL Background Thread 3 ] DEBUG Engine               - class com.almasb.fxgl.ui.FXGLUIFactoryServiceProvider
14:11:12.072 [FXGL Background Thread 3 ] DEBUG Engine               - class com.almasb.fxgl.ui.FXGLDialogFactoryServiceProvider
14:11:12.072 [FXGL Background Thread 3 ] DEBUG Engine               - class com.almasb.fxgl.audio.AudioPlayer
14:11:12.072 [FXGL Background Thread 3 ] DEBUG Engine               - class com.almasb.fxgl.notification.impl.NotificationServiceProvider
14:11:12.072 [FXGL Background Thread 3 ] DEBUG Engine               - class com.almasb.fxgl.achievement.AchievementService
14:11:12.072 [FXGL Background Thread 3 ] DEBUG Engine               - class com.almasb.fxgl.cutscene.CutsceneService
14:11:12.072 [FXGL Background Thread 3 ] DEBUG Engine               - class com.almasb.fxgl.minigames.MiniGameService
14:11:12.072 [FXGL Background Thread 3 ] DEBUG Engine               - class com.almasb.fxgl.net.NetService
14:11:12.072 [FXGL Background Thread 3 ] DEBUG Engine               - class com.almasb.fxgl.app.services.UpdaterService
14:11:12.072 [FXGL Background Thread 3 ] DEBUG Engine               - class com.almasb.fxgl.dev.DevService
14:11:12.307 [JavaFX Application Thread] DEBUG FXGLAssetLoaderServi - Loading from file system: file:/C:/Users/nicol/Desktop/amongu/out/production/Among%20Us/assets/sounds/clickBoton.wav
14:11:15.196 [JavaFX Application Thread] DEBUG FXGLAssetLoaderServi - Loading from file system: file:/C:/Users/nicol/Desktop/amongu/out/production/Among%20Us/assets/textures/tripulante_blanco.png
14:11:16.010 [JavaFX Application Thread] WARN  TMXLevelLoader       - TiledMap generated from 1.11.2. Supported version: 1.9.0. Some features may not be parsed fully.
14:11:16.023 [JavaFX Application Thread] DEBUG TMXLevelLoader       - Parsed TiledMap: file:/C:/Users/nicol/Desktop/amongu/out/production/Among%20Us/assets/levels/mapa1.tmx
14:11:16.024 [JavaFX Application Thread] DEBUG TMXLevelLoader       - Creating tile layer entities
14:11:16.025 [JavaFX Application Thread] DEBUG TilesetLoader        - Loading view for layer fondo
14:11:16.026 [JavaFX Application Thread] DEBUG TilesetLoader        - Created buffer with size 992.0x928.0
14:11:16.096 [JavaFX Application Thread] DEBUG TilesetLoader        - Loading view for layer pasillo
14:11:16.096 [JavaFX Application Thread] DEBUG TilesetLoader        - Created buffer with size 992.0x928.0
14:11:16.099 [JavaFX Application Thread] WARN  TilesetLoader        - Diagonally flipped tiles are not currently supported
14:11:16.103 [JavaFX Application Thread] WARN  TilesetLoader        - Diagonally flipped tiles are not currently supported
14:11:16.103 [JavaFX Application Thread] WARN  TilesetLoader        - Diagonally flipped tiles are not currently supported
14:11:16.104 [JavaFX Application Thread] WARN  TilesetLoader        - Diagonally flipped tiles are not currently supported
14:11:16.104 [JavaFX Application Thread] WARN  TilesetLoader        - Diagonally flipped tiles are not currently supported
14:11:16.107 [JavaFX Application Thread] WARN  TilesetLoader        - Diagonally flipped tiles are not currently supported
14:11:16.108 [JavaFX Application Thread] WARN  TilesetLoader        - Diagonally flipped tiles are not currently supported
14:11:16.111 [JavaFX Application Thread] WARN  TilesetLoader        - Diagonally flipped tiles are not currently supported
14:11:16.111 [JavaFX Application Thread] WARN  TilesetLoader        - Diagonally flipped tiles are not currently supported
14:11:16.113 [JavaFX Application Thread] WARN  TilesetLoader        - Diagonally flipped tiles are not currently supported
14:11:16.113 [JavaFX Application Thread] WARN  TilesetLoader        - Diagonally flipped tiles are not currently supported
14:11:16.116 [JavaFX Application Thread] WARN  TilesetLoader        - Diagonally flipped tiles are not currently supported
14:11:16.117 [JavaFX Application Thread] WARN  TilesetLoader        - Diagonally flipped tiles are not currently supported
14:11:16.117 [JavaFX Application Thread] WARN  TilesetLoader        - Diagonally flipped tiles are not currently supported
14:11:16.117 [JavaFX Application Thread] WARN  TilesetLoader        - Diagonally flipped tiles are not currently supported
14:11:16.118 [JavaFX Application Thread] WARN  TilesetLoader        - Diagonally flipped tiles are not currently supported
14:11:16.118 [JavaFX Application Thread] WARN  TilesetLoader        - Diagonally flipped tiles are not currently supported
14:11:16.118 [JavaFX Application Thread] WARN  TilesetLoader        - Diagonally flipped tiles are not currently supported
14:11:16.118 [JavaFX Application Thread] WARN  TilesetLoader        - Diagonally flipped tiles are not currently supported
14:11:16.118 [JavaFX Application Thread] WARN  TilesetLoader        - Diagonally flipped tiles are not currently supported
14:11:16.121 [JavaFX Application Thread] DEBUG TilesetLoader        - Loading view for layer piso
14:11:16.122 [JavaFX Application Thread] DEBUG TilesetLoader        - Created buffer with size 992.0x928.0
14:11:16.125 [JavaFX Application Thread] DEBUG TilesetLoader        - Loading view for layer detallesdetraspared
14:11:16.126 [JavaFX Application Thread] DEBUG TilesetLoader        - Created buffer with size 992.0x928.0
14:11:16.141 [JavaFX Application Thread] DEBUG TilesetLoader        - Loading view for layer pared1
14:11:16.142 [JavaFX Application Thread] DEBUG TilesetLoader        - Created buffer with size 992.0x928.0
14:11:16.145 [JavaFX Application Thread] DEBUG TilesetLoader        - Loading view for layer pared2
14:11:16.146 [JavaFX Application Thread] DEBUG TilesetLoader        - Created buffer with size 992.0x928.0
14:11:16.148 [JavaFX Application Thread] DEBUG TilesetLoader        - Loading view for layer pared3
14:11:16.149 [JavaFX Application Thread] DEBUG TilesetLoader        - Created buffer with size 992.0x928.0
14:11:16.153 [JavaFX Application Thread] DEBUG TilesetLoader        - Loading view for layer detalles
14:11:16.153 [JavaFX Application Thread] DEBUG TilesetLoader        - Created buffer with size 992.0x928.0
14:11:16.179 [JavaFX Application Thread] DEBUG TilesetLoader        - Loading view for layer detalles2
14:11:16.180 [JavaFX Application Thread] DEBUG TilesetLoader        - Created buffer with size 992.0x928.0
14:11:16.187 [JavaFX Application Thread] DEBUG TilesetLoader        - Loading view for layer camaras
14:11:16.188 [JavaFX Application Thread] DEBUG TilesetLoader        - Created buffer with size 992.0x928.0
14:11:16.189 [JavaFX Application Thread] DEBUG TilesetLoader        - Loading view for layer grieta
14:11:16.190 [JavaFX Application Thread] DEBUG TilesetLoader        - Created buffer with size 992.0x928.0
14:11:16.192 [JavaFX Application Thread] DEBUG TMXLevelLoader       - Creating object layer entities
14:11:16.212 [JavaFX Application Thread] DEBUG GameWorld            - Clearing removable entities
14:11:16.213 [JavaFX Application Thread] DEBUG GameWorld            - Setting level: com.almasb.fxgl.entity.level.Level@649f5a62
14:11:16.222 [JavaFX Application Thread] DEBUG FXGLAssetLoaderServi - Loading from file system: file:/C:/Users/nicol/Desktop/amongu/out/production/Among%20Us/assets/textures/MonitorDeCamaras.png
14:11:16.232 [JavaFX Application Thread] DEBUG FXGLAssetLoaderServi - Loading from file system: file:/C:/Users/nicol/Desktop/amongu/out/production/Among%20Us/assets/textures/flechaAmarillaIzq.png
14:11:16.233 [JavaFX Application Thread] DEBUG FXGLAssetLoaderServi - Loading from file system: file:/C:/Users/nicol/Desktop/amongu/out/production/Among%20Us/assets/textures/flechaAmarillaDer.png
14:11:16.238 [JavaFX Application Thread] DEBUG FXGLAssetLoaderServi - Loading from file system: file:/C:/Users/nicol/Desktop/amongu/out/production/Among%20Us/assets/textures/animacion_fantasma.png
14:11:16.239 [JavaFX Application Thread] DEBUG FXGLAssetLoaderServi - Loading from file system: file:/C:/Users/nicol/Desktop/amongu/out/production/Among%20Us/assets/textures/blanco_muerto.png
14:11:16.240 [JavaFX Application Thread] DEBUG FXGLAssetLoaderServi - Loading from file system: file:/C:/Users/nicol/Desktop/amongu/out/production/Among%20Us/assets/textures/animacion_blanco.png
14:11:16.240 [JavaFX Application Thread] DEBUG FXGLAssetLoaderServi - Loading from file system: file:/C:/Users/nicol/Desktop/amongu/out/production/Among%20Us/assets/textures/alcantarilla_blanco.png
14:11:16.240 [JavaFX Application Thread] DEBUG FXGLAssetLoaderServi - Loading from file system: file:/C:/Users/nicol/Desktop/amongu/out/production/Among%20Us/assets/textures/alcantarilla_blancoE.png
14:11:16.247 [JavaFX Application Thread] DEBUG FXGLAssetLoaderServi - Loading from file system: file:/C:/Users/nicol/Desktop/amongu/out/production/Among%20Us/assets/textures/accionNegada.png
14:11:16.250 [JavaFX Application Thread] DEBUG FXGLAssetLoaderServi - Loading from file system: file:/C:/Users/nicol/Desktop/amongu/out/production/Among%20Us/assets/textures/reportarNegado.png
14:11:16.254 [JavaFX Application Thread] DEBUG FXGLAssetLoaderServi - Loading from file system: file:/C:/Users/nicol/Desktop/amongu/out/production/Among%20Us/assets/textures/matarNegado.png
14:11:16.259 [JavaFX Application Thread] DEBUG FXGLAssetLoaderServi - Loading from file system: file:/C:/Users/nicol/Desktop/amongu/out/production/Among%20Us/assets/textures/sabotaje.png
14:11:16.267 [JavaFX Application Thread] DEBUG FXGLAssetLoaderServi - Loading from file system: file:/C:/Users/nicol/Desktop/amongu/out/production/Among%20Us/assets/textures/animacion_codigo.png
14:11:16.278 [JavaFX Application Thread] DEBUG FXGLAssetLoaderServi - Loading from file system: file:/C:/Users/nicol/Desktop/amongu/out/production/Among%20Us/assets/textures/animacion_datos.png
14:11:16.308 [JavaFX Application Thread] DEBUG FXGLAssetLoaderServi - Loading from file system: file:/C:/Users/nicol/Desktop/amongu/out/production/Among%20Us/assets/textures/animacion_temperatura.png
14:11:16.335 [JavaFX Application Thread] DEBUG FXGLAssetLoaderServi - Loading from file system: file:/C:/Users/nicol/Desktop/amongu/out/production/Among%20Us/assets/textures/animacion_basura.png
14:11:16.355 [JavaFX Application Thread] WARN  FXGLAssetLoaderServi - Asset "/assets/textures/animacion_reactor.png" was not found!
14:11:16.355 [JavaFX Application Thread] WARN  FXGLAssetLoaderServi - Failed to load IMAGE
14:11:16.360 [JavaFX Application Thread] DEBUG FXGLAssetLoaderServi - Loading from file system: file:/C:/Users/nicol/Desktop/amongu/out/production/Among%20Us/assets/textures/barra_0.png
14:11:16.363 [JavaFX Application Thread] DEBUG FXGLAssetLoaderServi - Loading from file system: file:/C:/Users/nicol/Desktop/amongu/out/production/Among%20Us/assets/textures/pantalla_impostor.png
14:11:41.527 [JavaFX Application Thread] DEBUG FXGLApplication      - Exiting FXGL
14:11:41.527 [JavaFX Application Thread] DEBUG LoopRunner           - Stopping loop
14:11:41.527 [JavaFX Application Thread] DEBUG SystemBundleService  - Saving FXGL system data
14:11:41.529 [JavaFX Application Thread] DEBUG FileSystemAccess     - Writing to: C:\Users\nicol\Desktop\amongu\system\fxgl.bundle
14:11:41.530 [JavaFX Application Thread] DEBUG Async                - Shutting down background threads
14:11:41.530 [JavaFX Application Thread] DEBUG PrimaryStageWindow   - Closing main window
14:11:41.549 [JavaFX Application Thread] DEBUG Logger               - Closing Logger
