23:27:18.746 [main                     ] DEBUG Logger               - Configured Logger
23:27:18.766 [main                     ] DEBUG GameApplication      - Logging settings
Title: Among Us UNEG
Version: 0.0
Width: 800
Height: 600
Fullscreen: false
Intro: false
Profiling: false
Single step:false
App Mode: DEVELOPER
Menu Key: ESCAPE
Stage Style: DECORATED
Scene Factory: class com.almasb.fxgl.app.scene.SceneFactory

23:27:19.769 [JavaFX Application Thread] DEBUG FXGLApplication      - Initializing FXGL
23:27:19.775 [JavaFX Application Thread] INFO  Engine               - FXGL-21.1 (26.03.2024 17.33) on WINDOWS (J:25.0.2 FX:21.0.1)
23:27:19.775 [JavaFX Application Thread] DEBUG Engine               - JRE Vendor Name: Oracle Corporation
23:27:19.775 [JavaFX Application Thread] DEBUG Engine               - Running on OS: Windows 11 version 10.0
23:27:19.775 [JavaFX Application Thread] DEBUG Engine               - Architecture: amd64
23:27:19.775 [JavaFX Application Thread] INFO  Engine               - Source code and latest versions at: https://github.com/AlmasB/FXGL
23:27:19.776 [JavaFX Application Thread] INFO  Engine               -       Ask questions and discuss at: https://github.com/AlmasB/FXGL/discussions
23:27:19.776 [JavaFX Application Thread] INFO  Engine               -              Join the FXGL chat at: https://gitter.im/AlmasB/FXGL
23:27:20.069 [JavaFX Application Thread] DEBUG PrimaryStageWindow   - Creating a JavaFX scene
23:27:20.297 [JavaFX Application Thread] DEBUG PrimaryStageWindow   - Target settings size: 800.0 x 600.0
23:27:20.297 [JavaFX Application Thread] DEBUG PrimaryStageWindow   - Scaled scene size:    800.0 x 600.0
23:27:20.297 [JavaFX Application Thread] DEBUG PrimaryStageWindow   - Scaled ratio: (1.0, 1.0)
23:27:20.301 [JavaFX Application Thread] DEBUG PrimaryStageWindow   - Set initial scene to FXGLStartupScene
23:27:20.310 [JavaFX Application Thread] DEBUG PrimaryStageWindow   - Opening main window
23:27:20.571 [JavaFX Application Thread] DEBUG PrimaryStageWindow   - Window border size: (16.0, 39.0)
23:27:20.571 [JavaFX Application Thread] DEBUG PrimaryStageWindow   - Scaled size: 800.0 x 600.0
23:27:20.571 [JavaFX Application Thread] DEBUG PrimaryStageWindow   - Scaled ratio: (1.0, 1.0)
23:27:20.571 [JavaFX Application Thread] DEBUG PrimaryStageWindow   - Scene size: 800.0 x 600.0
23:27:20.572 [JavaFX Application Thread] DEBUG PrimaryStageWindow   - Stage size: 816.0 x 639.0
23:27:20.597 [FXGL Background Thread 1 ] DEBUG Engine               - Initializing environment variables
23:27:20.777 [FXGL Background Thread 1 ] DEBUG FXGLAssetLoaderServi - User app class for loading assets: class main.java.amongUs.AppPrincipal
23:27:20.778 [FXGL Background Thread 1 ] DEBUG GameApplicationServi - Applying CSS: fxgl_dark.css
23:27:20.779 [FXGL Background Thread 1 ] DEBUG FXGLAssetLoaderServi - Loading from file system: jar:file:/C:/Users/josue/OneDrive/Desktop/proyecto%20java/Among%20Us/lib/fxgl-21.1-uber.jar!/fxglassets/ui/css/fxgl_dark.css
23:27:20.960 [FXGL Background Thread 1 ] DEBUG GameApplicationServi - Initializing application scenes
23:27:21.164 [FXGL Background Thread 1 ] DEBUG GameWorld            - Game world initialized
23:27:21.249 [FXGL Background Thread 1 ] DEBUG PhysicsWorld         - Physics world initialized: appHeight=600, physics.ppm=50,0
23:27:21.250 [FXGL Background Thread 1 ] DEBUG PhysicsWorld         - Using strategy: BRUTE_FORCE
23:27:21.257 [FXGL Background Thread 1 ] DEBUG GameScene            - Game scene initialized: 800x600
23:27:21.280 [FXGL Background Thread 1 ] DEBUG FXGL.DefaultMenu     - createMenuBodyGameMenu()
23:27:21.311 [FXGL Background Thread 1 ] DEBUG FXGL.DefaultMenu     - createOptionsMenu()
23:27:21.346 [FXGL Background Thread 1 ] DEBUG FXGLAssetLoaderServi - Loading from file system: jar:file:/C:/Users/josue/OneDrive/Desktop/proyecto%20java/Among%20Us/lib/fxgl-21.1-uber.jar!/fxglassets/textures/particles/smoke.png
23:27:21.549 [FXGL Background Thread 1 ] DEBUG FXGLAssetLoaderServi - Loading from file system: jar:file:/C:/Users/josue/OneDrive/Desktop/proyecto%20java/Among%20Us/lib/fxgl-21.1-uber.jar!/fxglassets/textures/particles/trace_horizontal.png
23:27:21.627 [FXGL Background Thread 1 ] DEBUG GameApplicationServi - Application scenes initialized
23:27:21.656 [FXGL Background Thread 1 ] DEBUG SystemBundleService  - Loading FXGL system data
23:27:21.671 [FXGL Background Thread 1 ] DEBUG FileSystemAccess     - Reading from: C:\Users\josue\OneDrive\Desktop\proyecto java\Among Us\system\fxgl.bundle
23:27:21.688 [FXGL Background Thread 1 ] DEBUG SystemBundleService  - Bundle FXGL: {}
23:27:21.688 [FXGL Background Thread 1 ] DEBUG UpdaterService       - Checking for updates
23:27:21.697 [FXGL Background Thread 1 ] DEBUG FXGLApplication      - Loading default localization
23:27:21.698 [FXGL Background Thread 1 ] DEBUG FXGLAssetLoaderServi - Loading from file system: jar:file:/C:/Users/josue/OneDrive/Desktop/proyecto%20java/Among%20Us/lib/fxgl-21.1-uber.jar!/fxglassets/languages/english.lang
23:27:21.705 [FXGL Background Thread 4 ] DEBUG FXGLApplication      - Loading fonts
23:27:21.706 [FXGL Background Thread 4 ] DEBUG FXGLAssetLoaderServi - Loading from file system: jar:file:/C:/Users/josue/OneDrive/Desktop/proyecto%20java/Among%20Us/lib/fxgl-21.1-uber.jar!/fxglassets/ui/fonts/VarelaRound-Regular.ttf
23:27:21.751 [FXGL Background Thread 1 ] INFO  FXGLApplication      - FXGL initialization took: 1,155 sec
23:27:21.766 [JavaFX Application Thread] DEBUG Input                - Registered new binding: Mover Arriba - W
23:27:21.766 [JavaFX Application Thread] DEBUG Input                - Registered new binding: Mover Abajo - S
23:27:21.767 [JavaFX Application Thread] DEBUG Input                - Registered new binding: Mover Izquierda - A
23:27:21.767 [JavaFX Application Thread] DEBUG Input                - Registered new binding: Mover Derecha - D
23:27:21.767 [JavaFX Application Thread] DEBUG Input                - Registered new binding: Abrir Camaras - C
23:27:21.767 [JavaFX Application Thread] DEBUG Input                - Registered new binding: Usar Alcantarilla - Space
23:27:21.767 [JavaFX Application Thread] DEBUG Input                - Registered new binding: Vent Izquierda - Left
23:27:21.767 [JavaFX Application Thread] DEBUG Input                - Registered new binding: Vent Derecha - Right
23:27:21.767 [JavaFX Application Thread] DEBUG Input                - Registered new binding: Vent Arriba - Up
23:27:21.768 [JavaFX Application Thread] DEBUG Input                - Registered new binding: Vent Abajo - Down
23:27:21.768 [JavaFX Application Thread] DEBUG Input                - Registered new binding: Matar Jugador - Q
23:27:21.768 [JavaFX Application Thread] DEBUG Input                - Registered new binding: Reportar Cadaver - R
23:27:21.768 [JavaFX Application Thread] DEBUG Input                - Registered new binding: Abrir/Cerrar Mapa - M
23:27:21.769 [JavaFX Application Thread] DEBUG FXGLAssetLoaderServi - Loading from file system: file:/C:/Users/josue/OneDrive/Desktop/proyecto%20java/Among%20Us/out/production/Among%20Us/assets/textures/icono.png
23:27:21.820 [JavaFX Application Thread] DEBUG FXGLAssetLoaderServi - Loading from file system: jar:file:/C:/Users/josue/OneDrive/Desktop/proyecto%20java/Among%20Us/lib/fxgl-21.1-uber.jar!/fxglassets/textures/fxgl_default_cursor.png
23:27:21.826 [JavaFX Application Thread] DEBUG Input                - Registered new binding: Screenshot - CTRL+8
23:27:21.827 [JavaFX Application Thread] DEBUG Input                - Registered new binding: System info dump - CTRL+9
23:27:21.827 [JavaFX Application Thread] DEBUG Input                - Registered new binding: Restart - CTRL+R
23:27:21.829 [JavaFX Application Thread] DEBUG Input                - Registered new binding: Toggle Debug Camera - CTRL+7
23:27:21.838 [JavaFX Application Thread] DEBUG LoopRunner           - Starting loop
23:27:21.838 [JavaFX Application Thread] DEBUG LoopRunner           - Initializing JavaFX AnimationTimerLoop
23:27:21.841 [JavaFX Application Thread] DEBUG GameApplicationServi - Starting new game
23:27:21.841 [JavaFX Application Thread] DEBUG Input                - Clearing active input actions
23:27:21.887 [JavaFX Application Thread] DEBUG GameApplicationServi - Removing overlay from FXGLStartupScene and adding to FXGLLoadingScene
23:27:21.888 [JavaFX Application Thread] DEBUG PrimaryStageWindow   - FXGLStartupScene -> FXGLLoadingScene
23:27:21.888 [JavaFX Application Thread] DEBUG GameApplicationServi - Clearing previous game
23:27:21.888 [JavaFX Application Thread] DEBUG GameScene            - Clearing game scene
23:27:21.888 [JavaFX Application Thread] DEBUG GameWorld            - Clearing game world
23:27:21.888 [JavaFX Application Thread] DEBUG PhysicsWorld         - Clearing physics world
23:27:21.937 [FXGL Background Thread 1 ] DEBUG FXGLApplication      - Initializing game
23:27:21.948 [FXGL Background Thread 1 ] DEBUG FXGLAssetLoaderServi - Loading from file system: file:/C:/Users/josue/OneDrive/Desktop/proyecto%20java/Among%20Us/out/production/Among%20Us/assets/music/musicaMenu.mp3
23:27:22.686 [FXGL Background Thread 4 ] DEBUG FXGLAssetLoaderServi - Loading from file system: jar:file:/C:/Users/josue/OneDrive/Desktop/proyecto%20java/Among%20Us/lib/fxgl-21.1-uber.jar!/fxglassets/ui/fonts/Abel-Regular.ttf
23:27:22.716 [FXGL Background Thread 4 ] DEBUG FXGLAssetLoaderServi - Loading from file system: jar:file:/C:/Users/josue/OneDrive/Desktop/proyecto%20java/Among%20Us/lib/fxgl-21.1-uber.jar!/fxglassets/ui/fonts/TerminalLandMono-Regular.otf
23:27:22.721 [FXGL Background Thread 4 ] DEBUG FXGLAssetLoaderServi - Loading from file system: jar:file:/C:/Users/josue/OneDrive/Desktop/proyecto%20java/Among%20Us/lib/fxgl-21.1-uber.jar!/fxglassets/ui/fonts/Courier-Prime.ttf
23:27:22.745 [JavaFX Application Thread] DEBUG FXGLApplication      - Registering font factories with UI factory
23:27:22.902 [FXGL Background Thread 1 ] DEBUG AudioPlayer          - Playing music com.almasb.fxgl.audio.Music@1ecff5cb
23:27:24.628 [FXGL Background Thread 1 ] INFO  FXGLApplication      - Game initialization took: 2,690 sec
23:27:24.628 [JavaFX Application Thread] DEBUG Input                - Clearing active input actions
23:27:24.644 [JavaFX Application Thread] DEBUG GameApplicationServi - Removing overlay from FXGLLoadingScene and adding to GameScene
23:27:24.644 [JavaFX Application Thread] DEBUG PrimaryStageWindow   - FXGLLoadingScene -> GameScene
23:27:24.702 [FXGL Background Thread 3 ] DEBUG Engine               - Logging environment variables
23:27:24.716 [FXGL Background Thread 3 ] DEBUG Engine               - achievements: []
23:27:24.719 [FXGL Background Thread 3 ] DEBUG Engine               - actualHeight: 600.0
23:27:24.719 [FXGL Background Thread 3 ] DEBUG Engine               - actualHeightProperty: ReadOnlyDoubleProperty [value: 600.0]
23:27:24.719 [FXGL Background Thread 3 ] DEBUG Engine               - actualWidth: 800.0
23:27:24.719 [FXGL Background Thread 3 ] DEBUG Engine               - actualWidthProperty: ReadOnlyDoubleProperty [value: 800.0]
23:27:24.719 [FXGL Background Thread 3 ] DEBUG Engine               - appIcon: icono.png
23:27:24.720 [FXGL Background Thread 3 ] DEBUG Engine               - applicationMode: DEVELOPER
23:27:24.720 [FXGL Background Thread 3 ] DEBUG Engine               - cSSList: [fxgl_dark.css]
23:27:24.720 [FXGL Background Thread 3 ] DEBUG Engine               - collisionDetectionStrategy: BRUTE_FORCE
23:27:24.720 [FXGL Background Thread 3 ] DEBUG Engine               - configClass: Optional.empty
23:27:24.720 [FXGL Background Thread 3 ] DEBUG Engine               - credits: []
23:27:24.720 [FXGL Background Thread 3 ] DEBUG Engine               - defaultCursor: CursorInfo(imageName=fxgl_default_cursor.png, hotspotX=7.0, hotspotY=6.0)
23:27:24.721 [FXGL Background Thread 3 ] DEBUG Engine               - devBBoxColorProperty: ObjectProperty [value: 0xff0000ff]
23:27:24.721 [FXGL Background Thread 3 ] DEBUG Engine               - devEnableDebugCameraProperty: BooleanProperty [value: false]
23:27:24.721 [FXGL Background Thread 3 ] DEBUG Engine               - devSensorColorProperty: ObjectProperty [value: 0xffff00ff]
23:27:24.721 [FXGL Background Thread 3 ] DEBUG Engine               - devShowBBoxProperty: BooleanProperty [value: false]
23:27:24.721 [FXGL Background Thread 3 ] DEBUG Engine               - devShowPositionProperty: BooleanProperty [value: false]
23:27:24.722 [FXGL Background Thread 3 ] DEBUG Engine               - enabledMenuItems: []
23:27:24.722 [FXGL Background Thread 3 ] DEBUG Engine               - engineServices: [class com.almasb.fxgl.app.services.FXGLAssetLoaderService, class com.almasb.fxgl.app.FXGLApplication$GameApplicationService, class com.almasb.fxgl.app.services.FXGLDialogService, class com.almasb.fxgl.app.services.IOTaskExecutorService, class com.almasb.fxgl.io.FileSystemService, class com.almasb.fxgl.localization.LocalizationService, class com.almasb.fxgl.app.services.SystemBundleService, class com.almasb.fxgl.profile.SaveLoadService, class com.almasb.fxgl.ui.FXGLUIFactoryServiceProvider, class com.almasb.fxgl.ui.FXGLDialogFactoryServiceProvider, class com.almasb.fxgl.audio.AudioPlayer, class com.almasb.fxgl.notification.impl.NotificationServiceProvider, class com.almasb.fxgl.achievement.AchievementService, class com.almasb.fxgl.cutscene.CutsceneService, class com.almasb.fxgl.minigames.MiniGameService, class com.almasb.fxgl.net.NetService, class com.almasb.fxgl.app.services.UpdaterService, class com.almasb.fxgl.dev.DevService]
23:27:24.722 [FXGL Background Thread 3 ] DEBUG Engine               - fontGame: Abel-Regular.ttf
23:27:24.724 [FXGL Background Thread 3 ] DEBUG Engine               - fontMono: TerminalLandMono-Regular.otf
23:27:24.724 [FXGL Background Thread 3 ] DEBUG Engine               - fontSizeScaleUI: 1.0
23:27:24.724 [FXGL Background Thread 3 ] DEBUG Engine               - fontText: Courier-Prime.ttf
23:27:24.724 [FXGL Background Thread 3 ] DEBUG Engine               - fontUI: VarelaRound-Regular.ttf
23:27:24.724 [FXGL Background Thread 3 ] DEBUG Engine               - fullScreen: BooleanProperty [value: false]
23:27:24.724 [FXGL Background Thread 3 ] DEBUG Engine               - gameDifficulty: MEDIUM
23:27:24.725 [FXGL Background Thread 3 ] DEBUG Engine               - gameDifficultyProperty: ObjectProperty [value: MEDIUM]
23:27:24.725 [FXGL Background Thread 3 ] DEBUG Engine               - globalMusicVolume: 0.5
23:27:24.725 [FXGL Background Thread 3 ] DEBUG Engine               - globalMusicVolumeProperty: DoubleProperty [value: 0.4]
23:27:24.725 [FXGL Background Thread 3 ] DEBUG Engine               - globalSoundVolume: 0.5
23:27:24.725 [FXGL Background Thread 3 ] DEBUG Engine               - globalSoundVolumeProperty: DoubleProperty [value: 0.5]
23:27:24.726 [FXGL Background Thread 3 ] DEBUG Engine               - height: 600
23:27:24.726 [FXGL Background Thread 3 ] DEBUG Engine               - is3D: false
23:27:24.727 [FXGL Background Thread 3 ] DEBUG Engine               - isAndroid: false
23:27:24.727 [FXGL Background Thread 3 ] DEBUG Engine               - isBrowser: false
23:27:24.729 [FXGL Background Thread 3 ] DEBUG Engine               - isClickFeedbackEnabled: false
23:27:24.729 [FXGL Background Thread 3 ] DEBUG Engine               - isCloseConfirmation: false
23:27:24.729 [FXGL Background Thread 3 ] DEBUG Engine               - isDesktop: true
23:27:24.730 [FXGL Background Thread 3 ] DEBUG Engine               - isDeveloperMenuEnabled: false
23:27:24.730 [FXGL Background Thread 3 ] DEBUG Engine               - isEmbedded: false
23:27:24.739 [FXGL Background Thread 3 ] DEBUG Engine               - isEntityPreloadEnabled: true
23:27:24.741 [FXGL Background Thread 3 ] DEBUG Engine               - isExperimentalTiledLargeMap: false
23:27:24.741 [FXGL Background Thread 3 ] DEBUG Engine               - isFileSystemWriteAllowed: true
23:27:24.741 [FXGL Background Thread 3 ] DEBUG Engine               - isFullScreenAllowed: false
23:27:24.741 [FXGL Background Thread 3 ] DEBUG Engine               - isFullScreenFromStart: false
23:27:24.741 [FXGL Background Thread 3 ] DEBUG Engine               - isGameMenuEnabled: true
23:27:24.742 [FXGL Background Thread 3 ] DEBUG Engine               - isIOS: false
23:27:24.744 [FXGL Background Thread 3 ] DEBUG Engine               - isIntroEnabled: false
23:27:24.744 [FXGL Background Thread 3 ] DEBUG Engine               - isLinux: false
23:27:24.744 [FXGL Background Thread 3 ] DEBUG Engine               - isMac: false
23:27:24.744 [FXGL Background Thread 3 ] DEBUG Engine               - isMainMenuEnabled: false
23:27:24.744 [FXGL Background Thread 3 ] DEBUG Engine               - isManualResizeEnabled: false
23:27:24.744 [FXGL Background Thread 3 ] DEBUG Engine               - isMobile: false
23:27:24.745 [FXGL Background Thread 3 ] DEBUG Engine               - isNative: false
23:27:24.745 [FXGL Background Thread 3 ] DEBUG Engine               - isPauseMusicWhenMinimized: true
23:27:24.745 [FXGL Background Thread 3 ] DEBUG Engine               - isPreserveResizeRatio: false
23:27:24.745 [FXGL Background Thread 3 ] DEBUG Engine               - isProfilingEnabled: false
23:27:24.745 [FXGL Background Thread 3 ] DEBUG Engine               - isScaleAffectedOnResize: true
23:27:24.745 [FXGL Background Thread 3 ] DEBUG Engine               - isSingleStep: false
23:27:24.745 [FXGL Background Thread 3 ] DEBUG Engine               - isUserProfileEnabled: false
23:27:24.745 [FXGL Background Thread 3 ] DEBUG Engine               - isWindows: true
23:27:24.745 [FXGL Background Thread 3 ] DEBUG Engine               - language: ObjectProperty [value: ENGLISH]
23:27:24.745 [FXGL Background Thread 3 ] DEBUG Engine               - menuKey: ESCAPE
23:27:24.745 [FXGL Background Thread 3 ] DEBUG Engine               - mouseSensitivity: 0.2
23:27:24.745 [FXGL Background Thread 3 ] DEBUG Engine               - notificationViewClass: class com.almasb.fxgl.notification.view.XboxNotificationView
23:27:24.745 [FXGL Background Thread 3 ] DEBUG Engine               - pixelsPerMeter: 50.0
23:27:24.745 [FXGL Background Thread 3 ] DEBUG Engine               - platform: WINDOWS
23:27:24.745 [FXGL Background Thread 3 ] DEBUG Engine               - prefHeightProperty: ReadOnlyDoubleProperty [value: 600.0]
23:27:24.745 [FXGL Background Thread 3 ] DEBUG Engine               - prefWidthProperty: ReadOnlyDoubleProperty [value: 800.0]
23:27:24.745 [FXGL Background Thread 3 ] DEBUG Engine               - profileDir: profiles/
23:27:24.745 [FXGL Background Thread 3 ] DEBUG Engine               - profileName: StringProperty [value: DEFAULT]
23:27:24.745 [FXGL Background Thread 3 ] DEBUG Engine               - randomSeed: -1
23:27:24.746 [FXGL Background Thread 3 ] DEBUG Engine               - runtimeInfo: RuntimeInfo(platform=WINDOWS, version=21.1, build=26.03.2024 17.33)
23:27:24.746 [FXGL Background Thread 3 ] DEBUG Engine               - saveFileExt: sav
23:27:24.746 [FXGL Background Thread 3 ] DEBUG Engine               - scaledHeightProp$fxgl: DoubleProperty [bound, value: 600.0]
23:27:24.747 [FXGL Background Thread 3 ] DEBUG Engine               - scaledWidthProp$fxgl: DoubleProperty [bound, value: 800.0]
23:27:24.747 [FXGL Background Thread 3 ] DEBUG Engine               - sceneFactory: com.almasb.fxgl.app.scene.SceneFactory@3fe2aad7
23:27:24.747 [FXGL Background Thread 3 ] DEBUG Engine               - secondsIn24h: 60
23:27:24.747 [FXGL Background Thread 3 ] DEBUG Engine               - soundMenuBack: menu/back.wav
23:27:24.747 [FXGL Background Thread 3 ] DEBUG Engine               - soundMenuPress: menu/press.wav
23:27:24.747 [FXGL Background Thread 3 ] DEBUG Engine               - soundMenuSelect: menu/select.wav
23:27:24.747 [FXGL Background Thread 3 ] DEBUG Engine               - soundNotification: core/notification.wav
23:27:24.747 [FXGL Background Thread 3 ] DEBUG Engine               - stageStyle: DECORATED
23:27:24.747 [FXGL Background Thread 3 ] DEBUG Engine               - supportedLanguages: [ENGLISH, FRENCH, GERMAN, HUNGARIAN, RUSSIAN]
23:27:24.747 [FXGL Background Thread 3 ] DEBUG Engine               - ticksPerSecond: -1
23:27:24.747 [FXGL Background Thread 3 ] DEBUG Engine               - title: Among Us UNEG
23:27:24.747 [FXGL Background Thread 3 ] DEBUG Engine               - urlGithub: https://github.com/AlmasB/FXGL
23:27:24.747 [FXGL Background Thread 3 ] DEBUG Engine               - urlLeaderboard: http://fxgl-top.herokuapp.com/
23:27:24.747 [FXGL Background Thread 3 ] DEBUG Engine               - urlPOM: https://raw.githubusercontent.com/AlmasB/FXGL/release/README.md
23:27:24.747 [FXGL Background Thread 3 ] DEBUG Engine               - userAppClass: class main.java.amongUs.AppPrincipal
23:27:24.747 [FXGL Background Thread 3 ] DEBUG Engine               - version: 0.0
23:27:24.747 [FXGL Background Thread 3 ] DEBUG Engine               - versionCheckDays: 7
23:27:24.747 [FXGL Background Thread 3 ] DEBUG Engine               - width: 800
23:27:24.748 [FXGL Background Thread 3 ] DEBUG Engine               - Logging services
23:27:24.748 [FXGL Background Thread 3 ] DEBUG Engine               - class com.almasb.fxgl.app.services.FXGLAssetLoaderService
23:27:24.748 [FXGL Background Thread 3 ] DEBUG Engine               - class com.almasb.fxgl.app.FXGLApplication$GameApplicationService
23:27:24.748 [FXGL Background Thread 3 ] DEBUG Engine               - class com.almasb.fxgl.app.services.FXGLDialogService
23:27:24.748 [FXGL Background Thread 3 ] DEBUG Engine               - class com.almasb.fxgl.app.services.IOTaskExecutorService
23:27:24.748 [FXGL Background Thread 3 ] DEBUG Engine               - class com.almasb.fxgl.io.FileSystemService
23:27:24.748 [FXGL Background Thread 3 ] DEBUG Engine               - class com.almasb.fxgl.localization.LocalizationService
23:27:24.748 [FXGL Background Thread 3 ] DEBUG Engine               - class com.almasb.fxgl.app.services.SystemBundleService
23:27:24.748 [FXGL Background Thread 3 ] DEBUG Engine               - class com.almasb.fxgl.profile.SaveLoadService
23:27:24.748 [FXGL Background Thread 3 ] DEBUG Engine               - class com.almasb.fxgl.ui.FXGLUIFactoryServiceProvider
23:27:24.748 [FXGL Background Thread 3 ] DEBUG Engine               - class com.almasb.fxgl.ui.FXGLDialogFactoryServiceProvider
23:27:24.748 [FXGL Background Thread 3 ] DEBUG Engine               - class com.almasb.fxgl.audio.AudioPlayer
23:27:24.748 [FXGL Background Thread 3 ] DEBUG Engine               - class com.almasb.fxgl.notification.impl.NotificationServiceProvider
23:27:24.748 [FXGL Background Thread 3 ] DEBUG Engine               - class com.almasb.fxgl.achievement.AchievementService
23:27:24.748 [FXGL Background Thread 3 ] DEBUG Engine               - class com.almasb.fxgl.cutscene.CutsceneService
23:27:24.748 [FXGL Background Thread 3 ] DEBUG Engine               - class com.almasb.fxgl.minigames.MiniGameService
23:27:24.750 [FXGL Background Thread 3 ] DEBUG Engine               - class com.almasb.fxgl.net.NetService
23:27:24.750 [FXGL Background Thread 3 ] DEBUG Engine               - class com.almasb.fxgl.app.services.UpdaterService
23:27:24.750 [FXGL Background Thread 3 ] DEBUG Engine               - class com.almasb.fxgl.dev.DevService
23:27:24.789 [FXGL Background Thread 2 ] INFO  UpdaterService       - Your current version:  21.1
23:27:24.790 [FXGL Background Thread 2 ] INFO  UpdaterService       - Latest stable version: 25
23:28:02.978 [JavaFX Application Thread] DEBUG FXGLAssetLoaderServi - Loading from file system: file:/C:/Users/josue/OneDrive/Desktop/proyecto%20java/Among%20Us/out/production/Among%20Us/assets/sounds/clickBoton.wav
23:28:13.445 [JavaFX Application Thread] DEBUG FXGLAssetLoaderServi - Loading from file system: file:/C:/Users/josue/OneDrive/Desktop/proyecto%20java/Among%20Us/out/production/Among%20Us/assets/textures/tripulante_blanco.png
23:28:16.099 [JavaFX Application Thread] DEBUG FXGLAssetLoaderServi - Loading from file system: file:/C:/Users/josue/OneDrive/Desktop/proyecto%20java/Among%20Us/out/production/Among%20Us/assets/textures/tripulante_azul.png
23:28:59.676 [JavaFX Application Thread] DEBUG FXGLAssetLoaderServi - Loading from file system: file:/C:/Users/josue/OneDrive/Desktop/proyecto%20java/Among%20Us/out/production/Among%20Us/assets/textures/tripulante_rojo.png
23:29:52.924 [JavaFX Application Thread] DEBUG FXGLAssetLoaderServi - Loading from file system: file:/C:/Users/josue/OneDrive/Desktop/proyecto%20java/Among%20Us/out/production/Among%20Us/assets/textures/tripulante_rosa.png
23:32:53.560 [JavaFX Application Thread] DEBUG AudioPlayer          - Pausing music com.almasb.fxgl.audio.Music@1ecff5cb
23:32:53.561 [JavaFX Application Thread] DEBUG LoopRunner           - Pausing loop
23:32:55.241 [JavaFX Application Thread] DEBUG LoopRunner           - Resuming loop
23:32:55.241 [JavaFX Application Thread] DEBUG AudioPlayer          - Resuming music com.almasb.fxgl.audio.Music@1ecff5cb
23:35:18.629 [JavaFX Application Thread] DEBUG AudioPlayer          - Pausing music com.almasb.fxgl.audio.Music@1ecff5cb
23:35:18.630 [JavaFX Application Thread] DEBUG LoopRunner           - Pausing loop
23:35:31.971 [JavaFX Application Thread] DEBUG LoopRunner           - Resuming loop
23:35:31.971 [JavaFX Application Thread] DEBUG AudioPlayer          - Resuming music com.almasb.fxgl.audio.Music@1ecff5cb
23:35:39.372 [JavaFX Application Thread] DEBUG AudioPlayer          - Pausing music com.almasb.fxgl.audio.Music@1ecff5cb
23:35:39.372 [JavaFX Application Thread] DEBUG LoopRunner           - Pausing loop
23:35:40.342 [JavaFX Application Thread] DEBUG LoopRunner           - Resuming loop
23:35:40.342 [JavaFX Application Thread] DEBUG AudioPlayer          - Resuming music com.almasb.fxgl.audio.Music@1ecff5cb
23:37:56.262 [JavaFX Application Thread] DEBUG AudioPlayer          - Pausing music com.almasb.fxgl.audio.Music@1ecff5cb
23:37:56.263 [JavaFX Application Thread] DEBUG LoopRunner           - Pausing loop
23:38:00.889 [JavaFX Application Thread] DEBUG LoopRunner           - Resuming loop
23:38:00.889 [JavaFX Application Thread] DEBUG AudioPlayer          - Resuming music com.almasb.fxgl.audio.Music@1ecff5cb
23:39:18.847 [JavaFX Application Thread] DEBUG FXGLAssetLoaderServi - Loading from file system: file:/C:/Users/josue/OneDrive/Desktop/proyecto%20java/Among%20Us/out/production/Among%20Us/assets/textures/tripulante_negro.png
23:39:43.521 [JavaFX Application Thread] DEBUG FXGLAssetLoaderServi - Loading from file system: file:/C:/Users/josue/OneDrive/Desktop/proyecto%20java/Among%20Us/out/production/Among%20Us/assets/textures/tripulante_morado.png
23:40:00.442 [JavaFX Application Thread] WARN  TMXLevelLoader       - TiledMap generated from 1.11.2. Supported version: 1.9.0. Some features may not be parsed fully.
23:40:00.504 [JavaFX Application Thread] DEBUG TMXLevelLoader       - Parsed TiledMap: file:/C:/Users/josue/OneDrive/Desktop/proyecto%20java/Among%20Us/out/production/Among%20Us/assets/levels/mapa1.tmx
23:40:00.506 [JavaFX Application Thread] DEBUG TMXLevelLoader       - Creating tile layer entities
23:40:00.509 [JavaFX Application Thread] DEBUG TilesetLoader        - Loading view for layer fondo
23:40:00.511 [JavaFX Application Thread] DEBUG TilesetLoader        - Created buffer with size 992.0x928.0
23:40:00.711 [JavaFX Application Thread] DEBUG TilesetLoader        - Loading view for layer pasillo
23:40:00.712 [JavaFX Application Thread] DEBUG TilesetLoader        - Created buffer with size 992.0x928.0
23:40:00.720 [JavaFX Application Thread] WARN  TilesetLoader        - Diagonally flipped tiles are not currently supported
23:40:00.729 [JavaFX Application Thread] WARN  TilesetLoader        - Diagonally flipped tiles are not currently supported
23:40:00.731 [JavaFX Application Thread] WARN  TilesetLoader        - Diagonally flipped tiles are not currently supported
23:40:00.732 [JavaFX Application Thread] WARN  TilesetLoader        - Diagonally flipped tiles are not currently supported
23:40:00.736 [JavaFX Application Thread] WARN  TilesetLoader        - Diagonally flipped tiles are not currently supported
23:40:00.740 [JavaFX Application Thread] WARN  TilesetLoader        - Diagonally flipped tiles are not currently supported
23:40:00.746 [JavaFX Application Thread] WARN  TilesetLoader        - Diagonally flipped tiles are not currently supported
23:40:00.801 [JavaFX Application Thread] WARN  TilesetLoader        - Diagonally flipped tiles are not currently supported
23:40:00.802 [JavaFX Application Thread] WARN  TilesetLoader        - Diagonally flipped tiles are not currently supported
23:40:00.809 [JavaFX Application Thread] WARN  TilesetLoader        - Diagonally flipped tiles are not currently supported
23:40:00.828 [JavaFX Application Thread] WARN  TilesetLoader        - Diagonally flipped tiles are not currently supported
23:40:00.898 [JavaFX Application Thread] WARN  TilesetLoader        - Diagonally flipped tiles are not currently supported
23:40:00.905 [JavaFX Application Thread] WARN  TilesetLoader        - Diagonally flipped tiles are not currently supported
23:40:00.920 [JavaFX Application Thread] WARN  TilesetLoader        - Diagonally flipped tiles are not currently supported
23:40:00.922 [JavaFX Application Thread] WARN  TilesetLoader        - Diagonally flipped tiles are not currently supported
23:40:00.923 [JavaFX Application Thread] WARN  TilesetLoader        - Diagonally flipped tiles are not currently supported
23:40:00.925 [JavaFX Application Thread] WARN  TilesetLoader        - Diagonally flipped tiles are not currently supported
23:40:00.925 [JavaFX Application Thread] WARN  TilesetLoader        - Diagonally flipped tiles are not currently supported
23:40:00.927 [JavaFX Application Thread] WARN  TilesetLoader        - Diagonally flipped tiles are not currently supported
23:40:00.928 [JavaFX Application Thread] WARN  TilesetLoader        - Diagonally flipped tiles are not currently supported
23:40:00.933 [JavaFX Application Thread] DEBUG TilesetLoader        - Loading view for layer piso
23:40:00.937 [JavaFX Application Thread] DEBUG TilesetLoader        - Created buffer with size 992.0x928.0
23:40:00.950 [JavaFX Application Thread] DEBUG TilesetLoader        - Loading view for layer detallesdetraspared
23:40:00.951 [JavaFX Application Thread] DEBUG TilesetLoader        - Created buffer with size 992.0x928.0
23:40:00.989 [JavaFX Application Thread] DEBUG TilesetLoader        - Loading view for layer pared1
23:40:00.990 [JavaFX Application Thread] DEBUG TilesetLoader        - Created buffer with size 992.0x928.0
23:40:01.000 [JavaFX Application Thread] DEBUG TilesetLoader        - Loading view for layer pared2
23:40:01.011 [JavaFX Application Thread] DEBUG TilesetLoader        - Created buffer with size 992.0x928.0
23:40:01.014 [JavaFX Application Thread] DEBUG TilesetLoader        - Loading view for layer pared3
23:40:01.014 [JavaFX Application Thread] DEBUG TilesetLoader        - Created buffer with size 992.0x928.0
23:40:01.020 [JavaFX Application Thread] DEBUG TilesetLoader        - Loading view for layer detalles
23:40:01.020 [JavaFX Application Thread] DEBUG TilesetLoader        - Created buffer with size 992.0x928.0
23:40:01.096 [JavaFX Application Thread] DEBUG TilesetLoader        - Loading view for layer detalles2
23:40:01.097 [JavaFX Application Thread] DEBUG TilesetLoader        - Created buffer with size 992.0x928.0
23:40:01.118 [JavaFX Application Thread] DEBUG TilesetLoader        - Loading view for layer camaras
23:40:01.119 [JavaFX Application Thread] DEBUG TilesetLoader        - Created buffer with size 992.0x928.0
23:40:01.122 [JavaFX Application Thread] DEBUG TilesetLoader        - Loading view for layer grieta
23:40:01.124 [JavaFX Application Thread] DEBUG TilesetLoader        - Created buffer with size 992.0x928.0
23:40:01.129 [JavaFX Application Thread] DEBUG TMXLevelLoader       - Creating object layer entities
23:40:01.214 [JavaFX Application Thread] DEBUG GameWorld            - Clearing removable entities
23:40:01.215 [JavaFX Application Thread] DEBUG GameWorld            - Setting level: com.almasb.fxgl.entity.level.Level@4a405f3c
23:40:01.249 [JavaFX Application Thread] DEBUG FXGLAssetLoaderServi - Loading from file system: file:/C:/Users/josue/OneDrive/Desktop/proyecto%20java/Among%20Us/out/production/Among%20Us/assets/textures/MonitorDeCamaras.png
23:40:01.290 [JavaFX Application Thread] DEBUG FXGLAssetLoaderServi - Loading from file system: file:/C:/Users/josue/OneDrive/Desktop/proyecto%20java/Among%20Us/out/production/Among%20Us/assets/textures/flechaAmarillaIzq.png
23:40:01.296 [JavaFX Application Thread] DEBUG FXGLAssetLoaderServi - Loading from file system: file:/C:/Users/josue/OneDrive/Desktop/proyecto%20java/Among%20Us/out/production/Among%20Us/assets/textures/flechaAmarillaDer.png
23:40:01.308 [JavaFX Application Thread] DEBUG FXGLAssetLoaderServi - Loading from file system: file:/C:/Users/josue/OneDrive/Desktop/proyecto%20java/Among%20Us/out/production/Among%20Us/assets/textures/animacion_fantasma.png
23:40:01.312 [JavaFX Application Thread] DEBUG FXGLAssetLoaderServi - Loading from file system: file:/C:/Users/josue/OneDrive/Desktop/proyecto%20java/Among%20Us/out/production/Among%20Us/assets/textures/azul_muerto.png
23:40:01.316 [JavaFX Application Thread] DEBUG FXGLAssetLoaderServi - Loading from file system: file:/C:/Users/josue/OneDrive/Desktop/proyecto%20java/Among%20Us/out/production/Among%20Us/assets/textures/animacion_azul.png
23:40:01.318 [JavaFX Application Thread] DEBUG FXGLAssetLoaderServi - Loading from file system: file:/C:/Users/josue/OneDrive/Desktop/proyecto%20java/Among%20Us/out/production/Among%20Us/assets/textures/alcantarilla_azul.png
23:40:01.321 [JavaFX Application Thread] DEBUG FXGLAssetLoaderServi - Loading from file system: file:/C:/Users/josue/OneDrive/Desktop/proyecto%20java/Among%20Us/out/production/Among%20Us/assets/textures/alcantarilla_azulE.png
23:40:01.341 [JavaFX Application Thread] DEBUG FXGLAssetLoaderServi - Loading from file system: file:/C:/Users/josue/OneDrive/Desktop/proyecto%20java/Among%20Us/out/production/Among%20Us/assets/textures/rojo_muerto.png
23:40:01.342 [JavaFX Application Thread] DEBUG FXGLAssetLoaderServi - Loading from file system: file:/C:/Users/josue/OneDrive/Desktop/proyecto%20java/Among%20Us/out/production/Among%20Us/assets/textures/animacion_rojo.png
23:40:01.350 [JavaFX Application Thread] DEBUG FXGLAssetLoaderServi - Loading from file system: file:/C:/Users/josue/OneDrive/Desktop/proyecto%20java/Among%20Us/out/production/Among%20Us/assets/textures/alcantarilla_rojo.png
23:40:01.352 [JavaFX Application Thread] DEBUG FXGLAssetLoaderServi - Loading from file system: file:/C:/Users/josue/OneDrive/Desktop/proyecto%20java/Among%20Us/out/production/Among%20Us/assets/textures/alcantarilla_rojoE.png
23:40:01.358 [JavaFX Application Thread] DEBUG FXGLAssetLoaderServi - Loading from file system: file:/C:/Users/josue/OneDrive/Desktop/proyecto%20java/Among%20Us/out/production/Among%20Us/assets/textures/rosa_muerto.png
23:40:01.360 [JavaFX Application Thread] DEBUG FXGLAssetLoaderServi - Loading from file system: file:/C:/Users/josue/OneDrive/Desktop/proyecto%20java/Among%20Us/out/production/Among%20Us/assets/textures/animacion_rosa.png
23:40:01.362 [JavaFX Application Thread] DEBUG FXGLAssetLoaderServi - Loading from file system: file:/C:/Users/josue/OneDrive/Desktop/proyecto%20java/Among%20Us/out/production/Among%20Us/assets/textures/alcantarilla_rosa.png
23:40:01.366 [JavaFX Application Thread] DEBUG FXGLAssetLoaderServi - Loading from file system: file:/C:/Users/josue/OneDrive/Desktop/proyecto%20java/Among%20Us/out/production/Among%20Us/assets/textures/alcantarilla_rosaE.png
23:40:01.371 [JavaFX Application Thread] DEBUG FXGLAssetLoaderServi - Loading from file system: file:/C:/Users/josue/OneDrive/Desktop/proyecto%20java/Among%20Us/out/production/Among%20Us/assets/textures/negro_muerto.png
23:40:01.375 [JavaFX Application Thread] DEBUG FXGLAssetLoaderServi - Loading from file system: file:/C:/Users/josue/OneDrive/Desktop/proyecto%20java/Among%20Us/out/production/Among%20Us/assets/textures/animacion_negro.png
23:40:01.377 [JavaFX Application Thread] DEBUG FXGLAssetLoaderServi - Loading from file system: file:/C:/Users/josue/OneDrive/Desktop/proyecto%20java/Among%20Us/out/production/Among%20Us/assets/textures/alcantarilla_negro.png
23:40:01.381 [JavaFX Application Thread] DEBUG FXGLAssetLoaderServi - Loading from file system: file:/C:/Users/josue/OneDrive/Desktop/proyecto%20java/Among%20Us/out/production/Among%20Us/assets/textures/alcantarilla_negroE.png
23:40:01.386 [JavaFX Application Thread] WARN  FXGLAssetLoaderServi - Asset "/assets/textures/morado_muerto.png" was not found!
23:40:01.386 [JavaFX Application Thread] WARN  FXGLAssetLoaderServi - Failed to load IMAGE
23:40:01.396 [JavaFX Application Thread] DEBUG FXGLAssetLoaderServi - Loading from file system: file:/C:/Users/josue/OneDrive/Desktop/proyecto%20java/Among%20Us/out/production/Among%20Us/assets/textures/animacion_morado.png
23:40:01.399 [JavaFX Application Thread] DEBUG FXGLAssetLoaderServi - Loading from file system: file:/C:/Users/josue/OneDrive/Desktop/proyecto%20java/Among%20Us/out/production/Among%20Us/assets/textures/alcantarilla_morado.png
23:40:01.401 [JavaFX Application Thread] DEBUG FXGLAssetLoaderServi - Loading from file system: file:/C:/Users/josue/OneDrive/Desktop/proyecto%20java/Among%20Us/out/production/Among%20Us/assets/textures/alcantarilla_moradoE.png
23:40:01.405 [JavaFX Application Thread] DEBUG FXGLAssetLoaderServi - Loading from file system: file:/C:/Users/josue/OneDrive/Desktop/proyecto%20java/Among%20Us/out/production/Among%20Us/assets/textures/accionNegada.png
23:40:01.412 [JavaFX Application Thread] DEBUG FXGLAssetLoaderServi - Loading from file system: file:/C:/Users/josue/OneDrive/Desktop/proyecto%20java/Among%20Us/out/production/Among%20Us/assets/textures/reportarNegado.png
23:40:01.426 [JavaFX Application Thread] DEBUG FXGLAssetLoaderServi - Loading from file system: file:/C:/Users/josue/OneDrive/Desktop/proyecto%20java/Among%20Us/out/production/Among%20Us/assets/textures/animacion_codigo.png
23:40:01.457 [JavaFX Application Thread] DEBUG FXGLAssetLoaderServi - Loading from file system: file:/C:/Users/josue/OneDrive/Desktop/proyecto%20java/Among%20Us/out/production/Among%20Us/assets/textures/animacion_datos.png
23:40:01.559 [JavaFX Application Thread] DEBUG FXGLAssetLoaderServi - Loading from file system: file:/C:/Users/josue/OneDrive/Desktop/proyecto%20java/Among%20Us/out/production/Among%20Us/assets/textures/animacion_temperatura.png
23:40:01.620 [JavaFX Application Thread] DEBUG FXGLAssetLoaderServi - Loading from file system: file:/C:/Users/josue/OneDrive/Desktop/proyecto%20java/Among%20Us/out/production/Among%20Us/assets/textures/animacion_basura.png
23:40:01.670 [JavaFX Application Thread] WARN  FXGLAssetLoaderServi - Asset "/assets/textures/animacion_reactor.png" was not found!
23:40:01.670 [JavaFX Application Thread] WARN  FXGLAssetLoaderServi - Failed to load IMAGE
23:40:01.671 [JavaFX Application Thread] DEBUG FXGLAssetLoaderServi - Loading from file system: file:/C:/Users/josue/OneDrive/Desktop/proyecto%20java/Among%20Us/out/production/Among%20Us/assets/textures/barra_0.png
23:40:01.692 [JavaFX Application Thread] DEBUG FXGLAssetLoaderServi - Loading from file system: file:/C:/Users/josue/OneDrive/Desktop/proyecto%20java/Among%20Us/out/production/Among%20Us/assets/textures/pantalla_tripulante.png
23:40:15.341 [JavaFX Application Thread] DEBUG FXGLAssetLoaderServi - Loading from file system: file:/C:/Users/josue/OneDrive/Desktop/proyecto%20java/Among%20Us/out/production/Among%20Us/assets/textures/accion.png
23:40:43.391 [JavaFX Application Thread] DEBUG FXGLAssetLoaderServi - Loading from file system: file:/C:/Users/josue/OneDrive/Desktop/proyecto%20java/Among%20Us/out/production/Among%20Us/assets/textures/cuerpo.png
23:40:47.489 [JavaFX Application Thread] DEBUG FXGLAssetLoaderServi - Loading from file system: file:/C:/Users/josue/OneDrive/Desktop/proyecto%20java/Among%20Us/out/production/Among%20Us/assets/textures/botonVotar.png
23:42:46.782 [JavaFX Application Thread] DEBUG FXGLAssetLoaderServi - Loading from file system: file:/C:/Users/josue/OneDrive/Desktop/proyecto%20java/Among%20Us/out/production/Among%20Us/assets/textures/victoria_tripulante.png
23:42:58.879 [JavaFX Application Thread] DEBUG FXGLApplication      - Exiting FXGL
23:42:58.879 [JavaFX Application Thread] DEBUG LoopRunner           - Stopping loop
23:42:58.880 [JavaFX Application Thread] DEBUG SystemBundleService  - Saving FXGL system data
23:42:58.882 [JavaFX Application Thread] DEBUG FileSystemAccess     - Writing to: C:\Users\josue\OneDrive\Desktop\proyecto java\Among Us\system\fxgl.bundle
23:42:58.885 [JavaFX Application Thread] DEBUG Async                - Shutting down background threads
23:42:58.886 [JavaFX Application Thread] DEBUG PrimaryStageWindow   - Closing main window
23:42:58.971 [JavaFX Application Thread] DEBUG Logger               - Closing Logger
