20:09:01.630 [main                     ] DEBUG Logger               - Configured Logger
20:09:01.645 [main                     ] DEBUG GameApplication      - Logging settings
Title: Among Us UNEG
Version: 0.0
Width: 800
Height: 600
Fullscreen: false
Intro: false
Profiling: false
Single step:false
App Mode: DEVELOPER
Menu Key: ESCAPE
Stage Style: DECORATED
Scene Factory: class com.almasb.fxgl.app.scene.SceneFactory

20:09:02.688 [JavaFX Application Thread] DEBUG FXGLApplication      - Initializing FXGL
20:09:02.691 [JavaFX Application Thread] INFO  Engine               - FXGL-21.1 (26.03.2024 17.33) on WINDOWS (J:25.0.2 FX:21.0.1)
20:09:02.691 [JavaFX Application Thread] DEBUG Engine               - JRE Vendor Name: Oracle Corporation
20:09:02.691 [JavaFX Application Thread] DEBUG Engine               - Running on OS: Windows 11 version 10.0
20:09:02.691 [JavaFX Application Thread] DEBUG Engine               - Architecture: amd64
20:09:02.691 [JavaFX Application Thread] INFO  Engine               - Source code and latest versions at: https://github.com/AlmasB/FXGL
20:09:02.691 [JavaFX Application Thread] INFO  Engine               -       Ask questions and discuss at: https://github.com/AlmasB/FXGL/discussions
20:09:02.691 [JavaFX Application Thread] INFO  Engine               -              Join the FXGL chat at: https://gitter.im/AlmasB/FXGL
20:09:02.872 [JavaFX Application Thread] DEBUG PrimaryStageWindow   - Creating a JavaFX scene
20:09:02.970 [JavaFX Application Thread] DEBUG PrimaryStageWindow   - Target settings size: 800.0 x 600.0
20:09:02.970 [JavaFX Application Thread] DEBUG PrimaryStageWindow   - Scaled scene size:    800.0 x 600.0
20:09:02.970 [JavaFX Application Thread] DEBUG PrimaryStageWindow   - Scaled ratio: (1.0, 1.0)
20:09:02.971 [JavaFX Application Thread] DEBUG PrimaryStageWindow   - Set initial scene to FXGLStartupScene
20:09:02.975 [JavaFX Application Thread] DEBUG PrimaryStageWindow   - Opening main window
20:09:03.215 [JavaFX Application Thread] DEBUG PrimaryStageWindow   - Window border size: (14.66668701171875, 37.33331298828125)
20:09:03.216 [JavaFX Application Thread] DEBUG PrimaryStageWindow   - Scaled size: 800.0 x 600.0
20:09:03.216 [JavaFX Application Thread] DEBUG PrimaryStageWindow   - Scaled ratio: (1.0, 1.0)
20:09:03.216 [JavaFX Application Thread] DEBUG PrimaryStageWindow   - Scene size: 800.0 x 600.0
20:09:03.217 [JavaFX Application Thread] DEBUG PrimaryStageWindow   - Stage size: 814.6666870117188 x 637.3333129882812
20:09:03.257 [FXGL Background Thread 1 ] DEBUG Engine               - Initializing environment variables
20:09:03.383 [FXGL Background Thread 1 ] DEBUG FXGLAssetLoaderServi - User app class for loading assets: class main.java.amongUs.AppPrincipal
20:09:03.383 [FXGL Background Thread 1 ] DEBUG GameApplicationServi - Applying CSS: fxgl_dark.css
20:09:03.383 [FXGL Background Thread 1 ] DEBUG FXGLAssetLoaderServi - Loading from file system: jar:file:/C:/Users/nicol/Desktop/amongu/lib/fxgl-21.1-uber.jar!/fxglassets/ui/css/fxgl_dark.css
20:09:03.508 [FXGL Background Thread 1 ] DEBUG GameApplicationServi - Initializing application scenes
20:09:03.593 [FXGL Background Thread 1 ] DEBUG GameWorld            - Game world initialized
20:09:03.704 [FXGL Background Thread 1 ] DEBUG PhysicsWorld         - Physics world initialized: appHeight=600, physics.ppm=50,0
20:09:03.705 [FXGL Background Thread 1 ] DEBUG PhysicsWorld         - Using strategy: BRUTE_FORCE
20:09:03.709 [FXGL Background Thread 1 ] DEBUG GameScene            - Game scene initialized: 800x600
20:09:03.732 [FXGL Background Thread 1 ] DEBUG FXGL.DefaultMenu     - createMenuBodyGameMenu()
20:09:03.769 [FXGL Background Thread 1 ] DEBUG FXGL.DefaultMenu     - createOptionsMenu()
20:09:03.788 [FXGL Background Thread 1 ] DEBUG FXGLAssetLoaderServi - Loading from file system: jar:file:/C:/Users/nicol/Desktop/amongu/lib/fxgl-21.1-uber.jar!/fxglassets/textures/particles/smoke.png
20:09:03.956 [FXGL Background Thread 1 ] DEBUG FXGLAssetLoaderServi - Loading from file system: jar:file:/C:/Users/nicol/Desktop/amongu/lib/fxgl-21.1-uber.jar!/fxglassets/textures/particles/trace_horizontal.png
20:09:03.994 [FXGL Background Thread 1 ] DEBUG GameApplicationServi - Application scenes initialized
20:09:04.015 [FXGL Background Thread 1 ] DEBUG SystemBundleService  - Loading FXGL system data
20:09:04.021 [FXGL Background Thread 1 ] DEBUG FileSystemAccess     - Reading from: C:\Users\nicol\Desktop\amongu\system\fxgl.bundle
20:09:04.034 [FXGL Background Thread 1 ] DEBUG SystemBundleService  - Bundle FXGL: {}
20:09:04.034 [FXGL Background Thread 1 ] DEBUG UpdaterService       - Checking for updates
20:09:04.041 [FXGL Background Thread 4 ] DEBUG FXGLApplication      - Loading fonts
20:09:04.041 [FXGL Background Thread 1 ] DEBUG FXGLApplication      - Loading default localization
20:09:04.041 [FXGL Background Thread 4 ] DEBUG FXGLAssetLoaderServi - Loading from file system: jar:file:/C:/Users/nicol/Desktop/amongu/lib/fxgl-21.1-uber.jar!/fxglassets/ui/fonts/VarelaRound-Regular.ttf
20:09:04.041 [FXGL Background Thread 1 ] DEBUG FXGLAssetLoaderServi - Loading from file system: jar:file:/C:/Users/nicol/Desktop/amongu/lib/fxgl-21.1-uber.jar!/fxglassets/languages/english.lang
20:09:04.075 [FXGL Background Thread 1 ] INFO  FXGLApplication      - FXGL initialization took: 0,817 sec
20:09:04.086 [JavaFX Application Thread] DEBUG Input                - Registered new binding: Mover Arriba - W
20:09:04.086 [JavaFX Application Thread] DEBUG Input                - Registered new binding: Mover Abajo - S
20:09:04.087 [JavaFX Application Thread] DEBUG Input                - Registered new binding: Mover Izquierda - A
20:09:04.087 [JavaFX Application Thread] DEBUG Input                - Registered new binding: Mover Derecha - D
20:09:04.087 [JavaFX Application Thread] DEBUG Input                - Registered new binding: Abrir Camaras - C
20:09:04.087 [JavaFX Application Thread] DEBUG Input                - Registered new binding: Usar Alcantarilla - Space
20:09:04.087 [JavaFX Application Thread] DEBUG Input                - Registered new binding: Vent Izquierda - Left
20:09:04.087 [JavaFX Application Thread] DEBUG Input                - Registered new binding: Vent Derecha - Right
20:09:04.087 [JavaFX Application Thread] DEBUG Input                - Registered new binding: Vent Arriba - Up
20:09:04.089 [JavaFX Application Thread] DEBUG Input                - Registered new binding: Vent Abajo - Down
20:09:04.089 [JavaFX Application Thread] DEBUG FXGLAssetLoaderServi - Loading from file system: file:/C:/Users/nicol/Desktop/amongu/out/production/Among%20Us/assets/textures/icono.png
20:09:04.111 [FXGL Background Thread 4 ] DEBUG FXGLAssetLoaderServi - Loading from file system: jar:file:/C:/Users/nicol/Desktop/amongu/lib/fxgl-21.1-uber.jar!/fxglassets/ui/fonts/Abel-Regular.ttf
20:09:04.118 [FXGL Background Thread 4 ] DEBUG FXGLAssetLoaderServi - Loading from file system: jar:file:/C:/Users/nicol/Desktop/amongu/lib/fxgl-21.1-uber.jar!/fxglassets/ui/fonts/TerminalLandMono-Regular.otf
20:09:04.128 [FXGL Background Thread 4 ] DEBUG FXGLAssetLoaderServi - Loading from file system: jar:file:/C:/Users/nicol/Desktop/amongu/lib/fxgl-21.1-uber.jar!/fxglassets/ui/fonts/Courier-Prime.ttf
20:09:04.137 [JavaFX Application Thread] DEBUG FXGLAssetLoaderServi - Loading from file system: jar:file:/C:/Users/nicol/Desktop/amongu/lib/fxgl-21.1-uber.jar!/fxglassets/textures/fxgl_default_cursor.png
20:09:04.142 [JavaFX Application Thread] DEBUG Input                - Registered new binding: Screenshot - CTRL+8
20:09:04.144 [JavaFX Application Thread] DEBUG Input                - Registered new binding: System info dump - CTRL+9
20:09:04.144 [JavaFX Application Thread] DEBUG Input                - Registered new binding: Restart - CTRL+R
20:09:04.145 [JavaFX Application Thread] DEBUG Input                - Registered new binding: Toggle Debug Camera - CTRL+7
20:09:04.151 [JavaFX Application Thread] DEBUG LoopRunner           - Starting loop
20:09:04.152 [JavaFX Application Thread] DEBUG LoopRunner           - Initializing JavaFX AnimationTimerLoop
20:09:04.156 [JavaFX Application Thread] DEBUG GameApplicationServi - Starting new game
20:09:04.157 [JavaFX Application Thread] DEBUG Input                - Clearing active input actions
20:09:04.180 [JavaFX Application Thread] DEBUG GameApplicationServi - Removing overlay from FXGLStartupScene and adding to FXGLLoadingScene
20:09:04.180 [JavaFX Application Thread] DEBUG PrimaryStageWindow   - FXGLStartupScene -> FXGLLoadingScene
20:09:04.180 [JavaFX Application Thread] DEBUG GameApplicationServi - Clearing previous game
20:09:04.180 [JavaFX Application Thread] DEBUG GameScene            - Clearing game scene
20:09:04.180 [JavaFX Application Thread] DEBUG GameWorld            - Clearing game world
20:09:04.181 [JavaFX Application Thread] DEBUG PhysicsWorld         - Clearing physics world
20:09:04.184 [JavaFX Application Thread] DEBUG FXGLApplication      - Registering font factories with UI factory
20:09:04.184 [FXGL Background Thread 4 ] DEBUG FXGLApplication      - Initializing game
20:09:04.197 [FXGL Background Thread 4 ] DEBUG FXGLAssetLoaderServi - Loading from file system: file:/C:/Users/nicol/Desktop/amongu/out/production/Among%20Us/assets/textures/MonitorDeCamaras.png
20:09:04.285 [FXGL Background Thread 4 ] DEBUG FXGLAssetLoaderServi - Loading from file system: file:/C:/Users/nicol/Desktop/amongu/out/production/Among%20Us/assets/textures/flechaAmarillaIzq.png
20:09:04.292 [FXGL Background Thread 4 ] DEBUG FXGLAssetLoaderServi - Loading from file system: file:/C:/Users/nicol/Desktop/amongu/out/production/Among%20Us/assets/textures/flechaAmarillaDer.png
20:09:04.303 [FXGL Background Thread 4 ] DEBUG FXGLAssetLoaderServi - Loading from file system: file:/C:/Users/nicol/Desktop/amongu/out/production/Among%20Us/assets/music/musicaMenu.mp3
20:09:04.616 [FXGL Background Thread 4 ] DEBUG AudioPlayer          - Playing music com.almasb.fxgl.audio.Music@6648bc1a
20:09:05.281 [FXGL Background Thread 4 ] INFO  FXGLApplication      - Game initialization took: 1,097 sec
20:09:05.286 [FXGL Background Thread 2 ] INFO  UpdaterService       - Your current version:  21.1
20:09:05.286 [FXGL Background Thread 2 ] INFO  UpdaterService       - Latest stable version: 25
20:09:05.288 [JavaFX Application Thread] DEBUG Input                - Clearing active input actions
20:09:05.304 [JavaFX Application Thread] DEBUG GameApplicationServi - Removing overlay from FXGLLoadingScene and adding to GameScene
20:09:05.306 [JavaFX Application Thread] DEBUG PrimaryStageWindow   - FXGLLoadingScene -> GameScene
20:09:07.040 [FXGL Background Thread 3 ] DEBUG Engine               - Logging environment variables
20:09:07.040 [FXGL Background Thread 3 ] DEBUG Engine               - achievements: []
20:09:07.040 [FXGL Background Thread 3 ] DEBUG Engine               - actualHeight: 600.0
20:09:07.040 [FXGL Background Thread 3 ] DEBUG Engine               - actualHeightProperty: ReadOnlyDoubleProperty [value: 600.0]
20:09:07.040 [FXGL Background Thread 3 ] DEBUG Engine               - actualWidth: 800.0
20:09:07.040 [FXGL Background Thread 3 ] DEBUG Engine               - actualWidthProperty: ReadOnlyDoubleProperty [value: 800.0]
20:09:07.040 [FXGL Background Thread 3 ] DEBUG Engine               - appIcon: icono.png
20:09:07.040 [FXGL Background Thread 3 ] DEBUG Engine               - applicationMode: DEVELOPER
20:09:07.040 [FXGL Background Thread 3 ] DEBUG Engine               - cSSList: [fxgl_dark.css]
20:09:07.040 [FXGL Background Thread 3 ] DEBUG Engine               - collisionDetectionStrategy: BRUTE_FORCE
20:09:07.041 [FXGL Background Thread 3 ] DEBUG Engine               - configClass: Optional.empty
20:09:07.041 [FXGL Background Thread 3 ] DEBUG Engine               - credits: []
20:09:07.041 [FXGL Background Thread 3 ] DEBUG Engine               - defaultCursor: CursorInfo(imageName=fxgl_default_cursor.png, hotspotX=7.0, hotspotY=6.0)
20:09:07.041 [FXGL Background Thread 3 ] DEBUG Engine               - devBBoxColorProperty: ObjectProperty [value: 0xff0000ff]
20:09:07.041 [FXGL Background Thread 3 ] DEBUG Engine               - devEnableDebugCameraProperty: BooleanProperty [value: false]
20:09:07.041 [FXGL Background Thread 3 ] DEBUG Engine               - devSensorColorProperty: ObjectProperty [value: 0xffff00ff]
20:09:07.041 [FXGL Background Thread 3 ] DEBUG Engine               - devShowBBoxProperty: BooleanProperty [value: false]
20:09:07.041 [FXGL Background Thread 3 ] DEBUG Engine               - devShowPositionProperty: BooleanProperty [value: false]
20:09:07.041 [FXGL Background Thread 3 ] DEBUG Engine               - enabledMenuItems: []
20:09:07.041 [FXGL Background Thread 3 ] DEBUG Engine               - engineServices: [class com.almasb.fxgl.app.services.FXGLAssetLoaderService, class com.almasb.fxgl.app.FXGLApplication$GameApplicationService, class com.almasb.fxgl.app.services.FXGLDialogService, class com.almasb.fxgl.app.services.IOTaskExecutorService, class com.almasb.fxgl.io.FileSystemService, class com.almasb.fxgl.localization.LocalizationService, class com.almasb.fxgl.app.services.SystemBundleService, class com.almasb.fxgl.profile.SaveLoadService, class com.almasb.fxgl.ui.FXGLUIFactoryServiceProvider, class com.almasb.fxgl.ui.FXGLDialogFactoryServiceProvider, class com.almasb.fxgl.audio.AudioPlayer, class com.almasb.fxgl.notification.impl.NotificationServiceProvider, class com.almasb.fxgl.achievement.AchievementService, class com.almasb.fxgl.cutscene.CutsceneService, class com.almasb.fxgl.minigames.MiniGameService, class com.almasb.fxgl.net.NetService, class com.almasb.fxgl.app.services.UpdaterService, class com.almasb.fxgl.dev.DevService]
20:09:07.041 [FXGL Background Thread 3 ] DEBUG Engine               - fontGame: Abel-Regular.ttf
20:09:07.041 [FXGL Background Thread 3 ] DEBUG Engine               - fontMono: TerminalLandMono-Regular.otf
20:09:07.041 [FXGL Background Thread 3 ] DEBUG Engine               - fontSizeScaleUI: 1.0
20:09:07.041 [FXGL Background Thread 3 ] DEBUG Engine               - fontText: Courier-Prime.ttf
20:09:07.041 [FXGL Background Thread 3 ] DEBUG Engine               - fontUI: VarelaRound-Regular.ttf
20:09:07.041 [FXGL Background Thread 3 ] DEBUG Engine               - fullScreen: BooleanProperty [value: false]
20:09:07.041 [FXGL Background Thread 3 ] DEBUG Engine               - gameDifficulty: MEDIUM
20:09:07.041 [FXGL Background Thread 3 ] DEBUG Engine               - gameDifficultyProperty: ObjectProperty [value: MEDIUM]
20:09:07.041 [FXGL Background Thread 3 ] DEBUG Engine               - globalMusicVolume: 0.5
20:09:07.041 [FXGL Background Thread 3 ] DEBUG Engine               - globalMusicVolumeProperty: DoubleProperty [value: 0.4]
20:09:07.041 [FXGL Background Thread 3 ] DEBUG Engine               - globalSoundVolume: 0.5
20:09:07.041 [FXGL Background Thread 3 ] DEBUG Engine               - globalSoundVolumeProperty: DoubleProperty [value: 0.5]
20:09:07.042 [FXGL Background Thread 3 ] DEBUG Engine               - height: 600
20:09:07.042 [FXGL Background Thread 3 ] DEBUG Engine               - is3D: false
20:09:07.042 [FXGL Background Thread 3 ] DEBUG Engine               - isAndroid: false
20:09:07.042 [FXGL Background Thread 3 ] DEBUG Engine               - isBrowser: false
20:09:07.042 [FXGL Background Thread 3 ] DEBUG Engine               - isClickFeedbackEnabled: false
20:09:07.042 [FXGL Background Thread 3 ] DEBUG Engine               - isCloseConfirmation: false
20:09:07.042 [FXGL Background Thread 3 ] DEBUG Engine               - isDesktop: true
20:09:07.042 [FXGL Background Thread 3 ] DEBUG Engine               - isDeveloperMenuEnabled: false
20:09:07.042 [FXGL Background Thread 3 ] DEBUG Engine               - isEmbedded: false
20:09:07.042 [FXGL Background Thread 3 ] DEBUG Engine               - isEntityPreloadEnabled: true
20:09:07.042 [FXGL Background Thread 3 ] DEBUG Engine               - isExperimentalTiledLargeMap: false
20:09:07.042 [FXGL Background Thread 3 ] DEBUG Engine               - isFileSystemWriteAllowed: true
20:09:07.042 [FXGL Background Thread 3 ] DEBUG Engine               - isFullScreenAllowed: false
20:09:07.042 [FXGL Background Thread 3 ] DEBUG Engine               - isFullScreenFromStart: false
20:09:07.042 [FXGL Background Thread 3 ] DEBUG Engine               - isGameMenuEnabled: true
20:09:07.042 [FXGL Background Thread 3 ] DEBUG Engine               - isIOS: false
20:09:07.042 [FXGL Background Thread 3 ] DEBUG Engine               - isIntroEnabled: false
20:09:07.042 [FXGL Background Thread 3 ] DEBUG Engine               - isLinux: false
20:09:07.042 [FXGL Background Thread 3 ] DEBUG Engine               - isMac: false
20:09:07.042 [FXGL Background Thread 3 ] DEBUG Engine               - isMainMenuEnabled: false
20:09:07.042 [FXGL Background Thread 3 ] DEBUG Engine               - isManualResizeEnabled: false
20:09:07.042 [FXGL Background Thread 3 ] DEBUG Engine               - isMobile: false
20:09:07.042 [FXGL Background Thread 3 ] DEBUG Engine               - isNative: false
20:09:07.042 [FXGL Background Thread 3 ] DEBUG Engine               - isPauseMusicWhenMinimized: true
20:09:07.042 [FXGL Background Thread 3 ] DEBUG Engine               - isPreserveResizeRatio: false
20:09:07.042 [FXGL Background Thread 3 ] DEBUG Engine               - isProfilingEnabled: false
20:09:07.042 [FXGL Background Thread 3 ] DEBUG Engine               - isScaleAffectedOnResize: true
20:09:07.042 [FXGL Background Thread 3 ] DEBUG Engine               - isSingleStep: false
20:09:07.042 [FXGL Background Thread 3 ] DEBUG Engine               - isUserProfileEnabled: false
20:09:07.042 [FXGL Background Thread 3 ] DEBUG Engine               - isWindows: true
20:09:07.042 [FXGL Background Thread 3 ] DEBUG Engine               - language: ObjectProperty [value: ENGLISH]
20:09:07.042 [FXGL Background Thread 3 ] DEBUG Engine               - menuKey: ESCAPE
20:09:07.043 [FXGL Background Thread 3 ] DEBUG Engine               - mouseSensitivity: 0.2
20:09:07.043 [FXGL Background Thread 3 ] DEBUG Engine               - notificationViewClass: class com.almasb.fxgl.notification.view.XboxNotificationView
20:09:07.043 [FXGL Background Thread 3 ] DEBUG Engine               - pixelsPerMeter: 50.0
20:09:07.043 [FXGL Background Thread 3 ] DEBUG Engine               - platform: WINDOWS
20:09:07.043 [FXGL Background Thread 3 ] DEBUG Engine               - prefHeightProperty: ReadOnlyDoubleProperty [value: 600.0]
20:09:07.043 [FXGL Background Thread 3 ] DEBUG Engine               - prefWidthProperty: ReadOnlyDoubleProperty [value: 800.0]
20:09:07.043 [FXGL Background Thread 3 ] DEBUG Engine               - profileDir: profiles/
20:09:07.043 [FXGL Background Thread 3 ] DEBUG Engine               - profileName: StringProperty [value: DEFAULT]
20:09:07.043 [FXGL Background Thread 3 ] DEBUG Engine               - randomSeed: -1
20:09:07.043 [FXGL Background Thread 3 ] DEBUG Engine               - runtimeInfo: RuntimeInfo(platform=WINDOWS, version=21.1, build=26.03.2024 17.33)
20:09:07.043 [FXGL Background Thread 3 ] DEBUG Engine               - saveFileExt: sav
20:09:07.043 [FXGL Background Thread 3 ] DEBUG Engine               - scaledHeightProp$fxgl: DoubleProperty [bound, value: 600.0]
20:09:07.043 [FXGL Background Thread 3 ] DEBUG Engine               - scaledWidthProp$fxgl: DoubleProperty [bound, value: 800.0]
20:09:07.043 [FXGL Background Thread 3 ] DEBUG Engine               - sceneFactory: com.almasb.fxgl.app.scene.SceneFactory@64718f06
20:09:07.043 [FXGL Background Thread 3 ] DEBUG Engine               - secondsIn24h: 60
20:09:07.043 [FXGL Background Thread 3 ] DEBUG Engine               - soundMenuBack: menu/back.wav
20:09:07.043 [FXGL Background Thread 3 ] DEBUG Engine               - soundMenuPress: menu/press.wav
20:09:07.043 [FXGL Background Thread 3 ] DEBUG Engine               - soundMenuSelect: menu/select.wav
20:09:07.043 [FXGL Background Thread 3 ] DEBUG Engine               - soundNotification: core/notification.wav
20:09:07.043 [FXGL Background Thread 3 ] DEBUG Engine               - stageStyle: DECORATED
20:09:07.043 [FXGL Background Thread 3 ] DEBUG Engine               - supportedLanguages: [ENGLISH, FRENCH, GERMAN, HUNGARIAN, RUSSIAN]
20:09:07.043 [FXGL Background Thread 3 ] DEBUG Engine               - ticksPerSecond: -1
20:09:07.043 [FXGL Background Thread 3 ] DEBUG Engine               - title: Among Us UNEG
20:09:07.043 [FXGL Background Thread 3 ] DEBUG Engine               - urlGithub: https://github.com/AlmasB/FXGL
20:09:07.043 [FXGL Background Thread 3 ] DEBUG Engine               - urlLeaderboard: http://fxgl-top.herokuapp.com/
20:09:07.043 [FXGL Background Thread 3 ] DEBUG Engine               - urlPOM: https://raw.githubusercontent.com/AlmasB/FXGL/release/README.md
20:09:07.043 [FXGL Background Thread 3 ] DEBUG Engine               - userAppClass: class main.java.amongUs.AppPrincipal
20:09:07.043 [FXGL Background Thread 3 ] DEBUG Engine               - version: 0.0
20:09:07.044 [FXGL Background Thread 3 ] DEBUG Engine               - versionCheckDays: 7
20:09:07.044 [FXGL Background Thread 3 ] DEBUG Engine               - width: 800
20:09:07.044 [FXGL Background Thread 3 ] DEBUG Engine               - Logging services
20:09:07.044 [FXGL Background Thread 3 ] DEBUG Engine               - class com.almasb.fxgl.app.services.FXGLAssetLoaderService
20:09:07.044 [FXGL Background Thread 3 ] DEBUG Engine               - class com.almasb.fxgl.app.FXGLApplication$GameApplicationService
20:09:07.044 [FXGL Background Thread 3 ] DEBUG Engine               - class com.almasb.fxgl.app.services.FXGLDialogService
20:09:07.044 [FXGL Background Thread 3 ] DEBUG Engine               - class com.almasb.fxgl.app.services.IOTaskExecutorService
20:09:07.044 [FXGL Background Thread 3 ] DEBUG Engine               - class com.almasb.fxgl.io.FileSystemService
20:09:07.044 [FXGL Background Thread 3 ] DEBUG Engine               - class com.almasb.fxgl.localization.LocalizationService
20:09:07.044 [FXGL Background Thread 3 ] DEBUG Engine               - class com.almasb.fxgl.app.services.SystemBundleService
20:09:07.044 [FXGL Background Thread 3 ] DEBUG Engine               - class com.almasb.fxgl.profile.SaveLoadService
20:09:07.044 [FXGL Background Thread 3 ] DEBUG Engine               - class com.almasb.fxgl.ui.FXGLUIFactoryServiceProvider
20:09:07.044 [FXGL Background Thread 3 ] DEBUG Engine               - class com.almasb.fxgl.ui.FXGLDialogFactoryServiceProvider
20:09:07.044 [FXGL Background Thread 3 ] DEBUG Engine               - class com.almasb.fxgl.audio.AudioPlayer
20:09:07.044 [FXGL Background Thread 3 ] DEBUG Engine               - class com.almasb.fxgl.notification.impl.NotificationServiceProvider
20:09:07.044 [FXGL Background Thread 3 ] DEBUG Engine               - class com.almasb.fxgl.achievement.AchievementService
20:09:07.044 [FXGL Background Thread 3 ] DEBUG Engine               - class com.almasb.fxgl.cutscene.CutsceneService
20:09:07.044 [FXGL Background Thread 3 ] DEBUG Engine               - class com.almasb.fxgl.minigames.MiniGameService
20:09:07.044 [FXGL Background Thread 3 ] DEBUG Engine               - class com.almasb.fxgl.net.NetService
20:09:07.044 [FXGL Background Thread 3 ] DEBUG Engine               - class com.almasb.fxgl.app.services.UpdaterService
20:09:07.044 [FXGL Background Thread 3 ] DEBUG Engine               - class com.almasb.fxgl.dev.DevService
20:09:07.552 [JavaFX Application Thread] DEBUG FXGLAssetLoaderServi - Loading from file system: file:/C:/Users/nicol/Desktop/amongu/out/production/Among%20Us/assets/sounds/clickBoton.wav
20:09:18.390 [JavaFX Application Thread] DEBUG FXGLAssetLoaderServi - Loading from file system: file:/C:/Users/nicol/Desktop/amongu/out/production/Among%20Us/assets/textures/tripulante_negro.png
20:10:05.460 [JavaFX Application Thread] DEBUG FXGLAssetLoaderServi - Loading from file system: file:/C:/Users/nicol/Desktop/amongu/out/production/Among%20Us/assets/textures/tripulante_rosa.png
20:10:20.741 [JavaFX Application Thread] DEBUG FXGLAssetLoaderServi - Loading from file system: file:/C:/Users/nicol/Desktop/amongu/out/production/Among%20Us/assets/textures/tripulante_blanco.png
20:10:27.969 [JavaFX Application Thread] DEBUG FXGLAssetLoaderServi - Loading from file system: file:/C:/Users/nicol/Desktop/amongu/out/production/Among%20Us/assets/textures/tripulante_naranja.png
20:10:30.754 [JavaFX Application Thread] DEBUG FXGLAssetLoaderServi - Loading from file system: file:/C:/Users/nicol/Desktop/amongu/out/production/Among%20Us/assets/textures/tripulante_verde.png
20:10:51.106 [JavaFX Application Thread] WARN  TMXLevelLoader       - TiledMap generated from 1.11.2. Supported version: 1.9.0. Some features may not be parsed fully.
20:10:51.132 [JavaFX Application Thread] DEBUG TMXLevelLoader       - Parsed TiledMap: file:/C:/Users/nicol/Desktop/amongu/out/production/Among%20Us/assets/levels/mapa2.tmx
20:10:51.134 [JavaFX Application Thread] DEBUG TMXLevelLoader       - Creating tile layer entities
20:10:51.136 [JavaFX Application Thread] DEBUG TilesetLoader        - Loading view for layer fondo1
20:10:51.136 [JavaFX Application Thread] DEBUG TilesetLoader        - Created buffer with size 992.0x960.0
20:10:51.145 [JavaFX Application Thread] DEBUG TilesetLoader        - Loading view for layer fondo
20:10:51.146 [JavaFX Application Thread] DEBUG TilesetLoader        - Created buffer with size 992.0x960.0
20:10:51.151 [JavaFX Application Thread] DEBUG TilesetLoader        - Loading view for layer piso
20:10:51.152 [JavaFX Application Thread] DEBUG TilesetLoader        - Created buffer with size 992.0x960.0
20:10:51.158 [JavaFX Application Thread] DEBUG TilesetLoader        - Loading view for layer piso1
20:10:51.158 [JavaFX Application Thread] DEBUG TilesetLoader        - Created buffer with size 992.0x960.0
20:10:51.161 [JavaFX Application Thread] DEBUG TilesetLoader        - Loading view for layer izquierda
20:10:51.162 [JavaFX Application Thread] DEBUG TilesetLoader        - Created buffer with size 992.0x960.0
20:10:51.168 [JavaFX Application Thread] DEBUG TilesetLoader        - Loading view for layer detallesatraspared
20:10:51.169 [JavaFX Application Thread] DEBUG TilesetLoader        - Created buffer with size 992.0x960.0
20:10:51.194 [JavaFX Application Thread] DEBUG TilesetLoader        - Loading view for layer pared2
20:10:51.196 [JavaFX Application Thread] DEBUG TilesetLoader        - Created buffer with size 992.0x960.0
20:10:51.202 [JavaFX Application Thread] DEBUG TilesetLoader        - Loading view for layer techo1
20:10:51.204 [JavaFX Application Thread] DEBUG TilesetLoader        - Created buffer with size 992.0x960.0
20:10:51.206 [JavaFX Application Thread] DEBUG TilesetLoader        - Loading view for layer techo2
20:10:51.207 [JavaFX Application Thread] DEBUG TilesetLoader        - Created buffer with size 992.0x960.0
20:10:51.210 [JavaFX Application Thread] DEBUG TilesetLoader        - Loading view for layer puertita
20:10:51.211 [JavaFX Application Thread] DEBUG TilesetLoader        - Created buffer with size 992.0x960.0
20:10:51.211 [JavaFX Application Thread] DEBUG TilesetLoader        - Loading view for layer puerta
20:10:51.212 [JavaFX Application Thread] DEBUG TilesetLoader        - Created buffer with size 992.0x960.0
20:10:51.214 [JavaFX Application Thread] DEBUG TilesetLoader        - Loading view for layer detalles
20:10:51.214 [JavaFX Application Thread] DEBUG TilesetLoader        - Created buffer with size 992.0x960.0
20:10:51.229 [JavaFX Application Thread] DEBUG TilesetLoader        - Loading view for layer detalles 2
20:10:51.229 [JavaFX Application Thread] DEBUG TilesetLoader        - Created buffer with size 992.0x960.0
20:10:51.239 [JavaFX Application Thread] DEBUG TilesetLoader        - Loading view for layer detalles3
20:10:51.240 [JavaFX Application Thread] DEBUG TilesetLoader        - Created buffer with size 992.0x960.0
20:10:51.252 [JavaFX Application Thread] DEBUG TilesetLoader        - Loading view for layer grieta
20:10:51.252 [JavaFX Application Thread] DEBUG TilesetLoader        - Created buffer with size 992.0x960.0
20:10:51.252 [JavaFX Application Thread] DEBUG TilesetLoader        - Loading view for layer camaras
20:10:51.254 [JavaFX Application Thread] DEBUG TilesetLoader        - Created buffer with size 992.0x960.0
20:10:51.257 [JavaFX Application Thread] DEBUG TilesetLoader        - Loading view for layer Techo
20:10:51.257 [JavaFX Application Thread] DEBUG TilesetLoader        - Created buffer with size 992.0x960.0
20:10:51.258 [JavaFX Application Thread] DEBUG TMXLevelLoader       - Creating object layer entities
20:10:51.295 [JavaFX Application Thread] DEBUG GameWorld            - Clearing removable entities
20:10:51.296 [JavaFX Application Thread] DEBUG GameWorld            - Setting level: com.almasb.fxgl.entity.level.Level@3a86ddff
20:10:51.313 [JavaFX Application Thread] DEBUG FXGLAssetLoaderServi - Loading from file system: file:/C:/Users/nicol/Desktop/amongu/out/production/Among%20Us/assets/textures/animacion_rosa.png
20:10:51.315 [JavaFX Application Thread] DEBUG FXGLAssetLoaderServi - Loading from file system: file:/C:/Users/nicol/Desktop/amongu/out/production/Among%20Us/assets/textures/alcantarilla_rosa.png
20:10:51.317 [JavaFX Application Thread] DEBUG FXGLAssetLoaderServi - Loading from file system: file:/C:/Users/nicol/Desktop/amongu/out/production/Among%20Us/assets/textures/alcantarilla_rosaE.png
20:10:51.329 [JavaFX Application Thread] DEBUG FXGLAssetLoaderServi - Loading from file system: file:/C:/Users/nicol/Desktop/amongu/out/production/Among%20Us/assets/textures/animacion_negro.png
20:10:51.332 [JavaFX Application Thread] DEBUG FXGLAssetLoaderServi - Loading from file system: file:/C:/Users/nicol/Desktop/amongu/out/production/Among%20Us/assets/textures/alcantarilla_negro.png
20:10:51.336 [JavaFX Application Thread] DEBUG FXGLAssetLoaderServi - Loading from file system: file:/C:/Users/nicol/Desktop/amongu/out/production/Among%20Us/assets/textures/alcantarilla_negroE.png
20:10:51.340 [JavaFX Application Thread] DEBUG FXGLAssetLoaderServi - Loading from file system: file:/C:/Users/nicol/Desktop/amongu/out/production/Among%20Us/assets/textures/animacion_blanco.png
20:10:51.342 [JavaFX Application Thread] DEBUG FXGLAssetLoaderServi - Loading from file system: file:/C:/Users/nicol/Desktop/amongu/out/production/Among%20Us/assets/textures/alcantarilla_blanco.png
20:10:51.344 [JavaFX Application Thread] DEBUG FXGLAssetLoaderServi - Loading from file system: file:/C:/Users/nicol/Desktop/amongu/out/production/Among%20Us/assets/textures/alcantarilla_blancoE.png
20:10:51.346 [JavaFX Application Thread] DEBUG FXGLAssetLoaderServi - Loading from file system: file:/C:/Users/nicol/Desktop/amongu/out/production/Among%20Us/assets/textures/accionNegada.png
20:10:51.352 [JavaFX Application Thread] DEBUG FXGLAssetLoaderServi - Loading from file system: file:/C:/Users/nicol/Desktop/amongu/out/production/Among%20Us/assets/textures/pantalla_tripulante.png
20:11:28.687 [JavaFX Application Thread] DEBUG FXGLAssetLoaderServi - Loading from file system: file:/C:/Users/nicol/Desktop/amongu/out/production/Among%20Us/assets/textures/accion.png
20:13:09.051 [JavaFX Application Thread] DEBUG FXGLApplication      - Exiting FXGL
20:13:09.052 [JavaFX Application Thread] DEBUG LoopRunner           - Stopping loop
20:13:09.052 [JavaFX Application Thread] DEBUG SystemBundleService  - Saving FXGL system data
20:13:09.058 [JavaFX Application Thread] DEBUG FileSystemAccess     - Writing to: C:\Users\nicol\Desktop\amongu\system\fxgl.bundle
20:13:09.060 [JavaFX Application Thread] DEBUG Async                - Shutting down background threads
20:13:09.060 [JavaFX Application Thread] DEBUG PrimaryStageWindow   - Closing main window
20:13:09.078 [JavaFX Application Thread] DEBUG Logger               - Closing Logger
