20:43:52.591 [main                     ] DEBUG Logger               - Configured Logger
20:43:52.600 [main                     ] DEBUG GameApplication      - Logging settings
Title: Among Us UNEG
Version: 0.0
Width: 800
Height: 600
Fullscreen: false
Intro: false
Profiling: false
Single step:false
App Mode: DEVELOPER
Menu Key: ESCAPE
Stage Style: DECORATED
Scene Factory: class com.almasb.fxgl.app.scene.SceneFactory

20:43:53.107 [JavaFX Application Thread] DEBUG FXGLApplication      - Initializing FXGL
20:43:53.109 [JavaFX Application Thread] INFO  Engine               - FXGL-21.1 (26.03.2024 17.33) on WINDOWS (J:25.0.2 FX:21.0.1)
20:43:53.109 [JavaFX Application Thread] DEBUG Engine               - JRE Vendor Name: Oracle Corporation
20:43:53.109 [JavaFX Application Thread] DEBUG Engine               - Running on OS: Windows 11 version 10.0
20:43:53.109 [JavaFX Application Thread] DEBUG Engine               - Architecture: amd64
20:43:53.109 [JavaFX Application Thread] INFO  Engine               - Source code and latest versions at: https://github.com/AlmasB/FXGL
20:43:53.109 [JavaFX Application Thread] INFO  Engine               -       Ask questions and discuss at: https://github.com/AlmasB/FXGL/discussions
20:43:53.109 [JavaFX Application Thread] INFO  Engine               -              Join the FXGL chat at: https://gitter.im/AlmasB/FXGL
20:43:53.204 [JavaFX Application Thread] DEBUG PrimaryStageWindow   - Creating a JavaFX scene
20:43:53.255 [JavaFX Application Thread] DEBUG PrimaryStageWindow   - Target settings size: 800.0 x 600.0
20:43:53.255 [JavaFX Application Thread] DEBUG PrimaryStageWindow   - Scaled scene size:    800.0 x 600.0
20:43:53.255 [JavaFX Application Thread] DEBUG PrimaryStageWindow   - Scaled ratio: (1.0, 1.0)
20:43:53.258 [JavaFX Application Thread] DEBUG PrimaryStageWindow   - Set initial scene to FXGLStartupScene
20:43:53.260 [JavaFX Application Thread] DEBUG PrimaryStageWindow   - Opening main window
20:43:53.370 [JavaFX Application Thread] DEBUG PrimaryStageWindow   - Window border size: (14.66668701171875, 37.33331298828125)
20:43:53.370 [JavaFX Application Thread] DEBUG PrimaryStageWindow   - Scaled size: 800.0 x 600.0
20:43:53.370 [JavaFX Application Thread] DEBUG PrimaryStageWindow   - Scaled ratio: (1.0, 1.0)
20:43:53.370 [JavaFX Application Thread] DEBUG PrimaryStageWindow   - Scene size: 800.0 x 600.0
20:43:53.370 [JavaFX Application Thread] DEBUG PrimaryStageWindow   - Stage size: 814.6666870117188 x 637.3333129882812
20:43:53.377 [FXGL Background Thread 1 ] DEBUG Engine               - Initializing environment variables
20:43:53.444 [FXGL Background Thread 1 ] DEBUG FXGLAssetLoaderServi - User app class for loading assets: class main.java.amongUs.AppPrincipal
20:43:53.444 [FXGL Background Thread 1 ] DEBUG GameApplicationServi - Applying CSS: fxgl_dark.css
20:43:53.445 [FXGL Background Thread 1 ] DEBUG FXGLAssetLoaderServi - Loading from file system: jar:file:/C:/Users/nicol/Desktop/amongu/lib/fxgl-21.1-uber.jar!/fxglassets/ui/css/fxgl_dark.css
20:43:53.484 [FXGL Background Thread 1 ] DEBUG GameApplicationServi - Initializing application scenes
20:43:53.528 [FXGL Background Thread 1 ] DEBUG GameWorld            - Game world initialized
20:43:53.581 [FXGL Background Thread 1 ] DEBUG PhysicsWorld         - Physics world initialized: appHeight=600, physics.ppm=50,0
20:43:53.581 [FXGL Background Thread 1 ] DEBUG PhysicsWorld         - Using strategy: BRUTE_FORCE
20:43:53.587 [FXGL Background Thread 1 ] DEBUG GameScene            - Game scene initialized: 800x600
20:43:53.601 [FXGL Background Thread 1 ] DEBUG FXGL.DefaultMenu     - createMenuBodyGameMenu()
20:43:53.616 [FXGL Background Thread 1 ] DEBUG FXGL.DefaultMenu     - createOptionsMenu()
20:43:53.623 [FXGL Background Thread 1 ] DEBUG FXGLAssetLoaderServi - Loading from file system: jar:file:/C:/Users/nicol/Desktop/amongu/lib/fxgl-21.1-uber.jar!/fxglassets/textures/particles/smoke.png
20:43:53.696 [FXGL Background Thread 1 ] DEBUG FXGLAssetLoaderServi - Loading from file system: jar:file:/C:/Users/nicol/Desktop/amongu/lib/fxgl-21.1-uber.jar!/fxglassets/textures/particles/trace_horizontal.png
20:43:53.714 [FXGL Background Thread 1 ] DEBUG GameApplicationServi - Application scenes initialized
20:43:53.726 [FXGL Background Thread 1 ] DEBUG SystemBundleService  - Loading FXGL system data
20:43:53.730 [FXGL Background Thread 1 ] DEBUG FileSystemAccess     - Reading from: C:\Users\nicol\Desktop\amongu\system\fxgl.bundle
20:43:53.737 [FXGL Background Thread 1 ] DEBUG SystemBundleService  - Bundle FXGL: {}
20:43:53.737 [FXGL Background Thread 1 ] DEBUG UpdaterService       - Checking for updates
20:43:53.741 [FXGL Background Thread 4 ] DEBUG FXGLApplication      - Loading fonts
20:43:53.741 [FXGL Background Thread 1 ] DEBUG FXGLApplication      - Loading default localization
20:43:53.741 [FXGL Background Thread 4 ] DEBUG FXGLAssetLoaderServi - Loading from file system: jar:file:/C:/Users/nicol/Desktop/amongu/lib/fxgl-21.1-uber.jar!/fxglassets/ui/fonts/VarelaRound-Regular.ttf
20:43:53.741 [FXGL Background Thread 1 ] DEBUG FXGLAssetLoaderServi - Loading from file system: jar:file:/C:/Users/nicol/Desktop/amongu/lib/fxgl-21.1-uber.jar!/fxglassets/languages/english.lang
20:43:53.757 [FXGL Background Thread 1 ] INFO  FXGLApplication      - FXGL initialization took: 0,380 sec
20:43:53.764 [JavaFX Application Thread] DEBUG Input                - Registered new binding: Mover Arriba - W
20:43:53.765 [JavaFX Application Thread] DEBUG Input                - Registered new binding: Mover Abajo - S
20:43:53.765 [JavaFX Application Thread] DEBUG Input                - Registered new binding: Mover Izquierda - A
20:43:53.765 [JavaFX Application Thread] DEBUG Input                - Registered new binding: Mover Derecha - D
20:43:53.765 [JavaFX Application Thread] DEBUG Input                - Registered new binding: Abrir Camaras - C
20:43:53.765 [JavaFX Application Thread] DEBUG Input                - Registered new binding: Usar Alcantarilla - Space
20:43:53.765 [JavaFX Application Thread] DEBUG Input                - Registered new binding: Vent Izquierda - Left
20:43:53.765 [JavaFX Application Thread] DEBUG Input                - Registered new binding: Vent Derecha - Right
20:43:53.765 [JavaFX Application Thread] DEBUG Input                - Registered new binding: Vent Arriba - Up
20:43:53.766 [JavaFX Application Thread] DEBUG Input                - Registered new binding: Vent Abajo - Down
20:43:53.766 [JavaFX Application Thread] DEBUG FXGLAssetLoaderServi - Loading from file system: file:/C:/Users/nicol/Desktop/amongu/out/production/Among%20Us/assets/textures/icono.png
20:43:53.790 [FXGL Background Thread 4 ] DEBUG FXGLAssetLoaderServi - Loading from file system: jar:file:/C:/Users/nicol/Desktop/amongu/lib/fxgl-21.1-uber.jar!/fxglassets/ui/fonts/Abel-Regular.ttf
20:43:53.795 [FXGL Background Thread 4 ] DEBUG FXGLAssetLoaderServi - Loading from file system: jar:file:/C:/Users/nicol/Desktop/amongu/lib/fxgl-21.1-uber.jar!/fxglassets/ui/fonts/TerminalLandMono-Regular.otf
20:43:53.800 [JavaFX Application Thread] DEBUG FXGLAssetLoaderServi - Loading from file system: jar:file:/C:/Users/nicol/Desktop/amongu/lib/fxgl-21.1-uber.jar!/fxglassets/textures/fxgl_default_cursor.png
20:43:53.803 [FXGL Background Thread 4 ] DEBUG FXGLAssetLoaderServi - Loading from file system: jar:file:/C:/Users/nicol/Desktop/amongu/lib/fxgl-21.1-uber.jar!/fxglassets/ui/fonts/Courier-Prime.ttf
20:43:53.803 [JavaFX Application Thread] DEBUG Input                - Registered new binding: Screenshot - CTRL+8
20:43:53.804 [JavaFX Application Thread] DEBUG Input                - Registered new binding: System info dump - CTRL+9
20:43:53.804 [JavaFX Application Thread] DEBUG Input                - Registered new binding: Restart - CTRL+R
20:43:53.805 [JavaFX Application Thread] DEBUG Input                - Registered new binding: Toggle Debug Camera - CTRL+7
20:43:53.809 [JavaFX Application Thread] DEBUG LoopRunner           - Starting loop
20:43:53.809 [JavaFX Application Thread] DEBUG LoopRunner           - Initializing JavaFX AnimationTimerLoop
20:43:53.811 [JavaFX Application Thread] DEBUG GameApplicationServi - Starting new game
20:43:53.812 [JavaFX Application Thread] DEBUG Input                - Clearing active input actions
20:43:53.825 [JavaFX Application Thread] DEBUG GameApplicationServi - Removing overlay from FXGLStartupScene and adding to FXGLLoadingScene
20:43:53.826 [JavaFX Application Thread] DEBUG PrimaryStageWindow   - FXGLStartupScene -> FXGLLoadingScene
20:43:53.826 [JavaFX Application Thread] DEBUG GameApplicationServi - Clearing previous game
20:43:53.826 [JavaFX Application Thread] DEBUG GameScene            - Clearing game scene
20:43:53.826 [JavaFX Application Thread] DEBUG GameWorld            - Clearing game world
20:43:53.826 [JavaFX Application Thread] DEBUG PhysicsWorld         - Clearing physics world
20:43:53.827 [FXGL Background Thread 4 ] DEBUG FXGLApplication      - Initializing game
20:43:53.827 [JavaFX Application Thread] DEBUG FXGLApplication      - Registering font factories with UI factory
20:43:53.836 [FXGL Background Thread 4 ] DEBUG FXGLAssetLoaderServi - Loading from file system: file:/C:/Users/nicol/Desktop/amongu/out/production/Among%20Us/assets/textures/MonitorDeCamaras.png
20:43:53.903 [FXGL Background Thread 4 ] DEBUG FXGLAssetLoaderServi - Loading from file system: file:/C:/Users/nicol/Desktop/amongu/out/production/Among%20Us/assets/textures/flechaAmarillaIzq.png
20:43:53.910 [FXGL Background Thread 4 ] DEBUG FXGLAssetLoaderServi - Loading from file system: file:/C:/Users/nicol/Desktop/amongu/out/production/Among%20Us/assets/textures/flechaAmarillaDer.png
20:43:53.916 [FXGL Background Thread 4 ] DEBUG FXGLAssetLoaderServi - Loading from file system: file:/C:/Users/nicol/Desktop/amongu/out/production/Among%20Us/assets/music/musicaMenu.mp3
20:43:54.056 [FXGL Background Thread 4 ] DEBUG AudioPlayer          - Playing music com.almasb.fxgl.audio.Music@41ac1adf
20:43:54.343 [FXGL Background Thread 4 ] INFO  FXGLApplication      - Game initialization took: 0,516 sec
20:43:54.344 [JavaFX Application Thread] DEBUG Input                - Clearing active input actions
20:43:54.350 [JavaFX Application Thread] DEBUG GameApplicationServi - Removing overlay from FXGLLoadingScene and adding to GameScene
20:43:54.350 [JavaFX Application Thread] DEBUG PrimaryStageWindow   - FXGLLoadingScene -> GameScene
20:43:54.425 [FXGL Background Thread 2 ] INFO  UpdaterService       - Your current version:  21.1
20:43:54.425 [FXGL Background Thread 2 ] INFO  UpdaterService       - Latest stable version: 25
20:43:56.740 [FXGL Background Thread 3 ] DEBUG Engine               - Logging environment variables
20:43:56.740 [FXGL Background Thread 3 ] DEBUG Engine               - achievements: []
20:43:56.741 [FXGL Background Thread 3 ] DEBUG Engine               - actualHeight: 600.0
20:43:56.741 [FXGL Background Thread 3 ] DEBUG Engine               - actualHeightProperty: ReadOnlyDoubleProperty [value: 600.0]
20:43:56.741 [FXGL Background Thread 3 ] DEBUG Engine               - actualWidth: 800.0
20:43:56.741 [FXGL Background Thread 3 ] DEBUG Engine               - actualWidthProperty: ReadOnlyDoubleProperty [value: 800.0]
20:43:56.741 [FXGL Background Thread 3 ] DEBUG Engine               - appIcon: icono.png
20:43:56.741 [FXGL Background Thread 3 ] DEBUG Engine               - applicationMode: DEVELOPER
20:43:56.741 [FXGL Background Thread 3 ] DEBUG Engine               - cSSList: [fxgl_dark.css]
20:43:56.741 [FXGL Background Thread 3 ] DEBUG Engine               - collisionDetectionStrategy: BRUTE_FORCE
20:43:56.741 [FXGL Background Thread 3 ] DEBUG Engine               - configClass: Optional.empty
20:43:56.741 [FXGL Background Thread 3 ] DEBUG Engine               - credits: []
20:43:56.741 [FXGL Background Thread 3 ] DEBUG Engine               - defaultCursor: CursorInfo(imageName=fxgl_default_cursor.png, hotspotX=7.0, hotspotY=6.0)
20:43:56.741 [FXGL Background Thread 3 ] DEBUG Engine               - devBBoxColorProperty: ObjectProperty [value: 0xff0000ff]
20:43:56.741 [FXGL Background Thread 3 ] DEBUG Engine               - devEnableDebugCameraProperty: BooleanProperty [value: false]
20:43:56.741 [FXGL Background Thread 3 ] DEBUG Engine               - devSensorColorProperty: ObjectProperty [value: 0xffff00ff]
20:43:56.741 [FXGL Background Thread 3 ] DEBUG Engine               - devShowBBoxProperty: BooleanProperty [value: false]
20:43:56.741 [FXGL Background Thread 3 ] DEBUG Engine               - devShowPositionProperty: BooleanProperty [value: false]
20:43:56.741 [FXGL Background Thread 3 ] DEBUG Engine               - enabledMenuItems: []
20:43:56.741 [FXGL Background Thread 3 ] DEBUG Engine               - engineServices: [class com.almasb.fxgl.app.services.FXGLAssetLoaderService, class com.almasb.fxgl.app.FXGLApplication$GameApplicationService, class com.almasb.fxgl.app.services.FXGLDialogService, class com.almasb.fxgl.app.services.IOTaskExecutorService, class com.almasb.fxgl.io.FileSystemService, class com.almasb.fxgl.localization.LocalizationService, class com.almasb.fxgl.app.services.SystemBundleService, class com.almasb.fxgl.profile.SaveLoadService, class com.almasb.fxgl.ui.FXGLUIFactoryServiceProvider, class com.almasb.fxgl.ui.FXGLDialogFactoryServiceProvider, class com.almasb.fxgl.audio.AudioPlayer, class com.almasb.fxgl.notification.impl.NotificationServiceProvider, class com.almasb.fxgl.achievement.AchievementService, class com.almasb.fxgl.cutscene.CutsceneService, class com.almasb.fxgl.minigames.MiniGameService, class com.almasb.fxgl.net.NetService, class com.almasb.fxgl.app.services.UpdaterService, class com.almasb.fxgl.dev.DevService]
20:43:56.741 [FXGL Background Thread 3 ] DEBUG Engine               - fontGame: Abel-Regular.ttf
20:43:56.741 [FXGL Background Thread 3 ] DEBUG Engine               - fontMono: TerminalLandMono-Regular.otf
20:43:56.742 [FXGL Background Thread 3 ] DEBUG Engine               - fontSizeScaleUI: 1.0
20:43:56.742 [FXGL Background Thread 3 ] DEBUG Engine               - fontText: Courier-Prime.ttf
20:43:56.742 [FXGL Background Thread 3 ] DEBUG Engine               - fontUI: VarelaRound-Regular.ttf
20:43:56.742 [FXGL Background Thread 3 ] DEBUG Engine               - fullScreen: BooleanProperty [value: false]
20:43:56.742 [FXGL Background Thread 3 ] DEBUG Engine               - gameDifficulty: MEDIUM
20:43:56.742 [FXGL Background Thread 3 ] DEBUG Engine               - gameDifficultyProperty: ObjectProperty [value: MEDIUM]
20:43:56.742 [FXGL Background Thread 3 ] DEBUG Engine               - globalMusicVolume: 0.5
20:43:56.742 [FXGL Background Thread 3 ] DEBUG Engine               - globalMusicVolumeProperty: DoubleProperty [value: 0.4]
20:43:56.742 [FXGL Background Thread 3 ] DEBUG Engine               - globalSoundVolume: 0.5
20:43:56.743 [FXGL Background Thread 3 ] DEBUG Engine               - globalSoundVolumeProperty: DoubleProperty [value: 0.5]
20:43:56.743 [FXGL Background Thread 3 ] DEBUG Engine               - height: 600
20:43:56.743 [FXGL Background Thread 3 ] DEBUG Engine               - is3D: false
20:43:56.743 [FXGL Background Thread 3 ] DEBUG Engine               - isAndroid: false
20:43:56.743 [FXGL Background Thread 3 ] DEBUG Engine               - isBrowser: false
20:43:56.743 [FXGL Background Thread 3 ] DEBUG Engine               - isClickFeedbackEnabled: false
20:43:56.743 [FXGL Background Thread 3 ] DEBUG Engine               - isCloseConfirmation: false
20:43:56.743 [FXGL Background Thread 3 ] DEBUG Engine               - isDesktop: true
20:43:56.743 [FXGL Background Thread 3 ] DEBUG Engine               - isDeveloperMenuEnabled: false
20:43:56.743 [FXGL Background Thread 3 ] DEBUG Engine               - isEmbedded: false
20:43:56.743 [FXGL Background Thread 3 ] DEBUG Engine               - isEntityPreloadEnabled: true
20:43:56.743 [FXGL Background Thread 3 ] DEBUG Engine               - isExperimentalTiledLargeMap: false
20:43:56.743 [FXGL Background Thread 3 ] DEBUG Engine               - isFileSystemWriteAllowed: true
20:43:56.743 [FXGL Background Thread 3 ] DEBUG Engine               - isFullScreenAllowed: false
20:43:56.743 [FXGL Background Thread 3 ] DEBUG Engine               - isFullScreenFromStart: false
20:43:56.743 [FXGL Background Thread 3 ] DEBUG Engine               - isGameMenuEnabled: true
20:43:56.743 [FXGL Background Thread 3 ] DEBUG Engine               - isIOS: false
20:43:56.743 [FXGL Background Thread 3 ] DEBUG Engine               - isIntroEnabled: false
20:43:56.745 [FXGL Background Thread 3 ] DEBUG Engine               - isLinux: false
20:43:56.745 [FXGL Background Thread 3 ] DEBUG Engine               - isMac: false
20:43:56.745 [FXGL Background Thread 3 ] DEBUG Engine               - isMainMenuEnabled: false
20:43:56.745 [FXGL Background Thread 3 ] DEBUG Engine               - isManualResizeEnabled: false
20:43:56.745 [FXGL Background Thread 3 ] DEBUG Engine               - isMobile: false
20:43:56.745 [FXGL Background Thread 3 ] DEBUG Engine               - isNative: false
20:43:56.745 [FXGL Background Thread 3 ] DEBUG Engine               - isPauseMusicWhenMinimized: true
20:43:56.745 [FXGL Background Thread 3 ] DEBUG Engine               - isPreserveResizeRatio: false
20:43:56.745 [FXGL Background Thread 3 ] DEBUG Engine               - isProfilingEnabled: false
20:43:56.745 [FXGL Background Thread 3 ] DEBUG Engine               - isScaleAffectedOnResize: true
20:43:56.745 [FXGL Background Thread 3 ] DEBUG Engine               - isSingleStep: false
20:43:56.745 [FXGL Background Thread 3 ] DEBUG Engine               - isUserProfileEnabled: false
20:43:56.745 [FXGL Background Thread 3 ] DEBUG Engine               - isWindows: true
20:43:56.745 [FXGL Background Thread 3 ] DEBUG Engine               - language: ObjectProperty [value: ENGLISH]
20:43:56.745 [FXGL Background Thread 3 ] DEBUG Engine               - menuKey: ESCAPE
20:43:56.745 [FXGL Background Thread 3 ] DEBUG Engine               - mouseSensitivity: 0.2
20:43:56.745 [FXGL Background Thread 3 ] DEBUG Engine               - notificationViewClass: class com.almasb.fxgl.notification.view.XboxNotificationView
20:43:56.745 [FXGL Background Thread 3 ] DEBUG Engine               - pixelsPerMeter: 50.0
20:43:56.745 [FXGL Background Thread 3 ] DEBUG Engine               - platform: WINDOWS
20:43:56.745 [FXGL Background Thread 3 ] DEBUG Engine               - prefHeightProperty: ReadOnlyDoubleProperty [value: 600.0]
20:43:56.745 [FXGL Background Thread 3 ] DEBUG Engine               - prefWidthProperty: ReadOnlyDoubleProperty [value: 800.0]
20:43:56.745 [FXGL Background Thread 3 ] DEBUG Engine               - profileDir: profiles/
20:43:56.745 [FXGL Background Thread 3 ] DEBUG Engine               - profileName: StringProperty [value: DEFAULT]
20:43:56.745 [FXGL Background Thread 3 ] DEBUG Engine               - randomSeed: -1
20:43:56.747 [FXGL Background Thread 3 ] DEBUG Engine               - runtimeInfo: RuntimeInfo(platform=WINDOWS, version=21.1, build=26.03.2024 17.33)
20:43:56.747 [FXGL Background Thread 3 ] DEBUG Engine               - saveFileExt: sav
20:43:56.747 [FXGL Background Thread 3 ] DEBUG Engine               - scaledHeightProp$fxgl: DoubleProperty [bound, value: 600.0]
20:43:56.747 [FXGL Background Thread 3 ] DEBUG Engine               - scaledWidthProp$fxgl: DoubleProperty [bound, value: 800.0]
20:43:56.747 [FXGL Background Thread 3 ] DEBUG Engine               - sceneFactory: com.almasb.fxgl.app.scene.SceneFactory@6b3f9d24
20:43:56.747 [FXGL Background Thread 3 ] DEBUG Engine               - secondsIn24h: 60
20:43:56.747 [FXGL Background Thread 3 ] DEBUG Engine               - soundMenuBack: menu/back.wav
20:43:56.747 [FXGL Background Thread 3 ] DEBUG Engine               - soundMenuPress: menu/press.wav
20:43:56.747 [FXGL Background Thread 3 ] DEBUG Engine               - soundMenuSelect: menu/select.wav
20:43:56.747 [FXGL Background Thread 3 ] DEBUG Engine               - soundNotification: core/notification.wav
20:43:56.747 [FXGL Background Thread 3 ] DEBUG Engine               - stageStyle: DECORATED
20:43:56.747 [FXGL Background Thread 3 ] DEBUG Engine               - supportedLanguages: [ENGLISH, FRENCH, GERMAN, HUNGARIAN, RUSSIAN]
20:43:56.747 [FXGL Background Thread 3 ] DEBUG Engine               - ticksPerSecond: -1
20:43:56.748 [FXGL Background Thread 3 ] DEBUG Engine               - title: Among Us UNEG
20:43:56.748 [FXGL Background Thread 3 ] DEBUG Engine               - urlGithub: https://github.com/AlmasB/FXGL
20:43:56.748 [FXGL Background Thread 3 ] DEBUG Engine               - urlLeaderboard: http://fxgl-top.herokuapp.com/
20:43:56.748 [FXGL Background Thread 3 ] DEBUG Engine               - urlPOM: https://raw.githubusercontent.com/AlmasB/FXGL/release/README.md
20:43:56.748 [FXGL Background Thread 3 ] DEBUG Engine               - userAppClass: class main.java.amongUs.AppPrincipal
20:43:56.748 [FXGL Background Thread 3 ] DEBUG Engine               - version: 0.0
20:43:56.748 [FXGL Background Thread 3 ] DEBUG Engine               - versionCheckDays: 7
20:43:56.748 [FXGL Background Thread 3 ] DEBUG Engine               - width: 800
20:43:56.748 [FXGL Background Thread 3 ] DEBUG Engine               - Logging services
20:43:56.748 [FXGL Background Thread 3 ] DEBUG Engine               - class com.almasb.fxgl.app.services.FXGLAssetLoaderService
20:43:56.748 [FXGL Background Thread 3 ] DEBUG Engine               - class com.almasb.fxgl.app.FXGLApplication$GameApplicationService
20:43:56.748 [FXGL Background Thread 3 ] DEBUG Engine               - class com.almasb.fxgl.app.services.FXGLDialogService
20:43:56.748 [FXGL Background Thread 3 ] DEBUG Engine               - class com.almasb.fxgl.app.services.IOTaskExecutorService
20:43:56.748 [FXGL Background Thread 3 ] DEBUG Engine               - class com.almasb.fxgl.io.FileSystemService
20:43:56.748 [FXGL Background Thread 3 ] DEBUG Engine               - class com.almasb.fxgl.localization.LocalizationService
20:43:56.748 [FXGL Background Thread 3 ] DEBUG Engine               - class com.almasb.fxgl.app.services.SystemBundleService
20:43:56.748 [FXGL Background Thread 3 ] DEBUG Engine               - class com.almasb.fxgl.profile.SaveLoadService
20:43:56.748 [FXGL Background Thread 3 ] DEBUG Engine               - class com.almasb.fxgl.ui.FXGLUIFactoryServiceProvider
20:43:56.748 [FXGL Background Thread 3 ] DEBUG Engine               - class com.almasb.fxgl.ui.FXGLDialogFactoryServiceProvider
20:43:56.748 [FXGL Background Thread 3 ] DEBUG Engine               - class com.almasb.fxgl.audio.AudioPlayer
20:43:56.748 [FXGL Background Thread 3 ] DEBUG Engine               - class com.almasb.fxgl.notification.impl.NotificationServiceProvider
20:43:56.749 [FXGL Background Thread 3 ] DEBUG Engine               - class com.almasb.fxgl.achievement.AchievementService
20:43:56.749 [FXGL Background Thread 3 ] DEBUG Engine               - class com.almasb.fxgl.cutscene.CutsceneService
20:43:56.749 [FXGL Background Thread 3 ] DEBUG Engine               - class com.almasb.fxgl.minigames.MiniGameService
20:43:56.749 [FXGL Background Thread 3 ] DEBUG Engine               - class com.almasb.fxgl.net.NetService
20:43:56.749 [FXGL Background Thread 3 ] DEBUG Engine               - class com.almasb.fxgl.app.services.UpdaterService
20:43:56.749 [FXGL Background Thread 3 ] DEBUG Engine               - class com.almasb.fxgl.dev.DevService
20:43:58.261 [JavaFX Application Thread] DEBUG FXGLAssetLoaderServi - Loading from file system: file:/C:/Users/nicol/Desktop/amongu/out/production/Among%20Us/assets/sounds/clickBoton.wav
20:44:04.086 [JavaFX Application Thread] DEBUG FXGLAssetLoaderServi - Loading from file system: file:/C:/Users/nicol/Desktop/amongu/out/production/Among%20Us/assets/textures/tripulante_negro.png
20:44:06.520 [JavaFX Application Thread] DEBUG FXGLAssetLoaderServi - Loading from file system: file:/C:/Users/nicol/Desktop/amongu/out/production/Among%20Us/assets/textures/tripulante_rosa.png
20:44:07.638 [JavaFX Application Thread] WARN  TMXLevelLoader       - TiledMap generated from 1.11.2. Supported version: 1.9.0. Some features may not be parsed fully.
20:44:07.661 [JavaFX Application Thread] DEBUG TMXLevelLoader       - Parsed TiledMap: file:/C:/Users/nicol/Desktop/amongu/out/production/Among%20Us/assets/levels/mapa2.tmx
20:44:07.662 [JavaFX Application Thread] DEBUG TMXLevelLoader       - Creating tile layer entities
20:44:07.663 [JavaFX Application Thread] DEBUG TilesetLoader        - Loading view for layer fondo1
20:44:07.664 [JavaFX Application Thread] DEBUG TilesetLoader        - Created buffer with size 992.0x960.0
20:44:07.669 [JavaFX Application Thread] DEBUG TilesetLoader        - Loading view for layer fondo
20:44:07.670 [JavaFX Application Thread] DEBUG TilesetLoader        - Created buffer with size 992.0x960.0
20:44:07.672 [JavaFX Application Thread] DEBUG TilesetLoader        - Loading view for layer piso
20:44:07.673 [JavaFX Application Thread] DEBUG TilesetLoader        - Created buffer with size 992.0x960.0
20:44:07.679 [JavaFX Application Thread] DEBUG TilesetLoader        - Loading view for layer piso1
20:44:07.679 [JavaFX Application Thread] DEBUG TilesetLoader        - Created buffer with size 992.0x960.0
20:44:07.682 [JavaFX Application Thread] DEBUG TilesetLoader        - Loading view for layer izquierda
20:44:07.684 [JavaFX Application Thread] DEBUG TilesetLoader        - Created buffer with size 992.0x960.0
20:44:07.688 [JavaFX Application Thread] DEBUG TilesetLoader        - Loading view for layer detallesatraspared
20:44:07.688 [JavaFX Application Thread] DEBUG TilesetLoader        - Created buffer with size 992.0x960.0
20:44:07.707 [JavaFX Application Thread] DEBUG TilesetLoader        - Loading view for layer pared2
20:44:07.708 [JavaFX Application Thread] DEBUG TilesetLoader        - Created buffer with size 992.0x960.0
20:44:07.714 [JavaFX Application Thread] DEBUG TilesetLoader        - Loading view for layer techo1
20:44:07.714 [JavaFX Application Thread] DEBUG TilesetLoader        - Created buffer with size 992.0x960.0
20:44:07.717 [JavaFX Application Thread] DEBUG TilesetLoader        - Loading view for layer techo2
20:44:07.718 [JavaFX Application Thread] DEBUG TilesetLoader        - Created buffer with size 992.0x960.0
20:44:07.721 [JavaFX Application Thread] DEBUG TilesetLoader        - Loading view for layer puertita
20:44:07.722 [JavaFX Application Thread] DEBUG TilesetLoader        - Created buffer with size 992.0x960.0
20:44:07.722 [JavaFX Application Thread] DEBUG TilesetLoader        - Loading view for layer puerta
20:44:07.723 [JavaFX Application Thread] DEBUG TilesetLoader        - Created buffer with size 992.0x960.0
20:44:07.723 [JavaFX Application Thread] DEBUG TilesetLoader        - Loading view for layer detalles
20:44:07.726 [JavaFX Application Thread] DEBUG TilesetLoader        - Created buffer with size 992.0x960.0
20:44:07.737 [JavaFX Application Thread] DEBUG TilesetLoader        - Loading view for layer detalles 2
20:44:07.738 [JavaFX Application Thread] DEBUG TilesetLoader        - Created buffer with size 992.0x960.0
20:44:07.745 [JavaFX Application Thread] DEBUG TilesetLoader        - Loading view for layer detalles3
20:44:07.746 [JavaFX Application Thread] DEBUG TilesetLoader        - Created buffer with size 992.0x960.0
20:44:07.750 [JavaFX Application Thread] WARN  TMXLevelLoader       - Parse error
java.lang.IllegalArgumentException: Tileset for gid=5844 not found
	at com.almasb.fxgl.entity.level.tiled.TilesetLoader.findTileset(TilesetLoader.kt:418)
	at com.almasb.fxgl.entity.level.tiled.TilesetLoader.loadView(TilesetLoader.kt:117)
	at com.almasb.fxgl.entity.level.tiled.TMXLevelLoader$createTileLayerEntities$1.invoke(TMXLevelLoader.kt:99)
	at com.almasb.fxgl.entity.level.tiled.TMXLevelLoader$createTileLayerEntities$1.invoke(TMXLevelLoader.kt:88)
	at com.almasb.fxgl.entity.level.tiled.TMXLevelLoader.createTileLayerEntities$lambda$3(TMXLevelLoader.kt:88)
	at java.base/java.util.stream.ReferencePipeline$3$1.accept(ReferencePipeline.java:214)
	at java.base/java.util.ArrayList$ArrayListSpliterator.forEachRemaining(ArrayList.java:1716)
	at java.base/java.util.stream.AbstractPipeline.copyInto(AbstractPipeline.java:570)
	at java.base/java.util.stream.AbstractPipeline.wrapAndCopyInto(AbstractPipeline.java:560)
	at java.base/java.util.stream.ReduceOps$ReduceOp.evaluateSequential(ReduceOps.java:921)
	at java.base/java.util.stream.AbstractPipeline.evaluate(AbstractPipeline.java:265)
	at java.base/java.util.stream.ReferencePipeline.collect(ReferencePipeline.java:723)
	at com.almasb.fxgl.entity.level.tiled.TMXLevelLoader.createTileLayerEntities(TMXLevelLoader.kt:116)
	at com.almasb.fxgl.entity.level.tiled.TMXLevelLoader.load(TMXLevelLoader.kt:58)
	at com.almasb.fxgl.app.services.FXGLAssetLoaderService.loadLevel(FXGLAssetLoaderService.kt:449)
	at com.almasb.fxgl.dsl.FXGL$Companion.setLevelFromMap(FXGL.kt:643)
	at com.almasb.fxgl.dsl.FXGL.setLevelFromMap(FXGL.kt)
	at main.java.amongUs.AppPrincipal.empezarPartida(AppPrincipal.java:475)
	at main.java.amongUs.Cliente$1.lambda$received$2(Cliente.java:59)
	at com.sun.javafx.application.PlatformImpl.lambda$runLater$10(PlatformImpl.java:456)
	at java.base/java.security.AccessController.doPrivileged(AccessController.java:138)
	at com.sun.javafx.application.PlatformImpl.lambda$runLater$11(PlatformImpl.java:455)
	at com.sun.glass.ui.InvokeLaterDispatcher$Future.run(InvokeLaterDispatcher.java:95)
	at com.sun.glass.ui.win.WinApplication._runLoop(Native Method)
	at com.sun.glass.ui.win.WinApplication.lambda$runLoop$3(WinApplication.java:185)
	at java.base/java.lang.Thread.run(Thread.java:1474)

20:44:12.751 [JavaFX Application Thread] DEBUG FXGLApplication      - Exiting FXGL
20:44:12.751 [JavaFX Application Thread] DEBUG LoopRunner           - Stopping loop
20:44:12.751 [JavaFX Application Thread] DEBUG SystemBundleService  - Saving FXGL system data
20:44:12.753 [JavaFX Application Thread] DEBUG FileSystemAccess     - Writing to: C:\Users\nicol\Desktop\amongu\system\fxgl.bundle
20:44:12.754 [JavaFX Application Thread] DEBUG Async                - Shutting down background threads
20:44:12.754 [JavaFX Application Thread] DEBUG PrimaryStageWindow   - Closing main window
20:44:12.785 [JavaFX Application Thread] DEBUG Logger               - Closing Logger
