13:05:00.984 [main                     ] DEBUG Logger               - Configured Logger
13:05:00.988 [main                     ] DEBUG GameApplication      - Logging settings
Title: Among Us UNEG
Version: 0.0
Width: 800
Height: 600
Fullscreen: false
Intro: false
Profiling: false
Single step:false
App Mode: DEVELOPER
Menu Key: ESCAPE
Stage Style: DECORATED
Scene Factory: class com.almasb.fxgl.app.scene.SceneFactory

13:05:01.439 [JavaFX Application Thread] DEBUG FXGLApplication      - Initializing FXGL
13:05:01.442 [JavaFX Application Thread] INFO  Engine               - FXGL-21.1 (26.03.2024 17.33) on WINDOWS (J:25.0.2 FX:21.0.1)
13:05:01.442 [JavaFX Application Thread] DEBUG Engine               - JRE Vendor Name: Oracle Corporation
13:05:01.442 [JavaFX Application Thread] DEBUG Engine               - Running on OS: Windows 11 version 10.0
13:05:01.442 [JavaFX Application Thread] DEBUG Engine               - Architecture: amd64
13:05:01.442 [JavaFX Application Thread] INFO  Engine               - Source code and latest versions at: https://github.com/AlmasB/FXGL
13:05:01.443 [JavaFX Application Thread] INFO  Engine               -       Ask questions and discuss at: https://github.com/AlmasB/FXGL/discussions
13:05:01.443 [JavaFX Application Thread] INFO  Engine               -              Join the FXGL chat at: https://gitter.im/AlmasB/FXGL
13:05:01.525 [JavaFX Application Thread] DEBUG PrimaryStageWindow   - Creating a JavaFX scene
13:05:01.572 [JavaFX Application Thread] DEBUG PrimaryStageWindow   - Target settings size: 800.0 x 600.0
13:05:01.572 [JavaFX Application Thread] DEBUG PrimaryStageWindow   - Scaled scene size:    800.0 x 600.0
13:05:01.572 [JavaFX Application Thread] DEBUG PrimaryStageWindow   - Scaled ratio: (1.0, 1.0)
13:05:01.573 [JavaFX Application Thread] DEBUG PrimaryStageWindow   - Set initial scene to FXGLStartupScene
13:05:01.575 [JavaFX Application Thread] DEBUG PrimaryStageWindow   - Opening main window
13:05:01.674 [JavaFX Application Thread] DEBUG PrimaryStageWindow   - Window border size: (14.66668701171875, 37.33331298828125)
13:05:01.675 [JavaFX Application Thread] DEBUG PrimaryStageWindow   - Scaled size: 800.0 x 600.0
13:05:01.675 [JavaFX Application Thread] DEBUG PrimaryStageWindow   - Scaled ratio: (1.0, 1.0)
13:05:01.675 [JavaFX Application Thread] DEBUG PrimaryStageWindow   - Scene size: 800.0 x 600.0
13:05:01.676 [JavaFX Application Thread] DEBUG PrimaryStageWindow   - Stage size: 814.6666870117188 x 637.3333129882812
13:05:01.684 [FXGL Background Thread 1 ] DEBUG Engine               - Initializing environment variables
13:05:01.741 [FXGL Background Thread 1 ] DEBUG FXGLAssetLoaderServi - User app class for loading assets: class main.java.amongUs.AppPrincipal
13:05:01.741 [FXGL Background Thread 1 ] DEBUG GameApplicationServi - Applying CSS: fxgl_dark.css
13:05:01.742 [FXGL Background Thread 1 ] DEBUG FXGLAssetLoaderServi - Loading from file system: jar:file:/C:/Users/nicol/Desktop/amongu/lib/fxgl-21.1-uber.jar!/fxglassets/ui/css/fxgl_dark.css
13:05:01.777 [FXGL Background Thread 1 ] DEBUG GameApplicationServi - Initializing application scenes
13:05:01.816 [FXGL Background Thread 1 ] DEBUG GameWorld            - Game world initialized
13:05:01.866 [FXGL Background Thread 1 ] DEBUG PhysicsWorld         - Physics world initialized: appHeight=600, physics.ppm=50,0
13:05:01.866 [FXGL Background Thread 1 ] DEBUG PhysicsWorld         - Using strategy: BRUTE_FORCE
13:05:01.869 [FXGL Background Thread 1 ] DEBUG GameScene            - Game scene initialized: 800x600
13:05:01.879 [FXGL Background Thread 1 ] DEBUG FXGL.DefaultMenu     - createMenuBodyGameMenu()
13:05:01.889 [FXGL Background Thread 1 ] DEBUG FXGL.DefaultMenu     - createOptionsMenu()
13:05:01.898 [FXGL Background Thread 1 ] DEBUG FXGLAssetLoaderServi - Loading from file system: jar:file:/C:/Users/nicol/Desktop/amongu/lib/fxgl-21.1-uber.jar!/fxglassets/textures/particles/smoke.png
13:05:01.971 [FXGL Background Thread 1 ] DEBUG FXGLAssetLoaderServi - Loading from file system: jar:file:/C:/Users/nicol/Desktop/amongu/lib/fxgl-21.1-uber.jar!/fxglassets/textures/particles/trace_horizontal.png
13:05:01.991 [FXGL Background Thread 1 ] DEBUG GameApplicationServi - Application scenes initialized
13:05:01.999 [FXGL Background Thread 1 ] DEBUG SystemBundleService  - Loading FXGL system data
13:05:02.003 [FXGL Background Thread 1 ] DEBUG FileSystemAccess     - Reading from: C:\Users\nicol\Desktop\amongu\system\fxgl.bundle
13:05:02.007 [FXGL Background Thread 1 ] DEBUG SystemBundleService  - Bundle FXGL: {}
13:05:02.007 [FXGL Background Thread 1 ] DEBUG UpdaterService       - Checking for updates
13:05:02.011 [FXGL Background Thread 4 ] DEBUG FXGLApplication      - Loading fonts
13:05:02.011 [FXGL Background Thread 1 ] DEBUG FXGLApplication      - Loading default localization
13:05:02.011 [FXGL Background Thread 4 ] DEBUG FXGLAssetLoaderServi - Loading from file system: jar:file:/C:/Users/nicol/Desktop/amongu/lib/fxgl-21.1-uber.jar!/fxglassets/ui/fonts/VarelaRound-Regular.ttf
13:05:02.011 [FXGL Background Thread 1 ] DEBUG FXGLAssetLoaderServi - Loading from file system: jar:file:/C:/Users/nicol/Desktop/amongu/lib/fxgl-21.1-uber.jar!/fxglassets/languages/english.lang
13:05:02.025 [FXGL Background Thread 1 ] INFO  FXGLApplication      - FXGL initialization took: 0,341 sec
13:05:02.031 [JavaFX Application Thread] DEBUG Input                - Registered new binding: Mover Arriba - W
13:05:02.032 [JavaFX Application Thread] DEBUG Input                - Registered new binding: Mover Abajo - S
13:05:02.032 [JavaFX Application Thread] DEBUG Input                - Registered new binding: Mover Izquierda - A
13:05:02.032 [JavaFX Application Thread] DEBUG Input                - Registered new binding: Mover Derecha - D
13:05:02.032 [JavaFX Application Thread] DEBUG Input                - Registered new binding: Abrir Camaras - C
13:05:02.032 [JavaFX Application Thread] DEBUG Input                - Registered new binding: Usar Alcantarilla - Space
13:05:02.032 [JavaFX Application Thread] DEBUG Input                - Registered new binding: Vent Izquierda - Left
13:05:02.032 [JavaFX Application Thread] DEBUG Input                - Registered new binding: Vent Derecha - Right
13:05:02.032 [JavaFX Application Thread] DEBUG Input                - Registered new binding: Vent Arriba - Up
13:05:02.032 [JavaFX Application Thread] DEBUG Input                - Registered new binding: Vent Abajo - Down
13:05:02.032 [JavaFX Application Thread] DEBUG Input                - Registered new binding: Matar Jugador - Q
13:05:02.032 [JavaFX Application Thread] DEBUG Input                - Registered new binding: Reportar Cadaver - R
13:05:02.033 [JavaFX Application Thread] DEBUG FXGLAssetLoaderServi - Loading from file system: file:/C:/Users/nicol/Desktop/amongu/out/production/Among%20Us/assets/textures/icono.png
13:05:02.053 [JavaFX Application Thread] DEBUG FXGLAssetLoaderServi - Loading from file system: jar:file:/C:/Users/nicol/Desktop/amongu/lib/fxgl-21.1-uber.jar!/fxglassets/textures/fxgl_default_cursor.png
13:05:02.054 [FXGL Background Thread 4 ] DEBUG FXGLAssetLoaderServi - Loading from file system: jar:file:/C:/Users/nicol/Desktop/amongu/lib/fxgl-21.1-uber.jar!/fxglassets/ui/fonts/Abel-Regular.ttf
13:05:02.056 [JavaFX Application Thread] DEBUG Input                - Registered new binding: Screenshot - CTRL+8
13:05:02.057 [JavaFX Application Thread] DEBUG Input                - Registered new binding: System info dump - CTRL+9
13:05:02.057 [JavaFX Application Thread] DEBUG Input                - Registered new binding: Restart - CTRL+R
13:05:02.058 [JavaFX Application Thread] DEBUG Input                - Registered new binding: Toggle Debug Camera - CTRL+7
13:05:02.059 [FXGL Background Thread 4 ] DEBUG FXGLAssetLoaderServi - Loading from file system: jar:file:/C:/Users/nicol/Desktop/amongu/lib/fxgl-21.1-uber.jar!/fxglassets/ui/fonts/TerminalLandMono-Regular.otf
13:05:02.060 [JavaFX Application Thread] DEBUG LoopRunner           - Starting loop
13:05:02.060 [JavaFX Application Thread] DEBUG LoopRunner           - Initializing JavaFX AnimationTimerLoop
13:05:02.060 [JavaFX Application Thread] DEBUG GameApplicationServi - Starting new game
13:05:02.061 [JavaFX Application Thread] DEBUG Input                - Clearing active input actions
13:05:02.063 [FXGL Background Thread 4 ] DEBUG FXGLAssetLoaderServi - Loading from file system: jar:file:/C:/Users/nicol/Desktop/amongu/lib/fxgl-21.1-uber.jar!/fxglassets/ui/fonts/Courier-Prime.ttf
13:05:02.073 [JavaFX Application Thread] DEBUG GameApplicationServi - Removing overlay from FXGLStartupScene and adding to FXGLLoadingScene
13:05:02.073 [JavaFX Application Thread] DEBUG PrimaryStageWindow   - FXGLStartupScene -> FXGLLoadingScene
13:05:02.073 [JavaFX Application Thread] DEBUG GameApplicationServi - Clearing previous game
13:05:02.073 [JavaFX Application Thread] DEBUG GameScene            - Clearing game scene
13:05:02.073 [JavaFX Application Thread] DEBUG GameWorld            - Clearing game world
13:05:02.073 [JavaFX Application Thread] DEBUG PhysicsWorld         - Clearing physics world
13:05:02.075 [FXGL Background Thread 4 ] DEBUG FXGLApplication      - Initializing game
13:05:02.082 [FXGL Background Thread 4 ] DEBUG FXGLAssetLoaderServi - Loading from file system: file:/C:/Users/nicol/Desktop/amongu/out/production/Among%20Us/assets/music/musicaMenu.mp3
13:05:02.116 [JavaFX Application Thread] DEBUG FXGLApplication      - Registering font factories with UI factory
13:05:02.209 [FXGL Background Thread 4 ] DEBUG AudioPlayer          - Playing music com.almasb.fxgl.audio.Music@7bb7926a
13:05:02.495 [FXGL Background Thread 4 ] INFO  FXGLApplication      - Game initialization took: 0,420 sec
13:05:02.496 [JavaFX Application Thread] DEBUG Input                - Clearing active input actions
13:05:02.505 [JavaFX Application Thread] DEBUG GameApplicationServi - Removing overlay from FXGLLoadingScene and adding to GameScene
13:05:02.505 [JavaFX Application Thread] DEBUG PrimaryStageWindow   - FXGLLoadingScene -> GameScene
13:05:02.548 [FXGL Background Thread 2 ] INFO  UpdaterService       - Your current version:  21.1
13:05:02.549 [FXGL Background Thread 2 ] INFO  UpdaterService       - Latest stable version: 25
13:05:03.095 [JavaFX Application Thread] DEBUG FXGLAssetLoaderServi - Loading from file system: file:/C:/Users/nicol/Desktop/amongu/out/production/Among%20Us/assets/sounds/clickBoton.wav
13:05:05.011 [FXGL Background Thread 3 ] DEBUG Engine               - Logging environment variables
13:05:05.012 [FXGL Background Thread 3 ] DEBUG Engine               - achievements: []
13:05:05.012 [FXGL Background Thread 3 ] DEBUG Engine               - actualHeight: 600.0
13:05:05.012 [FXGL Background Thread 3 ] DEBUG Engine               - actualHeightProperty: ReadOnlyDoubleProperty [value: 600.0]
13:05:05.012 [FXGL Background Thread 3 ] DEBUG Engine               - actualWidth: 800.0
13:05:05.013 [FXGL Background Thread 3 ] DEBUG Engine               - actualWidthProperty: ReadOnlyDoubleProperty [value: 800.0]
13:05:05.013 [FXGL Background Thread 3 ] DEBUG Engine               - appIcon: icono.png
13:05:05.013 [FXGL Background Thread 3 ] DEBUG Engine               - applicationMode: DEVELOPER
13:05:05.013 [FXGL Background Thread 3 ] DEBUG Engine               - cSSList: [fxgl_dark.css]
13:05:05.013 [FXGL Background Thread 3 ] DEBUG Engine               - collisionDetectionStrategy: BRUTE_FORCE
13:05:05.013 [FXGL Background Thread 3 ] DEBUG Engine               - configClass: Optional.empty
13:05:05.013 [FXGL Background Thread 3 ] DEBUG Engine               - credits: []
13:05:05.014 [FXGL Background Thread 3 ] DEBUG Engine               - defaultCursor: CursorInfo(imageName=fxgl_default_cursor.png, hotspotX=7.0, hotspotY=6.0)
13:05:05.014 [FXGL Background Thread 3 ] DEBUG Engine               - devBBoxColorProperty: ObjectProperty [value: 0xff0000ff]
13:05:05.015 [FXGL Background Thread 3 ] DEBUG Engine               - devEnableDebugCameraProperty: BooleanProperty [value: false]
13:05:05.015 [FXGL Background Thread 3 ] DEBUG Engine               - devSensorColorProperty: ObjectProperty [value: 0xffff00ff]
13:05:05.015 [FXGL Background Thread 3 ] DEBUG Engine               - devShowBBoxProperty: BooleanProperty [value: false]
13:05:05.015 [FXGL Background Thread 3 ] DEBUG Engine               - devShowPositionProperty: BooleanProperty [value: false]
13:05:05.016 [FXGL Background Thread 3 ] DEBUG Engine               - enabledMenuItems: []
13:05:05.016 [FXGL Background Thread 3 ] DEBUG Engine               - engineServices: [class com.almasb.fxgl.app.services.FXGLAssetLoaderService, class com.almasb.fxgl.app.FXGLApplication$GameApplicationService, class com.almasb.fxgl.app.services.FXGLDialogService, class com.almasb.fxgl.app.services.IOTaskExecutorService, class com.almasb.fxgl.io.FileSystemService, class com.almasb.fxgl.localization.LocalizationService, class com.almasb.fxgl.app.services.SystemBundleService, class com.almasb.fxgl.profile.SaveLoadService, class com.almasb.fxgl.ui.FXGLUIFactoryServiceProvider, class com.almasb.fxgl.ui.FXGLDialogFactoryServiceProvider, class com.almasb.fxgl.audio.AudioPlayer, class com.almasb.fxgl.notification.impl.NotificationServiceProvider, class com.almasb.fxgl.achievement.AchievementService, class com.almasb.fxgl.cutscene.CutsceneService, class com.almasb.fxgl.minigames.MiniGameService, class com.almasb.fxgl.net.NetService, class com.almasb.fxgl.app.services.UpdaterService, class com.almasb.fxgl.dev.DevService]
13:05:05.016 [FXGL Background Thread 3 ] DEBUG Engine               - fontGame: Abel-Regular.ttf
13:05:05.017 [FXGL Background Thread 3 ] DEBUG Engine               - fontMono: TerminalLandMono-Regular.otf
13:05:05.017 [FXGL Background Thread 3 ] DEBUG Engine               - fontSizeScaleUI: 1.0
13:05:05.017 [FXGL Background Thread 3 ] DEBUG Engine               - fontText: Courier-Prime.ttf
13:05:05.017 [FXGL Background Thread 3 ] DEBUG Engine               - fontUI: VarelaRound-Regular.ttf
13:05:05.017 [FXGL Background Thread 3 ] DEBUG Engine               - fullScreen: BooleanProperty [value: false]
13:05:05.017 [FXGL Background Thread 3 ] DEBUG Engine               - gameDifficulty: MEDIUM
13:05:05.017 [FXGL Background Thread 3 ] DEBUG Engine               - gameDifficultyProperty: ObjectProperty [value: MEDIUM]
13:05:05.017 [FXGL Background Thread 3 ] DEBUG Engine               - globalMusicVolume: 0.5
13:05:05.017 [FXGL Background Thread 3 ] DEBUG Engine               - globalMusicVolumeProperty: DoubleProperty [value: 0.4]
13:05:05.017 [FXGL Background Thread 3 ] DEBUG Engine               - globalSoundVolume: 0.5
13:05:05.017 [FXGL Background Thread 3 ] DEBUG Engine               - globalSoundVolumeProperty: DoubleProperty [value: 0.5]
13:05:05.017 [FXGL Background Thread 3 ] DEBUG Engine               - height: 600
13:05:05.017 [FXGL Background Thread 3 ] DEBUG Engine               - is3D: false
13:05:05.019 [FXGL Background Thread 3 ] DEBUG Engine               - isAndroid: false
13:05:05.019 [FXGL Background Thread 3 ] DEBUG Engine               - isBrowser: false
13:05:05.019 [FXGL Background Thread 3 ] DEBUG Engine               - isClickFeedbackEnabled: false
13:05:05.019 [FXGL Background Thread 3 ] DEBUG Engine               - isCloseConfirmation: false
13:05:05.019 [FXGL Background Thread 3 ] DEBUG Engine               - isDesktop: true
13:05:05.019 [FXGL Background Thread 3 ] DEBUG Engine               - isDeveloperMenuEnabled: false
13:05:05.019 [FXGL Background Thread 3 ] DEBUG Engine               - isEmbedded: false
13:05:05.019 [FXGL Background Thread 3 ] DEBUG Engine               - isEntityPreloadEnabled: true
13:05:05.019 [FXGL Background Thread 3 ] DEBUG Engine               - isExperimentalTiledLargeMap: false
13:05:05.020 [FXGL Background Thread 3 ] DEBUG Engine               - isFileSystemWriteAllowed: true
13:05:05.020 [FXGL Background Thread 3 ] DEBUG Engine               - isFullScreenAllowed: false
13:05:05.020 [FXGL Background Thread 3 ] DEBUG Engine               - isFullScreenFromStart: false
13:05:05.020 [FXGL Background Thread 3 ] DEBUG Engine               - isGameMenuEnabled: true
13:05:05.020 [FXGL Background Thread 3 ] DEBUG Engine               - isIOS: false
13:05:05.020 [FXGL Background Thread 3 ] DEBUG Engine               - isIntroEnabled: false
13:05:05.020 [FXGL Background Thread 3 ] DEBUG Engine               - isLinux: false
13:05:05.020 [FXGL Background Thread 3 ] DEBUG Engine               - isMac: false
13:05:05.020 [FXGL Background Thread 3 ] DEBUG Engine               - isMainMenuEnabled: false
13:05:05.021 [FXGL Background Thread 3 ] DEBUG Engine               - isManualResizeEnabled: false
13:05:05.021 [FXGL Background Thread 3 ] DEBUG Engine               - isMobile: false
13:05:05.021 [FXGL Background Thread 3 ] DEBUG Engine               - isNative: false
13:05:05.021 [FXGL Background Thread 3 ] DEBUG Engine               - isPauseMusicWhenMinimized: true
13:05:05.021 [FXGL Background Thread 3 ] DEBUG Engine               - isPreserveResizeRatio: false
13:05:05.021 [FXGL Background Thread 3 ] DEBUG Engine               - isProfilingEnabled: false
13:05:05.021 [FXGL Background Thread 3 ] DEBUG Engine               - isScaleAffectedOnResize: true
13:05:05.021 [FXGL Background Thread 3 ] DEBUG Engine               - isSingleStep: false
13:05:05.021 [FXGL Background Thread 3 ] DEBUG Engine               - isUserProfileEnabled: false
13:05:05.021 [FXGL Background Thread 3 ] DEBUG Engine               - isWindows: true
13:05:05.021 [FXGL Background Thread 3 ] DEBUG Engine               - language: ObjectProperty [value: ENGLISH]
13:05:05.021 [FXGL Background Thread 3 ] DEBUG Engine               - menuKey: ESCAPE
13:05:05.021 [FXGL Background Thread 3 ] DEBUG Engine               - mouseSensitivity: 0.2
13:05:05.021 [FXGL Background Thread 3 ] DEBUG Engine               - notificationViewClass: class com.almasb.fxgl.notification.view.XboxNotificationView
13:05:05.021 [FXGL Background Thread 3 ] DEBUG Engine               - pixelsPerMeter: 50.0
13:05:05.021 [FXGL Background Thread 3 ] DEBUG Engine               - platform: WINDOWS
13:05:05.021 [FXGL Background Thread 3 ] DEBUG Engine               - prefHeightProperty: ReadOnlyDoubleProperty [value: 600.0]
13:05:05.021 [FXGL Background Thread 3 ] DEBUG Engine               - prefWidthProperty: ReadOnlyDoubleProperty [value: 800.0]
13:05:05.021 [FXGL Background Thread 3 ] DEBUG Engine               - profileDir: profiles/
13:05:05.022 [FXGL Background Thread 3 ] DEBUG Engine               - profileName: StringProperty [value: DEFAULT]
13:05:05.022 [FXGL Background Thread 3 ] DEBUG Engine               - randomSeed: -1
13:05:05.022 [FXGL Background Thread 3 ] DEBUG Engine               - runtimeInfo: RuntimeInfo(platform=WINDOWS, version=21.1, build=26.03.2024 17.33)
13:05:05.023 [FXGL Background Thread 3 ] DEBUG Engine               - saveFileExt: sav
13:05:05.023 [FXGL Background Thread 3 ] DEBUG Engine               - scaledHeightProp$fxgl: DoubleProperty [bound, value: 600.0]
13:05:05.023 [FXGL Background Thread 3 ] DEBUG Engine               - scaledWidthProp$fxgl: DoubleProperty [bound, value: 800.0]
13:05:05.023 [FXGL Background Thread 3 ] DEBUG Engine               - sceneFactory: com.almasb.fxgl.app.scene.SceneFactory@780d4e38
13:05:05.023 [FXGL Background Thread 3 ] DEBUG Engine               - secondsIn24h: 60
13:05:05.023 [FXGL Background Thread 3 ] DEBUG Engine               - soundMenuBack: menu/back.wav
13:05:05.023 [FXGL Background Thread 3 ] DEBUG Engine               - soundMenuPress: menu/press.wav
13:05:05.023 [FXGL Background Thread 3 ] DEBUG Engine               - soundMenuSelect: menu/select.wav
13:05:05.023 [FXGL Background Thread 3 ] DEBUG Engine               - soundNotification: core/notification.wav
13:05:05.023 [FXGL Background Thread 3 ] DEBUG Engine               - stageStyle: DECORATED
13:05:05.023 [FXGL Background Thread 3 ] DEBUG Engine               - supportedLanguages: [ENGLISH, FRENCH, GERMAN, HUNGARIAN, RUSSIAN]
13:05:05.023 [FXGL Background Thread 3 ] DEBUG Engine               - ticksPerSecond: -1
13:05:05.023 [FXGL Background Thread 3 ] DEBUG Engine               - title: Among Us UNEG
13:05:05.023 [FXGL Background Thread 3 ] DEBUG Engine               - urlGithub: https://github.com/AlmasB/FXGL
13:05:05.023 [FXGL Background Thread 3 ] DEBUG Engine               - urlLeaderboard: http://fxgl-top.herokuapp.com/
13:05:05.023 [FXGL Background Thread 3 ] DEBUG Engine               - urlPOM: https://raw.githubusercontent.com/AlmasB/FXGL/release/README.md
13:05:05.023 [FXGL Background Thread 3 ] DEBUG Engine               - userAppClass: class main.java.amongUs.AppPrincipal
13:05:05.023 [FXGL Background Thread 3 ] DEBUG Engine               - version: 0.0
13:05:05.023 [FXGL Background Thread 3 ] DEBUG Engine               - versionCheckDays: 7
13:05:05.023 [FXGL Background Thread 3 ] DEBUG Engine               - width: 800
13:05:05.023 [FXGL Background Thread 3 ] DEBUG Engine               - Logging services
13:05:05.023 [FXGL Background Thread 3 ] DEBUG Engine               - class com.almasb.fxgl.app.services.FXGLAssetLoaderService
13:05:05.023 [FXGL Background Thread 3 ] DEBUG Engine               - class com.almasb.fxgl.app.FXGLApplication$GameApplicationService
13:05:05.023 [FXGL Background Thread 3 ] DEBUG Engine               - class com.almasb.fxgl.app.services.FXGLDialogService
13:05:05.023 [FXGL Background Thread 3 ] DEBUG Engine               - class com.almasb.fxgl.app.services.IOTaskExecutorService
13:05:05.023 [FXGL Background Thread 3 ] DEBUG Engine               - class com.almasb.fxgl.io.FileSystemService
13:05:05.023 [FXGL Background Thread 3 ] DEBUG Engine               - class com.almasb.fxgl.localization.LocalizationService
13:05:05.023 [FXGL Background Thread 3 ] DEBUG Engine               - class com.almasb.fxgl.app.services.SystemBundleService
13:05:05.023 [FXGL Background Thread 3 ] DEBUG Engine               - class com.almasb.fxgl.profile.SaveLoadService
13:05:05.023 [FXGL Background Thread 3 ] DEBUG Engine               - class com.almasb.fxgl.ui.FXGLUIFactoryServiceProvider
13:05:05.023 [FXGL Background Thread 3 ] DEBUG Engine               - class com.almasb.fxgl.ui.FXGLDialogFactoryServiceProvider
13:05:05.024 [FXGL Background Thread 3 ] DEBUG Engine               - class com.almasb.fxgl.audio.AudioPlayer
13:05:05.024 [FXGL Background Thread 3 ] DEBUG Engine               - class com.almasb.fxgl.notification.impl.NotificationServiceProvider
13:05:05.024 [FXGL Background Thread 3 ] DEBUG Engine               - class com.almasb.fxgl.achievement.AchievementService
13:05:05.024 [FXGL Background Thread 3 ] DEBUG Engine               - class com.almasb.fxgl.cutscene.CutsceneService
13:05:05.024 [FXGL Background Thread 3 ] DEBUG Engine               - class com.almasb.fxgl.minigames.MiniGameService
13:05:05.024 [FXGL Background Thread 3 ] DEBUG Engine               - class com.almasb.fxgl.net.NetService
13:05:05.024 [FXGL Background Thread 3 ] DEBUG Engine               - class com.almasb.fxgl.app.services.UpdaterService
13:05:05.024 [FXGL Background Thread 3 ] DEBUG Engine               - class com.almasb.fxgl.dev.DevService
13:05:06.069 [JavaFX Application Thread] DEBUG FXGLAssetLoaderServi - Loading from file system: file:/C:/Users/nicol/Desktop/amongu/out/production/Among%20Us/assets/textures/tripulante_blanco.png
13:05:06.575 [JavaFX Application Thread] WARN  TMXLevelLoader       - TiledMap generated from 1.11.2. Supported version: 1.9.0. Some features may not be parsed fully.
13:05:06.595 [JavaFX Application Thread] DEBUG TMXLevelLoader       - Parsed TiledMap: file:/C:/Users/nicol/Desktop/amongu/out/production/Among%20Us/assets/levels/mapa2.tmx
13:05:06.596 [JavaFX Application Thread] DEBUG TMXLevelLoader       - Creating tile layer entities
13:05:06.597 [JavaFX Application Thread] DEBUG TilesetLoader        - Loading view for layer fondo1
13:05:06.597 [JavaFX Application Thread] DEBUG TilesetLoader        - Created buffer with size 992.0x960.0
13:05:06.601 [JavaFX Application Thread] DEBUG TilesetLoader        - Loading view for layer fondo
13:05:06.602 [JavaFX Application Thread] DEBUG TilesetLoader        - Created buffer with size 992.0x960.0
13:05:06.603 [JavaFX Application Thread] DEBUG TilesetLoader        - Loading view for layer piso
13:05:06.604 [JavaFX Application Thread] DEBUG TilesetLoader        - Created buffer with size 992.0x960.0
13:05:06.606 [JavaFX Application Thread] DEBUG TilesetLoader        - Loading view for layer piso1
13:05:06.607 [JavaFX Application Thread] DEBUG TilesetLoader        - Created buffer with size 992.0x960.0
13:05:06.609 [JavaFX Application Thread] DEBUG TilesetLoader        - Loading view for layer izquierda
13:05:06.610 [JavaFX Application Thread] DEBUG TilesetLoader        - Created buffer with size 992.0x960.0
13:05:06.612 [JavaFX Application Thread] DEBUG TilesetLoader        - Loading view for layer detallesatraspared
13:05:06.612 [JavaFX Application Thread] DEBUG TilesetLoader        - Created buffer with size 992.0x960.0
13:05:06.629 [JavaFX Application Thread] DEBUG TilesetLoader        - Loading view for layer pared2
13:05:06.629 [JavaFX Application Thread] DEBUG TilesetLoader        - Created buffer with size 992.0x960.0
13:05:06.633 [JavaFX Application Thread] DEBUG TilesetLoader        - Loading view for layer techo1
13:05:06.634 [JavaFX Application Thread] DEBUG TilesetLoader        - Created buffer with size 992.0x960.0
13:05:06.636 [JavaFX Application Thread] DEBUG TilesetLoader        - Loading view for layer techo2
13:05:06.636 [JavaFX Application Thread] DEBUG TilesetLoader        - Created buffer with size 992.0x960.0
13:05:06.640 [JavaFX Application Thread] DEBUG TilesetLoader        - Loading view for layer puertita
13:05:06.641 [JavaFX Application Thread] DEBUG TilesetLoader        - Created buffer with size 992.0x960.0
13:05:06.641 [JavaFX Application Thread] DEBUG TilesetLoader        - Loading view for layer puerta
13:05:06.642 [JavaFX Application Thread] DEBUG TilesetLoader        - Created buffer with size 992.0x960.0
13:05:06.642 [JavaFX Application Thread] DEBUG TilesetLoader        - Loading view for layer detalles
13:05:06.643 [JavaFX Application Thread] DEBUG TilesetLoader        - Created buffer with size 992.0x960.0
13:05:06.650 [JavaFX Application Thread] DEBUG TilesetLoader        - Loading view for layer detalles 2
13:05:06.651 [JavaFX Application Thread] DEBUG TilesetLoader        - Created buffer with size 992.0x960.0
13:05:06.658 [JavaFX Application Thread] DEBUG TilesetLoader        - Loading view for layer detalles3
13:05:06.659 [JavaFX Application Thread] DEBUG TilesetLoader        - Created buffer with size 992.0x960.0
13:05:06.688 [JavaFX Application Thread] DEBUG TilesetLoader        - Loading view for layer grieta
13:05:06.688 [JavaFX Application Thread] DEBUG TilesetLoader        - Created buffer with size 992.0x960.0
13:05:06.689 [JavaFX Application Thread] DEBUG TilesetLoader        - Loading view for layer Techo
13:05:06.690 [JavaFX Application Thread] DEBUG TilesetLoader        - Created buffer with size 992.0x960.0
13:05:06.697 [JavaFX Application Thread] DEBUG TilesetLoader        - Loading view for layer camaras
13:05:06.698 [JavaFX Application Thread] DEBUG TilesetLoader        - Created buffer with size 992.0x960.0
13:05:06.700 [JavaFX Application Thread] DEBUG TMXLevelLoader       - Creating object layer entities
13:05:06.750 [JavaFX Application Thread] DEBUG GameWorld            - Clearing removable entities
13:05:06.752 [JavaFX Application Thread] DEBUG GameWorld            - Setting level: com.almasb.fxgl.entity.level.Level@47521e57
13:05:06.774 [JavaFX Application Thread] DEBUG FXGLAssetLoaderServi - Loading from file system: file:/C:/Users/nicol/Desktop/amongu/out/production/Among%20Us/assets/textures/MonitorDeCamaras.png
13:05:06.784 [JavaFX Application Thread] DEBUG FXGLAssetLoaderServi - Loading from file system: file:/C:/Users/nicol/Desktop/amongu/out/production/Among%20Us/assets/textures/flechaAmarillaIzq.png
13:05:06.786 [JavaFX Application Thread] DEBUG FXGLAssetLoaderServi - Loading from file system: file:/C:/Users/nicol/Desktop/amongu/out/production/Among%20Us/assets/textures/flechaAmarillaDer.png
13:05:06.790 [JavaFX Application Thread] DEBUG FXGLAssetLoaderServi - Loading from file system: file:/C:/Users/nicol/Desktop/amongu/out/production/Among%20Us/assets/textures/animacion_fantasma.png
13:05:06.791 [JavaFX Application Thread] DEBUG FXGLAssetLoaderServi - Loading from file system: file:/C:/Users/nicol/Desktop/amongu/out/production/Among%20Us/assets/textures/blanco_muerto.png
13:05:06.792 [JavaFX Application Thread] DEBUG FXGLAssetLoaderServi - Loading from file system: file:/C:/Users/nicol/Desktop/amongu/out/production/Among%20Us/assets/textures/animacion_blanco.png
13:05:06.793 [JavaFX Application Thread] DEBUG FXGLAssetLoaderServi - Loading from file system: file:/C:/Users/nicol/Desktop/amongu/out/production/Among%20Us/assets/textures/alcantarilla_blanco.png
13:05:06.793 [JavaFX Application Thread] DEBUG FXGLAssetLoaderServi - Loading from file system: file:/C:/Users/nicol/Desktop/amongu/out/production/Among%20Us/assets/textures/alcantarilla_blancoE.png
13:05:06.799 [JavaFX Application Thread] DEBUG FXGLAssetLoaderServi - Loading from file system: file:/C:/Users/nicol/Desktop/amongu/out/production/Among%20Us/assets/textures/accionNegada.png
13:05:06.804 [JavaFX Application Thread] DEBUG FXGLAssetLoaderServi - Loading from file system: file:/C:/Users/nicol/Desktop/amongu/out/production/Among%20Us/assets/textures/reportarNegado.png
13:05:06.812 [JavaFX Application Thread] DEBUG FXGLAssetLoaderServi - Loading from file system: file:/C:/Users/nicol/Desktop/amongu/out/production/Among%20Us/assets/textures/matarNegado.png
13:05:06.821 [JavaFX Application Thread] DEBUG FXGLAssetLoaderServi - Loading from file system: file:/C:/Users/nicol/Desktop/amongu/out/production/Among%20Us/assets/textures/sabotaje.png
13:05:06.827 [JavaFX Application Thread] DEBUG FXGLAssetLoaderServi - Loading from file system: file:/C:/Users/nicol/Desktop/amongu/out/production/Among%20Us/assets/textures/animacion_extintor.png
13:05:06.836 [JavaFX Application Thread] DEBUG FXGLAssetLoaderServi - Loading from file system: file:/C:/Users/nicol/Desktop/amongu/out/production/Among%20Us/assets/textures/animacion_temperatura.png
13:05:06.861 [JavaFX Application Thread] DEBUG FXGLAssetLoaderServi - Loading from file system: file:/C:/Users/nicol/Desktop/amongu/out/production/Among%20Us/assets/textures/animacion_encestar.png
13:05:06.889 [JavaFX Application Thread] DEBUG FXGLAssetLoaderServi - Loading from file system: file:/C:/Users/nicol/Desktop/amongu/out/production/Among%20Us/assets/textures/animacion_basura.png
13:05:06.909 [JavaFX Application Thread] DEBUG FXGLAssetLoaderServi - Loading from file system: file:/C:/Users/nicol/Desktop/amongu/out/production/Among%20Us/assets/textures/animacion_tarjeta.png
13:05:06.919 [JavaFX Application Thread] WARN  FXGLAssetLoaderServi - Asset "/assets/textures/animacion_reactor.png" was not found!
13:05:06.919 [JavaFX Application Thread] WARN  FXGLAssetLoaderServi - Failed to load IMAGE
13:05:06.926 [JavaFX Application Thread] DEBUG FXGLAssetLoaderServi - Loading from file system: file:/C:/Users/nicol/Desktop/amongu/out/production/Among%20Us/assets/textures/barra_0.png
13:05:06.930 [JavaFX Application Thread] DEBUG FXGLAssetLoaderServi - Loading from file system: file:/C:/Users/nicol/Desktop/amongu/out/production/Among%20Us/assets/textures/pantalla_impostor.png
13:05:45.041 [JavaFX Application Thread] DEBUG FXGLApplication      - Exiting FXGL
13:05:45.041 [JavaFX Application Thread] DEBUG LoopRunner           - Stopping loop
13:05:45.041 [JavaFX Application Thread] DEBUG SystemBundleService  - Saving FXGL system data
13:05:45.046 [JavaFX Application Thread] DEBUG FileSystemAccess     - Writing to: C:\Users\nicol\Desktop\amongu\system\fxgl.bundle
13:05:45.048 [JavaFX Application Thread] DEBUG Async                - Shutting down background threads
13:05:45.048 [JavaFX Application Thread] DEBUG PrimaryStageWindow   - Closing main window
13:05:45.067 [JavaFX Application Thread] DEBUG Logger               - Closing Logger
