14:51:14.781 [main                     ] DEBUG Logger               - Configured Logger
14:51:14.787 [main                     ] DEBUG GameApplication      - Logging settings
Title: Among Us UNEG
Version: 0.0
Width: 800
Height: 600
Fullscreen: false
Intro: false
Profiling: false
Single step:false
App Mode: DEVELOPER
Menu Key: ESCAPE
Stage Style: DECORATED
Scene Factory: class com.almasb.fxgl.app.scene.SceneFactory

14:51:15.227 [JavaFX Application Thread] DEBUG FXGLApplication      - Initializing FXGL
14:51:15.230 [JavaFX Application Thread] INFO  Engine               - FXGL-21.1 (26.03.2024 17.33) on WINDOWS (J:25.0.2 FX:21.0.1)
14:51:15.231 [JavaFX Application Thread] DEBUG Engine               - JRE Vendor Name: Oracle Corporation
14:51:15.231 [JavaFX Application Thread] DEBUG Engine               - Running on OS: Windows 11 version 10.0
14:51:15.231 [JavaFX Application Thread] DEBUG Engine               - Architecture: amd64
14:51:15.231 [JavaFX Application Thread] INFO  Engine               - Source code and latest versions at: https://github.com/AlmasB/FXGL
14:51:15.231 [JavaFX Application Thread] INFO  Engine               -       Ask questions and discuss at: https://github.com/AlmasB/FXGL/discussions
14:51:15.231 [JavaFX Application Thread] INFO  Engine               -              Join the FXGL chat at: https://gitter.im/AlmasB/FXGL
14:51:15.312 [JavaFX Application Thread] DEBUG PrimaryStageWindow   - Creating a JavaFX scene
14:51:15.355 [JavaFX Application Thread] DEBUG PrimaryStageWindow   - Target settings size: 800.0 x 600.0
14:51:15.355 [JavaFX Application Thread] DEBUG PrimaryStageWindow   - Scaled scene size:    800.0 x 600.0
14:51:15.356 [JavaFX Application Thread] DEBUG PrimaryStageWindow   - Scaled ratio: (1.0, 1.0)
14:51:15.357 [JavaFX Application Thread] DEBUG PrimaryStageWindow   - Set initial scene to FXGLStartupScene
14:51:15.359 [JavaFX Application Thread] DEBUG PrimaryStageWindow   - Opening main window
14:51:15.449 [JavaFX Application Thread] DEBUG PrimaryStageWindow   - Window border size: (14.66668701171875, 37.33331298828125)
14:51:15.449 [JavaFX Application Thread] DEBUG PrimaryStageWindow   - Scaled size: 800.0 x 600.0
14:51:15.449 [JavaFX Application Thread] DEBUG PrimaryStageWindow   - Scaled ratio: (1.0, 1.0)
14:51:15.449 [JavaFX Application Thread] DEBUG PrimaryStageWindow   - Scene size: 800.0 x 600.0
14:51:15.449 [JavaFX Application Thread] DEBUG PrimaryStageWindow   - Stage size: 814.6666870117188 x 637.3333129882812
14:51:15.456 [FXGL Background Thread 1 ] DEBUG Engine               - Initializing environment variables
14:51:15.517 [FXGL Background Thread 1 ] DEBUG FXGLAssetLoaderServi - User app class for loading assets: class main.java.amongUs.AppPrincipal
14:51:15.517 [FXGL Background Thread 1 ] DEBUG GameApplicationServi - Applying CSS: fxgl_dark.css
14:51:15.518 [FXGL Background Thread 1 ] DEBUG FXGLAssetLoaderServi - Loading from file system: jar:file:/C:/Users/nicol/Desktop/amongu/lib/fxgl-21.1-uber.jar!/fxglassets/ui/css/fxgl_dark.css
14:51:15.547 [FXGL Background Thread 1 ] DEBUG GameApplicationServi - Initializing application scenes
14:51:15.583 [FXGL Background Thread 1 ] DEBUG GameWorld            - Game world initialized
14:51:15.622 [FXGL Background Thread 1 ] DEBUG PhysicsWorld         - Physics world initialized: appHeight=600, physics.ppm=50,0
14:51:15.623 [FXGL Background Thread 1 ] DEBUG PhysicsWorld         - Using strategy: BRUTE_FORCE
14:51:15.626 [FXGL Background Thread 1 ] DEBUG GameScene            - Game scene initialized: 800x600
14:51:15.635 [FXGL Background Thread 1 ] DEBUG FXGL.DefaultMenu     - createMenuBodyGameMenu()
14:51:15.646 [FXGL Background Thread 1 ] DEBUG FXGL.DefaultMenu     - createOptionsMenu()
14:51:15.653 [FXGL Background Thread 1 ] DEBUG FXGLAssetLoaderServi - Loading from file system: jar:file:/C:/Users/nicol/Desktop/amongu/lib/fxgl-21.1-uber.jar!/fxglassets/textures/particles/smoke.png
14:51:15.722 [FXGL Background Thread 1 ] DEBUG FXGLAssetLoaderServi - Loading from file system: jar:file:/C:/Users/nicol/Desktop/amongu/lib/fxgl-21.1-uber.jar!/fxglassets/textures/particles/trace_horizontal.png
14:51:15.744 [FXGL Background Thread 1 ] DEBUG GameApplicationServi - Application scenes initialized
14:51:15.757 [FXGL Background Thread 1 ] DEBUG SystemBundleService  - Loading FXGL system data
14:51:15.761 [FXGL Background Thread 1 ] DEBUG FileSystemAccess     - Reading from: C:\Users\nicol\Desktop\amongu\system\fxgl.bundle
14:51:15.767 [FXGL Background Thread 1 ] DEBUG SystemBundleService  - Bundle FXGL: {}
14:51:15.767 [FXGL Background Thread 1 ] DEBUG UpdaterService       - Checking for updates
14:51:15.771 [FXGL Background Thread 4 ] DEBUG FXGLApplication      - Loading fonts
14:51:15.771 [FXGL Background Thread 4 ] DEBUG FXGLAssetLoaderServi - Loading from file system: jar:file:/C:/Users/nicol/Desktop/amongu/lib/fxgl-21.1-uber.jar!/fxglassets/ui/fonts/VarelaRound-Regular.ttf
14:51:15.772 [FXGL Background Thread 1 ] DEBUG FXGLApplication      - Loading default localization
14:51:15.772 [FXGL Background Thread 1 ] DEBUG FXGLAssetLoaderServi - Loading from file system: jar:file:/C:/Users/nicol/Desktop/amongu/lib/fxgl-21.1-uber.jar!/fxglassets/languages/english.lang
14:51:15.784 [FXGL Background Thread 1 ] INFO  FXGLApplication      - FXGL initialization took: 0,329 sec
14:51:15.792 [JavaFX Application Thread] DEBUG Input                - Registered new binding: Mover Arriba - W
14:51:15.792 [JavaFX Application Thread] DEBUG Input                - Registered new binding: Mover Abajo - S
14:51:15.793 [JavaFX Application Thread] DEBUG Input                - Registered new binding: Mover Izquierda - A
14:51:15.793 [JavaFX Application Thread] DEBUG Input                - Registered new binding: Mover Derecha - D
14:51:15.793 [JavaFX Application Thread] DEBUG Input                - Registered new binding: Abrir Camaras - C
14:51:15.793 [JavaFX Application Thread] DEBUG Input                - Registered new binding: Usar Alcantarilla - Space
14:51:15.793 [JavaFX Application Thread] DEBUG Input                - Registered new binding: Vent Izquierda - Left
14:51:15.793 [JavaFX Application Thread] DEBUG Input                - Registered new binding: Vent Derecha - Right
14:51:15.793 [JavaFX Application Thread] DEBUG Input                - Registered new binding: Vent Arriba - Up
14:51:15.793 [JavaFX Application Thread] DEBUG Input                - Registered new binding: Vent Abajo - Down
14:51:15.793 [JavaFX Application Thread] DEBUG Input                - Registered new binding: Matar Jugador - Q
14:51:15.793 [JavaFX Application Thread] DEBUG Input                - Registered new binding: Reportar Cadaver - R
14:51:15.794 [JavaFX Application Thread] DEBUG FXGLAssetLoaderServi - Loading from file system: file:/C:/Users/nicol/Desktop/amongu/out/production/Among%20Us/assets/textures/icono.png
14:51:15.813 [JavaFX Application Thread] DEBUG FXGLAssetLoaderServi - Loading from file system: jar:file:/C:/Users/nicol/Desktop/amongu/lib/fxgl-21.1-uber.jar!/fxglassets/textures/fxgl_default_cursor.png
14:51:15.816 [JavaFX Application Thread] DEBUG Input                - Registered new binding: Screenshot - CTRL+8
14:51:15.816 [FXGL Background Thread 4 ] DEBUG FXGLAssetLoaderServi - Loading from file system: jar:file:/C:/Users/nicol/Desktop/amongu/lib/fxgl-21.1-uber.jar!/fxglassets/ui/fonts/Abel-Regular.ttf
14:51:15.816 [JavaFX Application Thread] DEBUG Input                - Registered new binding: System info dump - CTRL+9
14:51:15.817 [JavaFX Application Thread] DEBUG Input                - Registered new binding: Restart - CTRL+R
14:51:15.817 [JavaFX Application Thread] DEBUG Input                - Registered new binding: Toggle Debug Camera - CTRL+7
14:51:15.821 [FXGL Background Thread 4 ] DEBUG FXGLAssetLoaderServi - Loading from file system: jar:file:/C:/Users/nicol/Desktop/amongu/lib/fxgl-21.1-uber.jar!/fxglassets/ui/fonts/TerminalLandMono-Regular.otf
14:51:15.822 [JavaFX Application Thread] DEBUG LoopRunner           - Starting loop
14:51:15.822 [JavaFX Application Thread] DEBUG LoopRunner           - Initializing JavaFX AnimationTimerLoop
14:51:15.823 [JavaFX Application Thread] DEBUG GameApplicationServi - Starting new game
14:51:15.824 [JavaFX Application Thread] DEBUG Input                - Clearing active input actions
14:51:15.827 [FXGL Background Thread 4 ] DEBUG FXGLAssetLoaderServi - Loading from file system: jar:file:/C:/Users/nicol/Desktop/amongu/lib/fxgl-21.1-uber.jar!/fxglassets/ui/fonts/Courier-Prime.ttf
14:51:15.839 [JavaFX Application Thread] DEBUG GameApplicationServi - Removing overlay from FXGLStartupScene and adding to FXGLLoadingScene
14:51:15.839 [JavaFX Application Thread] DEBUG PrimaryStageWindow   - FXGLStartupScene -> FXGLLoadingScene
14:51:15.839 [JavaFX Application Thread] DEBUG GameApplicationServi - Clearing previous game
14:51:15.839 [JavaFX Application Thread] DEBUG GameScene            - Clearing game scene
14:51:15.839 [JavaFX Application Thread] DEBUG GameWorld            - Clearing game world
14:51:15.839 [JavaFX Application Thread] DEBUG PhysicsWorld         - Clearing physics world
14:51:15.841 [FXGL Background Thread 4 ] DEBUG FXGLApplication      - Initializing game
14:51:15.842 [JavaFX Application Thread] DEBUG FXGLApplication      - Registering font factories with UI factory
14:51:15.849 [FXGL Background Thread 4 ] DEBUG FXGLAssetLoaderServi - Loading from file system: file:/C:/Users/nicol/Desktop/amongu/out/production/Among%20Us/assets/music/musicaMenu.mp3
14:51:15.968 [FXGL Background Thread 4 ] DEBUG AudioPlayer          - Playing music com.almasb.fxgl.audio.Music@64e5e5ff
14:51:16.250 [FXGL Background Thread 4 ] INFO  FXGLApplication      - Game initialization took: 0,408 sec
14:51:16.251 [JavaFX Application Thread] DEBUG Input                - Clearing active input actions
14:51:16.260 [JavaFX Application Thread] DEBUG GameApplicationServi - Removing overlay from FXGLLoadingScene and adding to GameScene
14:51:16.260 [JavaFX Application Thread] DEBUG PrimaryStageWindow   - FXGLLoadingScene -> GameScene
14:51:16.378 [FXGL Background Thread 2 ] INFO  UpdaterService       - Your current version:  21.1
14:51:16.378 [FXGL Background Thread 2 ] INFO  UpdaterService       - Latest stable version: 25
14:51:17.170 [JavaFX Application Thread] DEBUG FXGLAssetLoaderServi - Loading from file system: file:/C:/Users/nicol/Desktop/amongu/out/production/Among%20Us/assets/sounds/clickBoton.wav
14:51:18.770 [FXGL Background Thread 3 ] DEBUG Engine               - Logging environment variables
14:51:18.770 [FXGL Background Thread 3 ] DEBUG Engine               - achievements: []
14:51:18.771 [FXGL Background Thread 3 ] DEBUG Engine               - actualHeight: 600.0
14:51:18.771 [FXGL Background Thread 3 ] DEBUG Engine               - actualHeightProperty: ReadOnlyDoubleProperty [value: 600.0]
14:51:18.771 [FXGL Background Thread 3 ] DEBUG Engine               - actualWidth: 800.0
14:51:18.771 [FXGL Background Thread 3 ] DEBUG Engine               - actualWidthProperty: ReadOnlyDoubleProperty [value: 800.0]
14:51:18.771 [FXGL Background Thread 3 ] DEBUG Engine               - appIcon: icono.png
14:51:18.771 [FXGL Background Thread 3 ] DEBUG Engine               - applicationMode: DEVELOPER
14:51:18.771 [FXGL Background Thread 3 ] DEBUG Engine               - cSSList: [fxgl_dark.css]
14:51:18.771 [FXGL Background Thread 3 ] DEBUG Engine               - collisionDetectionStrategy: BRUTE_FORCE
14:51:18.771 [FXGL Background Thread 3 ] DEBUG Engine               - configClass: Optional.empty
14:51:18.771 [FXGL Background Thread 3 ] DEBUG Engine               - credits: []
14:51:18.771 [FXGL Background Thread 3 ] DEBUG Engine               - defaultCursor: CursorInfo(imageName=fxgl_default_cursor.png, hotspotX=7.0, hotspotY=6.0)
14:51:18.771 [FXGL Background Thread 3 ] DEBUG Engine               - devBBoxColorProperty: ObjectProperty [value: 0xff0000ff]
14:51:18.771 [FXGL Background Thread 3 ] DEBUG Engine               - devEnableDebugCameraProperty: BooleanProperty [value: false]
14:51:18.772 [FXGL Background Thread 3 ] DEBUG Engine               - devSensorColorProperty: ObjectProperty [value: 0xffff00ff]
14:51:18.772 [FXGL Background Thread 3 ] DEBUG Engine               - devShowBBoxProperty: BooleanProperty [value: false]
14:51:18.772 [FXGL Background Thread 3 ] DEBUG Engine               - devShowPositionProperty: BooleanProperty [value: false]
14:51:18.772 [FXGL Background Thread 3 ] DEBUG Engine               - enabledMenuItems: []
14:51:18.772 [FXGL Background Thread 3 ] DEBUG Engine               - engineServices: [class com.almasb.fxgl.app.services.FXGLAssetLoaderService, class com.almasb.fxgl.app.FXGLApplication$GameApplicationService, class com.almasb.fxgl.app.services.FXGLDialogService, class com.almasb.fxgl.app.services.IOTaskExecutorService, class com.almasb.fxgl.io.FileSystemService, class com.almasb.fxgl.localization.LocalizationService, class com.almasb.fxgl.app.services.SystemBundleService, class com.almasb.fxgl.profile.SaveLoadService, class com.almasb.fxgl.ui.FXGLUIFactoryServiceProvider, class com.almasb.fxgl.ui.FXGLDialogFactoryServiceProvider, class com.almasb.fxgl.audio.AudioPlayer, class com.almasb.fxgl.notification.impl.NotificationServiceProvider, class com.almasb.fxgl.achievement.AchievementService, class com.almasb.fxgl.cutscene.CutsceneService, class com.almasb.fxgl.minigames.MiniGameService, class com.almasb.fxgl.net.NetService, class com.almasb.fxgl.app.services.UpdaterService, class com.almasb.fxgl.dev.DevService]
14:51:18.772 [FXGL Background Thread 3 ] DEBUG Engine               - fontGame: Abel-Regular.ttf
14:51:18.772 [FXGL Background Thread 3 ] DEBUG Engine               - fontMono: TerminalLandMono-Regular.otf
14:51:18.772 [FXGL Background Thread 3 ] DEBUG Engine               - fontSizeScaleUI: 1.0
14:51:18.772 [FXGL Background Thread 3 ] DEBUG Engine               - fontText: Courier-Prime.ttf
14:51:18.772 [FXGL Background Thread 3 ] DEBUG Engine               - fontUI: VarelaRound-Regular.ttf
14:51:18.772 [FXGL Background Thread 3 ] DEBUG Engine               - fullScreen: BooleanProperty [value: false]
14:51:18.772 [FXGL Background Thread 3 ] DEBUG Engine               - gameDifficulty: MEDIUM
14:51:18.772 [FXGL Background Thread 3 ] DEBUG Engine               - gameDifficultyProperty: ObjectProperty [value: MEDIUM]
14:51:18.779 [FXGL Background Thread 3 ] DEBUG Engine               - globalMusicVolume: 0.5
14:51:18.779 [FXGL Background Thread 3 ] DEBUG Engine               - globalMusicVolumeProperty: DoubleProperty [value: 0.4]
14:51:18.779 [FXGL Background Thread 3 ] DEBUG Engine               - globalSoundVolume: 0.5
14:51:18.779 [FXGL Background Thread 3 ] DEBUG Engine               - globalSoundVolumeProperty: DoubleProperty [value: 0.5]
14:51:18.779 [FXGL Background Thread 3 ] DEBUG Engine               - height: 600
14:51:18.779 [FXGL Background Thread 3 ] DEBUG Engine               - is3D: false
14:51:18.779 [FXGL Background Thread 3 ] DEBUG Engine               - isAndroid: false
14:51:18.779 [FXGL Background Thread 3 ] DEBUG Engine               - isBrowser: false
14:51:18.779 [FXGL Background Thread 3 ] DEBUG Engine               - isClickFeedbackEnabled: false
14:51:18.780 [FXGL Background Thread 3 ] DEBUG Engine               - isCloseConfirmation: false
14:51:18.780 [FXGL Background Thread 3 ] DEBUG Engine               - isDesktop: true
14:51:18.780 [FXGL Background Thread 3 ] DEBUG Engine               - isDeveloperMenuEnabled: false
14:51:18.780 [FXGL Background Thread 3 ] DEBUG Engine               - isEmbedded: false
14:51:18.780 [FXGL Background Thread 3 ] DEBUG Engine               - isEntityPreloadEnabled: true
14:51:18.780 [FXGL Background Thread 3 ] DEBUG Engine               - isExperimentalTiledLargeMap: false
14:51:18.780 [FXGL Background Thread 3 ] DEBUG Engine               - isFileSystemWriteAllowed: true
14:51:18.780 [FXGL Background Thread 3 ] DEBUG Engine               - isFullScreenAllowed: false
14:51:18.780 [FXGL Background Thread 3 ] DEBUG Engine               - isFullScreenFromStart: false
14:51:18.780 [FXGL Background Thread 3 ] DEBUG Engine               - isGameMenuEnabled: true
14:51:18.780 [FXGL Background Thread 3 ] DEBUG Engine               - isIOS: false
14:51:18.780 [FXGL Background Thread 3 ] DEBUG Engine               - isIntroEnabled: false
14:51:18.780 [FXGL Background Thread 3 ] DEBUG Engine               - isLinux: false
14:51:18.780 [FXGL Background Thread 3 ] DEBUG Engine               - isMac: false
14:51:18.780 [FXGL Background Thread 3 ] DEBUG Engine               - isMainMenuEnabled: false
14:51:18.780 [FXGL Background Thread 3 ] DEBUG Engine               - isManualResizeEnabled: false
14:51:18.780 [FXGL Background Thread 3 ] DEBUG Engine               - isMobile: false
14:51:18.780 [FXGL Background Thread 3 ] DEBUG Engine               - isNative: false
14:51:18.780 [FXGL Background Thread 3 ] DEBUG Engine               - isPauseMusicWhenMinimized: true
14:51:18.780 [FXGL Background Thread 3 ] DEBUG Engine               - isPreserveResizeRatio: false
14:51:18.780 [FXGL Background Thread 3 ] DEBUG Engine               - isProfilingEnabled: false
14:51:18.780 [FXGL Background Thread 3 ] DEBUG Engine               - isScaleAffectedOnResize: true
14:51:18.780 [FXGL Background Thread 3 ] DEBUG Engine               - isSingleStep: false
14:51:18.780 [FXGL Background Thread 3 ] DEBUG Engine               - isUserProfileEnabled: false
14:51:18.780 [FXGL Background Thread 3 ] DEBUG Engine               - isWindows: true
14:51:18.780 [FXGL Background Thread 3 ] DEBUG Engine               - language: ObjectProperty [value: ENGLISH]
14:51:18.780 [FXGL Background Thread 3 ] DEBUG Engine               - menuKey: ESCAPE
14:51:18.780 [FXGL Background Thread 3 ] DEBUG Engine               - mouseSensitivity: 0.2
14:51:18.780 [FXGL Background Thread 3 ] DEBUG Engine               - notificationViewClass: class com.almasb.fxgl.notification.view.XboxNotificationView
14:51:18.780 [FXGL Background Thread 3 ] DEBUG Engine               - pixelsPerMeter: 50.0
14:51:18.780 [FXGL Background Thread 3 ] DEBUG Engine               - platform: WINDOWS
14:51:18.780 [FXGL Background Thread 3 ] DEBUG Engine               - prefHeightProperty: ReadOnlyDoubleProperty [value: 600.0]
14:51:18.780 [FXGL Background Thread 3 ] DEBUG Engine               - prefWidthProperty: ReadOnlyDoubleProperty [value: 800.0]
14:51:18.780 [FXGL Background Thread 3 ] DEBUG Engine               - profileDir: profiles/
14:51:18.780 [FXGL Background Thread 3 ] DEBUG Engine               - profileName: StringProperty [value: DEFAULT]
14:51:18.780 [FXGL Background Thread 3 ] DEBUG Engine               - randomSeed: -1
14:51:18.781 [FXGL Background Thread 3 ] DEBUG Engine               - runtimeInfo: RuntimeInfo(platform=WINDOWS, version=21.1, build=26.03.2024 17.33)
14:51:18.781 [FXGL Background Thread 3 ] DEBUG Engine               - saveFileExt: sav
14:51:18.781 [FXGL Background Thread 3 ] DEBUG Engine               - scaledHeightProp$fxgl: DoubleProperty [bound, value: 600.0]
14:51:18.781 [FXGL Background Thread 3 ] DEBUG Engine               - scaledWidthProp$fxgl: DoubleProperty [bound, value: 800.0]
14:51:18.781 [FXGL Background Thread 3 ] DEBUG Engine               - sceneFactory: com.almasb.fxgl.app.scene.SceneFactory@7b295c5c
14:51:18.781 [FXGL Background Thread 3 ] DEBUG Engine               - secondsIn24h: 60
14:51:18.781 [FXGL Background Thread 3 ] DEBUG Engine               - soundMenuBack: menu/back.wav
14:51:18.781 [FXGL Background Thread 3 ] DEBUG Engine               - soundMenuPress: menu/press.wav
14:51:18.781 [FXGL Background Thread 3 ] DEBUG Engine               - soundMenuSelect: menu/select.wav
14:51:18.781 [FXGL Background Thread 3 ] DEBUG Engine               - soundNotification: core/notification.wav
14:51:18.781 [FXGL Background Thread 3 ] DEBUG Engine               - stageStyle: DECORATED
14:51:18.781 [FXGL Background Thread 3 ] DEBUG Engine               - supportedLanguages: [ENGLISH, FRENCH, GERMAN, HUNGARIAN, RUSSIAN]
14:51:18.781 [FXGL Background Thread 3 ] DEBUG Engine               - ticksPerSecond: -1
14:51:18.781 [FXGL Background Thread 3 ] DEBUG Engine               - title: Among Us UNEG
14:51:18.781 [FXGL Background Thread 3 ] DEBUG Engine               - urlGithub: https://github.com/AlmasB/FXGL
14:51:18.781 [FXGL Background Thread 3 ] DEBUG Engine               - urlLeaderboard: http://fxgl-top.herokuapp.com/
14:51:18.781 [FXGL Background Thread 3 ] DEBUG Engine               - urlPOM: https://raw.githubusercontent.com/AlmasB/FXGL/release/README.md
14:51:18.781 [FXGL Background Thread 3 ] DEBUG Engine               - userAppClass: class main.java.amongUs.AppPrincipal
14:51:18.781 [FXGL Background Thread 3 ] DEBUG Engine               - version: 0.0
14:51:18.781 [FXGL Background Thread 3 ] DEBUG Engine               - versionCheckDays: 7
14:51:18.781 [FXGL Background Thread 3 ] DEBUG Engine               - width: 800
14:51:18.781 [FXGL Background Thread 3 ] DEBUG Engine               - Logging services
14:51:18.781 [FXGL Background Thread 3 ] DEBUG Engine               - class com.almasb.fxgl.app.services.FXGLAssetLoaderService
14:51:18.781 [FXGL Background Thread 3 ] DEBUG Engine               - class com.almasb.fxgl.app.FXGLApplication$GameApplicationService
14:51:18.781 [FXGL Background Thread 3 ] DEBUG Engine               - class com.almasb.fxgl.app.services.FXGLDialogService
14:51:18.781 [FXGL Background Thread 3 ] DEBUG Engine               - class com.almasb.fxgl.app.services.IOTaskExecutorService
14:51:18.781 [FXGL Background Thread 3 ] DEBUG Engine               - class com.almasb.fxgl.io.FileSystemService
14:51:18.781 [FXGL Background Thread 3 ] DEBUG Engine               - class com.almasb.fxgl.localization.LocalizationService
14:51:18.781 [FXGL Background Thread 3 ] DEBUG Engine               - class com.almasb.fxgl.app.services.SystemBundleService
14:51:18.781 [FXGL Background Thread 3 ] DEBUG Engine               - class com.almasb.fxgl.profile.SaveLoadService
14:51:18.781 [FXGL Background Thread 3 ] DEBUG Engine               - class com.almasb.fxgl.ui.FXGLUIFactoryServiceProvider
14:51:18.781 [FXGL Background Thread 3 ] DEBUG Engine               - class com.almasb.fxgl.ui.FXGLDialogFactoryServiceProvider
14:51:18.781 [FXGL Background Thread 3 ] DEBUG Engine               - class com.almasb.fxgl.audio.AudioPlayer
14:51:18.781 [FXGL Background Thread 3 ] DEBUG Engine               - class com.almasb.fxgl.notification.impl.NotificationServiceProvider
14:51:18.781 [FXGL Background Thread 3 ] DEBUG Engine               - class com.almasb.fxgl.achievement.AchievementService
14:51:18.781 [FXGL Background Thread 3 ] DEBUG Engine               - class com.almasb.fxgl.cutscene.CutsceneService
14:51:18.781 [FXGL Background Thread 3 ] DEBUG Engine               - class com.almasb.fxgl.minigames.MiniGameService
14:51:18.781 [FXGL Background Thread 3 ] DEBUG Engine               - class com.almasb.fxgl.net.NetService
14:51:18.781 [FXGL Background Thread 3 ] DEBUG Engine               - class com.almasb.fxgl.app.services.UpdaterService
14:51:18.781 [FXGL Background Thread 3 ] DEBUG Engine               - class com.almasb.fxgl.dev.DevService
14:51:24.644 [JavaFX Application Thread] DEBUG FXGLAssetLoaderServi - Loading from file system: file:/C:/Users/nicol/Desktop/amongu/out/production/Among%20Us/assets/textures/tripulante_blanco.png
14:51:25.988 [JavaFX Application Thread] DEBUG FXGLAssetLoaderServi - Loading from file system: file:/C:/Users/nicol/Desktop/amongu/out/production/Among%20Us/assets/textures/tripulante_rosa.png
14:51:26.720 [JavaFX Application Thread] WARN  TMXLevelLoader       - TiledMap generated from 1.11.2. Supported version: 1.9.0. Some features may not be parsed fully.
14:51:26.736 [JavaFX Application Thread] DEBUG TMXLevelLoader       - Parsed TiledMap: file:/C:/Users/nicol/Desktop/amongu/out/production/Among%20Us/assets/levels/mapa1.tmx
14:51:26.738 [JavaFX Application Thread] DEBUG TMXLevelLoader       - Creating tile layer entities
14:51:26.739 [JavaFX Application Thread] DEBUG TilesetLoader        - Loading view for layer fondo
14:51:26.744 [JavaFX Application Thread] DEBUG TilesetLoader        - Created buffer with size 992.0x928.0
14:51:26.823 [JavaFX Application Thread] DEBUG TilesetLoader        - Loading view for layer pasillo
14:51:26.823 [JavaFX Application Thread] DEBUG TilesetLoader        - Created buffer with size 992.0x928.0
14:51:26.826 [JavaFX Application Thread] WARN  TilesetLoader        - Diagonally flipped tiles are not currently supported
14:51:26.829 [JavaFX Application Thread] WARN  TilesetLoader        - Diagonally flipped tiles are not currently supported
14:51:26.829 [JavaFX Application Thread] WARN  TilesetLoader        - Diagonally flipped tiles are not currently supported
14:51:26.830 [JavaFX Application Thread] WARN  TilesetLoader        - Diagonally flipped tiles are not currently supported
14:51:26.830 [JavaFX Application Thread] WARN  TilesetLoader        - Diagonally flipped tiles are not currently supported
14:51:26.832 [JavaFX Application Thread] WARN  TilesetLoader        - Diagonally flipped tiles are not currently supported
14:51:26.834 [JavaFX Application Thread] WARN  TilesetLoader        - Diagonally flipped tiles are not currently supported
14:51:26.835 [JavaFX Application Thread] WARN  TilesetLoader        - Diagonally flipped tiles are not currently supported
14:51:26.835 [JavaFX Application Thread] WARN  TilesetLoader        - Diagonally flipped tiles are not currently supported
14:51:26.836 [JavaFX Application Thread] WARN  TilesetLoader        - Diagonally flipped tiles are not currently supported
14:51:26.837 [JavaFX Application Thread] WARN  TilesetLoader        - Diagonally flipped tiles are not currently supported
14:51:26.838 [JavaFX Application Thread] WARN  TilesetLoader        - Diagonally flipped tiles are not currently supported
14:51:26.838 [JavaFX Application Thread] WARN  TilesetLoader        - Diagonally flipped tiles are not currently supported
14:51:26.838 [JavaFX Application Thread] WARN  TilesetLoader        - Diagonally flipped tiles are not currently supported
14:51:26.838 [JavaFX Application Thread] WARN  TilesetLoader        - Diagonally flipped tiles are not currently supported
14:51:26.839 [JavaFX Application Thread] WARN  TilesetLoader        - Diagonally flipped tiles are not currently supported
14:51:26.839 [JavaFX Application Thread] WARN  TilesetLoader        - Diagonally flipped tiles are not currently supported
14:51:26.839 [JavaFX Application Thread] WARN  TilesetLoader        - Diagonally flipped tiles are not currently supported
14:51:26.839 [JavaFX Application Thread] WARN  TilesetLoader        - Diagonally flipped tiles are not currently supported
14:51:26.839 [JavaFX Application Thread] WARN  TilesetLoader        - Diagonally flipped tiles are not currently supported
14:51:26.841 [JavaFX Application Thread] DEBUG TilesetLoader        - Loading view for layer piso
14:51:26.841 [JavaFX Application Thread] DEBUG TilesetLoader        - Created buffer with size 992.0x928.0
14:51:26.844 [JavaFX Application Thread] DEBUG TilesetLoader        - Loading view for layer detallesdetraspared
14:51:26.845 [JavaFX Application Thread] DEBUG TilesetLoader        - Created buffer with size 992.0x928.0
14:51:26.861 [JavaFX Application Thread] DEBUG TilesetLoader        - Loading view for layer pared1
14:51:26.861 [JavaFX Application Thread] DEBUG TilesetLoader        - Created buffer with size 992.0x928.0
14:51:26.864 [JavaFX Application Thread] DEBUG TilesetLoader        - Loading view for layer pared2
14:51:26.865 [JavaFX Application Thread] DEBUG TilesetLoader        - Created buffer with size 992.0x928.0
14:51:26.866 [JavaFX Application Thread] DEBUG TilesetLoader        - Loading view for layer pared3
14:51:26.866 [JavaFX Application Thread] DEBUG TilesetLoader        - Created buffer with size 992.0x928.0
14:51:26.868 [JavaFX Application Thread] DEBUG TilesetLoader        - Loading view for layer detalles
14:51:26.868 [JavaFX Application Thread] DEBUG TilesetLoader        - Created buffer with size 992.0x928.0
14:51:26.897 [JavaFX Application Thread] DEBUG TilesetLoader        - Loading view for layer detalles2
14:51:26.898 [JavaFX Application Thread] DEBUG TilesetLoader        - Created buffer with size 992.0x928.0
14:51:26.903 [JavaFX Application Thread] DEBUG TilesetLoader        - Loading view for layer camaras
14:51:26.904 [JavaFX Application Thread] DEBUG TilesetLoader        - Created buffer with size 992.0x928.0
14:51:26.905 [JavaFX Application Thread] DEBUG TilesetLoader        - Loading view for layer grieta
14:51:26.906 [JavaFX Application Thread] DEBUG TilesetLoader        - Created buffer with size 992.0x928.0
14:51:26.909 [JavaFX Application Thread] DEBUG TMXLevelLoader       - Creating object layer entities
14:51:26.933 [JavaFX Application Thread] DEBUG GameWorld            - Clearing removable entities
14:51:26.933 [JavaFX Application Thread] DEBUG GameWorld            - Setting level: com.almasb.fxgl.entity.level.Level@3c9dd4d3
14:51:26.944 [JavaFX Application Thread] DEBUG FXGLAssetLoaderServi - Loading from file system: file:/C:/Users/nicol/Desktop/amongu/out/production/Among%20Us/assets/textures/MonitorDeCamaras.png
14:51:26.952 [JavaFX Application Thread] DEBUG FXGLAssetLoaderServi - Loading from file system: file:/C:/Users/nicol/Desktop/amongu/out/production/Among%20Us/assets/textures/flechaAmarillaIzq.png
14:51:26.956 [JavaFX Application Thread] DEBUG FXGLAssetLoaderServi - Loading from file system: file:/C:/Users/nicol/Desktop/amongu/out/production/Among%20Us/assets/textures/flechaAmarillaDer.png
14:51:26.961 [JavaFX Application Thread] DEBUG FXGLAssetLoaderServi - Loading from file system: file:/C:/Users/nicol/Desktop/amongu/out/production/Among%20Us/assets/textures/animacion_fantasma.png
14:51:26.962 [JavaFX Application Thread] DEBUG FXGLAssetLoaderServi - Loading from file system: file:/C:/Users/nicol/Desktop/amongu/out/production/Among%20Us/assets/textures/rosa_muerto.png
14:51:26.962 [JavaFX Application Thread] DEBUG FXGLAssetLoaderServi - Loading from file system: file:/C:/Users/nicol/Desktop/amongu/out/production/Among%20Us/assets/textures/animacion_rosa.png
14:51:26.963 [JavaFX Application Thread] DEBUG FXGLAssetLoaderServi - Loading from file system: file:/C:/Users/nicol/Desktop/amongu/out/production/Among%20Us/assets/textures/alcantarilla_rosa.png
14:51:26.963 [JavaFX Application Thread] DEBUG FXGLAssetLoaderServi - Loading from file system: file:/C:/Users/nicol/Desktop/amongu/out/production/Among%20Us/assets/textures/alcantarilla_rosaE.png
14:51:26.969 [JavaFX Application Thread] DEBUG FXGLAssetLoaderServi - Loading from file system: file:/C:/Users/nicol/Desktop/amongu/out/production/Among%20Us/assets/textures/accionNegada.png
14:51:26.972 [JavaFX Application Thread] DEBUG FXGLAssetLoaderServi - Loading from file system: file:/C:/Users/nicol/Desktop/amongu/out/production/Among%20Us/assets/textures/reportarNegado.png
14:51:26.977 [JavaFX Application Thread] DEBUG FXGLAssetLoaderServi - Loading from file system: file:/C:/Users/nicol/Desktop/amongu/out/production/Among%20Us/assets/textures/matarNegado.png
14:51:26.982 [JavaFX Application Thread] DEBUG FXGLAssetLoaderServi - Loading from file system: file:/C:/Users/nicol/Desktop/amongu/out/production/Among%20Us/assets/textures/sabotaje.png
14:51:26.988 [JavaFX Application Thread] DEBUG FXGLAssetLoaderServi - Loading from file system: file:/C:/Users/nicol/Desktop/amongu/out/production/Among%20Us/assets/textures/animacion_codigo.png
14:51:27.001 [JavaFX Application Thread] DEBUG FXGLAssetLoaderServi - Loading from file system: file:/C:/Users/nicol/Desktop/amongu/out/production/Among%20Us/assets/textures/animacion_datos.png
14:51:27.033 [JavaFX Application Thread] DEBUG FXGLAssetLoaderServi - Loading from file system: file:/C:/Users/nicol/Desktop/amongu/out/production/Among%20Us/assets/textures/animacion_temperatura.png
14:51:27.059 [JavaFX Application Thread] DEBUG FXGLAssetLoaderServi - Loading from file system: file:/C:/Users/nicol/Desktop/amongu/out/production/Among%20Us/assets/textures/animacion_basura.png
14:51:27.081 [JavaFX Application Thread] WARN  FXGLAssetLoaderServi - Asset "/assets/textures/animacion_reactor.png" was not found!
14:51:27.082 [JavaFX Application Thread] WARN  FXGLAssetLoaderServi - Failed to load IMAGE
14:51:27.089 [JavaFX Application Thread] DEBUG FXGLAssetLoaderServi - Loading from file system: file:/C:/Users/nicol/Desktop/amongu/out/production/Among%20Us/assets/textures/barra_0.png
14:51:27.093 [JavaFX Application Thread] DEBUG FXGLAssetLoaderServi - Loading from file system: file:/C:/Users/nicol/Desktop/amongu/out/production/Among%20Us/assets/textures/pantalla_impostor.png
14:51:57.083 [JavaFX Application Thread] DEBUG FXGLAssetLoaderServi - Loading from file system: file:/C:/Users/nicol/Desktop/amongu/out/production/Among%20Us/assets/textures/accion.png
14:52:06.556 [JavaFX Application Thread] DEBUG FXGLAssetLoaderServi - Loading from file system: file:/C:/Users/nicol/Desktop/amongu/out/production/Among%20Us/assets/textures/panel_codigo3.png
14:52:12.398 [JavaFX Application Thread] DEBUG FXGLAssetLoaderServi - Loading from file system: file:/C:/Users/nicol/Desktop/amongu/out/production/Among%20Us/assets/textures/final_codigo3.png
14:52:13.388 [JavaFX Application Thread] DEBUG FXGLAssetLoaderServi - Loading from file system: file:/C:/Users/nicol/Desktop/amongu/out/production/Among%20Us/assets/textures/barra_1.png
14:57:39.400 [JavaFX Application Thread] DEBUG FXGLAssetLoaderServi - Loading from file system: file:/C:/Users/nicol/Desktop/amongu/out/production/Among%20Us/assets/textures/panel_temperatura.png
14:58:00.091 [JavaFX Application Thread] DEBUG FXGLAssetLoaderServi - Loading from file system: file:/C:/Users/nicol/Desktop/amongu/out/production/Among%20Us/assets/textures/temperatura_final.png
14:58:01.099 [JavaFX Application Thread] DEBUG FXGLAssetLoaderServi - Loading from file system: file:/C:/Users/nicol/Desktop/amongu/out/production/Among%20Us/assets/textures/barra_2.png
14:58:13.887 [JavaFX Application Thread] DEBUG FXGLAssetLoaderServi - Loading from file system: file:/C:/Users/nicol/Desktop/amongu/out/production/Among%20Us/assets/textures/panel_codigo.png
14:58:28.092 [JavaFX Application Thread] DEBUG FXGLAssetLoaderServi - Loading from file system: file:/C:/Users/nicol/Desktop/amongu/out/production/Among%20Us/assets/textures/codigo_final.png
14:58:29.118 [JavaFX Application Thread] DEBUG FXGLAssetLoaderServi - Loading from file system: file:/C:/Users/nicol/Desktop/amongu/out/production/Among%20Us/assets/textures/barra_3.png
14:59:25.212 [JavaFX Application Thread] DEBUG FXGLAssetLoaderServi - Loading from file system: file:/C:/Users/nicol/Desktop/amongu/out/production/Among%20Us/assets/textures/panel_basura.png
14:59:36.619 [JavaFX Application Thread] DEBUG FXGLAssetLoaderServi - Loading from file system: file:/C:/Users/nicol/Desktop/amongu/out/production/Among%20Us/assets/textures/basura_final.png
14:59:37.678 [JavaFX Application Thread] DEBUG FXGLAssetLoaderServi - Loading from file system: file:/C:/Users/nicol/Desktop/amongu/out/production/Among%20Us/assets/textures/barra_4.png
14:59:59.825 [JavaFX Application Thread] DEBUG FXGLApplication      - Exiting FXGL
14:59:59.825 [JavaFX Application Thread] DEBUG LoopRunner           - Stopping loop
14:59:59.825 [JavaFX Application Thread] DEBUG SystemBundleService  - Saving FXGL system data
14:59:59.827 [JavaFX Application Thread] DEBUG FileSystemAccess     - Writing to: C:\Users\nicol\Desktop\amongu\system\fxgl.bundle
14:59:59.829 [JavaFX Application Thread] DEBUG Async                - Shutting down background threads
14:59:59.829 [JavaFX Application Thread] DEBUG PrimaryStageWindow   - Closing main window
14:59:59.849 [JavaFX Application Thread] DEBUG Logger               - Closing Logger
