21:33:15.674 [main                     ] DEBUG Logger               - Configured Logger
21:33:15.697 [main                     ] DEBUG GameApplication      - Logging settings
Title: Among Us UNEG
Version: 0.0
Width: 800
Height: 600
Fullscreen: false
Intro: false
Profiling: false
Single step:false
App Mode: DEVELOPER
Menu Key: ESCAPE
Stage Style: DECORATED
Scene Factory: class com.almasb.fxgl.app.scene.SceneFactory

21:33:16.533 [JavaFX Application Thread] DEBUG FXGLApplication      - Initializing FXGL
21:33:16.539 [JavaFX Application Thread] INFO  Engine               - FXGL-21.1 (26.03.2024 17.33) on WINDOWS (J:25.0.2 FX:21.0.1)
21:33:16.539 [JavaFX Application Thread] DEBUG Engine               - JRE Vendor Name: Oracle Corporation
21:33:16.540 [JavaFX Application Thread] DEBUG Engine               - Running on OS: Windows 11 version 10.0
21:33:16.540 [JavaFX Application Thread] DEBUG Engine               - Architecture: amd64
21:33:16.540 [JavaFX Application Thread] INFO  Engine               - Source code and latest versions at: https://github.com/AlmasB/FXGL
21:33:16.541 [JavaFX Application Thread] INFO  Engine               -       Ask questions and discuss at: https://github.com/AlmasB/FXGL/discussions
21:33:16.541 [JavaFX Application Thread] INFO  Engine               -              Join the FXGL chat at: https://gitter.im/AlmasB/FXGL
21:33:16.720 [JavaFX Application Thread] DEBUG PrimaryStageWindow   - Creating a JavaFX scene
21:33:16.848 [JavaFX Application Thread] DEBUG PrimaryStageWindow   - Target settings size: 800.0 x 600.0
21:33:16.848 [JavaFX Application Thread] DEBUG PrimaryStageWindow   - Scaled scene size:    800.0 x 600.0
21:33:16.848 [JavaFX Application Thread] DEBUG PrimaryStageWindow   - Scaled ratio: (1.0, 1.0)
21:33:16.850 [JavaFX Application Thread] DEBUG PrimaryStageWindow   - Set initial scene to FXGLStartupScene
21:33:16.856 [JavaFX Application Thread] DEBUG PrimaryStageWindow   - Opening main window
21:33:17.023 [JavaFX Application Thread] DEBUG PrimaryStageWindow   - Window border size: (16.0, 39.0)
21:33:17.024 [JavaFX Application Thread] DEBUG PrimaryStageWindow   - Scaled size: 800.0 x 600.0
21:33:17.024 [JavaFX Application Thread] DEBUG PrimaryStageWindow   - Scaled ratio: (1.0, 1.0)
21:33:17.024 [JavaFX Application Thread] DEBUG PrimaryStageWindow   - Scene size: 800.0 x 600.0
21:33:17.024 [JavaFX Application Thread] DEBUG PrimaryStageWindow   - Stage size: 816.0 x 639.0
21:33:17.045 [FXGL Background Thread 1 ] DEBUG Engine               - Initializing environment variables
21:33:17.237 [FXGL Background Thread 1 ] DEBUG FXGLAssetLoaderServi - User app class for loading assets: class main.java.amongUs.AppPrincipal
21:33:17.237 [FXGL Background Thread 1 ] DEBUG GameApplicationServi - Applying CSS: fxgl_dark.css
21:33:17.238 [FXGL Background Thread 1 ] DEBUG FXGLAssetLoaderServi - Loading from file system: jar:file:/C:/Users/josue/OneDrive/Desktop/proyecto%20java/Among%20Us/lib/fxgl-21.1-uber.jar!/fxglassets/ui/css/fxgl_dark.css
21:33:17.345 [FXGL Background Thread 1 ] DEBUG GameApplicationServi - Initializing application scenes
21:33:17.542 [FXGL Background Thread 1 ] DEBUG GameWorld            - Game world initialized
21:33:17.614 [FXGL Background Thread 1 ] DEBUG PhysicsWorld         - Physics world initialized: appHeight=600, physics.ppm=50,0
21:33:17.614 [FXGL Background Thread 1 ] DEBUG PhysicsWorld         - Using strategy: BRUTE_FORCE
21:33:17.620 [FXGL Background Thread 1 ] DEBUG GameScene            - Game scene initialized: 800x600
21:33:17.638 [FXGL Background Thread 1 ] DEBUG FXGL.DefaultMenu     - createMenuBodyGameMenu()
21:33:17.665 [FXGL Background Thread 1 ] DEBUG FXGL.DefaultMenu     - createOptionsMenu()
21:33:17.684 [FXGL Background Thread 1 ] DEBUG FXGLAssetLoaderServi - Loading from file system: jar:file:/C:/Users/josue/OneDrive/Desktop/proyecto%20java/Among%20Us/lib/fxgl-21.1-uber.jar!/fxglassets/textures/particles/smoke.png
21:33:17.885 [FXGL Background Thread 1 ] DEBUG FXGLAssetLoaderServi - Loading from file system: jar:file:/C:/Users/josue/OneDrive/Desktop/proyecto%20java/Among%20Us/lib/fxgl-21.1-uber.jar!/fxglassets/textures/particles/trace_horizontal.png
21:33:17.937 [FXGL Background Thread 1 ] DEBUG GameApplicationServi - Application scenes initialized
21:33:17.967 [FXGL Background Thread 1 ] DEBUG SystemBundleService  - Loading FXGL system data
21:33:17.972 [FXGL Background Thread 1 ] DEBUG FileSystemAccess     - Reading from: C:\Users\josue\OneDrive\Desktop\proyecto java\Among Us\system\fxgl.bundle
21:33:17.984 [FXGL Background Thread 1 ] DEBUG SystemBundleService  - Bundle FXGL: {}
21:33:17.984 [FXGL Background Thread 1 ] DEBUG UpdaterService       - Checking for updates
21:33:17.992 [FXGL Background Thread 1 ] DEBUG FXGLApplication      - Loading default localization
21:33:17.992 [FXGL Background Thread 1 ] DEBUG FXGLAssetLoaderServi - Loading from file system: jar:file:/C:/Users/josue/OneDrive/Desktop/proyecto%20java/Among%20Us/lib/fxgl-21.1-uber.jar!/fxglassets/languages/english.lang
21:33:17.995 [FXGL Background Thread 4 ] DEBUG FXGLApplication      - Loading fonts
21:33:17.996 [FXGL Background Thread 4 ] DEBUG FXGLAssetLoaderServi - Loading from file system: jar:file:/C:/Users/josue/OneDrive/Desktop/proyecto%20java/Among%20Us/lib/fxgl-21.1-uber.jar!/fxglassets/ui/fonts/VarelaRound-Regular.ttf
21:33:18.075 [FXGL Background Thread 1 ] INFO  FXGLApplication      - FXGL initialization took: 1,029 sec
21:33:18.090 [JavaFX Application Thread] DEBUG Input                - Registered new binding: Mover Arriba - W
21:33:18.091 [JavaFX Application Thread] DEBUG Input                - Registered new binding: Mover Abajo - S
21:33:18.091 [JavaFX Application Thread] DEBUG Input                - Registered new binding: Mover Izquierda - A
21:33:18.092 [JavaFX Application Thread] DEBUG Input                - Registered new binding: Mover Derecha - D
21:33:18.092 [JavaFX Application Thread] DEBUG Input                - Registered new binding: Abrir Camaras - C
21:33:18.092 [JavaFX Application Thread] DEBUG Input                - Registered new binding: Usar Alcantarilla - Space
21:33:18.092 [JavaFX Application Thread] DEBUG Input                - Registered new binding: Vent Izquierda - Left
21:33:18.092 [JavaFX Application Thread] DEBUG Input                - Registered new binding: Vent Derecha - Right
21:33:18.092 [JavaFX Application Thread] DEBUG Input                - Registered new binding: Vent Arriba - Up
21:33:18.092 [JavaFX Application Thread] DEBUG Input                - Registered new binding: Vent Abajo - Down
21:33:18.092 [JavaFX Application Thread] DEBUG FXGLAssetLoaderServi - Loading from file system: file:/C:/Users/josue/OneDrive/Desktop/proyecto%20java/Among%20Us/out/production/Among%20Us/assets/textures/icono.png
21:33:18.135 [JavaFX Application Thread] DEBUG FXGLAssetLoaderServi - Loading from file system: jar:file:/C:/Users/josue/OneDrive/Desktop/proyecto%20java/Among%20Us/lib/fxgl-21.1-uber.jar!/fxglassets/textures/fxgl_default_cursor.png
21:33:18.145 [JavaFX Application Thread] DEBUG Input                - Registered new binding: Screenshot - CTRL+8
21:33:18.145 [JavaFX Application Thread] DEBUG Input                - Registered new binding: System info dump - CTRL+9
21:33:18.146 [JavaFX Application Thread] DEBUG Input                - Registered new binding: Restart - CTRL+R
21:33:18.147 [JavaFX Application Thread] DEBUG Input                - Registered new binding: Toggle Debug Camera - CTRL+7
21:33:18.155 [JavaFX Application Thread] DEBUG LoopRunner           - Starting loop
21:33:18.155 [JavaFX Application Thread] DEBUG LoopRunner           - Initializing JavaFX AnimationTimerLoop
21:33:18.157 [JavaFX Application Thread] DEBUG GameApplicationServi - Starting new game
21:33:18.161 [JavaFX Application Thread] DEBUG Input                - Clearing active input actions
21:33:18.195 [JavaFX Application Thread] DEBUG GameApplicationServi - Removing overlay from FXGLStartupScene and adding to FXGLLoadingScene
21:33:18.195 [JavaFX Application Thread] DEBUG PrimaryStageWindow   - FXGLStartupScene -> FXGLLoadingScene
21:33:18.196 [JavaFX Application Thread] DEBUG GameApplicationServi - Clearing previous game
21:33:18.196 [JavaFX Application Thread] DEBUG GameScene            - Clearing game scene
21:33:18.196 [JavaFX Application Thread] DEBUG GameWorld            - Clearing game world
21:33:18.196 [JavaFX Application Thread] DEBUG PhysicsWorld         - Clearing physics world
21:33:18.249 [FXGL Background Thread 5 ] DEBUG FXGLApplication      - Initializing game
21:33:18.262 [FXGL Background Thread 5 ] DEBUG FXGLAssetLoaderServi - Loading from file system: file:/C:/Users/josue/OneDrive/Desktop/proyecto%20java/Among%20Us/out/production/Among%20Us/assets/textures/MonitorDeCamaras.png
21:33:18.416 [FXGL Background Thread 5 ] DEBUG FXGLAssetLoaderServi - Loading from file system: file:/C:/Users/josue/OneDrive/Desktop/proyecto%20java/Among%20Us/out/production/Among%20Us/assets/textures/flechaAmarillaIzq.png
21:33:18.427 [FXGL Background Thread 5 ] DEBUG FXGLAssetLoaderServi - Loading from file system: file:/C:/Users/josue/OneDrive/Desktop/proyecto%20java/Among%20Us/out/production/Among%20Us/assets/textures/flechaAmarillaDer.png
21:33:18.432 [FXGL Background Thread 5 ] DEBUG FXGLAssetLoaderServi - Loading from file system: file:/C:/Users/josue/OneDrive/Desktop/proyecto%20java/Among%20Us/out/production/Among%20Us/assets/music/musicaMenu.mp3
21:33:18.922 [FXGL Background Thread 5 ] DEBUG AudioPlayer          - Playing music com.almasb.fxgl.audio.Music@2574d136
21:33:19.257 [FXGL Background Thread 4 ] DEBUG FXGLAssetLoaderServi - Loading from file system: jar:file:/C:/Users/josue/OneDrive/Desktop/proyecto%20java/Among%20Us/lib/fxgl-21.1-uber.jar!/fxglassets/ui/fonts/Abel-Regular.ttf
21:33:19.347 [FXGL Background Thread 4 ] DEBUG FXGLAssetLoaderServi - Loading from file system: jar:file:/C:/Users/josue/OneDrive/Desktop/proyecto%20java/Among%20Us/lib/fxgl-21.1-uber.jar!/fxglassets/ui/fonts/TerminalLandMono-Regular.otf
21:33:19.438 [FXGL Background Thread 4 ] DEBUG FXGLAssetLoaderServi - Loading from file system: jar:file:/C:/Users/josue/OneDrive/Desktop/proyecto%20java/Among%20Us/lib/fxgl-21.1-uber.jar!/fxglassets/ui/fonts/Courier-Prime.ttf
21:33:20.046 [FXGL Background Thread 5 ] INFO  FXGLApplication      - Game initialization took: 1,796 sec
21:33:20.192 [JavaFX Application Thread] DEBUG FXGLApplication      - Registering font factories with UI factory
21:33:20.217 [JavaFX Application Thread] DEBUG Input                - Clearing active input actions
21:33:20.244 [JavaFX Application Thread] DEBUG GameApplicationServi - Removing overlay from FXGLLoadingScene and adding to GameScene
21:33:20.244 [JavaFX Application Thread] DEBUG PrimaryStageWindow   - FXGLLoadingScene -> GameScene
21:33:20.297 [FXGL Background Thread 2 ] INFO  UpdaterService       - Your current version:  21.1
21:33:20.326 [FXGL Background Thread 2 ] INFO  UpdaterService       - Latest stable version: 25
21:33:20.991 [FXGL Background Thread 3 ] DEBUG Engine               - Logging environment variables
21:33:20.995 [FXGL Background Thread 3 ] DEBUG Engine               - achievements: []
21:33:20.996 [FXGL Background Thread 3 ] DEBUG Engine               - actualHeight: 600.0
21:33:20.996 [FXGL Background Thread 3 ] DEBUG Engine               - actualHeightProperty: ReadOnlyDoubleProperty [value: 600.0]
21:33:20.997 [FXGL Background Thread 3 ] DEBUG Engine               - actualWidth: 800.0
21:33:20.997 [FXGL Background Thread 3 ] DEBUG Engine               - actualWidthProperty: ReadOnlyDoubleProperty [value: 800.0]
21:33:20.997 [FXGL Background Thread 3 ] DEBUG Engine               - appIcon: icono.png
21:33:20.997 [FXGL Background Thread 3 ] DEBUG Engine               - applicationMode: DEVELOPER
21:33:20.997 [FXGL Background Thread 3 ] DEBUG Engine               - cSSList: [fxgl_dark.css]
21:33:20.997 [FXGL Background Thread 3 ] DEBUG Engine               - collisionDetectionStrategy: BRUTE_FORCE
21:33:20.997 [FXGL Background Thread 3 ] DEBUG Engine               - configClass: Optional.empty
21:33:20.998 [FXGL Background Thread 3 ] DEBUG Engine               - credits: []
21:33:20.998 [FXGL Background Thread 3 ] DEBUG Engine               - defaultCursor: CursorInfo(imageName=fxgl_default_cursor.png, hotspotX=7.0, hotspotY=6.0)
21:33:20.998 [FXGL Background Thread 3 ] DEBUG Engine               - devBBoxColorProperty: ObjectProperty [value: 0xff0000ff]
21:33:20.998 [FXGL Background Thread 3 ] DEBUG Engine               - devEnableDebugCameraProperty: BooleanProperty [value: false]
21:33:20.998 [FXGL Background Thread 3 ] DEBUG Engine               - devSensorColorProperty: ObjectProperty [value: 0xffff00ff]
21:33:20.998 [FXGL Background Thread 3 ] DEBUG Engine               - devShowBBoxProperty: BooleanProperty [value: false]
21:33:20.998 [FXGL Background Thread 3 ] DEBUG Engine               - devShowPositionProperty: BooleanProperty [value: false]
21:33:20.998 [FXGL Background Thread 3 ] DEBUG Engine               - enabledMenuItems: []
21:33:20.998 [FXGL Background Thread 3 ] DEBUG Engine               - engineServices: [class com.almasb.fxgl.app.services.FXGLAssetLoaderService, class com.almasb.fxgl.app.FXGLApplication$GameApplicationService, class com.almasb.fxgl.app.services.FXGLDialogService, class com.almasb.fxgl.app.services.IOTaskExecutorService, class com.almasb.fxgl.io.FileSystemService, class com.almasb.fxgl.localization.LocalizationService, class com.almasb.fxgl.app.services.SystemBundleService, class com.almasb.fxgl.profile.SaveLoadService, class com.almasb.fxgl.ui.FXGLUIFactoryServiceProvider, class com.almasb.fxgl.ui.FXGLDialogFactoryServiceProvider, class com.almasb.fxgl.audio.AudioPlayer, class com.almasb.fxgl.notification.impl.NotificationServiceProvider, class com.almasb.fxgl.achievement.AchievementService, class com.almasb.fxgl.cutscene.CutsceneService, class com.almasb.fxgl.minigames.MiniGameService, class com.almasb.fxgl.net.NetService, class com.almasb.fxgl.app.services.UpdaterService, class com.almasb.fxgl.dev.DevService]
21:33:20.998 [FXGL Background Thread 3 ] DEBUG Engine               - fontGame: Abel-Regular.ttf
21:33:20.999 [FXGL Background Thread 3 ] DEBUG Engine               - fontMono: TerminalLandMono-Regular.otf
21:33:20.999 [FXGL Background Thread 3 ] DEBUG Engine               - fontSizeScaleUI: 1.0
21:33:20.999 [FXGL Background Thread 3 ] DEBUG Engine               - fontText: Courier-Prime.ttf
21:33:20.999 [FXGL Background Thread 3 ] DEBUG Engine               - fontUI: VarelaRound-Regular.ttf
21:33:20.999 [FXGL Background Thread 3 ] DEBUG Engine               - fullScreen: BooleanProperty [value: false]
21:33:20.999 [FXGL Background Thread 3 ] DEBUG Engine               - gameDifficulty: MEDIUM
21:33:20.999 [FXGL Background Thread 3 ] DEBUG Engine               - gameDifficultyProperty: ObjectProperty [value: MEDIUM]
21:33:20.999 [FXGL Background Thread 3 ] DEBUG Engine               - globalMusicVolume: 0.5
21:33:20.999 [FXGL Background Thread 3 ] DEBUG Engine               - globalMusicVolumeProperty: DoubleProperty [value: 0.4]
21:33:20.999 [FXGL Background Thread 3 ] DEBUG Engine               - globalSoundVolume: 0.5
21:33:21.002 [FXGL Background Thread 3 ] DEBUG Engine               - globalSoundVolumeProperty: DoubleProperty [value: 0.5]
21:33:21.003 [FXGL Background Thread 3 ] DEBUG Engine               - height: 600
21:33:21.005 [FXGL Background Thread 3 ] DEBUG Engine               - is3D: false
21:33:21.005 [FXGL Background Thread 3 ] DEBUG Engine               - isAndroid: false
21:33:21.005 [FXGL Background Thread 3 ] DEBUG Engine               - isBrowser: false
21:33:21.005 [FXGL Background Thread 3 ] DEBUG Engine               - isClickFeedbackEnabled: false
21:33:21.006 [FXGL Background Thread 3 ] DEBUG Engine               - isCloseConfirmation: false
21:33:21.006 [FXGL Background Thread 3 ] DEBUG Engine               - isDesktop: true
21:33:21.006 [FXGL Background Thread 3 ] DEBUG Engine               - isDeveloperMenuEnabled: false
21:33:21.006 [FXGL Background Thread 3 ] DEBUG Engine               - isEmbedded: false
21:33:21.006 [FXGL Background Thread 3 ] DEBUG Engine               - isEntityPreloadEnabled: true
21:33:21.006 [FXGL Background Thread 3 ] DEBUG Engine               - isExperimentalTiledLargeMap: false
21:33:21.006 [FXGL Background Thread 3 ] DEBUG Engine               - isFileSystemWriteAllowed: true
21:33:21.006 [FXGL Background Thread 3 ] DEBUG Engine               - isFullScreenAllowed: false
21:33:21.006 [FXGL Background Thread 3 ] DEBUG Engine               - isFullScreenFromStart: false
21:33:21.006 [FXGL Background Thread 3 ] DEBUG Engine               - isGameMenuEnabled: true
21:33:21.006 [FXGL Background Thread 3 ] DEBUG Engine               - isIOS: false
21:33:21.006 [FXGL Background Thread 3 ] DEBUG Engine               - isIntroEnabled: false
21:33:21.006 [FXGL Background Thread 3 ] DEBUG Engine               - isLinux: false
21:33:21.006 [FXGL Background Thread 3 ] DEBUG Engine               - isMac: false
21:33:21.007 [FXGL Background Thread 3 ] DEBUG Engine               - isMainMenuEnabled: false
21:33:21.007 [FXGL Background Thread 3 ] DEBUG Engine               - isManualResizeEnabled: false
21:33:21.007 [FXGL Background Thread 3 ] DEBUG Engine               - isMobile: false
21:33:21.007 [FXGL Background Thread 3 ] DEBUG Engine               - isNative: false
21:33:21.007 [FXGL Background Thread 3 ] DEBUG Engine               - isPauseMusicWhenMinimized: true
21:33:21.007 [FXGL Background Thread 3 ] DEBUG Engine               - isPreserveResizeRatio: false
21:33:21.007 [FXGL Background Thread 3 ] DEBUG Engine               - isProfilingEnabled: false
21:33:21.007 [FXGL Background Thread 3 ] DEBUG Engine               - isScaleAffectedOnResize: true
21:33:21.007 [FXGL Background Thread 3 ] DEBUG Engine               - isSingleStep: false
21:33:21.007 [FXGL Background Thread 3 ] DEBUG Engine               - isUserProfileEnabled: false
21:33:21.007 [FXGL Background Thread 3 ] DEBUG Engine               - isWindows: true
21:33:21.007 [FXGL Background Thread 3 ] DEBUG Engine               - language: ObjectProperty [value: ENGLISH]
21:33:21.007 [FXGL Background Thread 3 ] DEBUG Engine               - menuKey: ESCAPE
21:33:21.007 [FXGL Background Thread 3 ] DEBUG Engine               - mouseSensitivity: 0.2
21:33:21.007 [FXGL Background Thread 3 ] DEBUG Engine               - notificationViewClass: class com.almasb.fxgl.notification.view.XboxNotificationView
21:33:21.007 [FXGL Background Thread 3 ] DEBUG Engine               - pixelsPerMeter: 50.0
21:33:21.007 [FXGL Background Thread 3 ] DEBUG Engine               - platform: WINDOWS
21:33:21.007 [FXGL Background Thread 3 ] DEBUG Engine               - prefHeightProperty: ReadOnlyDoubleProperty [value: 600.0]
21:33:21.007 [FXGL Background Thread 3 ] DEBUG Engine               - prefWidthProperty: ReadOnlyDoubleProperty [value: 800.0]
21:33:21.007 [FXGL Background Thread 3 ] DEBUG Engine               - profileDir: profiles/
21:33:21.007 [FXGL Background Thread 3 ] DEBUG Engine               - profileName: StringProperty [value: DEFAULT]
21:33:21.007 [FXGL Background Thread 3 ] DEBUG Engine               - randomSeed: -1
21:33:21.009 [FXGL Background Thread 3 ] DEBUG Engine               - runtimeInfo: RuntimeInfo(platform=WINDOWS, version=21.1, build=26.03.2024 17.33)
21:33:21.009 [FXGL Background Thread 3 ] DEBUG Engine               - saveFileExt: sav
21:33:21.009 [FXGL Background Thread 3 ] DEBUG Engine               - scaledHeightProp$fxgl: DoubleProperty [bound, value: 600.0]
21:33:21.009 [FXGL Background Thread 3 ] DEBUG Engine               - scaledWidthProp$fxgl: DoubleProperty [bound, value: 800.0]
21:33:21.009 [FXGL Background Thread 3 ] DEBUG Engine               - sceneFactory: com.almasb.fxgl.app.scene.SceneFactory@47b478e1
21:33:21.009 [FXGL Background Thread 3 ] DEBUG Engine               - secondsIn24h: 60
21:33:21.009 [FXGL Background Thread 3 ] DEBUG Engine               - soundMenuBack: menu/back.wav
21:33:21.010 [FXGL Background Thread 3 ] DEBUG Engine               - soundMenuPress: menu/press.wav
21:33:21.010 [FXGL Background Thread 3 ] DEBUG Engine               - soundMenuSelect: menu/select.wav
21:33:21.010 [FXGL Background Thread 3 ] DEBUG Engine               - soundNotification: core/notification.wav
21:33:21.010 [FXGL Background Thread 3 ] DEBUG Engine               - stageStyle: DECORATED
21:33:21.010 [FXGL Background Thread 3 ] DEBUG Engine               - supportedLanguages: [ENGLISH, FRENCH, GERMAN, HUNGARIAN, RUSSIAN]
21:33:21.010 [FXGL Background Thread 3 ] DEBUG Engine               - ticksPerSecond: -1
21:33:21.010 [FXGL Background Thread 3 ] DEBUG Engine               - title: Among Us UNEG
21:33:21.011 [FXGL Background Thread 3 ] DEBUG Engine               - urlGithub: https://github.com/AlmasB/FXGL
21:33:21.011 [FXGL Background Thread 3 ] DEBUG Engine               - urlLeaderboard: http://fxgl-top.herokuapp.com/
21:33:21.011 [FXGL Background Thread 3 ] DEBUG Engine               - urlPOM: https://raw.githubusercontent.com/AlmasB/FXGL/release/README.md
21:33:21.011 [FXGL Background Thread 3 ] DEBUG Engine               - userAppClass: class main.java.amongUs.AppPrincipal
21:33:21.011 [FXGL Background Thread 3 ] DEBUG Engine               - version: 0.0
21:33:21.011 [FXGL Background Thread 3 ] DEBUG Engine               - versionCheckDays: 7
21:33:21.011 [FXGL Background Thread 3 ] DEBUG Engine               - width: 800
21:33:21.011 [FXGL Background Thread 3 ] DEBUG Engine               - Logging services
21:33:21.011 [FXGL Background Thread 3 ] DEBUG Engine               - class com.almasb.fxgl.app.services.FXGLAssetLoaderService
21:33:21.012 [FXGL Background Thread 3 ] DEBUG Engine               - class com.almasb.fxgl.app.FXGLApplication$GameApplicationService
21:33:21.012 [FXGL Background Thread 3 ] DEBUG Engine               - class com.almasb.fxgl.app.services.FXGLDialogService
21:33:21.012 [FXGL Background Thread 3 ] DEBUG Engine               - class com.almasb.fxgl.app.services.IOTaskExecutorService
21:33:21.012 [FXGL Background Thread 3 ] DEBUG Engine               - class com.almasb.fxgl.io.FileSystemService
21:33:21.012 [FXGL Background Thread 3 ] DEBUG Engine               - class com.almasb.fxgl.localization.LocalizationService
21:33:21.012 [FXGL Background Thread 3 ] DEBUG Engine               - class com.almasb.fxgl.app.services.SystemBundleService
21:33:21.012 [FXGL Background Thread 3 ] DEBUG Engine               - class com.almasb.fxgl.profile.SaveLoadService
21:33:21.012 [FXGL Background Thread 3 ] DEBUG Engine               - class com.almasb.fxgl.ui.FXGLUIFactoryServiceProvider
21:33:21.012 [FXGL Background Thread 3 ] DEBUG Engine               - class com.almasb.fxgl.ui.FXGLDialogFactoryServiceProvider
21:33:21.012 [FXGL Background Thread 3 ] DEBUG Engine               - class com.almasb.fxgl.audio.AudioPlayer
21:33:21.012 [FXGL Background Thread 3 ] DEBUG Engine               - class com.almasb.fxgl.notification.impl.NotificationServiceProvider
21:33:21.012 [FXGL Background Thread 3 ] DEBUG Engine               - class com.almasb.fxgl.achievement.AchievementService
21:33:21.012 [FXGL Background Thread 3 ] DEBUG Engine               - class com.almasb.fxgl.cutscene.CutsceneService
21:33:21.012 [FXGL Background Thread 3 ] DEBUG Engine               - class com.almasb.fxgl.minigames.MiniGameService
21:33:21.012 [FXGL Background Thread 3 ] DEBUG Engine               - class com.almasb.fxgl.net.NetService
21:33:21.012 [FXGL Background Thread 3 ] DEBUG Engine               - class com.almasb.fxgl.app.services.UpdaterService
21:33:21.012 [FXGL Background Thread 3 ] DEBUG Engine               - class com.almasb.fxgl.dev.DevService
21:33:24.819 [JavaFX Application Thread] DEBUG FXGLAssetLoaderServi - Loading from file system: file:/C:/Users/josue/OneDrive/Desktop/proyecto%20java/Among%20Us/out/production/Among%20Us/assets/sounds/clickBoton.wav
21:34:08.993 [JavaFX Application Thread] DEBUG FXGLApplication      - Exiting FXGL
21:34:08.993 [JavaFX Application Thread] DEBUG LoopRunner           - Stopping loop
21:34:08.993 [JavaFX Application Thread] DEBUG SystemBundleService  - Saving FXGL system data
21:34:08.996 [JavaFX Application Thread] DEBUG FileSystemAccess     - Writing to: C:\Users\josue\OneDrive\Desktop\proyecto java\Among Us\system\fxgl.bundle
21:34:09.006 [JavaFX Application Thread] DEBUG Async                - Shutting down background threads
21:34:09.006 [JavaFX Application Thread] DEBUG PrimaryStageWindow   - Closing main window
21:34:09.042 [JavaFX Application Thread] DEBUG Logger               - Closing Logger
