15:41:43.813 [main                     ] DEBUG Logger               - Configured Logger
15:41:43.825 [main                     ] DEBUG GameApplication      - Logging settings
Title: Among Us UNEG
Version: 0.0
Width: 800
Height: 600
Fullscreen: false
Intro: false
Profiling: false
Single step:false
App Mode: DEVELOPER
Menu Key: ESCAPE
Stage Style: DECORATED
Scene Factory: class com.almasb.fxgl.app.scene.SceneFactory

15:41:44.375 [JavaFX Application Thread] DEBUG FXGLApplication      - Initializing FXGL
15:41:44.378 [JavaFX Application Thread] INFO  Engine               - FXGL-21.1 (26.03.2024 17.33) on WINDOWS (J:25.0.2 FX:21.0.1)
15:41:44.378 [JavaFX Application Thread] DEBUG Engine               - JRE Vendor Name: Oracle Corporation
15:41:44.378 [JavaFX Application Thread] DEBUG Engine               - Running on OS: Windows 11 version 10.0
15:41:44.378 [JavaFX Application Thread] DEBUG Engine               - Architecture: amd64
15:41:44.378 [JavaFX Application Thread] INFO  Engine               - Source code and latest versions at: https://github.com/AlmasB/FXGL
15:41:44.378 [JavaFX Application Thread] INFO  Engine               -       Ask questions and discuss at: https://github.com/AlmasB/FXGL/discussions
15:41:44.378 [JavaFX Application Thread] INFO  Engine               -              Join the FXGL chat at: https://gitter.im/AlmasB/FXGL
15:41:44.464 [JavaFX Application Thread] DEBUG PrimaryStageWindow   - Creating a JavaFX scene
15:41:44.535 [JavaFX Application Thread] DEBUG PrimaryStageWindow   - Target settings size: 800.0 x 600.0
15:41:44.535 [JavaFX Application Thread] DEBUG PrimaryStageWindow   - Scaled scene size:    800.0 x 600.0
15:41:44.535 [JavaFX Application Thread] DEBUG PrimaryStageWindow   - Scaled ratio: (1.0, 1.0)
15:41:44.536 [JavaFX Application Thread] DEBUG PrimaryStageWindow   - Set initial scene to FXGLStartupScene
15:41:44.539 [JavaFX Application Thread] DEBUG PrimaryStageWindow   - Opening main window
15:41:44.656 [JavaFX Application Thread] DEBUG PrimaryStageWindow   - Window border size: (16.0, 39.0)
15:41:44.656 [JavaFX Application Thread] DEBUG PrimaryStageWindow   - Scaled size: 800.0 x 600.0
15:41:44.656 [JavaFX Application Thread] DEBUG PrimaryStageWindow   - Scaled ratio: (1.0, 1.0)
15:41:44.656 [JavaFX Application Thread] DEBUG PrimaryStageWindow   - Scene size: 800.0 x 600.0
15:41:44.656 [JavaFX Application Thread] DEBUG PrimaryStageWindow   - Stage size: 816.0 x 639.0
15:41:44.664 [FXGL Background Thread 1 ] DEBUG Engine               - Initializing environment variables
15:41:44.732 [FXGL Background Thread 1 ] DEBUG FXGLAssetLoaderServi - User app class for loading assets: class main.java.amongUs.AppPrincipal
15:41:44.732 [FXGL Background Thread 1 ] DEBUG GameApplicationServi - Applying CSS: fxgl_dark.css
15:41:44.732 [FXGL Background Thread 1 ] DEBUG FXGLAssetLoaderServi - Loading from file system: jar:file:/C:/Users/Angel%20Aguilera/Desktop/amongus/Among-us/lib/fxgl-21.1-uber.jar!/fxglassets/ui/css/fxgl_dark.css
15:41:44.769 [FXGL Background Thread 1 ] DEBUG GameApplicationServi - Initializing application scenes
15:41:44.800 [FXGL Background Thread 1 ] DEBUG GameWorld            - Game world initialized
15:41:44.873 [FXGL Background Thread 1 ] DEBUG PhysicsWorld         - Physics world initialized: appHeight=600, physics.ppm=50,0
15:41:44.873 [FXGL Background Thread 1 ] DEBUG PhysicsWorld         - Using strategy: BRUTE_FORCE
15:41:44.878 [FXGL Background Thread 1 ] DEBUG GameScene            - Game scene initialized: 800x600
15:41:44.889 [FXGL Background Thread 1 ] DEBUG FXGL.DefaultMenu     - createMenuBodyGameMenu()
15:41:44.902 [FXGL Background Thread 1 ] DEBUG FXGL.DefaultMenu     - createOptionsMenu()
15:41:44.912 [FXGL Background Thread 1 ] DEBUG FXGLAssetLoaderServi - Loading from file system: jar:file:/C:/Users/Angel%20Aguilera/Desktop/amongus/Among-us/lib/fxgl-21.1-uber.jar!/fxglassets/textures/particles/smoke.png
15:41:45.008 [FXGL Background Thread 1 ] DEBUG FXGLAssetLoaderServi - Loading from file system: jar:file:/C:/Users/Angel%20Aguilera/Desktop/amongus/Among-us/lib/fxgl-21.1-uber.jar!/fxglassets/textures/particles/trace_horizontal.png
15:41:45.034 [FXGL Background Thread 1 ] DEBUG GameApplicationServi - Application scenes initialized
15:41:45.043 [FXGL Background Thread 1 ] DEBUG SystemBundleService  - Loading FXGL system data
15:41:45.047 [FXGL Background Thread 1 ] DEBUG FileSystemAccess     - Reading from: C:\Users\Angel Aguilera\Desktop\amongus\Among-us\system\fxgl.bundle
15:41:45.052 [FXGL Background Thread 1 ] DEBUG SystemBundleService  - Bundle FXGL: {}
15:41:45.052 [FXGL Background Thread 1 ] DEBUG UpdaterService       - Checking for updates
15:41:45.055 [FXGL Background Thread 4 ] DEBUG FXGLApplication      - Loading fonts
15:41:45.056 [FXGL Background Thread 1 ] DEBUG FXGLApplication      - Loading default localization
15:41:45.056 [FXGL Background Thread 4 ] DEBUG FXGLAssetLoaderServi - Loading from file system: jar:file:/C:/Users/Angel%20Aguilera/Desktop/amongus/Among-us/lib/fxgl-21.1-uber.jar!/fxglassets/ui/fonts/VarelaRound-Regular.ttf
15:41:45.057 [FXGL Background Thread 1 ] DEBUG FXGLAssetLoaderServi - Loading from file system: jar:file:/C:/Users/Angel%20Aguilera/Desktop/amongus/Among-us/lib/fxgl-21.1-uber.jar!/fxglassets/languages/english.lang
15:41:45.072 [FXGL Background Thread 1 ] INFO  FXGLApplication      - FXGL initialization took: 0,409 sec
15:41:45.082 [JavaFX Application Thread] DEBUG Input                - Registered new binding: Mover Arriba - W
15:41:45.082 [JavaFX Application Thread] DEBUG Input                - Registered new binding: Mover Abajo - S
15:41:45.082 [JavaFX Application Thread] DEBUG Input                - Registered new binding: Mover Izquierda - A
15:41:45.082 [JavaFX Application Thread] DEBUG Input                - Registered new binding: Mover Derecha - D
15:41:45.082 [JavaFX Application Thread] DEBUG Input                - Registered new binding: Abrir Camaras - C
15:41:45.082 [JavaFX Application Thread] DEBUG Input                - Registered new binding: Usar Alcantarilla - Space
15:41:45.082 [JavaFX Application Thread] DEBUG Input                - Registered new binding: Vent Izquierda - Left
15:41:45.082 [JavaFX Application Thread] DEBUG Input                - Registered new binding: Vent Derecha - Right
15:41:45.083 [JavaFX Application Thread] DEBUG Input                - Registered new binding: Vent Arriba - Up
15:41:45.083 [JavaFX Application Thread] DEBUG Input                - Registered new binding: Vent Abajo - Down
15:41:45.083 [JavaFX Application Thread] DEBUG Input                - Registered new binding: Matar Jugador - Q
15:41:45.083 [JavaFX Application Thread] DEBUG Input                - Registered new binding: Reportar Cadaver - R
15:41:45.084 [JavaFX Application Thread] DEBUG FXGLAssetLoaderServi - Loading from file system: file:/C:/Users/Angel%20Aguilera/Desktop/amongus/Among-us/out/production/Among%20Us/assets/textures/icono.png
15:41:45.098 [FXGL Background Thread 4 ] DEBUG FXGLAssetLoaderServi - Loading from file system: jar:file:/C:/Users/Angel%20Aguilera/Desktop/amongus/Among-us/lib/fxgl-21.1-uber.jar!/fxglassets/ui/fonts/Abel-Regular.ttf
15:41:45.112 [FXGL Background Thread 4 ] DEBUG FXGLAssetLoaderServi - Loading from file system: jar:file:/C:/Users/Angel%20Aguilera/Desktop/amongus/Among-us/lib/fxgl-21.1-uber.jar!/fxglassets/ui/fonts/TerminalLandMono-Regular.otf
15:41:45.115 [JavaFX Application Thread] DEBUG FXGLAssetLoaderServi - Loading from file system: jar:file:/C:/Users/Angel%20Aguilera/Desktop/amongus/Among-us/lib/fxgl-21.1-uber.jar!/fxglassets/textures/fxgl_default_cursor.png
15:41:45.117 [JavaFX Application Thread] DEBUG Input                - Registered new binding: Screenshot - CTRL+8
15:41:45.118 [JavaFX Application Thread] DEBUG Input                - Registered new binding: System info dump - CTRL+9
15:41:45.118 [JavaFX Application Thread] DEBUG Input                - Registered new binding: Restart - CTRL+R
15:41:45.119 [JavaFX Application Thread] DEBUG Input                - Registered new binding: Toggle Debug Camera - CTRL+7
15:41:45.124 [FXGL Background Thread 4 ] DEBUG FXGLAssetLoaderServi - Loading from file system: jar:file:/C:/Users/Angel%20Aguilera/Desktop/amongus/Among-us/lib/fxgl-21.1-uber.jar!/fxglassets/ui/fonts/Courier-Prime.ttf
15:41:45.124 [JavaFX Application Thread] DEBUG LoopRunner           - Starting loop
15:41:45.125 [JavaFX Application Thread] DEBUG LoopRunner           - Initializing JavaFX AnimationTimerLoop
15:41:45.126 [JavaFX Application Thread] DEBUG GameApplicationServi - Starting new game
15:41:45.127 [JavaFX Application Thread] DEBUG Input                - Clearing active input actions
15:41:45.138 [JavaFX Application Thread] DEBUG GameApplicationServi - Removing overlay from FXGLStartupScene and adding to FXGLLoadingScene
15:41:45.138 [JavaFX Application Thread] DEBUG PrimaryStageWindow   - FXGLStartupScene -> FXGLLoadingScene
15:41:45.138 [JavaFX Application Thread] DEBUG GameApplicationServi - Clearing previous game
15:41:45.138 [JavaFX Application Thread] DEBUG GameScene            - Clearing game scene
15:41:45.138 [JavaFX Application Thread] DEBUG GameWorld            - Clearing game world
15:41:45.138 [JavaFX Application Thread] DEBUG PhysicsWorld         - Clearing physics world
15:41:45.140 [FXGL Background Thread 1 ] DEBUG FXGLApplication      - Initializing game
15:41:45.147 [FXGL Background Thread 1 ] DEBUG FXGLAssetLoaderServi - Loading from file system: file:/C:/Users/Angel%20Aguilera/Desktop/amongus/Among-us/out/production/Among%20Us/assets/music/musicaMenu.mp3
15:41:45.185 [JavaFX Application Thread] DEBUG FXGLApplication      - Registering font factories with UI factory
15:41:45.414 [FXGL Background Thread 1 ] DEBUG AudioPlayer          - Playing music com.almasb.fxgl.audio.Music@21a92551
15:41:45.699 [FXGL Background Thread 2 ] INFO  UpdaterService       - Your current version:  21.1
15:41:45.700 [FXGL Background Thread 2 ] INFO  UpdaterService       - Latest stable version: 25
15:41:45.769 [FXGL Background Thread 1 ] INFO  FXGLApplication      - Game initialization took: 0,628 sec
15:41:45.769 [JavaFX Application Thread] DEBUG Input                - Clearing active input actions
15:41:45.776 [JavaFX Application Thread] DEBUG GameApplicationServi - Removing overlay from FXGLLoadingScene and adding to GameScene
15:41:45.776 [JavaFX Application Thread] DEBUG PrimaryStageWindow   - FXGLLoadingScene -> GameScene
15:41:47.376 [JavaFX Application Thread] DEBUG FXGLAssetLoaderServi - Loading from file system: file:/C:/Users/Angel%20Aguilera/Desktop/amongus/Among-us/out/production/Among%20Us/assets/sounds/clickBoton.wav
15:41:48.055 [FXGL Background Thread 3 ] DEBUG Engine               - Logging environment variables
15:41:48.055 [FXGL Background Thread 3 ] DEBUG Engine               - achievements: []
15:41:48.055 [FXGL Background Thread 3 ] DEBUG Engine               - actualHeight: 600.0
15:41:48.055 [FXGL Background Thread 3 ] DEBUG Engine               - actualHeightProperty: ReadOnlyDoubleProperty [value: 600.0]
15:41:48.055 [FXGL Background Thread 3 ] DEBUG Engine               - actualWidth: 800.0
15:41:48.055 [FXGL Background Thread 3 ] DEBUG Engine               - actualWidthProperty: ReadOnlyDoubleProperty [value: 800.0]
15:41:48.055 [FXGL Background Thread 3 ] DEBUG Engine               - appIcon: icono.png
15:41:48.055 [FXGL Background Thread 3 ] DEBUG Engine               - applicationMode: DEVELOPER
15:41:48.056 [FXGL Background Thread 3 ] DEBUG Engine               - cSSList: [fxgl_dark.css]
15:41:48.056 [FXGL Background Thread 3 ] DEBUG Engine               - collisionDetectionStrategy: BRUTE_FORCE
15:41:48.056 [FXGL Background Thread 3 ] DEBUG Engine               - configClass: Optional.empty
15:41:48.056 [FXGL Background Thread 3 ] DEBUG Engine               - credits: []
15:41:48.056 [FXGL Background Thread 3 ] DEBUG Engine               - defaultCursor: CursorInfo(imageName=fxgl_default_cursor.png, hotspotX=7.0, hotspotY=6.0)
15:41:48.056 [FXGL Background Thread 3 ] DEBUG Engine               - devBBoxColorProperty: ObjectProperty [value: 0xff0000ff]
15:41:48.056 [FXGL Background Thread 3 ] DEBUG Engine               - devEnableDebugCameraProperty: BooleanProperty [value: false]
15:41:48.056 [FXGL Background Thread 3 ] DEBUG Engine               - devSensorColorProperty: ObjectProperty [value: 0xffff00ff]
15:41:48.056 [FXGL Background Thread 3 ] DEBUG Engine               - devShowBBoxProperty: BooleanProperty [value: false]
15:41:48.056 [FXGL Background Thread 3 ] DEBUG Engine               - devShowPositionProperty: BooleanProperty [value: false]
15:41:48.056 [FXGL Background Thread 3 ] DEBUG Engine               - enabledMenuItems: []
15:41:48.056 [FXGL Background Thread 3 ] DEBUG Engine               - engineServices: [class com.almasb.fxgl.app.services.FXGLAssetLoaderService, class com.almasb.fxgl.app.FXGLApplication$GameApplicationService, class com.almasb.fxgl.app.services.FXGLDialogService, class com.almasb.fxgl.app.services.IOTaskExecutorService, class com.almasb.fxgl.io.FileSystemService, class com.almasb.fxgl.localization.LocalizationService, class com.almasb.fxgl.app.services.SystemBundleService, class com.almasb.fxgl.profile.SaveLoadService, class com.almasb.fxgl.ui.FXGLUIFactoryServiceProvider, class com.almasb.fxgl.ui.FXGLDialogFactoryServiceProvider, class com.almasb.fxgl.audio.AudioPlayer, class com.almasb.fxgl.notification.impl.NotificationServiceProvider, class com.almasb.fxgl.achievement.AchievementService, class com.almasb.fxgl.cutscene.CutsceneService, class com.almasb.fxgl.minigames.MiniGameService, class com.almasb.fxgl.net.NetService, class com.almasb.fxgl.app.services.UpdaterService, class com.almasb.fxgl.dev.DevService]
15:41:48.056 [FXGL Background Thread 3 ] DEBUG Engine               - fontGame: Abel-Regular.ttf
15:41:48.056 [FXGL Background Thread 3 ] DEBUG Engine               - fontMono: TerminalLandMono-Regular.otf
15:41:48.056 [FXGL Background Thread 3 ] DEBUG Engine               - fontSizeScaleUI: 1.0
15:41:48.056 [FXGL Background Thread 3 ] DEBUG Engine               - fontText: Courier-Prime.ttf
15:41:48.056 [FXGL Background Thread 3 ] DEBUG Engine               - fontUI: VarelaRound-Regular.ttf
15:41:48.056 [FXGL Background Thread 3 ] DEBUG Engine               - fullScreen: BooleanProperty [value: false]
15:41:48.056 [FXGL Background Thread 3 ] DEBUG Engine               - gameDifficulty: MEDIUM
15:41:48.056 [FXGL Background Thread 3 ] DEBUG Engine               - gameDifficultyProperty: ObjectProperty [value: MEDIUM]
15:41:48.057 [FXGL Background Thread 3 ] DEBUG Engine               - globalMusicVolume: 0.5
15:41:48.057 [FXGL Background Thread 3 ] DEBUG Engine               - globalMusicVolumeProperty: DoubleProperty [value: 0.4]
15:41:48.057 [FXGL Background Thread 3 ] DEBUG Engine               - globalSoundVolume: 0.5
15:41:48.057 [FXGL Background Thread 3 ] DEBUG Engine               - globalSoundVolumeProperty: DoubleProperty [value: 0.5]
15:41:48.057 [FXGL Background Thread 3 ] DEBUG Engine               - height: 600
15:41:48.057 [FXGL Background Thread 3 ] DEBUG Engine               - is3D: false
15:41:48.057 [FXGL Background Thread 3 ] DEBUG Engine               - isAndroid: false
15:41:48.057 [FXGL Background Thread 3 ] DEBUG Engine               - isBrowser: false
15:41:48.057 [FXGL Background Thread 3 ] DEBUG Engine               - isClickFeedbackEnabled: false
15:41:48.057 [FXGL Background Thread 3 ] DEBUG Engine               - isCloseConfirmation: false
15:41:48.057 [FXGL Background Thread 3 ] DEBUG Engine               - isDesktop: true
15:41:48.057 [FXGL Background Thread 3 ] DEBUG Engine               - isDeveloperMenuEnabled: false
15:41:48.057 [FXGL Background Thread 3 ] DEBUG Engine               - isEmbedded: false
15:41:48.057 [FXGL Background Thread 3 ] DEBUG Engine               - isEntityPreloadEnabled: true
15:41:48.057 [FXGL Background Thread 3 ] DEBUG Engine               - isExperimentalTiledLargeMap: false
15:41:48.057 [FXGL Background Thread 3 ] DEBUG Engine               - isFileSystemWriteAllowed: true
15:41:48.057 [FXGL Background Thread 3 ] DEBUG Engine               - isFullScreenAllowed: false
15:41:48.057 [FXGL Background Thread 3 ] DEBUG Engine               - isFullScreenFromStart: false
15:41:48.057 [FXGL Background Thread 3 ] DEBUG Engine               - isGameMenuEnabled: true
15:41:48.057 [FXGL Background Thread 3 ] DEBUG Engine               - isIOS: false
15:41:48.057 [FXGL Background Thread 3 ] DEBUG Engine               - isIntroEnabled: false
15:41:48.057 [FXGL Background Thread 3 ] DEBUG Engine               - isLinux: false
15:41:48.057 [FXGL Background Thread 3 ] DEBUG Engine               - isMac: false
15:41:48.057 [FXGL Background Thread 3 ] DEBUG Engine               - isMainMenuEnabled: false
15:41:48.057 [FXGL Background Thread 3 ] DEBUG Engine               - isManualResizeEnabled: false
15:41:48.057 [FXGL Background Thread 3 ] DEBUG Engine               - isMobile: false
15:41:48.057 [FXGL Background Thread 3 ] DEBUG Engine               - isNative: false
15:41:48.058 [FXGL Background Thread 3 ] DEBUG Engine               - isPauseMusicWhenMinimized: true
15:41:48.058 [FXGL Background Thread 3 ] DEBUG Engine               - isPreserveResizeRatio: false
15:41:48.058 [FXGL Background Thread 3 ] DEBUG Engine               - isProfilingEnabled: false
15:41:48.058 [FXGL Background Thread 3 ] DEBUG Engine               - isScaleAffectedOnResize: true
15:41:48.058 [FXGL Background Thread 3 ] DEBUG Engine               - isSingleStep: false
15:41:48.058 [FXGL Background Thread 3 ] DEBUG Engine               - isUserProfileEnabled: false
15:41:48.058 [FXGL Background Thread 3 ] DEBUG Engine               - isWindows: true
15:41:48.058 [FXGL Background Thread 3 ] DEBUG Engine               - language: ObjectProperty [value: ENGLISH]
15:41:48.058 [FXGL Background Thread 3 ] DEBUG Engine               - menuKey: ESCAPE
15:41:48.058 [FXGL Background Thread 3 ] DEBUG Engine               - mouseSensitivity: 0.2
15:41:48.058 [FXGL Background Thread 3 ] DEBUG Engine               - notificationViewClass: class com.almasb.fxgl.notification.view.XboxNotificationView
15:41:48.058 [FXGL Background Thread 3 ] DEBUG Engine               - pixelsPerMeter: 50.0
15:41:48.058 [FXGL Background Thread 3 ] DEBUG Engine               - platform: WINDOWS
15:41:48.058 [FXGL Background Thread 3 ] DEBUG Engine               - prefHeightProperty: ReadOnlyDoubleProperty [value: 600.0]
15:41:48.058 [FXGL Background Thread 3 ] DEBUG Engine               - prefWidthProperty: ReadOnlyDoubleProperty [value: 800.0]
15:41:48.058 [FXGL Background Thread 3 ] DEBUG Engine               - profileDir: profiles/
15:41:48.058 [FXGL Background Thread 3 ] DEBUG Engine               - profileName: StringProperty [value: DEFAULT]
15:41:48.058 [FXGL Background Thread 3 ] DEBUG Engine               - randomSeed: -1
15:41:48.058 [FXGL Background Thread 3 ] DEBUG Engine               - runtimeInfo: RuntimeInfo(platform=WINDOWS, version=21.1, build=26.03.2024 17.33)
15:41:48.058 [FXGL Background Thread 3 ] DEBUG Engine               - saveFileExt: sav
15:41:48.058 [FXGL Background Thread 3 ] DEBUG Engine               - scaledHeightProp$fxgl: DoubleProperty [bound, value: 600.0]
15:41:48.058 [FXGL Background Thread 3 ] DEBUG Engine               - scaledWidthProp$fxgl: DoubleProperty [bound, value: 800.0]
15:41:48.058 [FXGL Background Thread 3 ] DEBUG Engine               - sceneFactory: com.almasb.fxgl.app.scene.SceneFactory@5b4117dc
15:41:48.058 [FXGL Background Thread 3 ] DEBUG Engine               - secondsIn24h: 60
15:41:48.058 [FXGL Background Thread 3 ] DEBUG Engine               - soundMenuBack: menu/back.wav
15:41:48.058 [FXGL Background Thread 3 ] DEBUG Engine               - soundMenuPress: menu/press.wav
15:41:48.058 [FXGL Background Thread 3 ] DEBUG Engine               - soundMenuSelect: menu/select.wav
15:41:48.058 [FXGL Background Thread 3 ] DEBUG Engine               - soundNotification: core/notification.wav
15:41:48.058 [FXGL Background Thread 3 ] DEBUG Engine               - stageStyle: DECORATED
15:41:48.059 [FXGL Background Thread 3 ] DEBUG Engine               - supportedLanguages: [ENGLISH, FRENCH, GERMAN, HUNGARIAN, RUSSIAN]
15:41:48.059 [FXGL Background Thread 3 ] DEBUG Engine               - ticksPerSecond: -1
15:41:48.059 [FXGL Background Thread 3 ] DEBUG Engine               - title: Among Us UNEG
15:41:48.059 [FXGL Background Thread 3 ] DEBUG Engine               - urlGithub: https://github.com/AlmasB/FXGL
15:41:48.059 [FXGL Background Thread 3 ] DEBUG Engine               - urlLeaderboard: http://fxgl-top.herokuapp.com/
15:41:48.059 [FXGL Background Thread 3 ] DEBUG Engine               - urlPOM: https://raw.githubusercontent.com/AlmasB/FXGL/release/README.md
15:41:48.059 [FXGL Background Thread 3 ] DEBUG Engine               - userAppClass: class main.java.amongUs.AppPrincipal
15:41:48.059 [FXGL Background Thread 3 ] DEBUG Engine               - version: 0.0
15:41:48.059 [FXGL Background Thread 3 ] DEBUG Engine               - versionCheckDays: 7
15:41:48.059 [FXGL Background Thread 3 ] DEBUG Engine               - width: 800
15:41:48.059 [FXGL Background Thread 3 ] DEBUG Engine               - Logging services
15:41:48.059 [FXGL Background Thread 3 ] DEBUG Engine               - class com.almasb.fxgl.app.services.FXGLAssetLoaderService
15:41:48.059 [FXGL Background Thread 3 ] DEBUG Engine               - class com.almasb.fxgl.app.FXGLApplication$GameApplicationService
15:41:48.059 [FXGL Background Thread 3 ] DEBUG Engine               - class com.almasb.fxgl.app.services.FXGLDialogService
15:41:48.059 [FXGL Background Thread 3 ] DEBUG Engine               - class com.almasb.fxgl.app.services.IOTaskExecutorService
15:41:48.059 [FXGL Background Thread 3 ] DEBUG Engine               - class com.almasb.fxgl.io.FileSystemService
15:41:48.059 [FXGL Background Thread 3 ] DEBUG Engine               - class com.almasb.fxgl.localization.LocalizationService
15:41:48.059 [FXGL Background Thread 3 ] DEBUG Engine               - class com.almasb.fxgl.app.services.SystemBundleService
15:41:48.059 [FXGL Background Thread 3 ] DEBUG Engine               - class com.almasb.fxgl.profile.SaveLoadService
15:41:48.059 [FXGL Background Thread 3 ] DEBUG Engine               - class com.almasb.fxgl.ui.FXGLUIFactoryServiceProvider
15:41:48.059 [FXGL Background Thread 3 ] DEBUG Engine               - class com.almasb.fxgl.ui.FXGLDialogFactoryServiceProvider
15:41:48.059 [FXGL Background Thread 3 ] DEBUG Engine               - class com.almasb.fxgl.audio.AudioPlayer
15:41:48.059 [FXGL Background Thread 3 ] DEBUG Engine               - class com.almasb.fxgl.notification.impl.NotificationServiceProvider
15:41:48.059 [FXGL Background Thread 3 ] DEBUG Engine               - class com.almasb.fxgl.achievement.AchievementService
15:41:48.059 [FXGL Background Thread 3 ] DEBUG Engine               - class com.almasb.fxgl.cutscene.CutsceneService
15:41:48.059 [FXGL Background Thread 3 ] DEBUG Engine               - class com.almasb.fxgl.minigames.MiniGameService
15:41:48.059 [FXGL Background Thread 3 ] DEBUG Engine               - class com.almasb.fxgl.net.NetService
15:41:48.059 [FXGL Background Thread 3 ] DEBUG Engine               - class com.almasb.fxgl.app.services.UpdaterService
15:41:48.059 [FXGL Background Thread 3 ] DEBUG Engine               - class com.almasb.fxgl.dev.DevService
15:41:52.415 [JavaFX Application Thread] DEBUG FXGLAssetLoaderServi - Loading from file system: file:/C:/Users/Angel%20Aguilera/Desktop/amongus/Among-us/out/production/Among%20Us/assets/textures/tripulante_blanco.png
15:41:54.290 [JavaFX Application Thread] WARN  TMXLevelLoader       - TiledMap generated from 1.11.2. Supported version: 1.9.0. Some features may not be parsed fully.
15:41:54.304 [JavaFX Application Thread] DEBUG TMXLevelLoader       - Parsed TiledMap: file:/C:/Users/Angel%20Aguilera/Desktop/amongus/Among-us/out/production/Among%20Us/assets/levels/mapa1.tmx
15:41:54.305 [JavaFX Application Thread] DEBUG TMXLevelLoader       - Creating tile layer entities
15:41:54.307 [JavaFX Application Thread] DEBUG TilesetLoader        - Loading view for layer fondo
15:41:54.307 [JavaFX Application Thread] DEBUG TilesetLoader        - Created buffer with size 992.0x928.0
15:41:54.391 [JavaFX Application Thread] DEBUG TilesetLoader        - Loading view for layer pasillo
15:41:54.391 [JavaFX Application Thread] DEBUG TilesetLoader        - Created buffer with size 992.0x928.0
15:41:54.394 [JavaFX Application Thread] WARN  TilesetLoader        - Diagonally flipped tiles are not currently supported
15:41:54.396 [JavaFX Application Thread] WARN  TilesetLoader        - Diagonally flipped tiles are not currently supported
15:41:54.396 [JavaFX Application Thread] WARN  TilesetLoader        - Diagonally flipped tiles are not currently supported
15:41:54.397 [JavaFX Application Thread] WARN  TilesetLoader        - Diagonally flipped tiles are not currently supported
15:41:54.397 [JavaFX Application Thread] WARN  TilesetLoader        - Diagonally flipped tiles are not currently supported
15:41:54.399 [JavaFX Application Thread] WARN  TilesetLoader        - Diagonally flipped tiles are not currently supported
15:41:54.400 [JavaFX Application Thread] WARN  TilesetLoader        - Diagonally flipped tiles are not currently supported
15:41:54.400 [JavaFX Application Thread] WARN  TilesetLoader        - Diagonally flipped tiles are not currently supported
15:41:54.401 [JavaFX Application Thread] WARN  TilesetLoader        - Diagonally flipped tiles are not currently supported
15:41:54.403 [JavaFX Application Thread] WARN  TilesetLoader        - Diagonally flipped tiles are not currently supported
15:41:54.404 [JavaFX Application Thread] WARN  TilesetLoader        - Diagonally flipped tiles are not currently supported
15:41:54.408 [JavaFX Application Thread] WARN  TilesetLoader        - Diagonally flipped tiles are not currently supported
15:41:54.409 [JavaFX Application Thread] WARN  TilesetLoader        - Diagonally flipped tiles are not currently supported
15:41:54.409 [JavaFX Application Thread] WARN  TilesetLoader        - Diagonally flipped tiles are not currently supported
15:41:54.409 [JavaFX Application Thread] WARN  TilesetLoader        - Diagonally flipped tiles are not currently supported
15:41:54.409 [JavaFX Application Thread] WARN  TilesetLoader        - Diagonally flipped tiles are not currently supported
15:41:54.409 [JavaFX Application Thread] WARN  TilesetLoader        - Diagonally flipped tiles are not currently supported
15:41:54.410 [JavaFX Application Thread] WARN  TilesetLoader        - Diagonally flipped tiles are not currently supported
15:41:54.410 [JavaFX Application Thread] WARN  TilesetLoader        - Diagonally flipped tiles are not currently supported
15:41:54.410 [JavaFX Application Thread] WARN  TilesetLoader        - Diagonally flipped tiles are not currently supported
15:41:54.413 [JavaFX Application Thread] DEBUG TilesetLoader        - Loading view for layer piso
15:41:54.413 [JavaFX Application Thread] DEBUG TilesetLoader        - Created buffer with size 992.0x928.0
15:41:54.416 [JavaFX Application Thread] DEBUG TilesetLoader        - Loading view for layer detallesdetraspared
15:41:54.417 [JavaFX Application Thread] DEBUG TilesetLoader        - Created buffer with size 992.0x928.0
15:41:54.435 [JavaFX Application Thread] DEBUG TilesetLoader        - Loading view for layer pared1
15:41:54.436 [JavaFX Application Thread] DEBUG TilesetLoader        - Created buffer with size 992.0x928.0
15:41:54.441 [JavaFX Application Thread] DEBUG TilesetLoader        - Loading view for layer pared2
15:41:54.441 [JavaFX Application Thread] DEBUG TilesetLoader        - Created buffer with size 992.0x928.0
15:41:54.448 [JavaFX Application Thread] DEBUG TilesetLoader        - Loading view for layer pared3
15:41:54.448 [JavaFX Application Thread] DEBUG TilesetLoader        - Created buffer with size 992.0x928.0
15:41:54.453 [JavaFX Application Thread] DEBUG TilesetLoader        - Loading view for layer detalles
15:41:54.453 [JavaFX Application Thread] DEBUG TilesetLoader        - Created buffer with size 992.0x928.0
15:41:54.487 [JavaFX Application Thread] DEBUG TilesetLoader        - Loading view for layer detalles2
15:41:54.488 [JavaFX Application Thread] DEBUG TilesetLoader        - Created buffer with size 992.0x928.0
15:41:54.497 [JavaFX Application Thread] DEBUG TilesetLoader        - Loading view for layer camaras
15:41:54.498 [JavaFX Application Thread] DEBUG TilesetLoader        - Created buffer with size 992.0x928.0
15:41:54.499 [JavaFX Application Thread] DEBUG TilesetLoader        - Loading view for layer grieta
15:41:54.500 [JavaFX Application Thread] DEBUG TilesetLoader        - Created buffer with size 992.0x928.0
15:41:54.503 [JavaFX Application Thread] DEBUG TMXLevelLoader       - Creating object layer entities
15:41:54.542 [JavaFX Application Thread] DEBUG GameWorld            - Clearing removable entities
15:41:54.542 [JavaFX Application Thread] DEBUG GameWorld            - Setting level: com.almasb.fxgl.entity.level.Level@7b5235e2
15:41:54.557 [JavaFX Application Thread] DEBUG FXGLAssetLoaderServi - Loading from file system: file:/C:/Users/Angel%20Aguilera/Desktop/amongus/Among-us/out/production/Among%20Us/assets/textures/MonitorDeCamaras.png
15:41:54.570 [JavaFX Application Thread] DEBUG FXGLAssetLoaderServi - Loading from file system: file:/C:/Users/Angel%20Aguilera/Desktop/amongus/Among-us/out/production/Among%20Us/assets/textures/flechaAmarillaIzq.png
15:41:54.573 [JavaFX Application Thread] DEBUG FXGLAssetLoaderServi - Loading from file system: file:/C:/Users/Angel%20Aguilera/Desktop/amongus/Among-us/out/production/Among%20Us/assets/textures/flechaAmarillaDer.png
15:41:54.578 [JavaFX Application Thread] DEBUG FXGLAssetLoaderServi - Loading from file system: file:/C:/Users/Angel%20Aguilera/Desktop/amongus/Among-us/out/production/Among%20Us/assets/textures/animacion_fantasma.png
15:41:54.579 [JavaFX Application Thread] DEBUG FXGLAssetLoaderServi - Loading from file system: file:/C:/Users/Angel%20Aguilera/Desktop/amongus/Among-us/out/production/Among%20Us/assets/textures/blanco_muerto.png
15:41:54.580 [JavaFX Application Thread] DEBUG FXGLAssetLoaderServi - Loading from file system: file:/C:/Users/Angel%20Aguilera/Desktop/amongus/Among-us/out/production/Among%20Us/assets/textures/animacion_blanco.png
15:41:54.583 [JavaFX Application Thread] DEBUG FXGLAssetLoaderServi - Loading from file system: file:/C:/Users/Angel%20Aguilera/Desktop/amongus/Among-us/out/production/Among%20Us/assets/textures/alcantarilla_blanco.png
15:41:54.583 [JavaFX Application Thread] DEBUG FXGLAssetLoaderServi - Loading from file system: file:/C:/Users/Angel%20Aguilera/Desktop/amongus/Among-us/out/production/Among%20Us/assets/textures/alcantarilla_blancoE.png
15:41:54.590 [JavaFX Application Thread] DEBUG FXGLAssetLoaderServi - Loading from file system: file:/C:/Users/Angel%20Aguilera/Desktop/amongus/Among-us/out/production/Among%20Us/assets/textures/accionNegada.png
15:41:54.593 [JavaFX Application Thread] DEBUG FXGLAssetLoaderServi - Loading from file system: file:/C:/Users/Angel%20Aguilera/Desktop/amongus/Among-us/out/production/Among%20Us/assets/textures/reportarNegado.png
15:41:54.599 [JavaFX Application Thread] DEBUG FXGLAssetLoaderServi - Loading from file system: file:/C:/Users/Angel%20Aguilera/Desktop/amongus/Among-us/out/production/Among%20Us/assets/textures/matarNegado.png
15:41:54.603 [JavaFX Application Thread] DEBUG FXGLAssetLoaderServi - Loading from file system: file:/C:/Users/Angel%20Aguilera/Desktop/amongus/Among-us/out/production/Among%20Us/assets/textures/sabotaje.png
15:41:54.609 [JavaFX Application Thread] DEBUG FXGLAssetLoaderServi - Loading from file system: file:/C:/Users/Angel%20Aguilera/Desktop/amongus/Among-us/out/production/Among%20Us/assets/textures/animacion_codigo.png
15:41:54.624 [JavaFX Application Thread] DEBUG FXGLAssetLoaderServi - Loading from file system: file:/C:/Users/Angel%20Aguilera/Desktop/amongus/Among-us/out/production/Among%20Us/assets/textures/animacion_datos.png
15:41:54.657 [JavaFX Application Thread] DEBUG FXGLAssetLoaderServi - Loading from file system: file:/C:/Users/Angel%20Aguilera/Desktop/amongus/Among-us/out/production/Among%20Us/assets/textures/animacion_temperatura.png
15:41:54.691 [JavaFX Application Thread] DEBUG FXGLAssetLoaderServi - Loading from file system: file:/C:/Users/Angel%20Aguilera/Desktop/amongus/Among-us/out/production/Among%20Us/assets/textures/animacion_basura.png
15:41:54.715 [JavaFX Application Thread] WARN  FXGLAssetLoaderServi - Asset "/assets/textures/animacion_reactor.png" was not found!
15:41:54.715 [JavaFX Application Thread] WARN  FXGLAssetLoaderServi - Failed to load IMAGE
15:41:54.721 [JavaFX Application Thread] DEBUG FXGLAssetLoaderServi - Loading from file system: file:/C:/Users/Angel%20Aguilera/Desktop/amongus/Among-us/out/production/Among%20Us/assets/textures/barra_0.png
15:41:54.725 [JavaFX Application Thread] DEBUG FXGLAssetLoaderServi - Loading from file system: file:/C:/Users/Angel%20Aguilera/Desktop/amongus/Among-us/out/production/Among%20Us/assets/textures/pantalla_impostor.png
15:42:17.648 [JavaFX Application Thread] DEBUG FXGLApplication      - Exiting FXGL
15:42:17.648 [JavaFX Application Thread] DEBUG LoopRunner           - Stopping loop
15:42:17.648 [JavaFX Application Thread] DEBUG SystemBundleService  - Saving FXGL system data
15:42:17.650 [JavaFX Application Thread] DEBUG FileSystemAccess     - Writing to: C:\Users\Angel Aguilera\Desktop\amongus\Among-us\system\fxgl.bundle
15:42:17.651 [JavaFX Application Thread] DEBUG Async                - Shutting down background threads
15:42:17.651 [JavaFX Application Thread] DEBUG PrimaryStageWindow   - Closing main window
15:42:17.662 [JavaFX Application Thread] DEBUG Logger               - Closing Logger
