21:26:00.567 [main                     ] DEBUG Logger               - Configured Logger
21:26:00.592 [main                     ] DEBUG GameApplication      - Logging settings
Title: Among Us UNEG
Version: 0.0
Width: 800
Height: 600
Fullscreen: false
Intro: false
Profiling: false
Single step:false
App Mode: DEVELOPER
Menu Key: ESCAPE
Stage Style: DECORATED
Scene Factory: class com.almasb.fxgl.app.scene.SceneFactory

21:26:01.447 [JavaFX Application Thread] DEBUG FXGLApplication      - Initializing FXGL
21:26:01.458 [JavaFX Application Thread] INFO  Engine               - FXGL-21.1 (26.03.2024 17.33) on WINDOWS (J:25.0.2 FX:21.0.1)
21:26:01.458 [JavaFX Application Thread] DEBUG Engine               - JRE Vendor Name: Oracle Corporation
21:26:01.458 [JavaFX Application Thread] DEBUG Engine               - Running on OS: Windows 11 version 10.0
21:26:01.459 [JavaFX Application Thread] DEBUG Engine               - Architecture: amd64
21:26:01.459 [JavaFX Application Thread] INFO  Engine               - Source code and latest versions at: https://github.com/AlmasB/FXGL
21:26:01.459 [JavaFX Application Thread] INFO  Engine               -       Ask questions and discuss at: https://github.com/AlmasB/FXGL/discussions
21:26:01.459 [JavaFX Application Thread] INFO  Engine               -              Join the FXGL chat at: https://gitter.im/AlmasB/FXGL
21:26:01.728 [JavaFX Application Thread] DEBUG PrimaryStageWindow   - Creating a JavaFX scene
21:26:01.847 [JavaFX Application Thread] DEBUG PrimaryStageWindow   - Target settings size: 800.0 x 600.0
21:26:01.848 [JavaFX Application Thread] DEBUG PrimaryStageWindow   - Scaled scene size:    800.0 x 600.0
21:26:01.848 [JavaFX Application Thread] DEBUG PrimaryStageWindow   - Scaled ratio: (1.0, 1.0)
21:26:01.851 [JavaFX Application Thread] DEBUG PrimaryStageWindow   - Set initial scene to FXGLStartupScene
21:26:01.859 [JavaFX Application Thread] DEBUG PrimaryStageWindow   - Opening main window
21:26:02.067 [JavaFX Application Thread] DEBUG PrimaryStageWindow   - Window border size: (16.0, 39.0)
21:26:02.067 [JavaFX Application Thread] DEBUG PrimaryStageWindow   - Scaled size: 800.0 x 600.0
21:26:02.067 [JavaFX Application Thread] DEBUG PrimaryStageWindow   - Scaled ratio: (1.0, 1.0)
21:26:02.068 [JavaFX Application Thread] DEBUG PrimaryStageWindow   - Scene size: 800.0 x 600.0
21:26:02.068 [JavaFX Application Thread] DEBUG PrimaryStageWindow   - Stage size: 816.0 x 639.0
21:26:02.174 [FXGL Background Thread 1 ] DEBUG Engine               - Initializing environment variables
21:26:02.299 [FXGL Background Thread 1 ] DEBUG FXGLAssetLoaderServi - User app class for loading assets: class main.java.amongUs.AppPrincipal
21:26:02.299 [FXGL Background Thread 1 ] DEBUG GameApplicationServi - Applying CSS: fxgl_dark.css
21:26:02.300 [FXGL Background Thread 1 ] DEBUG FXGLAssetLoaderServi - Loading from file system: jar:file:/C:/Users/josue/OneDrive/Desktop/proyecto%20java/Among%20Us/lib/fxgl-21.1-uber.jar!/fxglassets/ui/css/fxgl_dark.css
21:26:02.427 [FXGL Background Thread 1 ] DEBUG GameApplicationServi - Initializing application scenes
21:26:02.676 [FXGL Background Thread 1 ] DEBUG GameWorld            - Game world initialized
21:26:02.749 [FXGL Background Thread 1 ] DEBUG PhysicsWorld         - Physics world initialized: appHeight=600, physics.ppm=50,0
21:26:02.749 [FXGL Background Thread 1 ] DEBUG PhysicsWorld         - Using strategy: BRUTE_FORCE
21:26:02.754 [FXGL Background Thread 1 ] DEBUG GameScene            - Game scene initialized: 800x600
21:26:02.772 [FXGL Background Thread 1 ] DEBUG FXGL.DefaultMenu     - createMenuBodyGameMenu()
21:26:02.799 [FXGL Background Thread 1 ] DEBUG FXGL.DefaultMenu     - createOptionsMenu()
21:26:02.827 [FXGL Background Thread 1 ] DEBUG FXGLAssetLoaderServi - Loading from file system: jar:file:/C:/Users/josue/OneDrive/Desktop/proyecto%20java/Among%20Us/lib/fxgl-21.1-uber.jar!/fxglassets/textures/particles/smoke.png
21:26:03.013 [FXGL Background Thread 1 ] DEBUG FXGLAssetLoaderServi - Loading from file system: jar:file:/C:/Users/josue/OneDrive/Desktop/proyecto%20java/Among%20Us/lib/fxgl-21.1-uber.jar!/fxglassets/textures/particles/trace_horizontal.png
21:26:03.060 [FXGL Background Thread 1 ] DEBUG GameApplicationServi - Application scenes initialized
21:26:03.088 [FXGL Background Thread 1 ] DEBUG SystemBundleService  - Loading FXGL system data
21:26:03.098 [FXGL Background Thread 1 ] DEBUG FileSystemAccess     - Reading from: C:\Users\josue\OneDrive\Desktop\proyecto java\Among Us\system\fxgl.bundle
21:26:03.111 [FXGL Background Thread 1 ] DEBUG SystemBundleService  - Bundle FXGL: {}
21:26:03.112 [FXGL Background Thread 1 ] DEBUG UpdaterService       - Checking for updates
21:26:03.125 [FXGL Background Thread 1 ] DEBUG FXGLApplication      - Loading default localization
21:26:03.126 [FXGL Background Thread 4 ] DEBUG FXGLApplication      - Loading fonts
21:26:03.126 [FXGL Background Thread 4 ] DEBUG FXGLAssetLoaderServi - Loading from file system: jar:file:/C:/Users/josue/OneDrive/Desktop/proyecto%20java/Among%20Us/lib/fxgl-21.1-uber.jar!/fxglassets/ui/fonts/VarelaRound-Regular.ttf
21:26:03.191 [FXGL Background Thread 1 ] DEBUG FXGLAssetLoaderServi - Loading from file system: jar:file:/C:/Users/josue/OneDrive/Desktop/proyecto%20java/Among%20Us/lib/fxgl-21.1-uber.jar!/fxglassets/languages/english.lang
21:26:03.260 [FXGL Background Thread 1 ] INFO  FXGLApplication      - FXGL initialization took: 1,085 sec
21:26:03.277 [JavaFX Application Thread] DEBUG Input                - Registered new binding: Mover Arriba - W
21:26:03.278 [JavaFX Application Thread] DEBUG Input                - Registered new binding: Mover Abajo - S
21:26:03.278 [JavaFX Application Thread] DEBUG Input                - Registered new binding: Mover Izquierda - A
21:26:03.278 [JavaFX Application Thread] DEBUG Input                - Registered new binding: Mover Derecha - D
21:26:03.278 [JavaFX Application Thread] DEBUG Input                - Registered new binding: Abrir Camaras - C
21:26:03.278 [JavaFX Application Thread] DEBUG Input                - Registered new binding: Usar Alcantarilla - Space
21:26:03.279 [JavaFX Application Thread] DEBUG Input                - Registered new binding: Vent Izquierda - Left
21:26:03.279 [JavaFX Application Thread] DEBUG Input                - Registered new binding: Vent Derecha - Right
21:26:03.279 [JavaFX Application Thread] DEBUG Input                - Registered new binding: Vent Arriba - Up
21:26:03.279 [JavaFX Application Thread] DEBUG Input                - Registered new binding: Vent Abajo - Down
21:26:03.280 [JavaFX Application Thread] DEBUG FXGLAssetLoaderServi - Loading from file system: file:/C:/Users/josue/OneDrive/Desktop/proyecto%20java/Among%20Us/out/production/Among%20Us/assets/textures/icono.png
21:26:03.326 [JavaFX Application Thread] DEBUG FXGLAssetLoaderServi - Loading from file system: jar:file:/C:/Users/josue/OneDrive/Desktop/proyecto%20java/Among%20Us/lib/fxgl-21.1-uber.jar!/fxglassets/textures/fxgl_default_cursor.png
21:26:03.329 [JavaFX Application Thread] DEBUG Input                - Registered new binding: Screenshot - CTRL+8
21:26:03.329 [JavaFX Application Thread] DEBUG Input                - Registered new binding: System info dump - CTRL+9
21:26:03.329 [JavaFX Application Thread] DEBUG Input                - Registered new binding: Restart - CTRL+R
21:26:03.332 [JavaFX Application Thread] DEBUG Input                - Registered new binding: Toggle Debug Camera - CTRL+7
21:26:03.339 [JavaFX Application Thread] DEBUG LoopRunner           - Starting loop
21:26:03.339 [JavaFX Application Thread] DEBUG LoopRunner           - Initializing JavaFX AnimationTimerLoop
21:26:03.343 [JavaFX Application Thread] DEBUG GameApplicationServi - Starting new game
21:26:03.344 [JavaFX Application Thread] DEBUG Input                - Clearing active input actions
21:26:03.381 [JavaFX Application Thread] DEBUG GameApplicationServi - Removing overlay from FXGLStartupScene and adding to FXGLLoadingScene
21:26:03.382 [JavaFX Application Thread] DEBUG PrimaryStageWindow   - FXGLStartupScene -> FXGLLoadingScene
21:26:03.383 [JavaFX Application Thread] DEBUG GameApplicationServi - Clearing previous game
21:26:03.383 [JavaFX Application Thread] DEBUG GameScene            - Clearing game scene
21:26:03.392 [JavaFX Application Thread] DEBUG GameWorld            - Clearing game world
21:26:03.392 [JavaFX Application Thread] DEBUG PhysicsWorld         - Clearing physics world
21:26:03.398 [FXGL Background Thread 1 ] DEBUG FXGLApplication      - Initializing game
21:26:03.408 [FXGL Background Thread 1 ] DEBUG FXGLAssetLoaderServi - Loading from file system: file:/C:/Users/josue/OneDrive/Desktop/proyecto%20java/Among%20Us/out/production/Among%20Us/assets/textures/MonitorDeCamaras.png
21:26:03.546 [FXGL Background Thread 1 ] DEBUG FXGLAssetLoaderServi - Loading from file system: file:/C:/Users/josue/OneDrive/Desktop/proyecto%20java/Among%20Us/out/production/Among%20Us/assets/textures/flechaAmarillaIzq.png
21:26:03.562 [FXGL Background Thread 1 ] DEBUG FXGLAssetLoaderServi - Loading from file system: file:/C:/Users/josue/OneDrive/Desktop/proyecto%20java/Among%20Us/out/production/Among%20Us/assets/textures/flechaAmarillaDer.png
21:26:03.578 [FXGL Background Thread 1 ] DEBUG FXGLAssetLoaderServi - Loading from file system: file:/C:/Users/josue/OneDrive/Desktop/proyecto%20java/Among%20Us/out/production/Among%20Us/assets/music/musicaMenu.mp3
21:26:04.117 [FXGL Background Thread 1 ] DEBUG AudioPlayer          - Playing music com.almasb.fxgl.audio.Music@47411181
21:26:04.885 [FXGL Background Thread 1 ] INFO  FXGLApplication      - Game initialization took: 1,487 sec
21:26:04.892 [JavaFX Application Thread] DEBUG Input                - Clearing active input actions
21:26:04.907 [JavaFX Application Thread] DEBUG GameApplicationServi - Removing overlay from FXGLLoadingScene and adding to GameScene
21:26:04.907 [JavaFX Application Thread] DEBUG PrimaryStageWindow   - FXGLLoadingScene -> GameScene
21:26:05.005 [FXGL Background Thread 4 ] DEBUG FXGLAssetLoaderServi - Loading from file system: jar:file:/C:/Users/josue/OneDrive/Desktop/proyecto%20java/Among%20Us/lib/fxgl-21.1-uber.jar!/fxglassets/ui/fonts/Abel-Regular.ttf
21:26:05.016 [FXGL Background Thread 4 ] DEBUG FXGLAssetLoaderServi - Loading from file system: jar:file:/C:/Users/josue/OneDrive/Desktop/proyecto%20java/Among%20Us/lib/fxgl-21.1-uber.jar!/fxglassets/ui/fonts/TerminalLandMono-Regular.otf
21:26:05.048 [FXGL Background Thread 4 ] DEBUG FXGLAssetLoaderServi - Loading from file system: jar:file:/C:/Users/josue/OneDrive/Desktop/proyecto%20java/Among%20Us/lib/fxgl-21.1-uber.jar!/fxglassets/ui/fonts/Courier-Prime.ttf
21:26:05.077 [JavaFX Application Thread] DEBUG FXGLApplication      - Registering font factories with UI factory
21:26:05.628 [JavaFX Application Thread] DEBUG FXGLAssetLoaderServi - Loading from file system: file:/C:/Users/josue/OneDrive/Desktop/proyecto%20java/Among%20Us/out/production/Among%20Us/assets/sounds/clickBoton.wav
21:26:06.118 [FXGL Background Thread 3 ] DEBUG Engine               - Logging environment variables
21:26:06.123 [FXGL Background Thread 3 ] DEBUG Engine               - achievements: []
21:26:06.123 [FXGL Background Thread 3 ] DEBUG Engine               - actualHeight: 600.0
21:26:06.127 [FXGL Background Thread 3 ] DEBUG Engine               - actualHeightProperty: ReadOnlyDoubleProperty [value: 600.0]
21:26:06.131 [FXGL Background Thread 3 ] DEBUG Engine               - actualWidth: 800.0
21:26:06.132 [FXGL Background Thread 3 ] DEBUG Engine               - actualWidthProperty: ReadOnlyDoubleProperty [value: 800.0]
21:26:06.132 [FXGL Background Thread 3 ] DEBUG Engine               - appIcon: icono.png
21:26:06.132 [FXGL Background Thread 3 ] DEBUG Engine               - applicationMode: DEVELOPER
21:26:06.132 [FXGL Background Thread 3 ] DEBUG Engine               - cSSList: [fxgl_dark.css]
21:26:06.132 [FXGL Background Thread 3 ] DEBUG Engine               - collisionDetectionStrategy: BRUTE_FORCE
21:26:06.140 [FXGL Background Thread 3 ] DEBUG Engine               - configClass: Optional.empty
21:26:06.140 [FXGL Background Thread 3 ] DEBUG Engine               - credits: []
21:26:06.141 [FXGL Background Thread 3 ] DEBUG Engine               - defaultCursor: CursorInfo(imageName=fxgl_default_cursor.png, hotspotX=7.0, hotspotY=6.0)
21:26:06.142 [FXGL Background Thread 3 ] DEBUG Engine               - devBBoxColorProperty: ObjectProperty [value: 0xff0000ff]
21:26:06.142 [FXGL Background Thread 3 ] DEBUG Engine               - devEnableDebugCameraProperty: BooleanProperty [value: false]
21:26:06.143 [FXGL Background Thread 3 ] DEBUG Engine               - devSensorColorProperty: ObjectProperty [value: 0xffff00ff]
21:26:06.145 [FXGL Background Thread 3 ] DEBUG Engine               - devShowBBoxProperty: BooleanProperty [value: false]
21:26:06.145 [FXGL Background Thread 3 ] DEBUG Engine               - devShowPositionProperty: BooleanProperty [value: false]
21:26:06.146 [FXGL Background Thread 3 ] DEBUG Engine               - enabledMenuItems: []
21:26:06.146 [FXGL Background Thread 3 ] DEBUG Engine               - engineServices: [class com.almasb.fxgl.app.services.FXGLAssetLoaderService, class com.almasb.fxgl.app.FXGLApplication$GameApplicationService, class com.almasb.fxgl.app.services.FXGLDialogService, class com.almasb.fxgl.app.services.IOTaskExecutorService, class com.almasb.fxgl.io.FileSystemService, class com.almasb.fxgl.localization.LocalizationService, class com.almasb.fxgl.app.services.SystemBundleService, class com.almasb.fxgl.profile.SaveLoadService, class com.almasb.fxgl.ui.FXGLUIFactoryServiceProvider, class com.almasb.fxgl.ui.FXGLDialogFactoryServiceProvider, class com.almasb.fxgl.audio.AudioPlayer, class com.almasb.fxgl.notification.impl.NotificationServiceProvider, class com.almasb.fxgl.achievement.AchievementService, class com.almasb.fxgl.cutscene.CutsceneService, class com.almasb.fxgl.minigames.MiniGameService, class com.almasb.fxgl.net.NetService, class com.almasb.fxgl.app.services.UpdaterService, class com.almasb.fxgl.dev.DevService]
21:26:06.146 [FXGL Background Thread 3 ] DEBUG Engine               - fontGame: Abel-Regular.ttf
21:26:06.148 [FXGL Background Thread 3 ] DEBUG Engine               - fontMono: TerminalLandMono-Regular.otf
21:26:06.149 [FXGL Background Thread 3 ] DEBUG Engine               - fontSizeScaleUI: 1.0
21:26:06.149 [FXGL Background Thread 3 ] DEBUG Engine               - fontText: Courier-Prime.ttf
21:26:06.149 [FXGL Background Thread 3 ] DEBUG Engine               - fontUI: VarelaRound-Regular.ttf
21:26:06.149 [FXGL Background Thread 3 ] DEBUG Engine               - fullScreen: BooleanProperty [value: false]
21:26:06.149 [FXGL Background Thread 3 ] DEBUG Engine               - gameDifficulty: MEDIUM
21:26:06.149 [FXGL Background Thread 3 ] DEBUG Engine               - gameDifficultyProperty: ObjectProperty [value: MEDIUM]
21:26:06.149 [FXGL Background Thread 3 ] DEBUG Engine               - globalMusicVolume: 0.5
21:26:06.154 [FXGL Background Thread 3 ] DEBUG Engine               - globalMusicVolumeProperty: DoubleProperty [value: 0.4]
21:26:06.154 [FXGL Background Thread 3 ] DEBUG Engine               - globalSoundVolume: 0.5
21:26:06.155 [FXGL Background Thread 3 ] DEBUG Engine               - globalSoundVolumeProperty: DoubleProperty [value: 0.5]
21:26:06.155 [FXGL Background Thread 3 ] DEBUG Engine               - height: 600
21:26:06.156 [FXGL Background Thread 3 ] DEBUG Engine               - is3D: false
21:26:06.158 [FXGL Background Thread 3 ] DEBUG Engine               - isAndroid: false
21:26:06.159 [FXGL Background Thread 3 ] DEBUG Engine               - isBrowser: false
21:26:06.159 [FXGL Background Thread 3 ] DEBUG Engine               - isClickFeedbackEnabled: false
21:26:06.159 [FXGL Background Thread 3 ] DEBUG Engine               - isCloseConfirmation: false
21:26:06.159 [FXGL Background Thread 3 ] DEBUG Engine               - isDesktop: true
21:26:06.160 [FXGL Background Thread 3 ] DEBUG Engine               - isDeveloperMenuEnabled: false
21:26:06.160 [FXGL Background Thread 3 ] DEBUG Engine               - isEmbedded: false
21:26:06.165 [FXGL Background Thread 3 ] DEBUG Engine               - isEntityPreloadEnabled: true
21:26:06.165 [FXGL Background Thread 3 ] DEBUG Engine               - isExperimentalTiledLargeMap: false
21:26:06.166 [FXGL Background Thread 3 ] DEBUG Engine               - isFileSystemWriteAllowed: true
21:26:06.166 [FXGL Background Thread 3 ] DEBUG Engine               - isFullScreenAllowed: false
21:26:06.166 [FXGL Background Thread 3 ] DEBUG Engine               - isFullScreenFromStart: false
21:26:06.166 [FXGL Background Thread 3 ] DEBUG Engine               - isGameMenuEnabled: true
21:26:06.166 [FXGL Background Thread 3 ] DEBUG Engine               - isIOS: false
21:26:06.166 [FXGL Background Thread 3 ] DEBUG Engine               - isIntroEnabled: false
21:26:06.166 [FXGL Background Thread 3 ] DEBUG Engine               - isLinux: false
21:26:06.166 [FXGL Background Thread 3 ] DEBUG Engine               - isMac: false
21:26:06.166 [FXGL Background Thread 3 ] DEBUG Engine               - isMainMenuEnabled: false
21:26:06.166 [FXGL Background Thread 3 ] DEBUG Engine               - isManualResizeEnabled: false
21:26:06.166 [FXGL Background Thread 3 ] DEBUG Engine               - isMobile: false
21:26:06.166 [FXGL Background Thread 3 ] DEBUG Engine               - isNative: false
21:26:06.166 [FXGL Background Thread 3 ] DEBUG Engine               - isPauseMusicWhenMinimized: true
21:26:06.166 [FXGL Background Thread 3 ] DEBUG Engine               - isPreserveResizeRatio: false
21:26:06.166 [FXGL Background Thread 3 ] DEBUG Engine               - isProfilingEnabled: false
21:26:06.166 [FXGL Background Thread 3 ] DEBUG Engine               - isScaleAffectedOnResize: true
21:26:06.166 [FXGL Background Thread 3 ] DEBUG Engine               - isSingleStep: false
21:26:06.166 [FXGL Background Thread 3 ] DEBUG Engine               - isUserProfileEnabled: false
21:26:06.166 [FXGL Background Thread 3 ] DEBUG Engine               - isWindows: true
21:26:06.167 [FXGL Background Thread 3 ] DEBUG Engine               - language: ObjectProperty [value: ENGLISH]
21:26:06.167 [FXGL Background Thread 3 ] DEBUG Engine               - menuKey: ESCAPE
21:26:06.167 [FXGL Background Thread 3 ] DEBUG Engine               - mouseSensitivity: 0.2
21:26:06.167 [FXGL Background Thread 3 ] DEBUG Engine               - notificationViewClass: class com.almasb.fxgl.notification.view.XboxNotificationView
21:26:06.167 [FXGL Background Thread 3 ] DEBUG Engine               - pixelsPerMeter: 50.0
21:26:06.167 [FXGL Background Thread 3 ] DEBUG Engine               - platform: WINDOWS
21:26:06.167 [FXGL Background Thread 3 ] DEBUG Engine               - prefHeightProperty: ReadOnlyDoubleProperty [value: 600.0]
21:26:06.167 [FXGL Background Thread 3 ] DEBUG Engine               - prefWidthProperty: ReadOnlyDoubleProperty [value: 800.0]
21:26:06.167 [FXGL Background Thread 3 ] DEBUG Engine               - profileDir: profiles/
21:26:06.169 [FXGL Background Thread 3 ] DEBUG Engine               - profileName: StringProperty [value: DEFAULT]
21:26:06.169 [FXGL Background Thread 3 ] DEBUG Engine               - randomSeed: -1
21:26:06.169 [FXGL Background Thread 3 ] DEBUG Engine               - runtimeInfo: RuntimeInfo(platform=WINDOWS, version=21.1, build=26.03.2024 17.33)
21:26:06.169 [FXGL Background Thread 3 ] DEBUG Engine               - saveFileExt: sav
21:26:06.169 [FXGL Background Thread 3 ] DEBUG Engine               - scaledHeightProp$fxgl: DoubleProperty [bound, value: 600.0]
21:26:06.169 [FXGL Background Thread 3 ] DEBUG Engine               - scaledWidthProp$fxgl: DoubleProperty [bound, value: 800.0]
21:26:06.169 [FXGL Background Thread 3 ] DEBUG Engine               - sceneFactory: com.almasb.fxgl.app.scene.SceneFactory@4d3242ec
21:26:06.169 [FXGL Background Thread 3 ] DEBUG Engine               - secondsIn24h: 60
21:26:06.169 [FXGL Background Thread 3 ] DEBUG Engine               - soundMenuBack: menu/back.wav
21:26:06.169 [FXGL Background Thread 3 ] DEBUG Engine               - soundMenuPress: menu/press.wav
21:26:06.169 [FXGL Background Thread 3 ] DEBUG Engine               - soundMenuSelect: menu/select.wav
21:26:06.169 [FXGL Background Thread 3 ] DEBUG Engine               - soundNotification: core/notification.wav
21:26:06.169 [FXGL Background Thread 3 ] DEBUG Engine               - stageStyle: DECORATED
21:26:06.169 [FXGL Background Thread 3 ] DEBUG Engine               - supportedLanguages: [ENGLISH, FRENCH, GERMAN, HUNGARIAN, RUSSIAN]
21:26:06.169 [FXGL Background Thread 3 ] DEBUG Engine               - ticksPerSecond: -1
21:26:06.169 [FXGL Background Thread 3 ] DEBUG Engine               - title: Among Us UNEG
21:26:06.170 [FXGL Background Thread 3 ] DEBUG Engine               - urlGithub: https://github.com/AlmasB/FXGL
21:26:06.170 [FXGL Background Thread 3 ] DEBUG Engine               - urlLeaderboard: http://fxgl-top.herokuapp.com/
21:26:06.170 [FXGL Background Thread 3 ] DEBUG Engine               - urlPOM: https://raw.githubusercontent.com/AlmasB/FXGL/release/README.md
21:26:06.170 [FXGL Background Thread 3 ] DEBUG Engine               - userAppClass: class main.java.amongUs.AppPrincipal
21:26:06.170 [FXGL Background Thread 3 ] DEBUG Engine               - version: 0.0
21:26:06.170 [FXGL Background Thread 3 ] DEBUG Engine               - versionCheckDays: 7
21:26:06.170 [FXGL Background Thread 3 ] DEBUG Engine               - width: 800
21:26:06.170 [FXGL Background Thread 3 ] DEBUG Engine               - Logging services
21:26:06.170 [FXGL Background Thread 3 ] DEBUG Engine               - class com.almasb.fxgl.app.services.FXGLAssetLoaderService
21:26:06.170 [FXGL Background Thread 3 ] DEBUG Engine               - class com.almasb.fxgl.app.FXGLApplication$GameApplicationService
21:26:06.170 [FXGL Background Thread 3 ] DEBUG Engine               - class com.almasb.fxgl.app.services.FXGLDialogService
21:26:06.170 [FXGL Background Thread 3 ] DEBUG Engine               - class com.almasb.fxgl.app.services.IOTaskExecutorService
21:26:06.170 [FXGL Background Thread 3 ] DEBUG Engine               - class com.almasb.fxgl.io.FileSystemService
21:26:06.170 [FXGL Background Thread 3 ] DEBUG Engine               - class com.almasb.fxgl.localization.LocalizationService
21:26:06.170 [FXGL Background Thread 3 ] DEBUG Engine               - class com.almasb.fxgl.app.services.SystemBundleService
21:26:06.170 [FXGL Background Thread 3 ] DEBUG Engine               - class com.almasb.fxgl.profile.SaveLoadService
21:26:06.170 [FXGL Background Thread 3 ] DEBUG Engine               - class com.almasb.fxgl.ui.FXGLUIFactoryServiceProvider
21:26:06.170 [FXGL Background Thread 3 ] DEBUG Engine               - class com.almasb.fxgl.ui.FXGLDialogFactoryServiceProvider
21:26:06.170 [FXGL Background Thread 3 ] DEBUG Engine               - class com.almasb.fxgl.audio.AudioPlayer
21:26:06.170 [FXGL Background Thread 3 ] DEBUG Engine               - class com.almasb.fxgl.notification.impl.NotificationServiceProvider
21:26:06.170 [FXGL Background Thread 3 ] DEBUG Engine               - class com.almasb.fxgl.achievement.AchievementService
21:26:06.170 [FXGL Background Thread 3 ] DEBUG Engine               - class com.almasb.fxgl.cutscene.CutsceneService
21:26:06.170 [FXGL Background Thread 3 ] DEBUG Engine               - class com.almasb.fxgl.minigames.MiniGameService
21:26:06.170 [FXGL Background Thread 3 ] DEBUG Engine               - class com.almasb.fxgl.net.NetService
21:26:06.170 [FXGL Background Thread 3 ] DEBUG Engine               - class com.almasb.fxgl.app.services.UpdaterService
21:26:06.172 [FXGL Background Thread 3 ] DEBUG Engine               - class com.almasb.fxgl.dev.DevService
21:26:06.855 [FXGL Background Thread 2 ] INFO  UpdaterService       - Your current version:  21.1
21:26:06.855 [FXGL Background Thread 2 ] INFO  UpdaterService       - Latest stable version: 25
21:27:31.994 [JavaFX Application Thread] DEBUG PrimaryStageWindow   - Push state: FXGLDefaultMenu
21:27:32.000 [JavaFX Application Thread] DEBUG Input                - Clearing active input actions
21:27:32.006 [JavaFX Application Thread] DEBUG GameApplicationServi - Removing overlay from GameScene and adding to FXGLDefaultMenu
21:27:32.007 [JavaFX Application Thread] DEBUG PrimaryStageWindow   - GameScene -> FXGLDefaultMenu
21:27:33.052 [JavaFX Application Thread] DEBUG Menu                 - fireExit()
21:27:33.056 [JavaFX Application Thread] DEBUG PrimaryStageWindow   - Push state: DialogSubScene
21:27:33.056 [JavaFX Application Thread] DEBUG Input                - Clearing active input actions
21:27:33.056 [JavaFX Application Thread] DEBUG GameApplicationServi - Removing overlay from FXGLDefaultMenu and adding to DialogSubScene
21:27:33.057 [JavaFX Application Thread] DEBUG PrimaryStageWindow   - FXGLDefaultMenu -> DialogSubScene
21:27:33.867 [JavaFX Application Thread] DEBUG PrimaryStageWindow   - Pop state: DialogSubScene
21:27:33.867 [JavaFX Application Thread] DEBUG Input                - Clearing active input actions
21:27:33.867 [JavaFX Application Thread] DEBUG GameApplicationServi - Removing overlay from DialogSubScene and adding to FXGLDefaultMenu
21:27:33.868 [JavaFX Application Thread] DEBUG PrimaryStageWindow   - FXGLDefaultMenu <- DialogSubScene
21:27:33.868 [JavaFX Application Thread] DEBUG FXGLApplication      - Exiting FXGL
21:27:33.868 [JavaFX Application Thread] DEBUG LoopRunner           - Stopping loop
21:27:33.868 [JavaFX Application Thread] DEBUG SystemBundleService  - Saving FXGL system data
21:27:33.872 [JavaFX Application Thread] DEBUG FileSystemAccess     - Writing to: C:\Users\josue\OneDrive\Desktop\proyecto java\Among Us\system\fxgl.bundle
21:27:33.876 [JavaFX Application Thread] DEBUG Async                - Shutting down background threads
21:27:33.876 [JavaFX Application Thread] DEBUG PrimaryStageWindow   - Closing main window
21:27:33.916 [JavaFX Application Thread] DEBUG Logger               - Closing Logger
