20:26:31.054 [main                     ] DEBUG Logger               - Configured Logger
20:26:31.062 [main                     ] DEBUG GameApplication      - Logging settings
Title: Among Us UNEG
Version: 0.0
Width: 800
Height: 600
Fullscreen: false
Intro: false
Profiling: false
Single step:false
App Mode: DEVELOPER
Menu Key: ESCAPE
Stage Style: DECORATED
Scene Factory: class com.almasb.fxgl.app.scene.SceneFactory

20:26:31.550 [JavaFX Application Thread] DEBUG FXGLApplication      - Initializing FXGL
20:26:31.553 [JavaFX Application Thread] INFO  Engine               - FXGL-21.1 (26.03.2024 17.33) on WINDOWS (J:25.0.2 FX:21.0.1)
20:26:31.553 [JavaFX Application Thread] DEBUG Engine               - JRE Vendor Name: Oracle Corporation
20:26:31.553 [JavaFX Application Thread] DEBUG Engine               - Running on OS: Windows 11 version 10.0
20:26:31.553 [JavaFX Application Thread] DEBUG Engine               - Architecture: amd64
20:26:31.553 [JavaFX Application Thread] INFO  Engine               - Source code and latest versions at: https://github.com/AlmasB/FXGL
20:26:31.553 [JavaFX Application Thread] INFO  Engine               -       Ask questions and discuss at: https://github.com/AlmasB/FXGL/discussions
20:26:31.554 [JavaFX Application Thread] INFO  Engine               -              Join the FXGL chat at: https://gitter.im/AlmasB/FXGL
20:26:31.643 [JavaFX Application Thread] DEBUG PrimaryStageWindow   - Creating a JavaFX scene
20:26:31.703 [JavaFX Application Thread] DEBUG PrimaryStageWindow   - Target settings size: 800.0 x 600.0
20:26:31.703 [JavaFX Application Thread] DEBUG PrimaryStageWindow   - Scaled scene size:    800.0 x 600.0
20:26:31.703 [JavaFX Application Thread] DEBUG PrimaryStageWindow   - Scaled ratio: (1.0, 1.0)
20:26:31.705 [JavaFX Application Thread] DEBUG PrimaryStageWindow   - Set initial scene to FXGLStartupScene
20:26:31.708 [JavaFX Application Thread] DEBUG PrimaryStageWindow   - Opening main window
20:26:31.804 [JavaFX Application Thread] DEBUG PrimaryStageWindow   - Window border size: (14.66668701171875, 37.33331298828125)
20:26:31.804 [JavaFX Application Thread] DEBUG PrimaryStageWindow   - Scaled size: 800.0 x 600.0
20:26:31.804 [JavaFX Application Thread] DEBUG PrimaryStageWindow   - Scaled ratio: (1.0, 1.0)
20:26:31.804 [JavaFX Application Thread] DEBUG PrimaryStageWindow   - Scene size: 800.0 x 600.0
20:26:31.804 [JavaFX Application Thread] DEBUG PrimaryStageWindow   - Stage size: 814.6666870117188 x 637.3333129882812
20:26:31.812 [FXGL Background Thread 1 ] DEBUG Engine               - Initializing environment variables
20:26:31.871 [FXGL Background Thread 1 ] DEBUG FXGLAssetLoaderServi - User app class for loading assets: class main.java.amongUs.AppPrincipal
20:26:31.871 [FXGL Background Thread 1 ] DEBUG GameApplicationServi - Applying CSS: fxgl_dark.css
20:26:31.872 [FXGL Background Thread 1 ] DEBUG FXGLAssetLoaderServi - Loading from file system: jar:file:/C:/Users/nicol/Desktop/amongu/lib/fxgl-21.1-uber.jar!/fxglassets/ui/css/fxgl_dark.css
20:26:31.907 [FXGL Background Thread 1 ] DEBUG GameApplicationServi - Initializing application scenes
20:26:31.940 [FXGL Background Thread 1 ] DEBUG GameWorld            - Game world initialized
20:26:31.986 [FXGL Background Thread 1 ] DEBUG PhysicsWorld         - Physics world initialized: appHeight=600, physics.ppm=50,0
20:26:31.986 [FXGL Background Thread 1 ] DEBUG PhysicsWorld         - Using strategy: BRUTE_FORCE
20:26:31.989 [FXGL Background Thread 1 ] DEBUG GameScene            - Game scene initialized: 800x600
20:26:32.002 [FXGL Background Thread 1 ] DEBUG FXGL.DefaultMenu     - createMenuBodyGameMenu()
20:26:32.016 [FXGL Background Thread 1 ] DEBUG FXGL.DefaultMenu     - createOptionsMenu()
20:26:32.025 [FXGL Background Thread 1 ] DEBUG FXGLAssetLoaderServi - Loading from file system: jar:file:/C:/Users/nicol/Desktop/amongu/lib/fxgl-21.1-uber.jar!/fxglassets/textures/particles/smoke.png
20:26:32.108 [FXGL Background Thread 1 ] DEBUG FXGLAssetLoaderServi - Loading from file system: jar:file:/C:/Users/nicol/Desktop/amongu/lib/fxgl-21.1-uber.jar!/fxglassets/textures/particles/trace_horizontal.png
20:26:32.128 [FXGL Background Thread 1 ] DEBUG GameApplicationServi - Application scenes initialized
20:26:32.137 [FXGL Background Thread 1 ] DEBUG SystemBundleService  - Loading FXGL system data
20:26:32.142 [FXGL Background Thread 1 ] DEBUG FileSystemAccess     - Reading from: C:\Users\nicol\Desktop\amongu\system\fxgl.bundle
20:26:32.147 [FXGL Background Thread 1 ] DEBUG SystemBundleService  - Bundle FXGL: {}
20:26:32.147 [FXGL Background Thread 1 ] DEBUG UpdaterService       - Checking for updates
20:26:32.149 [FXGL Background Thread 4 ] DEBUG FXGLApplication      - Loading fonts
20:26:32.150 [FXGL Background Thread 1 ] DEBUG FXGLApplication      - Loading default localization
20:26:32.150 [FXGL Background Thread 4 ] DEBUG FXGLAssetLoaderServi - Loading from file system: jar:file:/C:/Users/nicol/Desktop/amongu/lib/fxgl-21.1-uber.jar!/fxglassets/ui/fonts/VarelaRound-Regular.ttf
20:26:32.150 [FXGL Background Thread 1 ] DEBUG FXGLAssetLoaderServi - Loading from file system: jar:file:/C:/Users/nicol/Desktop/amongu/lib/fxgl-21.1-uber.jar!/fxglassets/languages/english.lang
20:26:32.166 [FXGL Background Thread 1 ] INFO  FXGLApplication      - FXGL initialization took: 0,354 sec
20:26:32.175 [JavaFX Application Thread] DEBUG Input                - Registered new binding: Mover Arriba - W
20:26:32.175 [JavaFX Application Thread] DEBUG Input                - Registered new binding: Mover Abajo - S
20:26:32.175 [JavaFX Application Thread] DEBUG Input                - Registered new binding: Mover Izquierda - A
20:26:32.175 [JavaFX Application Thread] DEBUG Input                - Registered new binding: Mover Derecha - D
20:26:32.175 [JavaFX Application Thread] DEBUG Input                - Registered new binding: Abrir Camaras - C
20:26:32.175 [JavaFX Application Thread] DEBUG Input                - Registered new binding: Usar Alcantarilla - Space
20:26:32.175 [JavaFX Application Thread] DEBUG Input                - Registered new binding: Vent Izquierda - Left
20:26:32.175 [JavaFX Application Thread] DEBUG Input                - Registered new binding: Vent Derecha - Right
20:26:32.175 [JavaFX Application Thread] DEBUG Input                - Registered new binding: Vent Arriba - Up
20:26:32.175 [JavaFX Application Thread] DEBUG Input                - Registered new binding: Vent Abajo - Down
20:26:32.176 [JavaFX Application Thread] DEBUG FXGLAssetLoaderServi - Loading from file system: file:/C:/Users/nicol/Desktop/amongu/out/production/Among%20Us/assets/textures/icono.png
20:26:32.197 [JavaFX Application Thread] DEBUG FXGLAssetLoaderServi - Loading from file system: jar:file:/C:/Users/nicol/Desktop/amongu/lib/fxgl-21.1-uber.jar!/fxglassets/textures/fxgl_default_cursor.png
20:26:32.200 [JavaFX Application Thread] DEBUG Input                - Registered new binding: Screenshot - CTRL+8
20:26:32.201 [JavaFX Application Thread] DEBUG Input                - Registered new binding: System info dump - CTRL+9
20:26:32.201 [JavaFX Application Thread] DEBUG Input                - Registered new binding: Restart - CTRL+R
20:26:32.202 [JavaFX Application Thread] DEBUG Input                - Registered new binding: Toggle Debug Camera - CTRL+7
20:26:32.204 [FXGL Background Thread 4 ] DEBUG FXGLAssetLoaderServi - Loading from file system: jar:file:/C:/Users/nicol/Desktop/amongu/lib/fxgl-21.1-uber.jar!/fxglassets/ui/fonts/Abel-Regular.ttf
20:26:32.207 [JavaFX Application Thread] DEBUG LoopRunner           - Starting loop
20:26:32.207 [JavaFX Application Thread] DEBUG LoopRunner           - Initializing JavaFX AnimationTimerLoop
20:26:32.208 [JavaFX Application Thread] DEBUG GameApplicationServi - Starting new game
20:26:32.208 [FXGL Background Thread 4 ] DEBUG FXGLAssetLoaderServi - Loading from file system: jar:file:/C:/Users/nicol/Desktop/amongu/lib/fxgl-21.1-uber.jar!/fxglassets/ui/fonts/TerminalLandMono-Regular.otf
20:26:32.209 [JavaFX Application Thread] DEBUG Input                - Clearing active input actions
20:26:32.215 [FXGL Background Thread 4 ] DEBUG FXGLAssetLoaderServi - Loading from file system: jar:file:/C:/Users/nicol/Desktop/amongu/lib/fxgl-21.1-uber.jar!/fxglassets/ui/fonts/Courier-Prime.ttf
20:26:32.224 [JavaFX Application Thread] DEBUG GameApplicationServi - Removing overlay from FXGLStartupScene and adding to FXGLLoadingScene
20:26:32.224 [JavaFX Application Thread] DEBUG PrimaryStageWindow   - FXGLStartupScene -> FXGLLoadingScene
20:26:32.224 [JavaFX Application Thread] DEBUG GameApplicationServi - Clearing previous game
20:26:32.224 [JavaFX Application Thread] DEBUG GameScene            - Clearing game scene
20:26:32.224 [JavaFX Application Thread] DEBUG GameWorld            - Clearing game world
20:26:32.224 [JavaFX Application Thread] DEBUG PhysicsWorld         - Clearing physics world
20:26:32.225 [FXGL Background Thread 4 ] DEBUG FXGLApplication      - Initializing game
20:26:32.235 [FXGL Background Thread 4 ] DEBUG FXGLAssetLoaderServi - Loading from file system: file:/C:/Users/nicol/Desktop/amongu/out/production/Among%20Us/assets/textures/MonitorDeCamaras.png
20:26:32.272 [FXGL Background Thread 4 ] DEBUG FXGLAssetLoaderServi - Loading from file system: file:/C:/Users/nicol/Desktop/amongu/out/production/Among%20Us/assets/textures/flechaAmarillaIzq.png
20:26:32.273 [JavaFX Application Thread] DEBUG FXGLApplication      - Registering font factories with UI factory
20:26:32.275 [FXGL Background Thread 4 ] DEBUG FXGLAssetLoaderServi - Loading from file system: file:/C:/Users/nicol/Desktop/amongu/out/production/Among%20Us/assets/textures/flechaAmarillaDer.png
20:26:32.280 [FXGL Background Thread 4 ] DEBUG FXGLAssetLoaderServi - Loading from file system: file:/C:/Users/nicol/Desktop/amongu/out/production/Among%20Us/assets/music/musicaMenu.mp3
20:26:32.434 [FXGL Background Thread 4 ] DEBUG AudioPlayer          - Playing music com.almasb.fxgl.audio.Music@3367f022
20:26:32.724 [FXGL Background Thread 2 ] INFO  UpdaterService       - Your current version:  21.1
20:26:32.725 [FXGL Background Thread 2 ] INFO  UpdaterService       - Latest stable version: 25
20:26:32.740 [FXGL Background Thread 4 ] INFO  FXGLApplication      - Game initialization took: 0,514 sec
20:26:32.741 [JavaFX Application Thread] DEBUG Input                - Clearing active input actions
20:26:32.748 [JavaFX Application Thread] DEBUG GameApplicationServi - Removing overlay from FXGLLoadingScene and adding to GameScene
20:26:32.749 [JavaFX Application Thread] DEBUG PrimaryStageWindow   - FXGLLoadingScene -> GameScene
20:26:34.635 [JavaFX Application Thread] DEBUG FXGLAssetLoaderServi - Loading from file system: file:/C:/Users/nicol/Desktop/amongu/out/production/Among%20Us/assets/sounds/clickBoton.wav
20:26:35.149 [FXGL Background Thread 3 ] DEBUG Engine               - Logging environment variables
20:26:35.149 [FXGL Background Thread 3 ] DEBUG Engine               - achievements: []
20:26:35.149 [FXGL Background Thread 3 ] DEBUG Engine               - actualHeight: 600.0
20:26:35.149 [FXGL Background Thread 3 ] DEBUG Engine               - actualHeightProperty: ReadOnlyDoubleProperty [value: 600.0]
20:26:35.150 [FXGL Background Thread 3 ] DEBUG Engine               - actualWidth: 800.0
20:26:35.150 [FXGL Background Thread 3 ] DEBUG Engine               - actualWidthProperty: ReadOnlyDoubleProperty [value: 800.0]
20:26:35.150 [FXGL Background Thread 3 ] DEBUG Engine               - appIcon: icono.png
20:26:35.150 [FXGL Background Thread 3 ] DEBUG Engine               - applicationMode: DEVELOPER
20:26:35.150 [FXGL Background Thread 3 ] DEBUG Engine               - cSSList: [fxgl_dark.css]
20:26:35.150 [FXGL Background Thread 3 ] DEBUG Engine               - collisionDetectionStrategy: BRUTE_FORCE
20:26:35.150 [FXGL Background Thread 3 ] DEBUG Engine               - configClass: Optional.empty
20:26:35.150 [FXGL Background Thread 3 ] DEBUG Engine               - credits: []
20:26:35.150 [FXGL Background Thread 3 ] DEBUG Engine               - defaultCursor: CursorInfo(imageName=fxgl_default_cursor.png, hotspotX=7.0, hotspotY=6.0)
20:26:35.150 [FXGL Background Thread 3 ] DEBUG Engine               - devBBoxColorProperty: ObjectProperty [value: 0xff0000ff]
20:26:35.150 [FXGL Background Thread 3 ] DEBUG Engine               - devEnableDebugCameraProperty: BooleanProperty [value: false]
20:26:35.150 [FXGL Background Thread 3 ] DEBUG Engine               - devSensorColorProperty: ObjectProperty [value: 0xffff00ff]
20:26:35.150 [FXGL Background Thread 3 ] DEBUG Engine               - devShowBBoxProperty: BooleanProperty [value: false]
20:26:35.150 [FXGL Background Thread 3 ] DEBUG Engine               - devShowPositionProperty: BooleanProperty [value: false]
20:26:35.150 [FXGL Background Thread 3 ] DEBUG Engine               - enabledMenuItems: []
20:26:35.150 [FXGL Background Thread 3 ] DEBUG Engine               - engineServices: [class com.almasb.fxgl.app.services.FXGLAssetLoaderService, class com.almasb.fxgl.app.FXGLApplication$GameApplicationService, class com.almasb.fxgl.app.services.FXGLDialogService, class com.almasb.fxgl.app.services.IOTaskExecutorService, class com.almasb.fxgl.io.FileSystemService, class com.almasb.fxgl.localization.LocalizationService, class com.almasb.fxgl.app.services.SystemBundleService, class com.almasb.fxgl.profile.SaveLoadService, class com.almasb.fxgl.ui.FXGLUIFactoryServiceProvider, class com.almasb.fxgl.ui.FXGLDialogFactoryServiceProvider, class com.almasb.fxgl.audio.AudioPlayer, class com.almasb.fxgl.notification.impl.NotificationServiceProvider, class com.almasb.fxgl.achievement.AchievementService, class com.almasb.fxgl.cutscene.CutsceneService, class com.almasb.fxgl.minigames.MiniGameService, class com.almasb.fxgl.net.NetService, class com.almasb.fxgl.app.services.UpdaterService, class com.almasb.fxgl.dev.DevService]
20:26:35.150 [FXGL Background Thread 3 ] DEBUG Engine               - fontGame: Abel-Regular.ttf
20:26:35.150 [FXGL Background Thread 3 ] DEBUG Engine               - fontMono: TerminalLandMono-Regular.otf
20:26:35.150 [FXGL Background Thread 3 ] DEBUG Engine               - fontSizeScaleUI: 1.0
20:26:35.151 [FXGL Background Thread 3 ] DEBUG Engine               - fontText: Courier-Prime.ttf
20:26:35.151 [FXGL Background Thread 3 ] DEBUG Engine               - fontUI: VarelaRound-Regular.ttf
20:26:35.151 [FXGL Background Thread 3 ] DEBUG Engine               - fullScreen: BooleanProperty [value: false]
20:26:35.151 [FXGL Background Thread 3 ] DEBUG Engine               - gameDifficulty: MEDIUM
20:26:35.151 [FXGL Background Thread 3 ] DEBUG Engine               - gameDifficultyProperty: ObjectProperty [value: MEDIUM]
20:26:35.151 [FXGL Background Thread 3 ] DEBUG Engine               - globalMusicVolume: 0.5
20:26:35.152 [FXGL Background Thread 3 ] DEBUG Engine               - globalMusicVolumeProperty: DoubleProperty [value: 0.4]
20:26:35.152 [FXGL Background Thread 3 ] DEBUG Engine               - globalSoundVolume: 0.5
20:26:35.152 [FXGL Background Thread 3 ] DEBUG Engine               - globalSoundVolumeProperty: DoubleProperty [value: 0.5]
20:26:35.152 [FXGL Background Thread 3 ] DEBUG Engine               - height: 600
20:26:35.152 [FXGL Background Thread 3 ] DEBUG Engine               - is3D: false
20:26:35.152 [FXGL Background Thread 3 ] DEBUG Engine               - isAndroid: false
20:26:35.152 [FXGL Background Thread 3 ] DEBUG Engine               - isBrowser: false
20:26:35.152 [FXGL Background Thread 3 ] DEBUG Engine               - isClickFeedbackEnabled: false
20:26:35.153 [FXGL Background Thread 3 ] DEBUG Engine               - isCloseConfirmation: false
20:26:35.153 [FXGL Background Thread 3 ] DEBUG Engine               - isDesktop: true
20:26:35.153 [FXGL Background Thread 3 ] DEBUG Engine               - isDeveloperMenuEnabled: false
20:26:35.153 [FXGL Background Thread 3 ] DEBUG Engine               - isEmbedded: false
20:26:35.153 [FXGL Background Thread 3 ] DEBUG Engine               - isEntityPreloadEnabled: true
20:26:35.153 [FXGL Background Thread 3 ] DEBUG Engine               - isExperimentalTiledLargeMap: false
20:26:35.153 [FXGL Background Thread 3 ] DEBUG Engine               - isFileSystemWriteAllowed: true
20:26:35.153 [FXGL Background Thread 3 ] DEBUG Engine               - isFullScreenAllowed: false
20:26:35.153 [FXGL Background Thread 3 ] DEBUG Engine               - isFullScreenFromStart: false
20:26:35.153 [FXGL Background Thread 3 ] DEBUG Engine               - isGameMenuEnabled: true
20:26:35.153 [FXGL Background Thread 3 ] DEBUG Engine               - isIOS: false
20:26:35.153 [FXGL Background Thread 3 ] DEBUG Engine               - isIntroEnabled: false
20:26:35.154 [FXGL Background Thread 3 ] DEBUG Engine               - isLinux: false
20:26:35.154 [FXGL Background Thread 3 ] DEBUG Engine               - isMac: false
20:26:35.154 [FXGL Background Thread 3 ] DEBUG Engine               - isMainMenuEnabled: false
20:26:35.154 [FXGL Background Thread 3 ] DEBUG Engine               - isManualResizeEnabled: false
20:26:35.154 [FXGL Background Thread 3 ] DEBUG Engine               - isMobile: false
20:26:35.154 [FXGL Background Thread 3 ] DEBUG Engine               - isNative: false
20:26:35.154 [FXGL Background Thread 3 ] DEBUG Engine               - isPauseMusicWhenMinimized: true
20:26:35.154 [FXGL Background Thread 3 ] DEBUG Engine               - isPreserveResizeRatio: false
20:26:35.154 [FXGL Background Thread 3 ] DEBUG Engine               - isProfilingEnabled: false
20:26:35.154 [FXGL Background Thread 3 ] DEBUG Engine               - isScaleAffectedOnResize: true
20:26:35.154 [FXGL Background Thread 3 ] DEBUG Engine               - isSingleStep: false
20:26:35.154 [FXGL Background Thread 3 ] DEBUG Engine               - isUserProfileEnabled: false
20:26:35.154 [FXGL Background Thread 3 ] DEBUG Engine               - isWindows: true
20:26:35.154 [FXGL Background Thread 3 ] DEBUG Engine               - language: ObjectProperty [value: ENGLISH]
20:26:35.154 [FXGL Background Thread 3 ] DEBUG Engine               - menuKey: ESCAPE
20:26:35.154 [FXGL Background Thread 3 ] DEBUG Engine               - mouseSensitivity: 0.2
20:26:35.154 [FXGL Background Thread 3 ] DEBUG Engine               - notificationViewClass: class com.almasb.fxgl.notification.view.XboxNotificationView
20:26:35.154 [FXGL Background Thread 3 ] DEBUG Engine               - pixelsPerMeter: 50.0
20:26:35.154 [FXGL Background Thread 3 ] DEBUG Engine               - platform: WINDOWS
20:26:35.154 [FXGL Background Thread 3 ] DEBUG Engine               - prefHeightProperty: ReadOnlyDoubleProperty [value: 600.0]
20:26:35.155 [FXGL Background Thread 3 ] DEBUG Engine               - prefWidthProperty: ReadOnlyDoubleProperty [value: 800.0]
20:26:35.155 [FXGL Background Thread 3 ] DEBUG Engine               - profileDir: profiles/
20:26:35.155 [FXGL Background Thread 3 ] DEBUG Engine               - profileName: StringProperty [value: DEFAULT]
20:26:35.155 [FXGL Background Thread 3 ] DEBUG Engine               - randomSeed: -1
20:26:35.155 [FXGL Background Thread 3 ] DEBUG Engine               - runtimeInfo: RuntimeInfo(platform=WINDOWS, version=21.1, build=26.03.2024 17.33)
20:26:35.155 [FXGL Background Thread 3 ] DEBUG Engine               - saveFileExt: sav
20:26:35.155 [FXGL Background Thread 3 ] DEBUG Engine               - scaledHeightProp$fxgl: DoubleProperty [bound, value: 600.0]
20:26:35.155 [FXGL Background Thread 3 ] DEBUG Engine               - scaledWidthProp$fxgl: DoubleProperty [bound, value: 800.0]
20:26:35.155 [FXGL Background Thread 3 ] DEBUG Engine               - sceneFactory: com.almasb.fxgl.app.scene.SceneFactory@546e9d41
20:26:35.155 [FXGL Background Thread 3 ] DEBUG Engine               - secondsIn24h: 60
20:26:35.155 [FXGL Background Thread 3 ] DEBUG Engine               - soundMenuBack: menu/back.wav
20:26:35.155 [FXGL Background Thread 3 ] DEBUG Engine               - soundMenuPress: menu/press.wav
20:26:35.155 [FXGL Background Thread 3 ] DEBUG Engine               - soundMenuSelect: menu/select.wav
20:26:35.155 [FXGL Background Thread 3 ] DEBUG Engine               - soundNotification: core/notification.wav
20:26:35.155 [FXGL Background Thread 3 ] DEBUG Engine               - stageStyle: DECORATED
20:26:35.155 [FXGL Background Thread 3 ] DEBUG Engine               - supportedLanguages: [ENGLISH, FRENCH, GERMAN, HUNGARIAN, RUSSIAN]
20:26:35.156 [FXGL Background Thread 3 ] DEBUG Engine               - ticksPerSecond: -1
20:26:35.156 [FXGL Background Thread 3 ] DEBUG Engine               - title: Among Us UNEG
20:26:35.156 [FXGL Background Thread 3 ] DEBUG Engine               - urlGithub: https://github.com/AlmasB/FXGL
20:26:35.156 [FXGL Background Thread 3 ] DEBUG Engine               - urlLeaderboard: http://fxgl-top.herokuapp.com/
20:26:35.156 [FXGL Background Thread 3 ] DEBUG Engine               - urlPOM: https://raw.githubusercontent.com/AlmasB/FXGL/release/README.md
20:26:35.156 [FXGL Background Thread 3 ] DEBUG Engine               - userAppClass: class main.java.amongUs.AppPrincipal
20:26:35.156 [FXGL Background Thread 3 ] DEBUG Engine               - version: 0.0
20:26:35.156 [FXGL Background Thread 3 ] DEBUG Engine               - versionCheckDays: 7
20:26:35.156 [FXGL Background Thread 3 ] DEBUG Engine               - width: 800
20:26:35.156 [FXGL Background Thread 3 ] DEBUG Engine               - Logging services
20:26:35.156 [FXGL Background Thread 3 ] DEBUG Engine               - class com.almasb.fxgl.app.services.FXGLAssetLoaderService
20:26:35.156 [FXGL Background Thread 3 ] DEBUG Engine               - class com.almasb.fxgl.app.FXGLApplication$GameApplicationService
20:26:35.156 [FXGL Background Thread 3 ] DEBUG Engine               - class com.almasb.fxgl.app.services.FXGLDialogService
20:26:35.156 [FXGL Background Thread 3 ] DEBUG Engine               - class com.almasb.fxgl.app.services.IOTaskExecutorService
20:26:35.156 [FXGL Background Thread 3 ] DEBUG Engine               - class com.almasb.fxgl.io.FileSystemService
20:26:35.156 [FXGL Background Thread 3 ] DEBUG Engine               - class com.almasb.fxgl.localization.LocalizationService
20:26:35.156 [FXGL Background Thread 3 ] DEBUG Engine               - class com.almasb.fxgl.app.services.SystemBundleService
20:26:35.156 [FXGL Background Thread 3 ] DEBUG Engine               - class com.almasb.fxgl.profile.SaveLoadService
20:26:35.156 [FXGL Background Thread 3 ] DEBUG Engine               - class com.almasb.fxgl.ui.FXGLUIFactoryServiceProvider
20:26:35.156 [FXGL Background Thread 3 ] DEBUG Engine               - class com.almasb.fxgl.ui.FXGLDialogFactoryServiceProvider
20:26:35.156 [FXGL Background Thread 3 ] DEBUG Engine               - class com.almasb.fxgl.audio.AudioPlayer
20:26:35.156 [FXGL Background Thread 3 ] DEBUG Engine               - class com.almasb.fxgl.notification.impl.NotificationServiceProvider
20:26:35.156 [FXGL Background Thread 3 ] DEBUG Engine               - class com.almasb.fxgl.achievement.AchievementService
20:26:35.156 [FXGL Background Thread 3 ] DEBUG Engine               - class com.almasb.fxgl.cutscene.CutsceneService
20:26:35.156 [FXGL Background Thread 3 ] DEBUG Engine               - class com.almasb.fxgl.minigames.MiniGameService
20:26:35.156 [FXGL Background Thread 3 ] DEBUG Engine               - class com.almasb.fxgl.net.NetService
20:26:35.156 [FXGL Background Thread 3 ] DEBUG Engine               - class com.almasb.fxgl.app.services.UpdaterService
20:26:35.156 [FXGL Background Thread 3 ] DEBUG Engine               - class com.almasb.fxgl.dev.DevService
20:26:45.373 [JavaFX Application Thread] DEBUG FXGLAssetLoaderServi - Loading from file system: file:/C:/Users/nicol/Desktop/amongu/out/production/Among%20Us/assets/textures/tripulante_negro.png
20:26:52.634 [JavaFX Application Thread] DEBUG FXGLAssetLoaderServi - Loading from file system: file:/C:/Users/nicol/Desktop/amongu/out/production/Among%20Us/assets/textures/tripulante_rosa.png
20:27:56.042 [JavaFX Application Thread] DEBUG FXGLAssetLoaderServi - Loading from file system: file:/C:/Users/nicol/Desktop/amongu/out/production/Among%20Us/assets/textures/tripulante_verde.png
20:27:59.703 [JavaFX Application Thread] DEBUG FXGLAssetLoaderServi - Loading from file system: file:/C:/Users/nicol/Desktop/amongu/out/production/Among%20Us/assets/textures/tripulante_rojo.png
20:28:17.486 [JavaFX Application Thread] WARN  TMXLevelLoader       - TiledMap generated from 1.11.2. Supported version: 1.9.0. Some features may not be parsed fully.
20:28:17.509 [JavaFX Application Thread] DEBUG TMXLevelLoader       - Parsed TiledMap: file:/C:/Users/nicol/Desktop/amongu/out/production/Among%20Us/assets/levels/mapa2.tmx
20:28:17.510 [JavaFX Application Thread] DEBUG TMXLevelLoader       - Creating tile layer entities
20:28:17.512 [JavaFX Application Thread] DEBUG TilesetLoader        - Loading view for layer fondo1
20:28:17.513 [JavaFX Application Thread] DEBUG TilesetLoader        - Created buffer with size 992.0x960.0
20:28:17.519 [JavaFX Application Thread] DEBUG TilesetLoader        - Loading view for layer fondo
20:28:17.519 [JavaFX Application Thread] DEBUG TilesetLoader        - Created buffer with size 992.0x960.0
20:28:17.523 [JavaFX Application Thread] DEBUG TilesetLoader        - Loading view for layer piso
20:28:17.523 [JavaFX Application Thread] DEBUG TilesetLoader        - Created buffer with size 992.0x960.0
20:28:17.527 [JavaFX Application Thread] DEBUG TilesetLoader        - Loading view for layer piso1
20:28:17.527 [JavaFX Application Thread] DEBUG TilesetLoader        - Created buffer with size 992.0x960.0
20:28:17.533 [JavaFX Application Thread] DEBUG TilesetLoader        - Loading view for layer izquierda
20:28:17.533 [JavaFX Application Thread] DEBUG TilesetLoader        - Created buffer with size 992.0x960.0
20:28:17.537 [JavaFX Application Thread] DEBUG TilesetLoader        - Loading view for layer detallesatraspared
20:28:17.538 [JavaFX Application Thread] DEBUG TilesetLoader        - Created buffer with size 992.0x960.0
20:28:17.559 [JavaFX Application Thread] DEBUG TilesetLoader        - Loading view for layer pared2
20:28:17.560 [JavaFX Application Thread] DEBUG TilesetLoader        - Created buffer with size 992.0x960.0
20:28:17.565 [JavaFX Application Thread] DEBUG TilesetLoader        - Loading view for layer techo1
20:28:17.566 [JavaFX Application Thread] DEBUG TilesetLoader        - Created buffer with size 992.0x960.0
20:28:17.568 [JavaFX Application Thread] DEBUG TilesetLoader        - Loading view for layer techo2
20:28:17.569 [JavaFX Application Thread] DEBUG TilesetLoader        - Created buffer with size 992.0x960.0
20:28:17.573 [JavaFX Application Thread] DEBUG TilesetLoader        - Loading view for layer puertita
20:28:17.574 [JavaFX Application Thread] DEBUG TilesetLoader        - Created buffer with size 992.0x960.0
20:28:17.574 [JavaFX Application Thread] DEBUG TilesetLoader        - Loading view for layer puerta
20:28:17.575 [JavaFX Application Thread] DEBUG TilesetLoader        - Created buffer with size 992.0x960.0
20:28:17.576 [JavaFX Application Thread] DEBUG TilesetLoader        - Loading view for layer detalles
20:28:17.576 [JavaFX Application Thread] DEBUG TilesetLoader        - Created buffer with size 992.0x960.0
20:28:17.586 [JavaFX Application Thread] DEBUG TilesetLoader        - Loading view for layer detalles 2
20:28:17.587 [JavaFX Application Thread] DEBUG TilesetLoader        - Created buffer with size 992.0x960.0
20:28:17.596 [JavaFX Application Thread] DEBUG TilesetLoader        - Loading view for layer detalles3
20:28:17.596 [JavaFX Application Thread] DEBUG TilesetLoader        - Created buffer with size 992.0x960.0
20:28:17.607 [JavaFX Application Thread] DEBUG TilesetLoader        - Loading view for layer grieta
20:28:17.607 [JavaFX Application Thread] DEBUG TilesetLoader        - Created buffer with size 992.0x960.0
20:28:17.608 [JavaFX Application Thread] DEBUG TilesetLoader        - Loading view for layer camaras
20:28:17.608 [JavaFX Application Thread] DEBUG TilesetLoader        - Created buffer with size 992.0x960.0
20:28:17.610 [JavaFX Application Thread] DEBUG TilesetLoader        - Loading view for layer Techo
20:28:17.610 [JavaFX Application Thread] DEBUG TilesetLoader        - Created buffer with size 992.0x960.0
20:28:17.612 [JavaFX Application Thread] DEBUG TMXLevelLoader       - Creating object layer entities
20:28:17.645 [JavaFX Application Thread] DEBUG GameWorld            - Clearing removable entities
20:28:17.646 [JavaFX Application Thread] DEBUG GameWorld            - Setting level: com.almasb.fxgl.entity.level.Level@80b6196
20:28:17.659 [JavaFX Application Thread] DEBUG FXGLAssetLoaderServi - Loading from file system: file:/C:/Users/nicol/Desktop/amongu/out/production/Among%20Us/assets/textures/animacion_rosa.png
20:28:17.660 [JavaFX Application Thread] DEBUG FXGLAssetLoaderServi - Loading from file system: file:/C:/Users/nicol/Desktop/amongu/out/production/Among%20Us/assets/textures/alcantarilla_rosa.png
20:28:17.661 [JavaFX Application Thread] DEBUG FXGLAssetLoaderServi - Loading from file system: file:/C:/Users/nicol/Desktop/amongu/out/production/Among%20Us/assets/textures/alcantarilla_rosaE.png
20:28:17.667 [JavaFX Application Thread] DEBUG FXGLAssetLoaderServi - Loading from file system: file:/C:/Users/nicol/Desktop/amongu/out/production/Among%20Us/assets/textures/animacion_negro.png
20:28:17.668 [JavaFX Application Thread] DEBUG FXGLAssetLoaderServi - Loading from file system: file:/C:/Users/nicol/Desktop/amongu/out/production/Among%20Us/assets/textures/alcantarilla_negro.png
20:28:17.669 [JavaFX Application Thread] DEBUG FXGLAssetLoaderServi - Loading from file system: file:/C:/Users/nicol/Desktop/amongu/out/production/Among%20Us/assets/textures/alcantarilla_negroE.png
20:28:17.672 [JavaFX Application Thread] DEBUG FXGLAssetLoaderServi - Loading from file system: file:/C:/Users/nicol/Desktop/amongu/out/production/Among%20Us/assets/textures/animacion_rojo.png
20:28:17.674 [JavaFX Application Thread] DEBUG FXGLAssetLoaderServi - Loading from file system: file:/C:/Users/nicol/Desktop/amongu/out/production/Among%20Us/assets/textures/alcantarilla_rojo.png
20:28:17.676 [JavaFX Application Thread] DEBUG FXGLAssetLoaderServi - Loading from file system: file:/C:/Users/nicol/Desktop/amongu/out/production/Among%20Us/assets/textures/alcantarilla_rojoE.png
20:28:17.680 [JavaFX Application Thread] DEBUG FXGLAssetLoaderServi - Loading from file system: file:/C:/Users/nicol/Desktop/amongu/out/production/Among%20Us/assets/textures/animacion_verde.png
20:28:17.681 [JavaFX Application Thread] DEBUG FXGLAssetLoaderServi - Loading from file system: file:/C:/Users/nicol/Desktop/amongu/out/production/Among%20Us/assets/textures/alcantarilla_verde.png
20:28:17.684 [JavaFX Application Thread] DEBUG FXGLAssetLoaderServi - Loading from file system: file:/C:/Users/nicol/Desktop/amongu/out/production/Among%20Us/assets/textures/alcantarilla_verdeE.png
20:28:17.687 [JavaFX Application Thread] DEBUG FXGLAssetLoaderServi - Loading from file system: file:/C:/Users/nicol/Desktop/amongu/out/production/Among%20Us/assets/textures/accionNegada.png
20:28:17.692 [JavaFX Application Thread] DEBUG FXGLAssetLoaderServi - Loading from file system: file:/C:/Users/nicol/Desktop/amongu/out/production/Among%20Us/assets/textures/pantalla_tripulante.png
20:28:45.713 [JavaFX Application Thread] DEBUG FXGLAssetLoaderServi - Loading from file system: file:/C:/Users/nicol/Desktop/amongu/out/production/Among%20Us/assets/textures/accion.png
20:29:51.904 [JavaFX Application Thread] DEBUG FXGLApplication      - Exiting FXGL
20:29:51.904 [JavaFX Application Thread] DEBUG LoopRunner           - Stopping loop
20:29:51.904 [JavaFX Application Thread] DEBUG SystemBundleService  - Saving FXGL system data
20:29:51.905 [JavaFX Application Thread] DEBUG FileSystemAccess     - Writing to: C:\Users\nicol\Desktop\amongu\system\fxgl.bundle
20:29:51.907 [JavaFX Application Thread] DEBUG Async                - Shutting down background threads
20:29:51.907 [JavaFX Application Thread] DEBUG PrimaryStageWindow   - Closing main window
20:29:51.931 [JavaFX Application Thread] DEBUG Logger               - Closing Logger
