16:32:33.181 [main                     ] DEBUG Logger               - Configured Logger
16:32:33.229 [main                     ] DEBUG GameApplication      - Logging settings
Title: Among Us UNEG
Version: 0.0
Width: 800
Height: 600
Fullscreen: false
Intro: false
Profiling: false
Single step:false
App Mode: DEVELOPER
Menu Key: ESCAPE
Stage Style: DECORATED
Scene Factory: class com.almasb.fxgl.app.scene.SceneFactory

16:32:34.440 [JavaFX Application Thread] DEBUG FXGLApplication      - Initializing FXGL
16:32:34.450 [JavaFX Application Thread] INFO  Engine               - FXGL-21.1 (26.03.2024 17.33) on WINDOWS (J:25.0.2 FX:21.0.1)
16:32:34.450 [JavaFX Application Thread] DEBUG Engine               - JRE Vendor Name: Oracle Corporation
16:32:34.450 [JavaFX Application Thread] DEBUG Engine               - Running on OS: Windows 11 version 10.0
16:32:34.450 [JavaFX Application Thread] DEBUG Engine               - Architecture: amd64
16:32:34.452 [JavaFX Application Thread] INFO  Engine               - Source code and latest versions at: https://github.com/AlmasB/FXGL
16:32:34.452 [JavaFX Application Thread] INFO  Engine               -       Ask questions and discuss at: https://github.com/AlmasB/FXGL/discussions
16:32:34.452 [JavaFX Application Thread] INFO  Engine               -              Join the FXGL chat at: https://gitter.im/AlmasB/FXGL
16:32:34.663 [JavaFX Application Thread] DEBUG PrimaryStageWindow   - Creating a JavaFX scene
16:32:34.938 [JavaFX Application Thread] DEBUG PrimaryStageWindow   - Target settings size: 800.0 x 600.0
16:32:34.944 [JavaFX Application Thread] DEBUG PrimaryStageWindow   - Scaled scene size:    800.0 x 600.0
16:32:34.944 [JavaFX Application Thread] DEBUG PrimaryStageWindow   - Scaled ratio: (1.0, 1.0)
16:32:34.946 [JavaFX Application Thread] DEBUG PrimaryStageWindow   - Set initial scene to FXGLStartupScene
16:32:34.958 [JavaFX Application Thread] DEBUG PrimaryStageWindow   - Opening main window
16:32:35.261 [JavaFX Application Thread] DEBUG PrimaryStageWindow   - Window border size: (16.0, 39.0)
16:32:35.261 [JavaFX Application Thread] DEBUG PrimaryStageWindow   - Scaled size: 800.0 x 600.0
16:32:35.261 [JavaFX Application Thread] DEBUG PrimaryStageWindow   - Scaled ratio: (1.0, 1.0)
16:32:35.261 [JavaFX Application Thread] DEBUG PrimaryStageWindow   - Scene size: 800.0 x 600.0
16:32:35.261 [JavaFX Application Thread] DEBUG PrimaryStageWindow   - Stage size: 816.0 x 639.0
16:32:35.297 [FXGL Background Thread 1 ] DEBUG Engine               - Initializing environment variables
16:32:35.547 [FXGL Background Thread 1 ] DEBUG FXGLAssetLoaderServi - User app class for loading assets: class main.java.amongUs.AppPrincipal
16:32:35.547 [FXGL Background Thread 1 ] DEBUG GameApplicationServi - Applying CSS: fxgl_dark.css
16:32:35.548 [FXGL Background Thread 1 ] DEBUG FXGLAssetLoaderServi - Loading from file system: jar:file:/C:/Users/josue/OneDrive/Desktop/proyecto%20java/Among%20Us/lib/fxgl-21.1-uber.jar!/fxglassets/ui/css/fxgl_dark.css
16:32:35.655 [FXGL Background Thread 1 ] DEBUG GameApplicationServi - Initializing application scenes
16:32:35.747 [FXGL Background Thread 1 ] DEBUG GameWorld            - Game world initialized
16:32:35.889 [FXGL Background Thread 1 ] DEBUG PhysicsWorld         - Physics world initialized: appHeight=600, physics.ppm=50,0
16:32:35.892 [FXGL Background Thread 1 ] DEBUG PhysicsWorld         - Using strategy: BRUTE_FORCE
16:32:35.924 [FXGL Background Thread 1 ] DEBUG GameScene            - Game scene initialized: 800x600
16:32:35.954 [FXGL Background Thread 1 ] DEBUG FXGL.DefaultMenu     - createMenuBodyGameMenu()
16:32:35.995 [FXGL Background Thread 1 ] DEBUG FXGL.DefaultMenu     - createOptionsMenu()
16:32:36.049 [FXGL Background Thread 1 ] DEBUG FXGLAssetLoaderServi - Loading from file system: jar:file:/C:/Users/josue/OneDrive/Desktop/proyecto%20java/Among%20Us/lib/fxgl-21.1-uber.jar!/fxglassets/textures/particles/smoke.png
16:32:36.332 [FXGL Background Thread 1 ] DEBUG FXGLAssetLoaderServi - Loading from file system: jar:file:/C:/Users/josue/OneDrive/Desktop/proyecto%20java/Among%20Us/lib/fxgl-21.1-uber.jar!/fxglassets/textures/particles/trace_horizontal.png
16:32:36.384 [FXGL Background Thread 1 ] DEBUG GameApplicationServi - Application scenes initialized
16:32:36.428 [FXGL Background Thread 1 ] DEBUG SystemBundleService  - Loading FXGL system data
16:32:36.432 [FXGL Background Thread 1 ] DEBUG FileSystemAccess     - Reading from: C:\Users\josue\OneDrive\Desktop\proyecto java\Among Us\system\fxgl.bundle
16:32:36.443 [FXGL Background Thread 1 ] DEBUG SystemBundleService  - Bundle FXGL: {}
16:32:36.443 [FXGL Background Thread 1 ] DEBUG UpdaterService       - Checking for updates
16:32:36.461 [FXGL Background Thread 1 ] DEBUG FXGLApplication      - Loading default localization
16:32:36.464 [FXGL Background Thread 1 ] DEBUG FXGLAssetLoaderServi - Loading from file system: jar:file:/C:/Users/josue/OneDrive/Desktop/proyecto%20java/Among%20Us/lib/fxgl-21.1-uber.jar!/fxglassets/languages/english.lang
16:32:36.464 [FXGL Background Thread 4 ] DEBUG FXGLApplication      - Loading fonts
16:32:36.500 [FXGL Background Thread 4 ] DEBUG FXGLAssetLoaderServi - Loading from file system: jar:file:/C:/Users/josue/OneDrive/Desktop/proyecto%20java/Among%20Us/lib/fxgl-21.1-uber.jar!/fxglassets/ui/fonts/VarelaRound-Regular.ttf
16:32:36.671 [FXGL Background Thread 1 ] INFO  FXGLApplication      - FXGL initialization took: 1,374 sec
16:32:36.695 [JavaFX Application Thread] DEBUG Input                - Registered new binding: Mover Arriba - W
16:32:36.695 [JavaFX Application Thread] DEBUG Input                - Registered new binding: Mover Abajo - S
16:32:36.695 [JavaFX Application Thread] DEBUG Input                - Registered new binding: Mover Izquierda - A
16:32:36.695 [JavaFX Application Thread] DEBUG Input                - Registered new binding: Mover Derecha - D
16:32:36.696 [JavaFX Application Thread] DEBUG Input                - Registered new binding: Abrir Camaras - C
16:32:36.696 [JavaFX Application Thread] DEBUG Input                - Registered new binding: Usar Alcantarilla - Space
16:32:36.696 [JavaFX Application Thread] DEBUG Input                - Registered new binding: Vent Izquierda - Left
16:32:36.696 [JavaFX Application Thread] DEBUG Input                - Registered new binding: Vent Derecha - Right
16:32:36.696 [JavaFX Application Thread] DEBUG Input                - Registered new binding: Vent Arriba - Up
16:32:36.696 [JavaFX Application Thread] DEBUG Input                - Registered new binding: Vent Abajo - Down
16:32:36.696 [JavaFX Application Thread] DEBUG Input                - Registered new binding: Matar Jugador - Q
16:32:36.696 [JavaFX Application Thread] DEBUG Input                - Registered new binding: Reportar Cadaver - R
16:32:36.697 [JavaFX Application Thread] DEBUG Input                - Registered new binding: Abrir/Cerrar Mapa - M
16:32:36.697 [JavaFX Application Thread] DEBUG FXGLAssetLoaderServi - Loading from file system: file:/C:/Users/josue/OneDrive/Desktop/proyecto%20java/Among%20Us/out/production/Among%20Us/assets/textures/icono.png
16:32:36.981 [JavaFX Application Thread] DEBUG FXGLAssetLoaderServi - Loading from file system: jar:file:/C:/Users/josue/OneDrive/Desktop/proyecto%20java/Among%20Us/lib/fxgl-21.1-uber.jar!/fxglassets/textures/fxgl_default_cursor.png
16:32:36.985 [JavaFX Application Thread] DEBUG Input                - Registered new binding: Screenshot - CTRL+8
16:32:36.988 [JavaFX Application Thread] DEBUG Input                - Registered new binding: System info dump - CTRL+9
16:32:36.989 [JavaFX Application Thread] DEBUG Input                - Registered new binding: Restart - CTRL+R
16:32:36.991 [JavaFX Application Thread] DEBUG Input                - Registered new binding: Toggle Debug Camera - CTRL+7
16:32:37.003 [JavaFX Application Thread] DEBUG LoopRunner           - Starting loop
16:32:37.006 [JavaFX Application Thread] DEBUG LoopRunner           - Initializing JavaFX AnimationTimerLoop
16:32:37.008 [JavaFX Application Thread] DEBUG GameApplicationServi - Starting new game
16:32:37.008 [JavaFX Application Thread] DEBUG Input                - Clearing active input actions
16:32:37.067 [FXGL Background Thread 4 ] DEBUG FXGLAssetLoaderServi - Loading from file system: jar:file:/C:/Users/josue/OneDrive/Desktop/proyecto%20java/Among%20Us/lib/fxgl-21.1-uber.jar!/fxglassets/ui/fonts/Abel-Regular.ttf
16:32:37.077 [JavaFX Application Thread] DEBUG GameApplicationServi - Removing overlay from FXGLStartupScene and adding to FXGLLoadingScene
16:32:37.077 [JavaFX Application Thread] DEBUG PrimaryStageWindow   - FXGLStartupScene -> FXGLLoadingScene
16:32:37.077 [JavaFX Application Thread] DEBUG GameApplicationServi - Clearing previous game
16:32:37.077 [JavaFX Application Thread] DEBUG GameScene            - Clearing game scene
16:32:37.080 [FXGL Background Thread 4 ] DEBUG FXGLAssetLoaderServi - Loading from file system: jar:file:/C:/Users/josue/OneDrive/Desktop/proyecto%20java/Among%20Us/lib/fxgl-21.1-uber.jar!/fxglassets/ui/fonts/TerminalLandMono-Regular.otf
16:32:37.081 [JavaFX Application Thread] DEBUG GameWorld            - Clearing game world
16:32:37.084 [JavaFX Application Thread] DEBUG PhysicsWorld         - Clearing physics world
16:32:37.086 [FXGL Background Thread 1 ] DEBUG FXGLApplication      - Initializing game
16:32:37.096 [FXGL Background Thread 1 ] DEBUG FXGLAssetLoaderServi - Loading from file system: file:/C:/Users/josue/OneDrive/Desktop/proyecto%20java/Among%20Us/out/production/Among%20Us/assets/music/musicaMenu.mp3
16:32:37.157 [FXGL Background Thread 4 ] DEBUG FXGLAssetLoaderServi - Loading from file system: jar:file:/C:/Users/josue/OneDrive/Desktop/proyecto%20java/Among%20Us/lib/fxgl-21.1-uber.jar!/fxglassets/ui/fonts/Courier-Prime.ttf
16:32:37.397 [JavaFX Application Thread] DEBUG FXGLApplication      - Registering font factories with UI factory
16:32:38.457 [FXGL Background Thread 1 ] DEBUG AudioPlayer          - Playing music com.almasb.fxgl.audio.Music@379c3ab
16:32:38.893 [FXGL Background Thread 2 ] INFO  UpdaterService       - Your current version:  21.1
16:32:38.894 [FXGL Background Thread 2 ] INFO  UpdaterService       - Latest stable version: 25
16:32:39.470 [FXGL Background Thread 3 ] DEBUG Engine               - Logging environment variables
16:32:39.475 [FXGL Background Thread 3 ] DEBUG Engine               - achievements: []
16:32:39.475 [FXGL Background Thread 3 ] DEBUG Engine               - actualHeight: 600.0
16:32:39.477 [FXGL Background Thread 3 ] DEBUG Engine               - actualHeightProperty: ReadOnlyDoubleProperty [value: 600.0]
16:32:39.490 [FXGL Background Thread 3 ] DEBUG Engine               - actualWidth: 800.0
16:32:39.492 [FXGL Background Thread 3 ] DEBUG Engine               - actualWidthProperty: ReadOnlyDoubleProperty [value: 800.0]
16:32:39.492 [FXGL Background Thread 3 ] DEBUG Engine               - appIcon: icono.png
16:32:39.492 [FXGL Background Thread 3 ] DEBUG Engine               - applicationMode: DEVELOPER
16:32:39.493 [FXGL Background Thread 3 ] DEBUG Engine               - cSSList: [fxgl_dark.css]
16:32:39.493 [FXGL Background Thread 3 ] DEBUG Engine               - collisionDetectionStrategy: BRUTE_FORCE
16:32:39.493 [FXGL Background Thread 3 ] DEBUG Engine               - configClass: Optional.empty
16:32:39.493 [FXGL Background Thread 3 ] DEBUG Engine               - credits: []
16:32:39.493 [FXGL Background Thread 3 ] DEBUG Engine               - defaultCursor: CursorInfo(imageName=fxgl_default_cursor.png, hotspotX=7.0, hotspotY=6.0)
16:32:39.494 [FXGL Background Thread 3 ] DEBUG Engine               - devBBoxColorProperty: ObjectProperty [value: 0xff0000ff]
16:32:39.495 [FXGL Background Thread 3 ] DEBUG Engine               - devEnableDebugCameraProperty: BooleanProperty [value: false]
16:32:39.495 [FXGL Background Thread 3 ] DEBUG Engine               - devSensorColorProperty: ObjectProperty [value: 0xffff00ff]
16:32:39.495 [FXGL Background Thread 3 ] DEBUG Engine               - devShowBBoxProperty: BooleanProperty [value: false]
16:32:39.495 [FXGL Background Thread 3 ] DEBUG Engine               - devShowPositionProperty: BooleanProperty [value: false]
16:32:39.495 [FXGL Background Thread 3 ] DEBUG Engine               - enabledMenuItems: []
16:32:39.495 [FXGL Background Thread 3 ] DEBUG Engine               - engineServices: [class com.almasb.fxgl.app.services.FXGLAssetLoaderService, class com.almasb.fxgl.app.FXGLApplication$GameApplicationService, class com.almasb.fxgl.app.services.FXGLDialogService, class com.almasb.fxgl.app.services.IOTaskExecutorService, class com.almasb.fxgl.io.FileSystemService, class com.almasb.fxgl.localization.LocalizationService, class com.almasb.fxgl.app.services.SystemBundleService, class com.almasb.fxgl.profile.SaveLoadService, class com.almasb.fxgl.ui.FXGLUIFactoryServiceProvider, class com.almasb.fxgl.ui.FXGLDialogFactoryServiceProvider, class com.almasb.fxgl.audio.AudioPlayer, class com.almasb.fxgl.notification.impl.NotificationServiceProvider, class com.almasb.fxgl.achievement.AchievementService, class com.almasb.fxgl.cutscene.CutsceneService, class com.almasb.fxgl.minigames.MiniGameService, class com.almasb.fxgl.net.NetService, class com.almasb.fxgl.app.services.UpdaterService, class com.almasb.fxgl.dev.DevService]
16:32:39.495 [FXGL Background Thread 3 ] DEBUG Engine               - fontGame: Abel-Regular.ttf
16:32:39.495 [FXGL Background Thread 3 ] DEBUG Engine               - fontMono: TerminalLandMono-Regular.otf
16:32:39.496 [FXGL Background Thread 3 ] DEBUG Engine               - fontSizeScaleUI: 1.0
16:32:39.496 [FXGL Background Thread 3 ] DEBUG Engine               - fontText: Courier-Prime.ttf
16:32:39.496 [FXGL Background Thread 3 ] DEBUG Engine               - fontUI: VarelaRound-Regular.ttf
16:32:39.496 [FXGL Background Thread 3 ] DEBUG Engine               - fullScreen: BooleanProperty [value: false]
16:32:39.496 [FXGL Background Thread 3 ] DEBUG Engine               - gameDifficulty: MEDIUM
16:32:39.496 [FXGL Background Thread 3 ] DEBUG Engine               - gameDifficultyProperty: ObjectProperty [value: MEDIUM]
16:32:39.496 [FXGL Background Thread 3 ] DEBUG Engine               - globalMusicVolume: 0.5
16:32:39.496 [FXGL Background Thread 3 ] DEBUG Engine               - globalMusicVolumeProperty: DoubleProperty [value: 0.4]
16:32:39.498 [FXGL Background Thread 3 ] DEBUG Engine               - globalSoundVolume: 0.5
16:32:39.498 [FXGL Background Thread 3 ] DEBUG Engine               - globalSoundVolumeProperty: DoubleProperty [value: 0.5]
16:32:39.498 [FXGL Background Thread 3 ] DEBUG Engine               - height: 600
16:32:39.502 [FXGL Background Thread 3 ] DEBUG Engine               - is3D: false
16:32:39.503 [FXGL Background Thread 3 ] DEBUG Engine               - isAndroid: false
16:32:39.510 [FXGL Background Thread 3 ] DEBUG Engine               - isBrowser: false
16:32:39.510 [FXGL Background Thread 3 ] DEBUG Engine               - isClickFeedbackEnabled: false
16:32:39.510 [FXGL Background Thread 3 ] DEBUG Engine               - isCloseConfirmation: false
16:32:39.510 [FXGL Background Thread 3 ] DEBUG Engine               - isDesktop: true
16:32:39.510 [FXGL Background Thread 3 ] DEBUG Engine               - isDeveloperMenuEnabled: false
16:32:39.512 [FXGL Background Thread 3 ] DEBUG Engine               - isEmbedded: false
16:32:39.512 [FXGL Background Thread 3 ] DEBUG Engine               - isEntityPreloadEnabled: true
16:32:39.512 [FXGL Background Thread 3 ] DEBUG Engine               - isExperimentalTiledLargeMap: false
16:32:39.512 [FXGL Background Thread 3 ] DEBUG Engine               - isFileSystemWriteAllowed: true
16:32:39.512 [FXGL Background Thread 3 ] DEBUG Engine               - isFullScreenAllowed: false
16:32:39.512 [FXGL Background Thread 3 ] DEBUG Engine               - isFullScreenFromStart: false
16:32:39.514 [FXGL Background Thread 3 ] DEBUG Engine               - isGameMenuEnabled: true
16:32:39.514 [FXGL Background Thread 3 ] DEBUG Engine               - isIOS: false
16:32:39.514 [FXGL Background Thread 3 ] DEBUG Engine               - isIntroEnabled: false
16:32:39.514 [FXGL Background Thread 3 ] DEBUG Engine               - isLinux: false
16:32:39.514 [FXGL Background Thread 3 ] DEBUG Engine               - isMac: false
16:32:39.514 [FXGL Background Thread 3 ] DEBUG Engine               - isMainMenuEnabled: false
16:32:39.514 [FXGL Background Thread 3 ] DEBUG Engine               - isManualResizeEnabled: false
16:32:39.514 [FXGL Background Thread 3 ] DEBUG Engine               - isMobile: false
16:32:39.514 [FXGL Background Thread 3 ] DEBUG Engine               - isNative: false
16:32:39.514 [FXGL Background Thread 3 ] DEBUG Engine               - isPauseMusicWhenMinimized: true
16:32:39.515 [FXGL Background Thread 3 ] DEBUG Engine               - isPreserveResizeRatio: false
16:32:39.515 [FXGL Background Thread 3 ] DEBUG Engine               - isProfilingEnabled: false
16:32:39.515 [FXGL Background Thread 3 ] DEBUG Engine               - isScaleAffectedOnResize: true
16:32:39.515 [FXGL Background Thread 3 ] DEBUG Engine               - isSingleStep: false
16:32:39.515 [FXGL Background Thread 3 ] DEBUG Engine               - isUserProfileEnabled: false
16:32:39.515 [FXGL Background Thread 3 ] DEBUG Engine               - isWindows: true
16:32:39.515 [FXGL Background Thread 3 ] DEBUG Engine               - language: ObjectProperty [value: ENGLISH]
16:32:39.515 [FXGL Background Thread 3 ] DEBUG Engine               - menuKey: ESCAPE
16:32:39.515 [FXGL Background Thread 3 ] DEBUG Engine               - mouseSensitivity: 0.2
16:32:39.515 [FXGL Background Thread 3 ] DEBUG Engine               - notificationViewClass: class com.almasb.fxgl.notification.view.XboxNotificationView
16:32:39.516 [FXGL Background Thread 3 ] DEBUG Engine               - pixelsPerMeter: 50.0
16:32:39.516 [FXGL Background Thread 3 ] DEBUG Engine               - platform: WINDOWS
16:32:39.516 [FXGL Background Thread 3 ] DEBUG Engine               - prefHeightProperty: ReadOnlyDoubleProperty [value: 600.0]
16:32:39.516 [FXGL Background Thread 3 ] DEBUG Engine               - prefWidthProperty: ReadOnlyDoubleProperty [value: 800.0]
16:32:39.516 [FXGL Background Thread 3 ] DEBUG Engine               - profileDir: profiles/
16:32:39.516 [FXGL Background Thread 3 ] DEBUG Engine               - profileName: StringProperty [value: DEFAULT]
16:32:39.516 [FXGL Background Thread 3 ] DEBUG Engine               - randomSeed: -1
16:32:39.516 [FXGL Background Thread 3 ] DEBUG Engine               - runtimeInfo: RuntimeInfo(platform=WINDOWS, version=21.1, build=26.03.2024 17.33)
16:32:39.516 [FXGL Background Thread 3 ] DEBUG Engine               - saveFileExt: sav
16:32:39.516 [FXGL Background Thread 3 ] DEBUG Engine               - scaledHeightProp$fxgl: DoubleProperty [bound, value: 600.0]
16:32:39.516 [FXGL Background Thread 3 ] DEBUG Engine               - scaledWidthProp$fxgl: DoubleProperty [bound, value: 800.0]
16:32:39.516 [FXGL Background Thread 3 ] DEBUG Engine               - sceneFactory: com.almasb.fxgl.app.scene.SceneFactory@336d5d39
16:32:39.516 [FXGL Background Thread 3 ] DEBUG Engine               - secondsIn24h: 60
16:32:39.516 [FXGL Background Thread 3 ] DEBUG Engine               - soundMenuBack: menu/back.wav
16:32:39.516 [FXGL Background Thread 3 ] DEBUG Engine               - soundMenuPress: menu/press.wav
16:32:39.516 [FXGL Background Thread 3 ] DEBUG Engine               - soundMenuSelect: menu/select.wav
16:32:39.516 [FXGL Background Thread 3 ] DEBUG Engine               - soundNotification: core/notification.wav
16:32:39.516 [FXGL Background Thread 3 ] DEBUG Engine               - stageStyle: DECORATED
16:32:39.516 [FXGL Background Thread 3 ] DEBUG Engine               - supportedLanguages: [ENGLISH, FRENCH, GERMAN, HUNGARIAN, RUSSIAN]
16:32:39.516 [FXGL Background Thread 3 ] DEBUG Engine               - ticksPerSecond: -1
16:32:39.516 [FXGL Background Thread 3 ] DEBUG Engine               - title: Among Us UNEG
16:32:39.516 [FXGL Background Thread 3 ] DEBUG Engine               - urlGithub: https://github.com/AlmasB/FXGL
16:32:39.516 [FXGL Background Thread 3 ] DEBUG Engine               - urlLeaderboard: http://fxgl-top.herokuapp.com/
16:32:39.517 [FXGL Background Thread 3 ] DEBUG Engine               - urlPOM: https://raw.githubusercontent.com/AlmasB/FXGL/release/README.md
16:32:39.517 [FXGL Background Thread 3 ] DEBUG Engine               - userAppClass: class main.java.amongUs.AppPrincipal
16:32:39.517 [FXGL Background Thread 3 ] DEBUG Engine               - version: 0.0
16:32:39.517 [FXGL Background Thread 3 ] DEBUG Engine               - versionCheckDays: 7
16:32:39.517 [FXGL Background Thread 3 ] DEBUG Engine               - width: 800
16:32:39.517 [FXGL Background Thread 3 ] DEBUG Engine               - Logging services
16:32:39.517 [FXGL Background Thread 3 ] DEBUG Engine               - class com.almasb.fxgl.app.services.FXGLAssetLoaderService
16:32:39.517 [FXGL Background Thread 3 ] DEBUG Engine               - class com.almasb.fxgl.app.FXGLApplication$GameApplicationService
16:32:39.517 [FXGL Background Thread 3 ] DEBUG Engine               - class com.almasb.fxgl.app.services.FXGLDialogService
16:32:39.517 [FXGL Background Thread 3 ] DEBUG Engine               - class com.almasb.fxgl.app.services.IOTaskExecutorService
16:32:39.517 [FXGL Background Thread 3 ] DEBUG Engine               - class com.almasb.fxgl.io.FileSystemService
16:32:39.518 [FXGL Background Thread 3 ] DEBUG Engine               - class com.almasb.fxgl.localization.LocalizationService
16:32:39.518 [FXGL Background Thread 3 ] DEBUG Engine               - class com.almasb.fxgl.app.services.SystemBundleService
16:32:39.518 [FXGL Background Thread 3 ] DEBUG Engine               - class com.almasb.fxgl.profile.SaveLoadService
16:32:39.518 [FXGL Background Thread 3 ] DEBUG Engine               - class com.almasb.fxgl.ui.FXGLUIFactoryServiceProvider
16:32:39.518 [FXGL Background Thread 3 ] DEBUG Engine               - class com.almasb.fxgl.ui.FXGLDialogFactoryServiceProvider
16:32:39.518 [FXGL Background Thread 3 ] DEBUG Engine               - class com.almasb.fxgl.audio.AudioPlayer
16:32:39.518 [FXGL Background Thread 3 ] DEBUG Engine               - class com.almasb.fxgl.notification.impl.NotificationServiceProvider
16:32:39.518 [FXGL Background Thread 3 ] DEBUG Engine               - class com.almasb.fxgl.achievement.AchievementService
16:32:39.518 [FXGL Background Thread 3 ] DEBUG Engine               - class com.almasb.fxgl.cutscene.CutsceneService
16:32:39.518 [FXGL Background Thread 3 ] DEBUG Engine               - class com.almasb.fxgl.minigames.MiniGameService
16:32:39.518 [FXGL Background Thread 3 ] DEBUG Engine               - class com.almasb.fxgl.net.NetService
16:32:39.518 [FXGL Background Thread 3 ] DEBUG Engine               - class com.almasb.fxgl.app.services.UpdaterService
16:32:39.518 [FXGL Background Thread 3 ] DEBUG Engine               - class com.almasb.fxgl.dev.DevService
16:32:39.558 [FXGL Background Thread 1 ] INFO  FXGLApplication      - Game initialization took: 2,472 sec
16:32:39.581 [JavaFX Application Thread] DEBUG Input                - Clearing active input actions
16:32:39.601 [JavaFX Application Thread] DEBUG GameApplicationServi - Removing overlay from FXGLLoadingScene and adding to GameScene
16:32:39.602 [JavaFX Application Thread] DEBUG PrimaryStageWindow   - FXGLLoadingScene -> GameScene
16:33:33.795 [JavaFX Application Thread] DEBUG FXGLApplication      - Exiting FXGL
16:33:33.795 [JavaFX Application Thread] DEBUG LoopRunner           - Stopping loop
16:33:33.795 [JavaFX Application Thread] DEBUG SystemBundleService  - Saving FXGL system data
16:33:33.797 [JavaFX Application Thread] DEBUG FileSystemAccess     - Writing to: C:\Users\josue\OneDrive\Desktop\proyecto java\Among Us\system\fxgl.bundle
16:33:33.800 [JavaFX Application Thread] DEBUG Async                - Shutting down background threads
16:33:33.800 [JavaFX Application Thread] DEBUG PrimaryStageWindow   - Closing main window
16:33:33.911 [JavaFX Application Thread] DEBUG Logger               - Closing Logger
