18:48:49.127 [main                     ] DEBUG Logger               - Configured Logger
18:48:49.143 [main                     ] DEBUG GameApplication      - Logging settings
Title: Among Us UNEG
Version: 0.0
Width: 800
Height: 600
Fullscreen: false
Intro: false
Profiling: false
Single step:false
App Mode: DEVELOPER
Menu Key: ESCAPE
Stage Style: DECORATED
Scene Factory: class com.almasb.fxgl.app.scene.SceneFactory

18:48:50.052 [JavaFX Application Thread] DEBUG FXGLApplication      - Initializing FXGL
18:48:50.062 [JavaFX Application Thread] INFO  Engine               - FXGL-21.1 (26.03.2024 17.33) on WINDOWS (J:25.0.2 FX:21.0.1)
18:48:50.063 [JavaFX Application Thread] DEBUG Engine               - JRE Vendor Name: Oracle Corporation
18:48:50.063 [JavaFX Application Thread] DEBUG Engine               - Running on OS: Windows 11 version 10.0
18:48:50.063 [JavaFX Application Thread] DEBUG Engine               - Architecture: amd64
18:48:50.063 [JavaFX Application Thread] INFO  Engine               - Source code and latest versions at: https://github.com/AlmasB/FXGL
18:48:50.063 [JavaFX Application Thread] INFO  Engine               -       Ask questions and discuss at: https://github.com/AlmasB/FXGL/discussions
18:48:50.063 [JavaFX Application Thread] INFO  Engine               -              Join the FXGL chat at: https://gitter.im/AlmasB/FXGL
18:48:50.273 [JavaFX Application Thread] DEBUG PrimaryStageWindow   - Creating a JavaFX scene
18:48:50.420 [JavaFX Application Thread] DEBUG PrimaryStageWindow   - Target settings size: 800.0 x 600.0
18:48:50.420 [JavaFX Application Thread] DEBUG PrimaryStageWindow   - Scaled scene size:    800.0 x 600.0
18:48:50.421 [JavaFX Application Thread] DEBUG PrimaryStageWindow   - Scaled ratio: (1.0, 1.0)
18:48:50.423 [JavaFX Application Thread] DEBUG PrimaryStageWindow   - Set initial scene to FXGLStartupScene
18:48:50.430 [JavaFX Application Thread] DEBUG PrimaryStageWindow   - Opening main window
18:48:50.637 [JavaFX Application Thread] DEBUG PrimaryStageWindow   - Window border size: (16.0, 39.0)
18:48:50.637 [JavaFX Application Thread] DEBUG PrimaryStageWindow   - Scaled size: 800.0 x 600.0
18:48:50.637 [JavaFX Application Thread] DEBUG PrimaryStageWindow   - Scaled ratio: (1.0, 1.0)
18:48:50.637 [JavaFX Application Thread] DEBUG PrimaryStageWindow   - Scene size: 800.0 x 600.0
18:48:50.637 [JavaFX Application Thread] DEBUG PrimaryStageWindow   - Stage size: 816.0 x 639.0
18:48:50.700 [FXGL Background Thread 1 ] DEBUG Engine               - Initializing environment variables
18:48:50.858 [FXGL Background Thread 1 ] DEBUG FXGLAssetLoaderServi - User app class for loading assets: class main.java.amongUs.AppPrincipal
18:48:50.858 [FXGL Background Thread 1 ] DEBUG GameApplicationServi - Applying CSS: fxgl_dark.css
18:48:50.859 [FXGL Background Thread 1 ] DEBUG FXGLAssetLoaderServi - Loading from file system: jar:file:/C:/Users/josue/OneDrive/Desktop/proyecto%20java/Among%20Us/lib/fxgl-21.1-uber.jar!/fxglassets/ui/css/fxgl_dark.css
18:48:51.025 [FXGL Background Thread 1 ] DEBUG GameApplicationServi - Initializing application scenes
18:48:51.235 [FXGL Background Thread 1 ] DEBUG GameWorld            - Game world initialized
18:48:51.328 [FXGL Background Thread 1 ] DEBUG PhysicsWorld         - Physics world initialized: appHeight=600, physics.ppm=50,0
18:48:51.328 [FXGL Background Thread 1 ] DEBUG PhysicsWorld         - Using strategy: BRUTE_FORCE
18:48:51.334 [FXGL Background Thread 1 ] DEBUG GameScene            - Game scene initialized: 800x600
18:48:51.355 [FXGL Background Thread 1 ] DEBUG FXGL.DefaultMenu     - createMenuBodyGameMenu()
18:48:51.382 [FXGL Background Thread 1 ] DEBUG FXGL.DefaultMenu     - createOptionsMenu()
18:48:51.403 [FXGL Background Thread 1 ] DEBUG FXGLAssetLoaderServi - Loading from file system: jar:file:/C:/Users/josue/OneDrive/Desktop/proyecto%20java/Among%20Us/lib/fxgl-21.1-uber.jar!/fxglassets/textures/particles/smoke.png
18:48:51.590 [FXGL Background Thread 1 ] DEBUG FXGLAssetLoaderServi - Loading from file system: jar:file:/C:/Users/josue/OneDrive/Desktop/proyecto%20java/Among%20Us/lib/fxgl-21.1-uber.jar!/fxglassets/textures/particles/trace_horizontal.png
18:48:51.641 [FXGL Background Thread 1 ] DEBUG GameApplicationServi - Application scenes initialized
18:48:51.672 [FXGL Background Thread 1 ] DEBUG SystemBundleService  - Loading FXGL system data
18:48:51.684 [FXGL Background Thread 1 ] DEBUG FileSystemAccess     - Reading from: C:\Users\josue\OneDrive\Desktop\proyecto java\Among Us\system\fxgl.bundle
18:48:51.696 [FXGL Background Thread 1 ] DEBUG SystemBundleService  - Bundle FXGL: {}
18:48:51.696 [FXGL Background Thread 1 ] DEBUG UpdaterService       - Checking for updates
18:48:51.706 [FXGL Background Thread 1 ] DEBUG FXGLApplication      - Loading default localization
18:48:51.706 [FXGL Background Thread 1 ] DEBUG FXGLAssetLoaderServi - Loading from file system: jar:file:/C:/Users/josue/OneDrive/Desktop/proyecto%20java/Among%20Us/lib/fxgl-21.1-uber.jar!/fxglassets/languages/english.lang
18:48:51.733 [FXGL Background Thread 1 ] INFO  FXGLApplication      - FXGL initialization took: 1,034 sec
18:48:51.743 [FXGL Background Thread 4 ] DEBUG FXGLApplication      - Loading fonts
18:48:51.745 [FXGL Background Thread 4 ] DEBUG FXGLAssetLoaderServi - Loading from file system: jar:file:/C:/Users/josue/OneDrive/Desktop/proyecto%20java/Among%20Us/lib/fxgl-21.1-uber.jar!/fxglassets/ui/fonts/VarelaRound-Regular.ttf
18:48:51.748 [JavaFX Application Thread] DEBUG Input                - Registered new binding: Mover Arriba - W
18:48:51.749 [JavaFX Application Thread] DEBUG Input                - Registered new binding: Mover Abajo - S
18:48:51.749 [JavaFX Application Thread] DEBUG Input                - Registered new binding: Mover Izquierda - A
18:48:51.749 [JavaFX Application Thread] DEBUG Input                - Registered new binding: Mover Derecha - D
18:48:51.750 [JavaFX Application Thread] DEBUG Input                - Registered new binding: Abrir Camaras - C
18:48:51.750 [JavaFX Application Thread] DEBUG Input                - Registered new binding: Usar Alcantarilla - Space
18:48:51.750 [JavaFX Application Thread] DEBUG Input                - Registered new binding: Vent Izquierda - Left
18:48:51.750 [JavaFX Application Thread] DEBUG Input                - Registered new binding: Vent Derecha - Right
18:48:51.750 [JavaFX Application Thread] DEBUG Input                - Registered new binding: Vent Arriba - Up
18:48:51.750 [JavaFX Application Thread] DEBUG Input                - Registered new binding: Vent Abajo - Down
18:48:51.750 [JavaFX Application Thread] DEBUG Input                - Registered new binding: Matar Jugador - Q
18:48:51.751 [JavaFX Application Thread] DEBUG Input                - Registered new binding: Reportar Cadaver - R
18:48:51.751 [JavaFX Application Thread] DEBUG FXGLAssetLoaderServi - Loading from file system: file:/C:/Users/josue/OneDrive/Desktop/proyecto%20java/Among%20Us/out/production/Among%20Us/assets/textures/icono.png
18:48:51.876 [JavaFX Application Thread] DEBUG FXGLAssetLoaderServi - Loading from file system: jar:file:/C:/Users/josue/OneDrive/Desktop/proyecto%20java/Among%20Us/lib/fxgl-21.1-uber.jar!/fxglassets/textures/fxgl_default_cursor.png
18:48:51.891 [JavaFX Application Thread] DEBUG Input                - Registered new binding: Screenshot - CTRL+8
18:48:51.916 [JavaFX Application Thread] DEBUG Input                - Registered new binding: System info dump - CTRL+9
18:48:51.918 [JavaFX Application Thread] DEBUG Input                - Registered new binding: Restart - CTRL+R
18:48:51.937 [JavaFX Application Thread] DEBUG Input                - Registered new binding: Toggle Debug Camera - CTRL+7
18:48:51.946 [JavaFX Application Thread] DEBUG LoopRunner           - Starting loop
18:48:51.949 [JavaFX Application Thread] DEBUG LoopRunner           - Initializing JavaFX AnimationTimerLoop
18:48:51.957 [JavaFX Application Thread] DEBUG GameApplicationServi - Starting new game
18:48:51.958 [JavaFX Application Thread] DEBUG Input                - Clearing active input actions
18:48:52.465 [JavaFX Application Thread] DEBUG GameApplicationServi - Removing overlay from FXGLStartupScene and adding to FXGLLoadingScene
18:48:52.467 [JavaFX Application Thread] DEBUG PrimaryStageWindow   - FXGLStartupScene -> FXGLLoadingScene
18:48:52.467 [JavaFX Application Thread] DEBUG GameApplicationServi - Clearing previous game
18:48:52.467 [JavaFX Application Thread] DEBUG GameScene            - Clearing game scene
18:48:52.468 [JavaFX Application Thread] DEBUG GameWorld            - Clearing game world
18:48:52.468 [JavaFX Application Thread] DEBUG PhysicsWorld         - Clearing physics world
18:48:52.471 [FXGL Background Thread 1 ] DEBUG FXGLApplication      - Initializing game
18:48:52.488 [FXGL Background Thread 1 ] DEBUG FXGLAssetLoaderServi - Loading from file system: file:/C:/Users/josue/OneDrive/Desktop/proyecto%20java/Among%20Us/out/production/Among%20Us/assets/music/musicaMenu.mp3
18:48:52.867 [FXGL Background Thread 1 ] DEBUG AudioPlayer          - Playing music com.almasb.fxgl.audio.Music@6346873
18:48:53.477 [FXGL Background Thread 4 ] DEBUG FXGLAssetLoaderServi - Loading from file system: jar:file:/C:/Users/josue/OneDrive/Desktop/proyecto%20java/Among%20Us/lib/fxgl-21.1-uber.jar!/fxglassets/ui/fonts/Abel-Regular.ttf
18:48:53.496 [FXGL Background Thread 4 ] DEBUG FXGLAssetLoaderServi - Loading from file system: jar:file:/C:/Users/josue/OneDrive/Desktop/proyecto%20java/Among%20Us/lib/fxgl-21.1-uber.jar!/fxglassets/ui/fonts/TerminalLandMono-Regular.otf
18:48:53.530 [FXGL Background Thread 4 ] DEBUG FXGLAssetLoaderServi - Loading from file system: jar:file:/C:/Users/josue/OneDrive/Desktop/proyecto%20java/Among%20Us/lib/fxgl-21.1-uber.jar!/fxglassets/ui/fonts/Courier-Prime.ttf
18:48:54.130 [FXGL Background Thread 1 ] INFO  FXGLApplication      - Game initialization took: 1,659 sec
18:48:54.258 [FXGL Background Thread 2 ] INFO  UpdaterService       - Your current version:  21.1
18:48:54.258 [FXGL Background Thread 2 ] INFO  UpdaterService       - Latest stable version: 25
18:48:54.297 [JavaFX Application Thread] DEBUG FXGLApplication      - Registering font factories with UI factory
18:48:54.301 [JavaFX Application Thread] DEBUG Input                - Clearing active input actions
18:48:54.328 [JavaFX Application Thread] DEBUG GameApplicationServi - Removing overlay from FXGLLoadingScene and adding to GameScene
18:48:54.328 [JavaFX Application Thread] DEBUG PrimaryStageWindow   - FXGLLoadingScene -> GameScene
18:48:54.700 [FXGL Background Thread 3 ] DEBUG Engine               - Logging environment variables
18:48:54.703 [FXGL Background Thread 3 ] DEBUG Engine               - achievements: []
18:48:54.703 [FXGL Background Thread 3 ] DEBUG Engine               - actualHeight: 600.0
18:48:54.706 [FXGL Background Thread 3 ] DEBUG Engine               - actualHeightProperty: ReadOnlyDoubleProperty [value: 600.0]
18:48:54.706 [FXGL Background Thread 3 ] DEBUG Engine               - actualWidth: 800.0
18:48:54.706 [FXGL Background Thread 3 ] DEBUG Engine               - actualWidthProperty: ReadOnlyDoubleProperty [value: 800.0]
18:48:54.706 [FXGL Background Thread 3 ] DEBUG Engine               - appIcon: icono.png
18:48:54.706 [FXGL Background Thread 3 ] DEBUG Engine               - applicationMode: DEVELOPER
18:48:54.706 [FXGL Background Thread 3 ] DEBUG Engine               - cSSList: [fxgl_dark.css]
18:48:54.706 [FXGL Background Thread 3 ] DEBUG Engine               - collisionDetectionStrategy: BRUTE_FORCE
18:48:54.706 [FXGL Background Thread 3 ] DEBUG Engine               - configClass: Optional.empty
18:48:54.706 [FXGL Background Thread 3 ] DEBUG Engine               - credits: []
18:48:54.707 [FXGL Background Thread 3 ] DEBUG Engine               - defaultCursor: CursorInfo(imageName=fxgl_default_cursor.png, hotspotX=7.0, hotspotY=6.0)
18:48:54.707 [FXGL Background Thread 3 ] DEBUG Engine               - devBBoxColorProperty: ObjectProperty [value: 0xff0000ff]
18:48:54.707 [FXGL Background Thread 3 ] DEBUG Engine               - devEnableDebugCameraProperty: BooleanProperty [value: false]
18:48:54.707 [FXGL Background Thread 3 ] DEBUG Engine               - devSensorColorProperty: ObjectProperty [value: 0xffff00ff]
18:48:54.707 [FXGL Background Thread 3 ] DEBUG Engine               - devShowBBoxProperty: BooleanProperty [value: false]
18:48:54.707 [FXGL Background Thread 3 ] DEBUG Engine               - devShowPositionProperty: BooleanProperty [value: false]
18:48:54.707 [FXGL Background Thread 3 ] DEBUG Engine               - enabledMenuItems: []
18:48:54.707 [FXGL Background Thread 3 ] DEBUG Engine               - engineServices: [class com.almasb.fxgl.app.services.FXGLAssetLoaderService, class com.almasb.fxgl.app.FXGLApplication$GameApplicationService, class com.almasb.fxgl.app.services.FXGLDialogService, class com.almasb.fxgl.app.services.IOTaskExecutorService, class com.almasb.fxgl.io.FileSystemService, class com.almasb.fxgl.localization.LocalizationService, class com.almasb.fxgl.app.services.SystemBundleService, class com.almasb.fxgl.profile.SaveLoadService, class com.almasb.fxgl.ui.FXGLUIFactoryServiceProvider, class com.almasb.fxgl.ui.FXGLDialogFactoryServiceProvider, class com.almasb.fxgl.audio.AudioPlayer, class com.almasb.fxgl.notification.impl.NotificationServiceProvider, class com.almasb.fxgl.achievement.AchievementService, class com.almasb.fxgl.cutscene.CutsceneService, class com.almasb.fxgl.minigames.MiniGameService, class com.almasb.fxgl.net.NetService, class com.almasb.fxgl.app.services.UpdaterService, class com.almasb.fxgl.dev.DevService]
18:48:54.707 [FXGL Background Thread 3 ] DEBUG Engine               - fontGame: Abel-Regular.ttf
18:48:54.707 [FXGL Background Thread 3 ] DEBUG Engine               - fontMono: TerminalLandMono-Regular.otf
18:48:54.707 [FXGL Background Thread 3 ] DEBUG Engine               - fontSizeScaleUI: 1.0
18:48:54.708 [FXGL Background Thread 3 ] DEBUG Engine               - fontText: Courier-Prime.ttf
18:48:54.708 [FXGL Background Thread 3 ] DEBUG Engine               - fontUI: VarelaRound-Regular.ttf
18:48:54.708 [FXGL Background Thread 3 ] DEBUG Engine               - fullScreen: BooleanProperty [value: false]
18:48:54.708 [FXGL Background Thread 3 ] DEBUG Engine               - gameDifficulty: MEDIUM
18:48:54.708 [FXGL Background Thread 3 ] DEBUG Engine               - gameDifficultyProperty: ObjectProperty [value: MEDIUM]
18:48:54.708 [FXGL Background Thread 3 ] DEBUG Engine               - globalMusicVolume: 0.5
18:48:54.708 [FXGL Background Thread 3 ] DEBUG Engine               - globalMusicVolumeProperty: DoubleProperty [value: 0.4]
18:48:54.708 [FXGL Background Thread 3 ] DEBUG Engine               - globalSoundVolume: 0.5
18:48:54.708 [FXGL Background Thread 3 ] DEBUG Engine               - globalSoundVolumeProperty: DoubleProperty [value: 0.5]
18:48:54.708 [FXGL Background Thread 3 ] DEBUG Engine               - height: 600
18:48:54.708 [FXGL Background Thread 3 ] DEBUG Engine               - is3D: false
18:48:54.708 [FXGL Background Thread 3 ] DEBUG Engine               - isAndroid: false
18:48:54.708 [FXGL Background Thread 3 ] DEBUG Engine               - isBrowser: false
18:48:54.708 [FXGL Background Thread 3 ] DEBUG Engine               - isClickFeedbackEnabled: false
18:48:54.708 [FXGL Background Thread 3 ] DEBUG Engine               - isCloseConfirmation: false
18:48:54.708 [FXGL Background Thread 3 ] DEBUG Engine               - isDesktop: true
18:48:54.708 [FXGL Background Thread 3 ] DEBUG Engine               - isDeveloperMenuEnabled: false
18:48:54.708 [FXGL Background Thread 3 ] DEBUG Engine               - isEmbedded: false
18:48:54.708 [FXGL Background Thread 3 ] DEBUG Engine               - isEntityPreloadEnabled: true
18:48:54.708 [FXGL Background Thread 3 ] DEBUG Engine               - isExperimentalTiledLargeMap: false
18:48:54.709 [FXGL Background Thread 3 ] DEBUG Engine               - isFileSystemWriteAllowed: true
18:48:54.709 [FXGL Background Thread 3 ] DEBUG Engine               - isFullScreenAllowed: false
18:48:54.709 [FXGL Background Thread 3 ] DEBUG Engine               - isFullScreenFromStart: false
18:48:54.709 [FXGL Background Thread 3 ] DEBUG Engine               - isGameMenuEnabled: true
18:48:54.709 [FXGL Background Thread 3 ] DEBUG Engine               - isIOS: false
18:48:54.709 [FXGL Background Thread 3 ] DEBUG Engine               - isIntroEnabled: false
18:48:54.709 [FXGL Background Thread 3 ] DEBUG Engine               - isLinux: false
18:48:54.709 [FXGL Background Thread 3 ] DEBUG Engine               - isMac: false
18:48:54.709 [FXGL Background Thread 3 ] DEBUG Engine               - isMainMenuEnabled: false
18:48:54.709 [FXGL Background Thread 3 ] DEBUG Engine               - isManualResizeEnabled: false
18:48:54.709 [FXGL Background Thread 3 ] DEBUG Engine               - isMobile: false
18:48:54.710 [FXGL Background Thread 3 ] DEBUG Engine               - isNative: false
18:48:54.710 [FXGL Background Thread 3 ] DEBUG Engine               - isPauseMusicWhenMinimized: true
18:48:54.710 [FXGL Background Thread 3 ] DEBUG Engine               - isPreserveResizeRatio: false
18:48:54.710 [FXGL Background Thread 3 ] DEBUG Engine               - isProfilingEnabled: false
18:48:54.710 [FXGL Background Thread 3 ] DEBUG Engine               - isScaleAffectedOnResize: true
18:48:54.710 [FXGL Background Thread 3 ] DEBUG Engine               - isSingleStep: false
18:48:54.710 [FXGL Background Thread 3 ] DEBUG Engine               - isUserProfileEnabled: false
18:48:54.710 [FXGL Background Thread 3 ] DEBUG Engine               - isWindows: true
18:48:54.710 [FXGL Background Thread 3 ] DEBUG Engine               - language: ObjectProperty [value: ENGLISH]
18:48:54.710 [FXGL Background Thread 3 ] DEBUG Engine               - menuKey: ESCAPE
18:48:54.710 [FXGL Background Thread 3 ] DEBUG Engine               - mouseSensitivity: 0.2
18:48:54.710 [FXGL Background Thread 3 ] DEBUG Engine               - notificationViewClass: class com.almasb.fxgl.notification.view.XboxNotificationView
18:48:54.710 [FXGL Background Thread 3 ] DEBUG Engine               - pixelsPerMeter: 50.0
18:48:54.710 [FXGL Background Thread 3 ] DEBUG Engine               - platform: WINDOWS
18:48:54.710 [FXGL Background Thread 3 ] DEBUG Engine               - prefHeightProperty: ReadOnlyDoubleProperty [value: 600.0]
18:48:54.710 [FXGL Background Thread 3 ] DEBUG Engine               - prefWidthProperty: ReadOnlyDoubleProperty [value: 800.0]
18:48:54.710 [FXGL Background Thread 3 ] DEBUG Engine               - profileDir: profiles/
18:48:54.711 [FXGL Background Thread 3 ] DEBUG Engine               - profileName: StringProperty [value: DEFAULT]
18:48:54.711 [FXGL Background Thread 3 ] DEBUG Engine               - randomSeed: -1
18:48:54.711 [FXGL Background Thread 3 ] DEBUG Engine               - runtimeInfo: RuntimeInfo(platform=WINDOWS, version=21.1, build=26.03.2024 17.33)
18:48:54.711 [FXGL Background Thread 3 ] DEBUG Engine               - saveFileExt: sav
18:48:54.711 [FXGL Background Thread 3 ] DEBUG Engine               - scaledHeightProp$fxgl: DoubleProperty [bound, value: 600.0]
18:48:54.711 [FXGL Background Thread 3 ] DEBUG Engine               - scaledWidthProp$fxgl: DoubleProperty [bound, value: 800.0]
18:48:54.712 [FXGL Background Thread 3 ] DEBUG Engine               - sceneFactory: com.almasb.fxgl.app.scene.SceneFactory@2bed4566
18:48:54.712 [FXGL Background Thread 3 ] DEBUG Engine               - secondsIn24h: 60
18:48:54.713 [FXGL Background Thread 3 ] DEBUG Engine               - soundMenuBack: menu/back.wav
18:48:54.713 [FXGL Background Thread 3 ] DEBUG Engine               - soundMenuPress: menu/press.wav
18:48:54.713 [FXGL Background Thread 3 ] DEBUG Engine               - soundMenuSelect: menu/select.wav
18:48:54.713 [FXGL Background Thread 3 ] DEBUG Engine               - soundNotification: core/notification.wav
18:48:54.713 [FXGL Background Thread 3 ] DEBUG Engine               - stageStyle: DECORATED
18:48:54.714 [FXGL Background Thread 3 ] DEBUG Engine               - supportedLanguages: [ENGLISH, FRENCH, GERMAN, HUNGARIAN, RUSSIAN]
18:48:54.715 [FXGL Background Thread 3 ] DEBUG Engine               - ticksPerSecond: -1
18:48:54.716 [FXGL Background Thread 3 ] DEBUG Engine               - title: Among Us UNEG
18:48:54.716 [FXGL Background Thread 3 ] DEBUG Engine               - urlGithub: https://github.com/AlmasB/FXGL
18:48:54.716 [FXGL Background Thread 3 ] DEBUG Engine               - urlLeaderboard: http://fxgl-top.herokuapp.com/
18:48:54.716 [FXGL Background Thread 3 ] DEBUG Engine               - urlPOM: https://raw.githubusercontent.com/AlmasB/FXGL/release/README.md
18:48:54.716 [FXGL Background Thread 3 ] DEBUG Engine               - userAppClass: class main.java.amongUs.AppPrincipal
18:48:54.716 [FXGL Background Thread 3 ] DEBUG Engine               - version: 0.0
18:48:54.716 [FXGL Background Thread 3 ] DEBUG Engine               - versionCheckDays: 7
18:48:54.716 [FXGL Background Thread 3 ] DEBUG Engine               - width: 800
18:48:54.716 [FXGL Background Thread 3 ] DEBUG Engine               - Logging services
18:48:54.716 [FXGL Background Thread 3 ] DEBUG Engine               - class com.almasb.fxgl.app.services.FXGLAssetLoaderService
18:48:54.716 [FXGL Background Thread 3 ] DEBUG Engine               - class com.almasb.fxgl.app.FXGLApplication$GameApplicationService
18:48:54.718 [FXGL Background Thread 3 ] DEBUG Engine               - class com.almasb.fxgl.app.services.FXGLDialogService
18:48:54.718 [FXGL Background Thread 3 ] DEBUG Engine               - class com.almasb.fxgl.app.services.IOTaskExecutorService
18:48:54.718 [FXGL Background Thread 3 ] DEBUG Engine               - class com.almasb.fxgl.io.FileSystemService
18:48:54.718 [FXGL Background Thread 3 ] DEBUG Engine               - class com.almasb.fxgl.localization.LocalizationService
18:48:54.718 [FXGL Background Thread 3 ] DEBUG Engine               - class com.almasb.fxgl.app.services.SystemBundleService
18:48:54.718 [FXGL Background Thread 3 ] DEBUG Engine               - class com.almasb.fxgl.profile.SaveLoadService
18:48:54.718 [FXGL Background Thread 3 ] DEBUG Engine               - class com.almasb.fxgl.ui.FXGLUIFactoryServiceProvider
18:48:54.718 [FXGL Background Thread 3 ] DEBUG Engine               - class com.almasb.fxgl.ui.FXGLDialogFactoryServiceProvider
18:48:54.718 [FXGL Background Thread 3 ] DEBUG Engine               - class com.almasb.fxgl.audio.AudioPlayer
18:48:54.718 [FXGL Background Thread 3 ] DEBUG Engine               - class com.almasb.fxgl.notification.impl.NotificationServiceProvider
18:48:54.718 [FXGL Background Thread 3 ] DEBUG Engine               - class com.almasb.fxgl.achievement.AchievementService
18:48:54.718 [FXGL Background Thread 3 ] DEBUG Engine               - class com.almasb.fxgl.cutscene.CutsceneService
18:48:54.718 [FXGL Background Thread 3 ] DEBUG Engine               - class com.almasb.fxgl.minigames.MiniGameService
18:48:54.718 [FXGL Background Thread 3 ] DEBUG Engine               - class com.almasb.fxgl.net.NetService
18:48:54.718 [FXGL Background Thread 3 ] DEBUG Engine               - class com.almasb.fxgl.app.services.UpdaterService
18:48:54.718 [FXGL Background Thread 3 ] DEBUG Engine               - class com.almasb.fxgl.dev.DevService
18:48:55.138 [JavaFX Application Thread] DEBUG FXGLAssetLoaderServi - Loading from file system: file:/C:/Users/josue/OneDrive/Desktop/proyecto%20java/Among%20Us/out/production/Among%20Us/assets/sounds/clickBoton.wav
18:49:03.004 [JavaFX Application Thread] DEBUG FXGLAssetLoaderServi - Loading from file system: file:/C:/Users/josue/OneDrive/Desktop/proyecto%20java/Among%20Us/out/production/Among%20Us/assets/textures/tripulante_blanco.png
18:49:03.006 [JavaFX Application Thread] DEBUG FXGLAssetLoaderServi - Loading from file system: file:/C:/Users/josue/OneDrive/Desktop/proyecto%20java/Among%20Us/out/production/Among%20Us/assets/textures/tripulante_negro.png
18:49:31.944 [JavaFX Application Thread] DEBUG FXGLAssetLoaderServi - Loading from file system: file:/C:/Users/josue/OneDrive/Desktop/proyecto%20java/Among%20Us/out/production/Among%20Us/assets/textures/tripulante_marron.png
18:49:35.227 [JavaFX Application Thread] DEBUG FXGLAssetLoaderServi - Loading from file system: file:/C:/Users/josue/OneDrive/Desktop/proyecto%20java/Among%20Us/out/production/Among%20Us/assets/textures/tripulante_rojo.png
18:49:52.163 [JavaFX Application Thread] WARN  TMXLevelLoader       - TiledMap generated from 1.11.2. Supported version: 1.9.0. Some features may not be parsed fully.
18:49:52.278 [JavaFX Application Thread] DEBUG TMXLevelLoader       - Parsed TiledMap: file:/C:/Users/josue/OneDrive/Desktop/proyecto%20java/Among%20Us/out/production/Among%20Us/assets/levels/mapa2.tmx
18:49:52.278 [JavaFX Application Thread] DEBUG TMXLevelLoader       - Creating tile layer entities
18:49:52.282 [JavaFX Application Thread] DEBUG TilesetLoader        - Loading view for layer fondo1
18:49:52.283 [JavaFX Application Thread] DEBUG TilesetLoader        - Created buffer with size 992.0x960.0
18:49:52.313 [JavaFX Application Thread] DEBUG TilesetLoader        - Loading view for layer fondo
18:49:52.314 [JavaFX Application Thread] DEBUG TilesetLoader        - Created buffer with size 992.0x960.0
18:49:52.321 [JavaFX Application Thread] DEBUG TilesetLoader        - Loading view for layer piso
18:49:52.321 [JavaFX Application Thread] DEBUG TilesetLoader        - Created buffer with size 992.0x960.0
18:49:52.327 [JavaFX Application Thread] DEBUG TilesetLoader        - Loading view for layer piso1
18:49:52.329 [JavaFX Application Thread] DEBUG TilesetLoader        - Created buffer with size 992.0x960.0
18:49:52.366 [JavaFX Application Thread] DEBUG TilesetLoader        - Loading view for layer izquierda
18:49:52.367 [JavaFX Application Thread] DEBUG TilesetLoader        - Created buffer with size 992.0x960.0
18:49:52.379 [JavaFX Application Thread] DEBUG TilesetLoader        - Loading view for layer detallesatraspared
18:49:52.383 [JavaFX Application Thread] DEBUG TilesetLoader        - Created buffer with size 992.0x960.0
18:49:52.428 [JavaFX Application Thread] DEBUG TilesetLoader        - Loading view for layer pared2
18:49:52.429 [JavaFX Application Thread] DEBUG TilesetLoader        - Created buffer with size 992.0x960.0
18:49:52.481 [JavaFX Application Thread] DEBUG TilesetLoader        - Loading view for layer techo1
18:49:52.482 [JavaFX Application Thread] DEBUG TilesetLoader        - Created buffer with size 992.0x960.0
18:49:52.485 [JavaFX Application Thread] DEBUG TilesetLoader        - Loading view for layer techo2
18:49:52.487 [JavaFX Application Thread] DEBUG TilesetLoader        - Created buffer with size 992.0x960.0
18:49:52.494 [JavaFX Application Thread] DEBUG TilesetLoader        - Loading view for layer puertita
18:49:52.497 [JavaFX Application Thread] DEBUG TilesetLoader        - Created buffer with size 992.0x960.0
18:49:52.498 [JavaFX Application Thread] DEBUG TilesetLoader        - Loading view for layer puerta
18:49:52.498 [JavaFX Application Thread] DEBUG TilesetLoader        - Created buffer with size 992.0x960.0
18:49:52.501 [JavaFX Application Thread] DEBUG TilesetLoader        - Loading view for layer detalles
18:49:52.502 [JavaFX Application Thread] DEBUG TilesetLoader        - Created buffer with size 992.0x960.0
18:49:52.531 [JavaFX Application Thread] DEBUG TilesetLoader        - Loading view for layer detalles 2
18:49:52.531 [JavaFX Application Thread] DEBUG TilesetLoader        - Created buffer with size 992.0x960.0
18:49:52.550 [JavaFX Application Thread] DEBUG TilesetLoader        - Loading view for layer detalles3
18:49:52.550 [JavaFX Application Thread] DEBUG TilesetLoader        - Created buffer with size 992.0x960.0
18:49:52.593 [JavaFX Application Thread] DEBUG TilesetLoader        - Loading view for layer grieta
18:49:52.593 [JavaFX Application Thread] DEBUG TilesetLoader        - Created buffer with size 992.0x960.0
18:49:52.596 [JavaFX Application Thread] DEBUG TilesetLoader        - Loading view for layer camaras
18:49:52.596 [JavaFX Application Thread] DEBUG TilesetLoader        - Created buffer with size 992.0x960.0
18:49:52.600 [JavaFX Application Thread] DEBUG TilesetLoader        - Loading view for layer Techo
18:49:52.600 [JavaFX Application Thread] DEBUG TilesetLoader        - Created buffer with size 992.0x960.0
18:49:52.602 [JavaFX Application Thread] DEBUG TMXLevelLoader       - Creating object layer entities
18:49:53.497 [JavaFX Application Thread] DEBUG GameWorld            - Clearing removable entities
18:49:53.501 [JavaFX Application Thread] DEBUG GameWorld            - Setting level: com.almasb.fxgl.entity.level.Level@6ce79bb3
18:49:53.836 [JavaFX Application Thread] DEBUG FXGLAssetLoaderServi - Loading from file system: file:/C:/Users/josue/OneDrive/Desktop/proyecto%20java/Among%20Us/out/production/Among%20Us/assets/textures/MonitorDeCamaras.png
18:49:53.861 [JavaFX Application Thread] DEBUG FXGLAssetLoaderServi - Loading from file system: file:/C:/Users/josue/OneDrive/Desktop/proyecto%20java/Among%20Us/out/production/Among%20Us/assets/textures/flechaAmarillaIzq.png
18:49:53.863 [JavaFX Application Thread] DEBUG FXGLAssetLoaderServi - Loading from file system: file:/C:/Users/josue/OneDrive/Desktop/proyecto%20java/Among%20Us/out/production/Among%20Us/assets/textures/flechaAmarillaDer.png
18:49:53.888 [JavaFX Application Thread] DEBUG FXGLAssetLoaderServi - Loading from file system: file:/C:/Users/josue/OneDrive/Desktop/proyecto%20java/Among%20Us/out/production/Among%20Us/assets/textures/animacion_fantasma.png
18:49:53.892 [JavaFX Application Thread] DEBUG FXGLAssetLoaderServi - Loading from file system: file:/C:/Users/josue/OneDrive/Desktop/proyecto%20java/Among%20Us/out/production/Among%20Us/assets/textures/blanco_muerto.png
18:49:53.893 [JavaFX Application Thread] DEBUG FXGLAssetLoaderServi - Loading from file system: file:/C:/Users/josue/OneDrive/Desktop/proyecto%20java/Among%20Us/out/production/Among%20Us/assets/textures/animacion_blanco.png
18:49:53.896 [JavaFX Application Thread] DEBUG FXGLAssetLoaderServi - Loading from file system: file:/C:/Users/josue/OneDrive/Desktop/proyecto%20java/Among%20Us/out/production/Among%20Us/assets/textures/alcantarilla_blanco.png
18:49:53.897 [JavaFX Application Thread] DEBUG FXGLAssetLoaderServi - Loading from file system: file:/C:/Users/josue/OneDrive/Desktop/proyecto%20java/Among%20Us/out/production/Among%20Us/assets/textures/alcantarilla_blancoE.png
18:49:53.911 [JavaFX Application Thread] DEBUG FXGLAssetLoaderServi - Loading from file system: file:/C:/Users/josue/OneDrive/Desktop/proyecto%20java/Among%20Us/out/production/Among%20Us/assets/textures/negro_muerto.png
18:49:53.912 [JavaFX Application Thread] DEBUG FXGLAssetLoaderServi - Loading from file system: file:/C:/Users/josue/OneDrive/Desktop/proyecto%20java/Among%20Us/out/production/Among%20Us/assets/textures/animacion_negro.png
18:49:53.913 [JavaFX Application Thread] DEBUG FXGLAssetLoaderServi - Loading from file system: file:/C:/Users/josue/OneDrive/Desktop/proyecto%20java/Among%20Us/out/production/Among%20Us/assets/textures/alcantarilla_negro.png
18:49:53.915 [JavaFX Application Thread] DEBUG FXGLAssetLoaderServi - Loading from file system: file:/C:/Users/josue/OneDrive/Desktop/proyecto%20java/Among%20Us/out/production/Among%20Us/assets/textures/alcantarilla_negroE.png
18:49:53.927 [JavaFX Application Thread] DEBUG FXGLAssetLoaderServi - Loading from file system: file:/C:/Users/josue/OneDrive/Desktop/proyecto%20java/Among%20Us/out/production/Among%20Us/assets/textures/rojo_muerto.png
18:49:53.929 [JavaFX Application Thread] DEBUG FXGLAssetLoaderServi - Loading from file system: file:/C:/Users/josue/OneDrive/Desktop/proyecto%20java/Among%20Us/out/production/Among%20Us/assets/textures/animacion_rojo.png
18:49:53.930 [JavaFX Application Thread] DEBUG FXGLAssetLoaderServi - Loading from file system: file:/C:/Users/josue/OneDrive/Desktop/proyecto%20java/Among%20Us/out/production/Among%20Us/assets/textures/alcantarilla_rojo.png
18:49:53.930 [JavaFX Application Thread] DEBUG FXGLAssetLoaderServi - Loading from file system: file:/C:/Users/josue/OneDrive/Desktop/proyecto%20java/Among%20Us/out/production/Among%20Us/assets/textures/alcantarilla_rojoE.png
18:49:53.933 [JavaFX Application Thread] DEBUG FXGLAssetLoaderServi - Loading from file system: file:/C:/Users/josue/OneDrive/Desktop/proyecto%20java/Among%20Us/out/production/Among%20Us/assets/textures/accionNegada.png
18:49:53.941 [JavaFX Application Thread] DEBUG FXGLAssetLoaderServi - Loading from file system: file:/C:/Users/josue/OneDrive/Desktop/proyecto%20java/Among%20Us/out/production/Among%20Us/assets/textures/reportarNegado.png
18:49:53.950 [JavaFX Application Thread] DEBUG FXGLAssetLoaderServi - Loading from file system: file:/C:/Users/josue/OneDrive/Desktop/proyecto%20java/Among%20Us/out/production/Among%20Us/assets/textures/matarNegado.png
18:49:53.962 [JavaFX Application Thread] DEBUG FXGLAssetLoaderServi - Loading from file system: file:/C:/Users/josue/OneDrive/Desktop/proyecto%20java/Among%20Us/out/production/Among%20Us/assets/textures/sabotaje.png
18:49:53.972 [JavaFX Application Thread] DEBUG FXGLAssetLoaderServi - Loading from file system: file:/C:/Users/josue/OneDrive/Desktop/proyecto%20java/Among%20Us/out/production/Among%20Us/assets/textures/pantalla_impostor.png
18:49:55.827 [JavaFX Application Thread] DEBUG FXGLAssetLoaderServi - Loading from file system: file:/C:/Users/josue/OneDrive/Desktop/proyecto%20java/Among%20Us/out/production/Among%20Us/assets/textures/matar.png
18:50:08.858 [JavaFX Application Thread] DEBUG FXGLAssetLoaderServi - Loading from file system: file:/C:/Users/josue/OneDrive/Desktop/proyecto%20java/Among%20Us/out/production/Among%20Us/assets/textures/reportar.png
18:50:24.961 [JavaFX Application Thread] DEBUG FXGLAssetLoaderServi - Loading from file system: file:/C:/Users/josue/OneDrive/Desktop/proyecto%20java/Among%20Us/out/production/Among%20Us/assets/textures/cuerpo.png
18:50:28.530 [JavaFX Application Thread] DEBUG FXGLAssetLoaderServi - Loading from file system: file:/C:/Users/josue/OneDrive/Desktop/proyecto%20java/Among%20Us/out/production/Among%20Us/assets/textures/botonVotar.png
18:53:50.768 [JavaFX Application Thread] DEBUG AudioPlayer          - Pausing music com.almasb.fxgl.audio.Music@6346873
18:53:50.771 [JavaFX Application Thread] DEBUG LoopRunner           - Pausing loop
18:53:51.578 [JavaFX Application Thread] DEBUG LoopRunner           - Resuming loop
18:53:51.579 [JavaFX Application Thread] DEBUG AudioPlayer          - Resuming music com.almasb.fxgl.audio.Music@6346873
18:54:32.025 [JavaFX Application Thread] DEBUG FXGLAssetLoaderServi - Loading from file system: file:/C:/Users/josue/OneDrive/Desktop/proyecto%20java/Among%20Us/out/production/Among%20Us/assets/textures/accion.png
18:54:46.184 [JavaFX Application Thread] DEBUG FXGLAssetLoaderServi - Loading from file system: file:/C:/Users/josue/OneDrive/Desktop/proyecto%20java/Among%20Us/out/production/Among%20Us/assets/textures/sabotajeNegado.png
18:56:21.525 [JavaFX Application Thread] DEBUG Input                - Mocking key press: Space
18:56:21.530 [JavaFX Application Thread] DEBUG FXGLAssetLoaderServi - Loading from file system: file:/C:/Users/josue/OneDrive/Desktop/proyecto%20java/Among%20Us/out/production/Among%20Us/assets/textures/flechaRojaAbajo.png
18:56:21.596 [JavaFX Application Thread] DEBUG Input                - Mocking key release: Space
18:56:41.593 [JavaFX Application Thread] DEBUG Input                - Mocking key press: Space
18:56:41.597 [JavaFX Application Thread] DEBUG Input                - Mocking key release: Space
18:56:44.827 [JavaFX Application Thread] DEBUG FXGLAssetLoaderServi - Loading from file system: file:/C:/Users/josue/OneDrive/Desktop/proyecto%20java/Among%20Us/out/production/Among%20Us/assets/textures/victoria_impostor.png
18:57:26.608 [JavaFX Application Thread] DEBUG FXGLApplication      - Exiting FXGL
18:57:26.608 [JavaFX Application Thread] DEBUG LoopRunner           - Stopping loop
18:57:26.608 [JavaFX Application Thread] DEBUG SystemBundleService  - Saving FXGL system data
18:57:26.613 [JavaFX Application Thread] DEBUG FileSystemAccess     - Writing to: C:\Users\josue\OneDrive\Desktop\proyecto java\Among Us\system\fxgl.bundle
18:57:26.617 [JavaFX Application Thread] DEBUG Async                - Shutting down background threads
18:57:26.617 [JavaFX Application Thread] DEBUG PrimaryStageWindow   - Closing main window
18:57:26.649 [JavaFX Application Thread] DEBUG Logger               - Closing Logger
