23:51:03.559 [main                     ] DEBUG Logger               - Configured Logger
23:51:03.563 [main                     ] DEBUG GameApplication      - Logging settings
Title: Among Us UNEG
Version: 0.0
Width: 800
Height: 600
Fullscreen: false
Intro: false
Profiling: false
Single step:false
App Mode: DEVELOPER
Menu Key: ESCAPE
Stage Style: DECORATED
Scene Factory: class com.almasb.fxgl.app.scene.SceneFactory

23:51:04.017 [JavaFX Application Thread] DEBUG FXGLApplication      - Initializing FXGL
23:51:04.019 [JavaFX Application Thread] INFO  Engine               - FXGL-21.1 (26.03.2024 17.33) on WINDOWS (J:25.0.2 FX:21.0.1)
23:51:04.019 [JavaFX Application Thread] DEBUG Engine               - JRE Vendor Name: Oracle Corporation
23:51:04.019 [JavaFX Application Thread] DEBUG Engine               - Running on OS: Windows 11 version 10.0
23:51:04.019 [JavaFX Application Thread] DEBUG Engine               - Architecture: amd64
23:51:04.019 [JavaFX Application Thread] INFO  Engine               - Source code and latest versions at: https://github.com/AlmasB/FXGL
23:51:04.019 [JavaFX Application Thread] INFO  Engine               -       Ask questions and discuss at: https://github.com/AlmasB/FXGL/discussions
23:51:04.019 [JavaFX Application Thread] INFO  Engine               -              Join the FXGL chat at: https://gitter.im/AlmasB/FXGL
23:51:04.107 [JavaFX Application Thread] DEBUG PrimaryStageWindow   - Creating a JavaFX scene
23:51:04.157 [JavaFX Application Thread] DEBUG PrimaryStageWindow   - Target settings size: 800.0 x 600.0
23:51:04.157 [JavaFX Application Thread] DEBUG PrimaryStageWindow   - Scaled scene size:    800.0 x 600.0
23:51:04.158 [JavaFX Application Thread] DEBUG PrimaryStageWindow   - Scaled ratio: (1.0, 1.0)
23:51:04.158 [JavaFX Application Thread] DEBUG PrimaryStageWindow   - Set initial scene to FXGLStartupScene
23:51:04.161 [JavaFX Application Thread] DEBUG PrimaryStageWindow   - Opening main window
23:51:04.248 [JavaFX Application Thread] DEBUG PrimaryStageWindow   - Window border size: (14.66668701171875, 37.33331298828125)
23:51:04.248 [JavaFX Application Thread] DEBUG PrimaryStageWindow   - Scaled size: 800.0 x 600.0
23:51:04.248 [JavaFX Application Thread] DEBUG PrimaryStageWindow   - Scaled ratio: (1.0, 1.0)
23:51:04.249 [JavaFX Application Thread] DEBUG PrimaryStageWindow   - Scene size: 800.0 x 600.0
23:51:04.249 [JavaFX Application Thread] DEBUG PrimaryStageWindow   - Stage size: 814.6666870117188 x 637.3333129882812
23:51:04.255 [FXGL Background Thread 1 ] DEBUG Engine               - Initializing environment variables
23:51:04.314 [FXGL Background Thread 1 ] DEBUG FXGLAssetLoaderServi - User app class for loading assets: class main.java.amongUs.AppPrincipal
23:51:04.314 [FXGL Background Thread 1 ] DEBUG GameApplicationServi - Applying CSS: fxgl_dark.css
23:51:04.315 [FXGL Background Thread 1 ] DEBUG FXGLAssetLoaderServi - Loading from file system: jar:file:/C:/Users/nicol/Desktop/amongu/lib/fxgl-21.1-uber.jar!/fxglassets/ui/css/fxgl_dark.css
23:51:04.345 [FXGL Background Thread 1 ] DEBUG GameApplicationServi - Initializing application scenes
23:51:04.376 [FXGL Background Thread 1 ] DEBUG GameWorld            - Game world initialized
23:51:04.422 [FXGL Background Thread 1 ] DEBUG PhysicsWorld         - Physics world initialized: appHeight=600, physics.ppm=50,0
23:51:04.423 [FXGL Background Thread 1 ] DEBUG PhysicsWorld         - Using strategy: BRUTE_FORCE
23:51:04.426 [FXGL Background Thread 1 ] DEBUG GameScene            - Game scene initialized: 800x600
23:51:04.436 [FXGL Background Thread 1 ] DEBUG FXGL.DefaultMenu     - createMenuBodyGameMenu()
23:51:04.446 [FXGL Background Thread 1 ] DEBUG FXGL.DefaultMenu     - createOptionsMenu()
23:51:04.455 [FXGL Background Thread 1 ] DEBUG FXGLAssetLoaderServi - Loading from file system: jar:file:/C:/Users/nicol/Desktop/amongu/lib/fxgl-21.1-uber.jar!/fxglassets/textures/particles/smoke.png
23:51:04.521 [FXGL Background Thread 1 ] DEBUG FXGLAssetLoaderServi - Loading from file system: jar:file:/C:/Users/nicol/Desktop/amongu/lib/fxgl-21.1-uber.jar!/fxglassets/textures/particles/trace_horizontal.png
23:51:04.540 [FXGL Background Thread 1 ] DEBUG GameApplicationServi - Application scenes initialized
23:51:04.553 [FXGL Background Thread 1 ] DEBUG SystemBundleService  - Loading FXGL system data
23:51:04.556 [FXGL Background Thread 1 ] DEBUG FileSystemAccess     - Reading from: C:\Users\nicol\Desktop\amongu\system\fxgl.bundle
23:51:04.561 [FXGL Background Thread 1 ] DEBUG SystemBundleService  - Bundle FXGL: {}
23:51:04.561 [FXGL Background Thread 1 ] DEBUG UpdaterService       - Checking for updates
23:51:04.565 [FXGL Background Thread 4 ] DEBUG FXGLApplication      - Loading fonts
23:51:04.565 [FXGL Background Thread 4 ] DEBUG FXGLAssetLoaderServi - Loading from file system: jar:file:/C:/Users/nicol/Desktop/amongu/lib/fxgl-21.1-uber.jar!/fxglassets/ui/fonts/VarelaRound-Regular.ttf
23:51:04.565 [FXGL Background Thread 1 ] DEBUG FXGLApplication      - Loading default localization
23:51:04.566 [FXGL Background Thread 1 ] DEBUG FXGLAssetLoaderServi - Loading from file system: jar:file:/C:/Users/nicol/Desktop/amongu/lib/fxgl-21.1-uber.jar!/fxglassets/languages/english.lang
23:51:04.582 [FXGL Background Thread 1 ] INFO  FXGLApplication      - FXGL initialization took: 0,327 sec
23:51:04.589 [JavaFX Application Thread] DEBUG Input                - Registered new binding: Mover Arriba - W
23:51:04.590 [JavaFX Application Thread] DEBUG Input                - Registered new binding: Mover Abajo - S
23:51:04.590 [JavaFX Application Thread] DEBUG Input                - Registered new binding: Mover Izquierda - A
23:51:04.590 [JavaFX Application Thread] DEBUG Input                - Registered new binding: Mover Derecha - D
23:51:04.590 [JavaFX Application Thread] DEBUG Input                - Registered new binding: Abrir Camaras - C
23:51:04.590 [JavaFX Application Thread] DEBUG Input                - Registered new binding: Usar Alcantarilla - Space
23:51:04.590 [JavaFX Application Thread] DEBUG Input                - Registered new binding: Vent Izquierda - Left
23:51:04.591 [JavaFX Application Thread] DEBUG Input                - Registered new binding: Vent Derecha - Right
23:51:04.591 [JavaFX Application Thread] DEBUG Input                - Registered new binding: Vent Arriba - Up
23:51:04.591 [JavaFX Application Thread] DEBUG Input                - Registered new binding: Vent Abajo - Down
23:51:04.591 [JavaFX Application Thread] DEBUG Input                - Registered new binding: Matar Jugador - Q
23:51:04.591 [JavaFX Application Thread] DEBUG FXGLAssetLoaderServi - Loading from file system: file:/C:/Users/nicol/Desktop/amongu/out/production/Among%20Us/assets/textures/icono.png
23:51:04.611 [FXGL Background Thread 4 ] DEBUG FXGLAssetLoaderServi - Loading from file system: jar:file:/C:/Users/nicol/Desktop/amongu/lib/fxgl-21.1-uber.jar!/fxglassets/ui/fonts/Abel-Regular.ttf
23:51:04.615 [FXGL Background Thread 4 ] DEBUG FXGLAssetLoaderServi - Loading from file system: jar:file:/C:/Users/nicol/Desktop/amongu/lib/fxgl-21.1-uber.jar!/fxglassets/ui/fonts/TerminalLandMono-Regular.otf
23:51:04.620 [JavaFX Application Thread] DEBUG FXGLAssetLoaderServi - Loading from file system: jar:file:/C:/Users/nicol/Desktop/amongu/lib/fxgl-21.1-uber.jar!/fxglassets/textures/fxgl_default_cursor.png
23:51:04.620 [FXGL Background Thread 4 ] DEBUG FXGLAssetLoaderServi - Loading from file system: jar:file:/C:/Users/nicol/Desktop/amongu/lib/fxgl-21.1-uber.jar!/fxglassets/ui/fonts/Courier-Prime.ttf
23:51:04.623 [JavaFX Application Thread] DEBUG Input                - Registered new binding: Screenshot - CTRL+8
23:51:04.623 [JavaFX Application Thread] DEBUG Input                - Registered new binding: System info dump - CTRL+9
23:51:04.624 [JavaFX Application Thread] DEBUG Input                - Registered new binding: Restart - CTRL+R
23:51:04.625 [JavaFX Application Thread] DEBUG Input                - Registered new binding: Toggle Debug Camera - CTRL+7
23:51:04.628 [JavaFX Application Thread] DEBUG LoopRunner           - Starting loop
23:51:04.628 [JavaFX Application Thread] DEBUG LoopRunner           - Initializing JavaFX AnimationTimerLoop
23:51:04.629 [JavaFX Application Thread] DEBUG GameApplicationServi - Starting new game
23:51:04.630 [JavaFX Application Thread] DEBUG Input                - Clearing active input actions
23:51:04.642 [JavaFX Application Thread] DEBUG GameApplicationServi - Removing overlay from FXGLStartupScene and adding to FXGLLoadingScene
23:51:04.642 [JavaFX Application Thread] DEBUG PrimaryStageWindow   - FXGLStartupScene -> FXGLLoadingScene
23:51:04.642 [JavaFX Application Thread] DEBUG GameApplicationServi - Clearing previous game
23:51:04.642 [JavaFX Application Thread] DEBUG GameScene            - Clearing game scene
23:51:04.642 [JavaFX Application Thread] DEBUG GameWorld            - Clearing game world
23:51:04.642 [JavaFX Application Thread] DEBUG PhysicsWorld         - Clearing physics world
23:51:04.644 [FXGL Background Thread 4 ] DEBUG FXGLApplication      - Initializing game
23:51:04.644 [JavaFX Application Thread] DEBUG FXGLApplication      - Registering font factories with UI factory
23:51:04.650 [FXGL Background Thread 4 ] DEBUG FXGLAssetLoaderServi - Loading from file system: file:/C:/Users/nicol/Desktop/amongu/out/production/Among%20Us/assets/music/musicaMenu.mp3
23:51:04.771 [FXGL Background Thread 4 ] DEBUG AudioPlayer          - Playing music com.almasb.fxgl.audio.Music@4007ef09
23:51:05.066 [FXGL Background Thread 4 ] INFO  FXGLApplication      - Game initialization took: 0,421 sec
23:51:05.116 [FXGL Background Thread 2 ] INFO  UpdaterService       - Your current version:  21.1
23:51:05.116 [FXGL Background Thread 2 ] INFO  UpdaterService       - Latest stable version: 25
23:51:05.144 [JavaFX Application Thread] DEBUG Input                - Clearing active input actions
23:51:05.149 [JavaFX Application Thread] DEBUG GameApplicationServi - Removing overlay from FXGLLoadingScene and adding to GameScene
23:51:05.150 [JavaFX Application Thread] DEBUG PrimaryStageWindow   - FXGLLoadingScene -> GameScene
23:51:05.755 [JavaFX Application Thread] DEBUG FXGLAssetLoaderServi - Loading from file system: file:/C:/Users/nicol/Desktop/amongu/out/production/Among%20Us/assets/sounds/clickBoton.wav
23:51:07.564 [FXGL Background Thread 3 ] DEBUG Engine               - Logging environment variables
23:51:07.564 [FXGL Background Thread 3 ] DEBUG Engine               - achievements: []
23:51:07.564 [FXGL Background Thread 3 ] DEBUG Engine               - actualHeight: 600.0
23:51:07.565 [FXGL Background Thread 3 ] DEBUG Engine               - actualHeightProperty: ReadOnlyDoubleProperty [value: 600.0]
23:51:07.565 [FXGL Background Thread 3 ] DEBUG Engine               - actualWidth: 800.0
23:51:07.565 [FXGL Background Thread 3 ] DEBUG Engine               - actualWidthProperty: ReadOnlyDoubleProperty [value: 800.0]
23:51:07.565 [FXGL Background Thread 3 ] DEBUG Engine               - appIcon: icono.png
23:51:07.565 [FXGL Background Thread 3 ] DEBUG Engine               - applicationMode: DEVELOPER
23:51:07.565 [FXGL Background Thread 3 ] DEBUG Engine               - cSSList: [fxgl_dark.css]
23:51:07.565 [FXGL Background Thread 3 ] DEBUG Engine               - collisionDetectionStrategy: BRUTE_FORCE
23:51:07.565 [FXGL Background Thread 3 ] DEBUG Engine               - configClass: Optional.empty
23:51:07.565 [FXGL Background Thread 3 ] DEBUG Engine               - credits: []
23:51:07.565 [FXGL Background Thread 3 ] DEBUG Engine               - defaultCursor: CursorInfo(imageName=fxgl_default_cursor.png, hotspotX=7.0, hotspotY=6.0)
23:51:07.565 [FXGL Background Thread 3 ] DEBUG Engine               - devBBoxColorProperty: ObjectProperty [value: 0xff0000ff]
23:51:07.565 [FXGL Background Thread 3 ] DEBUG Engine               - devEnableDebugCameraProperty: BooleanProperty [value: false]
23:51:07.565 [FXGL Background Thread 3 ] DEBUG Engine               - devSensorColorProperty: ObjectProperty [value: 0xffff00ff]
23:51:07.565 [FXGL Background Thread 3 ] DEBUG Engine               - devShowBBoxProperty: BooleanProperty [value: false]
23:51:07.565 [FXGL Background Thread 3 ] DEBUG Engine               - devShowPositionProperty: BooleanProperty [value: false]
23:51:07.565 [FXGL Background Thread 3 ] DEBUG Engine               - enabledMenuItems: []
23:51:07.565 [FXGL Background Thread 3 ] DEBUG Engine               - engineServices: [class com.almasb.fxgl.app.services.FXGLAssetLoaderService, class com.almasb.fxgl.app.FXGLApplication$GameApplicationService, class com.almasb.fxgl.app.services.FXGLDialogService, class com.almasb.fxgl.app.services.IOTaskExecutorService, class com.almasb.fxgl.io.FileSystemService, class com.almasb.fxgl.localization.LocalizationService, class com.almasb.fxgl.app.services.SystemBundleService, class com.almasb.fxgl.profile.SaveLoadService, class com.almasb.fxgl.ui.FXGLUIFactoryServiceProvider, class com.almasb.fxgl.ui.FXGLDialogFactoryServiceProvider, class com.almasb.fxgl.audio.AudioPlayer, class com.almasb.fxgl.notification.impl.NotificationServiceProvider, class com.almasb.fxgl.achievement.AchievementService, class com.almasb.fxgl.cutscene.CutsceneService, class com.almasb.fxgl.minigames.MiniGameService, class com.almasb.fxgl.net.NetService, class com.almasb.fxgl.app.services.UpdaterService, class com.almasb.fxgl.dev.DevService]
23:51:07.565 [FXGL Background Thread 3 ] DEBUG Engine               - fontGame: Abel-Regular.ttf
23:51:07.565 [FXGL Background Thread 3 ] DEBUG Engine               - fontMono: TerminalLandMono-Regular.otf
23:51:07.565 [FXGL Background Thread 3 ] DEBUG Engine               - fontSizeScaleUI: 1.0
23:51:07.565 [FXGL Background Thread 3 ] DEBUG Engine               - fontText: Courier-Prime.ttf
23:51:07.565 [FXGL Background Thread 3 ] DEBUG Engine               - fontUI: VarelaRound-Regular.ttf
23:51:07.565 [FXGL Background Thread 3 ] DEBUG Engine               - fullScreen: BooleanProperty [value: false]
23:51:07.565 [FXGL Background Thread 3 ] DEBUG Engine               - gameDifficulty: MEDIUM
23:51:07.565 [FXGL Background Thread 3 ] DEBUG Engine               - gameDifficultyProperty: ObjectProperty [value: MEDIUM]
23:51:07.566 [FXGL Background Thread 3 ] DEBUG Engine               - globalMusicVolume: 0.5
23:51:07.566 [FXGL Background Thread 3 ] DEBUG Engine               - globalMusicVolumeProperty: DoubleProperty [value: 0.4]
23:51:07.566 [FXGL Background Thread 3 ] DEBUG Engine               - globalSoundVolume: 0.5
23:51:07.566 [FXGL Background Thread 3 ] DEBUG Engine               - globalSoundVolumeProperty: DoubleProperty [value: 0.5]
23:51:07.566 [FXGL Background Thread 3 ] DEBUG Engine               - height: 600
23:51:07.566 [FXGL Background Thread 3 ] DEBUG Engine               - is3D: false
23:51:07.566 [FXGL Background Thread 3 ] DEBUG Engine               - isAndroid: false
23:51:07.566 [FXGL Background Thread 3 ] DEBUG Engine               - isBrowser: false
23:51:07.566 [FXGL Background Thread 3 ] DEBUG Engine               - isClickFeedbackEnabled: false
23:51:07.566 [FXGL Background Thread 3 ] DEBUG Engine               - isCloseConfirmation: false
23:51:07.566 [FXGL Background Thread 3 ] DEBUG Engine               - isDesktop: true
23:51:07.566 [FXGL Background Thread 3 ] DEBUG Engine               - isDeveloperMenuEnabled: false
23:51:07.567 [FXGL Background Thread 3 ] DEBUG Engine               - isEmbedded: false
23:51:07.567 [FXGL Background Thread 3 ] DEBUG Engine               - isEntityPreloadEnabled: true
23:51:07.567 [FXGL Background Thread 3 ] DEBUG Engine               - isExperimentalTiledLargeMap: false
23:51:07.567 [FXGL Background Thread 3 ] DEBUG Engine               - isFileSystemWriteAllowed: true
23:51:07.567 [FXGL Background Thread 3 ] DEBUG Engine               - isFullScreenAllowed: false
23:51:07.567 [FXGL Background Thread 3 ] DEBUG Engine               - isFullScreenFromStart: false
23:51:07.567 [FXGL Background Thread 3 ] DEBUG Engine               - isGameMenuEnabled: true
23:51:07.567 [FXGL Background Thread 3 ] DEBUG Engine               - isIOS: false
23:51:07.567 [FXGL Background Thread 3 ] DEBUG Engine               - isIntroEnabled: false
23:51:07.567 [FXGL Background Thread 3 ] DEBUG Engine               - isLinux: false
23:51:07.567 [FXGL Background Thread 3 ] DEBUG Engine               - isMac: false
23:51:07.567 [FXGL Background Thread 3 ] DEBUG Engine               - isMainMenuEnabled: false
23:51:07.567 [FXGL Background Thread 3 ] DEBUG Engine               - isManualResizeEnabled: false
23:51:07.567 [FXGL Background Thread 3 ] DEBUG Engine               - isMobile: false
23:51:07.567 [FXGL Background Thread 3 ] DEBUG Engine               - isNative: false
23:51:07.567 [FXGL Background Thread 3 ] DEBUG Engine               - isPauseMusicWhenMinimized: true
23:51:07.567 [FXGL Background Thread 3 ] DEBUG Engine               - isPreserveResizeRatio: false
23:51:07.567 [FXGL Background Thread 3 ] DEBUG Engine               - isProfilingEnabled: false
23:51:07.567 [FXGL Background Thread 3 ] DEBUG Engine               - isScaleAffectedOnResize: true
23:51:07.567 [FXGL Background Thread 3 ] DEBUG Engine               - isSingleStep: false
23:51:07.567 [FXGL Background Thread 3 ] DEBUG Engine               - isUserProfileEnabled: false
23:51:07.567 [FXGL Background Thread 3 ] DEBUG Engine               - isWindows: true
23:51:07.567 [FXGL Background Thread 3 ] DEBUG Engine               - language: ObjectProperty [value: ENGLISH]
23:51:07.567 [FXGL Background Thread 3 ] DEBUG Engine               - menuKey: ESCAPE
23:51:07.567 [FXGL Background Thread 3 ] DEBUG Engine               - mouseSensitivity: 0.2
23:51:07.567 [FXGL Background Thread 3 ] DEBUG Engine               - notificationViewClass: class com.almasb.fxgl.notification.view.XboxNotificationView
23:51:07.567 [FXGL Background Thread 3 ] DEBUG Engine               - pixelsPerMeter: 50.0
23:51:07.567 [FXGL Background Thread 3 ] DEBUG Engine               - platform: WINDOWS
23:51:07.568 [FXGL Background Thread 3 ] DEBUG Engine               - prefHeightProperty: ReadOnlyDoubleProperty [value: 600.0]
23:51:07.568 [FXGL Background Thread 3 ] DEBUG Engine               - prefWidthProperty: ReadOnlyDoubleProperty [value: 800.0]
23:51:07.568 [FXGL Background Thread 3 ] DEBUG Engine               - profileDir: profiles/
23:51:07.568 [FXGL Background Thread 3 ] DEBUG Engine               - profileName: StringProperty [value: DEFAULT]
23:51:07.568 [FXGL Background Thread 3 ] DEBUG Engine               - randomSeed: -1
23:51:07.568 [FXGL Background Thread 3 ] DEBUG Engine               - runtimeInfo: RuntimeInfo(platform=WINDOWS, version=21.1, build=26.03.2024 17.33)
23:51:07.568 [FXGL Background Thread 3 ] DEBUG Engine               - saveFileExt: sav
23:51:07.568 [FXGL Background Thread 3 ] DEBUG Engine               - scaledHeightProp$fxgl: DoubleProperty [bound, value: 600.0]
23:51:07.568 [FXGL Background Thread 3 ] DEBUG Engine               - scaledWidthProp$fxgl: DoubleProperty [bound, value: 800.0]
23:51:07.568 [FXGL Background Thread 3 ] DEBUG Engine               - sceneFactory: com.almasb.fxgl.app.scene.SceneFactory@375019aa
23:51:07.568 [FXGL Background Thread 3 ] DEBUG Engine               - secondsIn24h: 60
23:51:07.568 [FXGL Background Thread 3 ] DEBUG Engine               - soundMenuBack: menu/back.wav
23:51:07.568 [FXGL Background Thread 3 ] DEBUG Engine               - soundMenuPress: menu/press.wav
23:51:07.568 [FXGL Background Thread 3 ] DEBUG Engine               - soundMenuSelect: menu/select.wav
23:51:07.568 [FXGL Background Thread 3 ] DEBUG Engine               - soundNotification: core/notification.wav
23:51:07.568 [FXGL Background Thread 3 ] DEBUG Engine               - stageStyle: DECORATED
23:51:07.568 [FXGL Background Thread 3 ] DEBUG Engine               - supportedLanguages: [ENGLISH, FRENCH, GERMAN, HUNGARIAN, RUSSIAN]
23:51:07.568 [FXGL Background Thread 3 ] DEBUG Engine               - ticksPerSecond: -1
23:51:07.568 [FXGL Background Thread 3 ] DEBUG Engine               - title: Among Us UNEG
23:51:07.568 [FXGL Background Thread 3 ] DEBUG Engine               - urlGithub: https://github.com/AlmasB/FXGL
23:51:07.568 [FXGL Background Thread 3 ] DEBUG Engine               - urlLeaderboard: http://fxgl-top.herokuapp.com/
23:51:07.568 [FXGL Background Thread 3 ] DEBUG Engine               - urlPOM: https://raw.githubusercontent.com/AlmasB/FXGL/release/README.md
23:51:07.568 [FXGL Background Thread 3 ] DEBUG Engine               - userAppClass: class main.java.amongUs.AppPrincipal
23:51:07.568 [FXGL Background Thread 3 ] DEBUG Engine               - version: 0.0
23:51:07.569 [FXGL Background Thread 3 ] DEBUG Engine               - versionCheckDays: 7
23:51:07.569 [FXGL Background Thread 3 ] DEBUG Engine               - width: 800
23:51:07.569 [FXGL Background Thread 3 ] DEBUG Engine               - Logging services
23:51:07.569 [FXGL Background Thread 3 ] DEBUG Engine               - class com.almasb.fxgl.app.services.FXGLAssetLoaderService
23:51:07.569 [FXGL Background Thread 3 ] DEBUG Engine               - class com.almasb.fxgl.app.FXGLApplication$GameApplicationService
23:51:07.569 [FXGL Background Thread 3 ] DEBUG Engine               - class com.almasb.fxgl.app.services.FXGLDialogService
23:51:07.569 [FXGL Background Thread 3 ] DEBUG Engine               - class com.almasb.fxgl.app.services.IOTaskExecutorService
23:51:07.569 [FXGL Background Thread 3 ] DEBUG Engine               - class com.almasb.fxgl.io.FileSystemService
23:51:07.569 [FXGL Background Thread 3 ] DEBUG Engine               - class com.almasb.fxgl.localization.LocalizationService
23:51:07.569 [FXGL Background Thread 3 ] DEBUG Engine               - class com.almasb.fxgl.app.services.SystemBundleService
23:51:07.569 [FXGL Background Thread 3 ] DEBUG Engine               - class com.almasb.fxgl.profile.SaveLoadService
23:51:07.569 [FXGL Background Thread 3 ] DEBUG Engine               - class com.almasb.fxgl.ui.FXGLUIFactoryServiceProvider
23:51:07.569 [FXGL Background Thread 3 ] DEBUG Engine               - class com.almasb.fxgl.ui.FXGLDialogFactoryServiceProvider
23:51:07.569 [FXGL Background Thread 3 ] DEBUG Engine               - class com.almasb.fxgl.audio.AudioPlayer
23:51:07.569 [FXGL Background Thread 3 ] DEBUG Engine               - class com.almasb.fxgl.notification.impl.NotificationServiceProvider
23:51:07.569 [FXGL Background Thread 3 ] DEBUG Engine               - class com.almasb.fxgl.achievement.AchievementService
23:51:07.569 [FXGL Background Thread 3 ] DEBUG Engine               - class com.almasb.fxgl.cutscene.CutsceneService
23:51:07.569 [FXGL Background Thread 3 ] DEBUG Engine               - class com.almasb.fxgl.minigames.MiniGameService
23:51:07.569 [FXGL Background Thread 3 ] DEBUG Engine               - class com.almasb.fxgl.net.NetService
23:51:07.569 [FXGL Background Thread 3 ] DEBUG Engine               - class com.almasb.fxgl.app.services.UpdaterService
23:51:07.569 [FXGL Background Thread 3 ] DEBUG Engine               - class com.almasb.fxgl.dev.DevService
23:51:08.252 [JavaFX Application Thread] DEBUG FXGLAssetLoaderServi - Loading from file system: file:/C:/Users/nicol/Desktop/amongu/out/production/Among%20Us/assets/textures/tripulante_blanco.png
23:51:09.090 [JavaFX Application Thread] WARN  TMXLevelLoader       - TiledMap generated from 1.11.2. Supported version: 1.9.0. Some features may not be parsed fully.
23:51:09.105 [JavaFX Application Thread] DEBUG TMXLevelLoader       - Parsed TiledMap: file:/C:/Users/nicol/Desktop/amongu/out/production/Among%20Us/assets/levels/mapa1.tmx
23:51:09.106 [JavaFX Application Thread] DEBUG TMXLevelLoader       - Creating tile layer entities
23:51:09.109 [JavaFX Application Thread] DEBUG TilesetLoader        - Loading view for layer fondo
23:51:09.110 [JavaFX Application Thread] DEBUG TilesetLoader        - Created buffer with size 1312.0x960.0
23:51:09.160 [JavaFX Application Thread] DEBUG TilesetLoader        - Loading view for layer pasillo
23:51:09.160 [JavaFX Application Thread] DEBUG TilesetLoader        - Created buffer with size 1312.0x960.0
23:51:09.163 [JavaFX Application Thread] WARN  TilesetLoader        - Diagonally flipped tiles are not currently supported
23:51:09.170 [JavaFX Application Thread] WARN  TilesetLoader        - Diagonally flipped tiles are not currently supported
23:51:09.170 [JavaFX Application Thread] WARN  TilesetLoader        - Diagonally flipped tiles are not currently supported
23:51:09.171 [JavaFX Application Thread] WARN  TilesetLoader        - Diagonally flipped tiles are not currently supported
23:51:09.171 [JavaFX Application Thread] WARN  TilesetLoader        - Diagonally flipped tiles are not currently supported
23:51:09.171 [JavaFX Application Thread] WARN  TilesetLoader        - Diagonally flipped tiles are not currently supported
23:51:09.171 [JavaFX Application Thread] WARN  TilesetLoader        - Diagonally flipped tiles are not currently supported
23:51:09.172 [JavaFX Application Thread] WARN  TilesetLoader        - Diagonally flipped tiles are not currently supported
23:51:09.172 [JavaFX Application Thread] WARN  TilesetLoader        - Diagonally flipped tiles are not currently supported
23:51:09.172 [JavaFX Application Thread] WARN  TilesetLoader        - Diagonally flipped tiles are not currently supported
23:51:09.172 [JavaFX Application Thread] WARN  TilesetLoader        - Diagonally flipped tiles are not currently supported
23:51:09.173 [JavaFX Application Thread] WARN  TilesetLoader        - Diagonally flipped tiles are not currently supported
23:51:09.173 [JavaFX Application Thread] WARN  TilesetLoader        - Diagonally flipped tiles are not currently supported
23:51:09.173 [JavaFX Application Thread] WARN  TilesetLoader        - Diagonally flipped tiles are not currently supported
23:51:09.173 [JavaFX Application Thread] WARN  TilesetLoader        - Diagonally flipped tiles are not currently supported
23:51:09.174 [JavaFX Application Thread] WARN  TilesetLoader        - Diagonally flipped tiles are not currently supported
23:51:09.174 [JavaFX Application Thread] WARN  TilesetLoader        - Diagonally flipped tiles are not currently supported
23:51:09.174 [JavaFX Application Thread] WARN  TilesetLoader        - Diagonally flipped tiles are not currently supported
23:51:09.174 [JavaFX Application Thread] WARN  TilesetLoader        - Diagonally flipped tiles are not currently supported
23:51:09.174 [JavaFX Application Thread] WARN  TilesetLoader        - Diagonally flipped tiles are not currently supported
23:51:09.175 [JavaFX Application Thread] WARN  TilesetLoader        - Diagonally flipped tiles are not currently supported
23:51:09.175 [JavaFX Application Thread] WARN  TilesetLoader        - Diagonally flipped tiles are not currently supported
23:51:09.175 [JavaFX Application Thread] WARN  TilesetLoader        - Diagonally flipped tiles are not currently supported
23:51:09.175 [JavaFX Application Thread] WARN  TilesetLoader        - Diagonally flipped tiles are not currently supported
23:51:09.176 [JavaFX Application Thread] WARN  TilesetLoader        - Diagonally flipped tiles are not currently supported
23:51:09.176 [JavaFX Application Thread] WARN  TilesetLoader        - Diagonally flipped tiles are not currently supported
23:51:09.177 [JavaFX Application Thread] WARN  TilesetLoader        - Diagonally flipped tiles are not currently supported
23:51:09.178 [JavaFX Application Thread] WARN  TilesetLoader        - Diagonally flipped tiles are not currently supported
23:51:09.178 [JavaFX Application Thread] WARN  TilesetLoader        - Diagonally flipped tiles are not currently supported
23:51:09.178 [JavaFX Application Thread] WARN  TilesetLoader        - Diagonally flipped tiles are not currently supported
23:51:09.178 [JavaFX Application Thread] WARN  TilesetLoader        - Diagonally flipped tiles are not currently supported
23:51:09.179 [JavaFX Application Thread] WARN  TilesetLoader        - Diagonally flipped tiles are not currently supported
23:51:09.179 [JavaFX Application Thread] WARN  TilesetLoader        - Diagonally flipped tiles are not currently supported
23:51:09.179 [JavaFX Application Thread] WARN  TilesetLoader        - Diagonally flipped tiles are not currently supported
23:51:09.180 [JavaFX Application Thread] WARN  TilesetLoader        - Diagonally flipped tiles are not currently supported
23:51:09.180 [JavaFX Application Thread] WARN  TilesetLoader        - Diagonally flipped tiles are not currently supported
23:51:09.180 [JavaFX Application Thread] WARN  TilesetLoader        - Diagonally flipped tiles are not currently supported
23:51:09.181 [JavaFX Application Thread] WARN  TilesetLoader        - Diagonally flipped tiles are not currently supported
23:51:09.181 [JavaFX Application Thread] WARN  TilesetLoader        - Diagonally flipped tiles are not currently supported
23:51:09.181 [JavaFX Application Thread] WARN  TilesetLoader        - Diagonally flipped tiles are not currently supported
23:51:09.182 [JavaFX Application Thread] WARN  TilesetLoader        - Diagonally flipped tiles are not currently supported
23:51:09.184 [JavaFX Application Thread] WARN  TilesetLoader        - Diagonally flipped tiles are not currently supported
23:51:09.185 [JavaFX Application Thread] WARN  TilesetLoader        - Diagonally flipped tiles are not currently supported
23:51:09.186 [JavaFX Application Thread] DEBUG TilesetLoader        - Loading view for layer piso
23:51:09.187 [JavaFX Application Thread] DEBUG TilesetLoader        - Created buffer with size 1312.0x960.0
23:51:09.189 [JavaFX Application Thread] DEBUG TilesetLoader        - Loading view for layer detallesdetraspared
23:51:09.189 [JavaFX Application Thread] DEBUG TilesetLoader        - Created buffer with size 1312.0x960.0
23:51:09.202 [JavaFX Application Thread] DEBUG TilesetLoader        - Loading view for layer pared1
23:51:09.203 [JavaFX Application Thread] DEBUG TilesetLoader        - Created buffer with size 1312.0x960.0
23:51:09.205 [JavaFX Application Thread] DEBUG TilesetLoader        - Loading view for layer pared2
23:51:09.206 [JavaFX Application Thread] DEBUG TilesetLoader        - Created buffer with size 1312.0x960.0
23:51:09.207 [JavaFX Application Thread] DEBUG TilesetLoader        - Loading view for layer pared3
23:51:09.207 [JavaFX Application Thread] DEBUG TilesetLoader        - Created buffer with size 1312.0x960.0
23:51:09.210 [JavaFX Application Thread] DEBUG TilesetLoader        - Loading view for layer detalles
23:51:09.210 [JavaFX Application Thread] DEBUG TilesetLoader        - Created buffer with size 1312.0x960.0
23:51:09.231 [JavaFX Application Thread] DEBUG TilesetLoader        - Loading view for layer detalles2
23:51:09.232 [JavaFX Application Thread] DEBUG TilesetLoader        - Created buffer with size 1312.0x960.0
23:51:09.245 [JavaFX Application Thread] DEBUG TilesetLoader        - Loading view for layer camaras
23:51:09.245 [JavaFX Application Thread] DEBUG TilesetLoader        - Created buffer with size 1312.0x960.0
23:51:09.247 [JavaFX Application Thread] DEBUG TilesetLoader        - Loading view for layer grieta
23:51:09.261 [JavaFX Application Thread] DEBUG TilesetLoader        - Created buffer with size 1312.0x960.0
23:51:09.264 [JavaFX Application Thread] DEBUG TMXLevelLoader       - Creating object layer entities
23:51:09.310 [JavaFX Application Thread] DEBUG GameWorld            - Clearing removable entities
23:51:09.311 [JavaFX Application Thread] DEBUG GameWorld            - Setting level: com.almasb.fxgl.entity.level.Level@1db2c2ca
23:51:09.329 [JavaFX Application Thread] DEBUG FXGLAssetLoaderServi - Loading from file system: file:/C:/Users/nicol/Desktop/amongu/out/production/Among%20Us/assets/textures/MonitorDeCamaras.png
23:51:09.345 [JavaFX Application Thread] DEBUG FXGLAssetLoaderServi - Loading from file system: file:/C:/Users/nicol/Desktop/amongu/out/production/Among%20Us/assets/textures/flechaAmarillaIzq.png
23:51:09.347 [JavaFX Application Thread] DEBUG FXGLAssetLoaderServi - Loading from file system: file:/C:/Users/nicol/Desktop/amongu/out/production/Among%20Us/assets/textures/flechaAmarillaDer.png
23:51:09.354 [JavaFX Application Thread] DEBUG FXGLAssetLoaderServi - Loading from file system: file:/C:/Users/nicol/Desktop/amongu/out/production/Among%20Us/assets/textures/animacion_fantasma.png
23:51:09.355 [JavaFX Application Thread] DEBUG FXGLAssetLoaderServi - Loading from file system: file:/C:/Users/nicol/Desktop/amongu/out/production/Among%20Us/assets/textures/blanco_muerto.png
23:51:09.356 [JavaFX Application Thread] DEBUG FXGLAssetLoaderServi - Loading from file system: file:/C:/Users/nicol/Desktop/amongu/out/production/Among%20Us/assets/textures/animacion_blanco.png
23:51:09.357 [JavaFX Application Thread] DEBUG FXGLAssetLoaderServi - Loading from file system: file:/C:/Users/nicol/Desktop/amongu/out/production/Among%20Us/assets/textures/alcantarilla_blanco.png
23:51:09.357 [JavaFX Application Thread] DEBUG FXGLAssetLoaderServi - Loading from file system: file:/C:/Users/nicol/Desktop/amongu/out/production/Among%20Us/assets/textures/alcantarilla_blancoE.png
23:51:09.374 [JavaFX Application Thread] DEBUG FXGLAssetLoaderServi - Loading from file system: file:/C:/Users/nicol/Desktop/amongu/out/production/Among%20Us/assets/textures/accionNegada.png
23:51:09.379 [JavaFX Application Thread] DEBUG FXGLAssetLoaderServi - Loading from file system: file:/C:/Users/nicol/Desktop/amongu/out/production/Among%20Us/assets/textures/matarNegado.png
23:51:09.383 [JavaFX Application Thread] DEBUG FXGLAssetLoaderServi - Loading from file system: file:/C:/Users/nicol/Desktop/amongu/out/production/Among%20Us/assets/textures/sabotaje.png
23:51:09.387 [JavaFX Application Thread] DEBUG FXGLAssetLoaderServi - Loading from file system: file:/C:/Users/nicol/Desktop/amongu/out/production/Among%20Us/assets/textures/pantalla_impostor.png
23:51:18.229 [JavaFX Application Thread] DEBUG LoopRunner           - Stopping loop
23:51:18.231 [JavaFX Application Thread] FATAL FXGLApplication      - Uncaught Exception:
java.lang.IllegalArgumentException: Component TripulanteComponent not found!
	at com.almasb.fxgl.entity.Entity.getComponent(Entity.java:366)
	at main.java.amongUs.AppPrincipal$1.onAction(AppPrincipal.java:52)
	at com.almasb.fxgl.input.UserAction.action$fxgl_core(UserAction.kt:38)
	at com.almasb.fxgl.input.Input.update(Input.kt:278)
	at com.almasb.fxgl.scene.Scene.update(Scene.kt:103)
	at com.almasb.fxgl.app.MainWindow$update$1.invoke(MainWindow.kt:121)
	at com.almasb.fxgl.app.MainWindow$update$1.invoke(MainWindow.kt:121)
	at com.almasb.fxgl.core.fsm.StateMachine.runOnActiveStates(StateMachine.kt:69)
	at com.almasb.fxgl.app.MainWindow.update(MainWindow.kt:121)
	at com.almasb.fxgl.app.FXGLApplication$GameApplicationService.onUpdate(FXGLApplication.kt:445)
	at com.almasb.fxgl.app.Engine.loop(Engine.kt:134)
	at com.almasb.fxgl.app.Engine.access$loop(Engine.kt:24)
	at com.almasb.fxgl.app.Engine$loop$1.invoke(Engine.kt:28)
	at com.almasb.fxgl.app.Engine$loop$1.invoke(Engine.kt:28)
	at com.almasb.fxgl.app.LoopRunner.frame(LoopRunner.kt:103)
	at com.almasb.fxgl.app.LoopRunner.access$frame(LoopRunner.kt:23)
	at com.almasb.fxgl.app.LoopRunner$impl$2$1.onTick(LoopRunner.kt:57)
	at com.almasb.fxgl.app.AnimationTimerLoop$timer$1.handle(LoopRunner.kt:137)
	at javafx.animation.AnimationTimer$AnimationTimerReceiver.lambda$handle$0(AnimationTimer.java:58)
	at java.base/java.security.AccessController.doPrivileged(AccessController.java:138)
	at javafx.animation.AnimationTimer$AnimationTimerReceiver.handle(AnimationTimer.java:57)
	at com.sun.scenario.animation.AbstractPrimaryTimer.timePulseImpl(AbstractPrimaryTimer.java:356)
	at com.sun.scenario.animation.AbstractPrimaryTimer$MainLoop.run(AbstractPrimaryTimer.java:266)
	at com.sun.javafx.tk.quantum.QuantumToolkit.pulse(QuantumToolkit.java:588)
	at com.sun.javafx.tk.quantum.QuantumToolkit.pulse(QuantumToolkit.java:572)
	at com.sun.javafx.tk.quantum.QuantumToolkit.pulseFromQueue(QuantumToolkit.java:565)
	at com.sun.javafx.tk.quantum.QuantumToolkit.lambda$runToolkit$11(QuantumToolkit.java:352)
	at com.sun.glass.ui.InvokeLaterDispatcher$Future.run(InvokeLaterDispatcher.java:95)
	at com.sun.glass.ui.win.WinApplication._runLoop(Native Method)
	at com.sun.glass.ui.win.WinApplication.lambda$runLoop$3(WinApplication.java:185)
	at java.base/java.lang.Thread.run(Thread.java:1474)

23:51:18.231 [JavaFX Application Thread] FATAL FXGLApplication      - Application will now exit
23:51:18.238 [JavaFX Application Thread] DEBUG PrimaryStageWindow   - Push state: ErrorSubScene
23:51:18.239 [JavaFX Application Thread] DEBUG Input                - Clearing active input actions
23:51:18.242 [JavaFX Application Thread] DEBUG GameApplicationServi - Removing overlay from GameScene and adding to ErrorSubScene
23:51:18.242 [JavaFX Application Thread] DEBUG PrimaryStageWindow   - GameScene -> ErrorSubScene
23:51:47.276 [JavaFX Application Thread] DEBUG FXGLApplication      - Exiting FXGL
23:51:47.276 [JavaFX Application Thread] DEBUG Async                - Shutting down background threads
23:51:47.276 [JavaFX Application Thread] DEBUG PrimaryStageWindow   - Closing main window
23:51:47.302 [JavaFX Application Thread] DEBUG Logger               - Closing Logger
