14:08:37.619 [main                     ] DEBUG Logger               - Configured Logger
14:08:37.627 [main                     ] DEBUG GameApplication      - Logging settings
Title: Among Us UNEG
Version: 0.0
Width: 800
Height: 600
Fullscreen: false
Intro: false
Profiling: false
Single step:false
App Mode: DEVELOPER
Menu Key: ESCAPE
Stage Style: DECORATED
Scene Factory: class com.almasb.fxgl.app.scene.SceneFactory

14:08:38.049 [JavaFX Application Thread] DEBUG FXGLApplication      - Initializing FXGL
14:08:38.053 [JavaFX Application Thread] INFO  Engine               - FXGL-21.1 (26.03.2024 17.33) on WINDOWS (J:25.0.2 FX:21.0.1)
14:08:38.053 [JavaFX Application Thread] DEBUG Engine               - JRE Vendor Name: Oracle Corporation
14:08:38.053 [JavaFX Application Thread] DEBUG Engine               - Running on OS: Windows 11 version 10.0
14:08:38.053 [JavaFX Application Thread] DEBUG Engine               - Architecture: amd64
14:08:38.053 [JavaFX Application Thread] INFO  Engine               - Source code and latest versions at: https://github.com/AlmasB/FXGL
14:08:38.054 [JavaFX Application Thread] INFO  Engine               -       Ask questions and discuss at: https://github.com/AlmasB/FXGL/discussions
14:08:38.054 [JavaFX Application Thread] INFO  Engine               -              Join the FXGL chat at: https://gitter.im/AlmasB/FXGL
14:08:38.139 [JavaFX Application Thread] DEBUG PrimaryStageWindow   - Creating a JavaFX scene
14:08:38.185 [JavaFX Application Thread] DEBUG PrimaryStageWindow   - Target settings size: 800.0 x 600.0
14:08:38.185 [JavaFX Application Thread] DEBUG PrimaryStageWindow   - Scaled scene size:    800.0 x 600.0
14:08:38.185 [JavaFX Application Thread] DEBUG PrimaryStageWindow   - Scaled ratio: (1.0, 1.0)
14:08:38.186 [JavaFX Application Thread] DEBUG PrimaryStageWindow   - Set initial scene to FXGLStartupScene
14:08:38.189 [JavaFX Application Thread] DEBUG PrimaryStageWindow   - Opening main window
14:08:38.281 [JavaFX Application Thread] DEBUG PrimaryStageWindow   - Window border size: (14.66668701171875, 37.33331298828125)
14:08:38.281 [JavaFX Application Thread] DEBUG PrimaryStageWindow   - Scaled size: 800.0 x 600.0
14:08:38.281 [JavaFX Application Thread] DEBUG PrimaryStageWindow   - Scaled ratio: (1.0, 1.0)
14:08:38.282 [JavaFX Application Thread] DEBUG PrimaryStageWindow   - Scene size: 800.0 x 600.0
14:08:38.282 [JavaFX Application Thread] DEBUG PrimaryStageWindow   - Stage size: 814.6666870117188 x 637.3333129882812
14:08:38.290 [FXGL Background Thread 1 ] DEBUG Engine               - Initializing environment variables
14:08:38.347 [FXGL Background Thread 1 ] DEBUG FXGLAssetLoaderServi - User app class for loading assets: class main.java.amongUs.AppPrincipal
14:08:38.347 [FXGL Background Thread 1 ] DEBUG GameApplicationServi - Applying CSS: fxgl_dark.css
14:08:38.348 [FXGL Background Thread 1 ] DEBUG FXGLAssetLoaderServi - Loading from file system: jar:file:/C:/Users/nicol/Desktop/amongu/lib/fxgl-21.1-uber.jar!/fxglassets/ui/css/fxgl_dark.css
14:08:38.382 [FXGL Background Thread 1 ] DEBUG GameApplicationServi - Initializing application scenes
14:08:38.414 [FXGL Background Thread 1 ] DEBUG GameWorld            - Game world initialized
14:08:38.459 [FXGL Background Thread 1 ] DEBUG PhysicsWorld         - Physics world initialized: appHeight=600, physics.ppm=50,0
14:08:38.460 [FXGL Background Thread 1 ] DEBUG PhysicsWorld         - Using strategy: BRUTE_FORCE
14:08:38.462 [FXGL Background Thread 1 ] DEBUG GameScene            - Game scene initialized: 800x600
14:08:38.473 [FXGL Background Thread 1 ] DEBUG FXGL.DefaultMenu     - createMenuBodyGameMenu()
14:08:38.486 [FXGL Background Thread 1 ] DEBUG FXGL.DefaultMenu     - createOptionsMenu()
14:08:38.494 [FXGL Background Thread 1 ] DEBUG FXGLAssetLoaderServi - Loading from file system: jar:file:/C:/Users/nicol/Desktop/amongu/lib/fxgl-21.1-uber.jar!/fxglassets/textures/particles/smoke.png
14:08:38.564 [FXGL Background Thread 1 ] DEBUG FXGLAssetLoaderServi - Loading from file system: jar:file:/C:/Users/nicol/Desktop/amongu/lib/fxgl-21.1-uber.jar!/fxglassets/textures/particles/trace_horizontal.png
14:08:38.589 [FXGL Background Thread 1 ] DEBUG GameApplicationServi - Application scenes initialized
14:08:38.599 [FXGL Background Thread 1 ] DEBUG SystemBundleService  - Loading FXGL system data
14:08:38.602 [FXGL Background Thread 1 ] DEBUG FileSystemAccess     - Reading from: C:\Users\nicol\Desktop\amongu\system\fxgl.bundle
14:08:38.606 [FXGL Background Thread 1 ] DEBUG SystemBundleService  - Bundle FXGL: {}
14:08:38.607 [FXGL Background Thread 1 ] DEBUG UpdaterService       - Checking for updates
14:08:38.610 [FXGL Background Thread 4 ] DEBUG FXGLApplication      - Loading fonts
14:08:38.610 [FXGL Background Thread 1 ] DEBUG FXGLApplication      - Loading default localization
14:08:38.610 [FXGL Background Thread 4 ] DEBUG FXGLAssetLoaderServi - Loading from file system: jar:file:/C:/Users/nicol/Desktop/amongu/lib/fxgl-21.1-uber.jar!/fxglassets/ui/fonts/VarelaRound-Regular.ttf
14:08:38.612 [FXGL Background Thread 1 ] DEBUG FXGLAssetLoaderServi - Loading from file system: jar:file:/C:/Users/nicol/Desktop/amongu/lib/fxgl-21.1-uber.jar!/fxglassets/languages/english.lang
14:08:38.627 [FXGL Background Thread 1 ] INFO  FXGLApplication      - FXGL initialization took: 0,337 sec
14:08:38.635 [JavaFX Application Thread] DEBUG Input                - Registered new binding: Mover Arriba - W
14:08:38.635 [JavaFX Application Thread] DEBUG Input                - Registered new binding: Mover Abajo - S
14:08:38.635 [JavaFX Application Thread] DEBUG Input                - Registered new binding: Mover Izquierda - A
14:08:38.635 [JavaFX Application Thread] DEBUG Input                - Registered new binding: Mover Derecha - D
14:08:38.635 [JavaFX Application Thread] DEBUG Input                - Registered new binding: Abrir Camaras - C
14:08:38.635 [JavaFX Application Thread] DEBUG Input                - Registered new binding: Usar Alcantarilla - Space
14:08:38.635 [JavaFX Application Thread] DEBUG Input                - Registered new binding: Vent Izquierda - Left
14:08:38.635 [JavaFX Application Thread] DEBUG Input                - Registered new binding: Vent Derecha - Right
14:08:38.635 [JavaFX Application Thread] DEBUG Input                - Registered new binding: Vent Arriba - Up
14:08:38.635 [JavaFX Application Thread] DEBUG Input                - Registered new binding: Vent Abajo - Down
14:08:38.636 [JavaFX Application Thread] DEBUG Input                - Registered new binding: Matar Jugador - Q
14:08:38.636 [JavaFX Application Thread] DEBUG Input                - Registered new binding: Reportar Cadaver - R
14:08:38.636 [JavaFX Application Thread] DEBUG FXGLAssetLoaderServi - Loading from file system: file:/C:/Users/nicol/Desktop/amongu/out/production/Among%20Us/assets/textures/icono.png
14:08:38.655 [FXGL Background Thread 4 ] DEBUG FXGLAssetLoaderServi - Loading from file system: jar:file:/C:/Users/nicol/Desktop/amongu/lib/fxgl-21.1-uber.jar!/fxglassets/ui/fonts/Abel-Regular.ttf
14:08:38.655 [JavaFX Application Thread] DEBUG FXGLAssetLoaderServi - Loading from file system: jar:file:/C:/Users/nicol/Desktop/amongu/lib/fxgl-21.1-uber.jar!/fxglassets/textures/fxgl_default_cursor.png
14:08:38.658 [JavaFX Application Thread] DEBUG Input                - Registered new binding: Screenshot - CTRL+8
14:08:38.658 [JavaFX Application Thread] DEBUG Input                - Registered new binding: System info dump - CTRL+9
14:08:38.659 [JavaFX Application Thread] DEBUG Input                - Registered new binding: Restart - CTRL+R
14:08:38.659 [JavaFX Application Thread] DEBUG Input                - Registered new binding: Toggle Debug Camera - CTRL+7
14:08:38.659 [FXGL Background Thread 4 ] DEBUG FXGLAssetLoaderServi - Loading from file system: jar:file:/C:/Users/nicol/Desktop/amongu/lib/fxgl-21.1-uber.jar!/fxglassets/ui/fonts/TerminalLandMono-Regular.otf
14:08:38.662 [JavaFX Application Thread] DEBUG LoopRunner           - Starting loop
14:08:38.662 [JavaFX Application Thread] DEBUG LoopRunner           - Initializing JavaFX AnimationTimerLoop
14:08:38.664 [JavaFX Application Thread] DEBUG GameApplicationServi - Starting new game
14:08:38.664 [FXGL Background Thread 4 ] DEBUG FXGLAssetLoaderServi - Loading from file system: jar:file:/C:/Users/nicol/Desktop/amongu/lib/fxgl-21.1-uber.jar!/fxglassets/ui/fonts/Courier-Prime.ttf
14:08:38.664 [JavaFX Application Thread] DEBUG Input                - Clearing active input actions
14:08:38.678 [JavaFX Application Thread] DEBUG GameApplicationServi - Removing overlay from FXGLStartupScene and adding to FXGLLoadingScene
14:08:38.678 [JavaFX Application Thread] DEBUG PrimaryStageWindow   - FXGLStartupScene -> FXGLLoadingScene
14:08:38.678 [JavaFX Application Thread] DEBUG GameApplicationServi - Clearing previous game
14:08:38.678 [JavaFX Application Thread] DEBUG GameScene            - Clearing game scene
14:08:38.678 [JavaFX Application Thread] DEBUG GameWorld            - Clearing game world
14:08:38.678 [JavaFX Application Thread] DEBUG PhysicsWorld         - Clearing physics world
14:08:38.680 [FXGL Background Thread 4 ] DEBUG FXGLApplication      - Initializing game
14:08:38.680 [JavaFX Application Thread] DEBUG FXGLApplication      - Registering font factories with UI factory
14:08:38.688 [FXGL Background Thread 4 ] DEBUG FXGLAssetLoaderServi - Loading from file system: file:/C:/Users/nicol/Desktop/amongu/out/production/Among%20Us/assets/music/musicaMenu.mp3
14:08:38.809 [FXGL Background Thread 4 ] DEBUG AudioPlayer          - Playing music com.almasb.fxgl.audio.Music@91cdf5e
14:08:39.069 [FXGL Background Thread 4 ] INFO  FXGLApplication      - Game initialization took: 0,389 sec
14:08:39.070 [JavaFX Application Thread] DEBUG Input                - Clearing active input actions
14:08:39.079 [JavaFX Application Thread] DEBUG GameApplicationServi - Removing overlay from FXGLLoadingScene and adding to GameScene
14:08:39.079 [JavaFX Application Thread] DEBUG PrimaryStageWindow   - FXGLLoadingScene -> GameScene
14:08:39.164 [FXGL Background Thread 2 ] INFO  UpdaterService       - Your current version:  21.1
14:08:39.165 [FXGL Background Thread 2 ] INFO  UpdaterService       - Latest stable version: 25
14:08:41.233 [JavaFX Application Thread] DEBUG FXGLAssetLoaderServi - Loading from file system: file:/C:/Users/nicol/Desktop/amongu/out/production/Among%20Us/assets/sounds/clickBoton.wav
14:08:41.610 [FXGL Background Thread 3 ] DEBUG Engine               - Logging environment variables
14:08:41.611 [FXGL Background Thread 3 ] DEBUG Engine               - achievements: []
14:08:41.611 [FXGL Background Thread 3 ] DEBUG Engine               - actualHeight: 600.0
14:08:41.611 [FXGL Background Thread 3 ] DEBUG Engine               - actualHeightProperty: ReadOnlyDoubleProperty [value: 600.0]
14:08:41.611 [FXGL Background Thread 3 ] DEBUG Engine               - actualWidth: 800.0
14:08:41.611 [FXGL Background Thread 3 ] DEBUG Engine               - actualWidthProperty: ReadOnlyDoubleProperty [value: 800.0]
14:08:41.611 [FXGL Background Thread 3 ] DEBUG Engine               - appIcon: icono.png
14:08:41.611 [FXGL Background Thread 3 ] DEBUG Engine               - applicationMode: DEVELOPER
14:08:41.611 [FXGL Background Thread 3 ] DEBUG Engine               - cSSList: [fxgl_dark.css]
14:08:41.611 [FXGL Background Thread 3 ] DEBUG Engine               - collisionDetectionStrategy: BRUTE_FORCE
14:08:41.612 [FXGL Background Thread 3 ] DEBUG Engine               - configClass: Optional.empty
14:08:41.612 [FXGL Background Thread 3 ] DEBUG Engine               - credits: []
14:08:41.612 [FXGL Background Thread 3 ] DEBUG Engine               - defaultCursor: CursorInfo(imageName=fxgl_default_cursor.png, hotspotX=7.0, hotspotY=6.0)
14:08:41.612 [FXGL Background Thread 3 ] DEBUG Engine               - devBBoxColorProperty: ObjectProperty [value: 0xff0000ff]
14:08:41.612 [FXGL Background Thread 3 ] DEBUG Engine               - devEnableDebugCameraProperty: BooleanProperty [value: false]
14:08:41.612 [FXGL Background Thread 3 ] DEBUG Engine               - devSensorColorProperty: ObjectProperty [value: 0xffff00ff]
14:08:41.612 [FXGL Background Thread 3 ] DEBUG Engine               - devShowBBoxProperty: BooleanProperty [value: false]
14:08:41.612 [FXGL Background Thread 3 ] DEBUG Engine               - devShowPositionProperty: BooleanProperty [value: false]
14:08:41.612 [FXGL Background Thread 3 ] DEBUG Engine               - enabledMenuItems: []
14:08:41.612 [FXGL Background Thread 3 ] DEBUG Engine               - engineServices: [class com.almasb.fxgl.app.services.FXGLAssetLoaderService, class com.almasb.fxgl.app.FXGLApplication$GameApplicationService, class com.almasb.fxgl.app.services.FXGLDialogService, class com.almasb.fxgl.app.services.IOTaskExecutorService, class com.almasb.fxgl.io.FileSystemService, class com.almasb.fxgl.localization.LocalizationService, class com.almasb.fxgl.app.services.SystemBundleService, class com.almasb.fxgl.profile.SaveLoadService, class com.almasb.fxgl.ui.FXGLUIFactoryServiceProvider, class com.almasb.fxgl.ui.FXGLDialogFactoryServiceProvider, class com.almasb.fxgl.audio.AudioPlayer, class com.almasb.fxgl.notification.impl.NotificationServiceProvider, class com.almasb.fxgl.achievement.AchievementService, class com.almasb.fxgl.cutscene.CutsceneService, class com.almasb.fxgl.minigames.MiniGameService, class com.almasb.fxgl.net.NetService, class com.almasb.fxgl.app.services.UpdaterService, class com.almasb.fxgl.dev.DevService]
14:08:41.612 [FXGL Background Thread 3 ] DEBUG Engine               - fontGame: Abel-Regular.ttf
14:08:41.612 [FXGL Background Thread 3 ] DEBUG Engine               - fontMono: TerminalLandMono-Regular.otf
14:08:41.612 [FXGL Background Thread 3 ] DEBUG Engine               - fontSizeScaleUI: 1.0
14:08:41.612 [FXGL Background Thread 3 ] DEBUG Engine               - fontText: Courier-Prime.ttf
14:08:41.612 [FXGL Background Thread 3 ] DEBUG Engine               - fontUI: VarelaRound-Regular.ttf
14:08:41.612 [FXGL Background Thread 3 ] DEBUG Engine               - fullScreen: BooleanProperty [value: false]
14:08:41.612 [FXGL Background Thread 3 ] DEBUG Engine               - gameDifficulty: MEDIUM
14:08:41.612 [FXGL Background Thread 3 ] DEBUG Engine               - gameDifficultyProperty: ObjectProperty [value: MEDIUM]
14:08:41.612 [FXGL Background Thread 3 ] DEBUG Engine               - globalMusicVolume: 0.5
14:08:41.612 [FXGL Background Thread 3 ] DEBUG Engine               - globalMusicVolumeProperty: DoubleProperty [value: 0.4]
14:08:41.612 [FXGL Background Thread 3 ] DEBUG Engine               - globalSoundVolume: 0.5
14:08:41.613 [FXGL Background Thread 3 ] DEBUG Engine               - globalSoundVolumeProperty: DoubleProperty [value: 0.5]
14:08:41.613 [FXGL Background Thread 3 ] DEBUG Engine               - height: 600
14:08:41.613 [FXGL Background Thread 3 ] DEBUG Engine               - is3D: false
14:08:41.613 [FXGL Background Thread 3 ] DEBUG Engine               - isAndroid: false
14:08:41.613 [FXGL Background Thread 3 ] DEBUG Engine               - isBrowser: false
14:08:41.613 [FXGL Background Thread 3 ] DEBUG Engine               - isClickFeedbackEnabled: false
14:08:41.613 [FXGL Background Thread 3 ] DEBUG Engine               - isCloseConfirmation: false
14:08:41.613 [FXGL Background Thread 3 ] DEBUG Engine               - isDesktop: true
14:08:41.613 [FXGL Background Thread 3 ] DEBUG Engine               - isDeveloperMenuEnabled: false
14:08:41.613 [FXGL Background Thread 3 ] DEBUG Engine               - isEmbedded: false
14:08:41.613 [FXGL Background Thread 3 ] DEBUG Engine               - isEntityPreloadEnabled: true
14:08:41.613 [FXGL Background Thread 3 ] DEBUG Engine               - isExperimentalTiledLargeMap: false
14:08:41.613 [FXGL Background Thread 3 ] DEBUG Engine               - isFileSystemWriteAllowed: true
14:08:41.613 [FXGL Background Thread 3 ] DEBUG Engine               - isFullScreenAllowed: false
14:08:41.613 [FXGL Background Thread 3 ] DEBUG Engine               - isFullScreenFromStart: false
14:08:41.613 [FXGL Background Thread 3 ] DEBUG Engine               - isGameMenuEnabled: true
14:08:41.613 [FXGL Background Thread 3 ] DEBUG Engine               - isIOS: false
14:08:41.613 [FXGL Background Thread 3 ] DEBUG Engine               - isIntroEnabled: false
14:08:41.613 [FXGL Background Thread 3 ] DEBUG Engine               - isLinux: false
14:08:41.613 [FXGL Background Thread 3 ] DEBUG Engine               - isMac: false
14:08:41.613 [FXGL Background Thread 3 ] DEBUG Engine               - isMainMenuEnabled: false
14:08:41.613 [FXGL Background Thread 3 ] DEBUG Engine               - isManualResizeEnabled: false
14:08:41.613 [FXGL Background Thread 3 ] DEBUG Engine               - isMobile: false
14:08:41.613 [FXGL Background Thread 3 ] DEBUG Engine               - isNative: false
14:08:41.613 [FXGL Background Thread 3 ] DEBUG Engine               - isPauseMusicWhenMinimized: true
14:08:41.613 [FXGL Background Thread 3 ] DEBUG Engine               - isPreserveResizeRatio: false
14:08:41.613 [FXGL Background Thread 3 ] DEBUG Engine               - isProfilingEnabled: false
14:08:41.613 [FXGL Background Thread 3 ] DEBUG Engine               - isScaleAffectedOnResize: true
14:08:41.613 [FXGL Background Thread 3 ] DEBUG Engine               - isSingleStep: false
14:08:41.613 [FXGL Background Thread 3 ] DEBUG Engine               - isUserProfileEnabled: false
14:08:41.613 [FXGL Background Thread 3 ] DEBUG Engine               - isWindows: true
14:08:41.613 [FXGL Background Thread 3 ] DEBUG Engine               - language: ObjectProperty [value: ENGLISH]
14:08:41.613 [FXGL Background Thread 3 ] DEBUG Engine               - menuKey: ESCAPE
14:08:41.613 [FXGL Background Thread 3 ] DEBUG Engine               - mouseSensitivity: 0.2
14:08:41.613 [FXGL Background Thread 3 ] DEBUG Engine               - notificationViewClass: class com.almasb.fxgl.notification.view.XboxNotificationView
14:08:41.614 [FXGL Background Thread 3 ] DEBUG Engine               - pixelsPerMeter: 50.0
14:08:41.614 [FXGL Background Thread 3 ] DEBUG Engine               - platform: WINDOWS
14:08:41.614 [FXGL Background Thread 3 ] DEBUG Engine               - prefHeightProperty: ReadOnlyDoubleProperty [value: 600.0]
14:08:41.614 [FXGL Background Thread 3 ] DEBUG Engine               - prefWidthProperty: ReadOnlyDoubleProperty [value: 800.0]
14:08:41.614 [FXGL Background Thread 3 ] DEBUG Engine               - profileDir: profiles/
14:08:41.614 [FXGL Background Thread 3 ] DEBUG Engine               - profileName: StringProperty [value: DEFAULT]
14:08:41.614 [FXGL Background Thread 3 ] DEBUG Engine               - randomSeed: -1
14:08:41.614 [FXGL Background Thread 3 ] DEBUG Engine               - runtimeInfo: RuntimeInfo(platform=WINDOWS, version=21.1, build=26.03.2024 17.33)
14:08:41.614 [FXGL Background Thread 3 ] DEBUG Engine               - saveFileExt: sav
14:08:41.614 [FXGL Background Thread 3 ] DEBUG Engine               - scaledHeightProp$fxgl: DoubleProperty [bound, value: 600.0]
14:08:41.614 [FXGL Background Thread 3 ] DEBUG Engine               - scaledWidthProp$fxgl: DoubleProperty [bound, value: 800.0]
14:08:41.614 [FXGL Background Thread 3 ] DEBUG Engine               - sceneFactory: com.almasb.fxgl.app.scene.SceneFactory@59f88f0b
14:08:41.614 [FXGL Background Thread 3 ] DEBUG Engine               - secondsIn24h: 60
14:08:41.614 [FXGL Background Thread 3 ] DEBUG Engine               - soundMenuBack: menu/back.wav
14:08:41.614 [FXGL Background Thread 3 ] DEBUG Engine               - soundMenuPress: menu/press.wav
14:08:41.614 [FXGL Background Thread 3 ] DEBUG Engine               - soundMenuSelect: menu/select.wav
14:08:41.614 [FXGL Background Thread 3 ] DEBUG Engine               - soundNotification: core/notification.wav
14:08:41.614 [FXGL Background Thread 3 ] DEBUG Engine               - stageStyle: DECORATED
14:08:41.614 [FXGL Background Thread 3 ] DEBUG Engine               - supportedLanguages: [ENGLISH, FRENCH, GERMAN, HUNGARIAN, RUSSIAN]
14:08:41.614 [FXGL Background Thread 3 ] DEBUG Engine               - ticksPerSecond: -1
14:08:41.614 [FXGL Background Thread 3 ] DEBUG Engine               - title: Among Us UNEG
14:08:41.614 [FXGL Background Thread 3 ] DEBUG Engine               - urlGithub: https://github.com/AlmasB/FXGL
14:08:41.614 [FXGL Background Thread 3 ] DEBUG Engine               - urlLeaderboard: http://fxgl-top.herokuapp.com/
14:08:41.614 [FXGL Background Thread 3 ] DEBUG Engine               - urlPOM: https://raw.githubusercontent.com/AlmasB/FXGL/release/README.md
14:08:41.614 [FXGL Background Thread 3 ] DEBUG Engine               - userAppClass: class main.java.amongUs.AppPrincipal
14:08:41.614 [FXGL Background Thread 3 ] DEBUG Engine               - version: 0.0
14:08:41.614 [FXGL Background Thread 3 ] DEBUG Engine               - versionCheckDays: 7
14:08:41.614 [FXGL Background Thread 3 ] DEBUG Engine               - width: 800
14:08:41.614 [FXGL Background Thread 3 ] DEBUG Engine               - Logging services
14:08:41.614 [FXGL Background Thread 3 ] DEBUG Engine               - class com.almasb.fxgl.app.services.FXGLAssetLoaderService
14:08:41.614 [FXGL Background Thread 3 ] DEBUG Engine               - class com.almasb.fxgl.app.FXGLApplication$GameApplicationService
14:08:41.614 [FXGL Background Thread 3 ] DEBUG Engine               - class com.almasb.fxgl.app.services.FXGLDialogService
14:08:41.614 [FXGL Background Thread 3 ] DEBUG Engine               - class com.almasb.fxgl.app.services.IOTaskExecutorService
14:08:41.614 [FXGL Background Thread 3 ] DEBUG Engine               - class com.almasb.fxgl.io.FileSystemService
14:08:41.614 [FXGL Background Thread 3 ] DEBUG Engine               - class com.almasb.fxgl.localization.LocalizationService
14:08:41.614 [FXGL Background Thread 3 ] DEBUG Engine               - class com.almasb.fxgl.app.services.SystemBundleService
14:08:41.615 [FXGL Background Thread 3 ] DEBUG Engine               - class com.almasb.fxgl.profile.SaveLoadService
14:08:41.615 [FXGL Background Thread 3 ] DEBUG Engine               - class com.almasb.fxgl.ui.FXGLUIFactoryServiceProvider
14:08:41.615 [FXGL Background Thread 3 ] DEBUG Engine               - class com.almasb.fxgl.ui.FXGLDialogFactoryServiceProvider
14:08:41.615 [FXGL Background Thread 3 ] DEBUG Engine               - class com.almasb.fxgl.audio.AudioPlayer
14:08:41.615 [FXGL Background Thread 3 ] DEBUG Engine               - class com.almasb.fxgl.notification.impl.NotificationServiceProvider
14:08:41.615 [FXGL Background Thread 3 ] DEBUG Engine               - class com.almasb.fxgl.achievement.AchievementService
14:08:41.615 [FXGL Background Thread 3 ] DEBUG Engine               - class com.almasb.fxgl.cutscene.CutsceneService
14:08:41.615 [FXGL Background Thread 3 ] DEBUG Engine               - class com.almasb.fxgl.minigames.MiniGameService
14:08:41.615 [FXGL Background Thread 3 ] DEBUG Engine               - class com.almasb.fxgl.net.NetService
14:08:41.615 [FXGL Background Thread 3 ] DEBUG Engine               - class com.almasb.fxgl.app.services.UpdaterService
14:08:41.615 [FXGL Background Thread 3 ] DEBUG Engine               - class com.almasb.fxgl.dev.DevService
14:08:44.358 [JavaFX Application Thread] DEBUG FXGLAssetLoaderServi - Loading from file system: file:/C:/Users/nicol/Desktop/amongu/out/production/Among%20Us/assets/textures/tripulante_blanco.png
14:08:45.626 [JavaFX Application Thread] WARN  TMXLevelLoader       - TiledMap generated from 1.11.2. Supported version: 1.9.0. Some features may not be parsed fully.
14:08:45.638 [JavaFX Application Thread] DEBUG TMXLevelLoader       - Parsed TiledMap: file:/C:/Users/nicol/Desktop/amongu/out/production/Among%20Us/assets/levels/mapa1.tmx
14:08:45.639 [JavaFX Application Thread] DEBUG TMXLevelLoader       - Creating tile layer entities
14:08:45.642 [JavaFX Application Thread] DEBUG TilesetLoader        - Loading view for layer fondo
14:08:45.646 [JavaFX Application Thread] DEBUG TilesetLoader        - Created buffer with size 992.0x928.0
14:08:45.719 [JavaFX Application Thread] DEBUG TilesetLoader        - Loading view for layer pasillo
14:08:45.721 [JavaFX Application Thread] DEBUG TilesetLoader        - Created buffer with size 992.0x928.0
14:08:45.724 [JavaFX Application Thread] WARN  TilesetLoader        - Diagonally flipped tiles are not currently supported
14:08:45.727 [JavaFX Application Thread] WARN  TilesetLoader        - Diagonally flipped tiles are not currently supported
14:08:45.727 [JavaFX Application Thread] WARN  TilesetLoader        - Diagonally flipped tiles are not currently supported
14:08:45.727 [JavaFX Application Thread] WARN  TilesetLoader        - Diagonally flipped tiles are not currently supported
14:08:45.728 [JavaFX Application Thread] WARN  TilesetLoader        - Diagonally flipped tiles are not currently supported
14:08:45.729 [JavaFX Application Thread] WARN  TilesetLoader        - Diagonally flipped tiles are not currently supported
14:08:45.729 [JavaFX Application Thread] WARN  TilesetLoader        - Diagonally flipped tiles are not currently supported
14:08:45.729 [JavaFX Application Thread] WARN  TilesetLoader        - Diagonally flipped tiles are not currently supported
14:08:45.730 [JavaFX Application Thread] WARN  TilesetLoader        - Diagonally flipped tiles are not currently supported
14:08:45.730 [JavaFX Application Thread] WARN  TilesetLoader        - Diagonally flipped tiles are not currently supported
14:08:45.731 [JavaFX Application Thread] WARN  TilesetLoader        - Diagonally flipped tiles are not currently supported
14:08:45.732 [JavaFX Application Thread] WARN  TilesetLoader        - Diagonally flipped tiles are not currently supported
14:08:45.732 [JavaFX Application Thread] WARN  TilesetLoader        - Diagonally flipped tiles are not currently supported
14:08:45.733 [JavaFX Application Thread] WARN  TilesetLoader        - Diagonally flipped tiles are not currently supported
14:08:45.733 [JavaFX Application Thread] WARN  TilesetLoader        - Diagonally flipped tiles are not currently supported
14:08:45.733 [JavaFX Application Thread] WARN  TilesetLoader        - Diagonally flipped tiles are not currently supported
14:08:45.733 [JavaFX Application Thread] WARN  TilesetLoader        - Diagonally flipped tiles are not currently supported
14:08:45.734 [JavaFX Application Thread] WARN  TilesetLoader        - Diagonally flipped tiles are not currently supported
14:08:45.734 [JavaFX Application Thread] WARN  TilesetLoader        - Diagonally flipped tiles are not currently supported
14:08:45.734 [JavaFX Application Thread] WARN  TilesetLoader        - Diagonally flipped tiles are not currently supported
14:08:45.735 [JavaFX Application Thread] DEBUG TilesetLoader        - Loading view for layer piso
14:08:45.736 [JavaFX Application Thread] DEBUG TilesetLoader        - Created buffer with size 992.0x928.0
14:08:45.738 [JavaFX Application Thread] DEBUG TilesetLoader        - Loading view for layer detallesdetraspared
14:08:45.739 [JavaFX Application Thread] DEBUG TilesetLoader        - Created buffer with size 992.0x928.0
14:08:45.754 [JavaFX Application Thread] DEBUG TilesetLoader        - Loading view for layer pared1
14:08:45.754 [JavaFX Application Thread] DEBUG TilesetLoader        - Created buffer with size 992.0x928.0
14:08:45.759 [JavaFX Application Thread] DEBUG TilesetLoader        - Loading view for layer pared2
14:08:45.759 [JavaFX Application Thread] DEBUG TilesetLoader        - Created buffer with size 992.0x928.0
14:08:45.761 [JavaFX Application Thread] DEBUG TilesetLoader        - Loading view for layer pared3
14:08:45.762 [JavaFX Application Thread] DEBUG TilesetLoader        - Created buffer with size 992.0x928.0
14:08:45.767 [JavaFX Application Thread] DEBUG TilesetLoader        - Loading view for layer detalles
14:08:45.767 [JavaFX Application Thread] DEBUG TilesetLoader        - Created buffer with size 992.0x928.0
14:08:45.793 [JavaFX Application Thread] DEBUG TilesetLoader        - Loading view for layer detalles2
14:08:45.793 [JavaFX Application Thread] DEBUG TilesetLoader        - Created buffer with size 992.0x928.0
14:08:45.800 [JavaFX Application Thread] DEBUG TilesetLoader        - Loading view for layer camaras
14:08:45.801 [JavaFX Application Thread] DEBUG TilesetLoader        - Created buffer with size 992.0x928.0
14:08:45.802 [JavaFX Application Thread] DEBUG TilesetLoader        - Loading view for layer grieta
14:08:45.803 [JavaFX Application Thread] DEBUG TilesetLoader        - Created buffer with size 992.0x928.0
14:08:45.805 [JavaFX Application Thread] DEBUG TMXLevelLoader       - Creating object layer entities
14:08:45.836 [JavaFX Application Thread] DEBUG GameWorld            - Clearing removable entities
14:08:45.837 [JavaFX Application Thread] DEBUG GameWorld            - Setting level: com.almasb.fxgl.entity.level.Level@7908f92c
14:08:45.846 [JavaFX Application Thread] DEBUG FXGLAssetLoaderServi - Loading from file system: file:/C:/Users/nicol/Desktop/amongu/out/production/Among%20Us/assets/textures/MonitorDeCamaras.png
14:08:45.858 [JavaFX Application Thread] DEBUG FXGLAssetLoaderServi - Loading from file system: file:/C:/Users/nicol/Desktop/amongu/out/production/Among%20Us/assets/textures/flechaAmarillaIzq.png
14:08:45.859 [JavaFX Application Thread] DEBUG FXGLAssetLoaderServi - Loading from file system: file:/C:/Users/nicol/Desktop/amongu/out/production/Among%20Us/assets/textures/flechaAmarillaDer.png
14:08:45.866 [JavaFX Application Thread] DEBUG FXGLAssetLoaderServi - Loading from file system: file:/C:/Users/nicol/Desktop/amongu/out/production/Among%20Us/assets/textures/animacion_fantasma.png
14:08:45.869 [JavaFX Application Thread] DEBUG FXGLAssetLoaderServi - Loading from file system: file:/C:/Users/nicol/Desktop/amongu/out/production/Among%20Us/assets/textures/blanco_muerto.png
14:08:45.869 [JavaFX Application Thread] DEBUG FXGLAssetLoaderServi - Loading from file system: file:/C:/Users/nicol/Desktop/amongu/out/production/Among%20Us/assets/textures/animacion_blanco.png
14:08:45.870 [JavaFX Application Thread] DEBUG FXGLAssetLoaderServi - Loading from file system: file:/C:/Users/nicol/Desktop/amongu/out/production/Among%20Us/assets/textures/alcantarilla_blanco.png
14:08:45.870 [JavaFX Application Thread] DEBUG FXGLAssetLoaderServi - Loading from file system: file:/C:/Users/nicol/Desktop/amongu/out/production/Among%20Us/assets/textures/alcantarilla_blancoE.png
14:08:45.876 [JavaFX Application Thread] DEBUG FXGLAssetLoaderServi - Loading from file system: file:/C:/Users/nicol/Desktop/amongu/out/production/Among%20Us/assets/textures/accionNegada.png
14:08:45.879 [JavaFX Application Thread] DEBUG FXGLAssetLoaderServi - Loading from file system: file:/C:/Users/nicol/Desktop/amongu/out/production/Among%20Us/assets/textures/reportarNegado.png
14:08:45.885 [JavaFX Application Thread] DEBUG FXGLAssetLoaderServi - Loading from file system: file:/C:/Users/nicol/Desktop/amongu/out/production/Among%20Us/assets/textures/matarNegado.png
14:08:45.889 [JavaFX Application Thread] DEBUG FXGLAssetLoaderServi - Loading from file system: file:/C:/Users/nicol/Desktop/amongu/out/production/Among%20Us/assets/textures/sabotaje.png
14:08:45.894 [JavaFX Application Thread] DEBUG FXGLAssetLoaderServi - Loading from file system: file:/C:/Users/nicol/Desktop/amongu/out/production/Among%20Us/assets/textures/animacion_codigo.png
14:08:45.905 [JavaFX Application Thread] DEBUG FXGLAssetLoaderServi - Loading from file system: file:/C:/Users/nicol/Desktop/amongu/out/production/Among%20Us/assets/textures/animacion_datos.png
14:08:45.936 [JavaFX Application Thread] DEBUG FXGLAssetLoaderServi - Loading from file system: file:/C:/Users/nicol/Desktop/amongu/out/production/Among%20Us/assets/textures/animacion_temperatura.png
14:08:45.962 [JavaFX Application Thread] DEBUG FXGLAssetLoaderServi - Loading from file system: file:/C:/Users/nicol/Desktop/amongu/out/production/Among%20Us/assets/textures/animacion_basura.png
14:08:45.987 [JavaFX Application Thread] WARN  FXGLAssetLoaderServi - Asset "/assets/textures/animacion_reactor.png" was not found!
14:08:45.987 [JavaFX Application Thread] WARN  FXGLAssetLoaderServi - Failed to load IMAGE
14:08:45.994 [JavaFX Application Thread] DEBUG FXGLAssetLoaderServi - Loading from file system: file:/C:/Users/nicol/Desktop/amongu/out/production/Among%20Us/assets/textures/barra_0.png
14:08:45.997 [JavaFX Application Thread] DEBUG FXGLAssetLoaderServi - Loading from file system: file:/C:/Users/nicol/Desktop/amongu/out/production/Among%20Us/assets/textures/pantalla_impostor.png
14:08:55.797 [JavaFX Application Thread] DEBUG FXGLAssetLoaderServi - Loading from file system: file:/C:/Users/nicol/Desktop/amongu/out/production/Among%20Us/assets/textures/accion.png
14:09:08.587 [JavaFX Application Thread] DEBUG Input                - Mocking key press: Space
14:09:08.589 [JavaFX Application Thread] DEBUG FXGLAssetLoaderServi - Loading from file system: file:/C:/Users/nicol/Desktop/amongu/out/production/Among%20Us/assets/textures/flechaRojaIzq.png
14:09:08.593 [JavaFX Application Thread] DEBUG FXGLAssetLoaderServi - Loading from file system: file:/C:/Users/nicol/Desktop/amongu/out/production/Among%20Us/assets/textures/flechaRojaArriba.png
14:09:08.597 [JavaFX Application Thread] DEBUG Input                - Mocking key release: Space
14:09:09.679 [JavaFX Application Thread] DEBUG FXGLAssetLoaderServi - Loading from file system: file:/C:/Users/nicol/Desktop/amongu/out/production/Among%20Us/assets/textures/flechaRojaAbajo.png
14:09:10.737 [JavaFX Application Thread] DEBUG Input                - Mocking key press: Space
14:09:10.738 [JavaFX Application Thread] DEBUG Input                - Mocking key release: Space
14:09:43.034 [JavaFX Application Thread] DEBUG FXGLApplication      - Exiting FXGL
14:09:43.034 [JavaFX Application Thread] DEBUG LoopRunner           - Stopping loop
14:09:43.034 [JavaFX Application Thread] DEBUG SystemBundleService  - Saving FXGL system data
14:09:43.038 [JavaFX Application Thread] DEBUG FileSystemAccess     - Writing to: C:\Users\nicol\Desktop\amongu\system\fxgl.bundle
14:09:43.039 [JavaFX Application Thread] DEBUG Async                - Shutting down background threads
14:09:43.040 [JavaFX Application Thread] DEBUG PrimaryStageWindow   - Closing main window
14:09:43.058 [JavaFX Application Thread] DEBUG Logger               - Closing Logger
