19:33:42.993 [main                     ] DEBUG Logger               - Configured Logger
19:33:43.275 [main                     ] DEBUG GameApplication      - Logging settings
Title: Among Us UNEG
Version: 0.0
Width: 800
Height: 600
Fullscreen: false
Intro: false
Profiling: false
Single step:false
App Mode: DEVELOPER
Menu Key: ESCAPE
Stage Style: DECORATED
Scene Factory: class com.almasb.fxgl.app.scene.SceneFactory

19:33:52.316 [JavaFX Application Thread] DEBUG FXGLApplication      - Initializing FXGL
19:33:52.356 [JavaFX Application Thread] INFO  Engine               - FXGL-21.1 (26.03.2024 17.33) on WINDOWS (J:25.0.2 FX:21.0.1)
19:33:52.356 [JavaFX Application Thread] DEBUG Engine               - JRE Vendor Name: Oracle Corporation
19:33:52.356 [JavaFX Application Thread] DEBUG Engine               - Running on OS: Windows 11 version 10.0
19:33:52.357 [JavaFX Application Thread] DEBUG Engine               - Architecture: amd64
19:33:52.357 [JavaFX Application Thread] INFO  Engine               - Source code and latest versions at: https://github.com/AlmasB/FXGL
19:33:52.358 [JavaFX Application Thread] INFO  Engine               -       Ask questions and discuss at: https://github.com/AlmasB/FXGL/discussions
19:33:52.358 [JavaFX Application Thread] INFO  Engine               -              Join the FXGL chat at: https://gitter.im/AlmasB/FXGL
19:33:53.226 [JavaFX Application Thread] DEBUG PrimaryStageWindow   - Creating a JavaFX scene
19:33:53.883 [JavaFX Application Thread] DEBUG PrimaryStageWindow   - Target settings size: 800.0 x 600.0
19:33:53.884 [JavaFX Application Thread] DEBUG PrimaryStageWindow   - Scaled scene size:    800.0 x 600.0
19:33:53.884 [JavaFX Application Thread] DEBUG PrimaryStageWindow   - Scaled ratio: (1.0, 1.0)
19:33:53.890 [JavaFX Application Thread] DEBUG PrimaryStageWindow   - Set initial scene to FXGLStartupScene
19:33:53.915 [JavaFX Application Thread] DEBUG PrimaryStageWindow   - Opening main window
19:34:01.126 [JavaFX Application Thread] DEBUG PrimaryStageWindow   - Window border size: (16.0, 39.0)
19:34:01.127 [JavaFX Application Thread] DEBUG PrimaryStageWindow   - Scaled size: 800.0 x 600.0
19:34:01.178 [JavaFX Application Thread] DEBUG PrimaryStageWindow   - Scaled ratio: (1.0, 1.0)
19:34:01.178 [JavaFX Application Thread] DEBUG PrimaryStageWindow   - Scene size: 800.0 x 600.0
19:34:01.178 [JavaFX Application Thread] DEBUG PrimaryStageWindow   - Stage size: 816.0 x 639.0
19:34:01.350 [FXGL Background Thread 1 ] DEBUG Engine               - Initializing environment variables
19:34:03.084 [FXGL Background Thread 1 ] DEBUG FXGLAssetLoaderServi - User app class for loading assets: class main.java.amongUs.AppPrincipal
19:34:03.084 [FXGL Background Thread 1 ] DEBUG GameApplicationServi - Applying CSS: fxgl_dark.css
19:34:03.086 [FXGL Background Thread 1 ] DEBUG FXGLAssetLoaderServi - Loading from file system: jar:file:/C:/Users/josue/OneDrive/Desktop/proyecto%20java/Among%20Us/lib/fxgl-21.1-uber.jar!/fxglassets/ui/css/fxgl_dark.css
19:34:03.535 [FXGL Background Thread 1 ] DEBUG GameApplicationServi - Initializing application scenes
19:34:04.347 [FXGL Background Thread 1 ] DEBUG GameWorld            - Game world initialized
19:34:04.455 [FXGL Background Thread 1 ] DEBUG PhysicsWorld         - Physics world initialized: appHeight=600, physics.ppm=50,0
19:34:04.456 [FXGL Background Thread 1 ] DEBUG PhysicsWorld         - Using strategy: BRUTE_FORCE
19:34:04.466 [FXGL Background Thread 1 ] DEBUG GameScene            - Game scene initialized: 800x600
19:34:04.489 [FXGL Background Thread 1 ] DEBUG FXGL.DefaultMenu     - createMenuBodyGameMenu()
19:34:04.528 [FXGL Background Thread 1 ] DEBUG FXGL.DefaultMenu     - createOptionsMenu()
19:34:04.554 [FXGL Background Thread 1 ] DEBUG FXGLAssetLoaderServi - Loading from file system: jar:file:/C:/Users/josue/OneDrive/Desktop/proyecto%20java/Among%20Us/lib/fxgl-21.1-uber.jar!/fxglassets/textures/particles/smoke.png
19:34:04.885 [FXGL Background Thread 1 ] DEBUG FXGLAssetLoaderServi - Loading from file system: jar:file:/C:/Users/josue/OneDrive/Desktop/proyecto%20java/Among%20Us/lib/fxgl-21.1-uber.jar!/fxglassets/textures/particles/trace_horizontal.png
19:34:04.970 [FXGL Background Thread 1 ] DEBUG GameApplicationServi - Application scenes initialized
19:34:05.005 [FXGL Background Thread 1 ] DEBUG SystemBundleService  - Loading FXGL system data
19:34:05.013 [FXGL Background Thread 1 ] DEBUG FileSystemAccess     - Reading from: C:\Users\josue\OneDrive\Desktop\proyecto java\Among Us\system\fxgl.bundle
19:34:05.034 [FXGL Background Thread 1 ] DEBUG SystemBundleService  - Bundle FXGL: {}
19:34:05.034 [FXGL Background Thread 1 ] DEBUG UpdaterService       - Checking for updates
19:34:05.043 [FXGL Background Thread 1 ] DEBUG FXGLApplication      - Loading default localization
19:34:05.044 [FXGL Background Thread 1 ] DEBUG FXGLAssetLoaderServi - Loading from file system: jar:file:/C:/Users/josue/OneDrive/Desktop/proyecto%20java/Among%20Us/lib/fxgl-21.1-uber.jar!/fxglassets/languages/english.lang
19:34:05.077 [FXGL Background Thread 1 ] INFO  FXGLApplication      - FXGL initialization took: 3,726 sec
19:34:05.103 [JavaFX Application Thread] DEBUG Input                - Registered new binding: Mover Arriba - W
19:34:05.104 [JavaFX Application Thread] DEBUG Input                - Registered new binding: Mover Abajo - S
19:34:05.104 [JavaFX Application Thread] DEBUG Input                - Registered new binding: Mover Izquierda - A
19:34:05.104 [JavaFX Application Thread] DEBUG Input                - Registered new binding: Mover Derecha - D
19:34:05.106 [JavaFX Application Thread] DEBUG Input                - Registered new binding: Abrir Camaras - C
19:34:05.108 [JavaFX Application Thread] DEBUG Input                - Registered new binding: Usar Alcantarilla - Space
19:34:05.109 [JavaFX Application Thread] DEBUG Input                - Registered new binding: Vent Izquierda - Left
19:34:05.109 [JavaFX Application Thread] DEBUG Input                - Registered new binding: Vent Derecha - Right
19:34:05.110 [JavaFX Application Thread] DEBUG Input                - Registered new binding: Vent Arriba - Up
19:34:05.110 [JavaFX Application Thread] DEBUG Input                - Registered new binding: Vent Abajo - Down
19:34:05.112 [JavaFX Application Thread] DEBUG FXGLAssetLoaderServi - Loading from file system: file:/C:/Users/josue/OneDrive/Desktop/proyecto%20java/Among%20Us/out/production/Among%20Us/assets/textures/icono.png
19:34:05.287 [FXGL Background Thread 4 ] DEBUG FXGLApplication      - Loading fonts
19:34:05.287 [FXGL Background Thread 4 ] DEBUG FXGLAssetLoaderServi - Loading from file system: jar:file:/C:/Users/josue/OneDrive/Desktop/proyecto%20java/Among%20Us/lib/fxgl-21.1-uber.jar!/fxglassets/ui/fonts/VarelaRound-Regular.ttf
19:34:05.319 [JavaFX Application Thread] DEBUG FXGLAssetLoaderServi - Loading from file system: jar:file:/C:/Users/josue/OneDrive/Desktop/proyecto%20java/Among%20Us/lib/fxgl-21.1-uber.jar!/fxglassets/textures/fxgl_default_cursor.png
19:34:05.327 [JavaFX Application Thread] DEBUG Input                - Registered new binding: Screenshot - CTRL+8
19:34:05.328 [JavaFX Application Thread] DEBUG Input                - Registered new binding: System info dump - CTRL+9
19:34:05.330 [JavaFX Application Thread] DEBUG Input                - Registered new binding: Restart - CTRL+R
19:34:05.335 [JavaFX Application Thread] DEBUG Input                - Registered new binding: Toggle Debug Camera - CTRL+7
19:34:05.350 [JavaFX Application Thread] DEBUG LoopRunner           - Starting loop
19:34:05.350 [JavaFX Application Thread] DEBUG LoopRunner           - Initializing JavaFX AnimationTimerLoop
19:34:05.353 [JavaFX Application Thread] DEBUG GameApplicationServi - Starting new game
19:34:05.355 [JavaFX Application Thread] DEBUG Input                - Clearing active input actions
19:34:05.519 [JavaFX Application Thread] DEBUG GameApplicationServi - Removing overlay from FXGLStartupScene and adding to FXGLLoadingScene
19:34:05.519 [JavaFX Application Thread] DEBUG PrimaryStageWindow   - FXGLStartupScene -> FXGLLoadingScene
19:34:05.529 [JavaFX Application Thread] DEBUG GameApplicationServi - Clearing previous game
19:34:05.529 [JavaFX Application Thread] DEBUG GameScene            - Clearing game scene
19:34:05.529 [JavaFX Application Thread] DEBUG GameWorld            - Clearing game world
19:34:05.529 [JavaFX Application Thread] DEBUG PhysicsWorld         - Clearing physics world
19:34:05.533 [FXGL Background Thread 1 ] DEBUG FXGLApplication      - Initializing game
19:34:05.550 [FXGL Background Thread 1 ] DEBUG FXGLAssetLoaderServi - Loading from file system: file:/C:/Users/josue/OneDrive/Desktop/proyecto%20java/Among%20Us/out/production/Among%20Us/assets/textures/MonitorDeCamaras.png
19:34:05.729 [FXGL Background Thread 1 ] DEBUG FXGLAssetLoaderServi - Loading from file system: file:/C:/Users/josue/OneDrive/Desktop/proyecto%20java/Among%20Us/out/production/Among%20Us/assets/textures/flechaAmarillaIzq.png
19:34:05.748 [FXGL Background Thread 1 ] DEBUG FXGLAssetLoaderServi - Loading from file system: file:/C:/Users/josue/OneDrive/Desktop/proyecto%20java/Among%20Us/out/production/Among%20Us/assets/textures/flechaAmarillaDer.png
19:34:05.774 [FXGL Background Thread 1 ] DEBUG FXGLAssetLoaderServi - Loading from file system: file:/C:/Users/josue/OneDrive/Desktop/proyecto%20java/Among%20Us/out/production/Among%20Us/assets/music/musicaMenu.mp3
19:34:06.414 [FXGL Background Thread 1 ] DEBUG AudioPlayer          - Playing music com.almasb.fxgl.audio.Music@19e30e13
19:34:07.277 [FXGL Background Thread 4 ] DEBUG FXGLAssetLoaderServi - Loading from file system: jar:file:/C:/Users/josue/OneDrive/Desktop/proyecto%20java/Among%20Us/lib/fxgl-21.1-uber.jar!/fxglassets/ui/fonts/Abel-Regular.ttf
19:34:07.306 [FXGL Background Thread 4 ] DEBUG FXGLAssetLoaderServi - Loading from file system: jar:file:/C:/Users/josue/OneDrive/Desktop/proyecto%20java/Among%20Us/lib/fxgl-21.1-uber.jar!/fxglassets/ui/fonts/TerminalLandMono-Regular.otf
19:34:07.321 [FXGL Background Thread 4 ] DEBUG FXGLAssetLoaderServi - Loading from file system: jar:file:/C:/Users/josue/OneDrive/Desktop/proyecto%20java/Among%20Us/lib/fxgl-21.1-uber.jar!/fxglassets/ui/fonts/Courier-Prime.ttf
19:34:07.458 [FXGL Background Thread 1 ] INFO  FXGLApplication      - Game initialization took: 1,925 sec
19:34:08.042 [FXGL Background Thread 3 ] DEBUG Engine               - Logging environment variables
19:34:08.048 [FXGL Background Thread 3 ] DEBUG Engine               - achievements: []
19:34:08.048 [FXGL Background Thread 3 ] DEBUG Engine               - actualHeight: 600.0
19:34:08.048 [FXGL Background Thread 3 ] DEBUG Engine               - actualHeightProperty: ReadOnlyDoubleProperty [value: 600.0]
19:34:08.055 [FXGL Background Thread 3 ] DEBUG Engine               - actualWidth: 800.0
19:34:08.107 [FXGL Background Thread 3 ] DEBUG Engine               - actualWidthProperty: ReadOnlyDoubleProperty [value: 800.0]
19:34:08.119 [FXGL Background Thread 3 ] DEBUG Engine               - appIcon: icono.png
19:34:08.119 [FXGL Background Thread 3 ] DEBUG Engine               - applicationMode: DEVELOPER
19:34:08.119 [FXGL Background Thread 3 ] DEBUG Engine               - cSSList: [fxgl_dark.css]
19:34:08.119 [FXGL Background Thread 3 ] DEBUG Engine               - collisionDetectionStrategy: BRUTE_FORCE
19:34:08.119 [FXGL Background Thread 3 ] DEBUG Engine               - configClass: Optional.empty
19:34:08.119 [FXGL Background Thread 3 ] DEBUG Engine               - credits: []
19:34:08.120 [FXGL Background Thread 3 ] DEBUG Engine               - defaultCursor: CursorInfo(imageName=fxgl_default_cursor.png, hotspotX=7.0, hotspotY=6.0)
19:34:08.120 [FXGL Background Thread 3 ] DEBUG Engine               - devBBoxColorProperty: ObjectProperty [value: 0xff0000ff]
19:34:08.123 [FXGL Background Thread 3 ] DEBUG Engine               - devEnableDebugCameraProperty: BooleanProperty [value: false]
19:34:08.123 [FXGL Background Thread 3 ] DEBUG Engine               - devSensorColorProperty: ObjectProperty [value: 0xffff00ff]
19:34:08.153 [FXGL Background Thread 3 ] DEBUG Engine               - devShowBBoxProperty: BooleanProperty [value: false]
19:34:08.153 [FXGL Background Thread 3 ] DEBUG Engine               - devShowPositionProperty: BooleanProperty [value: false]
19:34:08.153 [FXGL Background Thread 3 ] DEBUG Engine               - enabledMenuItems: []
19:34:08.160 [FXGL Background Thread 3 ] DEBUG Engine               - engineServices: [class com.almasb.fxgl.app.services.FXGLAssetLoaderService, class com.almasb.fxgl.app.FXGLApplication$GameApplicationService, class com.almasb.fxgl.app.services.FXGLDialogService, class com.almasb.fxgl.app.services.IOTaskExecutorService, class com.almasb.fxgl.io.FileSystemService, class com.almasb.fxgl.localization.LocalizationService, class com.almasb.fxgl.app.services.SystemBundleService, class com.almasb.fxgl.profile.SaveLoadService, class com.almasb.fxgl.ui.FXGLUIFactoryServiceProvider, class com.almasb.fxgl.ui.FXGLDialogFactoryServiceProvider, class com.almasb.fxgl.audio.AudioPlayer, class com.almasb.fxgl.notification.impl.NotificationServiceProvider, class com.almasb.fxgl.achievement.AchievementService, class com.almasb.fxgl.cutscene.CutsceneService, class com.almasb.fxgl.minigames.MiniGameService, class com.almasb.fxgl.net.NetService, class com.almasb.fxgl.app.services.UpdaterService, class com.almasb.fxgl.dev.DevService]
19:34:08.160 [FXGL Background Thread 3 ] DEBUG Engine               - fontGame: Abel-Regular.ttf
19:34:08.160 [FXGL Background Thread 3 ] DEBUG Engine               - fontMono: TerminalLandMono-Regular.otf
19:34:08.160 [FXGL Background Thread 3 ] DEBUG Engine               - fontSizeScaleUI: 1.0
19:34:08.160 [FXGL Background Thread 3 ] DEBUG Engine               - fontText: Courier-Prime.ttf
19:34:08.160 [FXGL Background Thread 3 ] DEBUG Engine               - fontUI: VarelaRound-Regular.ttf
19:34:08.160 [FXGL Background Thread 3 ] DEBUG Engine               - fullScreen: BooleanProperty [value: false]
19:34:08.160 [FXGL Background Thread 3 ] DEBUG Engine               - gameDifficulty: MEDIUM
19:34:08.187 [FXGL Background Thread 3 ] DEBUG Engine               - gameDifficultyProperty: ObjectProperty [value: MEDIUM]
19:34:08.218 [FXGL Background Thread 3 ] DEBUG Engine               - globalMusicVolume: 0.5
19:34:08.239 [FXGL Background Thread 3 ] DEBUG Engine               - globalMusicVolumeProperty: DoubleProperty [value: 0.4]
19:34:08.239 [FXGL Background Thread 3 ] DEBUG Engine               - globalSoundVolume: 0.5
19:34:08.239 [FXGL Background Thread 3 ] DEBUG Engine               - globalSoundVolumeProperty: DoubleProperty [value: 0.5]
19:34:08.239 [FXGL Background Thread 3 ] DEBUG Engine               - height: 600
19:34:08.239 [FXGL Background Thread 3 ] DEBUG Engine               - is3D: false
19:34:08.239 [FXGL Background Thread 3 ] DEBUG Engine               - isAndroid: false
19:34:08.249 [FXGL Background Thread 3 ] DEBUG Engine               - isBrowser: false
19:34:08.249 [FXGL Background Thread 3 ] DEBUG Engine               - isClickFeedbackEnabled: false
19:34:08.257 [FXGL Background Thread 3 ] DEBUG Engine               - isCloseConfirmation: false
19:34:08.257 [FXGL Background Thread 3 ] DEBUG Engine               - isDesktop: true
19:34:08.260 [FXGL Background Thread 3 ] DEBUG Engine               - isDeveloperMenuEnabled: false
19:34:08.267 [FXGL Background Thread 3 ] DEBUG Engine               - isEmbedded: false
19:34:08.269 [FXGL Background Thread 3 ] DEBUG Engine               - isEntityPreloadEnabled: true
19:34:08.269 [FXGL Background Thread 3 ] DEBUG Engine               - isExperimentalTiledLargeMap: false
19:34:08.269 [FXGL Background Thread 3 ] DEBUG Engine               - isFileSystemWriteAllowed: true
19:34:08.269 [FXGL Background Thread 3 ] DEBUG Engine               - isFullScreenAllowed: false
19:34:08.269 [FXGL Background Thread 3 ] DEBUG Engine               - isFullScreenFromStart: false
19:34:08.270 [FXGL Background Thread 3 ] DEBUG Engine               - isGameMenuEnabled: true
19:34:08.270 [FXGL Background Thread 3 ] DEBUG Engine               - isIOS: false
19:34:08.273 [FXGL Background Thread 3 ] DEBUG Engine               - isIntroEnabled: false
19:34:08.273 [FXGL Background Thread 3 ] DEBUG Engine               - isLinux: false
19:34:08.273 [FXGL Background Thread 3 ] DEBUG Engine               - isMac: false
19:34:08.273 [FXGL Background Thread 3 ] DEBUG Engine               - isMainMenuEnabled: false
19:34:08.273 [FXGL Background Thread 3 ] DEBUG Engine               - isManualResizeEnabled: false
19:34:08.273 [FXGL Background Thread 3 ] DEBUG Engine               - isMobile: false
19:34:08.273 [FXGL Background Thread 3 ] DEBUG Engine               - isNative: false
19:34:08.273 [FXGL Background Thread 3 ] DEBUG Engine               - isPauseMusicWhenMinimized: true
19:34:08.274 [FXGL Background Thread 3 ] DEBUG Engine               - isPreserveResizeRatio: false
19:34:08.274 [FXGL Background Thread 3 ] DEBUG Engine               - isProfilingEnabled: false
19:34:08.274 [FXGL Background Thread 3 ] DEBUG Engine               - isScaleAffectedOnResize: true
19:34:08.274 [FXGL Background Thread 3 ] DEBUG Engine               - isSingleStep: false
19:34:08.274 [FXGL Background Thread 3 ] DEBUG Engine               - isUserProfileEnabled: false
19:34:08.274 [FXGL Background Thread 3 ] DEBUG Engine               - isWindows: true
19:34:08.274 [FXGL Background Thread 3 ] DEBUG Engine               - language: ObjectProperty [value: ENGLISH]
19:34:08.274 [FXGL Background Thread 3 ] DEBUG Engine               - menuKey: ESCAPE
19:34:08.274 [FXGL Background Thread 3 ] DEBUG Engine               - mouseSensitivity: 0.2
19:34:08.274 [FXGL Background Thread 3 ] DEBUG Engine               - notificationViewClass: class com.almasb.fxgl.notification.view.XboxNotificationView
19:34:08.274 [FXGL Background Thread 3 ] DEBUG Engine               - pixelsPerMeter: 50.0
19:34:08.274 [FXGL Background Thread 3 ] DEBUG Engine               - platform: WINDOWS
19:34:08.274 [FXGL Background Thread 3 ] DEBUG Engine               - prefHeightProperty: ReadOnlyDoubleProperty [value: 600.0]
19:34:08.274 [FXGL Background Thread 3 ] DEBUG Engine               - prefWidthProperty: ReadOnlyDoubleProperty [value: 800.0]
19:34:08.274 [FXGL Background Thread 3 ] DEBUG Engine               - profileDir: profiles/
19:34:08.275 [FXGL Background Thread 3 ] DEBUG Engine               - profileName: StringProperty [value: DEFAULT]
19:34:08.275 [FXGL Background Thread 3 ] DEBUG Engine               - randomSeed: -1
19:34:08.275 [FXGL Background Thread 3 ] DEBUG Engine               - runtimeInfo: RuntimeInfo(platform=WINDOWS, version=21.1, build=26.03.2024 17.33)
19:34:08.275 [FXGL Background Thread 3 ] DEBUG Engine               - saveFileExt: sav
19:34:08.275 [FXGL Background Thread 3 ] DEBUG Engine               - scaledHeightProp$fxgl: DoubleProperty [bound, value: 600.0]
19:34:08.275 [FXGL Background Thread 3 ] DEBUG Engine               - scaledWidthProp$fxgl: DoubleProperty [bound, value: 800.0]
19:34:08.275 [FXGL Background Thread 3 ] DEBUG Engine               - sceneFactory: com.almasb.fxgl.app.scene.SceneFactory@769cbcc0
19:34:08.275 [FXGL Background Thread 3 ] DEBUG Engine               - secondsIn24h: 60
19:34:08.275 [FXGL Background Thread 3 ] DEBUG Engine               - soundMenuBack: menu/back.wav
19:34:08.275 [FXGL Background Thread 3 ] DEBUG Engine               - soundMenuPress: menu/press.wav
19:34:08.276 [FXGL Background Thread 3 ] DEBUG Engine               - soundMenuSelect: menu/select.wav
19:34:08.276 [FXGL Background Thread 3 ] DEBUG Engine               - soundNotification: core/notification.wav
19:34:08.276 [FXGL Background Thread 3 ] DEBUG Engine               - stageStyle: DECORATED
19:34:08.276 [FXGL Background Thread 3 ] DEBUG Engine               - supportedLanguages: [ENGLISH, FRENCH, GERMAN, HUNGARIAN, RUSSIAN]
19:34:08.276 [FXGL Background Thread 3 ] DEBUG Engine               - ticksPerSecond: -1
19:34:08.276 [FXGL Background Thread 3 ] DEBUG Engine               - title: Among Us UNEG
19:34:08.276 [FXGL Background Thread 3 ] DEBUG Engine               - urlGithub: https://github.com/AlmasB/FXGL
19:34:08.276 [FXGL Background Thread 3 ] DEBUG Engine               - urlLeaderboard: http://fxgl-top.herokuapp.com/
19:34:08.276 [FXGL Background Thread 3 ] DEBUG Engine               - urlPOM: https://raw.githubusercontent.com/AlmasB/FXGL/release/README.md
19:34:08.276 [FXGL Background Thread 3 ] DEBUG Engine               - userAppClass: class main.java.amongUs.AppPrincipal
19:34:08.276 [FXGL Background Thread 3 ] DEBUG Engine               - version: 0.0
19:34:08.276 [FXGL Background Thread 3 ] DEBUG Engine               - versionCheckDays: 7
19:34:08.276 [FXGL Background Thread 3 ] DEBUG Engine               - width: 800
19:34:08.276 [FXGL Background Thread 3 ] DEBUG Engine               - Logging services
19:34:08.276 [FXGL Background Thread 3 ] DEBUG Engine               - class com.almasb.fxgl.app.services.FXGLAssetLoaderService
19:34:08.276 [FXGL Background Thread 3 ] DEBUG Engine               - class com.almasb.fxgl.app.FXGLApplication$GameApplicationService
19:34:08.276 [FXGL Background Thread 3 ] DEBUG Engine               - class com.almasb.fxgl.app.services.FXGLDialogService
19:34:08.276 [FXGL Background Thread 3 ] DEBUG Engine               - class com.almasb.fxgl.app.services.IOTaskExecutorService
19:34:08.276 [FXGL Background Thread 3 ] DEBUG Engine               - class com.almasb.fxgl.io.FileSystemService
19:34:08.276 [FXGL Background Thread 3 ] DEBUG Engine               - class com.almasb.fxgl.localization.LocalizationService
19:34:08.276 [FXGL Background Thread 3 ] DEBUG Engine               - class com.almasb.fxgl.app.services.SystemBundleService
19:34:08.276 [FXGL Background Thread 3 ] DEBUG Engine               - class com.almasb.fxgl.profile.SaveLoadService
19:34:08.276 [FXGL Background Thread 3 ] DEBUG Engine               - class com.almasb.fxgl.ui.FXGLUIFactoryServiceProvider
19:34:08.276 [FXGL Background Thread 3 ] DEBUG Engine               - class com.almasb.fxgl.ui.FXGLDialogFactoryServiceProvider
19:34:08.276 [FXGL Background Thread 3 ] DEBUG Engine               - class com.almasb.fxgl.audio.AudioPlayer
19:34:08.277 [FXGL Background Thread 3 ] DEBUG Engine               - class com.almasb.fxgl.notification.impl.NotificationServiceProvider
19:34:08.277 [FXGL Background Thread 3 ] DEBUG Engine               - class com.almasb.fxgl.achievement.AchievementService
19:34:08.277 [FXGL Background Thread 3 ] DEBUG Engine               - class com.almasb.fxgl.cutscene.CutsceneService
19:34:08.277 [FXGL Background Thread 3 ] DEBUG Engine               - class com.almasb.fxgl.minigames.MiniGameService
19:34:08.277 [FXGL Background Thread 3 ] DEBUG Engine               - class com.almasb.fxgl.net.NetService
19:34:08.277 [FXGL Background Thread 3 ] DEBUG Engine               - class com.almasb.fxgl.app.services.UpdaterService
19:34:08.277 [FXGL Background Thread 3 ] DEBUG Engine               - class com.almasb.fxgl.dev.DevService
19:34:08.327 [JavaFX Application Thread] DEBUG FXGLApplication      - Registering font factories with UI factory
19:34:08.339 [JavaFX Application Thread] DEBUG Input                - Clearing active input actions
19:34:08.356 [JavaFX Application Thread] DEBUG GameApplicationServi - Removing overlay from FXGLLoadingScene and adding to GameScene
19:34:08.356 [JavaFX Application Thread] DEBUG PrimaryStageWindow   - FXGLLoadingScene -> GameScene
19:34:09.133 [JavaFX Application Thread] DEBUG FXGLAssetLoaderServi - Loading from file system: file:/C:/Users/josue/OneDrive/Desktop/proyecto%20java/Among%20Us/out/production/Among%20Us/assets/sounds/clickBoton.wav
19:34:10.117 [FXGL Background Thread 2 ] INFO  UpdaterService       - Your current version:  21.1
19:34:10.117 [FXGL Background Thread 2 ] INFO  UpdaterService       - Latest stable version: 25
19:34:14.452 [JavaFX Application Thread] DEBUG FXGLAssetLoaderServi - Loading from file system: file:/C:/Users/josue/OneDrive/Desktop/proyecto%20java/Among%20Us/out/production/Among%20Us/assets/textures/tripulante_negro.png
19:34:17.084 [JavaFX Application Thread] DEBUG FXGLAssetLoaderServi - Loading from file system: file:/C:/Users/josue/OneDrive/Desktop/proyecto%20java/Among%20Us/out/production/Among%20Us/assets/textures/tripulante_azul.png
19:34:25.445 [JavaFX Application Thread] DEBUG FXGLAssetLoaderServi - Loading from file system: file:/C:/Users/josue/OneDrive/Desktop/proyecto%20java/Among%20Us/out/production/Among%20Us/assets/textures/tripulante_rosa.png
19:34:50.843 [JavaFX Application Thread] DEBUG FXGLAssetLoaderServi - Loading from file system: file:/C:/Users/josue/OneDrive/Desktop/proyecto%20java/Among%20Us/out/production/Among%20Us/assets/textures/tripulante_naranja.png
19:34:52.266 [JavaFX Application Thread] WARN  TMXLevelLoader       - TiledMap generated from 1.11.2. Supported version: 1.9.0. Some features may not be parsed fully.
19:34:52.457 [JavaFX Application Thread] DEBUG TMXLevelLoader       - Parsed TiledMap: file:/C:/Users/josue/OneDrive/Desktop/proyecto%20java/Among%20Us/out/production/Among%20Us/assets/levels/mapa2.tmx
19:34:52.458 [JavaFX Application Thread] DEBUG TMXLevelLoader       - Creating tile layer entities
19:34:52.463 [JavaFX Application Thread] DEBUG TilesetLoader        - Loading view for layer fondo1
19:34:52.534 [JavaFX Application Thread] DEBUG TilesetLoader        - Created buffer with size 992.0x960.0
19:34:52.590 [JavaFX Application Thread] DEBUG TilesetLoader        - Loading view for layer fondo
19:34:52.592 [JavaFX Application Thread] DEBUG TilesetLoader        - Created buffer with size 992.0x960.0
19:34:52.599 [JavaFX Application Thread] DEBUG TilesetLoader        - Loading view for layer piso
19:34:52.599 [JavaFX Application Thread] DEBUG TilesetLoader        - Created buffer with size 992.0x960.0
19:34:52.610 [JavaFX Application Thread] DEBUG TilesetLoader        - Loading view for layer piso1
19:34:52.610 [JavaFX Application Thread] DEBUG TilesetLoader        - Created buffer with size 992.0x960.0
19:34:52.670 [JavaFX Application Thread] DEBUG TilesetLoader        - Loading view for layer izquierda
19:34:52.671 [JavaFX Application Thread] DEBUG TilesetLoader        - Created buffer with size 992.0x960.0
19:34:52.678 [JavaFX Application Thread] DEBUG TilesetLoader        - Loading view for layer detallesatraspared
19:34:52.678 [JavaFX Application Thread] DEBUG TilesetLoader        - Created buffer with size 992.0x960.0
19:34:52.764 [JavaFX Application Thread] DEBUG TilesetLoader        - Loading view for layer pared2
19:34:52.765 [JavaFX Application Thread] DEBUG TilesetLoader        - Created buffer with size 992.0x960.0
19:34:52.816 [JavaFX Application Thread] DEBUG TilesetLoader        - Loading view for layer techo1
19:34:52.820 [JavaFX Application Thread] DEBUG TilesetLoader        - Created buffer with size 992.0x960.0
19:34:52.827 [JavaFX Application Thread] DEBUG TilesetLoader        - Loading view for layer techo2
19:34:52.828 [JavaFX Application Thread] DEBUG TilesetLoader        - Created buffer with size 992.0x960.0
19:34:52.843 [JavaFX Application Thread] DEBUG TilesetLoader        - Loading view for layer puertita
19:34:52.843 [JavaFX Application Thread] DEBUG TilesetLoader        - Created buffer with size 992.0x960.0
19:34:52.845 [JavaFX Application Thread] DEBUG TilesetLoader        - Loading view for layer puerta
19:34:52.845 [JavaFX Application Thread] DEBUG TilesetLoader        - Created buffer with size 992.0x960.0
19:34:52.865 [JavaFX Application Thread] DEBUG TilesetLoader        - Loading view for layer detalles
19:34:52.865 [JavaFX Application Thread] DEBUG TilesetLoader        - Created buffer with size 992.0x960.0
19:34:52.933 [JavaFX Application Thread] DEBUG TilesetLoader        - Loading view for layer detalles 2
19:34:52.935 [JavaFX Application Thread] DEBUG TilesetLoader        - Created buffer with size 992.0x960.0
19:34:52.964 [JavaFX Application Thread] DEBUG TilesetLoader        - Loading view for layer detalles3
19:34:52.965 [JavaFX Application Thread] DEBUG TilesetLoader        - Created buffer with size 992.0x960.0
19:34:52.996 [JavaFX Application Thread] DEBUG TilesetLoader        - Loading view for layer grieta
19:34:52.997 [JavaFX Application Thread] DEBUG TilesetLoader        - Created buffer with size 992.0x960.0
19:34:52.998 [JavaFX Application Thread] DEBUG TilesetLoader        - Loading view for layer camaras
19:34:52.999 [JavaFX Application Thread] DEBUG TilesetLoader        - Created buffer with size 992.0x960.0
19:34:53.005 [JavaFX Application Thread] DEBUG TilesetLoader        - Loading view for layer Techo
19:34:53.006 [JavaFX Application Thread] DEBUG TilesetLoader        - Created buffer with size 992.0x960.0
19:34:53.008 [JavaFX Application Thread] DEBUG TMXLevelLoader       - Creating object layer entities
19:34:53.258 [JavaFX Application Thread] DEBUG GameWorld            - Clearing removable entities
19:34:53.260 [JavaFX Application Thread] DEBUG GameWorld            - Setting level: com.almasb.fxgl.entity.level.Level@6065d923
19:34:53.356 [JavaFX Application Thread] DEBUG FXGLAssetLoaderServi - Loading from file system: file:/C:/Users/josue/OneDrive/Desktop/proyecto%20java/Among%20Us/out/production/Among%20Us/assets/textures/animacion_azul.png
19:34:53.359 [JavaFX Application Thread] DEBUG FXGLAssetLoaderServi - Loading from file system: file:/C:/Users/josue/OneDrive/Desktop/proyecto%20java/Among%20Us/out/production/Among%20Us/assets/textures/alcantarilla_azul.png
19:34:53.362 [JavaFX Application Thread] DEBUG FXGLAssetLoaderServi - Loading from file system: file:/C:/Users/josue/OneDrive/Desktop/proyecto%20java/Among%20Us/out/production/Among%20Us/assets/textures/alcantarilla_azulE.png
19:34:53.380 [JavaFX Application Thread] DEBUG FXGLAssetLoaderServi - Loading from file system: file:/C:/Users/josue/OneDrive/Desktop/proyecto%20java/Among%20Us/out/production/Among%20Us/assets/textures/animacion_naranja.png
19:34:53.388 [JavaFX Application Thread] DEBUG FXGLAssetLoaderServi - Loading from file system: file:/C:/Users/josue/OneDrive/Desktop/proyecto%20java/Among%20Us/out/production/Among%20Us/assets/textures/alcantarilla_naranja.png
19:34:53.390 [JavaFX Application Thread] DEBUG FXGLAssetLoaderServi - Loading from file system: file:/C:/Users/josue/OneDrive/Desktop/proyecto%20java/Among%20Us/out/production/Among%20Us/assets/textures/alcantarilla_naranjaE.png
19:34:53.396 [JavaFX Application Thread] DEBUG FXGLAssetLoaderServi - Loading from file system: file:/C:/Users/josue/OneDrive/Desktop/proyecto%20java/Among%20Us/out/production/Among%20Us/assets/textures/accionNegada.png
19:34:53.407 [JavaFX Application Thread] DEBUG FXGLAssetLoaderServi - Loading from file system: file:/C:/Users/josue/OneDrive/Desktop/proyecto%20java/Among%20Us/out/production/Among%20Us/assets/textures/pantalla_tripulante.png
19:36:03.383 [JavaFX Application Thread] DEBUG FXGLAssetLoaderServi - Loading from file system: file:/C:/Users/josue/OneDrive/Desktop/proyecto%20java/Among%20Us/out/production/Among%20Us/assets/textures/accion.png
19:37:10.640 [JavaFX Application Thread] DEBUG PrimaryStageWindow   - Push state: FXGLDefaultMenu
19:37:10.645 [JavaFX Application Thread] DEBUG Input                - Clearing active input actions
19:37:10.647 [JavaFX Application Thread] DEBUG GameApplicationServi - Removing overlay from GameScene and adding to FXGLDefaultMenu
19:37:10.647 [JavaFX Application Thread] DEBUG PrimaryStageWindow   - GameScene -> FXGLDefaultMenu
19:37:12.055 [JavaFX Application Thread] DEBUG Menu                 - fireExit()
19:37:12.066 [JavaFX Application Thread] DEBUG PrimaryStageWindow   - Push state: DialogSubScene
19:37:12.066 [JavaFX Application Thread] DEBUG Input                - Clearing active input actions
19:37:12.067 [JavaFX Application Thread] DEBUG GameApplicationServi - Removing overlay from FXGLDefaultMenu and adding to DialogSubScene
19:37:12.067 [JavaFX Application Thread] DEBUG PrimaryStageWindow   - FXGLDefaultMenu -> DialogSubScene
19:37:12.847 [JavaFX Application Thread] DEBUG PrimaryStageWindow   - Pop state: DialogSubScene
19:37:12.848 [JavaFX Application Thread] DEBUG Input                - Clearing active input actions
19:37:12.849 [JavaFX Application Thread] DEBUG GameApplicationServi - Removing overlay from DialogSubScene and adding to FXGLDefaultMenu
19:37:12.849 [JavaFX Application Thread] DEBUG PrimaryStageWindow   - FXGLDefaultMenu <- DialogSubScene
19:37:12.849 [JavaFX Application Thread] DEBUG FXGLApplication      - Exiting FXGL
19:37:12.850 [JavaFX Application Thread] DEBUG LoopRunner           - Stopping loop
19:37:12.850 [JavaFX Application Thread] DEBUG SystemBundleService  - Saving FXGL system data
19:37:12.854 [JavaFX Application Thread] DEBUG FileSystemAccess     - Writing to: C:\Users\josue\OneDrive\Desktop\proyecto java\Among Us\system\fxgl.bundle
19:37:12.856 [JavaFX Application Thread] DEBUG Async                - Shutting down background threads
19:37:12.857 [JavaFX Application Thread] DEBUG PrimaryStageWindow   - Closing main window
19:37:13.266 [JavaFX Application Thread] DEBUG Logger               - Closing Logger
