12:17:01.173 [main                     ] DEBUG Logger               - Configured Logger
12:17:01.194 [main                     ] DEBUG GameApplication      - Logging settings
Title: Among Us UNEG
Version: 0.0
Width: 800
Height: 600
Fullscreen: false
Intro: false
Profiling: false
Single step:false
App Mode: DEVELOPER
Menu Key: ESCAPE
Stage Style: DECORATED
Scene Factory: class com.almasb.fxgl.app.scene.SceneFactory

12:17:02.035 [JavaFX Application Thread] DEBUG FXGLApplication      - Initializing FXGL
12:17:02.041 [JavaFX Application Thread] INFO  Engine               - FXGL-21.1 (26.03.2024 17.33) on WINDOWS (J:25.0.2 FX:21.0.1)
12:17:02.041 [JavaFX Application Thread] DEBUG Engine               - JRE Vendor Name: Oracle Corporation
12:17:02.041 [JavaFX Application Thread] DEBUG Engine               - Running on OS: Windows 11 version 10.0
12:17:02.041 [JavaFX Application Thread] DEBUG Engine               - Architecture: amd64
12:17:02.041 [JavaFX Application Thread] INFO  Engine               - Source code and latest versions at: https://github.com/AlmasB/FXGL
12:17:02.042 [JavaFX Application Thread] INFO  Engine               -       Ask questions and discuss at: https://github.com/AlmasB/FXGL/discussions
12:17:02.042 [JavaFX Application Thread] INFO  Engine               -              Join the FXGL chat at: https://gitter.im/AlmasB/FXGL
12:17:02.243 [JavaFX Application Thread] DEBUG PrimaryStageWindow   - Creating a JavaFX scene
12:17:02.369 [JavaFX Application Thread] DEBUG PrimaryStageWindow   - Target settings size: 800.0 x 600.0
12:17:02.369 [JavaFX Application Thread] DEBUG PrimaryStageWindow   - Scaled scene size:    800.0 x 600.0
12:17:02.369 [JavaFX Application Thread] DEBUG PrimaryStageWindow   - Scaled ratio: (1.0, 1.0)
12:17:02.371 [JavaFX Application Thread] DEBUG PrimaryStageWindow   - Set initial scene to FXGLStartupScene
12:17:02.379 [JavaFX Application Thread] DEBUG PrimaryStageWindow   - Opening main window
12:17:02.552 [JavaFX Application Thread] DEBUG PrimaryStageWindow   - Window border size: (16.0, 39.0)
12:17:02.552 [JavaFX Application Thread] DEBUG PrimaryStageWindow   - Scaled size: 800.0 x 600.0
12:17:02.553 [JavaFX Application Thread] DEBUG PrimaryStageWindow   - Scaled ratio: (1.0, 1.0)
12:17:02.553 [JavaFX Application Thread] DEBUG PrimaryStageWindow   - Scene size: 800.0 x 600.0
12:17:02.553 [JavaFX Application Thread] DEBUG PrimaryStageWindow   - Stage size: 816.0 x 639.0
12:17:02.582 [FXGL Background Thread 1 ] DEBUG Engine               - Initializing environment variables
12:17:02.747 [FXGL Background Thread 1 ] DEBUG FXGLAssetLoaderServi - User app class for loading assets: class main.java.amongUs.AppPrincipal
12:17:02.747 [FXGL Background Thread 1 ] DEBUG GameApplicationServi - Applying CSS: fxgl_dark.css
12:17:02.748 [FXGL Background Thread 1 ] DEBUG FXGLAssetLoaderServi - Loading from file system: jar:file:/C:/Users/josue/OneDrive/Desktop/proyecto%20java/Among%20Us/lib/fxgl-21.1-uber.jar!/fxglassets/ui/css/fxgl_dark.css
12:17:02.870 [FXGL Background Thread 1 ] DEBUG GameApplicationServi - Initializing application scenes
12:17:03.048 [FXGL Background Thread 1 ] DEBUG GameWorld            - Game world initialized
12:17:03.113 [FXGL Background Thread 1 ] DEBUG PhysicsWorld         - Physics world initialized: appHeight=600, physics.ppm=50,0
12:17:03.113 [FXGL Background Thread 1 ] DEBUG PhysicsWorld         - Using strategy: BRUTE_FORCE
12:17:03.119 [FXGL Background Thread 1 ] DEBUG GameScene            - Game scene initialized: 800x600
12:17:03.142 [FXGL Background Thread 1 ] DEBUG FXGL.DefaultMenu     - createMenuBodyGameMenu()
12:17:03.167 [FXGL Background Thread 1 ] DEBUG FXGL.DefaultMenu     - createOptionsMenu()
12:17:03.184 [FXGL Background Thread 1 ] DEBUG FXGLAssetLoaderServi - Loading from file system: jar:file:/C:/Users/josue/OneDrive/Desktop/proyecto%20java/Among%20Us/lib/fxgl-21.1-uber.jar!/fxglassets/textures/particles/smoke.png
12:17:03.368 [FXGL Background Thread 1 ] DEBUG FXGLAssetLoaderServi - Loading from file system: jar:file:/C:/Users/josue/OneDrive/Desktop/proyecto%20java/Among%20Us/lib/fxgl-21.1-uber.jar!/fxglassets/textures/particles/trace_horizontal.png
12:17:03.420 [FXGL Background Thread 1 ] DEBUG GameApplicationServi - Application scenes initialized
12:17:03.444 [FXGL Background Thread 1 ] DEBUG SystemBundleService  - Loading FXGL system data
12:17:03.449 [FXGL Background Thread 1 ] DEBUG FileSystemAccess     - Reading from: C:\Users\josue\OneDrive\Desktop\proyecto java\Among Us\system\fxgl.bundle
12:17:03.459 [FXGL Background Thread 1 ] DEBUG SystemBundleService  - Bundle FXGL: {}
12:17:03.459 [FXGL Background Thread 1 ] DEBUG UpdaterService       - Checking for updates
12:17:03.468 [FXGL Background Thread 1 ] DEBUG FXGLApplication      - Loading default localization
12:17:03.470 [FXGL Background Thread 1 ] DEBUG FXGLAssetLoaderServi - Loading from file system: jar:file:/C:/Users/josue/OneDrive/Desktop/proyecto%20java/Among%20Us/lib/fxgl-21.1-uber.jar!/fxglassets/languages/english.lang
12:17:03.480 [FXGL Background Thread 4 ] DEBUG FXGLApplication      - Loading fonts
12:17:03.480 [FXGL Background Thread 4 ] DEBUG FXGLAssetLoaderServi - Loading from file system: jar:file:/C:/Users/josue/OneDrive/Desktop/proyecto%20java/Among%20Us/lib/fxgl-21.1-uber.jar!/fxglassets/ui/fonts/VarelaRound-Regular.ttf
12:17:03.574 [FXGL Background Thread 1 ] INFO  FXGLApplication      - FXGL initialization took: 0,992 sec
12:17:03.585 [JavaFX Application Thread] DEBUG Input                - Registered new binding: Mover Arriba - W
12:17:03.586 [JavaFX Application Thread] DEBUG Input                - Registered new binding: Mover Abajo - S
12:17:03.586 [JavaFX Application Thread] DEBUG Input                - Registered new binding: Mover Izquierda - A
12:17:03.586 [JavaFX Application Thread] DEBUG Input                - Registered new binding: Mover Derecha - D
12:17:03.587 [JavaFX Application Thread] DEBUG Input                - Registered new binding: Abrir Camaras - C
12:17:03.587 [JavaFX Application Thread] DEBUG Input                - Registered new binding: Usar Alcantarilla - Space
12:17:03.587 [JavaFX Application Thread] DEBUG Input                - Registered new binding: Vent Izquierda - Left
12:17:03.587 [JavaFX Application Thread] DEBUG Input                - Registered new binding: Vent Derecha - Right
12:17:03.587 [JavaFX Application Thread] DEBUG Input                - Registered new binding: Vent Arriba - Up
12:17:03.587 [JavaFX Application Thread] DEBUG Input                - Registered new binding: Vent Abajo - Down
12:17:03.587 [JavaFX Application Thread] DEBUG Input                - Registered new binding: Matar Jugador - Q
12:17:03.587 [JavaFX Application Thread] DEBUG Input                - Registered new binding: Reportar Cadaver - R
12:17:03.588 [JavaFX Application Thread] DEBUG FXGLAssetLoaderServi - Loading from file system: file:/C:/Users/josue/OneDrive/Desktop/proyecto%20java/Among%20Us/out/production/Among%20Us/assets/textures/icono.png
12:17:03.646 [JavaFX Application Thread] DEBUG FXGLAssetLoaderServi - Loading from file system: jar:file:/C:/Users/josue/OneDrive/Desktop/proyecto%20java/Among%20Us/lib/fxgl-21.1-uber.jar!/fxglassets/textures/fxgl_default_cursor.png
12:17:03.654 [JavaFX Application Thread] DEBUG Input                - Registered new binding: Screenshot - CTRL+8
12:17:03.656 [JavaFX Application Thread] DEBUG Input                - Registered new binding: System info dump - CTRL+9
12:17:03.657 [JavaFX Application Thread] DEBUG Input                - Registered new binding: Restart - CTRL+R
12:17:03.659 [JavaFX Application Thread] DEBUG Input                - Registered new binding: Toggle Debug Camera - CTRL+7
12:17:03.668 [JavaFX Application Thread] DEBUG LoopRunner           - Starting loop
12:17:03.669 [JavaFX Application Thread] DEBUG LoopRunner           - Initializing JavaFX AnimationTimerLoop
12:17:03.672 [JavaFX Application Thread] DEBUG GameApplicationServi - Starting new game
12:17:03.673 [JavaFX Application Thread] DEBUG Input                - Clearing active input actions
12:17:03.772 [JavaFX Application Thread] DEBUG GameApplicationServi - Removing overlay from FXGLStartupScene and adding to FXGLLoadingScene
12:17:03.774 [JavaFX Application Thread] DEBUG PrimaryStageWindow   - FXGLStartupScene -> FXGLLoadingScene
12:17:03.774 [JavaFX Application Thread] DEBUG GameApplicationServi - Clearing previous game
12:17:03.774 [JavaFX Application Thread] DEBUG GameScene            - Clearing game scene
12:17:03.774 [JavaFX Application Thread] DEBUG GameWorld            - Clearing game world
12:17:03.774 [JavaFX Application Thread] DEBUG PhysicsWorld         - Clearing physics world
12:17:03.779 [FXGL Background Thread 1 ] DEBUG FXGLApplication      - Initializing game
12:17:03.791 [FXGL Background Thread 1 ] DEBUG FXGLAssetLoaderServi - Loading from file system: file:/C:/Users/josue/OneDrive/Desktop/proyecto%20java/Among%20Us/out/production/Among%20Us/assets/music/musicaMenu.mp3
12:17:04.200 [FXGL Background Thread 1 ] DEBUG AudioPlayer          - Playing music com.almasb.fxgl.audio.Music@769788d7
12:17:04.293 [FXGL Background Thread 4 ] DEBUG FXGLAssetLoaderServi - Loading from file system: jar:file:/C:/Users/josue/OneDrive/Desktop/proyecto%20java/Among%20Us/lib/fxgl-21.1-uber.jar!/fxglassets/ui/fonts/Abel-Regular.ttf
12:17:04.300 [FXGL Background Thread 4 ] DEBUG FXGLAssetLoaderServi - Loading from file system: jar:file:/C:/Users/josue/OneDrive/Desktop/proyecto%20java/Among%20Us/lib/fxgl-21.1-uber.jar!/fxglassets/ui/fonts/TerminalLandMono-Regular.otf
12:17:04.314 [FXGL Background Thread 4 ] DEBUG FXGLAssetLoaderServi - Loading from file system: jar:file:/C:/Users/josue/OneDrive/Desktop/proyecto%20java/Among%20Us/lib/fxgl-21.1-uber.jar!/fxglassets/ui/fonts/Courier-Prime.ttf
12:17:04.486 [JavaFX Application Thread] DEBUG FXGLApplication      - Registering font factories with UI factory
12:17:05.823 [FXGL Background Thread 2 ] INFO  UpdaterService       - Your current version:  21.1
12:17:05.823 [FXGL Background Thread 2 ] INFO  UpdaterService       - Latest stable version: 25
12:17:05.854 [FXGL Background Thread 1 ] INFO  FXGLApplication      - Game initialization took: 2,075 sec
12:17:05.859 [JavaFX Application Thread] DEBUG Input                - Clearing active input actions
12:17:05.886 [JavaFX Application Thread] DEBUG GameApplicationServi - Removing overlay from FXGLLoadingScene and adding to GameScene
12:17:05.887 [JavaFX Application Thread] DEBUG PrimaryStageWindow   - FXGLLoadingScene -> GameScene
12:17:06.465 [FXGL Background Thread 3 ] DEBUG Engine               - Logging environment variables
12:17:06.476 [FXGL Background Thread 3 ] DEBUG Engine               - achievements: []
12:17:06.476 [FXGL Background Thread 3 ] DEBUG Engine               - actualHeight: 600.0
12:17:06.477 [FXGL Background Thread 3 ] DEBUG Engine               - actualHeightProperty: ReadOnlyDoubleProperty [value: 600.0]
12:17:06.478 [FXGL Background Thread 3 ] DEBUG Engine               - actualWidth: 800.0
12:17:06.478 [FXGL Background Thread 3 ] DEBUG Engine               - actualWidthProperty: ReadOnlyDoubleProperty [value: 800.0]
12:17:06.478 [FXGL Background Thread 3 ] DEBUG Engine               - appIcon: icono.png
12:17:06.478 [FXGL Background Thread 3 ] DEBUG Engine               - applicationMode: DEVELOPER
12:17:06.479 [FXGL Background Thread 3 ] DEBUG Engine               - cSSList: [fxgl_dark.css]
12:17:06.479 [FXGL Background Thread 3 ] DEBUG Engine               - collisionDetectionStrategy: BRUTE_FORCE
12:17:06.479 [FXGL Background Thread 3 ] DEBUG Engine               - configClass: Optional.empty
12:17:06.479 [FXGL Background Thread 3 ] DEBUG Engine               - credits: []
12:17:06.479 [FXGL Background Thread 3 ] DEBUG Engine               - defaultCursor: CursorInfo(imageName=fxgl_default_cursor.png, hotspotX=7.0, hotspotY=6.0)
12:17:06.480 [FXGL Background Thread 3 ] DEBUG Engine               - devBBoxColorProperty: ObjectProperty [value: 0xff0000ff]
12:17:06.480 [FXGL Background Thread 3 ] DEBUG Engine               - devEnableDebugCameraProperty: BooleanProperty [value: false]
12:17:06.480 [FXGL Background Thread 3 ] DEBUG Engine               - devSensorColorProperty: ObjectProperty [value: 0xffff00ff]
12:17:06.480 [FXGL Background Thread 3 ] DEBUG Engine               - devShowBBoxProperty: BooleanProperty [value: false]
12:17:06.480 [FXGL Background Thread 3 ] DEBUG Engine               - devShowPositionProperty: BooleanProperty [value: false]
12:17:06.480 [FXGL Background Thread 3 ] DEBUG Engine               - enabledMenuItems: []
12:17:06.481 [FXGL Background Thread 3 ] DEBUG Engine               - engineServices: [class com.almasb.fxgl.app.services.FXGLAssetLoaderService, class com.almasb.fxgl.app.FXGLApplication$GameApplicationService, class com.almasb.fxgl.app.services.FXGLDialogService, class com.almasb.fxgl.app.services.IOTaskExecutorService, class com.almasb.fxgl.io.FileSystemService, class com.almasb.fxgl.localization.LocalizationService, class com.almasb.fxgl.app.services.SystemBundleService, class com.almasb.fxgl.profile.SaveLoadService, class com.almasb.fxgl.ui.FXGLUIFactoryServiceProvider, class com.almasb.fxgl.ui.FXGLDialogFactoryServiceProvider, class com.almasb.fxgl.audio.AudioPlayer, class com.almasb.fxgl.notification.impl.NotificationServiceProvider, class com.almasb.fxgl.achievement.AchievementService, class com.almasb.fxgl.cutscene.CutsceneService, class com.almasb.fxgl.minigames.MiniGameService, class com.almasb.fxgl.net.NetService, class com.almasb.fxgl.app.services.UpdaterService, class com.almasb.fxgl.dev.DevService]
12:17:06.481 [FXGL Background Thread 3 ] DEBUG Engine               - fontGame: Abel-Regular.ttf
12:17:06.481 [FXGL Background Thread 3 ] DEBUG Engine               - fontMono: TerminalLandMono-Regular.otf
12:17:06.482 [FXGL Background Thread 3 ] DEBUG Engine               - fontSizeScaleUI: 1.0
12:17:06.482 [FXGL Background Thread 3 ] DEBUG Engine               - fontText: Courier-Prime.ttf
12:17:06.482 [FXGL Background Thread 3 ] DEBUG Engine               - fontUI: VarelaRound-Regular.ttf
12:17:06.482 [FXGL Background Thread 3 ] DEBUG Engine               - fullScreen: BooleanProperty [value: false]
12:17:06.482 [FXGL Background Thread 3 ] DEBUG Engine               - gameDifficulty: MEDIUM
12:17:06.482 [FXGL Background Thread 3 ] DEBUG Engine               - gameDifficultyProperty: ObjectProperty [value: MEDIUM]
12:17:06.482 [FXGL Background Thread 3 ] DEBUG Engine               - globalMusicVolume: 0.5
12:17:06.482 [FXGL Background Thread 3 ] DEBUG Engine               - globalMusicVolumeProperty: DoubleProperty [value: 0.4]
12:17:06.482 [FXGL Background Thread 3 ] DEBUG Engine               - globalSoundVolume: 0.5
12:17:06.482 [FXGL Background Thread 3 ] DEBUG Engine               - globalSoundVolumeProperty: DoubleProperty [value: 0.5]
12:17:06.488 [FXGL Background Thread 3 ] DEBUG Engine               - height: 600
12:17:06.488 [FXGL Background Thread 3 ] DEBUG Engine               - is3D: false
12:17:06.488 [FXGL Background Thread 3 ] DEBUG Engine               - isAndroid: false
12:17:06.488 [FXGL Background Thread 3 ] DEBUG Engine               - isBrowser: false
12:17:06.488 [FXGL Background Thread 3 ] DEBUG Engine               - isClickFeedbackEnabled: false
12:17:06.488 [FXGL Background Thread 3 ] DEBUG Engine               - isCloseConfirmation: false
12:17:06.488 [FXGL Background Thread 3 ] DEBUG Engine               - isDesktop: true
12:17:06.488 [FXGL Background Thread 3 ] DEBUG Engine               - isDeveloperMenuEnabled: false
12:17:06.488 [FXGL Background Thread 3 ] DEBUG Engine               - isEmbedded: false
12:17:06.488 [FXGL Background Thread 3 ] DEBUG Engine               - isEntityPreloadEnabled: true
12:17:06.488 [FXGL Background Thread 3 ] DEBUG Engine               - isExperimentalTiledLargeMap: false
12:17:06.488 [FXGL Background Thread 3 ] DEBUG Engine               - isFileSystemWriteAllowed: true
12:17:06.488 [FXGL Background Thread 3 ] DEBUG Engine               - isFullScreenAllowed: false
12:17:06.488 [FXGL Background Thread 3 ] DEBUG Engine               - isFullScreenFromStart: false
12:17:06.488 [FXGL Background Thread 3 ] DEBUG Engine               - isGameMenuEnabled: true
12:17:06.488 [FXGL Background Thread 3 ] DEBUG Engine               - isIOS: false
12:17:06.488 [FXGL Background Thread 3 ] DEBUG Engine               - isIntroEnabled: false
12:17:06.489 [FXGL Background Thread 3 ] DEBUG Engine               - isLinux: false
12:17:06.489 [FXGL Background Thread 3 ] DEBUG Engine               - isMac: false
12:17:06.489 [FXGL Background Thread 3 ] DEBUG Engine               - isMainMenuEnabled: false
12:17:06.489 [FXGL Background Thread 3 ] DEBUG Engine               - isManualResizeEnabled: false
12:17:06.489 [FXGL Background Thread 3 ] DEBUG Engine               - isMobile: false
12:17:06.489 [FXGL Background Thread 3 ] DEBUG Engine               - isNative: false
12:17:06.489 [FXGL Background Thread 3 ] DEBUG Engine               - isPauseMusicWhenMinimized: true
12:17:06.489 [FXGL Background Thread 3 ] DEBUG Engine               - isPreserveResizeRatio: false
12:17:06.489 [FXGL Background Thread 3 ] DEBUG Engine               - isProfilingEnabled: false
12:17:06.489 [FXGL Background Thread 3 ] DEBUG Engine               - isScaleAffectedOnResize: true
12:17:06.489 [FXGL Background Thread 3 ] DEBUG Engine               - isSingleStep: false
12:17:06.489 [FXGL Background Thread 3 ] DEBUG Engine               - isUserProfileEnabled: false
12:17:06.489 [FXGL Background Thread 3 ] DEBUG Engine               - isWindows: true
12:17:06.489 [FXGL Background Thread 3 ] DEBUG Engine               - language: ObjectProperty [value: ENGLISH]
12:17:06.489 [FXGL Background Thread 3 ] DEBUG Engine               - menuKey: ESCAPE
12:17:06.489 [FXGL Background Thread 3 ] DEBUG Engine               - mouseSensitivity: 0.2
12:17:06.489 [FXGL Background Thread 3 ] DEBUG Engine               - notificationViewClass: class com.almasb.fxgl.notification.view.XboxNotificationView
12:17:06.489 [FXGL Background Thread 3 ] DEBUG Engine               - pixelsPerMeter: 50.0
12:17:06.489 [FXGL Background Thread 3 ] DEBUG Engine               - platform: WINDOWS
12:17:06.489 [FXGL Background Thread 3 ] DEBUG Engine               - prefHeightProperty: ReadOnlyDoubleProperty [value: 600.0]
12:17:06.489 [FXGL Background Thread 3 ] DEBUG Engine               - prefWidthProperty: ReadOnlyDoubleProperty [value: 800.0]
12:17:06.489 [FXGL Background Thread 3 ] DEBUG Engine               - profileDir: profiles/
12:17:06.489 [FXGL Background Thread 3 ] DEBUG Engine               - profileName: StringProperty [value: DEFAULT]
12:17:06.489 [FXGL Background Thread 3 ] DEBUG Engine               - randomSeed: -1
12:17:06.490 [FXGL Background Thread 3 ] DEBUG Engine               - runtimeInfo: RuntimeInfo(platform=WINDOWS, version=21.1, build=26.03.2024 17.33)
12:17:06.493 [FXGL Background Thread 3 ] DEBUG Engine               - saveFileExt: sav
12:17:06.493 [FXGL Background Thread 3 ] DEBUG Engine               - scaledHeightProp$fxgl: DoubleProperty [bound, value: 600.0]
12:17:06.493 [FXGL Background Thread 3 ] DEBUG Engine               - scaledWidthProp$fxgl: DoubleProperty [bound, value: 800.0]
12:17:06.493 [FXGL Background Thread 3 ] DEBUG Engine               - sceneFactory: com.almasb.fxgl.app.scene.SceneFactory@5e609a86
12:17:06.493 [FXGL Background Thread 3 ] DEBUG Engine               - secondsIn24h: 60
12:17:06.493 [FXGL Background Thread 3 ] DEBUG Engine               - soundMenuBack: menu/back.wav
12:17:06.493 [FXGL Background Thread 3 ] DEBUG Engine               - soundMenuPress: menu/press.wav
12:17:06.493 [FXGL Background Thread 3 ] DEBUG Engine               - soundMenuSelect: menu/select.wav
12:17:06.493 [FXGL Background Thread 3 ] DEBUG Engine               - soundNotification: core/notification.wav
12:17:06.493 [FXGL Background Thread 3 ] DEBUG Engine               - stageStyle: DECORATED
12:17:06.493 [FXGL Background Thread 3 ] DEBUG Engine               - supportedLanguages: [ENGLISH, FRENCH, GERMAN, HUNGARIAN, RUSSIAN]
12:17:06.493 [FXGL Background Thread 3 ] DEBUG Engine               - ticksPerSecond: -1
12:17:06.494 [FXGL Background Thread 3 ] DEBUG Engine               - title: Among Us UNEG
12:17:06.494 [FXGL Background Thread 3 ] DEBUG Engine               - urlGithub: https://github.com/AlmasB/FXGL
12:17:06.494 [FXGL Background Thread 3 ] DEBUG Engine               - urlLeaderboard: http://fxgl-top.herokuapp.com/
12:17:06.494 [FXGL Background Thread 3 ] DEBUG Engine               - urlPOM: https://raw.githubusercontent.com/AlmasB/FXGL/release/README.md
12:17:06.494 [FXGL Background Thread 3 ] DEBUG Engine               - userAppClass: class main.java.amongUs.AppPrincipal
12:17:06.494 [FXGL Background Thread 3 ] DEBUG Engine               - version: 0.0
12:17:06.494 [FXGL Background Thread 3 ] DEBUG Engine               - versionCheckDays: 7
12:17:06.494 [FXGL Background Thread 3 ] DEBUG Engine               - width: 800
12:17:06.494 [FXGL Background Thread 3 ] DEBUG Engine               - Logging services
12:17:06.495 [FXGL Background Thread 3 ] DEBUG Engine               - class com.almasb.fxgl.app.services.FXGLAssetLoaderService
12:17:06.495 [FXGL Background Thread 3 ] DEBUG Engine               - class com.almasb.fxgl.app.FXGLApplication$GameApplicationService
12:17:06.495 [FXGL Background Thread 3 ] DEBUG Engine               - class com.almasb.fxgl.app.services.FXGLDialogService
12:17:06.495 [FXGL Background Thread 3 ] DEBUG Engine               - class com.almasb.fxgl.app.services.IOTaskExecutorService
12:17:06.495 [FXGL Background Thread 3 ] DEBUG Engine               - class com.almasb.fxgl.io.FileSystemService
12:17:06.495 [FXGL Background Thread 3 ] DEBUG Engine               - class com.almasb.fxgl.localization.LocalizationService
12:17:06.495 [FXGL Background Thread 3 ] DEBUG Engine               - class com.almasb.fxgl.app.services.SystemBundleService
12:17:06.495 [FXGL Background Thread 3 ] DEBUG Engine               - class com.almasb.fxgl.profile.SaveLoadService
12:17:06.495 [FXGL Background Thread 3 ] DEBUG Engine               - class com.almasb.fxgl.ui.FXGLUIFactoryServiceProvider
12:17:06.495 [FXGL Background Thread 3 ] DEBUG Engine               - class com.almasb.fxgl.ui.FXGLDialogFactoryServiceProvider
12:17:06.495 [FXGL Background Thread 3 ] DEBUG Engine               - class com.almasb.fxgl.audio.AudioPlayer
12:17:06.495 [FXGL Background Thread 3 ] DEBUG Engine               - class com.almasb.fxgl.notification.impl.NotificationServiceProvider
12:17:06.496 [FXGL Background Thread 3 ] DEBUG Engine               - class com.almasb.fxgl.achievement.AchievementService
12:17:06.496 [FXGL Background Thread 3 ] DEBUG Engine               - class com.almasb.fxgl.cutscene.CutsceneService
12:17:06.497 [FXGL Background Thread 3 ] DEBUG Engine               - class com.almasb.fxgl.minigames.MiniGameService
12:17:06.497 [FXGL Background Thread 3 ] DEBUG Engine               - class com.almasb.fxgl.net.NetService
12:17:06.497 [FXGL Background Thread 3 ] DEBUG Engine               - class com.almasb.fxgl.app.services.UpdaterService
12:17:06.497 [FXGL Background Thread 3 ] DEBUG Engine               - class com.almasb.fxgl.dev.DevService
12:17:10.529 [JavaFX Application Thread] DEBUG FXGLAssetLoaderServi - Loading from file system: file:/C:/Users/josue/OneDrive/Desktop/proyecto%20java/Among%20Us/out/production/Among%20Us/assets/sounds/clickBoton.wav
12:17:19.667 [JavaFX Application Thread] DEBUG FXGLAssetLoaderServi - Loading from file system: file:/C:/Users/josue/OneDrive/Desktop/proyecto%20java/Among%20Us/out/production/Among%20Us/assets/textures/tripulante_blanco.png
12:17:19.675 [JavaFX Application Thread] DEBUG FXGLAssetLoaderServi - Loading from file system: file:/C:/Users/josue/OneDrive/Desktop/proyecto%20java/Among%20Us/out/production/Among%20Us/assets/textures/tripulante_negro.png
12:17:20.271 [JavaFX Application Thread] WARN  TMXLevelLoader       - TiledMap generated from 1.11.2. Supported version: 1.9.0. Some features may not be parsed fully.
12:17:20.747 [JavaFX Application Thread] DEBUG TMXLevelLoader       - Parsed TiledMap: file:/C:/Users/josue/OneDrive/Desktop/proyecto%20java/Among%20Us/out/production/Among%20Us/assets/levels/mapa2.tmx
12:17:20.751 [JavaFX Application Thread] DEBUG TMXLevelLoader       - Creating tile layer entities
12:17:20.768 [JavaFX Application Thread] DEBUG TilesetLoader        - Loading view for layer fondo1
12:17:20.769 [JavaFX Application Thread] DEBUG TilesetLoader        - Created buffer with size 992.0x960.0
12:17:21.097 [JavaFX Application Thread] DEBUG TilesetLoader        - Loading view for layer fondo
12:17:21.098 [JavaFX Application Thread] DEBUG TilesetLoader        - Created buffer with size 992.0x960.0
12:17:21.115 [JavaFX Application Thread] DEBUG TilesetLoader        - Loading view for layer piso
12:17:21.115 [JavaFX Application Thread] DEBUG TilesetLoader        - Created buffer with size 992.0x960.0
12:17:21.122 [JavaFX Application Thread] DEBUG TilesetLoader        - Loading view for layer piso1
12:17:21.123 [JavaFX Application Thread] DEBUG TilesetLoader        - Created buffer with size 992.0x960.0
12:17:21.187 [JavaFX Application Thread] DEBUG TilesetLoader        - Loading view for layer izquierda
12:17:21.190 [JavaFX Application Thread] DEBUG TilesetLoader        - Created buffer with size 992.0x960.0
12:17:21.201 [JavaFX Application Thread] DEBUG TilesetLoader        - Loading view for layer detallesatraspared
12:17:21.203 [JavaFX Application Thread] DEBUG TilesetLoader        - Created buffer with size 992.0x960.0
12:17:21.357 [JavaFX Application Thread] DEBUG TilesetLoader        - Loading view for layer pared2
12:17:21.368 [JavaFX Application Thread] DEBUG TilesetLoader        - Created buffer with size 992.0x960.0
12:17:21.412 [JavaFX Application Thread] DEBUG TilesetLoader        - Loading view for layer techo1
12:17:21.415 [JavaFX Application Thread] DEBUG TilesetLoader        - Created buffer with size 992.0x960.0
12:17:21.420 [JavaFX Application Thread] DEBUG TilesetLoader        - Loading view for layer techo2
12:17:21.420 [JavaFX Application Thread] DEBUG TilesetLoader        - Created buffer with size 992.0x960.0
12:17:21.430 [JavaFX Application Thread] DEBUG TilesetLoader        - Loading view for layer puertita
12:17:21.432 [JavaFX Application Thread] DEBUG TilesetLoader        - Created buffer with size 992.0x960.0
12:17:21.434 [JavaFX Application Thread] DEBUG TilesetLoader        - Loading view for layer puerta
12:17:21.434 [JavaFX Application Thread] DEBUG TilesetLoader        - Created buffer with size 992.0x960.0
12:17:21.436 [JavaFX Application Thread] DEBUG TilesetLoader        - Loading view for layer detalles
12:17:21.438 [JavaFX Application Thread] DEBUG TilesetLoader        - Created buffer with size 992.0x960.0
12:17:21.463 [JavaFX Application Thread] DEBUG TilesetLoader        - Loading view for layer detalles 2
12:17:21.464 [JavaFX Application Thread] DEBUG TilesetLoader        - Created buffer with size 992.0x960.0
12:17:21.483 [JavaFX Application Thread] DEBUG TilesetLoader        - Loading view for layer detalles3
12:17:21.484 [JavaFX Application Thread] DEBUG TilesetLoader        - Created buffer with size 992.0x960.0
12:17:21.520 [JavaFX Application Thread] DEBUG TilesetLoader        - Loading view for layer grieta
12:17:21.521 [JavaFX Application Thread] DEBUG TilesetLoader        - Created buffer with size 992.0x960.0
12:17:21.522 [JavaFX Application Thread] DEBUG TilesetLoader        - Loading view for layer camaras
12:17:21.523 [JavaFX Application Thread] DEBUG TilesetLoader        - Created buffer with size 992.0x960.0
12:17:21.528 [JavaFX Application Thread] DEBUG TilesetLoader        - Loading view for layer Techo
12:17:21.529 [JavaFX Application Thread] DEBUG TilesetLoader        - Created buffer with size 992.0x960.0
12:17:21.532 [JavaFX Application Thread] DEBUG TMXLevelLoader       - Creating object layer entities
12:17:21.818 [JavaFX Application Thread] DEBUG GameWorld            - Clearing removable entities
12:17:21.819 [JavaFX Application Thread] DEBUG GameWorld            - Setting level: com.almasb.fxgl.entity.level.Level@220bda33
12:17:21.906 [JavaFX Application Thread] DEBUG FXGLAssetLoaderServi - Loading from file system: file:/C:/Users/josue/OneDrive/Desktop/proyecto%20java/Among%20Us/out/production/Among%20Us/assets/textures/MonitorDeCamaras.png
12:17:21.929 [JavaFX Application Thread] DEBUG FXGLAssetLoaderServi - Loading from file system: file:/C:/Users/josue/OneDrive/Desktop/proyecto%20java/Among%20Us/out/production/Among%20Us/assets/textures/flechaAmarillaIzq.png
12:17:21.931 [JavaFX Application Thread] DEBUG FXGLAssetLoaderServi - Loading from file system: file:/C:/Users/josue/OneDrive/Desktop/proyecto%20java/Among%20Us/out/production/Among%20Us/assets/textures/flechaAmarillaDer.png
12:17:21.939 [JavaFX Application Thread] DEBUG FXGLAssetLoaderServi - Loading from file system: file:/C:/Users/josue/OneDrive/Desktop/proyecto%20java/Among%20Us/out/production/Among%20Us/assets/textures/animacion_fantasma.png
12:17:21.971 [JavaFX Application Thread] DEBUG FXGLAssetLoaderServi - Loading from file system: file:/C:/Users/josue/OneDrive/Desktop/proyecto%20java/Among%20Us/out/production/Among%20Us/assets/textures/blanco_muerto.png
12:17:21.978 [JavaFX Application Thread] DEBUG FXGLAssetLoaderServi - Loading from file system: file:/C:/Users/josue/OneDrive/Desktop/proyecto%20java/Among%20Us/out/production/Among%20Us/assets/textures/animacion_blanco.png
12:17:21.982 [JavaFX Application Thread] DEBUG FXGLAssetLoaderServi - Loading from file system: file:/C:/Users/josue/OneDrive/Desktop/proyecto%20java/Among%20Us/out/production/Among%20Us/assets/textures/alcantarilla_blanco.png
12:17:21.987 [JavaFX Application Thread] DEBUG FXGLAssetLoaderServi - Loading from file system: file:/C:/Users/josue/OneDrive/Desktop/proyecto%20java/Among%20Us/out/production/Among%20Us/assets/textures/alcantarilla_blancoE.png
12:17:22.017 [JavaFX Application Thread] DEBUG FXGLAssetLoaderServi - Loading from file system: file:/C:/Users/josue/OneDrive/Desktop/proyecto%20java/Among%20Us/out/production/Among%20Us/assets/textures/negro_muerto.png
12:17:22.022 [JavaFX Application Thread] DEBUG FXGLAssetLoaderServi - Loading from file system: file:/C:/Users/josue/OneDrive/Desktop/proyecto%20java/Among%20Us/out/production/Among%20Us/assets/textures/animacion_negro.png
12:17:22.024 [JavaFX Application Thread] DEBUG FXGLAssetLoaderServi - Loading from file system: file:/C:/Users/josue/OneDrive/Desktop/proyecto%20java/Among%20Us/out/production/Among%20Us/assets/textures/alcantarilla_negro.png
12:17:22.030 [JavaFX Application Thread] DEBUG FXGLAssetLoaderServi - Loading from file system: file:/C:/Users/josue/OneDrive/Desktop/proyecto%20java/Among%20Us/out/production/Among%20Us/assets/textures/alcantarilla_negroE.png
12:17:22.037 [JavaFX Application Thread] DEBUG FXGLAssetLoaderServi - Loading from file system: file:/C:/Users/josue/OneDrive/Desktop/proyecto%20java/Among%20Us/out/production/Among%20Us/assets/textures/accionNegada.png
12:17:22.045 [JavaFX Application Thread] DEBUG FXGLAssetLoaderServi - Loading from file system: file:/C:/Users/josue/OneDrive/Desktop/proyecto%20java/Among%20Us/out/production/Among%20Us/assets/textures/reportarNegado.png
12:17:22.079 [JavaFX Application Thread] DEBUG FXGLAssetLoaderServi - Loading from file system: file:/C:/Users/josue/OneDrive/Desktop/proyecto%20java/Among%20Us/out/production/Among%20Us/assets/textures/animacion_extintor.png
12:17:22.107 [JavaFX Application Thread] DEBUG FXGLAssetLoaderServi - Loading from file system: file:/C:/Users/josue/OneDrive/Desktop/proyecto%20java/Among%20Us/out/production/Among%20Us/assets/textures/animacion_datos.png
12:17:22.172 [JavaFX Application Thread] DEBUG FXGLAssetLoaderServi - Loading from file system: file:/C:/Users/josue/OneDrive/Desktop/proyecto%20java/Among%20Us/out/production/Among%20Us/assets/textures/animacion_temperatura.png
12:17:22.236 [JavaFX Application Thread] DEBUG FXGLAssetLoaderServi - Loading from file system: file:/C:/Users/josue/OneDrive/Desktop/proyecto%20java/Among%20Us/out/production/Among%20Us/assets/textures/animacion_encestar.png
12:17:22.318 [JavaFX Application Thread] DEBUG FXGLAssetLoaderServi - Loading from file system: file:/C:/Users/josue/OneDrive/Desktop/proyecto%20java/Among%20Us/out/production/Among%20Us/assets/textures/animacion_basura.png
12:17:22.402 [JavaFX Application Thread] DEBUG FXGLAssetLoaderServi - Loading from file system: file:/C:/Users/josue/OneDrive/Desktop/proyecto%20java/Among%20Us/out/production/Among%20Us/assets/textures/barra_0.png
12:17:22.407 [JavaFX Application Thread] DEBUG FXGLAssetLoaderServi - Loading from file system: file:/C:/Users/josue/OneDrive/Desktop/proyecto%20java/Among%20Us/out/production/Among%20Us/assets/textures/pantalla_tripulante.png
12:17:27.188 [JavaFX Application Thread] DEBUG FXGLApplication      - Exiting FXGL
12:17:27.188 [JavaFX Application Thread] DEBUG LoopRunner           - Stopping loop
12:17:27.189 [JavaFX Application Thread] DEBUG SystemBundleService  - Saving FXGL system data
12:17:27.191 [JavaFX Application Thread] DEBUG FileSystemAccess     - Writing to: C:\Users\josue\OneDrive\Desktop\proyecto java\Among Us\system\fxgl.bundle
12:17:27.196 [JavaFX Application Thread] DEBUG Async                - Shutting down background threads
12:17:27.197 [JavaFX Application Thread] DEBUG PrimaryStageWindow   - Closing main window
12:17:27.233 [JavaFX Application Thread] DEBUG Logger               - Closing Logger
