20:52:18.447 [main                     ] DEBUG Logger               - Configured Logger
20:52:18.471 [main                     ] DEBUG GameApplication      - Logging settings
Title: Among Us UNEG
Version: 0.0
Width: 800
Height: 600
Fullscreen: false
Intro: false
Profiling: false
Single step:false
App Mode: DEVELOPER
Menu Key: ESCAPE
Stage Style: DECORATED
Scene Factory: class com.almasb.fxgl.app.scene.SceneFactory

20:52:20.051 [JavaFX Application Thread] DEBUG FXGLApplication      - Initializing FXGL
20:52:20.059 [JavaFX Application Thread] INFO  Engine               - FXGL-21.1 (26.03.2024 17.33) on WINDOWS (J:25.0.2 FX:21.0.1)
20:52:20.059 [JavaFX Application Thread] DEBUG Engine               - JRE Vendor Name: Oracle Corporation
20:52:20.059 [JavaFX Application Thread] DEBUG Engine               - Running on OS: Windows 11 version 10.0
20:52:20.059 [JavaFX Application Thread] DEBUG Engine               - Architecture: amd64
20:52:20.059 [JavaFX Application Thread] INFO  Engine               - Source code and latest versions at: https://github.com/AlmasB/FXGL
20:52:20.060 [JavaFX Application Thread] INFO  Engine               -       Ask questions and discuss at: https://github.com/AlmasB/FXGL/discussions
20:52:20.060 [JavaFX Application Thread] INFO  Engine               -              Join the FXGL chat at: https://gitter.im/AlmasB/FXGL
20:52:20.272 [JavaFX Application Thread] DEBUG PrimaryStageWindow   - Creating a JavaFX scene
20:52:20.404 [JavaFX Application Thread] DEBUG PrimaryStageWindow   - Target settings size: 800.0 x 600.0
20:52:20.405 [JavaFX Application Thread] DEBUG PrimaryStageWindow   - Scaled scene size:    800.0 x 600.0
20:52:20.405 [JavaFX Application Thread] DEBUG PrimaryStageWindow   - Scaled ratio: (1.0, 1.0)
20:52:20.407 [JavaFX Application Thread] DEBUG PrimaryStageWindow   - Set initial scene to FXGLStartupScene
20:52:20.414 [JavaFX Application Thread] DEBUG PrimaryStageWindow   - Opening main window
20:52:20.593 [JavaFX Application Thread] DEBUG PrimaryStageWindow   - Window border size: (16.0, 39.0)
20:52:20.593 [JavaFX Application Thread] DEBUG PrimaryStageWindow   - Scaled size: 800.0 x 600.0
20:52:20.593 [JavaFX Application Thread] DEBUG PrimaryStageWindow   - Scaled ratio: (1.0, 1.0)
20:52:20.594 [JavaFX Application Thread] DEBUG PrimaryStageWindow   - Scene size: 800.0 x 600.0
20:52:20.594 [JavaFX Application Thread] DEBUG PrimaryStageWindow   - Stage size: 816.0 x 639.0
20:52:20.614 [FXGL Background Thread 1 ] DEBUG Engine               - Initializing environment variables
20:52:20.819 [FXGL Background Thread 1 ] DEBUG FXGLAssetLoaderServi - User app class for loading assets: class main.java.amongUs.AppPrincipal
20:52:20.819 [FXGL Background Thread 1 ] DEBUG GameApplicationServi - Applying CSS: fxgl_dark.css
20:52:20.820 [FXGL Background Thread 1 ] DEBUG FXGLAssetLoaderServi - Loading from file system: jar:file:/C:/Users/josue/OneDrive/Desktop/proyecto%20java/Among%20Us/lib/fxgl-21.1-uber.jar!/fxglassets/ui/css/fxgl_dark.css
20:52:21.037 [FXGL Background Thread 1 ] DEBUG GameApplicationServi - Initializing application scenes
20:52:21.119 [FXGL Background Thread 1 ] DEBUG GameWorld            - Game world initialized
20:52:21.263 [FXGL Background Thread 1 ] DEBUG PhysicsWorld         - Physics world initialized: appHeight=600, physics.ppm=50,0
20:52:21.263 [FXGL Background Thread 1 ] DEBUG PhysicsWorld         - Using strategy: BRUTE_FORCE
20:52:21.311 [FXGL Background Thread 1 ] DEBUG GameScene            - Game scene initialized: 800x600
20:52:21.352 [FXGL Background Thread 1 ] DEBUG FXGL.DefaultMenu     - createMenuBodyGameMenu()
20:52:21.384 [FXGL Background Thread 1 ] DEBUG FXGL.DefaultMenu     - createOptionsMenu()
20:52:21.428 [FXGL Background Thread 1 ] DEBUG FXGLAssetLoaderServi - Loading from file system: jar:file:/C:/Users/josue/OneDrive/Desktop/proyecto%20java/Among%20Us/lib/fxgl-21.1-uber.jar!/fxglassets/textures/particles/smoke.png
20:52:21.633 [FXGL Background Thread 1 ] DEBUG FXGLAssetLoaderServi - Loading from file system: jar:file:/C:/Users/josue/OneDrive/Desktop/proyecto%20java/Among%20Us/lib/fxgl-21.1-uber.jar!/fxglassets/textures/particles/trace_horizontal.png
20:52:21.697 [FXGL Background Thread 1 ] DEBUG GameApplicationServi - Application scenes initialized
20:52:21.721 [FXGL Background Thread 1 ] DEBUG SystemBundleService  - Loading FXGL system data
20:52:21.726 [FXGL Background Thread 1 ] DEBUG FileSystemAccess     - Reading from: C:\Users\josue\OneDrive\Desktop\proyecto java\Among Us\system\fxgl.bundle
20:52:21.736 [FXGL Background Thread 1 ] DEBUG SystemBundleService  - Bundle FXGL: {}
20:52:21.736 [FXGL Background Thread 1 ] DEBUG UpdaterService       - Checking for updates
20:52:21.749 [FXGL Background Thread 1 ] DEBUG FXGLApplication      - Loading default localization
20:52:21.749 [FXGL Background Thread 4 ] DEBUG FXGLApplication      - Loading fonts
20:52:21.750 [FXGL Background Thread 1 ] DEBUG FXGLAssetLoaderServi - Loading from file system: jar:file:/C:/Users/josue/OneDrive/Desktop/proyecto%20java/Among%20Us/lib/fxgl-21.1-uber.jar!/fxglassets/languages/english.lang
20:52:21.752 [FXGL Background Thread 4 ] DEBUG FXGLAssetLoaderServi - Loading from file system: jar:file:/C:/Users/josue/OneDrive/Desktop/proyecto%20java/Among%20Us/lib/fxgl-21.1-uber.jar!/fxglassets/ui/fonts/VarelaRound-Regular.ttf
20:52:21.831 [FXGL Background Thread 1 ] INFO  FXGLApplication      - FXGL initialization took: 1,216 sec
20:52:21.848 [JavaFX Application Thread] DEBUG Input                - Registered new binding: Mover Arriba - W
20:52:21.848 [JavaFX Application Thread] DEBUG Input                - Registered new binding: Mover Abajo - S
20:52:21.849 [JavaFX Application Thread] DEBUG Input                - Registered new binding: Mover Izquierda - A
20:52:21.849 [JavaFX Application Thread] DEBUG Input                - Registered new binding: Mover Derecha - D
20:52:21.849 [JavaFX Application Thread] DEBUG Input                - Registered new binding: Abrir Camaras - C
20:52:21.849 [JavaFX Application Thread] DEBUG Input                - Registered new binding: Usar Alcantarilla - Space
20:52:21.849 [JavaFX Application Thread] DEBUG Input                - Registered new binding: Vent Izquierda - Left
20:52:21.849 [JavaFX Application Thread] DEBUG Input                - Registered new binding: Vent Derecha - Right
20:52:21.849 [JavaFX Application Thread] DEBUG Input                - Registered new binding: Vent Arriba - Up
20:52:21.849 [JavaFX Application Thread] DEBUG Input                - Registered new binding: Vent Abajo - Down
20:52:21.850 [JavaFX Application Thread] DEBUG Input                - Registered new binding: Matar Jugador - Q
20:52:21.850 [JavaFX Application Thread] DEBUG FXGLAssetLoaderServi - Loading from file system: file:/C:/Users/josue/OneDrive/Desktop/proyecto%20java/Among%20Us/out/production/Among%20Us/assets/textures/icono.png
20:52:21.943 [JavaFX Application Thread] DEBUG FXGLAssetLoaderServi - Loading from file system: jar:file:/C:/Users/josue/OneDrive/Desktop/proyecto%20java/Among%20Us/lib/fxgl-21.1-uber.jar!/fxglassets/textures/fxgl_default_cursor.png
20:52:21.948 [JavaFX Application Thread] DEBUG Input                - Registered new binding: Screenshot - CTRL+8
20:52:21.950 [JavaFX Application Thread] DEBUG Input                - Registered new binding: System info dump - CTRL+9
20:52:21.951 [JavaFX Application Thread] DEBUG Input                - Registered new binding: Restart - CTRL+R
20:52:21.952 [JavaFX Application Thread] DEBUG Input                - Registered new binding: Toggle Debug Camera - CTRL+7
20:52:21.965 [JavaFX Application Thread] DEBUG LoopRunner           - Starting loop
20:52:21.966 [JavaFX Application Thread] DEBUG LoopRunner           - Initializing JavaFX AnimationTimerLoop
20:52:21.982 [JavaFX Application Thread] DEBUG GameApplicationServi - Starting new game
20:52:21.992 [JavaFX Application Thread] DEBUG Input                - Clearing active input actions
20:52:22.081 [FXGL Background Thread 4 ] DEBUG FXGLAssetLoaderServi - Loading from file system: jar:file:/C:/Users/josue/OneDrive/Desktop/proyecto%20java/Among%20Us/lib/fxgl-21.1-uber.jar!/fxglassets/ui/fonts/Abel-Regular.ttf
20:52:22.112 [FXGL Background Thread 4 ] DEBUG FXGLAssetLoaderServi - Loading from file system: jar:file:/C:/Users/josue/OneDrive/Desktop/proyecto%20java/Among%20Us/lib/fxgl-21.1-uber.jar!/fxglassets/ui/fonts/TerminalLandMono-Regular.otf
20:52:22.137 [JavaFX Application Thread] DEBUG GameApplicationServi - Removing overlay from FXGLStartupScene and adding to FXGLLoadingScene
20:52:22.141 [JavaFX Application Thread] DEBUG PrimaryStageWindow   - FXGLStartupScene -> FXGLLoadingScene
20:52:22.141 [JavaFX Application Thread] DEBUG GameApplicationServi - Clearing previous game
20:52:22.142 [JavaFX Application Thread] DEBUG GameScene            - Clearing game scene
20:52:22.142 [JavaFX Application Thread] DEBUG GameWorld            - Clearing game world
20:52:22.144 [FXGL Background Thread 4 ] DEBUG FXGLAssetLoaderServi - Loading from file system: jar:file:/C:/Users/josue/OneDrive/Desktop/proyecto%20java/Among%20Us/lib/fxgl-21.1-uber.jar!/fxglassets/ui/fonts/Courier-Prime.ttf
20:52:22.144 [JavaFX Application Thread] DEBUG PhysicsWorld         - Clearing physics world
20:52:22.148 [FXGL Background Thread 1 ] DEBUG FXGLApplication      - Initializing game
20:52:22.171 [FXGL Background Thread 1 ] DEBUG FXGLAssetLoaderServi - Loading from file system: file:/C:/Users/josue/OneDrive/Desktop/proyecto%20java/Among%20Us/out/production/Among%20Us/assets/music/musicaMenu.mp3
20:52:22.338 [JavaFX Application Thread] DEBUG FXGLApplication      - Registering font factories with UI factory
20:52:22.929 [FXGL Background Thread 1 ] DEBUG AudioPlayer          - Playing music com.almasb.fxgl.audio.Music@19b42059
20:52:24.094 [FXGL Background Thread 2 ] INFO  UpdaterService       - Your current version:  21.1
20:52:24.094 [FXGL Background Thread 2 ] INFO  UpdaterService       - Latest stable version: 25
20:52:25.500 [FXGL Background Thread 3 ] DEBUG Engine               - Logging environment variables
20:52:25.501 [FXGL Background Thread 3 ] DEBUG Engine               - achievements: []
20:52:25.501 [FXGL Background Thread 3 ] DEBUG Engine               - actualHeight: 600.0
20:52:25.501 [FXGL Background Thread 3 ] DEBUG Engine               - actualHeightProperty: ReadOnlyDoubleProperty [value: 600.0]
20:52:25.542 [FXGL Background Thread 3 ] DEBUG Engine               - actualWidth: 800.0
20:52:25.579 [FXGL Background Thread 3 ] DEBUG Engine               - actualWidthProperty: ReadOnlyDoubleProperty [value: 800.0]
20:52:25.628 [FXGL Background Thread 3 ] DEBUG Engine               - appIcon: icono.png
20:52:25.628 [FXGL Background Thread 3 ] DEBUG Engine               - applicationMode: DEVELOPER
20:52:25.651 [FXGL Background Thread 3 ] DEBUG Engine               - cSSList: [fxgl_dark.css]
20:52:25.654 [FXGL Background Thread 3 ] DEBUG Engine               - collisionDetectionStrategy: BRUTE_FORCE
20:52:25.654 [FXGL Background Thread 3 ] DEBUG Engine               - configClass: Optional.empty
20:52:25.654 [FXGL Background Thread 3 ] DEBUG Engine               - credits: []
20:52:25.654 [FXGL Background Thread 3 ] DEBUG Engine               - defaultCursor: CursorInfo(imageName=fxgl_default_cursor.png, hotspotX=7.0, hotspotY=6.0)
20:52:25.655 [FXGL Background Thread 3 ] DEBUG Engine               - devBBoxColorProperty: ObjectProperty [value: 0xff0000ff]
20:52:25.655 [FXGL Background Thread 3 ] DEBUG Engine               - devEnableDebugCameraProperty: BooleanProperty [value: false]
20:52:25.656 [FXGL Background Thread 3 ] DEBUG Engine               - devSensorColorProperty: ObjectProperty [value: 0xffff00ff]
20:52:25.661 [FXGL Background Thread 3 ] DEBUG Engine               - devShowBBoxProperty: BooleanProperty [value: false]
20:52:25.662 [FXGL Background Thread 3 ] DEBUG Engine               - devShowPositionProperty: BooleanProperty [value: false]
20:52:25.662 [FXGL Background Thread 3 ] DEBUG Engine               - enabledMenuItems: []
20:52:25.672 [FXGL Background Thread 3 ] DEBUG Engine               - engineServices: [class com.almasb.fxgl.app.services.FXGLAssetLoaderService, class com.almasb.fxgl.app.FXGLApplication$GameApplicationService, class com.almasb.fxgl.app.services.FXGLDialogService, class com.almasb.fxgl.app.services.IOTaskExecutorService, class com.almasb.fxgl.io.FileSystemService, class com.almasb.fxgl.localization.LocalizationService, class com.almasb.fxgl.app.services.SystemBundleService, class com.almasb.fxgl.profile.SaveLoadService, class com.almasb.fxgl.ui.FXGLUIFactoryServiceProvider, class com.almasb.fxgl.ui.FXGLDialogFactoryServiceProvider, class com.almasb.fxgl.audio.AudioPlayer, class com.almasb.fxgl.notification.impl.NotificationServiceProvider, class com.almasb.fxgl.achievement.AchievementService, class com.almasb.fxgl.cutscene.CutsceneService, class com.almasb.fxgl.minigames.MiniGameService, class com.almasb.fxgl.net.NetService, class com.almasb.fxgl.app.services.UpdaterService, class com.almasb.fxgl.dev.DevService]
20:52:25.673 [FXGL Background Thread 3 ] DEBUG Engine               - fontGame: Abel-Regular.ttf
20:52:25.673 [FXGL Background Thread 3 ] DEBUG Engine               - fontMono: TerminalLandMono-Regular.otf
20:52:25.673 [FXGL Background Thread 3 ] DEBUG Engine               - fontSizeScaleUI: 1.0
20:52:25.673 [FXGL Background Thread 3 ] DEBUG Engine               - fontText: Courier-Prime.ttf
20:52:25.673 [FXGL Background Thread 3 ] DEBUG Engine               - fontUI: VarelaRound-Regular.ttf
20:52:25.673 [FXGL Background Thread 3 ] DEBUG Engine               - fullScreen: BooleanProperty [value: false]
20:52:25.673 [FXGL Background Thread 3 ] DEBUG Engine               - gameDifficulty: MEDIUM
20:52:25.673 [FXGL Background Thread 3 ] DEBUG Engine               - gameDifficultyProperty: ObjectProperty [value: MEDIUM]
20:52:25.673 [FXGL Background Thread 3 ] DEBUG Engine               - globalMusicVolume: 0.5
20:52:25.685 [FXGL Background Thread 3 ] DEBUG Engine               - globalMusicVolumeProperty: DoubleProperty [value: 0.4]
20:52:25.685 [FXGL Background Thread 3 ] DEBUG Engine               - globalSoundVolume: 0.5
20:52:25.685 [FXGL Background Thread 3 ] DEBUG Engine               - globalSoundVolumeProperty: DoubleProperty [value: 0.5]
20:52:25.685 [FXGL Background Thread 3 ] DEBUG Engine               - height: 600
20:52:25.685 [FXGL Background Thread 3 ] DEBUG Engine               - is3D: false
20:52:25.685 [FXGL Background Thread 3 ] DEBUG Engine               - isAndroid: false
20:52:25.689 [FXGL Background Thread 3 ] DEBUG Engine               - isBrowser: false
20:52:25.689 [FXGL Background Thread 3 ] DEBUG Engine               - isClickFeedbackEnabled: false
20:52:25.701 [FXGL Background Thread 3 ] DEBUG Engine               - isCloseConfirmation: false
20:52:25.701 [FXGL Background Thread 3 ] DEBUG Engine               - isDesktop: true
20:52:25.702 [FXGL Background Thread 3 ] DEBUG Engine               - isDeveloperMenuEnabled: false
20:52:25.702 [FXGL Background Thread 3 ] DEBUG Engine               - isEmbedded: false
20:52:25.702 [FXGL Background Thread 3 ] DEBUG Engine               - isEntityPreloadEnabled: true
20:52:25.702 [FXGL Background Thread 3 ] DEBUG Engine               - isExperimentalTiledLargeMap: false
20:52:25.702 [FXGL Background Thread 3 ] DEBUG Engine               - isFileSystemWriteAllowed: true
20:52:25.702 [FXGL Background Thread 3 ] DEBUG Engine               - isFullScreenAllowed: false
20:52:25.702 [FXGL Background Thread 3 ] DEBUG Engine               - isFullScreenFromStart: false
20:52:25.702 [FXGL Background Thread 3 ] DEBUG Engine               - isGameMenuEnabled: true
20:52:25.702 [FXGL Background Thread 3 ] DEBUG Engine               - isIOS: false
20:52:25.702 [FXGL Background Thread 3 ] DEBUG Engine               - isIntroEnabled: false
20:52:25.702 [FXGL Background Thread 3 ] DEBUG Engine               - isLinux: false
20:52:25.702 [FXGL Background Thread 3 ] DEBUG Engine               - isMac: false
20:52:25.702 [FXGL Background Thread 3 ] DEBUG Engine               - isMainMenuEnabled: false
20:52:25.702 [FXGL Background Thread 3 ] DEBUG Engine               - isManualResizeEnabled: false
20:52:25.702 [FXGL Background Thread 3 ] DEBUG Engine               - isMobile: false
20:52:25.702 [FXGL Background Thread 3 ] DEBUG Engine               - isNative: false
20:52:25.702 [FXGL Background Thread 3 ] DEBUG Engine               - isPauseMusicWhenMinimized: true
20:52:25.702 [FXGL Background Thread 3 ] DEBUG Engine               - isPreserveResizeRatio: false
20:52:25.703 [FXGL Background Thread 3 ] DEBUG Engine               - isProfilingEnabled: false
20:52:25.703 [FXGL Background Thread 3 ] DEBUG Engine               - isScaleAffectedOnResize: true
20:52:25.703 [FXGL Background Thread 3 ] DEBUG Engine               - isSingleStep: false
20:52:25.703 [FXGL Background Thread 3 ] DEBUG Engine               - isUserProfileEnabled: false
20:52:25.703 [FXGL Background Thread 3 ] DEBUG Engine               - isWindows: true
20:52:25.703 [FXGL Background Thread 3 ] DEBUG Engine               - language: ObjectProperty [value: ENGLISH]
20:52:25.703 [FXGL Background Thread 3 ] DEBUG Engine               - menuKey: ESCAPE
20:52:25.703 [FXGL Background Thread 3 ] DEBUG Engine               - mouseSensitivity: 0.2
20:52:25.703 [FXGL Background Thread 3 ] DEBUG Engine               - notificationViewClass: class com.almasb.fxgl.notification.view.XboxNotificationView
20:52:25.703 [FXGL Background Thread 3 ] DEBUG Engine               - pixelsPerMeter: 50.0
20:52:25.703 [FXGL Background Thread 3 ] DEBUG Engine               - platform: WINDOWS
20:52:25.703 [FXGL Background Thread 3 ] DEBUG Engine               - prefHeightProperty: ReadOnlyDoubleProperty [value: 600.0]
20:52:25.703 [FXGL Background Thread 3 ] DEBUG Engine               - prefWidthProperty: ReadOnlyDoubleProperty [value: 800.0]
20:52:25.703 [FXGL Background Thread 3 ] DEBUG Engine               - profileDir: profiles/
20:52:25.703 [FXGL Background Thread 3 ] DEBUG Engine               - profileName: StringProperty [value: DEFAULT]
20:52:25.703 [FXGL Background Thread 3 ] DEBUG Engine               - randomSeed: -1
20:52:25.703 [FXGL Background Thread 3 ] DEBUG Engine               - runtimeInfo: RuntimeInfo(platform=WINDOWS, version=21.1, build=26.03.2024 17.33)
20:52:25.703 [FXGL Background Thread 3 ] DEBUG Engine               - saveFileExt: sav
20:52:25.703 [FXGL Background Thread 3 ] DEBUG Engine               - scaledHeightProp$fxgl: DoubleProperty [bound, value: 600.0]
20:52:25.704 [FXGL Background Thread 3 ] DEBUG Engine               - scaledWidthProp$fxgl: DoubleProperty [bound, value: 800.0]
20:52:25.704 [FXGL Background Thread 3 ] DEBUG Engine               - sceneFactory: com.almasb.fxgl.app.scene.SceneFactory@770fa5c1
20:52:25.704 [FXGL Background Thread 3 ] DEBUG Engine               - secondsIn24h: 60
20:52:25.704 [FXGL Background Thread 3 ] DEBUG Engine               - soundMenuBack: menu/back.wav
20:52:25.704 [FXGL Background Thread 3 ] DEBUG Engine               - soundMenuPress: menu/press.wav
20:52:25.704 [FXGL Background Thread 3 ] DEBUG Engine               - soundMenuSelect: menu/select.wav
20:52:25.704 [FXGL Background Thread 3 ] DEBUG Engine               - soundNotification: core/notification.wav
20:52:25.704 [FXGL Background Thread 3 ] DEBUG Engine               - stageStyle: DECORATED
20:52:25.704 [FXGL Background Thread 3 ] DEBUG Engine               - supportedLanguages: [ENGLISH, FRENCH, GERMAN, HUNGARIAN, RUSSIAN]
20:52:25.704 [FXGL Background Thread 3 ] DEBUG Engine               - ticksPerSecond: -1
20:52:25.704 [FXGL Background Thread 3 ] DEBUG Engine               - title: Among Us UNEG
20:52:25.704 [FXGL Background Thread 3 ] DEBUG Engine               - urlGithub: https://github.com/AlmasB/FXGL
20:52:25.704 [FXGL Background Thread 3 ] DEBUG Engine               - urlLeaderboard: http://fxgl-top.herokuapp.com/
20:52:25.704 [FXGL Background Thread 3 ] DEBUG Engine               - urlPOM: https://raw.githubusercontent.com/AlmasB/FXGL/release/README.md
20:52:25.704 [FXGL Background Thread 3 ] DEBUG Engine               - userAppClass: class main.java.amongUs.AppPrincipal
20:52:25.704 [FXGL Background Thread 3 ] DEBUG Engine               - version: 0.0
20:52:25.704 [FXGL Background Thread 3 ] DEBUG Engine               - versionCheckDays: 7
20:52:25.704 [FXGL Background Thread 3 ] DEBUG Engine               - width: 800
20:52:25.704 [FXGL Background Thread 3 ] DEBUG Engine               - Logging services
20:52:25.704 [FXGL Background Thread 3 ] DEBUG Engine               - class com.almasb.fxgl.app.services.FXGLAssetLoaderService
20:52:25.704 [FXGL Background Thread 3 ] DEBUG Engine               - class com.almasb.fxgl.app.FXGLApplication$GameApplicationService
20:52:25.704 [FXGL Background Thread 3 ] DEBUG Engine               - class com.almasb.fxgl.app.services.FXGLDialogService
20:52:25.704 [FXGL Background Thread 3 ] DEBUG Engine               - class com.almasb.fxgl.app.services.IOTaskExecutorService
20:52:25.704 [FXGL Background Thread 3 ] DEBUG Engine               - class com.almasb.fxgl.io.FileSystemService
20:52:25.704 [FXGL Background Thread 3 ] DEBUG Engine               - class com.almasb.fxgl.localization.LocalizationService
20:52:25.704 [FXGL Background Thread 3 ] DEBUG Engine               - class com.almasb.fxgl.app.services.SystemBundleService
20:52:25.704 [FXGL Background Thread 3 ] DEBUG Engine               - class com.almasb.fxgl.profile.SaveLoadService
20:52:25.704 [FXGL Background Thread 3 ] DEBUG Engine               - class com.almasb.fxgl.ui.FXGLUIFactoryServiceProvider
20:52:25.704 [FXGL Background Thread 3 ] DEBUG Engine               - class com.almasb.fxgl.ui.FXGLDialogFactoryServiceProvider
20:52:25.704 [FXGL Background Thread 3 ] DEBUG Engine               - class com.almasb.fxgl.audio.AudioPlayer
20:52:25.704 [FXGL Background Thread 3 ] DEBUG Engine               - class com.almasb.fxgl.notification.impl.NotificationServiceProvider
20:52:25.704 [FXGL Background Thread 3 ] DEBUG Engine               - class com.almasb.fxgl.achievement.AchievementService
20:52:25.705 [FXGL Background Thread 3 ] DEBUG Engine               - class com.almasb.fxgl.cutscene.CutsceneService
20:52:25.705 [FXGL Background Thread 3 ] DEBUG Engine               - class com.almasb.fxgl.minigames.MiniGameService
20:52:25.705 [FXGL Background Thread 3 ] DEBUG Engine               - class com.almasb.fxgl.net.NetService
20:52:25.705 [FXGL Background Thread 3 ] DEBUG Engine               - class com.almasb.fxgl.app.services.UpdaterService
20:52:25.705 [FXGL Background Thread 3 ] DEBUG Engine               - class com.almasb.fxgl.dev.DevService
20:52:25.701 [FXGL Background Thread 1 ] INFO  FXGLApplication      - Game initialization took: 3,553 sec
20:52:25.711 [JavaFX Application Thread] DEBUG Input                - Clearing active input actions
20:52:25.732 [JavaFX Application Thread] DEBUG GameApplicationServi - Removing overlay from FXGLLoadingScene and adding to GameScene
20:52:25.733 [JavaFX Application Thread] DEBUG PrimaryStageWindow   - FXGLLoadingScene -> GameScene
20:52:38.140 [JavaFX Application Thread] DEBUG FXGLAssetLoaderServi - Loading from file system: file:/C:/Users/josue/OneDrive/Desktop/proyecto%20java/Among%20Us/out/production/Among%20Us/assets/sounds/clickBoton.wav
20:52:42.104 [JavaFX Application Thread] DEBUG FXGLAssetLoaderServi - Loading from file system: file:/C:/Users/josue/OneDrive/Desktop/proyecto%20java/Among%20Us/out/production/Among%20Us/assets/textures/tripulante_blanco.png
20:52:52.747 [JavaFX Application Thread] DEBUG FXGLAssetLoaderServi - Loading from file system: file:/C:/Users/josue/OneDrive/Desktop/proyecto%20java/Among%20Us/out/production/Among%20Us/assets/textures/tripulante_negro.png
20:52:53.948 [JavaFX Application Thread] WARN  TMXLevelLoader       - TiledMap generated from 1.11.2. Supported version: 1.9.0. Some features may not be parsed fully.
20:52:54.010 [JavaFX Application Thread] DEBUG TMXLevelLoader       - Parsed TiledMap: file:/C:/Users/josue/OneDrive/Desktop/proyecto%20java/Among%20Us/out/production/Among%20Us/assets/levels/mapa2.tmx
20:52:54.011 [JavaFX Application Thread] DEBUG TMXLevelLoader       - Creating tile layer entities
20:52:54.013 [JavaFX Application Thread] DEBUG TilesetLoader        - Loading view for layer fondo1
20:52:54.014 [JavaFX Application Thread] DEBUG TilesetLoader        - Created buffer with size 992.0x960.0
20:52:54.038 [JavaFX Application Thread] DEBUG TilesetLoader        - Loading view for layer fondo
20:52:54.038 [JavaFX Application Thread] DEBUG TilesetLoader        - Created buffer with size 992.0x960.0
20:52:54.044 [JavaFX Application Thread] DEBUG TilesetLoader        - Loading view for layer piso
20:52:54.045 [JavaFX Application Thread] DEBUG TilesetLoader        - Created buffer with size 992.0x960.0
20:52:54.052 [JavaFX Application Thread] DEBUG TilesetLoader        - Loading view for layer piso1
20:52:54.053 [JavaFX Application Thread] DEBUG TilesetLoader        - Created buffer with size 992.0x960.0
20:52:54.083 [JavaFX Application Thread] DEBUG TilesetLoader        - Loading view for layer izquierda
20:52:54.084 [JavaFX Application Thread] DEBUG TilesetLoader        - Created buffer with size 992.0x960.0
20:52:54.094 [JavaFX Application Thread] DEBUG TilesetLoader        - Loading view for layer detallesatraspared
20:52:54.095 [JavaFX Application Thread] DEBUG TilesetLoader        - Created buffer with size 992.0x960.0
20:52:54.163 [JavaFX Application Thread] DEBUG TilesetLoader        - Loading view for layer pared2
20:52:54.164 [JavaFX Application Thread] DEBUG TilesetLoader        - Created buffer with size 992.0x960.0
20:52:54.178 [JavaFX Application Thread] DEBUG TilesetLoader        - Loading view for layer techo1
20:52:54.180 [JavaFX Application Thread] DEBUG TilesetLoader        - Created buffer with size 992.0x960.0
20:52:54.184 [JavaFX Application Thread] DEBUG TilesetLoader        - Loading view for layer techo2
20:52:54.186 [JavaFX Application Thread] DEBUG TilesetLoader        - Created buffer with size 992.0x960.0
20:52:54.203 [JavaFX Application Thread] DEBUG TilesetLoader        - Loading view for layer puertita
20:52:54.242 [JavaFX Application Thread] DEBUG TilesetLoader        - Created buffer with size 992.0x960.0
20:52:54.244 [JavaFX Application Thread] DEBUG TilesetLoader        - Loading view for layer puerta
20:52:54.244 [JavaFX Application Thread] DEBUG TilesetLoader        - Created buffer with size 992.0x960.0
20:52:54.258 [JavaFX Application Thread] DEBUG TilesetLoader        - Loading view for layer detalles
20:52:54.258 [JavaFX Application Thread] DEBUG TilesetLoader        - Created buffer with size 992.0x960.0
20:52:54.277 [JavaFX Application Thread] DEBUG TilesetLoader        - Loading view for layer detalles 2
20:52:54.278 [JavaFX Application Thread] DEBUG TilesetLoader        - Created buffer with size 992.0x960.0
20:52:54.294 [JavaFX Application Thread] DEBUG TilesetLoader        - Loading view for layer detalles3
20:52:54.295 [JavaFX Application Thread] DEBUG TilesetLoader        - Created buffer with size 992.0x960.0
20:52:54.323 [JavaFX Application Thread] DEBUG TilesetLoader        - Loading view for layer grieta
20:52:54.324 [JavaFX Application Thread] DEBUG TilesetLoader        - Created buffer with size 992.0x960.0
20:52:54.325 [JavaFX Application Thread] DEBUG TilesetLoader        - Loading view for layer camaras
20:52:54.326 [JavaFX Application Thread] DEBUG TilesetLoader        - Created buffer with size 992.0x960.0
20:52:54.329 [JavaFX Application Thread] DEBUG TilesetLoader        - Loading view for layer Techo
20:52:54.330 [JavaFX Application Thread] DEBUG TilesetLoader        - Created buffer with size 992.0x960.0
20:52:54.332 [JavaFX Application Thread] DEBUG TMXLevelLoader       - Creating object layer entities
20:52:54.471 [JavaFX Application Thread] DEBUG GameWorld            - Clearing removable entities
20:52:54.471 [JavaFX Application Thread] DEBUG GameWorld            - Setting level: com.almasb.fxgl.entity.level.Level@4cf4c340
20:52:54.530 [JavaFX Application Thread] DEBUG FXGLAssetLoaderServi - Loading from file system: file:/C:/Users/josue/OneDrive/Desktop/proyecto%20java/Among%20Us/out/production/Among%20Us/assets/textures/MonitorDeCamaras.png
20:52:54.551 [JavaFX Application Thread] DEBUG FXGLAssetLoaderServi - Loading from file system: file:/C:/Users/josue/OneDrive/Desktop/proyecto%20java/Among%20Us/out/production/Among%20Us/assets/textures/flechaAmarillaIzq.png
20:52:54.553 [JavaFX Application Thread] DEBUG FXGLAssetLoaderServi - Loading from file system: file:/C:/Users/josue/OneDrive/Desktop/proyecto%20java/Among%20Us/out/production/Among%20Us/assets/textures/flechaAmarillaDer.png
20:52:54.564 [JavaFX Application Thread] DEBUG FXGLAssetLoaderServi - Loading from file system: file:/C:/Users/josue/OneDrive/Desktop/proyecto%20java/Among%20Us/out/production/Among%20Us/assets/textures/fantasma.png
20:52:54.568 [JavaFX Application Thread] DEBUG FXGLAssetLoaderServi - Loading from file system: file:/C:/Users/josue/OneDrive/Desktop/proyecto%20java/Among%20Us/out/production/Among%20Us/assets/textures/blanco_muerto.png
20:52:54.569 [JavaFX Application Thread] DEBUG FXGLAssetLoaderServi - Loading from file system: file:/C:/Users/josue/OneDrive/Desktop/proyecto%20java/Among%20Us/out/production/Among%20Us/assets/textures/animacion_blanco.png
20:52:54.570 [JavaFX Application Thread] DEBUG FXGLAssetLoaderServi - Loading from file system: file:/C:/Users/josue/OneDrive/Desktop/proyecto%20java/Among%20Us/out/production/Among%20Us/assets/textures/alcantarilla_blanco.png
20:52:54.571 [JavaFX Application Thread] DEBUG FXGLAssetLoaderServi - Loading from file system: file:/C:/Users/josue/OneDrive/Desktop/proyecto%20java/Among%20Us/out/production/Among%20Us/assets/textures/alcantarilla_blancoE.png
20:52:54.584 [JavaFX Application Thread] DEBUG FXGLAssetLoaderServi - Loading from file system: file:/C:/Users/josue/OneDrive/Desktop/proyecto%20java/Among%20Us/out/production/Among%20Us/assets/textures/negro_muerto.png
20:52:54.586 [JavaFX Application Thread] DEBUG FXGLAssetLoaderServi - Loading from file system: file:/C:/Users/josue/OneDrive/Desktop/proyecto%20java/Among%20Us/out/production/Among%20Us/assets/textures/animacion_negro.png
20:52:54.589 [JavaFX Application Thread] DEBUG FXGLAssetLoaderServi - Loading from file system: file:/C:/Users/josue/OneDrive/Desktop/proyecto%20java/Among%20Us/out/production/Among%20Us/assets/textures/alcantarilla_negro.png
20:52:54.591 [JavaFX Application Thread] DEBUG FXGLAssetLoaderServi - Loading from file system: file:/C:/Users/josue/OneDrive/Desktop/proyecto%20java/Among%20Us/out/production/Among%20Us/assets/textures/alcantarilla_negroE.png
20:52:54.594 [JavaFX Application Thread] DEBUG FXGLAssetLoaderServi - Loading from file system: file:/C:/Users/josue/OneDrive/Desktop/proyecto%20java/Among%20Us/out/production/Among%20Us/assets/textures/accionNegada.png
20:52:54.603 [JavaFX Application Thread] DEBUG FXGLAssetLoaderServi - Loading from file system: file:/C:/Users/josue/OneDrive/Desktop/proyecto%20java/Among%20Us/out/production/Among%20Us/assets/textures/matarNegado.png
20:52:54.613 [JavaFX Application Thread] DEBUG FXGLAssetLoaderServi - Loading from file system: file:/C:/Users/josue/OneDrive/Desktop/proyecto%20java/Among%20Us/out/production/Among%20Us/assets/textures/sabotaje.png
20:52:54.621 [JavaFX Application Thread] DEBUG FXGLAssetLoaderServi - Loading from file system: file:/C:/Users/josue/OneDrive/Desktop/proyecto%20java/Among%20Us/out/production/Among%20Us/assets/textures/pantalla_impostor.png
20:53:03.677 [JavaFX Application Thread] DEBUG FXGLApplication      - Exiting FXGL
20:53:03.677 [JavaFX Application Thread] DEBUG LoopRunner           - Stopping loop
20:53:03.677 [JavaFX Application Thread] DEBUG SystemBundleService  - Saving FXGL system data
20:53:03.682 [JavaFX Application Thread] DEBUG FileSystemAccess     - Writing to: C:\Users\josue\OneDrive\Desktop\proyecto java\Among Us\system\fxgl.bundle
20:53:03.686 [JavaFX Application Thread] DEBUG Async                - Shutting down background threads
20:53:03.686 [JavaFX Application Thread] DEBUG PrimaryStageWindow   - Closing main window
20:53:03.719 [JavaFX Application Thread] DEBUG Logger               - Closing Logger
