16:49:05.077 [main                     ] DEBUG Logger               - Configured Logger
16:49:05.140 [main                     ] DEBUG GameApplication      - Logging settings
Title: Among Us UNEG
Version: 0.0
Width: 800
Height: 600
Fullscreen: false
Intro: false
Profiling: false
Single step:false
App Mode: DEVELOPER
Menu Key: ESCAPE
Stage Style: DECORATED
Scene Factory: class com.almasb.fxgl.app.scene.SceneFactory

16:49:06.151 [JavaFX Application Thread] DEBUG FXGLApplication      - Initializing FXGL
16:49:06.158 [JavaFX Application Thread] INFO  Engine               - FXGL-21.1 (26.03.2024 17.33) on WINDOWS (J:25.0.2 FX:21.0.1)
16:49:06.158 [JavaFX Application Thread] DEBUG Engine               - JRE Vendor Name: Oracle Corporation
16:49:06.159 [JavaFX Application Thread] DEBUG Engine               - Running on OS: Windows 11 version 10.0
16:49:06.159 [JavaFX Application Thread] DEBUG Engine               - Architecture: amd64
16:49:06.159 [JavaFX Application Thread] INFO  Engine               - Source code and latest versions at: https://github.com/AlmasB/FXGL
16:49:06.159 [JavaFX Application Thread] INFO  Engine               -       Ask questions and discuss at: https://github.com/AlmasB/FXGL/discussions
16:49:06.159 [JavaFX Application Thread] INFO  Engine               -              Join the FXGL chat at: https://gitter.im/AlmasB/FXGL
16:49:06.405 [JavaFX Application Thread] DEBUG PrimaryStageWindow   - Creating a JavaFX scene
16:49:06.542 [JavaFX Application Thread] DEBUG PrimaryStageWindow   - Target settings size: 800.0 x 600.0
16:49:06.542 [JavaFX Application Thread] DEBUG PrimaryStageWindow   - Scaled scene size:    800.0 x 600.0
16:49:06.542 [JavaFX Application Thread] DEBUG PrimaryStageWindow   - Scaled ratio: (1.0, 1.0)
16:49:06.544 [JavaFX Application Thread] DEBUG PrimaryStageWindow   - Set initial scene to FXGLStartupScene
16:49:06.551 [JavaFX Application Thread] DEBUG PrimaryStageWindow   - Opening main window
16:49:06.779 [JavaFX Application Thread] DEBUG PrimaryStageWindow   - Window border size: (16.0, 39.0)
16:49:06.779 [JavaFX Application Thread] DEBUG PrimaryStageWindow   - Scaled size: 800.0 x 600.0
16:49:06.779 [JavaFX Application Thread] DEBUG PrimaryStageWindow   - Scaled ratio: (1.0, 1.0)
16:49:06.779 [JavaFX Application Thread] DEBUG PrimaryStageWindow   - Scene size: 800.0 x 600.0
16:49:06.780 [JavaFX Application Thread] DEBUG PrimaryStageWindow   - Stage size: 816.0 x 639.0
16:49:06.798 [FXGL Background Thread 1 ] DEBUG Engine               - Initializing environment variables
16:49:06.991 [FXGL Background Thread 1 ] DEBUG FXGLAssetLoaderServi - User app class for loading assets: class main.java.amongUs.AppPrincipal
16:49:06.991 [FXGL Background Thread 1 ] DEBUG GameApplicationServi - Applying CSS: fxgl_dark.css
16:49:06.993 [FXGL Background Thread 1 ] DEBUG FXGLAssetLoaderServi - Loading from file system: jar:file:/C:/Users/josue/OneDrive/Desktop/proyecto%20java/Among%20Us/lib/fxgl-21.1-uber.jar!/fxglassets/ui/css/fxgl_dark.css
16:49:07.165 [FXGL Background Thread 1 ] DEBUG GameApplicationServi - Initializing application scenes
16:49:07.358 [FXGL Background Thread 1 ] DEBUG GameWorld            - Game world initialized
16:49:07.452 [FXGL Background Thread 1 ] DEBUG PhysicsWorld         - Physics world initialized: appHeight=600, physics.ppm=50,0
16:49:07.453 [FXGL Background Thread 1 ] DEBUG PhysicsWorld         - Using strategy: BRUTE_FORCE
16:49:07.467 [FXGL Background Thread 1 ] DEBUG GameScene            - Game scene initialized: 800x600
16:49:07.493 [FXGL Background Thread 1 ] DEBUG FXGL.DefaultMenu     - createMenuBodyGameMenu()
16:49:07.527 [FXGL Background Thread 1 ] DEBUG FXGL.DefaultMenu     - createOptionsMenu()
16:49:07.546 [FXGL Background Thread 1 ] DEBUG FXGLAssetLoaderServi - Loading from file system: jar:file:/C:/Users/josue/OneDrive/Desktop/proyecto%20java/Among%20Us/lib/fxgl-21.1-uber.jar!/fxglassets/textures/particles/smoke.png
16:49:07.738 [FXGL Background Thread 1 ] DEBUG FXGLAssetLoaderServi - Loading from file system: jar:file:/C:/Users/josue/OneDrive/Desktop/proyecto%20java/Among%20Us/lib/fxgl-21.1-uber.jar!/fxglassets/textures/particles/trace_horizontal.png
16:49:07.796 [FXGL Background Thread 1 ] DEBUG GameApplicationServi - Application scenes initialized
16:49:07.832 [FXGL Background Thread 1 ] DEBUG SystemBundleService  - Loading FXGL system data
16:49:07.841 [FXGL Background Thread 1 ] DEBUG FileSystemAccess     - Reading from: C:\Users\josue\OneDrive\Desktop\proyecto java\Among Us\system\fxgl.bundle
16:49:07.855 [FXGL Background Thread 1 ] DEBUG SystemBundleService  - Bundle FXGL: {}
16:49:07.855 [FXGL Background Thread 1 ] DEBUG UpdaterService       - Checking for updates
16:49:07.866 [FXGL Background Thread 1 ] DEBUG FXGLApplication      - Loading default localization
16:49:07.867 [FXGL Background Thread 1 ] DEBUG FXGLAssetLoaderServi - Loading from file system: jar:file:/C:/Users/josue/OneDrive/Desktop/proyecto%20java/Among%20Us/lib/fxgl-21.1-uber.jar!/fxglassets/languages/english.lang
16:49:07.913 [FXGL Background Thread 1 ] INFO  FXGLApplication      - FXGL initialization took: 1,115 sec
16:49:07.932 [JavaFX Application Thread] DEBUG Input                - Registered new binding: Mover Arriba - W
16:49:07.932 [JavaFX Application Thread] DEBUG Input                - Registered new binding: Mover Abajo - S
16:49:07.932 [JavaFX Application Thread] DEBUG Input                - Registered new binding: Mover Izquierda - A
16:49:07.932 [JavaFX Application Thread] DEBUG Input                - Registered new binding: Mover Derecha - D
16:49:07.932 [JavaFX Application Thread] DEBUG Input                - Registered new binding: Abrir Camaras - C
16:49:07.932 [JavaFX Application Thread] DEBUG Input                - Registered new binding: Usar Alcantarilla - Space
16:49:07.932 [JavaFX Application Thread] DEBUG Input                - Registered new binding: Vent Izquierda - Left
16:49:07.932 [JavaFX Application Thread] DEBUG Input                - Registered new binding: Vent Derecha - Right
16:49:07.932 [JavaFX Application Thread] DEBUG Input                - Registered new binding: Vent Arriba - Up
16:49:07.933 [JavaFX Application Thread] DEBUG Input                - Registered new binding: Vent Abajo - Down
16:49:07.933 [JavaFX Application Thread] DEBUG Input                - Registered new binding: Matar Jugador - Q
16:49:07.933 [JavaFX Application Thread] DEBUG FXGLAssetLoaderServi - Loading from file system: file:/C:/Users/josue/OneDrive/Desktop/proyecto%20java/Among%20Us/out/production/Among%20Us/assets/textures/icono.png
16:49:08.050 [FXGL Background Thread 4 ] DEBUG FXGLApplication      - Loading fonts
16:49:08.050 [FXGL Background Thread 4 ] DEBUG FXGLAssetLoaderServi - Loading from file system: jar:file:/C:/Users/josue/OneDrive/Desktop/proyecto%20java/Among%20Us/lib/fxgl-21.1-uber.jar!/fxglassets/ui/fonts/VarelaRound-Regular.ttf
16:49:08.058 [JavaFX Application Thread] DEBUG FXGLAssetLoaderServi - Loading from file system: jar:file:/C:/Users/josue/OneDrive/Desktop/proyecto%20java/Among%20Us/lib/fxgl-21.1-uber.jar!/fxglassets/textures/fxgl_default_cursor.png
16:49:08.067 [JavaFX Application Thread] DEBUG Input                - Registered new binding: Screenshot - CTRL+8
16:49:08.067 [JavaFX Application Thread] DEBUG Input                - Registered new binding: System info dump - CTRL+9
16:49:08.069 [JavaFX Application Thread] DEBUG Input                - Registered new binding: Restart - CTRL+R
16:49:08.072 [JavaFX Application Thread] DEBUG Input                - Registered new binding: Toggle Debug Camera - CTRL+7
16:49:08.077 [JavaFX Application Thread] DEBUG LoopRunner           - Starting loop
16:49:08.077 [JavaFX Application Thread] DEBUG LoopRunner           - Initializing JavaFX AnimationTimerLoop
16:49:08.080 [JavaFX Application Thread] DEBUG GameApplicationServi - Starting new game
16:49:08.081 [JavaFX Application Thread] DEBUG Input                - Clearing active input actions
16:49:08.120 [JavaFX Application Thread] DEBUG GameApplicationServi - Removing overlay from FXGLStartupScene and adding to FXGLLoadingScene
16:49:08.121 [JavaFX Application Thread] DEBUG PrimaryStageWindow   - FXGLStartupScene -> FXGLLoadingScene
16:49:08.121 [JavaFX Application Thread] DEBUG GameApplicationServi - Clearing previous game
16:49:08.121 [JavaFX Application Thread] DEBUG GameScene            - Clearing game scene
16:49:08.121 [JavaFX Application Thread] DEBUG GameWorld            - Clearing game world
16:49:08.122 [JavaFX Application Thread] DEBUG PhysicsWorld         - Clearing physics world
16:49:08.123 [FXGL Background Thread 1 ] DEBUG FXGLApplication      - Initializing game
16:49:08.145 [FXGL Background Thread 1 ] DEBUG FXGLAssetLoaderServi - Loading from file system: file:/C:/Users/josue/OneDrive/Desktop/proyecto%20java/Among%20Us/out/production/Among%20Us/assets/textures/MonitorDeCamaras.png
16:49:08.263 [FXGL Background Thread 1 ] DEBUG FXGLAssetLoaderServi - Loading from file system: file:/C:/Users/josue/OneDrive/Desktop/proyecto%20java/Among%20Us/out/production/Among%20Us/assets/textures/flechaAmarillaIzq.png
16:49:08.269 [FXGL Background Thread 1 ] DEBUG FXGLAssetLoaderServi - Loading from file system: file:/C:/Users/josue/OneDrive/Desktop/proyecto%20java/Among%20Us/out/production/Among%20Us/assets/textures/flechaAmarillaDer.png
16:49:08.272 [FXGL Background Thread 1 ] DEBUG FXGLAssetLoaderServi - Loading from file system: file:/C:/Users/josue/OneDrive/Desktop/proyecto%20java/Among%20Us/out/production/Among%20Us/assets/music/musicaMenu.mp3
16:49:08.751 [FXGL Background Thread 1 ] DEBUG AudioPlayer          - Playing music com.almasb.fxgl.audio.Music@49546403
16:49:09.507 [FXGL Background Thread 4 ] DEBUG FXGLAssetLoaderServi - Loading from file system: jar:file:/C:/Users/josue/OneDrive/Desktop/proyecto%20java/Among%20Us/lib/fxgl-21.1-uber.jar!/fxglassets/ui/fonts/Abel-Regular.ttf
16:49:09.573 [FXGL Background Thread 4 ] DEBUG FXGLAssetLoaderServi - Loading from file system: jar:file:/C:/Users/josue/OneDrive/Desktop/proyecto%20java/Among%20Us/lib/fxgl-21.1-uber.jar!/fxglassets/ui/fonts/TerminalLandMono-Regular.otf
16:49:09.597 [FXGL Background Thread 4 ] DEBUG FXGLAssetLoaderServi - Loading from file system: jar:file:/C:/Users/josue/OneDrive/Desktop/proyecto%20java/Among%20Us/lib/fxgl-21.1-uber.jar!/fxglassets/ui/fonts/Courier-Prime.ttf
16:49:09.694 [FXGL Background Thread 1 ] INFO  FXGLApplication      - Game initialization took: 1,571 sec
16:49:09.729 [JavaFX Application Thread] DEBUG FXGLApplication      - Registering font factories with UI factory
16:49:09.738 [JavaFX Application Thread] DEBUG Input                - Clearing active input actions
16:49:09.756 [JavaFX Application Thread] DEBUG GameApplicationServi - Removing overlay from FXGLLoadingScene and adding to GameScene
16:49:09.756 [JavaFX Application Thread] DEBUG PrimaryStageWindow   - FXGLLoadingScene -> GameScene
16:49:10.885 [FXGL Background Thread 3 ] DEBUG Engine               - Logging environment variables
16:49:10.928 [FXGL Background Thread 3 ] DEBUG Engine               - achievements: []
16:49:10.928 [FXGL Background Thread 3 ] DEBUG Engine               - actualHeight: 600.0
16:49:10.928 [FXGL Background Thread 3 ] DEBUG Engine               - actualHeightProperty: ReadOnlyDoubleProperty [value: 600.0]
16:49:10.932 [FXGL Background Thread 3 ] DEBUG Engine               - actualWidth: 800.0
16:49:10.932 [FXGL Background Thread 3 ] DEBUG Engine               - actualWidthProperty: ReadOnlyDoubleProperty [value: 800.0]
16:49:10.932 [FXGL Background Thread 3 ] DEBUG Engine               - appIcon: icono.png
16:49:10.932 [FXGL Background Thread 3 ] DEBUG Engine               - applicationMode: DEVELOPER
16:49:10.932 [FXGL Background Thread 3 ] DEBUG Engine               - cSSList: [fxgl_dark.css]
16:49:10.932 [FXGL Background Thread 3 ] DEBUG Engine               - collisionDetectionStrategy: BRUTE_FORCE
16:49:10.932 [FXGL Background Thread 3 ] DEBUG Engine               - configClass: Optional.empty
16:49:10.932 [FXGL Background Thread 3 ] DEBUG Engine               - credits: []
16:49:10.934 [FXGL Background Thread 3 ] DEBUG Engine               - defaultCursor: CursorInfo(imageName=fxgl_default_cursor.png, hotspotX=7.0, hotspotY=6.0)
16:49:10.949 [FXGL Background Thread 3 ] DEBUG Engine               - devBBoxColorProperty: ObjectProperty [value: 0xff0000ff]
16:49:10.949 [FXGL Background Thread 3 ] DEBUG Engine               - devEnableDebugCameraProperty: BooleanProperty [value: false]
16:49:10.951 [FXGL Background Thread 3 ] DEBUG Engine               - devSensorColorProperty: ObjectProperty [value: 0xffff00ff]
16:49:10.951 [FXGL Background Thread 3 ] DEBUG Engine               - devShowBBoxProperty: BooleanProperty [value: false]
16:49:10.953 [FXGL Background Thread 3 ] DEBUG Engine               - devShowPositionProperty: BooleanProperty [value: false]
16:49:10.953 [FXGL Background Thread 3 ] DEBUG Engine               - enabledMenuItems: []
16:49:10.953 [FXGL Background Thread 3 ] DEBUG Engine               - engineServices: [class com.almasb.fxgl.app.services.FXGLAssetLoaderService, class com.almasb.fxgl.app.FXGLApplication$GameApplicationService, class com.almasb.fxgl.app.services.FXGLDialogService, class com.almasb.fxgl.app.services.IOTaskExecutorService, class com.almasb.fxgl.io.FileSystemService, class com.almasb.fxgl.localization.LocalizationService, class com.almasb.fxgl.app.services.SystemBundleService, class com.almasb.fxgl.profile.SaveLoadService, class com.almasb.fxgl.ui.FXGLUIFactoryServiceProvider, class com.almasb.fxgl.ui.FXGLDialogFactoryServiceProvider, class com.almasb.fxgl.audio.AudioPlayer, class com.almasb.fxgl.notification.impl.NotificationServiceProvider, class com.almasb.fxgl.achievement.AchievementService, class com.almasb.fxgl.cutscene.CutsceneService, class com.almasb.fxgl.minigames.MiniGameService, class com.almasb.fxgl.net.NetService, class com.almasb.fxgl.app.services.UpdaterService, class com.almasb.fxgl.dev.DevService]
16:49:10.953 [FXGL Background Thread 3 ] DEBUG Engine               - fontGame: Abel-Regular.ttf
16:49:10.953 [FXGL Background Thread 3 ] DEBUG Engine               - fontMono: TerminalLandMono-Regular.otf
16:49:10.953 [FXGL Background Thread 3 ] DEBUG Engine               - fontSizeScaleUI: 1.0
16:49:10.957 [FXGL Background Thread 3 ] DEBUG Engine               - fontText: Courier-Prime.ttf
16:49:10.957 [FXGL Background Thread 3 ] DEBUG Engine               - fontUI: VarelaRound-Regular.ttf
16:49:10.957 [FXGL Background Thread 3 ] DEBUG Engine               - fullScreen: BooleanProperty [value: false]
16:49:10.959 [FXGL Background Thread 3 ] DEBUG Engine               - gameDifficulty: MEDIUM
16:49:10.959 [FXGL Background Thread 3 ] DEBUG Engine               - gameDifficultyProperty: ObjectProperty [value: MEDIUM]
16:49:10.959 [FXGL Background Thread 3 ] DEBUG Engine               - globalMusicVolume: 0.5
16:49:10.959 [FXGL Background Thread 3 ] DEBUG Engine               - globalMusicVolumeProperty: DoubleProperty [value: 0.4]
16:49:10.960 [FXGL Background Thread 3 ] DEBUG Engine               - globalSoundVolume: 0.5
16:49:10.960 [FXGL Background Thread 3 ] DEBUG Engine               - globalSoundVolumeProperty: DoubleProperty [value: 0.5]
16:49:10.985 [FXGL Background Thread 3 ] DEBUG Engine               - height: 600
16:49:10.989 [FXGL Background Thread 3 ] DEBUG Engine               - is3D: false
16:49:10.989 [FXGL Background Thread 3 ] DEBUG Engine               - isAndroid: false
16:49:10.993 [FXGL Background Thread 3 ] DEBUG Engine               - isBrowser: false
16:49:10.993 [FXGL Background Thread 3 ] DEBUG Engine               - isClickFeedbackEnabled: false
16:49:10.993 [FXGL Background Thread 3 ] DEBUG Engine               - isCloseConfirmation: false
16:49:10.993 [FXGL Background Thread 3 ] DEBUG Engine               - isDesktop: true
16:49:10.995 [FXGL Background Thread 3 ] DEBUG Engine               - isDeveloperMenuEnabled: false
16:49:10.997 [FXGL Background Thread 3 ] DEBUG Engine               - isEmbedded: false
16:49:10.997 [FXGL Background Thread 3 ] DEBUG Engine               - isEntityPreloadEnabled: true
16:49:10.997 [FXGL Background Thread 3 ] DEBUG Engine               - isExperimentalTiledLargeMap: false
16:49:10.998 [FXGL Background Thread 3 ] DEBUG Engine               - isFileSystemWriteAllowed: true
16:49:10.998 [FXGL Background Thread 3 ] DEBUG Engine               - isFullScreenAllowed: false
16:49:10.998 [FXGL Background Thread 3 ] DEBUG Engine               - isFullScreenFromStart: false
16:49:10.998 [FXGL Background Thread 3 ] DEBUG Engine               - isGameMenuEnabled: true
16:49:10.998 [FXGL Background Thread 3 ] DEBUG Engine               - isIOS: false
16:49:10.998 [FXGL Background Thread 3 ] DEBUG Engine               - isIntroEnabled: false
16:49:10.998 [FXGL Background Thread 3 ] DEBUG Engine               - isLinux: false
16:49:10.998 [FXGL Background Thread 3 ] DEBUG Engine               - isMac: false
16:49:10.998 [FXGL Background Thread 3 ] DEBUG Engine               - isMainMenuEnabled: false
16:49:10.998 [FXGL Background Thread 3 ] DEBUG Engine               - isManualResizeEnabled: false
16:49:10.998 [FXGL Background Thread 3 ] DEBUG Engine               - isMobile: false
16:49:10.998 [FXGL Background Thread 3 ] DEBUG Engine               - isNative: false
16:49:10.998 [FXGL Background Thread 3 ] DEBUG Engine               - isPauseMusicWhenMinimized: true
16:49:10.998 [FXGL Background Thread 3 ] DEBUG Engine               - isPreserveResizeRatio: false
16:49:10.999 [FXGL Background Thread 3 ] DEBUG Engine               - isProfilingEnabled: false
16:49:10.999 [FXGL Background Thread 3 ] DEBUG Engine               - isScaleAffectedOnResize: true
16:49:10.999 [FXGL Background Thread 3 ] DEBUG Engine               - isSingleStep: false
16:49:10.999 [FXGL Background Thread 3 ] DEBUG Engine               - isUserProfileEnabled: false
16:49:10.999 [FXGL Background Thread 3 ] DEBUG Engine               - isWindows: true
16:49:10.999 [FXGL Background Thread 3 ] DEBUG Engine               - language: ObjectProperty [value: ENGLISH]
16:49:10.999 [FXGL Background Thread 3 ] DEBUG Engine               - menuKey: ESCAPE
16:49:10.999 [FXGL Background Thread 3 ] DEBUG Engine               - mouseSensitivity: 0.2
16:49:11.000 [FXGL Background Thread 3 ] DEBUG Engine               - notificationViewClass: class com.almasb.fxgl.notification.view.XboxNotificationView
16:49:11.000 [FXGL Background Thread 3 ] DEBUG Engine               - pixelsPerMeter: 50.0
16:49:11.000 [FXGL Background Thread 3 ] DEBUG Engine               - platform: WINDOWS
16:49:11.000 [FXGL Background Thread 3 ] DEBUG Engine               - prefHeightProperty: ReadOnlyDoubleProperty [value: 600.0]
16:49:11.000 [FXGL Background Thread 3 ] DEBUG Engine               - prefWidthProperty: ReadOnlyDoubleProperty [value: 800.0]
16:49:11.000 [FXGL Background Thread 3 ] DEBUG Engine               - profileDir: profiles/
16:49:11.000 [FXGL Background Thread 3 ] DEBUG Engine               - profileName: StringProperty [value: DEFAULT]
16:49:11.000 [FXGL Background Thread 3 ] DEBUG Engine               - randomSeed: -1
16:49:11.000 [FXGL Background Thread 3 ] DEBUG Engine               - runtimeInfo: RuntimeInfo(platform=WINDOWS, version=21.1, build=26.03.2024 17.33)
16:49:11.001 [FXGL Background Thread 3 ] DEBUG Engine               - saveFileExt: sav
16:49:11.001 [FXGL Background Thread 3 ] DEBUG Engine               - scaledHeightProp$fxgl: DoubleProperty [bound, value: 600.0]
16:49:11.001 [FXGL Background Thread 3 ] DEBUG Engine               - scaledWidthProp$fxgl: DoubleProperty [bound, value: 800.0]
16:49:11.001 [FXGL Background Thread 3 ] DEBUG Engine               - sceneFactory: com.almasb.fxgl.app.scene.SceneFactory@7fde73bb
16:49:11.001 [FXGL Background Thread 3 ] DEBUG Engine               - secondsIn24h: 60
16:49:11.001 [FXGL Background Thread 3 ] DEBUG Engine               - soundMenuBack: menu/back.wav
16:49:11.001 [FXGL Background Thread 3 ] DEBUG Engine               - soundMenuPress: menu/press.wav
16:49:11.001 [FXGL Background Thread 3 ] DEBUG Engine               - soundMenuSelect: menu/select.wav
16:49:11.001 [FXGL Background Thread 3 ] DEBUG Engine               - soundNotification: core/notification.wav
16:49:11.001 [FXGL Background Thread 3 ] DEBUG Engine               - stageStyle: DECORATED
16:49:11.001 [FXGL Background Thread 3 ] DEBUG Engine               - supportedLanguages: [ENGLISH, FRENCH, GERMAN, HUNGARIAN, RUSSIAN]
16:49:11.001 [FXGL Background Thread 3 ] DEBUG Engine               - ticksPerSecond: -1
16:49:11.001 [FXGL Background Thread 3 ] DEBUG Engine               - title: Among Us UNEG
16:49:11.001 [FXGL Background Thread 3 ] DEBUG Engine               - urlGithub: https://github.com/AlmasB/FXGL
16:49:11.001 [FXGL Background Thread 3 ] DEBUG Engine               - urlLeaderboard: http://fxgl-top.herokuapp.com/
16:49:11.001 [FXGL Background Thread 3 ] DEBUG Engine               - urlPOM: https://raw.githubusercontent.com/AlmasB/FXGL/release/README.md
16:49:11.001 [FXGL Background Thread 3 ] DEBUG Engine               - userAppClass: class main.java.amongUs.AppPrincipal
16:49:11.001 [FXGL Background Thread 3 ] DEBUG Engine               - version: 0.0
16:49:11.001 [FXGL Background Thread 3 ] DEBUG Engine               - versionCheckDays: 7
16:49:11.001 [FXGL Background Thread 3 ] DEBUG Engine               - width: 800
16:49:11.001 [FXGL Background Thread 3 ] DEBUG Engine               - Logging services
16:49:11.001 [FXGL Background Thread 3 ] DEBUG Engine               - class com.almasb.fxgl.app.services.FXGLAssetLoaderService
16:49:11.001 [FXGL Background Thread 3 ] DEBUG Engine               - class com.almasb.fxgl.app.FXGLApplication$GameApplicationService
16:49:11.001 [FXGL Background Thread 3 ] DEBUG Engine               - class com.almasb.fxgl.app.services.FXGLDialogService
16:49:11.001 [FXGL Background Thread 3 ] DEBUG Engine               - class com.almasb.fxgl.app.services.IOTaskExecutorService
16:49:11.001 [FXGL Background Thread 3 ] DEBUG Engine               - class com.almasb.fxgl.io.FileSystemService
16:49:11.001 [FXGL Background Thread 3 ] DEBUG Engine               - class com.almasb.fxgl.localization.LocalizationService
16:49:11.001 [FXGL Background Thread 3 ] DEBUG Engine               - class com.almasb.fxgl.app.services.SystemBundleService
16:49:11.001 [FXGL Background Thread 3 ] DEBUG Engine               - class com.almasb.fxgl.profile.SaveLoadService
16:49:11.003 [FXGL Background Thread 3 ] DEBUG Engine               - class com.almasb.fxgl.ui.FXGLUIFactoryServiceProvider
16:49:11.003 [FXGL Background Thread 3 ] DEBUG Engine               - class com.almasb.fxgl.ui.FXGLDialogFactoryServiceProvider
16:49:11.003 [FXGL Background Thread 3 ] DEBUG Engine               - class com.almasb.fxgl.audio.AudioPlayer
16:49:11.003 [FXGL Background Thread 3 ] DEBUG Engine               - class com.almasb.fxgl.notification.impl.NotificationServiceProvider
16:49:11.003 [FXGL Background Thread 3 ] DEBUG Engine               - class com.almasb.fxgl.achievement.AchievementService
16:49:11.003 [FXGL Background Thread 3 ] DEBUG Engine               - class com.almasb.fxgl.cutscene.CutsceneService
16:49:11.007 [FXGL Background Thread 3 ] DEBUG Engine               - class com.almasb.fxgl.minigames.MiniGameService
16:49:11.007 [FXGL Background Thread 3 ] DEBUG Engine               - class com.almasb.fxgl.net.NetService
16:49:11.007 [FXGL Background Thread 3 ] DEBUG Engine               - class com.almasb.fxgl.app.services.UpdaterService
16:49:11.007 [FXGL Background Thread 3 ] DEBUG Engine               - class com.almasb.fxgl.dev.DevService
16:49:11.019 [JavaFX Application Thread] DEBUG FXGLAssetLoaderServi - Loading from file system: file:/C:/Users/josue/OneDrive/Desktop/proyecto%20java/Among%20Us/out/production/Among%20Us/assets/sounds/clickBoton.wav
16:49:11.501 [FXGL Background Thread 2 ] INFO  UpdaterService       - Your current version:  21.1
16:49:11.501 [FXGL Background Thread 2 ] INFO  UpdaterService       - Latest stable version: 25
16:49:20.131 [JavaFX Application Thread] DEBUG FXGLAssetLoaderServi - Loading from file system: file:/C:/Users/josue/OneDrive/Desktop/proyecto%20java/Among%20Us/out/production/Among%20Us/assets/textures/tripulante_blanco.png
16:49:20.134 [JavaFX Application Thread] DEBUG FXGLAssetLoaderServi - Loading from file system: file:/C:/Users/josue/OneDrive/Desktop/proyecto%20java/Among%20Us/out/production/Among%20Us/assets/textures/tripulante_negro.png
16:49:23.532 [JavaFX Application Thread] DEBUG FXGLAssetLoaderServi - Loading from file system: file:/C:/Users/josue/OneDrive/Desktop/proyecto%20java/Among%20Us/out/production/Among%20Us/assets/textures/tripulante_morado.png
16:49:27.179 [JavaFX Application Thread] WARN  TMXLevelLoader       - TiledMap generated from 1.11.2. Supported version: 1.9.0. Some features may not be parsed fully.
16:49:28.020 [JavaFX Application Thread] DEBUG TMXLevelLoader       - Parsed TiledMap: file:/C:/Users/josue/OneDrive/Desktop/proyecto%20java/Among%20Us/out/production/Among%20Us/assets/levels/mapa2.tmx
16:49:28.021 [JavaFX Application Thread] DEBUG TMXLevelLoader       - Creating tile layer entities
16:49:28.029 [JavaFX Application Thread] DEBUG TilesetLoader        - Loading view for layer fondo1
16:49:28.030 [JavaFX Application Thread] DEBUG TilesetLoader        - Created buffer with size 992.0x960.0
16:49:28.099 [JavaFX Application Thread] DEBUG TilesetLoader        - Loading view for layer fondo
16:49:28.099 [JavaFX Application Thread] DEBUG TilesetLoader        - Created buffer with size 992.0x960.0
16:49:28.110 [JavaFX Application Thread] DEBUG TilesetLoader        - Loading view for layer piso
16:49:28.111 [JavaFX Application Thread] DEBUG TilesetLoader        - Created buffer with size 992.0x960.0
16:49:28.117 [JavaFX Application Thread] DEBUG TilesetLoader        - Loading view for layer piso1
16:49:28.118 [JavaFX Application Thread] DEBUG TilesetLoader        - Created buffer with size 992.0x960.0
16:49:28.147 [JavaFX Application Thread] DEBUG TilesetLoader        - Loading view for layer izquierda
16:49:28.147 [JavaFX Application Thread] DEBUG TilesetLoader        - Created buffer with size 992.0x960.0
16:49:28.170 [JavaFX Application Thread] DEBUG TilesetLoader        - Loading view for layer detallesatraspared
16:49:28.171 [JavaFX Application Thread] DEBUG TilesetLoader        - Created buffer with size 992.0x960.0
16:49:28.227 [JavaFX Application Thread] DEBUG TilesetLoader        - Loading view for layer pared2
16:49:28.229 [JavaFX Application Thread] DEBUG TilesetLoader        - Created buffer with size 992.0x960.0
16:49:28.279 [JavaFX Application Thread] DEBUG TilesetLoader        - Loading view for layer techo1
16:49:28.280 [JavaFX Application Thread] DEBUG TilesetLoader        - Created buffer with size 992.0x960.0
16:49:28.283 [JavaFX Application Thread] DEBUG TilesetLoader        - Loading view for layer techo2
16:49:28.285 [JavaFX Application Thread] DEBUG TilesetLoader        - Created buffer with size 992.0x960.0
16:49:28.293 [JavaFX Application Thread] DEBUG TilesetLoader        - Loading view for layer puertita
16:49:28.295 [JavaFX Application Thread] DEBUG TilesetLoader        - Created buffer with size 992.0x960.0
16:49:28.297 [JavaFX Application Thread] DEBUG TilesetLoader        - Loading view for layer puerta
16:49:28.298 [JavaFX Application Thread] DEBUG TilesetLoader        - Created buffer with size 992.0x960.0
16:49:28.301 [JavaFX Application Thread] DEBUG TilesetLoader        - Loading view for layer detalles
16:49:28.301 [JavaFX Application Thread] DEBUG TilesetLoader        - Created buffer with size 992.0x960.0
16:49:28.332 [JavaFX Application Thread] DEBUG TilesetLoader        - Loading view for layer detalles 2
16:49:28.332 [JavaFX Application Thread] DEBUG TilesetLoader        - Created buffer with size 992.0x960.0
16:49:28.354 [JavaFX Application Thread] DEBUG TilesetLoader        - Loading view for layer detalles3
16:49:28.356 [JavaFX Application Thread] DEBUG TilesetLoader        - Created buffer with size 992.0x960.0
16:49:28.417 [JavaFX Application Thread] DEBUG TilesetLoader        - Loading view for layer grieta
16:49:28.418 [JavaFX Application Thread] DEBUG TilesetLoader        - Created buffer with size 992.0x960.0
16:49:28.445 [JavaFX Application Thread] DEBUG TilesetLoader        - Loading view for layer camaras
16:49:28.449 [JavaFX Application Thread] DEBUG TilesetLoader        - Created buffer with size 992.0x960.0
16:49:28.457 [JavaFX Application Thread] DEBUG TilesetLoader        - Loading view for layer Techo
16:49:28.462 [JavaFX Application Thread] DEBUG TilesetLoader        - Created buffer with size 992.0x960.0
16:49:28.616 [JavaFX Application Thread] DEBUG TMXLevelLoader       - Creating object layer entities
16:49:28.792 [JavaFX Application Thread] DEBUG GameWorld            - Clearing removable entities
16:49:28.793 [JavaFX Application Thread] DEBUG GameWorld            - Setting level: com.almasb.fxgl.entity.level.Level@406c7180
16:49:28.878 [JavaFX Application Thread] DEBUG FXGLAssetLoaderServi - Loading from file system: file:/C:/Users/josue/OneDrive/Desktop/proyecto%20java/Among%20Us/out/production/Among%20Us/assets/textures/fantasma.png
16:49:28.881 [JavaFX Application Thread] WARN  FXGLAssetLoaderServi - Asset "/assets/textures/morado_muerto.png" was not found!
16:49:28.882 [JavaFX Application Thread] WARN  FXGLAssetLoaderServi - Failed to load IMAGE
16:49:28.888 [JavaFX Application Thread] DEBUG FXGLAssetLoaderServi - Loading from file system: file:/C:/Users/josue/OneDrive/Desktop/proyecto%20java/Among%20Us/out/production/Among%20Us/assets/textures/animacion_morado.png
16:49:28.898 [JavaFX Application Thread] DEBUG FXGLAssetLoaderServi - Loading from file system: file:/C:/Users/josue/OneDrive/Desktop/proyecto%20java/Among%20Us/out/production/Among%20Us/assets/textures/alcantarilla_morado.png
16:49:28.901 [JavaFX Application Thread] DEBUG FXGLAssetLoaderServi - Loading from file system: file:/C:/Users/josue/OneDrive/Desktop/proyecto%20java/Among%20Us/out/production/Among%20Us/assets/textures/alcantarilla_moradoE.png
16:49:28.980 [JavaFX Application Thread] DEBUG FXGLAssetLoaderServi - Loading from file system: file:/C:/Users/josue/OneDrive/Desktop/proyecto%20java/Among%20Us/out/production/Among%20Us/assets/textures/blanco_muerto.png
16:49:28.987 [JavaFX Application Thread] DEBUG FXGLAssetLoaderServi - Loading from file system: file:/C:/Users/josue/OneDrive/Desktop/proyecto%20java/Among%20Us/out/production/Among%20Us/assets/textures/animacion_blanco.png
16:49:28.995 [JavaFX Application Thread] DEBUG FXGLAssetLoaderServi - Loading from file system: file:/C:/Users/josue/OneDrive/Desktop/proyecto%20java/Among%20Us/out/production/Among%20Us/assets/textures/alcantarilla_blanco.png
16:49:28.998 [JavaFX Application Thread] DEBUG FXGLAssetLoaderServi - Loading from file system: file:/C:/Users/josue/OneDrive/Desktop/proyecto%20java/Among%20Us/out/production/Among%20Us/assets/textures/alcantarilla_blancoE.png
16:49:29.012 [JavaFX Application Thread] DEBUG FXGLAssetLoaderServi - Loading from file system: file:/C:/Users/josue/OneDrive/Desktop/proyecto%20java/Among%20Us/out/production/Among%20Us/assets/textures/accionNegada.png
16:49:29.067 [JavaFX Application Thread] DEBUG FXGLAssetLoaderServi - Loading from file system: file:/C:/Users/josue/OneDrive/Desktop/proyecto%20java/Among%20Us/out/production/Among%20Us/assets/textures/pantalla_tripulante.png
16:49:39.609 [JavaFX Application Thread] DEBUG FXGLAssetLoaderServi - Loading from file system: file:/C:/Users/josue/OneDrive/Desktop/proyecto%20java/Among%20Us/out/production/Among%20Us/assets/textures/accion.png
16:49:47.091 [JavaFX Application Thread] DEBUG PrimaryStageWindow   - Push state: FXGLDefaultMenu
16:49:47.099 [JavaFX Application Thread] DEBUG Input                - Clearing active input actions
16:49:47.100 [JavaFX Application Thread] DEBUG GameApplicationServi - Removing overlay from GameScene and adding to FXGLDefaultMenu
16:49:47.100 [JavaFX Application Thread] DEBUG PrimaryStageWindow   - GameScene -> FXGLDefaultMenu
16:49:47.571 [JavaFX Application Thread] DEBUG PrimaryStageWindow   - Pop state: FXGLDefaultMenu
16:49:47.571 [JavaFX Application Thread] DEBUG Input                - Clearing active input actions
16:49:47.571 [JavaFX Application Thread] DEBUG GameApplicationServi - Removing overlay from FXGLDefaultMenu and adding to GameScene
16:49:47.573 [JavaFX Application Thread] DEBUG PrimaryStageWindow   - GameScene <- FXGLDefaultMenu
16:49:51.210 [JavaFX Application Thread] DEBUG PrimaryStageWindow   - Push state: FXGLDefaultMenu
16:49:51.210 [JavaFX Application Thread] DEBUG Input                - Clearing active input actions
16:49:51.211 [JavaFX Application Thread] DEBUG GameApplicationServi - Removing overlay from GameScene and adding to FXGLDefaultMenu
16:49:51.211 [JavaFX Application Thread] DEBUG PrimaryStageWindow   - GameScene -> FXGLDefaultMenu
16:49:52.314 [JavaFX Application Thread] DEBUG Menu                 - fireExit()
16:49:52.317 [JavaFX Application Thread] DEBUG PrimaryStageWindow   - Push state: DialogSubScene
16:49:52.317 [JavaFX Application Thread] DEBUG Input                - Clearing active input actions
16:49:52.317 [JavaFX Application Thread] DEBUG GameApplicationServi - Removing overlay from FXGLDefaultMenu and adding to DialogSubScene
16:49:52.317 [JavaFX Application Thread] DEBUG PrimaryStageWindow   - FXGLDefaultMenu -> DialogSubScene
16:49:53.018 [JavaFX Application Thread] DEBUG PrimaryStageWindow   - Pop state: DialogSubScene
16:49:53.018 [JavaFX Application Thread] DEBUG Input                - Clearing active input actions
16:49:53.019 [JavaFX Application Thread] DEBUG GameApplicationServi - Removing overlay from DialogSubScene and adding to FXGLDefaultMenu
16:49:53.019 [JavaFX Application Thread] DEBUG PrimaryStageWindow   - FXGLDefaultMenu <- DialogSubScene
16:49:53.019 [JavaFX Application Thread] DEBUG FXGLApplication      - Exiting FXGL
16:49:53.019 [JavaFX Application Thread] DEBUG LoopRunner           - Stopping loop
16:49:53.019 [JavaFX Application Thread] DEBUG SystemBundleService  - Saving FXGL system data
16:49:53.031 [JavaFX Application Thread] DEBUG FileSystemAccess     - Writing to: C:\Users\josue\OneDrive\Desktop\proyecto java\Among Us\system\fxgl.bundle
16:49:53.036 [JavaFX Application Thread] DEBUG Async                - Shutting down background threads
16:49:53.036 [JavaFX Application Thread] DEBUG PrimaryStageWindow   - Closing main window
16:49:53.082 [JavaFX Application Thread] DEBUG Logger               - Closing Logger
