19:07:50.061 [main                     ] DEBUG Logger               - Configured Logger
19:07:50.084 [main                     ] DEBUG GameApplication      - Logging settings
Title: Among Us UNEG
Version: 0.0
Width: 800
Height: 600
Fullscreen: false
Intro: false
Profiling: false
Single step:false
App Mode: DEVELOPER
Menu Key: ESCAPE
Stage Style: DECORATED
Scene Factory: class com.almasb.fxgl.app.scene.SceneFactory

19:07:51.052 [JavaFX Application Thread] DEBUG FXGLApplication      - Initializing FXGL
19:07:51.058 [JavaFX Application Thread] INFO  Engine               - FXGL-21.1 (26.03.2024 17.33) on WINDOWS (J:25.0.2 FX:21.0.1)
19:07:51.058 [JavaFX Application Thread] DEBUG Engine               - JRE Vendor Name: Oracle Corporation
19:07:51.058 [JavaFX Application Thread] DEBUG Engine               - Running on OS: Windows 11 version 10.0
19:07:51.059 [JavaFX Application Thread] DEBUG Engine               - Architecture: amd64
19:07:51.059 [JavaFX Application Thread] INFO  Engine               - Source code and latest versions at: https://github.com/AlmasB/FXGL
19:07:51.059 [JavaFX Application Thread] INFO  Engine               -       Ask questions and discuss at: https://github.com/AlmasB/FXGL/discussions
19:07:51.059 [JavaFX Application Thread] INFO  Engine               -              Join the FXGL chat at: https://gitter.im/AlmasB/FXGL
19:07:51.360 [JavaFX Application Thread] DEBUG PrimaryStageWindow   - Creating a JavaFX scene
19:07:51.587 [JavaFX Application Thread] DEBUG PrimaryStageWindow   - Target settings size: 800.0 x 600.0
19:07:51.588 [JavaFX Application Thread] DEBUG PrimaryStageWindow   - Scaled scene size:    800.0 x 600.0
19:07:51.588 [JavaFX Application Thread] DEBUG PrimaryStageWindow   - Scaled ratio: (1.0, 1.0)
19:07:51.590 [JavaFX Application Thread] DEBUG PrimaryStageWindow   - Set initial scene to FXGLStartupScene
19:07:51.598 [JavaFX Application Thread] DEBUG PrimaryStageWindow   - Opening main window
19:07:51.776 [JavaFX Application Thread] DEBUG PrimaryStageWindow   - Window border size: (16.0, 39.0)
19:07:51.777 [JavaFX Application Thread] DEBUG PrimaryStageWindow   - Scaled size: 800.0 x 600.0
19:07:51.777 [JavaFX Application Thread] DEBUG PrimaryStageWindow   - Scaled ratio: (1.0, 1.0)
19:07:51.778 [JavaFX Application Thread] DEBUG PrimaryStageWindow   - Scene size: 800.0 x 600.0
19:07:51.778 [JavaFX Application Thread] DEBUG PrimaryStageWindow   - Stage size: 816.0 x 639.0
19:07:51.824 [FXGL Background Thread 1 ] DEBUG Engine               - Initializing environment variables
19:07:51.957 [FXGL Background Thread 1 ] DEBUG FXGLAssetLoaderServi - User app class for loading assets: class main.java.amongUs.AppPrincipal
19:07:51.957 [FXGL Background Thread 1 ] DEBUG GameApplicationServi - Applying CSS: fxgl_dark.css
19:07:51.958 [FXGL Background Thread 1 ] DEBUG FXGLAssetLoaderServi - Loading from file system: jar:file:/C:/Users/josue/OneDrive/Desktop/proyecto%20java/Among%20Us/lib/fxgl-21.1-uber.jar!/fxglassets/ui/css/fxgl_dark.css
19:07:52.070 [FXGL Background Thread 1 ] DEBUG GameApplicationServi - Initializing application scenes
19:07:52.239 [FXGL Background Thread 1 ] DEBUG GameWorld            - Game world initialized
19:07:52.314 [FXGL Background Thread 1 ] DEBUG PhysicsWorld         - Physics world initialized: appHeight=600, physics.ppm=50,0
19:07:52.315 [FXGL Background Thread 1 ] DEBUG PhysicsWorld         - Using strategy: BRUTE_FORCE
19:07:52.320 [FXGL Background Thread 1 ] DEBUG GameScene            - Game scene initialized: 800x600
19:07:52.339 [FXGL Background Thread 1 ] DEBUG FXGL.DefaultMenu     - createMenuBodyGameMenu()
19:07:52.369 [FXGL Background Thread 1 ] DEBUG FXGL.DefaultMenu     - createOptionsMenu()
19:07:52.386 [FXGL Background Thread 1 ] DEBUG FXGLAssetLoaderServi - Loading from file system: jar:file:/C:/Users/josue/OneDrive/Desktop/proyecto%20java/Among%20Us/lib/fxgl-21.1-uber.jar!/fxglassets/textures/particles/smoke.png
19:07:52.535 [FXGL Background Thread 1 ] DEBUG FXGLAssetLoaderServi - Loading from file system: jar:file:/C:/Users/josue/OneDrive/Desktop/proyecto%20java/Among%20Us/lib/fxgl-21.1-uber.jar!/fxglassets/textures/particles/trace_horizontal.png
19:07:52.578 [FXGL Background Thread 1 ] DEBUG GameApplicationServi - Application scenes initialized
19:07:52.607 [FXGL Background Thread 1 ] DEBUG SystemBundleService  - Loading FXGL system data
19:07:52.613 [FXGL Background Thread 1 ] DEBUG FileSystemAccess     - Reading from: C:\Users\josue\OneDrive\Desktop\proyecto java\Among Us\system\fxgl.bundle
19:07:52.625 [FXGL Background Thread 1 ] DEBUG SystemBundleService  - Bundle FXGL: {}
19:07:52.625 [FXGL Background Thread 1 ] DEBUG UpdaterService       - Checking for updates
19:07:52.633 [FXGL Background Thread 1 ] DEBUG FXGLApplication      - Loading default localization
19:07:52.633 [FXGL Background Thread 1 ] DEBUG FXGLAssetLoaderServi - Loading from file system: jar:file:/C:/Users/josue/OneDrive/Desktop/proyecto%20java/Among%20Us/lib/fxgl-21.1-uber.jar!/fxglassets/languages/english.lang
19:07:52.642 [FXGL Background Thread 4 ] DEBUG FXGLApplication      - Loading fonts
19:07:52.644 [FXGL Background Thread 4 ] DEBUG FXGLAssetLoaderServi - Loading from file system: jar:file:/C:/Users/josue/OneDrive/Desktop/proyecto%20java/Among%20Us/lib/fxgl-21.1-uber.jar!/fxglassets/ui/fonts/VarelaRound-Regular.ttf
19:07:52.687 [FXGL Background Thread 1 ] INFO  FXGLApplication      - FXGL initialization took: 0,863 sec
19:07:52.699 [JavaFX Application Thread] DEBUG Input                - Registered new binding: Mover Arriba - W
19:07:52.699 [JavaFX Application Thread] DEBUG Input                - Registered new binding: Mover Abajo - S
19:07:52.699 [JavaFX Application Thread] DEBUG Input                - Registered new binding: Mover Izquierda - A
19:07:52.699 [JavaFX Application Thread] DEBUG Input                - Registered new binding: Mover Derecha - D
19:07:52.699 [JavaFX Application Thread] DEBUG Input                - Registered new binding: Abrir Camaras - C
19:07:52.700 [JavaFX Application Thread] DEBUG Input                - Registered new binding: Usar Alcantarilla - Space
19:07:52.700 [JavaFX Application Thread] DEBUG Input                - Registered new binding: Vent Izquierda - Left
19:07:52.700 [JavaFX Application Thread] DEBUG Input                - Registered new binding: Vent Derecha - Right
19:07:52.700 [JavaFX Application Thread] DEBUG Input                - Registered new binding: Vent Arriba - Up
19:07:52.700 [JavaFX Application Thread] DEBUG Input                - Registered new binding: Vent Abajo - Down
19:07:52.700 [JavaFX Application Thread] DEBUG Input                - Registered new binding: Matar Jugador - Q
19:07:52.700 [JavaFX Application Thread] DEBUG Input                - Registered new binding: Reportar Cadaver - R
19:07:52.701 [JavaFX Application Thread] DEBUG FXGLAssetLoaderServi - Loading from file system: file:/C:/Users/josue/OneDrive/Desktop/proyecto%20java/Among%20Us/out/production/Among%20Us/assets/textures/icono.png
19:07:52.743 [JavaFX Application Thread] DEBUG FXGLAssetLoaderServi - Loading from file system: jar:file:/C:/Users/josue/OneDrive/Desktop/proyecto%20java/Among%20Us/lib/fxgl-21.1-uber.jar!/fxglassets/textures/fxgl_default_cursor.png
19:07:52.750 [JavaFX Application Thread] DEBUG Input                - Registered new binding: Screenshot - CTRL+8
19:07:52.752 [JavaFX Application Thread] DEBUG Input                - Registered new binding: System info dump - CTRL+9
19:07:52.753 [JavaFX Application Thread] DEBUG Input                - Registered new binding: Restart - CTRL+R
19:07:52.754 [JavaFX Application Thread] DEBUG Input                - Registered new binding: Toggle Debug Camera - CTRL+7
19:07:52.761 [JavaFX Application Thread] DEBUG LoopRunner           - Starting loop
19:07:52.762 [JavaFX Application Thread] DEBUG LoopRunner           - Initializing JavaFX AnimationTimerLoop
19:07:52.764 [JavaFX Application Thread] DEBUG GameApplicationServi - Starting new game
19:07:52.765 [JavaFX Application Thread] DEBUG Input                - Clearing active input actions
19:07:52.791 [JavaFX Application Thread] DEBUG GameApplicationServi - Removing overlay from FXGLStartupScene and adding to FXGLLoadingScene
19:07:52.792 [JavaFX Application Thread] DEBUG PrimaryStageWindow   - FXGLStartupScene -> FXGLLoadingScene
19:07:52.792 [JavaFX Application Thread] DEBUG GameApplicationServi - Clearing previous game
19:07:52.792 [JavaFX Application Thread] DEBUG GameScene            - Clearing game scene
19:07:52.792 [JavaFX Application Thread] DEBUG GameWorld            - Clearing game world
19:07:52.792 [JavaFX Application Thread] DEBUG PhysicsWorld         - Clearing physics world
19:07:52.795 [FXGL Background Thread 1 ] DEBUG FXGLApplication      - Initializing game
19:07:52.812 [FXGL Background Thread 1 ] DEBUG FXGLAssetLoaderServi - Loading from file system: file:/C:/Users/josue/OneDrive/Desktop/proyecto%20java/Among%20Us/out/production/Among%20Us/assets/music/musicaMenu.mp3
19:07:53.468 [FXGL Background Thread 4 ] DEBUG FXGLAssetLoaderServi - Loading from file system: jar:file:/C:/Users/josue/OneDrive/Desktop/proyecto%20java/Among%20Us/lib/fxgl-21.1-uber.jar!/fxglassets/ui/fonts/Abel-Regular.ttf
19:07:53.479 [FXGL Background Thread 4 ] DEBUG FXGLAssetLoaderServi - Loading from file system: jar:file:/C:/Users/josue/OneDrive/Desktop/proyecto%20java/Among%20Us/lib/fxgl-21.1-uber.jar!/fxglassets/ui/fonts/TerminalLandMono-Regular.otf
19:07:53.488 [FXGL Background Thread 4 ] DEBUG FXGLAssetLoaderServi - Loading from file system: jar:file:/C:/Users/josue/OneDrive/Desktop/proyecto%20java/Among%20Us/lib/fxgl-21.1-uber.jar!/fxglassets/ui/fonts/Courier-Prime.ttf
19:07:53.513 [JavaFX Application Thread] DEBUG FXGLApplication      - Registering font factories with UI factory
19:07:54.181 [FXGL Background Thread 1 ] DEBUG AudioPlayer          - Playing music com.almasb.fxgl.audio.Music@6613a8fc
19:07:54.330 [FXGL Background Thread 2 ] INFO  UpdaterService       - Your current version:  21.1
19:07:54.330 [FXGL Background Thread 2 ] INFO  UpdaterService       - Latest stable version: 25
19:07:55.085 [FXGL Background Thread 1 ] INFO  FXGLApplication      - Game initialization took: 2,290 sec
19:07:55.198 [JavaFX Application Thread] DEBUG Input                - Clearing active input actions
19:07:55.223 [JavaFX Application Thread] DEBUG GameApplicationServi - Removing overlay from FXGLLoadingScene and adding to GameScene
19:07:55.224 [JavaFX Application Thread] DEBUG PrimaryStageWindow   - FXGLLoadingScene -> GameScene
19:07:55.632 [FXGL Background Thread 3 ] DEBUG Engine               - Logging environment variables
19:07:55.632 [FXGL Background Thread 3 ] DEBUG Engine               - achievements: []
19:07:55.632 [FXGL Background Thread 3 ] DEBUG Engine               - actualHeight: 600.0
19:07:55.632 [FXGL Background Thread 3 ] DEBUG Engine               - actualHeightProperty: ReadOnlyDoubleProperty [value: 600.0]
19:07:55.633 [FXGL Background Thread 3 ] DEBUG Engine               - actualWidth: 800.0
19:07:55.633 [FXGL Background Thread 3 ] DEBUG Engine               - actualWidthProperty: ReadOnlyDoubleProperty [value: 800.0]
19:07:55.633 [FXGL Background Thread 3 ] DEBUG Engine               - appIcon: icono.png
19:07:55.633 [FXGL Background Thread 3 ] DEBUG Engine               - applicationMode: DEVELOPER
19:07:55.633 [FXGL Background Thread 3 ] DEBUG Engine               - cSSList: [fxgl_dark.css]
19:07:55.633 [FXGL Background Thread 3 ] DEBUG Engine               - collisionDetectionStrategy: BRUTE_FORCE
19:07:55.633 [FXGL Background Thread 3 ] DEBUG Engine               - configClass: Optional.empty
19:07:55.633 [FXGL Background Thread 3 ] DEBUG Engine               - credits: []
19:07:55.633 [FXGL Background Thread 3 ] DEBUG Engine               - defaultCursor: CursorInfo(imageName=fxgl_default_cursor.png, hotspotX=7.0, hotspotY=6.0)
19:07:55.633 [FXGL Background Thread 3 ] DEBUG Engine               - devBBoxColorProperty: ObjectProperty [value: 0xff0000ff]
19:07:55.634 [FXGL Background Thread 3 ] DEBUG Engine               - devEnableDebugCameraProperty: BooleanProperty [value: false]
19:07:55.634 [FXGL Background Thread 3 ] DEBUG Engine               - devSensorColorProperty: ObjectProperty [value: 0xffff00ff]
19:07:55.634 [FXGL Background Thread 3 ] DEBUG Engine               - devShowBBoxProperty: BooleanProperty [value: false]
19:07:55.634 [FXGL Background Thread 3 ] DEBUG Engine               - devShowPositionProperty: BooleanProperty [value: false]
19:07:55.634 [FXGL Background Thread 3 ] DEBUG Engine               - enabledMenuItems: []
19:07:55.634 [FXGL Background Thread 3 ] DEBUG Engine               - engineServices: [class com.almasb.fxgl.app.services.FXGLAssetLoaderService, class com.almasb.fxgl.app.FXGLApplication$GameApplicationService, class com.almasb.fxgl.app.services.FXGLDialogService, class com.almasb.fxgl.app.services.IOTaskExecutorService, class com.almasb.fxgl.io.FileSystemService, class com.almasb.fxgl.localization.LocalizationService, class com.almasb.fxgl.app.services.SystemBundleService, class com.almasb.fxgl.profile.SaveLoadService, class com.almasb.fxgl.ui.FXGLUIFactoryServiceProvider, class com.almasb.fxgl.ui.FXGLDialogFactoryServiceProvider, class com.almasb.fxgl.audio.AudioPlayer, class com.almasb.fxgl.notification.impl.NotificationServiceProvider, class com.almasb.fxgl.achievement.AchievementService, class com.almasb.fxgl.cutscene.CutsceneService, class com.almasb.fxgl.minigames.MiniGameService, class com.almasb.fxgl.net.NetService, class com.almasb.fxgl.app.services.UpdaterService, class com.almasb.fxgl.dev.DevService]
19:07:55.634 [FXGL Background Thread 3 ] DEBUG Engine               - fontGame: Abel-Regular.ttf
19:07:55.634 [FXGL Background Thread 3 ] DEBUG Engine               - fontMono: TerminalLandMono-Regular.otf
19:07:55.634 [FXGL Background Thread 3 ] DEBUG Engine               - fontSizeScaleUI: 1.0
19:07:55.634 [FXGL Background Thread 3 ] DEBUG Engine               - fontText: Courier-Prime.ttf
19:07:55.635 [FXGL Background Thread 3 ] DEBUG Engine               - fontUI: VarelaRound-Regular.ttf
19:07:55.635 [FXGL Background Thread 3 ] DEBUG Engine               - fullScreen: BooleanProperty [value: false]
19:07:55.635 [FXGL Background Thread 3 ] DEBUG Engine               - gameDifficulty: MEDIUM
19:07:55.635 [FXGL Background Thread 3 ] DEBUG Engine               - gameDifficultyProperty: ObjectProperty [value: MEDIUM]
19:07:55.635 [FXGL Background Thread 3 ] DEBUG Engine               - globalMusicVolume: 0.5
19:07:55.635 [FXGL Background Thread 3 ] DEBUG Engine               - globalMusicVolumeProperty: DoubleProperty [value: 0.4]
19:07:55.635 [FXGL Background Thread 3 ] DEBUG Engine               - globalSoundVolume: 0.5
19:07:55.635 [FXGL Background Thread 3 ] DEBUG Engine               - globalSoundVolumeProperty: DoubleProperty [value: 0.5]
19:07:55.635 [FXGL Background Thread 3 ] DEBUG Engine               - height: 600
19:07:55.636 [FXGL Background Thread 3 ] DEBUG Engine               - is3D: false
19:07:55.636 [FXGL Background Thread 3 ] DEBUG Engine               - isAndroid: false
19:07:55.636 [FXGL Background Thread 3 ] DEBUG Engine               - isBrowser: false
19:07:55.636 [FXGL Background Thread 3 ] DEBUG Engine               - isClickFeedbackEnabled: false
19:07:55.636 [FXGL Background Thread 3 ] DEBUG Engine               - isCloseConfirmation: false
19:07:55.636 [FXGL Background Thread 3 ] DEBUG Engine               - isDesktop: true
19:07:55.636 [FXGL Background Thread 3 ] DEBUG Engine               - isDeveloperMenuEnabled: false
19:07:55.636 [FXGL Background Thread 3 ] DEBUG Engine               - isEmbedded: false
19:07:55.636 [FXGL Background Thread 3 ] DEBUG Engine               - isEntityPreloadEnabled: true
19:07:55.636 [FXGL Background Thread 3 ] DEBUG Engine               - isExperimentalTiledLargeMap: false
19:07:55.636 [FXGL Background Thread 3 ] DEBUG Engine               - isFileSystemWriteAllowed: true
19:07:55.636 [FXGL Background Thread 3 ] DEBUG Engine               - isFullScreenAllowed: false
19:07:55.636 [FXGL Background Thread 3 ] DEBUG Engine               - isFullScreenFromStart: false
19:07:55.636 [FXGL Background Thread 3 ] DEBUG Engine               - isGameMenuEnabled: true
19:07:55.636 [FXGL Background Thread 3 ] DEBUG Engine               - isIOS: false
19:07:55.636 [FXGL Background Thread 3 ] DEBUG Engine               - isIntroEnabled: false
19:07:55.636 [FXGL Background Thread 3 ] DEBUG Engine               - isLinux: false
19:07:55.636 [FXGL Background Thread 3 ] DEBUG Engine               - isMac: false
19:07:55.637 [FXGL Background Thread 3 ] DEBUG Engine               - isMainMenuEnabled: false
19:07:55.637 [FXGL Background Thread 3 ] DEBUG Engine               - isManualResizeEnabled: false
19:07:55.637 [FXGL Background Thread 3 ] DEBUG Engine               - isMobile: false
19:07:55.637 [FXGL Background Thread 3 ] DEBUG Engine               - isNative: false
19:07:55.637 [FXGL Background Thread 3 ] DEBUG Engine               - isPauseMusicWhenMinimized: true
19:07:55.637 [FXGL Background Thread 3 ] DEBUG Engine               - isPreserveResizeRatio: false
19:07:55.637 [FXGL Background Thread 3 ] DEBUG Engine               - isProfilingEnabled: false
19:07:55.637 [FXGL Background Thread 3 ] DEBUG Engine               - isScaleAffectedOnResize: true
19:07:55.637 [FXGL Background Thread 3 ] DEBUG Engine               - isSingleStep: false
19:07:55.637 [FXGL Background Thread 3 ] DEBUG Engine               - isUserProfileEnabled: false
19:07:55.637 [FXGL Background Thread 3 ] DEBUG Engine               - isWindows: true
19:07:55.637 [FXGL Background Thread 3 ] DEBUG Engine               - language: ObjectProperty [value: ENGLISH]
19:07:55.637 [FXGL Background Thread 3 ] DEBUG Engine               - menuKey: ESCAPE
19:07:55.637 [FXGL Background Thread 3 ] DEBUG Engine               - mouseSensitivity: 0.2
19:07:55.637 [FXGL Background Thread 3 ] DEBUG Engine               - notificationViewClass: class com.almasb.fxgl.notification.view.XboxNotificationView
19:07:55.637 [FXGL Background Thread 3 ] DEBUG Engine               - pixelsPerMeter: 50.0
19:07:55.637 [FXGL Background Thread 3 ] DEBUG Engine               - platform: WINDOWS
19:07:55.637 [FXGL Background Thread 3 ] DEBUG Engine               - prefHeightProperty: ReadOnlyDoubleProperty [value: 600.0]
19:07:55.637 [FXGL Background Thread 3 ] DEBUG Engine               - prefWidthProperty: ReadOnlyDoubleProperty [value: 800.0]
19:07:55.637 [FXGL Background Thread 3 ] DEBUG Engine               - profileDir: profiles/
19:07:55.637 [FXGL Background Thread 3 ] DEBUG Engine               - profileName: StringProperty [value: DEFAULT]
19:07:55.638 [FXGL Background Thread 3 ] DEBUG Engine               - randomSeed: -1
19:07:55.638 [FXGL Background Thread 3 ] DEBUG Engine               - runtimeInfo: RuntimeInfo(platform=WINDOWS, version=21.1, build=26.03.2024 17.33)
19:07:55.638 [FXGL Background Thread 3 ] DEBUG Engine               - saveFileExt: sav
19:07:55.639 [FXGL Background Thread 3 ] DEBUG Engine               - scaledHeightProp$fxgl: DoubleProperty [bound, value: 600.0]
19:07:55.639 [FXGL Background Thread 3 ] DEBUG Engine               - scaledWidthProp$fxgl: DoubleProperty [bound, value: 800.0]
19:07:55.639 [FXGL Background Thread 3 ] DEBUG Engine               - sceneFactory: com.almasb.fxgl.app.scene.SceneFactory@64e23e99
19:07:55.641 [FXGL Background Thread 3 ] DEBUG Engine               - secondsIn24h: 60
19:07:55.642 [FXGL Background Thread 3 ] DEBUG Engine               - soundMenuBack: menu/back.wav
19:07:55.642 [FXGL Background Thread 3 ] DEBUG Engine               - soundMenuPress: menu/press.wav
19:07:55.644 [FXGL Background Thread 3 ] DEBUG Engine               - soundMenuSelect: menu/select.wav
19:07:55.644 [FXGL Background Thread 3 ] DEBUG Engine               - soundNotification: core/notification.wav
19:07:55.644 [FXGL Background Thread 3 ] DEBUG Engine               - stageStyle: DECORATED
19:07:55.644 [FXGL Background Thread 3 ] DEBUG Engine               - supportedLanguages: [ENGLISH, FRENCH, GERMAN, HUNGARIAN, RUSSIAN]
19:07:55.644 [FXGL Background Thread 3 ] DEBUG Engine               - ticksPerSecond: -1
19:07:55.645 [FXGL Background Thread 3 ] DEBUG Engine               - title: Among Us UNEG
19:07:55.645 [FXGL Background Thread 3 ] DEBUG Engine               - urlGithub: https://github.com/AlmasB/FXGL
19:07:55.645 [FXGL Background Thread 3 ] DEBUG Engine               - urlLeaderboard: http://fxgl-top.herokuapp.com/
19:07:55.645 [FXGL Background Thread 3 ] DEBUG Engine               - urlPOM: https://raw.githubusercontent.com/AlmasB/FXGL/release/README.md
19:07:55.645 [FXGL Background Thread 3 ] DEBUG Engine               - userAppClass: class main.java.amongUs.AppPrincipal
19:07:55.645 [FXGL Background Thread 3 ] DEBUG Engine               - version: 0.0
19:07:55.645 [FXGL Background Thread 3 ] DEBUG Engine               - versionCheckDays: 7
19:07:55.645 [FXGL Background Thread 3 ] DEBUG Engine               - width: 800
19:07:55.645 [FXGL Background Thread 3 ] DEBUG Engine               - Logging services
19:07:55.645 [FXGL Background Thread 3 ] DEBUG Engine               - class com.almasb.fxgl.app.services.FXGLAssetLoaderService
19:07:55.645 [FXGL Background Thread 3 ] DEBUG Engine               - class com.almasb.fxgl.app.FXGLApplication$GameApplicationService
19:07:55.645 [FXGL Background Thread 3 ] DEBUG Engine               - class com.almasb.fxgl.app.services.FXGLDialogService
19:07:55.645 [FXGL Background Thread 3 ] DEBUG Engine               - class com.almasb.fxgl.app.services.IOTaskExecutorService
19:07:55.645 [FXGL Background Thread 3 ] DEBUG Engine               - class com.almasb.fxgl.io.FileSystemService
19:07:55.645 [FXGL Background Thread 3 ] DEBUG Engine               - class com.almasb.fxgl.localization.LocalizationService
19:07:55.645 [FXGL Background Thread 3 ] DEBUG Engine               - class com.almasb.fxgl.app.services.SystemBundleService
19:07:55.645 [FXGL Background Thread 3 ] DEBUG Engine               - class com.almasb.fxgl.profile.SaveLoadService
19:07:55.645 [FXGL Background Thread 3 ] DEBUG Engine               - class com.almasb.fxgl.ui.FXGLUIFactoryServiceProvider
19:07:55.645 [FXGL Background Thread 3 ] DEBUG Engine               - class com.almasb.fxgl.ui.FXGLDialogFactoryServiceProvider
19:07:55.645 [FXGL Background Thread 3 ] DEBUG Engine               - class com.almasb.fxgl.audio.AudioPlayer
19:07:55.645 [FXGL Background Thread 3 ] DEBUG Engine               - class com.almasb.fxgl.notification.impl.NotificationServiceProvider
19:07:55.646 [FXGL Background Thread 3 ] DEBUG Engine               - class com.almasb.fxgl.achievement.AchievementService
19:07:55.646 [FXGL Background Thread 3 ] DEBUG Engine               - class com.almasb.fxgl.cutscene.CutsceneService
19:07:55.646 [FXGL Background Thread 3 ] DEBUG Engine               - class com.almasb.fxgl.minigames.MiniGameService
19:07:55.646 [FXGL Background Thread 3 ] DEBUG Engine               - class com.almasb.fxgl.net.NetService
19:07:55.646 [FXGL Background Thread 3 ] DEBUG Engine               - class com.almasb.fxgl.app.services.UpdaterService
19:07:55.646 [FXGL Background Thread 3 ] DEBUG Engine               - class com.almasb.fxgl.dev.DevService
19:08:02.353 [JavaFX Application Thread] DEBUG FXGLAssetLoaderServi - Loading from file system: file:/C:/Users/josue/OneDrive/Desktop/proyecto%20java/Among%20Us/out/production/Among%20Us/assets/sounds/clickBoton.wav
19:08:06.082 [JavaFX Application Thread] DEBUG FXGLAssetLoaderServi - Loading from file system: file:/C:/Users/josue/OneDrive/Desktop/proyecto%20java/Among%20Us/out/production/Among%20Us/assets/textures/tripulante_blanco.png
19:08:07.913 [JavaFX Application Thread] WARN  TMXLevelLoader       - TiledMap generated from 1.11.2. Supported version: 1.9.0. Some features may not be parsed fully.
19:08:07.977 [JavaFX Application Thread] DEBUG TMXLevelLoader       - Parsed TiledMap: file:/C:/Users/josue/OneDrive/Desktop/proyecto%20java/Among%20Us/out/production/Among%20Us/assets/levels/mapa2.tmx
19:08:07.979 [JavaFX Application Thread] DEBUG TMXLevelLoader       - Creating tile layer entities
19:08:07.981 [JavaFX Application Thread] DEBUG TilesetLoader        - Loading view for layer fondo1
19:08:07.982 [JavaFX Application Thread] DEBUG TilesetLoader        - Created buffer with size 992.0x960.0
19:08:08.005 [JavaFX Application Thread] DEBUG TilesetLoader        - Loading view for layer fondo
19:08:08.006 [JavaFX Application Thread] DEBUG TilesetLoader        - Created buffer with size 992.0x960.0
19:08:08.012 [JavaFX Application Thread] DEBUG TilesetLoader        - Loading view for layer piso
19:08:08.013 [JavaFX Application Thread] DEBUG TilesetLoader        - Created buffer with size 992.0x960.0
19:08:08.021 [JavaFX Application Thread] DEBUG TilesetLoader        - Loading view for layer piso1
19:08:08.022 [JavaFX Application Thread] DEBUG TilesetLoader        - Created buffer with size 992.0x960.0
19:08:08.028 [JavaFX Application Thread] DEBUG TilesetLoader        - Loading view for layer izquierda
19:08:08.029 [JavaFX Application Thread] DEBUG TilesetLoader        - Created buffer with size 992.0x960.0
19:08:08.036 [JavaFX Application Thread] DEBUG TilesetLoader        - Loading view for layer detallesatraspared
19:08:08.037 [JavaFX Application Thread] DEBUG TilesetLoader        - Created buffer with size 992.0x960.0
19:08:08.076 [JavaFX Application Thread] DEBUG TilesetLoader        - Loading view for layer pared2
19:08:08.078 [JavaFX Application Thread] DEBUG TilesetLoader        - Created buffer with size 992.0x960.0
19:08:08.093 [JavaFX Application Thread] DEBUG TilesetLoader        - Loading view for layer techo1
19:08:08.095 [JavaFX Application Thread] DEBUG TilesetLoader        - Created buffer with size 992.0x960.0
19:08:08.100 [JavaFX Application Thread] DEBUG TilesetLoader        - Loading view for layer techo2
19:08:08.101 [JavaFX Application Thread] DEBUG TilesetLoader        - Created buffer with size 992.0x960.0
19:08:08.106 [JavaFX Application Thread] DEBUG TilesetLoader        - Loading view for layer puertita
19:08:08.107 [JavaFX Application Thread] DEBUG TilesetLoader        - Created buffer with size 992.0x960.0
19:08:08.108 [JavaFX Application Thread] DEBUG TilesetLoader        - Loading view for layer puerta
19:08:08.109 [JavaFX Application Thread] DEBUG TilesetLoader        - Created buffer with size 992.0x960.0
19:08:08.111 [JavaFX Application Thread] DEBUG TilesetLoader        - Loading view for layer detalles
19:08:08.112 [JavaFX Application Thread] DEBUG TilesetLoader        - Created buffer with size 992.0x960.0
19:08:08.138 [JavaFX Application Thread] DEBUG TilesetLoader        - Loading view for layer detalles 2
19:08:08.139 [JavaFX Application Thread] DEBUG TilesetLoader        - Created buffer with size 992.0x960.0
19:08:08.159 [JavaFX Application Thread] DEBUG TilesetLoader        - Loading view for layer detalles3
19:08:08.161 [JavaFX Application Thread] DEBUG TilesetLoader        - Created buffer with size 992.0x960.0
19:08:08.195 [JavaFX Application Thread] DEBUG TilesetLoader        - Loading view for layer grieta
19:08:08.197 [JavaFX Application Thread] DEBUG TilesetLoader        - Created buffer with size 992.0x960.0
19:08:08.199 [JavaFX Application Thread] DEBUG TilesetLoader        - Loading view for layer camaras
19:08:08.200 [JavaFX Application Thread] DEBUG TilesetLoader        - Created buffer with size 992.0x960.0
19:08:08.203 [JavaFX Application Thread] DEBUG TilesetLoader        - Loading view for layer Techo
19:08:08.205 [JavaFX Application Thread] DEBUG TilesetLoader        - Created buffer with size 992.0x960.0
19:08:08.209 [JavaFX Application Thread] DEBUG TMXLevelLoader       - Creating object layer entities
19:08:08.347 [JavaFX Application Thread] DEBUG GameWorld            - Clearing removable entities
19:08:08.348 [JavaFX Application Thread] DEBUG GameWorld            - Setting level: com.almasb.fxgl.entity.level.Level@389da1c3
19:08:08.398 [JavaFX Application Thread] DEBUG FXGLAssetLoaderServi - Loading from file system: file:/C:/Users/josue/OneDrive/Desktop/proyecto%20java/Among%20Us/out/production/Among%20Us/assets/textures/MonitorDeCamaras.png
19:08:08.417 [JavaFX Application Thread] DEBUG FXGLAssetLoaderServi - Loading from file system: file:/C:/Users/josue/OneDrive/Desktop/proyecto%20java/Among%20Us/out/production/Among%20Us/assets/textures/flechaAmarillaIzq.png
19:08:08.423 [JavaFX Application Thread] DEBUG FXGLAssetLoaderServi - Loading from file system: file:/C:/Users/josue/OneDrive/Desktop/proyecto%20java/Among%20Us/out/production/Among%20Us/assets/textures/flechaAmarillaDer.png
19:08:08.435 [JavaFX Application Thread] DEBUG FXGLAssetLoaderServi - Loading from file system: file:/C:/Users/josue/OneDrive/Desktop/proyecto%20java/Among%20Us/out/production/Among%20Us/assets/textures/animacion_fantasma.png
19:08:08.439 [JavaFX Application Thread] DEBUG FXGLAssetLoaderServi - Loading from file system: file:/C:/Users/josue/OneDrive/Desktop/proyecto%20java/Among%20Us/out/production/Among%20Us/assets/textures/blanco_muerto.png
19:08:08.441 [JavaFX Application Thread] DEBUG FXGLAssetLoaderServi - Loading from file system: file:/C:/Users/josue/OneDrive/Desktop/proyecto%20java/Among%20Us/out/production/Among%20Us/assets/textures/animacion_blanco.png
19:08:08.442 [JavaFX Application Thread] DEBUG FXGLAssetLoaderServi - Loading from file system: file:/C:/Users/josue/OneDrive/Desktop/proyecto%20java/Among%20Us/out/production/Among%20Us/assets/textures/alcantarilla_blanco.png
19:08:08.448 [JavaFX Application Thread] DEBUG FXGLAssetLoaderServi - Loading from file system: file:/C:/Users/josue/OneDrive/Desktop/proyecto%20java/Among%20Us/out/production/Among%20Us/assets/textures/alcantarilla_blancoE.png
19:08:08.467 [JavaFX Application Thread] DEBUG FXGLAssetLoaderServi - Loading from file system: file:/C:/Users/josue/OneDrive/Desktop/proyecto%20java/Among%20Us/out/production/Among%20Us/assets/textures/accionNegada.png
19:08:08.474 [JavaFX Application Thread] DEBUG FXGLAssetLoaderServi - Loading from file system: file:/C:/Users/josue/OneDrive/Desktop/proyecto%20java/Among%20Us/out/production/Among%20Us/assets/textures/reportarNegado.png
19:08:08.491 [JavaFX Application Thread] DEBUG FXGLAssetLoaderServi - Loading from file system: file:/C:/Users/josue/OneDrive/Desktop/proyecto%20java/Among%20Us/out/production/Among%20Us/assets/textures/animacion_extintor.png
19:08:08.527 [JavaFX Application Thread] DEBUG FXGLAssetLoaderServi - Loading from file system: file:/C:/Users/josue/OneDrive/Desktop/proyecto%20java/Among%20Us/out/production/Among%20Us/assets/textures/animacion_temperatura.png
19:08:08.599 [JavaFX Application Thread] DEBUG FXGLAssetLoaderServi - Loading from file system: file:/C:/Users/josue/OneDrive/Desktop/proyecto%20java/Among%20Us/out/production/Among%20Us/assets/textures/animacion_encestar.png
19:08:08.667 [JavaFX Application Thread] DEBUG FXGLAssetLoaderServi - Loading from file system: file:/C:/Users/josue/OneDrive/Desktop/proyecto%20java/Among%20Us/out/production/Among%20Us/assets/textures/animacion_basura.png
19:08:08.710 [JavaFX Application Thread] DEBUG FXGLAssetLoaderServi - Loading from file system: file:/C:/Users/josue/OneDrive/Desktop/proyecto%20java/Among%20Us/out/production/Among%20Us/assets/textures/animacion_tarjeta.png
19:08:08.731 [JavaFX Application Thread] WARN  FXGLAssetLoaderServi - Asset "/assets/textures/animacion_reactor.png" was not found!
19:08:08.731 [JavaFX Application Thread] WARN  FXGLAssetLoaderServi - Failed to load IMAGE
19:08:08.746 [JavaFX Application Thread] DEBUG FXGLAssetLoaderServi - Loading from file system: file:/C:/Users/josue/OneDrive/Desktop/proyecto%20java/Among%20Us/out/production/Among%20Us/assets/textures/barra_0.png
19:08:08.751 [JavaFX Application Thread] DEBUG FXGLAssetLoaderServi - Loading from file system: file:/C:/Users/josue/OneDrive/Desktop/proyecto%20java/Among%20Us/out/production/Among%20Us/assets/textures/pantalla_tripulante.png
19:08:19.721 [JavaFX Application Thread] DEBUG FXGLAssetLoaderServi - Loading from file system: file:/C:/Users/josue/OneDrive/Desktop/proyecto%20java/Among%20Us/out/production/Among%20Us/assets/textures/accion.png
19:08:20.711 [JavaFX Application Thread] WARN  FXGLAssetLoaderServi - Asset "/assets/textures/panel_codigo5" was not found!
19:08:20.711 [JavaFX Application Thread] WARN  FXGLAssetLoaderServi - Failed to load IMAGE
19:08:24.878 [JavaFX Application Thread] WARN  FXGLAssetLoaderServi - Asset "/assets/textures/panel_codigo5" was not found!
19:08:24.878 [JavaFX Application Thread] WARN  FXGLAssetLoaderServi - Failed to load IMAGE
19:08:32.495 [JavaFX Application Thread] DEBUG PrimaryStageWindow   - Push state: FXGLDefaultMenu
19:08:32.501 [JavaFX Application Thread] DEBUG Input                - Clearing active input actions
19:08:32.503 [JavaFX Application Thread] DEBUG GameApplicationServi - Removing overlay from GameScene and adding to FXGLDefaultMenu
19:08:32.503 [JavaFX Application Thread] DEBUG PrimaryStageWindow   - GameScene -> FXGLDefaultMenu
19:08:33.660 [JavaFX Application Thread] DEBUG Menu                 - fireExit()
19:08:33.666 [JavaFX Application Thread] DEBUG PrimaryStageWindow   - Push state: DialogSubScene
19:08:33.666 [JavaFX Application Thread] DEBUG Input                - Clearing active input actions
19:08:33.666 [JavaFX Application Thread] DEBUG GameApplicationServi - Removing overlay from FXGLDefaultMenu and adding to DialogSubScene
19:08:33.666 [JavaFX Application Thread] DEBUG PrimaryStageWindow   - FXGLDefaultMenu -> DialogSubScene
19:08:34.415 [JavaFX Application Thread] DEBUG PrimaryStageWindow   - Pop state: DialogSubScene
19:08:34.415 [JavaFX Application Thread] DEBUG Input                - Clearing active input actions
19:08:34.416 [JavaFX Application Thread] DEBUG GameApplicationServi - Removing overlay from DialogSubScene and adding to FXGLDefaultMenu
19:08:34.416 [JavaFX Application Thread] DEBUG PrimaryStageWindow   - FXGLDefaultMenu <- DialogSubScene
19:08:34.416 [JavaFX Application Thread] DEBUG FXGLApplication      - Exiting FXGL
19:08:34.416 [JavaFX Application Thread] DEBUG LoopRunner           - Stopping loop
19:08:34.416 [JavaFX Application Thread] DEBUG SystemBundleService  - Saving FXGL system data
19:08:34.419 [JavaFX Application Thread] DEBUG FileSystemAccess     - Writing to: C:\Users\josue\OneDrive\Desktop\proyecto java\Among Us\system\fxgl.bundle
19:08:34.423 [JavaFX Application Thread] DEBUG Async                - Shutting down background threads
19:08:34.423 [JavaFX Application Thread] DEBUG PrimaryStageWindow   - Closing main window
19:08:34.465 [JavaFX Application Thread] DEBUG Logger               - Closing Logger
