00:14:44.349 [main                     ] DEBUG Logger               - Configured Logger
00:14:44.375 [main                     ] DEBUG GameApplication      - Logging settings
Title: Among Us UNEG
Version: 0.0
Width: 800
Height: 600
Fullscreen: false
Intro: false
Profiling: false
Single step:false
App Mode: DEVELOPER
Menu Key: ESCAPE
Stage Style: DECORATED
Scene Factory: class com.almasb.fxgl.app.scene.SceneFactory

00:14:46.896 [JavaFX Application Thread] DEBUG FXGLApplication      - Initializing FXGL
00:14:46.915 [JavaFX Application Thread] INFO  Engine               - FXGL-21.1 (26.03.2024 17.33) on WINDOWS (J:25.0.2 FX:21.0.1)
00:14:46.916 [JavaFX Application Thread] DEBUG Engine               - JRE Vendor Name: Oracle Corporation
00:14:46.931 [JavaFX Application Thread] DEBUG Engine               - Running on OS: Windows 11 version 10.0
00:14:46.932 [JavaFX Application Thread] DEBUG Engine               - Architecture: amd64
00:14:46.932 [JavaFX Application Thread] INFO  Engine               - Source code and latest versions at: https://github.com/AlmasB/FXGL
00:14:46.933 [JavaFX Application Thread] INFO  Engine               -       Ask questions and discuss at: https://github.com/AlmasB/FXGL/discussions
00:14:46.933 [JavaFX Application Thread] INFO  Engine               -              Join the FXGL chat at: https://gitter.im/AlmasB/FXGL
00:14:47.890 [JavaFX Application Thread] DEBUG PrimaryStageWindow   - Creating a JavaFX scene
00:14:48.085 [JavaFX Application Thread] DEBUG PrimaryStageWindow   - Target settings size: 800.0 x 600.0
00:14:48.085 [JavaFX Application Thread] DEBUG PrimaryStageWindow   - Scaled scene size:    800.0 x 600.0
00:14:48.085 [JavaFX Application Thread] DEBUG PrimaryStageWindow   - Scaled ratio: (1.0, 1.0)
00:14:48.089 [JavaFX Application Thread] DEBUG PrimaryStageWindow   - Set initial scene to FXGLStartupScene
00:14:48.096 [JavaFX Application Thread] DEBUG PrimaryStageWindow   - Opening main window
00:14:48.426 [JavaFX Application Thread] DEBUG PrimaryStageWindow   - Window border size: (16.0, 39.0)
00:14:48.426 [JavaFX Application Thread] DEBUG PrimaryStageWindow   - Scaled size: 800.0 x 600.0
00:14:48.426 [JavaFX Application Thread] DEBUG PrimaryStageWindow   - Scaled ratio: (1.0, 1.0)
00:14:48.426 [JavaFX Application Thread] DEBUG PrimaryStageWindow   - Scene size: 800.0 x 600.0
00:14:48.428 [JavaFX Application Thread] DEBUG PrimaryStageWindow   - Stage size: 816.0 x 639.0
00:14:48.451 [FXGL Background Thread 1 ] DEBUG Engine               - Initializing environment variables
00:14:48.707 [FXGL Background Thread 1 ] DEBUG FXGLAssetLoaderServi - User app class for loading assets: class main.java.amongUs.AppPrincipal
00:14:48.707 [FXGL Background Thread 1 ] DEBUG GameApplicationServi - Applying CSS: fxgl_dark.css
00:14:48.709 [FXGL Background Thread 1 ] DEBUG FXGLAssetLoaderServi - Loading from file system: jar:file:/C:/Users/josue/OneDrive/Desktop/proyecto%20java/Among%20Us/lib/fxgl-21.1-uber.jar!/fxglassets/ui/css/fxgl_dark.css
00:14:48.855 [FXGL Background Thread 1 ] DEBUG GameApplicationServi - Initializing application scenes
00:14:49.009 [FXGL Background Thread 1 ] DEBUG GameWorld            - Game world initialized
00:14:49.416 [FXGL Background Thread 1 ] DEBUG PhysicsWorld         - Physics world initialized: appHeight=600, physics.ppm=50,0
00:14:49.419 [FXGL Background Thread 1 ] DEBUG PhysicsWorld         - Using strategy: BRUTE_FORCE
00:14:49.453 [FXGL Background Thread 1 ] DEBUG GameScene            - Game scene initialized: 800x600
00:14:50.033 [FXGL Background Thread 1 ] DEBUG FXGL.DefaultMenu     - createMenuBodyGameMenu()
00:14:50.106 [FXGL Background Thread 1 ] DEBUG FXGL.DefaultMenu     - createOptionsMenu()
00:14:50.145 [FXGL Background Thread 1 ] DEBUG FXGLAssetLoaderServi - Loading from file system: jar:file:/C:/Users/josue/OneDrive/Desktop/proyecto%20java/Among%20Us/lib/fxgl-21.1-uber.jar!/fxglassets/textures/particles/smoke.png
00:14:51.650 [FXGL Background Thread 1 ] DEBUG FXGLAssetLoaderServi - Loading from file system: jar:file:/C:/Users/josue/OneDrive/Desktop/proyecto%20java/Among%20Us/lib/fxgl-21.1-uber.jar!/fxglassets/textures/particles/trace_horizontal.png
00:14:51.775 [FXGL Background Thread 1 ] DEBUG GameApplicationServi - Application scenes initialized
00:14:51.860 [FXGL Background Thread 1 ] DEBUG SystemBundleService  - Loading FXGL system data
00:14:51.930 [FXGL Background Thread 1 ] DEBUG FileSystemAccess     - Reading from: C:\Users\josue\OneDrive\Desktop\proyecto java\Among Us\system\fxgl.bundle
00:14:51.996 [FXGL Background Thread 1 ] DEBUG SystemBundleService  - Bundle FXGL: {}
00:14:51.996 [FXGL Background Thread 1 ] DEBUG UpdaterService       - Checking for updates
00:14:52.021 [FXGL Background Thread 1 ] DEBUG FXGLApplication      - Loading default localization
00:14:52.023 [FXGL Background Thread 4 ] DEBUG FXGLApplication      - Loading fonts
00:14:52.024 [FXGL Background Thread 4 ] DEBUG FXGLAssetLoaderServi - Loading from file system: jar:file:/C:/Users/josue/OneDrive/Desktop/proyecto%20java/Among%20Us/lib/fxgl-21.1-uber.jar!/fxglassets/ui/fonts/VarelaRound-Regular.ttf
00:14:52.025 [FXGL Background Thread 1 ] DEBUG FXGLAssetLoaderServi - Loading from file system: jar:file:/C:/Users/josue/OneDrive/Desktop/proyecto%20java/Among%20Us/lib/fxgl-21.1-uber.jar!/fxglassets/languages/english.lang
00:14:52.116 [FXGL Background Thread 1 ] INFO  FXGLApplication      - FXGL initialization took: 3,665 sec
00:14:52.143 [JavaFX Application Thread] DEBUG Input                - Registered new binding: Mover Arriba - W
00:14:52.144 [JavaFX Application Thread] DEBUG Input                - Registered new binding: Mover Abajo - S
00:14:52.145 [JavaFX Application Thread] DEBUG Input                - Registered new binding: Mover Izquierda - A
00:14:52.145 [JavaFX Application Thread] DEBUG Input                - Registered new binding: Mover Derecha - D
00:14:52.145 [JavaFX Application Thread] DEBUG Input                - Registered new binding: Abrir Camaras - C
00:14:52.145 [JavaFX Application Thread] DEBUG Input                - Registered new binding: Usar Alcantarilla - Space
00:14:52.145 [JavaFX Application Thread] DEBUG Input                - Registered new binding: Vent Izquierda - Left
00:14:52.145 [JavaFX Application Thread] DEBUG Input                - Registered new binding: Vent Derecha - Right
00:14:52.145 [JavaFX Application Thread] DEBUG Input                - Registered new binding: Vent Arriba - Up
00:14:52.146 [JavaFX Application Thread] DEBUG Input                - Registered new binding: Vent Abajo - Down
00:14:52.147 [JavaFX Application Thread] DEBUG Input                - Registered new binding: Matar Jugador - Q
00:14:52.147 [JavaFX Application Thread] DEBUG Input                - Registered new binding: Reportar Cadaver - R
00:14:52.147 [JavaFX Application Thread] DEBUG Input                - Registered new binding: Abrir/Cerrar Mapa - M
00:14:52.149 [JavaFX Application Thread] DEBUG FXGLAssetLoaderServi - Loading from file system: file:/C:/Users/josue/OneDrive/Desktop/proyecto%20java/Among%20Us/out/production/Among%20Us/assets/textures/icono.png
00:14:52.422 [JavaFX Application Thread] DEBUG FXGLAssetLoaderServi - Loading from file system: jar:file:/C:/Users/josue/OneDrive/Desktop/proyecto%20java/Among%20Us/lib/fxgl-21.1-uber.jar!/fxglassets/textures/fxgl_default_cursor.png
00:14:52.463 [JavaFX Application Thread] DEBUG Input                - Registered new binding: Screenshot - CTRL+8
00:14:52.476 [JavaFX Application Thread] DEBUG Input                - Registered new binding: System info dump - CTRL+9
00:14:52.476 [JavaFX Application Thread] DEBUG Input                - Registered new binding: Restart - CTRL+R
00:14:52.486 [JavaFX Application Thread] DEBUG Input                - Registered new binding: Toggle Debug Camera - CTRL+7
00:14:52.550 [JavaFX Application Thread] DEBUG LoopRunner           - Starting loop
00:14:52.569 [JavaFX Application Thread] DEBUG LoopRunner           - Initializing JavaFX AnimationTimerLoop
00:14:52.569 [FXGL Background Thread 4 ] DEBUG FXGLAssetLoaderServi - Loading from file system: jar:file:/C:/Users/josue/OneDrive/Desktop/proyecto%20java/Among%20Us/lib/fxgl-21.1-uber.jar!/fxglassets/ui/fonts/Abel-Regular.ttf
00:14:52.574 [JavaFX Application Thread] DEBUG GameApplicationServi - Starting new game
00:14:52.574 [JavaFX Application Thread] DEBUG Input                - Clearing active input actions
00:14:52.585 [FXGL Background Thread 4 ] DEBUG FXGLAssetLoaderServi - Loading from file system: jar:file:/C:/Users/josue/OneDrive/Desktop/proyecto%20java/Among%20Us/lib/fxgl-21.1-uber.jar!/fxglassets/ui/fonts/TerminalLandMono-Regular.otf
00:14:52.610 [FXGL Background Thread 4 ] DEBUG FXGLAssetLoaderServi - Loading from file system: jar:file:/C:/Users/josue/OneDrive/Desktop/proyecto%20java/Among%20Us/lib/fxgl-21.1-uber.jar!/fxglassets/ui/fonts/Courier-Prime.ttf
00:14:52.742 [JavaFX Application Thread] DEBUG GameApplicationServi - Removing overlay from FXGLStartupScene and adding to FXGLLoadingScene
00:14:52.742 [JavaFX Application Thread] DEBUG PrimaryStageWindow   - FXGLStartupScene -> FXGLLoadingScene
00:14:52.747 [JavaFX Application Thread] DEBUG GameApplicationServi - Clearing previous game
00:14:52.750 [JavaFX Application Thread] DEBUG GameScene            - Clearing game scene
00:14:52.750 [JavaFX Application Thread] DEBUG GameWorld            - Clearing game world
00:14:52.750 [JavaFX Application Thread] DEBUG PhysicsWorld         - Clearing physics world
00:14:52.755 [FXGL Background Thread 4 ] DEBUG FXGLApplication      - Initializing game
00:14:52.803 [FXGL Background Thread 4 ] DEBUG FXGLAssetLoaderServi - Loading from file system: file:/C:/Users/josue/OneDrive/Desktop/proyecto%20java/Among%20Us/out/production/Among%20Us/assets/music/musicaMenu.mp3
00:14:53.153 [JavaFX Application Thread] DEBUG FXGLApplication      - Registering font factories with UI factory
00:14:53.835 [FXGL Background Thread 4 ] DEBUG AudioPlayer          - Playing music com.almasb.fxgl.audio.Music@10e28fa2
00:14:55.873 [FXGL Background Thread 3 ] DEBUG Engine               - Logging environment variables
00:14:55.901 [FXGL Background Thread 3 ] DEBUG Engine               - achievements: []
00:14:56.030 [FXGL Background Thread 3 ] DEBUG Engine               - actualHeight: 600.0
00:14:56.035 [FXGL Background Thread 3 ] DEBUG Engine               - actualHeightProperty: ReadOnlyDoubleProperty [value: 600.0]
00:14:56.039 [FXGL Background Thread 3 ] DEBUG Engine               - actualWidth: 800.0
00:14:56.040 [FXGL Background Thread 3 ] DEBUG Engine               - actualWidthProperty: ReadOnlyDoubleProperty [value: 800.0]
00:14:56.110 [FXGL Background Thread 3 ] DEBUG Engine               - appIcon: icono.png
00:14:56.110 [FXGL Background Thread 3 ] DEBUG Engine               - applicationMode: DEVELOPER
00:14:56.112 [FXGL Background Thread 3 ] DEBUG Engine               - cSSList: [fxgl_dark.css]
00:14:56.149 [FXGL Background Thread 3 ] DEBUG Engine               - collisionDetectionStrategy: BRUTE_FORCE
00:14:56.149 [FXGL Background Thread 3 ] DEBUG Engine               - configClass: Optional.empty
00:14:56.149 [FXGL Background Thread 3 ] DEBUG Engine               - credits: []
00:14:56.150 [FXGL Background Thread 3 ] DEBUG Engine               - defaultCursor: CursorInfo(imageName=fxgl_default_cursor.png, hotspotX=7.0, hotspotY=6.0)
00:14:56.200 [FXGL Background Thread 3 ] DEBUG Engine               - devBBoxColorProperty: ObjectProperty [value: 0xff0000ff]
00:14:56.200 [FXGL Background Thread 3 ] DEBUG Engine               - devEnableDebugCameraProperty: BooleanProperty [value: false]
00:14:56.200 [FXGL Background Thread 3 ] DEBUG Engine               - devSensorColorProperty: ObjectProperty [value: 0xffff00ff]
00:14:56.206 [FXGL Background Thread 3 ] DEBUG Engine               - devShowBBoxProperty: BooleanProperty [value: false]
00:14:56.206 [FXGL Background Thread 3 ] DEBUG Engine               - devShowPositionProperty: BooleanProperty [value: false]
00:14:56.206 [FXGL Background Thread 3 ] DEBUG Engine               - enabledMenuItems: []
00:14:56.206 [FXGL Background Thread 3 ] DEBUG Engine               - engineServices: [class com.almasb.fxgl.app.services.FXGLAssetLoaderService, class com.almasb.fxgl.app.FXGLApplication$GameApplicationService, class com.almasb.fxgl.app.services.FXGLDialogService, class com.almasb.fxgl.app.services.IOTaskExecutorService, class com.almasb.fxgl.io.FileSystemService, class com.almasb.fxgl.localization.LocalizationService, class com.almasb.fxgl.app.services.SystemBundleService, class com.almasb.fxgl.profile.SaveLoadService, class com.almasb.fxgl.ui.FXGLUIFactoryServiceProvider, class com.almasb.fxgl.ui.FXGLDialogFactoryServiceProvider, class com.almasb.fxgl.audio.AudioPlayer, class com.almasb.fxgl.notification.impl.NotificationServiceProvider, class com.almasb.fxgl.achievement.AchievementService, class com.almasb.fxgl.cutscene.CutsceneService, class com.almasb.fxgl.minigames.MiniGameService, class com.almasb.fxgl.net.NetService, class com.almasb.fxgl.app.services.UpdaterService, class com.almasb.fxgl.dev.DevService]
00:14:56.310 [FXGL Background Thread 3 ] DEBUG Engine               - fontGame: Abel-Regular.ttf
00:14:56.310 [FXGL Background Thread 3 ] DEBUG Engine               - fontMono: TerminalLandMono-Regular.otf
00:14:56.310 [FXGL Background Thread 3 ] DEBUG Engine               - fontSizeScaleUI: 1.0
00:14:56.310 [FXGL Background Thread 3 ] DEBUG Engine               - fontText: Courier-Prime.ttf
00:14:56.310 [FXGL Background Thread 3 ] DEBUG Engine               - fontUI: VarelaRound-Regular.ttf
00:14:56.310 [FXGL Background Thread 3 ] DEBUG Engine               - fullScreen: BooleanProperty [value: false]
00:14:56.313 [FXGL Background Thread 3 ] DEBUG Engine               - gameDifficulty: MEDIUM
00:14:56.313 [FXGL Background Thread 3 ] DEBUG Engine               - gameDifficultyProperty: ObjectProperty [value: MEDIUM]
00:14:56.314 [FXGL Background Thread 3 ] DEBUG Engine               - globalMusicVolume: 0.5
00:14:56.314 [FXGL Background Thread 3 ] DEBUG Engine               - globalMusicVolumeProperty: DoubleProperty [value: 0.4]
00:14:56.314 [FXGL Background Thread 3 ] DEBUG Engine               - globalSoundVolume: 0.5
00:14:56.314 [FXGL Background Thread 3 ] DEBUG Engine               - globalSoundVolumeProperty: DoubleProperty [value: 0.5]
00:14:56.314 [FXGL Background Thread 3 ] DEBUG Engine               - height: 600
00:14:56.314 [FXGL Background Thread 3 ] DEBUG Engine               - is3D: false
00:14:56.314 [FXGL Background Thread 3 ] DEBUG Engine               - isAndroid: false
00:14:56.315 [FXGL Background Thread 3 ] DEBUG Engine               - isBrowser: false
00:14:56.315 [FXGL Background Thread 3 ] DEBUG Engine               - isClickFeedbackEnabled: false
00:14:56.319 [FXGL Background Thread 3 ] DEBUG Engine               - isCloseConfirmation: false
00:14:56.319 [FXGL Background Thread 3 ] DEBUG Engine               - isDesktop: true
00:14:56.320 [FXGL Background Thread 3 ] DEBUG Engine               - isDeveloperMenuEnabled: false
00:14:56.322 [FXGL Background Thread 3 ] DEBUG Engine               - isEmbedded: false
00:14:56.322 [FXGL Background Thread 3 ] DEBUG Engine               - isEntityPreloadEnabled: true
00:14:56.323 [FXGL Background Thread 3 ] DEBUG Engine               - isExperimentalTiledLargeMap: false
00:14:56.325 [FXGL Background Thread 3 ] DEBUG Engine               - isFileSystemWriteAllowed: true
00:14:56.325 [FXGL Background Thread 3 ] DEBUG Engine               - isFullScreenAllowed: false
00:14:56.325 [FXGL Background Thread 3 ] DEBUG Engine               - isFullScreenFromStart: false
00:14:56.326 [FXGL Background Thread 3 ] DEBUG Engine               - isGameMenuEnabled: true
00:14:56.326 [FXGL Background Thread 3 ] DEBUG Engine               - isIOS: false
00:14:56.326 [FXGL Background Thread 3 ] DEBUG Engine               - isIntroEnabled: false
00:14:56.326 [FXGL Background Thread 3 ] DEBUG Engine               - isLinux: false
00:14:56.326 [FXGL Background Thread 3 ] DEBUG Engine               - isMac: false
00:14:56.327 [FXGL Background Thread 3 ] DEBUG Engine               - isMainMenuEnabled: false
00:14:56.329 [FXGL Background Thread 3 ] DEBUG Engine               - isManualResizeEnabled: false
00:14:56.329 [FXGL Background Thread 3 ] DEBUG Engine               - isMobile: false
00:14:56.329 [FXGL Background Thread 3 ] DEBUG Engine               - isNative: false
00:14:56.329 [FXGL Background Thread 3 ] DEBUG Engine               - isPauseMusicWhenMinimized: true
00:14:56.329 [FXGL Background Thread 3 ] DEBUG Engine               - isPreserveResizeRatio: false
00:14:56.329 [FXGL Background Thread 3 ] DEBUG Engine               - isProfilingEnabled: false
00:14:56.329 [FXGL Background Thread 3 ] DEBUG Engine               - isScaleAffectedOnResize: true
00:14:56.329 [FXGL Background Thread 3 ] DEBUG Engine               - isSingleStep: false
00:14:56.329 [FXGL Background Thread 3 ] DEBUG Engine               - isUserProfileEnabled: false
00:14:56.329 [FXGL Background Thread 3 ] DEBUG Engine               - isWindows: true
00:14:56.329 [FXGL Background Thread 3 ] DEBUG Engine               - language: ObjectProperty [value: ENGLISH]
00:14:56.329 [FXGL Background Thread 3 ] DEBUG Engine               - menuKey: ESCAPE
00:14:56.329 [FXGL Background Thread 3 ] DEBUG Engine               - mouseSensitivity: 0.2
00:14:56.329 [FXGL Background Thread 3 ] DEBUG Engine               - notificationViewClass: class com.almasb.fxgl.notification.view.XboxNotificationView
00:14:56.329 [FXGL Background Thread 3 ] DEBUG Engine               - pixelsPerMeter: 50.0
00:14:56.329 [FXGL Background Thread 3 ] DEBUG Engine               - platform: WINDOWS
00:14:56.329 [FXGL Background Thread 3 ] DEBUG Engine               - prefHeightProperty: ReadOnlyDoubleProperty [value: 600.0]
00:14:56.329 [FXGL Background Thread 3 ] DEBUG Engine               - prefWidthProperty: ReadOnlyDoubleProperty [value: 800.0]
00:14:56.329 [FXGL Background Thread 3 ] DEBUG Engine               - profileDir: profiles/
00:14:56.329 [FXGL Background Thread 3 ] DEBUG Engine               - profileName: StringProperty [value: DEFAULT]
00:14:56.329 [FXGL Background Thread 3 ] DEBUG Engine               - randomSeed: -1
00:14:56.330 [FXGL Background Thread 3 ] DEBUG Engine               - runtimeInfo: RuntimeInfo(platform=WINDOWS, version=21.1, build=26.03.2024 17.33)
00:14:56.330 [FXGL Background Thread 3 ] DEBUG Engine               - saveFileExt: sav
00:14:56.330 [FXGL Background Thread 3 ] DEBUG Engine               - scaledHeightProp$fxgl: DoubleProperty [bound, value: 600.0]
00:14:56.331 [FXGL Background Thread 3 ] DEBUG Engine               - scaledWidthProp$fxgl: DoubleProperty [bound, value: 800.0]
00:14:56.331 [FXGL Background Thread 3 ] DEBUG Engine               - sceneFactory: com.almasb.fxgl.app.scene.SceneFactory@375019aa
00:14:56.331 [FXGL Background Thread 3 ] DEBUG Engine               - secondsIn24h: 60
00:14:56.331 [FXGL Background Thread 3 ] DEBUG Engine               - soundMenuBack: menu/back.wav
00:14:56.331 [FXGL Background Thread 3 ] DEBUG Engine               - soundMenuPress: menu/press.wav
00:14:56.331 [FXGL Background Thread 3 ] DEBUG Engine               - soundMenuSelect: menu/select.wav
00:14:56.331 [FXGL Background Thread 3 ] DEBUG Engine               - soundNotification: core/notification.wav
00:14:56.331 [FXGL Background Thread 3 ] DEBUG Engine               - stageStyle: DECORATED
00:14:56.331 [FXGL Background Thread 3 ] DEBUG Engine               - supportedLanguages: [ENGLISH, FRENCH, GERMAN, HUNGARIAN, RUSSIAN]
00:14:56.331 [FXGL Background Thread 3 ] DEBUG Engine               - ticksPerSecond: -1
00:14:56.331 [FXGL Background Thread 3 ] DEBUG Engine               - title: Among Us UNEG
00:14:56.331 [FXGL Background Thread 3 ] DEBUG Engine               - urlGithub: https://github.com/AlmasB/FXGL
00:14:56.331 [FXGL Background Thread 3 ] DEBUG Engine               - urlLeaderboard: http://fxgl-top.herokuapp.com/
00:14:56.331 [FXGL Background Thread 3 ] DEBUG Engine               - urlPOM: https://raw.githubusercontent.com/AlmasB/FXGL/release/README.md
00:14:56.331 [FXGL Background Thread 3 ] DEBUG Engine               - userAppClass: class main.java.amongUs.AppPrincipal
00:14:56.331 [FXGL Background Thread 3 ] DEBUG Engine               - version: 0.0
00:14:56.331 [FXGL Background Thread 3 ] DEBUG Engine               - versionCheckDays: 7
00:14:56.331 [FXGL Background Thread 3 ] DEBUG Engine               - width: 800
00:14:56.332 [FXGL Background Thread 3 ] DEBUG Engine               - Logging services
00:14:56.332 [FXGL Background Thread 3 ] DEBUG Engine               - class com.almasb.fxgl.app.services.FXGLAssetLoaderService
00:14:56.332 [FXGL Background Thread 3 ] DEBUG Engine               - class com.almasb.fxgl.app.FXGLApplication$GameApplicationService
00:14:56.332 [FXGL Background Thread 3 ] DEBUG Engine               - class com.almasb.fxgl.app.services.FXGLDialogService
00:14:56.332 [FXGL Background Thread 3 ] DEBUG Engine               - class com.almasb.fxgl.app.services.IOTaskExecutorService
00:14:56.332 [FXGL Background Thread 3 ] DEBUG Engine               - class com.almasb.fxgl.io.FileSystemService
00:14:56.332 [FXGL Background Thread 3 ] DEBUG Engine               - class com.almasb.fxgl.localization.LocalizationService
00:14:56.332 [FXGL Background Thread 3 ] DEBUG Engine               - class com.almasb.fxgl.app.services.SystemBundleService
00:14:56.332 [FXGL Background Thread 3 ] DEBUG Engine               - class com.almasb.fxgl.profile.SaveLoadService
00:14:56.332 [FXGL Background Thread 3 ] DEBUG Engine               - class com.almasb.fxgl.ui.FXGLUIFactoryServiceProvider
00:14:56.332 [FXGL Background Thread 3 ] DEBUG Engine               - class com.almasb.fxgl.ui.FXGLDialogFactoryServiceProvider
00:14:56.332 [FXGL Background Thread 3 ] DEBUG Engine               - class com.almasb.fxgl.audio.AudioPlayer
00:14:56.332 [FXGL Background Thread 3 ] DEBUG Engine               - class com.almasb.fxgl.notification.impl.NotificationServiceProvider
00:14:56.332 [FXGL Background Thread 3 ] DEBUG Engine               - class com.almasb.fxgl.achievement.AchievementService
00:14:56.332 [FXGL Background Thread 3 ] DEBUG Engine               - class com.almasb.fxgl.cutscene.CutsceneService
00:14:56.332 [FXGL Background Thread 3 ] DEBUG Engine               - class com.almasb.fxgl.minigames.MiniGameService
00:14:56.332 [FXGL Background Thread 3 ] DEBUG Engine               - class com.almasb.fxgl.net.NetService
00:14:56.332 [FXGL Background Thread 3 ] DEBUG Engine               - class com.almasb.fxgl.app.services.UpdaterService
00:14:56.333 [FXGL Background Thread 3 ] DEBUG Engine               - class com.almasb.fxgl.dev.DevService
00:14:56.951 [FXGL Background Thread 2 ] INFO  UpdaterService       - Your current version:  21.1
00:14:56.951 [FXGL Background Thread 2 ] INFO  UpdaterService       - Latest stable version: 25
00:14:58.050 [FXGL Background Thread 4 ] INFO  FXGLApplication      - Game initialization took: 5,296 sec
00:14:58.051 [JavaFX Application Thread] DEBUG Input                - Clearing active input actions
00:14:58.074 [JavaFX Application Thread] DEBUG GameApplicationServi - Removing overlay from FXGLLoadingScene and adding to GameScene
00:14:58.075 [JavaFX Application Thread] DEBUG PrimaryStageWindow   - FXGLLoadingScene -> GameScene
00:15:06.554 [JavaFX Application Thread] DEBUG FXGLAssetLoaderServi - Loading from file system: file:/C:/Users/josue/OneDrive/Desktop/proyecto%20java/Among%20Us/out/production/Among%20Us/assets/sounds/clickBoton.wav
00:15:13.690 [JavaFX Application Thread] DEBUG FXGLAssetLoaderServi - Loading from file system: file:/C:/Users/josue/OneDrive/Desktop/proyecto%20java/Among%20Us/out/production/Among%20Us/assets/textures/tripulante_morado.png
00:15:13.703 [JavaFX Application Thread] DEBUG FXGLAssetLoaderServi - Loading from file system: file:/C:/Users/josue/OneDrive/Desktop/proyecto%20java/Among%20Us/out/production/Among%20Us/assets/textures/tripulante_azul.png
00:15:13.704 [JavaFX Application Thread] DEBUG FXGLAssetLoaderServi - Loading from file system: file:/C:/Users/josue/OneDrive/Desktop/proyecto%20java/Among%20Us/out/production/Among%20Us/assets/textures/tripulante_rosa.png
00:15:13.706 [JavaFX Application Thread] DEBUG FXGLAssetLoaderServi - Loading from file system: file:/C:/Users/josue/OneDrive/Desktop/proyecto%20java/Among%20Us/out/production/Among%20Us/assets/textures/tripulante_marron.png
00:15:13.707 [JavaFX Application Thread] DEBUG FXGLAssetLoaderServi - Loading from file system: file:/C:/Users/josue/OneDrive/Desktop/proyecto%20java/Among%20Us/out/production/Among%20Us/assets/textures/tripulante_negro.png
00:15:13.709 [JavaFX Application Thread] DEBUG FXGLAssetLoaderServi - Loading from file system: file:/C:/Users/josue/OneDrive/Desktop/proyecto%20java/Among%20Us/out/production/Among%20Us/assets/textures/tripulante_blanco.png
00:15:30.618 [JavaFX Application Thread] DEBUG FXGLApplication      - Exiting FXGL
00:15:30.618 [JavaFX Application Thread] DEBUG LoopRunner           - Stopping loop
00:15:30.618 [JavaFX Application Thread] DEBUG SystemBundleService  - Saving FXGL system data
00:15:30.622 [JavaFX Application Thread] DEBUG FileSystemAccess     - Writing to: C:\Users\josue\OneDrive\Desktop\proyecto java\Among Us\system\fxgl.bundle
00:15:30.628 [JavaFX Application Thread] DEBUG Async                - Shutting down background threads
00:15:30.628 [JavaFX Application Thread] DEBUG PrimaryStageWindow   - Closing main window
00:15:30.662 [JavaFX Application Thread] DEBUG Logger               - Closing Logger
