02:30:52.654 [main                     ] DEBUG Logger               - Configured Logger
02:30:52.666 [main                     ] DEBUG GameApplication      - Logging settings
Title: Among Us UNEG
Version: 0.0
Width: 800
Height: 600
Fullscreen: false
Intro: false
Profiling: false
Single step:false
App Mode: DEVELOPER
Menu Key: ESCAPE
Stage Style: DECORATED
Scene Factory: class com.almasb.fxgl.app.scene.SceneFactory

02:30:53.446 [JavaFX Application Thread] DEBUG FXGLApplication      - Initializing FXGL
02:30:53.454 [JavaFX Application Thread] INFO  Engine               - FXGL-21.1 (26.03.2024 17.33) on WINDOWS (J:25.0.2 FX:21.0.1)
02:30:53.454 [JavaFX Application Thread] DEBUG Engine               - JRE Vendor Name: Oracle Corporation
02:30:53.455 [JavaFX Application Thread] DEBUG Engine               - Running on OS: Windows 11 version 10.0
02:30:53.455 [JavaFX Application Thread] DEBUG Engine               - Architecture: amd64
02:30:53.455 [JavaFX Application Thread] INFO  Engine               - Source code and latest versions at: https://github.com/AlmasB/FXGL
02:30:53.455 [JavaFX Application Thread] INFO  Engine               -       Ask questions and discuss at: https://github.com/AlmasB/FXGL/discussions
02:30:53.455 [JavaFX Application Thread] INFO  Engine               -              Join the FXGL chat at: https://gitter.im/AlmasB/FXGL
02:30:53.623 [JavaFX Application Thread] DEBUG PrimaryStageWindow   - Creating a JavaFX scene
02:30:53.760 [JavaFX Application Thread] DEBUG PrimaryStageWindow   - Target settings size: 800.0 x 600.0
02:30:53.760 [JavaFX Application Thread] DEBUG PrimaryStageWindow   - Scaled scene size:    800.0 x 600.0
02:30:53.760 [JavaFX Application Thread] DEBUG PrimaryStageWindow   - Scaled ratio: (1.0, 1.0)
02:30:53.761 [JavaFX Application Thread] DEBUG PrimaryStageWindow   - Set initial scene to FXGLStartupScene
02:30:53.769 [JavaFX Application Thread] DEBUG PrimaryStageWindow   - Opening main window
02:30:53.976 [JavaFX Application Thread] DEBUG PrimaryStageWindow   - Window border size: (16.0, 39.0)
02:30:53.977 [JavaFX Application Thread] DEBUG PrimaryStageWindow   - Scaled size: 800.0 x 600.0
02:30:53.977 [JavaFX Application Thread] DEBUG PrimaryStageWindow   - Scaled ratio: (1.0, 1.0)
02:30:53.977 [JavaFX Application Thread] DEBUG PrimaryStageWindow   - Scene size: 800.0 x 600.0
02:30:53.977 [JavaFX Application Thread] DEBUG PrimaryStageWindow   - Stage size: 816.0 x 639.0
02:30:54.075 [FXGL Background Thread 1 ] DEBUG Engine               - Initializing environment variables
02:30:54.185 [FXGL Background Thread 1 ] DEBUG FXGLAssetLoaderServi - User app class for loading assets: class main.java.amongUs.AppPrincipal
02:30:54.185 [FXGL Background Thread 1 ] DEBUG GameApplicationServi - Applying CSS: fxgl_dark.css
02:30:54.186 [FXGL Background Thread 1 ] DEBUG FXGLAssetLoaderServi - Loading from file system: jar:file:/C:/Users/josue/OneDrive/Desktop/proyecto%20java/Among%20Us/lib/fxgl-21.1-uber.jar!/fxglassets/ui/css/fxgl_dark.css
02:30:54.301 [FXGL Background Thread 1 ] DEBUG GameApplicationServi - Initializing application scenes
02:30:54.466 [FXGL Background Thread 1 ] DEBUG GameWorld            - Game world initialized
02:30:54.539 [FXGL Background Thread 1 ] DEBUG PhysicsWorld         - Physics world initialized: appHeight=600, physics.ppm=50,0
02:30:54.540 [FXGL Background Thread 1 ] DEBUG PhysicsWorld         - Using strategy: BRUTE_FORCE
02:30:54.545 [FXGL Background Thread 1 ] DEBUG GameScene            - Game scene initialized: 800x600
02:30:54.562 [FXGL Background Thread 1 ] DEBUG FXGL.DefaultMenu     - createMenuBodyGameMenu()
02:30:54.583 [FXGL Background Thread 1 ] DEBUG FXGL.DefaultMenu     - createOptionsMenu()
02:30:54.600 [FXGL Background Thread 1 ] DEBUG FXGLAssetLoaderServi - Loading from file system: jar:file:/C:/Users/josue/OneDrive/Desktop/proyecto%20java/Among%20Us/lib/fxgl-21.1-uber.jar!/fxglassets/textures/particles/smoke.png
02:30:54.779 [FXGL Background Thread 1 ] DEBUG FXGLAssetLoaderServi - Loading from file system: jar:file:/C:/Users/josue/OneDrive/Desktop/proyecto%20java/Among%20Us/lib/fxgl-21.1-uber.jar!/fxglassets/textures/particles/trace_horizontal.png
02:30:54.855 [FXGL Background Thread 1 ] DEBUG GameApplicationServi - Application scenes initialized
02:30:54.876 [FXGL Background Thread 1 ] DEBUG SystemBundleService  - Loading FXGL system data
02:30:54.883 [FXGL Background Thread 1 ] DEBUG FileSystemAccess     - Reading from: C:\Users\josue\OneDrive\Desktop\proyecto java\Among Us\system\fxgl.bundle
02:30:54.894 [FXGL Background Thread 1 ] DEBUG SystemBundleService  - Bundle FXGL: {}
02:30:54.894 [FXGL Background Thread 1 ] DEBUG UpdaterService       - Checking for updates
02:30:54.902 [FXGL Background Thread 1 ] DEBUG FXGLApplication      - Loading default localization
02:30:54.903 [FXGL Background Thread 1 ] DEBUG FXGLAssetLoaderServi - Loading from file system: jar:file:/C:/Users/josue/OneDrive/Desktop/proyecto%20java/Among%20Us/lib/fxgl-21.1-uber.jar!/fxglassets/languages/english.lang
02:30:54.909 [FXGL Background Thread 4 ] DEBUG FXGLApplication      - Loading fonts
02:30:54.909 [FXGL Background Thread 4 ] DEBUG FXGLAssetLoaderServi - Loading from file system: jar:file:/C:/Users/josue/OneDrive/Desktop/proyecto%20java/Among%20Us/lib/fxgl-21.1-uber.jar!/fxglassets/ui/fonts/VarelaRound-Regular.ttf
02:30:54.986 [FXGL Background Thread 1 ] INFO  FXGLApplication      - FXGL initialization took: 0,911 sec
02:30:54.999 [JavaFX Application Thread] DEBUG Input                - Registered new binding: Mover Arriba - W
02:30:55.000 [JavaFX Application Thread] DEBUG Input                - Registered new binding: Mover Abajo - S
02:30:55.000 [JavaFX Application Thread] DEBUG Input                - Registered new binding: Mover Izquierda - A
02:30:55.000 [JavaFX Application Thread] DEBUG Input                - Registered new binding: Mover Derecha - D
02:30:55.000 [JavaFX Application Thread] DEBUG Input                - Registered new binding: Abrir Camaras - C
02:30:55.000 [JavaFX Application Thread] DEBUG Input                - Registered new binding: Usar Alcantarilla - Space
02:30:55.000 [JavaFX Application Thread] DEBUG Input                - Registered new binding: Vent Izquierda - Left
02:30:55.000 [JavaFX Application Thread] DEBUG Input                - Registered new binding: Vent Derecha - Right
02:30:55.000 [JavaFX Application Thread] DEBUG Input                - Registered new binding: Vent Arriba - Up
02:30:55.000 [JavaFX Application Thread] DEBUG Input                - Registered new binding: Vent Abajo - Down
02:30:55.001 [JavaFX Application Thread] DEBUG Input                - Registered new binding: Matar Jugador - Q
02:30:55.003 [JavaFX Application Thread] DEBUG FXGLAssetLoaderServi - Loading from file system: file:/C:/Users/josue/OneDrive/Desktop/proyecto%20java/Among%20Us/out/production/Among%20Us/assets/textures/icono.png
02:30:55.052 [JavaFX Application Thread] DEBUG FXGLAssetLoaderServi - Loading from file system: jar:file:/C:/Users/josue/OneDrive/Desktop/proyecto%20java/Among%20Us/lib/fxgl-21.1-uber.jar!/fxglassets/textures/fxgl_default_cursor.png
02:30:55.055 [JavaFX Application Thread] DEBUG Input                - Registered new binding: Screenshot - CTRL+8
02:30:55.055 [JavaFX Application Thread] DEBUG Input                - Registered new binding: System info dump - CTRL+9
02:30:55.059 [JavaFX Application Thread] DEBUG Input                - Registered new binding: Restart - CTRL+R
02:30:55.060 [JavaFX Application Thread] DEBUG Input                - Registered new binding: Toggle Debug Camera - CTRL+7
02:30:55.068 [JavaFX Application Thread] DEBUG LoopRunner           - Starting loop
02:30:55.069 [JavaFX Application Thread] DEBUG LoopRunner           - Initializing JavaFX AnimationTimerLoop
02:30:55.071 [JavaFX Application Thread] DEBUG GameApplicationServi - Starting new game
02:30:55.078 [JavaFX Application Thread] DEBUG Input                - Clearing active input actions
02:30:55.111 [JavaFX Application Thread] DEBUG GameApplicationServi - Removing overlay from FXGLStartupScene and adding to FXGLLoadingScene
02:30:55.112 [JavaFX Application Thread] DEBUG PrimaryStageWindow   - FXGLStartupScene -> FXGLLoadingScene
02:30:55.112 [JavaFX Application Thread] DEBUG GameApplicationServi - Clearing previous game
02:30:55.112 [JavaFX Application Thread] DEBUG GameScene            - Clearing game scene
02:30:55.112 [JavaFX Application Thread] DEBUG GameWorld            - Clearing game world
02:30:55.112 [JavaFX Application Thread] DEBUG PhysicsWorld         - Clearing physics world
02:30:55.114 [FXGL Background Thread 1 ] DEBUG FXGLApplication      - Initializing game
02:30:55.126 [FXGL Background Thread 1 ] DEBUG FXGLAssetLoaderServi - Loading from file system: file:/C:/Users/josue/OneDrive/Desktop/proyecto%20java/Among%20Us/out/production/Among%20Us/assets/textures/MonitorDeCamaras.png
02:30:55.290 [FXGL Background Thread 1 ] DEBUG FXGLAssetLoaderServi - Loading from file system: file:/C:/Users/josue/OneDrive/Desktop/proyecto%20java/Among%20Us/out/production/Among%20Us/assets/textures/flechaAmarillaIzq.png
02:30:55.294 [FXGL Background Thread 1 ] DEBUG FXGLAssetLoaderServi - Loading from file system: file:/C:/Users/josue/OneDrive/Desktop/proyecto%20java/Among%20Us/out/production/Among%20Us/assets/textures/flechaAmarillaDer.png
02:30:55.306 [FXGL Background Thread 1 ] DEBUG FXGLAssetLoaderServi - Loading from file system: file:/C:/Users/josue/OneDrive/Desktop/proyecto%20java/Among%20Us/out/production/Among%20Us/assets/music/musicaMenu.mp3
02:30:55.905 [FXGL Background Thread 1 ] DEBUG AudioPlayer          - Playing music com.almasb.fxgl.audio.Music@5111975e
02:30:56.590 [FXGL Background Thread 4 ] DEBUG FXGLAssetLoaderServi - Loading from file system: jar:file:/C:/Users/josue/OneDrive/Desktop/proyecto%20java/Among%20Us/lib/fxgl-21.1-uber.jar!/fxglassets/ui/fonts/Abel-Regular.ttf
02:30:56.688 [FXGL Background Thread 4 ] DEBUG FXGLAssetLoaderServi - Loading from file system: jar:file:/C:/Users/josue/OneDrive/Desktop/proyecto%20java/Among%20Us/lib/fxgl-21.1-uber.jar!/fxglassets/ui/fonts/TerminalLandMono-Regular.otf
02:30:56.720 [FXGL Background Thread 4 ] DEBUG FXGLAssetLoaderServi - Loading from file system: jar:file:/C:/Users/josue/OneDrive/Desktop/proyecto%20java/Among%20Us/lib/fxgl-21.1-uber.jar!/fxglassets/ui/fonts/Courier-Prime.ttf
02:30:56.777 [JavaFX Application Thread] DEBUG FXGLApplication      - Registering font factories with UI factory
02:30:56.787 [FXGL Background Thread 1 ] INFO  FXGLApplication      - Game initialization took: 1,673 sec
02:30:56.795 [JavaFX Application Thread] DEBUG Input                - Clearing active input actions
02:30:56.816 [JavaFX Application Thread] DEBUG GameApplicationServi - Removing overlay from FXGLLoadingScene and adding to GameScene
02:30:56.818 [JavaFX Application Thread] DEBUG PrimaryStageWindow   - FXGLLoadingScene -> GameScene
02:30:57.522 [JavaFX Application Thread] DEBUG FXGLAssetLoaderServi - Loading from file system: file:/C:/Users/josue/OneDrive/Desktop/proyecto%20java/Among%20Us/out/production/Among%20Us/assets/sounds/clickBoton.wav
02:30:57.913 [FXGL Background Thread 3 ] DEBUG Engine               - Logging environment variables
02:30:57.914 [FXGL Background Thread 3 ] DEBUG Engine               - achievements: []
02:30:57.915 [FXGL Background Thread 3 ] DEBUG Engine               - actualHeight: 600.0
02:30:57.915 [FXGL Background Thread 3 ] DEBUG Engine               - actualHeightProperty: ReadOnlyDoubleProperty [value: 600.0]
02:30:57.915 [FXGL Background Thread 3 ] DEBUG Engine               - actualWidth: 800.0
02:30:57.915 [FXGL Background Thread 3 ] DEBUG Engine               - actualWidthProperty: ReadOnlyDoubleProperty [value: 800.0]
02:30:57.916 [FXGL Background Thread 3 ] DEBUG Engine               - appIcon: icono.png
02:30:57.916 [FXGL Background Thread 3 ] DEBUG Engine               - applicationMode: DEVELOPER
02:30:57.916 [FXGL Background Thread 3 ] DEBUG Engine               - cSSList: [fxgl_dark.css]
02:30:57.916 [FXGL Background Thread 3 ] DEBUG Engine               - collisionDetectionStrategy: BRUTE_FORCE
02:30:57.916 [FXGL Background Thread 3 ] DEBUG Engine               - configClass: Optional.empty
02:30:57.916 [FXGL Background Thread 3 ] DEBUG Engine               - credits: []
02:30:57.916 [FXGL Background Thread 3 ] DEBUG Engine               - defaultCursor: CursorInfo(imageName=fxgl_default_cursor.png, hotspotX=7.0, hotspotY=6.0)
02:30:57.916 [FXGL Background Thread 3 ] DEBUG Engine               - devBBoxColorProperty: ObjectProperty [value: 0xff0000ff]
02:30:57.916 [FXGL Background Thread 3 ] DEBUG Engine               - devEnableDebugCameraProperty: BooleanProperty [value: false]
02:30:57.919 [FXGL Background Thread 3 ] DEBUG Engine               - devSensorColorProperty: ObjectProperty [value: 0xffff00ff]
02:30:57.919 [FXGL Background Thread 3 ] DEBUG Engine               - devShowBBoxProperty: BooleanProperty [value: false]
02:30:57.919 [FXGL Background Thread 3 ] DEBUG Engine               - devShowPositionProperty: BooleanProperty [value: false]
02:30:57.919 [FXGL Background Thread 3 ] DEBUG Engine               - enabledMenuItems: []
02:30:57.919 [FXGL Background Thread 3 ] DEBUG Engine               - engineServices: [class com.almasb.fxgl.app.services.FXGLAssetLoaderService, class com.almasb.fxgl.app.FXGLApplication$GameApplicationService, class com.almasb.fxgl.app.services.FXGLDialogService, class com.almasb.fxgl.app.services.IOTaskExecutorService, class com.almasb.fxgl.io.FileSystemService, class com.almasb.fxgl.localization.LocalizationService, class com.almasb.fxgl.app.services.SystemBundleService, class com.almasb.fxgl.profile.SaveLoadService, class com.almasb.fxgl.ui.FXGLUIFactoryServiceProvider, class com.almasb.fxgl.ui.FXGLDialogFactoryServiceProvider, class com.almasb.fxgl.audio.AudioPlayer, class com.almasb.fxgl.notification.impl.NotificationServiceProvider, class com.almasb.fxgl.achievement.AchievementService, class com.almasb.fxgl.cutscene.CutsceneService, class com.almasb.fxgl.minigames.MiniGameService, class com.almasb.fxgl.net.NetService, class com.almasb.fxgl.app.services.UpdaterService, class com.almasb.fxgl.dev.DevService]
02:30:57.919 [FXGL Background Thread 3 ] DEBUG Engine               - fontGame: Abel-Regular.ttf
02:30:57.919 [FXGL Background Thread 3 ] DEBUG Engine               - fontMono: TerminalLandMono-Regular.otf
02:30:57.919 [FXGL Background Thread 3 ] DEBUG Engine               - fontSizeScaleUI: 1.0
02:30:57.919 [FXGL Background Thread 3 ] DEBUG Engine               - fontText: Courier-Prime.ttf
02:30:57.920 [FXGL Background Thread 3 ] DEBUG Engine               - fontUI: VarelaRound-Regular.ttf
02:30:57.920 [FXGL Background Thread 3 ] DEBUG Engine               - fullScreen: BooleanProperty [value: false]
02:30:57.920 [FXGL Background Thread 3 ] DEBUG Engine               - gameDifficulty: MEDIUM
02:30:57.924 [FXGL Background Thread 3 ] DEBUG Engine               - gameDifficultyProperty: ObjectProperty [value: MEDIUM]
02:30:57.924 [FXGL Background Thread 3 ] DEBUG Engine               - globalMusicVolume: 0.5
02:30:57.924 [FXGL Background Thread 3 ] DEBUG Engine               - globalMusicVolumeProperty: DoubleProperty [value: 0.4]
02:30:57.924 [FXGL Background Thread 3 ] DEBUG Engine               - globalSoundVolume: 0.5
02:30:57.946 [FXGL Background Thread 3 ] DEBUG Engine               - globalSoundVolumeProperty: DoubleProperty [value: 0.5]
02:30:57.949 [FXGL Background Thread 3 ] DEBUG Engine               - height: 600
02:30:57.949 [FXGL Background Thread 3 ] DEBUG Engine               - is3D: false
02:30:57.953 [FXGL Background Thread 3 ] DEBUG Engine               - isAndroid: false
02:30:57.953 [FXGL Background Thread 3 ] DEBUG Engine               - isBrowser: false
02:30:57.953 [FXGL Background Thread 3 ] DEBUG Engine               - isClickFeedbackEnabled: false
02:30:57.953 [FXGL Background Thread 3 ] DEBUG Engine               - isCloseConfirmation: false
02:30:57.953 [FXGL Background Thread 3 ] DEBUG Engine               - isDesktop: true
02:30:57.954 [FXGL Background Thread 3 ] DEBUG Engine               - isDeveloperMenuEnabled: false
02:30:57.955 [FXGL Background Thread 3 ] DEBUG Engine               - isEmbedded: false
02:30:57.955 [FXGL Background Thread 3 ] DEBUG Engine               - isEntityPreloadEnabled: true
02:30:57.956 [FXGL Background Thread 3 ] DEBUG Engine               - isExperimentalTiledLargeMap: false
02:30:57.956 [FXGL Background Thread 3 ] DEBUG Engine               - isFileSystemWriteAllowed: true
02:30:57.956 [FXGL Background Thread 3 ] DEBUG Engine               - isFullScreenAllowed: false
02:30:57.956 [FXGL Background Thread 3 ] DEBUG Engine               - isFullScreenFromStart: false
02:30:57.958 [FXGL Background Thread 3 ] DEBUG Engine               - isGameMenuEnabled: true
02:30:57.958 [FXGL Background Thread 3 ] DEBUG Engine               - isIOS: false
02:30:57.958 [FXGL Background Thread 3 ] DEBUG Engine               - isIntroEnabled: false
02:30:57.959 [FXGL Background Thread 3 ] DEBUG Engine               - isLinux: false
02:30:57.959 [FXGL Background Thread 3 ] DEBUG Engine               - isMac: false
02:30:57.959 [FXGL Background Thread 3 ] DEBUG Engine               - isMainMenuEnabled: false
02:30:57.959 [FXGL Background Thread 3 ] DEBUG Engine               - isManualResizeEnabled: false
02:30:57.959 [FXGL Background Thread 3 ] DEBUG Engine               - isMobile: false
02:30:57.959 [FXGL Background Thread 3 ] DEBUG Engine               - isNative: false
02:30:57.959 [FXGL Background Thread 3 ] DEBUG Engine               - isPauseMusicWhenMinimized: true
02:30:57.959 [FXGL Background Thread 3 ] DEBUG Engine               - isPreserveResizeRatio: false
02:30:57.959 [FXGL Background Thread 3 ] DEBUG Engine               - isProfilingEnabled: false
02:30:57.959 [FXGL Background Thread 3 ] DEBUG Engine               - isScaleAffectedOnResize: true
02:30:57.959 [FXGL Background Thread 3 ] DEBUG Engine               - isSingleStep: false
02:30:57.959 [FXGL Background Thread 3 ] DEBUG Engine               - isUserProfileEnabled: false
02:30:57.959 [FXGL Background Thread 3 ] DEBUG Engine               - isWindows: true
02:30:57.960 [FXGL Background Thread 3 ] DEBUG Engine               - language: ObjectProperty [value: ENGLISH]
02:30:57.960 [FXGL Background Thread 3 ] DEBUG Engine               - menuKey: ESCAPE
02:30:57.960 [FXGL Background Thread 3 ] DEBUG Engine               - mouseSensitivity: 0.2
02:30:57.960 [FXGL Background Thread 3 ] DEBUG Engine               - notificationViewClass: class com.almasb.fxgl.notification.view.XboxNotificationView
02:30:57.960 [FXGL Background Thread 3 ] DEBUG Engine               - pixelsPerMeter: 50.0
02:30:57.960 [FXGL Background Thread 3 ] DEBUG Engine               - platform: WINDOWS
02:30:57.960 [FXGL Background Thread 3 ] DEBUG Engine               - prefHeightProperty: ReadOnlyDoubleProperty [value: 600.0]
02:30:57.960 [FXGL Background Thread 3 ] DEBUG Engine               - prefWidthProperty: ReadOnlyDoubleProperty [value: 800.0]
02:30:57.961 [FXGL Background Thread 3 ] DEBUG Engine               - profileDir: profiles/
02:30:57.961 [FXGL Background Thread 3 ] DEBUG Engine               - profileName: StringProperty [value: DEFAULT]
02:30:57.961 [FXGL Background Thread 3 ] DEBUG Engine               - randomSeed: -1
02:30:57.961 [FXGL Background Thread 3 ] DEBUG Engine               - runtimeInfo: RuntimeInfo(platform=WINDOWS, version=21.1, build=26.03.2024 17.33)
02:30:57.961 [FXGL Background Thread 3 ] DEBUG Engine               - saveFileExt: sav
02:30:57.961 [FXGL Background Thread 3 ] DEBUG Engine               - scaledHeightProp$fxgl: DoubleProperty [bound, value: 600.0]
02:30:57.961 [FXGL Background Thread 3 ] DEBUG Engine               - scaledWidthProp$fxgl: DoubleProperty [bound, value: 800.0]
02:30:57.961 [FXGL Background Thread 3 ] DEBUG Engine               - sceneFactory: com.almasb.fxgl.app.scene.SceneFactory@363e3fd1
02:30:57.961 [FXGL Background Thread 3 ] DEBUG Engine               - secondsIn24h: 60
02:30:57.961 [FXGL Background Thread 3 ] DEBUG Engine               - soundMenuBack: menu/back.wav
02:30:57.961 [FXGL Background Thread 3 ] DEBUG Engine               - soundMenuPress: menu/press.wav
02:30:57.961 [FXGL Background Thread 3 ] DEBUG Engine               - soundMenuSelect: menu/select.wav
02:30:57.961 [FXGL Background Thread 3 ] DEBUG Engine               - soundNotification: core/notification.wav
02:30:57.961 [FXGL Background Thread 3 ] DEBUG Engine               - stageStyle: DECORATED
02:30:57.961 [FXGL Background Thread 3 ] DEBUG Engine               - supportedLanguages: [ENGLISH, FRENCH, GERMAN, HUNGARIAN, RUSSIAN]
02:30:57.962 [FXGL Background Thread 3 ] DEBUG Engine               - ticksPerSecond: -1
02:30:57.962 [FXGL Background Thread 3 ] DEBUG Engine               - title: Among Us UNEG
02:30:57.962 [FXGL Background Thread 3 ] DEBUG Engine               - urlGithub: https://github.com/AlmasB/FXGL
02:30:57.962 [FXGL Background Thread 3 ] DEBUG Engine               - urlLeaderboard: http://fxgl-top.herokuapp.com/
02:30:57.962 [FXGL Background Thread 3 ] DEBUG Engine               - urlPOM: https://raw.githubusercontent.com/AlmasB/FXGL/release/README.md
02:30:57.962 [FXGL Background Thread 3 ] DEBUG Engine               - userAppClass: class main.java.amongUs.AppPrincipal
02:30:57.962 [FXGL Background Thread 3 ] DEBUG Engine               - version: 0.0
02:30:57.963 [FXGL Background Thread 3 ] DEBUG Engine               - versionCheckDays: 7
02:30:57.963 [FXGL Background Thread 3 ] DEBUG Engine               - width: 800
02:30:57.963 [FXGL Background Thread 3 ] DEBUG Engine               - Logging services
02:30:57.963 [FXGL Background Thread 3 ] DEBUG Engine               - class com.almasb.fxgl.app.services.FXGLAssetLoaderService
02:30:57.963 [FXGL Background Thread 3 ] DEBUG Engine               - class com.almasb.fxgl.app.FXGLApplication$GameApplicationService
02:30:57.963 [FXGL Background Thread 3 ] DEBUG Engine               - class com.almasb.fxgl.app.services.FXGLDialogService
02:30:57.963 [FXGL Background Thread 3 ] DEBUG Engine               - class com.almasb.fxgl.app.services.IOTaskExecutorService
02:30:57.963 [FXGL Background Thread 3 ] DEBUG Engine               - class com.almasb.fxgl.io.FileSystemService
02:30:57.963 [FXGL Background Thread 3 ] DEBUG Engine               - class com.almasb.fxgl.localization.LocalizationService
02:30:57.963 [FXGL Background Thread 3 ] DEBUG Engine               - class com.almasb.fxgl.app.services.SystemBundleService
02:30:57.963 [FXGL Background Thread 3 ] DEBUG Engine               - class com.almasb.fxgl.profile.SaveLoadService
02:30:57.963 [FXGL Background Thread 3 ] DEBUG Engine               - class com.almasb.fxgl.ui.FXGLUIFactoryServiceProvider
02:30:57.963 [FXGL Background Thread 3 ] DEBUG Engine               - class com.almasb.fxgl.ui.FXGLDialogFactoryServiceProvider
02:30:57.963 [FXGL Background Thread 3 ] DEBUG Engine               - class com.almasb.fxgl.audio.AudioPlayer
02:30:57.963 [FXGL Background Thread 3 ] DEBUG Engine               - class com.almasb.fxgl.notification.impl.NotificationServiceProvider
02:30:57.963 [FXGL Background Thread 3 ] DEBUG Engine               - class com.almasb.fxgl.achievement.AchievementService
02:30:57.963 [FXGL Background Thread 3 ] DEBUG Engine               - class com.almasb.fxgl.cutscene.CutsceneService
02:30:57.963 [FXGL Background Thread 3 ] DEBUG Engine               - class com.almasb.fxgl.minigames.MiniGameService
02:30:57.963 [FXGL Background Thread 3 ] DEBUG Engine               - class com.almasb.fxgl.net.NetService
02:30:57.963 [FXGL Background Thread 3 ] DEBUG Engine               - class com.almasb.fxgl.app.services.UpdaterService
02:30:57.963 [FXGL Background Thread 3 ] DEBUG Engine               - class com.almasb.fxgl.dev.DevService
02:30:58.073 [FXGL Background Thread 2 ] INFO  UpdaterService       - Your current version:  21.1
02:30:58.073 [FXGL Background Thread 2 ] INFO  UpdaterService       - Latest stable version: 25
02:31:00.867 [JavaFX Application Thread] DEBUG FXGLAssetLoaderServi - Loading from file system: file:/C:/Users/josue/OneDrive/Desktop/proyecto%20java/Among%20Us/out/production/Among%20Us/assets/textures/tripulante_negro.png
02:31:01.930 [JavaFX Application Thread] WARN  TMXLevelLoader       - TiledMap generated from 1.11.2. Supported version: 1.9.0. Some features may not be parsed fully.
02:31:02.002 [JavaFX Application Thread] DEBUG TMXLevelLoader       - Parsed TiledMap: file:/C:/Users/josue/OneDrive/Desktop/proyecto%20java/Among%20Us/out/production/Among%20Us/assets/levels/mapa2.tmx
02:31:02.004 [JavaFX Application Thread] DEBUG TMXLevelLoader       - Creating tile layer entities
02:31:02.007 [JavaFX Application Thread] DEBUG TilesetLoader        - Loading view for layer fondo1
02:31:02.008 [JavaFX Application Thread] DEBUG TilesetLoader        - Created buffer with size 992.0x960.0
02:31:02.032 [JavaFX Application Thread] DEBUG TilesetLoader        - Loading view for layer fondo
02:31:02.034 [JavaFX Application Thread] DEBUG TilesetLoader        - Created buffer with size 992.0x960.0
02:31:02.038 [JavaFX Application Thread] DEBUG TilesetLoader        - Loading view for layer piso
02:31:02.039 [JavaFX Application Thread] DEBUG TilesetLoader        - Created buffer with size 992.0x960.0
02:31:02.045 [JavaFX Application Thread] DEBUG TilesetLoader        - Loading view for layer piso1
02:31:02.046 [JavaFX Application Thread] DEBUG TilesetLoader        - Created buffer with size 992.0x960.0
02:31:02.054 [JavaFX Application Thread] DEBUG TilesetLoader        - Loading view for layer izquierda
02:31:02.054 [JavaFX Application Thread] DEBUG TilesetLoader        - Created buffer with size 992.0x960.0
02:31:02.064 [JavaFX Application Thread] DEBUG TilesetLoader        - Loading view for layer detallesatraspared
02:31:02.064 [JavaFX Application Thread] DEBUG TilesetLoader        - Created buffer with size 992.0x960.0
02:31:02.104 [JavaFX Application Thread] DEBUG TilesetLoader        - Loading view for layer pared2
02:31:02.106 [JavaFX Application Thread] DEBUG TilesetLoader        - Created buffer with size 992.0x960.0
02:31:02.123 [JavaFX Application Thread] DEBUG TilesetLoader        - Loading view for layer techo1
02:31:02.123 [JavaFX Application Thread] DEBUG TilesetLoader        - Created buffer with size 992.0x960.0
02:31:02.126 [JavaFX Application Thread] DEBUG TilesetLoader        - Loading view for layer techo2
02:31:02.127 [JavaFX Application Thread] DEBUG TilesetLoader        - Created buffer with size 992.0x960.0
02:31:02.133 [JavaFX Application Thread] DEBUG TilesetLoader        - Loading view for layer puertita
02:31:02.134 [JavaFX Application Thread] DEBUG TilesetLoader        - Created buffer with size 992.0x960.0
02:31:02.135 [JavaFX Application Thread] DEBUG TilesetLoader        - Loading view for layer puerta
02:31:02.135 [JavaFX Application Thread] DEBUG TilesetLoader        - Created buffer with size 992.0x960.0
02:31:02.140 [JavaFX Application Thread] DEBUG TilesetLoader        - Loading view for layer detalles
02:31:02.141 [JavaFX Application Thread] DEBUG TilesetLoader        - Created buffer with size 992.0x960.0
02:31:02.161 [JavaFX Application Thread] DEBUG TilesetLoader        - Loading view for layer detalles 2
02:31:02.162 [JavaFX Application Thread] DEBUG TilesetLoader        - Created buffer with size 992.0x960.0
02:31:02.178 [JavaFX Application Thread] DEBUG TilesetLoader        - Loading view for layer detalles3
02:31:02.180 [JavaFX Application Thread] DEBUG TilesetLoader        - Created buffer with size 992.0x960.0
02:31:02.219 [JavaFX Application Thread] DEBUG TilesetLoader        - Loading view for layer grieta
02:31:02.260 [JavaFX Application Thread] DEBUG TilesetLoader        - Created buffer with size 992.0x960.0
02:31:02.262 [JavaFX Application Thread] DEBUG TilesetLoader        - Loading view for layer camaras
02:31:02.264 [JavaFX Application Thread] DEBUG TilesetLoader        - Created buffer with size 992.0x960.0
02:31:02.269 [JavaFX Application Thread] DEBUG TilesetLoader        - Loading view for layer Techo
02:31:02.269 [JavaFX Application Thread] DEBUG TilesetLoader        - Created buffer with size 992.0x960.0
02:31:02.274 [JavaFX Application Thread] DEBUG TMXLevelLoader       - Creating object layer entities
02:31:02.369 [JavaFX Application Thread] DEBUG GameWorld            - Clearing removable entities
02:31:02.369 [JavaFX Application Thread] DEBUG GameWorld            - Setting level: com.almasb.fxgl.entity.level.Level@5d6fb8cc
02:31:02.400 [JavaFX Application Thread] DEBUG FXGLAssetLoaderServi - Loading from file system: file:/C:/Users/josue/OneDrive/Desktop/proyecto%20java/Among%20Us/out/production/Among%20Us/assets/textures/fantasma.png
02:31:02.401 [JavaFX Application Thread] DEBUG FXGLAssetLoaderServi - Loading from file system: file:/C:/Users/josue/OneDrive/Desktop/proyecto%20java/Among%20Us/out/production/Among%20Us/assets/textures/negro_muerto.png
02:31:02.402 [JavaFX Application Thread] DEBUG FXGLAssetLoaderServi - Loading from file system: file:/C:/Users/josue/OneDrive/Desktop/proyecto%20java/Among%20Us/out/production/Among%20Us/assets/textures/animacion_negro.png
02:31:02.404 [JavaFX Application Thread] DEBUG FXGLAssetLoaderServi - Loading from file system: file:/C:/Users/josue/OneDrive/Desktop/proyecto%20java/Among%20Us/out/production/Among%20Us/assets/textures/alcantarilla_negro.png
02:31:02.404 [JavaFX Application Thread] DEBUG FXGLAssetLoaderServi - Loading from file system: file:/C:/Users/josue/OneDrive/Desktop/proyecto%20java/Among%20Us/out/production/Among%20Us/assets/textures/alcantarilla_negroE.png
02:31:02.418 [JavaFX Application Thread] DEBUG FXGLAssetLoaderServi - Loading from file system: file:/C:/Users/josue/OneDrive/Desktop/proyecto%20java/Among%20Us/out/production/Among%20Us/assets/textures/accionNegada.png
02:31:02.424 [JavaFX Application Thread] DEBUG FXGLAssetLoaderServi - Loading from file system: file:/C:/Users/josue/OneDrive/Desktop/proyecto%20java/Among%20Us/out/production/Among%20Us/assets/textures/matarNegado.png
02:31:02.432 [JavaFX Application Thread] DEBUG FXGLAssetLoaderServi - Loading from file system: file:/C:/Users/josue/OneDrive/Desktop/proyecto%20java/Among%20Us/out/production/Among%20Us/assets/textures/pantalla_impostor.png
02:31:09.133 [JavaFX Application Thread] DEBUG FXGLAssetLoaderServi - Loading from file system: file:/C:/Users/josue/OneDrive/Desktop/proyecto%20java/Among%20Us/out/production/Among%20Us/assets/textures/accion.png
02:31:10.826 [JavaFX Application Thread] DEBUG FXGLAssetLoaderServi - Loading from file system: file:/C:/Users/josue/OneDrive/Desktop/proyecto%20java/Among%20Us/out/production/Among%20Us/assets/textures/flechaRojaDer.png
02:31:10.833 [JavaFX Application Thread] DEBUG FXGLAssetLoaderServi - Loading from file system: file:/C:/Users/josue/OneDrive/Desktop/proyecto%20java/Among%20Us/out/production/Among%20Us/assets/textures/flechaRojaAbajo.png
02:31:18.099 [JavaFX Application Thread] DEBUG FXGLAssetLoaderServi - Loading from file system: file:/C:/Users/josue/OneDrive/Desktop/proyecto%20java/Among%20Us/out/production/Among%20Us/assets/textures/flechaRojaArriba.png
02:31:22.978 [JavaFX Application Thread] DEBUG FXGLAssetLoaderServi - Loading from file system: file:/C:/Users/josue/OneDrive/Desktop/proyecto%20java/Among%20Us/out/production/Among%20Us/assets/textures/flechaRojaIzq.png
02:43:52.392 [JavaFX Application Thread] DEBUG FXGLApplication      - Exiting FXGL
02:43:52.394 [JavaFX Application Thread] DEBUG LoopRunner           - Stopping loop
02:43:52.394 [JavaFX Application Thread] DEBUG SystemBundleService  - Saving FXGL system data
02:43:52.400 [JavaFX Application Thread] DEBUG FileSystemAccess     - Writing to: C:\Users\josue\OneDrive\Desktop\proyecto java\Among Us\system\fxgl.bundle
02:43:52.404 [JavaFX Application Thread] DEBUG Async                - Shutting down background threads
02:43:52.405 [JavaFX Application Thread] DEBUG PrimaryStageWindow   - Closing main window
02:43:52.440 [JavaFX Application Thread] DEBUG Logger               - Closing Logger
