12:11:15.344 [main                     ] DEBUG Logger               - Configured Logger
12:11:15.369 [main                     ] DEBUG GameApplication      - Logging settings
Title: Among Us UNEG
Version: 0.0
Width: 800
Height: 600
Fullscreen: false
Intro: false
Profiling: false
Single step:false
App Mode: DEVELOPER
Menu Key: ESCAPE
Stage Style: DECORATED
Scene Factory: class com.almasb.fxgl.app.scene.SceneFactory

12:11:16.174 [JavaFX Application Thread] DEBUG FXGLApplication      - Initializing FXGL
12:11:16.181 [JavaFX Application Thread] INFO  Engine               - FXGL-21.1 (26.03.2024 17.33) on WINDOWS (J:25.0.2 FX:21.0.1)
12:11:16.182 [JavaFX Application Thread] DEBUG Engine               - JRE Vendor Name: Oracle Corporation
12:11:16.182 [JavaFX Application Thread] DEBUG Engine               - Running on OS: Windows 11 version 10.0
12:11:16.182 [JavaFX Application Thread] DEBUG Engine               - Architecture: amd64
12:11:16.182 [JavaFX Application Thread] INFO  Engine               - Source code and latest versions at: https://github.com/AlmasB/FXGL
12:11:16.182 [JavaFX Application Thread] INFO  Engine               -       Ask questions and discuss at: https://github.com/AlmasB/FXGL/discussions
12:11:16.182 [JavaFX Application Thread] INFO  Engine               -              Join the FXGL chat at: https://gitter.im/AlmasB/FXGL
12:11:16.382 [JavaFX Application Thread] DEBUG PrimaryStageWindow   - Creating a JavaFX scene
12:11:16.522 [JavaFX Application Thread] DEBUG PrimaryStageWindow   - Target settings size: 800.0 x 600.0
12:11:16.522 [JavaFX Application Thread] DEBUG PrimaryStageWindow   - Scaled scene size:    800.0 x 600.0
12:11:16.523 [JavaFX Application Thread] DEBUG PrimaryStageWindow   - Scaled ratio: (1.0, 1.0)
12:11:16.524 [JavaFX Application Thread] DEBUG PrimaryStageWindow   - Set initial scene to FXGLStartupScene
12:11:16.531 [JavaFX Application Thread] DEBUG PrimaryStageWindow   - Opening main window
12:11:16.722 [JavaFX Application Thread] DEBUG PrimaryStageWindow   - Window border size: (16.0, 39.0)
12:11:16.722 [JavaFX Application Thread] DEBUG PrimaryStageWindow   - Scaled size: 800.0 x 600.0
12:11:16.722 [JavaFX Application Thread] DEBUG PrimaryStageWindow   - Scaled ratio: (1.0, 1.0)
12:11:16.723 [JavaFX Application Thread] DEBUG PrimaryStageWindow   - Scene size: 800.0 x 600.0
12:11:16.723 [JavaFX Application Thread] DEBUG PrimaryStageWindow   - Stage size: 816.0 x 639.0
12:11:16.749 [FXGL Background Thread 1 ] DEBUG Engine               - Initializing environment variables
12:11:16.947 [FXGL Background Thread 1 ] DEBUG FXGLAssetLoaderServi - User app class for loading assets: class main.java.amongUs.AppPrincipal
12:11:16.947 [FXGL Background Thread 1 ] DEBUG GameApplicationServi - Applying CSS: fxgl_dark.css
12:11:16.948 [FXGL Background Thread 1 ] DEBUG FXGLAssetLoaderServi - Loading from file system: jar:file:/C:/Users/josue/OneDrive/Desktop/proyecto%20java/Among%20Us/lib/fxgl-21.1-uber.jar!/fxglassets/ui/css/fxgl_dark.css
12:11:17.184 [FXGL Background Thread 1 ] DEBUG GameApplicationServi - Initializing application scenes
12:11:17.487 [FXGL Background Thread 1 ] DEBUG GameWorld            - Game world initialized
12:11:17.557 [FXGL Background Thread 1 ] DEBUG PhysicsWorld         - Physics world initialized: appHeight=600, physics.ppm=50,0
12:11:17.557 [FXGL Background Thread 1 ] DEBUG PhysicsWorld         - Using strategy: BRUTE_FORCE
12:11:17.563 [FXGL Background Thread 1 ] DEBUG GameScene            - Game scene initialized: 800x600
12:11:17.581 [FXGL Background Thread 1 ] DEBUG FXGL.DefaultMenu     - createMenuBodyGameMenu()
12:11:17.609 [FXGL Background Thread 1 ] DEBUG FXGL.DefaultMenu     - createOptionsMenu()
12:11:17.628 [FXGL Background Thread 1 ] DEBUG FXGLAssetLoaderServi - Loading from file system: jar:file:/C:/Users/josue/OneDrive/Desktop/proyecto%20java/Among%20Us/lib/fxgl-21.1-uber.jar!/fxglassets/textures/particles/smoke.png
12:11:17.810 [FXGL Background Thread 1 ] DEBUG FXGLAssetLoaderServi - Loading from file system: jar:file:/C:/Users/josue/OneDrive/Desktop/proyecto%20java/Among%20Us/lib/fxgl-21.1-uber.jar!/fxglassets/textures/particles/trace_horizontal.png
12:11:17.870 [FXGL Background Thread 1 ] DEBUG GameApplicationServi - Application scenes initialized
12:11:17.896 [FXGL Background Thread 1 ] DEBUG SystemBundleService  - Loading FXGL system data
12:11:17.903 [FXGL Background Thread 1 ] DEBUG FileSystemAccess     - Reading from: C:\Users\josue\OneDrive\Desktop\proyecto java\Among Us\system\fxgl.bundle
12:11:17.917 [FXGL Background Thread 1 ] DEBUG SystemBundleService  - Bundle FXGL: {}
12:11:17.917 [FXGL Background Thread 1 ] DEBUG UpdaterService       - Checking for updates
12:11:17.932 [FXGL Background Thread 1 ] DEBUG FXGLApplication      - Loading default localization
12:11:17.936 [FXGL Background Thread 1 ] DEBUG FXGLAssetLoaderServi - Loading from file system: jar:file:/C:/Users/josue/OneDrive/Desktop/proyecto%20java/Among%20Us/lib/fxgl-21.1-uber.jar!/fxglassets/languages/english.lang
12:11:17.968 [FXGL Background Thread 1 ] INFO  FXGLApplication      - FXGL initialization took: 1,219 sec
12:11:17.982 [JavaFX Application Thread] DEBUG Input                - Registered new binding: Mover Arriba - W
12:11:17.982 [JavaFX Application Thread] DEBUG Input                - Registered new binding: Mover Abajo - S
12:11:17.983 [JavaFX Application Thread] DEBUG Input                - Registered new binding: Mover Izquierda - A
12:11:17.983 [JavaFX Application Thread] DEBUG Input                - Registered new binding: Mover Derecha - D
12:11:17.983 [JavaFX Application Thread] DEBUG Input                - Registered new binding: Abrir Camaras - C
12:11:17.983 [JavaFX Application Thread] DEBUG Input                - Registered new binding: Usar Alcantarilla - Space
12:11:17.983 [JavaFX Application Thread] DEBUG Input                - Registered new binding: Vent Izquierda - Left
12:11:17.983 [JavaFX Application Thread] DEBUG Input                - Registered new binding: Vent Derecha - Right
12:11:17.983 [JavaFX Application Thread] DEBUG Input                - Registered new binding: Vent Arriba - Up
12:11:17.984 [JavaFX Application Thread] DEBUG Input                - Registered new binding: Vent Abajo - Down
12:11:17.984 [JavaFX Application Thread] DEBUG Input                - Registered new binding: Matar Jugador - Q
12:11:17.984 [JavaFX Application Thread] DEBUG Input                - Registered new binding: Reportar Cadaver - R
12:11:17.984 [JavaFX Application Thread] DEBUG FXGLAssetLoaderServi - Loading from file system: file:/C:/Users/josue/OneDrive/Desktop/proyecto%20java/Among%20Us/out/production/Among%20Us/assets/textures/icono.png
12:11:18.065 [FXGL Background Thread 4 ] DEBUG FXGLApplication      - Loading fonts
12:11:18.066 [FXGL Background Thread 4 ] DEBUG FXGLAssetLoaderServi - Loading from file system: jar:file:/C:/Users/josue/OneDrive/Desktop/proyecto%20java/Among%20Us/lib/fxgl-21.1-uber.jar!/fxglassets/ui/fonts/VarelaRound-Regular.ttf
12:11:18.119 [JavaFX Application Thread] DEBUG FXGLAssetLoaderServi - Loading from file system: jar:file:/C:/Users/josue/OneDrive/Desktop/proyecto%20java/Among%20Us/lib/fxgl-21.1-uber.jar!/fxglassets/textures/fxgl_default_cursor.png
12:11:18.122 [JavaFX Application Thread] DEBUG Input                - Registered new binding: Screenshot - CTRL+8
12:11:18.128 [JavaFX Application Thread] DEBUG Input                - Registered new binding: System info dump - CTRL+9
12:11:18.129 [JavaFX Application Thread] DEBUG Input                - Registered new binding: Restart - CTRL+R
12:11:18.133 [JavaFX Application Thread] DEBUG Input                - Registered new binding: Toggle Debug Camera - CTRL+7
12:11:18.152 [JavaFX Application Thread] DEBUG LoopRunner           - Starting loop
12:11:18.156 [JavaFX Application Thread] DEBUG LoopRunner           - Initializing JavaFX AnimationTimerLoop
12:11:18.161 [JavaFX Application Thread] DEBUG GameApplicationServi - Starting new game
12:11:18.161 [JavaFX Application Thread] DEBUG Input                - Clearing active input actions
12:11:18.571 [JavaFX Application Thread] DEBUG GameApplicationServi - Removing overlay from FXGLStartupScene and adding to FXGLLoadingScene
12:11:18.571 [JavaFX Application Thread] DEBUG PrimaryStageWindow   - FXGLStartupScene -> FXGLLoadingScene
12:11:18.572 [JavaFX Application Thread] DEBUG GameApplicationServi - Clearing previous game
12:11:18.572 [JavaFX Application Thread] DEBUG GameScene            - Clearing game scene
12:11:18.572 [JavaFX Application Thread] DEBUG GameWorld            - Clearing game world
12:11:18.572 [JavaFX Application Thread] DEBUG PhysicsWorld         - Clearing physics world
12:11:18.575 [FXGL Background Thread 1 ] DEBUG FXGLApplication      - Initializing game
12:11:18.609 [FXGL Background Thread 1 ] DEBUG FXGLAssetLoaderServi - Loading from file system: file:/C:/Users/josue/OneDrive/Desktop/proyecto%20java/Among%20Us/out/production/Among%20Us/assets/music/musicaMenu.mp3
12:11:18.765 [FXGL Background Thread 4 ] DEBUG FXGLAssetLoaderServi - Loading from file system: jar:file:/C:/Users/josue/OneDrive/Desktop/proyecto%20java/Among%20Us/lib/fxgl-21.1-uber.jar!/fxglassets/ui/fonts/Abel-Regular.ttf
12:11:18.777 [FXGL Background Thread 4 ] DEBUG FXGLAssetLoaderServi - Loading from file system: jar:file:/C:/Users/josue/OneDrive/Desktop/proyecto%20java/Among%20Us/lib/fxgl-21.1-uber.jar!/fxglassets/ui/fonts/TerminalLandMono-Regular.otf
12:11:18.791 [FXGL Background Thread 4 ] DEBUG FXGLAssetLoaderServi - Loading from file system: jar:file:/C:/Users/josue/OneDrive/Desktop/proyecto%20java/Among%20Us/lib/fxgl-21.1-uber.jar!/fxglassets/ui/fonts/Courier-Prime.ttf
12:11:19.876 [JavaFX Application Thread] DEBUG FXGLApplication      - Registering font factories with UI factory
12:11:20.074 [FXGL Background Thread 1 ] DEBUG AudioPlayer          - Playing music com.almasb.fxgl.audio.Music@22da0bc3
12:11:21.492 [FXGL Background Thread 3 ] DEBUG Engine               - Logging environment variables
12:11:21.493 [FXGL Background Thread 3 ] DEBUG Engine               - achievements: []
12:11:21.493 [FXGL Background Thread 3 ] DEBUG Engine               - actualHeight: 600.0
12:11:21.493 [FXGL Background Thread 3 ] DEBUG Engine               - actualHeightProperty: ReadOnlyDoubleProperty [value: 600.0]
12:11:21.496 [FXGL Background Thread 3 ] DEBUG Engine               - actualWidth: 800.0
12:11:21.496 [FXGL Background Thread 3 ] DEBUG Engine               - actualWidthProperty: ReadOnlyDoubleProperty [value: 800.0]
12:11:21.498 [FXGL Background Thread 3 ] DEBUG Engine               - appIcon: icono.png
12:11:21.609 [FXGL Background Thread 3 ] DEBUG Engine               - applicationMode: DEVELOPER
12:11:21.609 [FXGL Background Thread 3 ] DEBUG Engine               - cSSList: [fxgl_dark.css]
12:11:21.631 [FXGL Background Thread 3 ] DEBUG Engine               - collisionDetectionStrategy: BRUTE_FORCE
12:11:21.631 [FXGL Background Thread 3 ] DEBUG Engine               - configClass: Optional.empty
12:11:21.631 [FXGL Background Thread 3 ] DEBUG Engine               - credits: []
12:11:21.631 [FXGL Background Thread 3 ] DEBUG Engine               - defaultCursor: CursorInfo(imageName=fxgl_default_cursor.png, hotspotX=7.0, hotspotY=6.0)
12:11:21.631 [FXGL Background Thread 3 ] DEBUG Engine               - devBBoxColorProperty: ObjectProperty [value: 0xff0000ff]
12:11:21.639 [FXGL Background Thread 3 ] DEBUG Engine               - devEnableDebugCameraProperty: BooleanProperty [value: false]
12:11:21.679 [FXGL Background Thread 3 ] DEBUG Engine               - devSensorColorProperty: ObjectProperty [value: 0xffff00ff]
12:11:21.679 [FXGL Background Thread 3 ] DEBUG Engine               - devShowBBoxProperty: BooleanProperty [value: false]
12:11:21.679 [FXGL Background Thread 3 ] DEBUG Engine               - devShowPositionProperty: BooleanProperty [value: false]
12:11:21.688 [FXGL Background Thread 3 ] DEBUG Engine               - enabledMenuItems: []
12:11:21.692 [FXGL Background Thread 3 ] DEBUG Engine               - engineServices: [class com.almasb.fxgl.app.services.FXGLAssetLoaderService, class com.almasb.fxgl.app.FXGLApplication$GameApplicationService, class com.almasb.fxgl.app.services.FXGLDialogService, class com.almasb.fxgl.app.services.IOTaskExecutorService, class com.almasb.fxgl.io.FileSystemService, class com.almasb.fxgl.localization.LocalizationService, class com.almasb.fxgl.app.services.SystemBundleService, class com.almasb.fxgl.profile.SaveLoadService, class com.almasb.fxgl.ui.FXGLUIFactoryServiceProvider, class com.almasb.fxgl.ui.FXGLDialogFactoryServiceProvider, class com.almasb.fxgl.audio.AudioPlayer, class com.almasb.fxgl.notification.impl.NotificationServiceProvider, class com.almasb.fxgl.achievement.AchievementService, class com.almasb.fxgl.cutscene.CutsceneService, class com.almasb.fxgl.minigames.MiniGameService, class com.almasb.fxgl.net.NetService, class com.almasb.fxgl.app.services.UpdaterService, class com.almasb.fxgl.dev.DevService]
12:11:21.694 [FXGL Background Thread 3 ] DEBUG Engine               - fontGame: Abel-Regular.ttf
12:11:21.695 [FXGL Background Thread 3 ] DEBUG Engine               - fontMono: TerminalLandMono-Regular.otf
12:11:21.696 [FXGL Background Thread 3 ] DEBUG Engine               - fontSizeScaleUI: 1.0
12:11:21.696 [FXGL Background Thread 3 ] DEBUG Engine               - fontText: Courier-Prime.ttf
12:11:21.696 [FXGL Background Thread 3 ] DEBUG Engine               - fontUI: VarelaRound-Regular.ttf
12:11:21.697 [FXGL Background Thread 3 ] DEBUG Engine               - fullScreen: BooleanProperty [value: false]
12:11:21.697 [FXGL Background Thread 3 ] DEBUG Engine               - gameDifficulty: MEDIUM
12:11:21.698 [FXGL Background Thread 3 ] DEBUG Engine               - gameDifficultyProperty: ObjectProperty [value: MEDIUM]
12:11:21.698 [FXGL Background Thread 3 ] DEBUG Engine               - globalMusicVolume: 0.5
12:11:21.698 [FXGL Background Thread 3 ] DEBUG Engine               - globalMusicVolumeProperty: DoubleProperty [value: 0.4]
12:11:21.702 [FXGL Background Thread 3 ] DEBUG Engine               - globalSoundVolume: 0.5
12:11:21.702 [FXGL Background Thread 3 ] DEBUG Engine               - globalSoundVolumeProperty: DoubleProperty [value: 0.5]
12:11:21.702 [FXGL Background Thread 3 ] DEBUG Engine               - height: 600
12:11:21.702 [FXGL Background Thread 3 ] DEBUG Engine               - is3D: false
12:11:21.702 [FXGL Background Thread 3 ] DEBUG Engine               - isAndroid: false
12:11:21.702 [FXGL Background Thread 3 ] DEBUG Engine               - isBrowser: false
12:11:21.703 [FXGL Background Thread 3 ] DEBUG Engine               - isClickFeedbackEnabled: false
12:11:21.703 [FXGL Background Thread 3 ] DEBUG Engine               - isCloseConfirmation: false
12:11:21.708 [FXGL Background Thread 3 ] DEBUG Engine               - isDesktop: true
12:11:21.717 [FXGL Background Thread 3 ] DEBUG Engine               - isDeveloperMenuEnabled: false
12:11:21.727 [FXGL Background Thread 3 ] DEBUG Engine               - isEmbedded: false
12:11:21.727 [FXGL Background Thread 3 ] DEBUG Engine               - isEntityPreloadEnabled: true
12:11:21.728 [FXGL Background Thread 3 ] DEBUG Engine               - isExperimentalTiledLargeMap: false
12:11:21.729 [FXGL Background Thread 3 ] DEBUG Engine               - isFileSystemWriteAllowed: true
12:11:21.729 [FXGL Background Thread 3 ] DEBUG Engine               - isFullScreenAllowed: false
12:11:21.729 [FXGL Background Thread 3 ] DEBUG Engine               - isFullScreenFromStart: false
12:11:21.731 [FXGL Background Thread 3 ] DEBUG Engine               - isGameMenuEnabled: true
12:11:21.733 [FXGL Background Thread 3 ] DEBUG Engine               - isIOS: false
12:11:21.733 [FXGL Background Thread 3 ] DEBUG Engine               - isIntroEnabled: false
12:11:21.735 [FXGL Background Thread 3 ] DEBUG Engine               - isLinux: false
12:11:21.735 [FXGL Background Thread 3 ] DEBUG Engine               - isMac: false
12:11:21.735 [FXGL Background Thread 3 ] DEBUG Engine               - isMainMenuEnabled: false
12:11:21.735 [FXGL Background Thread 3 ] DEBUG Engine               - isManualResizeEnabled: false
12:11:21.735 [FXGL Background Thread 3 ] DEBUG Engine               - isMobile: false
12:11:21.735 [FXGL Background Thread 3 ] DEBUG Engine               - isNative: false
12:11:21.735 [FXGL Background Thread 3 ] DEBUG Engine               - isPauseMusicWhenMinimized: true
12:11:21.735 [FXGL Background Thread 3 ] DEBUG Engine               - isPreserveResizeRatio: false
12:11:21.735 [FXGL Background Thread 3 ] DEBUG Engine               - isProfilingEnabled: false
12:11:21.735 [FXGL Background Thread 3 ] DEBUG Engine               - isScaleAffectedOnResize: true
12:11:21.735 [FXGL Background Thread 3 ] DEBUG Engine               - isSingleStep: false
12:11:21.735 [FXGL Background Thread 3 ] DEBUG Engine               - isUserProfileEnabled: false
12:11:21.735 [FXGL Background Thread 3 ] DEBUG Engine               - isWindows: true
12:11:21.735 [FXGL Background Thread 3 ] DEBUG Engine               - language: ObjectProperty [value: ENGLISH]
12:11:21.736 [FXGL Background Thread 3 ] DEBUG Engine               - menuKey: ESCAPE
12:11:21.736 [FXGL Background Thread 3 ] DEBUG Engine               - mouseSensitivity: 0.2
12:11:21.736 [FXGL Background Thread 3 ] DEBUG Engine               - notificationViewClass: class com.almasb.fxgl.notification.view.XboxNotificationView
12:11:21.736 [FXGL Background Thread 3 ] DEBUG Engine               - pixelsPerMeter: 50.0
12:11:21.736 [FXGL Background Thread 3 ] DEBUG Engine               - platform: WINDOWS
12:11:21.736 [FXGL Background Thread 3 ] DEBUG Engine               - prefHeightProperty: ReadOnlyDoubleProperty [value: 600.0]
12:11:21.736 [FXGL Background Thread 3 ] DEBUG Engine               - prefWidthProperty: ReadOnlyDoubleProperty [value: 800.0]
12:11:21.736 [FXGL Background Thread 3 ] DEBUG Engine               - profileDir: profiles/
12:11:21.736 [FXGL Background Thread 3 ] DEBUG Engine               - profileName: StringProperty [value: DEFAULT]
12:11:21.736 [FXGL Background Thread 3 ] DEBUG Engine               - randomSeed: -1
12:11:21.736 [FXGL Background Thread 3 ] DEBUG Engine               - runtimeInfo: RuntimeInfo(platform=WINDOWS, version=21.1, build=26.03.2024 17.33)
12:11:21.736 [FXGL Background Thread 3 ] DEBUG Engine               - saveFileExt: sav
12:11:21.736 [FXGL Background Thread 3 ] DEBUG Engine               - scaledHeightProp$fxgl: DoubleProperty [bound, value: 600.0]
12:11:21.736 [FXGL Background Thread 3 ] DEBUG Engine               - scaledWidthProp$fxgl: DoubleProperty [bound, value: 800.0]
12:11:21.737 [FXGL Background Thread 3 ] DEBUG Engine               - sceneFactory: com.almasb.fxgl.app.scene.SceneFactory@5e609a86
12:11:21.737 [FXGL Background Thread 3 ] DEBUG Engine               - secondsIn24h: 60
12:11:21.737 [FXGL Background Thread 3 ] DEBUG Engine               - soundMenuBack: menu/back.wav
12:11:21.737 [FXGL Background Thread 3 ] DEBUG Engine               - soundMenuPress: menu/press.wav
12:11:21.737 [FXGL Background Thread 3 ] DEBUG Engine               - soundMenuSelect: menu/select.wav
12:11:21.737 [FXGL Background Thread 3 ] DEBUG Engine               - soundNotification: core/notification.wav
12:11:21.737 [FXGL Background Thread 3 ] DEBUG Engine               - stageStyle: DECORATED
12:11:21.737 [FXGL Background Thread 3 ] DEBUG Engine               - supportedLanguages: [ENGLISH, FRENCH, GERMAN, HUNGARIAN, RUSSIAN]
12:11:21.737 [FXGL Background Thread 3 ] DEBUG Engine               - ticksPerSecond: -1
12:11:21.737 [FXGL Background Thread 3 ] DEBUG Engine               - title: Among Us UNEG
12:11:21.737 [FXGL Background Thread 3 ] DEBUG Engine               - urlGithub: https://github.com/AlmasB/FXGL
12:11:21.737 [FXGL Background Thread 3 ] DEBUG Engine               - urlLeaderboard: http://fxgl-top.herokuapp.com/
12:11:21.737 [FXGL Background Thread 3 ] DEBUG Engine               - urlPOM: https://raw.githubusercontent.com/AlmasB/FXGL/release/README.md
12:11:21.737 [FXGL Background Thread 3 ] DEBUG Engine               - userAppClass: class main.java.amongUs.AppPrincipal
12:11:21.738 [FXGL Background Thread 3 ] DEBUG Engine               - version: 0.0
12:11:21.738 [FXGL Background Thread 3 ] DEBUG Engine               - versionCheckDays: 7
12:11:21.738 [FXGL Background Thread 3 ] DEBUG Engine               - width: 800
12:11:21.738 [FXGL Background Thread 3 ] DEBUG Engine               - Logging services
12:11:21.738 [FXGL Background Thread 3 ] DEBUG Engine               - class com.almasb.fxgl.app.services.FXGLAssetLoaderService
12:11:21.738 [FXGL Background Thread 3 ] DEBUG Engine               - class com.almasb.fxgl.app.FXGLApplication$GameApplicationService
12:11:21.738 [FXGL Background Thread 3 ] DEBUG Engine               - class com.almasb.fxgl.app.services.FXGLDialogService
12:11:21.738 [FXGL Background Thread 3 ] DEBUG Engine               - class com.almasb.fxgl.app.services.IOTaskExecutorService
12:11:21.738 [FXGL Background Thread 3 ] DEBUG Engine               - class com.almasb.fxgl.io.FileSystemService
12:11:21.738 [FXGL Background Thread 3 ] DEBUG Engine               - class com.almasb.fxgl.localization.LocalizationService
12:11:21.738 [FXGL Background Thread 3 ] DEBUG Engine               - class com.almasb.fxgl.app.services.SystemBundleService
12:11:21.739 [FXGL Background Thread 3 ] DEBUG Engine               - class com.almasb.fxgl.profile.SaveLoadService
12:11:21.739 [FXGL Background Thread 3 ] DEBUG Engine               - class com.almasb.fxgl.ui.FXGLUIFactoryServiceProvider
12:11:21.739 [FXGL Background Thread 3 ] DEBUG Engine               - class com.almasb.fxgl.ui.FXGLDialogFactoryServiceProvider
12:11:21.739 [FXGL Background Thread 3 ] DEBUG Engine               - class com.almasb.fxgl.audio.AudioPlayer
12:11:21.739 [FXGL Background Thread 3 ] DEBUG Engine               - class com.almasb.fxgl.notification.impl.NotificationServiceProvider
12:11:21.739 [FXGL Background Thread 3 ] DEBUG Engine               - class com.almasb.fxgl.achievement.AchievementService
12:11:21.739 [FXGL Background Thread 3 ] DEBUG Engine               - class com.almasb.fxgl.cutscene.CutsceneService
12:11:21.739 [FXGL Background Thread 3 ] DEBUG Engine               - class com.almasb.fxgl.minigames.MiniGameService
12:11:21.739 [FXGL Background Thread 3 ] DEBUG Engine               - class com.almasb.fxgl.net.NetService
12:11:21.739 [FXGL Background Thread 3 ] DEBUG Engine               - class com.almasb.fxgl.app.services.UpdaterService
12:11:21.739 [FXGL Background Thread 3 ] DEBUG Engine               - class com.almasb.fxgl.dev.DevService
12:11:21.787 [FXGL Background Thread 2 ] INFO  UpdaterService       - Your current version:  21.1
12:11:21.787 [FXGL Background Thread 2 ] INFO  UpdaterService       - Latest stable version: 25
12:11:22.134 [FXGL Background Thread 1 ] INFO  FXGLApplication      - Game initialization took: 3,560 sec
12:11:22.147 [JavaFX Application Thread] DEBUG Input                - Clearing active input actions
12:11:22.170 [JavaFX Application Thread] DEBUG GameApplicationServi - Removing overlay from FXGLLoadingScene and adding to GameScene
12:11:22.172 [JavaFX Application Thread] DEBUG PrimaryStageWindow   - FXGLLoadingScene -> GameScene
12:11:23.605 [JavaFX Application Thread] DEBUG FXGLAssetLoaderServi - Loading from file system: file:/C:/Users/josue/OneDrive/Desktop/proyecto%20java/Among%20Us/out/production/Among%20Us/assets/sounds/clickBoton.wav
12:11:32.338 [JavaFX Application Thread] DEBUG FXGLAssetLoaderServi - Loading from file system: file:/C:/Users/josue/OneDrive/Desktop/proyecto%20java/Among%20Us/out/production/Among%20Us/assets/textures/tripulante_blanco.png
12:11:32.339 [JavaFX Application Thread] DEBUG FXGLAssetLoaderServi - Loading from file system: file:/C:/Users/josue/OneDrive/Desktop/proyecto%20java/Among%20Us/out/production/Among%20Us/assets/textures/tripulante_negro.png
12:11:32.772 [JavaFX Application Thread] WARN  TMXLevelLoader       - TiledMap generated from 1.11.2. Supported version: 1.9.0. Some features may not be parsed fully.
12:11:33.201 [JavaFX Application Thread] DEBUG TMXLevelLoader       - Parsed TiledMap: file:/C:/Users/josue/OneDrive/Desktop/proyecto%20java/Among%20Us/out/production/Among%20Us/assets/levels/mapa2.tmx
12:11:33.222 [JavaFX Application Thread] DEBUG TMXLevelLoader       - Creating tile layer entities
12:11:33.226 [JavaFX Application Thread] DEBUG TilesetLoader        - Loading view for layer fondo1
12:11:33.227 [JavaFX Application Thread] DEBUG TilesetLoader        - Created buffer with size 992.0x960.0
12:11:33.407 [JavaFX Application Thread] DEBUG TilesetLoader        - Loading view for layer fondo
12:11:33.407 [JavaFX Application Thread] DEBUG TilesetLoader        - Created buffer with size 992.0x960.0
12:11:33.414 [JavaFX Application Thread] DEBUG TilesetLoader        - Loading view for layer piso
12:11:33.414 [JavaFX Application Thread] DEBUG TilesetLoader        - Created buffer with size 992.0x960.0
12:11:33.422 [JavaFX Application Thread] DEBUG TilesetLoader        - Loading view for layer piso1
12:11:33.424 [JavaFX Application Thread] DEBUG TilesetLoader        - Created buffer with size 992.0x960.0
12:11:33.616 [JavaFX Application Thread] DEBUG TilesetLoader        - Loading view for layer izquierda
12:11:33.617 [JavaFX Application Thread] DEBUG TilesetLoader        - Created buffer with size 992.0x960.0
12:11:33.633 [JavaFX Application Thread] DEBUG TilesetLoader        - Loading view for layer detallesatraspared
12:11:33.636 [JavaFX Application Thread] DEBUG TilesetLoader        - Created buffer with size 992.0x960.0
12:11:33.721 [JavaFX Application Thread] DEBUG TilesetLoader        - Loading view for layer pared2
12:11:33.722 [JavaFX Application Thread] DEBUG TilesetLoader        - Created buffer with size 992.0x960.0
12:11:33.740 [JavaFX Application Thread] DEBUG TilesetLoader        - Loading view for layer techo1
12:11:33.742 [JavaFX Application Thread] DEBUG TilesetLoader        - Created buffer with size 992.0x960.0
12:11:33.748 [JavaFX Application Thread] DEBUG TilesetLoader        - Loading view for layer techo2
12:11:33.749 [JavaFX Application Thread] DEBUG TilesetLoader        - Created buffer with size 992.0x960.0
12:11:33.754 [JavaFX Application Thread] DEBUG TilesetLoader        - Loading view for layer puertita
12:11:33.755 [JavaFX Application Thread] DEBUG TilesetLoader        - Created buffer with size 992.0x960.0
12:11:33.756 [JavaFX Application Thread] DEBUG TilesetLoader        - Loading view for layer puerta
12:11:33.757 [JavaFX Application Thread] DEBUG TilesetLoader        - Created buffer with size 992.0x960.0
12:11:33.759 [JavaFX Application Thread] DEBUG TilesetLoader        - Loading view for layer detalles
12:11:33.760 [JavaFX Application Thread] DEBUG TilesetLoader        - Created buffer with size 992.0x960.0
12:11:33.790 [JavaFX Application Thread] DEBUG TilesetLoader        - Loading view for layer detalles 2
12:11:33.791 [JavaFX Application Thread] DEBUG TilesetLoader        - Created buffer with size 992.0x960.0
12:11:33.815 [JavaFX Application Thread] DEBUG TilesetLoader        - Loading view for layer detalles3
12:11:33.817 [JavaFX Application Thread] DEBUG TilesetLoader        - Created buffer with size 992.0x960.0
12:11:33.881 [JavaFX Application Thread] DEBUG TilesetLoader        - Loading view for layer grieta
12:11:33.882 [JavaFX Application Thread] DEBUG TilesetLoader        - Created buffer with size 992.0x960.0
12:11:33.884 [JavaFX Application Thread] DEBUG TilesetLoader        - Loading view for layer camaras
12:11:33.884 [JavaFX Application Thread] DEBUG TilesetLoader        - Created buffer with size 992.0x960.0
12:11:33.887 [JavaFX Application Thread] DEBUG TilesetLoader        - Loading view for layer Techo
12:11:33.888 [JavaFX Application Thread] DEBUG TilesetLoader        - Created buffer with size 992.0x960.0
12:11:33.893 [JavaFX Application Thread] DEBUG TMXLevelLoader       - Creating object layer entities
12:11:34.023 [JavaFX Application Thread] DEBUG GameWorld            - Clearing removable entities
12:11:34.024 [JavaFX Application Thread] DEBUG GameWorld            - Setting level: com.almasb.fxgl.entity.level.Level@1375a370
12:11:34.104 [JavaFX Application Thread] DEBUG FXGLAssetLoaderServi - Loading from file system: file:/C:/Users/josue/OneDrive/Desktop/proyecto%20java/Among%20Us/out/production/Among%20Us/assets/textures/MonitorDeCamaras.png
12:11:34.122 [JavaFX Application Thread] DEBUG FXGLAssetLoaderServi - Loading from file system: file:/C:/Users/josue/OneDrive/Desktop/proyecto%20java/Among%20Us/out/production/Among%20Us/assets/textures/flechaAmarillaIzq.png
12:11:34.124 [JavaFX Application Thread] DEBUG FXGLAssetLoaderServi - Loading from file system: file:/C:/Users/josue/OneDrive/Desktop/proyecto%20java/Among%20Us/out/production/Among%20Us/assets/textures/flechaAmarillaDer.png
12:11:34.136 [JavaFX Application Thread] DEBUG FXGLAssetLoaderServi - Loading from file system: file:/C:/Users/josue/OneDrive/Desktop/proyecto%20java/Among%20Us/out/production/Among%20Us/assets/textures/animacion_fantasma.png
12:11:34.137 [JavaFX Application Thread] DEBUG FXGLAssetLoaderServi - Loading from file system: file:/C:/Users/josue/OneDrive/Desktop/proyecto%20java/Among%20Us/out/production/Among%20Us/assets/textures/blanco_muerto.png
12:11:34.137 [JavaFX Application Thread] DEBUG FXGLAssetLoaderServi - Loading from file system: file:/C:/Users/josue/OneDrive/Desktop/proyecto%20java/Among%20Us/out/production/Among%20Us/assets/textures/animacion_blanco.png
12:11:34.139 [JavaFX Application Thread] DEBUG FXGLAssetLoaderServi - Loading from file system: file:/C:/Users/josue/OneDrive/Desktop/proyecto%20java/Among%20Us/out/production/Among%20Us/assets/textures/alcantarilla_blanco.png
12:11:34.140 [JavaFX Application Thread] DEBUG FXGLAssetLoaderServi - Loading from file system: file:/C:/Users/josue/OneDrive/Desktop/proyecto%20java/Among%20Us/out/production/Among%20Us/assets/textures/alcantarilla_blancoE.png
12:11:34.152 [JavaFX Application Thread] DEBUG FXGLAssetLoaderServi - Loading from file system: file:/C:/Users/josue/OneDrive/Desktop/proyecto%20java/Among%20Us/out/production/Among%20Us/assets/textures/negro_muerto.png
12:11:34.158 [JavaFX Application Thread] DEBUG FXGLAssetLoaderServi - Loading from file system: file:/C:/Users/josue/OneDrive/Desktop/proyecto%20java/Among%20Us/out/production/Among%20Us/assets/textures/animacion_negro.png
12:11:34.159 [JavaFX Application Thread] DEBUG FXGLAssetLoaderServi - Loading from file system: file:/C:/Users/josue/OneDrive/Desktop/proyecto%20java/Among%20Us/out/production/Among%20Us/assets/textures/alcantarilla_negro.png
12:11:34.160 [JavaFX Application Thread] DEBUG FXGLAssetLoaderServi - Loading from file system: file:/C:/Users/josue/OneDrive/Desktop/proyecto%20java/Among%20Us/out/production/Among%20Us/assets/textures/alcantarilla_negroE.png
12:11:34.167 [JavaFX Application Thread] DEBUG FXGLAssetLoaderServi - Loading from file system: file:/C:/Users/josue/OneDrive/Desktop/proyecto%20java/Among%20Us/out/production/Among%20Us/assets/textures/accionNegada.png
12:11:34.186 [JavaFX Application Thread] DEBUG FXGLAssetLoaderServi - Loading from file system: file:/C:/Users/josue/OneDrive/Desktop/proyecto%20java/Among%20Us/out/production/Among%20Us/assets/textures/reportarNegado.png
12:11:34.215 [JavaFX Application Thread] DEBUG FXGLAssetLoaderServi - Loading from file system: file:/C:/Users/josue/OneDrive/Desktop/proyecto%20java/Among%20Us/out/production/Among%20Us/assets/textures/matarNegado.png
12:11:34.256 [JavaFX Application Thread] DEBUG FXGLAssetLoaderServi - Loading from file system: file:/C:/Users/josue/OneDrive/Desktop/proyecto%20java/Among%20Us/out/production/Among%20Us/assets/textures/sabotaje.png
12:11:34.276 [JavaFX Application Thread] DEBUG FXGLAssetLoaderServi - Loading from file system: file:/C:/Users/josue/OneDrive/Desktop/proyecto%20java/Among%20Us/out/production/Among%20Us/assets/textures/pantalla_impostor.png
12:11:41.167 [JavaFX Application Thread] DEBUG FXGLAssetLoaderServi - Loading from file system: file:/C:/Users/josue/OneDrive/Desktop/proyecto%20java/Among%20Us/out/production/Among%20Us/assets/textures/reunion.png
12:11:45.460 [JavaFX Application Thread] DEBUG FXGLAssetLoaderServi - Loading from file system: file:/C:/Users/josue/OneDrive/Desktop/proyecto%20java/Among%20Us/out/production/Among%20Us/assets/textures/botonVotar.png
12:11:59.274 [JavaFX Application Thread] DEBUG FXGLAssetLoaderServi - Loading from file system: file:/C:/Users/josue/OneDrive/Desktop/proyecto%20java/Among%20Us/out/production/Among%20Us/assets/textures/matar.png
12:16:12.062 [JavaFX Application Thread] DEBUG FXGLAssetLoaderServi - Loading from file system: file:/C:/Users/josue/OneDrive/Desktop/proyecto%20java/Among%20Us/out/production/Among%20Us/assets/textures/derrota_impostor.png
12:16:18.668 [JavaFX Application Thread] DEBUG FXGLApplication      - Exiting FXGL
12:16:18.668 [JavaFX Application Thread] DEBUG LoopRunner           - Stopping loop
12:16:18.668 [JavaFX Application Thread] DEBUG SystemBundleService  - Saving FXGL system data
12:16:18.673 [JavaFX Application Thread] DEBUG FileSystemAccess     - Writing to: C:\Users\josue\OneDrive\Desktop\proyecto java\Among Us\system\fxgl.bundle
12:16:18.678 [JavaFX Application Thread] DEBUG Async                - Shutting down background threads
12:16:18.678 [JavaFX Application Thread] DEBUG PrimaryStageWindow   - Closing main window
12:16:18.722 [JavaFX Application Thread] DEBUG Logger               - Closing Logger
