13:14:40.856 [main                     ] DEBUG Logger               - Configured Logger
13:14:40.861 [main                     ] DEBUG GameApplication      - Logging settings
Title: Among Us UNEG
Version: 0.0
Width: 800
Height: 600
Fullscreen: false
Intro: false
Profiling: false
Single step:false
App Mode: DEVELOPER
Menu Key: ESCAPE
Stage Style: DECORATED
Scene Factory: class com.almasb.fxgl.app.scene.SceneFactory

13:14:41.287 [JavaFX Application Thread] DEBUG FXGLApplication      - Initializing FXGL
13:14:41.289 [JavaFX Application Thread] INFO  Engine               - FXGL-21.1 (26.03.2024 17.33) on WINDOWS (J:25.0.2 FX:21.0.1)
13:14:41.289 [JavaFX Application Thread] DEBUG Engine               - JRE Vendor Name: Oracle Corporation
13:14:41.289 [JavaFX Application Thread] DEBUG Engine               - Running on OS: Windows 11 version 10.0
13:14:41.289 [JavaFX Application Thread] DEBUG Engine               - Architecture: amd64
13:14:41.289 [JavaFX Application Thread] INFO  Engine               - Source code and latest versions at: https://github.com/AlmasB/FXGL
13:14:41.289 [JavaFX Application Thread] INFO  Engine               -       Ask questions and discuss at: https://github.com/AlmasB/FXGL/discussions
13:14:41.289 [JavaFX Application Thread] INFO  Engine               -              Join the FXGL chat at: https://gitter.im/AlmasB/FXGL
13:14:41.369 [JavaFX Application Thread] DEBUG PrimaryStageWindow   - Creating a JavaFX scene
13:14:41.412 [JavaFX Application Thread] DEBUG PrimaryStageWindow   - Target settings size: 800.0 x 600.0
13:14:41.412 [JavaFX Application Thread] DEBUG PrimaryStageWindow   - Scaled scene size:    800.0 x 600.0
13:14:41.413 [JavaFX Application Thread] DEBUG PrimaryStageWindow   - Scaled ratio: (1.0, 1.0)
13:14:41.413 [JavaFX Application Thread] DEBUG PrimaryStageWindow   - Set initial scene to FXGLStartupScene
13:14:41.416 [JavaFX Application Thread] DEBUG PrimaryStageWindow   - Opening main window
13:14:41.503 [JavaFX Application Thread] DEBUG PrimaryStageWindow   - Window border size: (14.66668701171875, 37.33331298828125)
13:14:41.503 [JavaFX Application Thread] DEBUG PrimaryStageWindow   - Scaled size: 800.0 x 600.0
13:14:41.503 [JavaFX Application Thread] DEBUG PrimaryStageWindow   - Scaled ratio: (1.0, 1.0)
13:14:41.503 [JavaFX Application Thread] DEBUG PrimaryStageWindow   - Scene size: 800.0 x 600.0
13:14:41.503 [JavaFX Application Thread] DEBUG PrimaryStageWindow   - Stage size: 814.6666870117188 x 637.3333129882812
13:14:41.508 [FXGL Background Thread 1 ] DEBUG Engine               - Initializing environment variables
13:14:41.568 [FXGL Background Thread 1 ] DEBUG FXGLAssetLoaderServi - User app class for loading assets: class main.java.amongUs.AppPrincipal
13:14:41.568 [FXGL Background Thread 1 ] DEBUG GameApplicationServi - Applying CSS: fxgl_dark.css
13:14:41.568 [FXGL Background Thread 1 ] DEBUG FXGLAssetLoaderServi - Loading from file system: jar:file:/C:/Users/nicol/Desktop/amongu/lib/fxgl-21.1-uber.jar!/fxglassets/ui/css/fxgl_dark.css
13:14:41.601 [FXGL Background Thread 1 ] DEBUG GameApplicationServi - Initializing application scenes
13:14:41.635 [FXGL Background Thread 1 ] DEBUG GameWorld            - Game world initialized
13:14:41.681 [FXGL Background Thread 1 ] DEBUG PhysicsWorld         - Physics world initialized: appHeight=600, physics.ppm=50,0
13:14:41.682 [FXGL Background Thread 1 ] DEBUG PhysicsWorld         - Using strategy: BRUTE_FORCE
13:14:41.687 [FXGL Background Thread 1 ] DEBUG GameScene            - Game scene initialized: 800x600
13:14:41.695 [FXGL Background Thread 1 ] DEBUG FXGL.DefaultMenu     - createMenuBodyGameMenu()
13:14:41.710 [FXGL Background Thread 1 ] DEBUG FXGL.DefaultMenu     - createOptionsMenu()
13:14:41.719 [FXGL Background Thread 1 ] DEBUG FXGLAssetLoaderServi - Loading from file system: jar:file:/C:/Users/nicol/Desktop/amongu/lib/fxgl-21.1-uber.jar!/fxglassets/textures/particles/smoke.png
13:14:41.788 [FXGL Background Thread 1 ] DEBUG FXGLAssetLoaderServi - Loading from file system: jar:file:/C:/Users/nicol/Desktop/amongu/lib/fxgl-21.1-uber.jar!/fxglassets/textures/particles/trace_horizontal.png
13:14:41.808 [FXGL Background Thread 1 ] DEBUG GameApplicationServi - Application scenes initialized
13:14:41.816 [FXGL Background Thread 1 ] DEBUG SystemBundleService  - Loading FXGL system data
13:14:41.819 [FXGL Background Thread 1 ] DEBUG FileSystemAccess     - Reading from: C:\Users\nicol\Desktop\amongu\system\fxgl.bundle
13:14:41.823 [FXGL Background Thread 1 ] DEBUG SystemBundleService  - Bundle FXGL: {}
13:14:41.823 [FXGL Background Thread 1 ] DEBUG UpdaterService       - Checking for updates
13:14:41.828 [FXGL Background Thread 4 ] DEBUG FXGLApplication      - Loading fonts
13:14:41.828 [FXGL Background Thread 1 ] DEBUG FXGLApplication      - Loading default localization
13:14:41.828 [FXGL Background Thread 4 ] DEBUG FXGLAssetLoaderServi - Loading from file system: jar:file:/C:/Users/nicol/Desktop/amongu/lib/fxgl-21.1-uber.jar!/fxglassets/ui/fonts/VarelaRound-Regular.ttf
13:14:41.829 [FXGL Background Thread 1 ] DEBUG FXGLAssetLoaderServi - Loading from file system: jar:file:/C:/Users/nicol/Desktop/amongu/lib/fxgl-21.1-uber.jar!/fxglassets/languages/english.lang
13:14:41.845 [FXGL Background Thread 1 ] INFO  FXGLApplication      - FXGL initialization took: 0,337 sec
13:14:41.852 [JavaFX Application Thread] DEBUG Input                - Registered new binding: Mover Arriba - W
13:14:41.852 [JavaFX Application Thread] DEBUG Input                - Registered new binding: Mover Abajo - S
13:14:41.852 [JavaFX Application Thread] DEBUG Input                - Registered new binding: Mover Izquierda - A
13:14:41.852 [JavaFX Application Thread] DEBUG Input                - Registered new binding: Mover Derecha - D
13:14:41.853 [JavaFX Application Thread] DEBUG Input                - Registered new binding: Abrir Camaras - C
13:14:41.853 [JavaFX Application Thread] DEBUG Input                - Registered new binding: Usar Alcantarilla - Space
13:14:41.853 [JavaFX Application Thread] DEBUG Input                - Registered new binding: Vent Izquierda - Left
13:14:41.853 [JavaFX Application Thread] DEBUG Input                - Registered new binding: Vent Derecha - Right
13:14:41.853 [JavaFX Application Thread] DEBUG Input                - Registered new binding: Vent Arriba - Up
13:14:41.853 [JavaFX Application Thread] DEBUG Input                - Registered new binding: Vent Abajo - Down
13:14:41.853 [JavaFX Application Thread] DEBUG Input                - Registered new binding: Matar Jugador - Q
13:14:41.853 [JavaFX Application Thread] DEBUG Input                - Registered new binding: Reportar Cadaver - R
13:14:41.854 [JavaFX Application Thread] DEBUG FXGLAssetLoaderServi - Loading from file system: file:/C:/Users/nicol/Desktop/amongu/out/production/Among%20Us/assets/textures/icono.png
13:14:41.864 [FXGL Background Thread 4 ] DEBUG FXGLAssetLoaderServi - Loading from file system: jar:file:/C:/Users/nicol/Desktop/amongu/lib/fxgl-21.1-uber.jar!/fxglassets/ui/fonts/Abel-Regular.ttf
13:14:41.870 [FXGL Background Thread 4 ] DEBUG FXGLAssetLoaderServi - Loading from file system: jar:file:/C:/Users/nicol/Desktop/amongu/lib/fxgl-21.1-uber.jar!/fxglassets/ui/fonts/TerminalLandMono-Regular.otf
13:14:41.874 [FXGL Background Thread 4 ] DEBUG FXGLAssetLoaderServi - Loading from file system: jar:file:/C:/Users/nicol/Desktop/amongu/lib/fxgl-21.1-uber.jar!/fxglassets/ui/fonts/Courier-Prime.ttf
13:14:41.875 [JavaFX Application Thread] DEBUG FXGLAssetLoaderServi - Loading from file system: jar:file:/C:/Users/nicol/Desktop/amongu/lib/fxgl-21.1-uber.jar!/fxglassets/textures/fxgl_default_cursor.png
13:14:41.877 [JavaFX Application Thread] DEBUG Input                - Registered new binding: Screenshot - CTRL+8
13:14:41.877 [JavaFX Application Thread] DEBUG Input                - Registered new binding: System info dump - CTRL+9
13:14:41.877 [JavaFX Application Thread] DEBUG Input                - Registered new binding: Restart - CTRL+R
13:14:41.878 [JavaFX Application Thread] DEBUG Input                - Registered new binding: Toggle Debug Camera - CTRL+7
13:14:41.882 [JavaFX Application Thread] DEBUG LoopRunner           - Starting loop
13:14:41.882 [JavaFX Application Thread] DEBUG LoopRunner           - Initializing JavaFX AnimationTimerLoop
13:14:41.882 [JavaFX Application Thread] DEBUG GameApplicationServi - Starting new game
13:14:41.883 [JavaFX Application Thread] DEBUG Input                - Clearing active input actions
13:14:41.891 [JavaFX Application Thread] DEBUG GameApplicationServi - Removing overlay from FXGLStartupScene and adding to FXGLLoadingScene
13:14:41.891 [JavaFX Application Thread] DEBUG PrimaryStageWindow   - FXGLStartupScene -> FXGLLoadingScene
13:14:41.891 [JavaFX Application Thread] DEBUG GameApplicationServi - Clearing previous game
13:14:41.891 [JavaFX Application Thread] DEBUG GameScene            - Clearing game scene
13:14:41.891 [JavaFX Application Thread] DEBUG GameWorld            - Clearing game world
13:14:41.892 [JavaFX Application Thread] DEBUG PhysicsWorld         - Clearing physics world
13:14:41.893 [FXGL Background Thread 4 ] DEBUG FXGLApplication      - Initializing game
13:14:41.893 [JavaFX Application Thread] DEBUG FXGLApplication      - Registering font factories with UI factory
13:14:41.900 [FXGL Background Thread 4 ] DEBUG FXGLAssetLoaderServi - Loading from file system: file:/C:/Users/nicol/Desktop/amongu/out/production/Among%20Us/assets/music/musicaMenu.mp3
13:14:42.023 [FXGL Background Thread 4 ] DEBUG AudioPlayer          - Playing music com.almasb.fxgl.audio.Music@1abc0689
13:14:42.301 [FXGL Background Thread 4 ] INFO  FXGLApplication      - Game initialization took: 0,408 sec
13:14:42.315 [JavaFX Application Thread] DEBUG Input                - Clearing active input actions
13:14:42.320 [JavaFX Application Thread] DEBUG GameApplicationServi - Removing overlay from FXGLLoadingScene and adding to GameScene
13:14:42.320 [JavaFX Application Thread] DEBUG PrimaryStageWindow   - FXGLLoadingScene -> GameScene
13:14:42.531 [FXGL Background Thread 2 ] INFO  UpdaterService       - Your current version:  21.1
13:14:42.532 [FXGL Background Thread 2 ] INFO  UpdaterService       - Latest stable version: 25
13:14:44.826 [FXGL Background Thread 3 ] DEBUG Engine               - Logging environment variables
13:14:44.826 [FXGL Background Thread 3 ] DEBUG Engine               - achievements: []
13:14:44.826 [FXGL Background Thread 3 ] DEBUG Engine               - actualHeight: 600.0
13:14:44.826 [FXGL Background Thread 3 ] DEBUG Engine               - actualHeightProperty: ReadOnlyDoubleProperty [value: 600.0]
13:14:44.826 [FXGL Background Thread 3 ] DEBUG Engine               - actualWidth: 800.0
13:14:44.826 [FXGL Background Thread 3 ] DEBUG Engine               - actualWidthProperty: ReadOnlyDoubleProperty [value: 800.0]
13:14:44.826 [FXGL Background Thread 3 ] DEBUG Engine               - appIcon: icono.png
13:14:44.826 [FXGL Background Thread 3 ] DEBUG Engine               - applicationMode: DEVELOPER
13:14:44.826 [FXGL Background Thread 3 ] DEBUG Engine               - cSSList: [fxgl_dark.css]
13:14:44.827 [FXGL Background Thread 3 ] DEBUG Engine               - collisionDetectionStrategy: BRUTE_FORCE
13:14:44.827 [FXGL Background Thread 3 ] DEBUG Engine               - configClass: Optional.empty
13:14:44.827 [FXGL Background Thread 3 ] DEBUG Engine               - credits: []
13:14:44.827 [FXGL Background Thread 3 ] DEBUG Engine               - defaultCursor: CursorInfo(imageName=fxgl_default_cursor.png, hotspotX=7.0, hotspotY=6.0)
13:14:44.827 [FXGL Background Thread 3 ] DEBUG Engine               - devBBoxColorProperty: ObjectProperty [value: 0xff0000ff]
13:14:44.827 [FXGL Background Thread 3 ] DEBUG Engine               - devEnableDebugCameraProperty: BooleanProperty [value: false]
13:14:44.827 [FXGL Background Thread 3 ] DEBUG Engine               - devSensorColorProperty: ObjectProperty [value: 0xffff00ff]
13:14:44.827 [FXGL Background Thread 3 ] DEBUG Engine               - devShowBBoxProperty: BooleanProperty [value: false]
13:14:44.827 [FXGL Background Thread 3 ] DEBUG Engine               - devShowPositionProperty: BooleanProperty [value: false]
13:14:44.827 [FXGL Background Thread 3 ] DEBUG Engine               - enabledMenuItems: []
13:14:44.827 [FXGL Background Thread 3 ] DEBUG Engine               - engineServices: [class com.almasb.fxgl.app.services.FXGLAssetLoaderService, class com.almasb.fxgl.app.FXGLApplication$GameApplicationService, class com.almasb.fxgl.app.services.FXGLDialogService, class com.almasb.fxgl.app.services.IOTaskExecutorService, class com.almasb.fxgl.io.FileSystemService, class com.almasb.fxgl.localization.LocalizationService, class com.almasb.fxgl.app.services.SystemBundleService, class com.almasb.fxgl.profile.SaveLoadService, class com.almasb.fxgl.ui.FXGLUIFactoryServiceProvider, class com.almasb.fxgl.ui.FXGLDialogFactoryServiceProvider, class com.almasb.fxgl.audio.AudioPlayer, class com.almasb.fxgl.notification.impl.NotificationServiceProvider, class com.almasb.fxgl.achievement.AchievementService, class com.almasb.fxgl.cutscene.CutsceneService, class com.almasb.fxgl.minigames.MiniGameService, class com.almasb.fxgl.net.NetService, class com.almasb.fxgl.app.services.UpdaterService, class com.almasb.fxgl.dev.DevService]
13:14:44.827 [FXGL Background Thread 3 ] DEBUG Engine               - fontGame: Abel-Regular.ttf
13:14:44.827 [FXGL Background Thread 3 ] DEBUG Engine               - fontMono: TerminalLandMono-Regular.otf
13:14:44.827 [FXGL Background Thread 3 ] DEBUG Engine               - fontSizeScaleUI: 1.0
13:14:44.828 [FXGL Background Thread 3 ] DEBUG Engine               - fontText: Courier-Prime.ttf
13:14:44.828 [FXGL Background Thread 3 ] DEBUG Engine               - fontUI: VarelaRound-Regular.ttf
13:14:44.828 [FXGL Background Thread 3 ] DEBUG Engine               - fullScreen: BooleanProperty [value: false]
13:14:44.828 [FXGL Background Thread 3 ] DEBUG Engine               - gameDifficulty: MEDIUM
13:14:44.828 [FXGL Background Thread 3 ] DEBUG Engine               - gameDifficultyProperty: ObjectProperty [value: MEDIUM]
13:14:44.828 [FXGL Background Thread 3 ] DEBUG Engine               - globalMusicVolume: 0.5
13:14:44.828 [FXGL Background Thread 3 ] DEBUG Engine               - globalMusicVolumeProperty: DoubleProperty [value: 0.4]
13:14:44.828 [FXGL Background Thread 3 ] DEBUG Engine               - globalSoundVolume: 0.5
13:14:44.828 [FXGL Background Thread 3 ] DEBUG Engine               - globalSoundVolumeProperty: DoubleProperty [value: 0.5]
13:14:44.828 [FXGL Background Thread 3 ] DEBUG Engine               - height: 600
13:14:44.828 [FXGL Background Thread 3 ] DEBUG Engine               - is3D: false
13:14:44.828 [FXGL Background Thread 3 ] DEBUG Engine               - isAndroid: false
13:14:44.828 [FXGL Background Thread 3 ] DEBUG Engine               - isBrowser: false
13:14:44.828 [FXGL Background Thread 3 ] DEBUG Engine               - isClickFeedbackEnabled: false
13:14:44.828 [FXGL Background Thread 3 ] DEBUG Engine               - isCloseConfirmation: false
13:14:44.829 [FXGL Background Thread 3 ] DEBUG Engine               - isDesktop: true
13:14:44.829 [FXGL Background Thread 3 ] DEBUG Engine               - isDeveloperMenuEnabled: false
13:14:44.829 [FXGL Background Thread 3 ] DEBUG Engine               - isEmbedded: false
13:14:44.829 [FXGL Background Thread 3 ] DEBUG Engine               - isEntityPreloadEnabled: true
13:14:44.829 [FXGL Background Thread 3 ] DEBUG Engine               - isExperimentalTiledLargeMap: false
13:14:44.829 [FXGL Background Thread 3 ] DEBUG Engine               - isFileSystemWriteAllowed: true
13:14:44.829 [FXGL Background Thread 3 ] DEBUG Engine               - isFullScreenAllowed: false
13:14:44.829 [FXGL Background Thread 3 ] DEBUG Engine               - isFullScreenFromStart: false
13:14:44.830 [FXGL Background Thread 3 ] DEBUG Engine               - isGameMenuEnabled: true
13:14:44.830 [FXGL Background Thread 3 ] DEBUG Engine               - isIOS: false
13:14:44.830 [FXGL Background Thread 3 ] DEBUG Engine               - isIntroEnabled: false
13:14:44.830 [FXGL Background Thread 3 ] DEBUG Engine               - isLinux: false
13:14:44.830 [FXGL Background Thread 3 ] DEBUG Engine               - isMac: false
13:14:44.830 [FXGL Background Thread 3 ] DEBUG Engine               - isMainMenuEnabled: false
13:14:44.830 [FXGL Background Thread 3 ] DEBUG Engine               - isManualResizeEnabled: false
13:14:44.830 [FXGL Background Thread 3 ] DEBUG Engine               - isMobile: false
13:14:44.830 [FXGL Background Thread 3 ] DEBUG Engine               - isNative: false
13:14:44.830 [FXGL Background Thread 3 ] DEBUG Engine               - isPauseMusicWhenMinimized: true
13:14:44.830 [FXGL Background Thread 3 ] DEBUG Engine               - isPreserveResizeRatio: false
13:14:44.830 [FXGL Background Thread 3 ] DEBUG Engine               - isProfilingEnabled: false
13:14:44.830 [FXGL Background Thread 3 ] DEBUG Engine               - isScaleAffectedOnResize: true
13:14:44.830 [FXGL Background Thread 3 ] DEBUG Engine               - isSingleStep: false
13:14:44.831 [FXGL Background Thread 3 ] DEBUG Engine               - isUserProfileEnabled: false
13:14:44.831 [FXGL Background Thread 3 ] DEBUG Engine               - isWindows: true
13:14:44.831 [FXGL Background Thread 3 ] DEBUG Engine               - language: ObjectProperty [value: ENGLISH]
13:14:44.831 [FXGL Background Thread 3 ] DEBUG Engine               - menuKey: ESCAPE
13:14:44.831 [FXGL Background Thread 3 ] DEBUG Engine               - mouseSensitivity: 0.2
13:14:44.831 [FXGL Background Thread 3 ] DEBUG Engine               - notificationViewClass: class com.almasb.fxgl.notification.view.XboxNotificationView
13:14:44.831 [FXGL Background Thread 3 ] DEBUG Engine               - pixelsPerMeter: 50.0
13:14:44.831 [FXGL Background Thread 3 ] DEBUG Engine               - platform: WINDOWS
13:14:44.831 [FXGL Background Thread 3 ] DEBUG Engine               - prefHeightProperty: ReadOnlyDoubleProperty [value: 600.0]
13:14:44.831 [FXGL Background Thread 3 ] DEBUG Engine               - prefWidthProperty: ReadOnlyDoubleProperty [value: 800.0]
13:14:44.831 [FXGL Background Thread 3 ] DEBUG Engine               - profileDir: profiles/
13:14:44.831 [FXGL Background Thread 3 ] DEBUG Engine               - profileName: StringProperty [value: DEFAULT]
13:14:44.831 [FXGL Background Thread 3 ] DEBUG Engine               - randomSeed: -1
13:14:44.831 [FXGL Background Thread 3 ] DEBUG Engine               - runtimeInfo: RuntimeInfo(platform=WINDOWS, version=21.1, build=26.03.2024 17.33)
13:14:44.832 [FXGL Background Thread 3 ] DEBUG Engine               - saveFileExt: sav
13:14:44.832 [FXGL Background Thread 3 ] DEBUG Engine               - scaledHeightProp$fxgl: DoubleProperty [bound, value: 600.0]
13:14:44.832 [FXGL Background Thread 3 ] DEBUG Engine               - scaledWidthProp$fxgl: DoubleProperty [bound, value: 800.0]
13:14:44.832 [FXGL Background Thread 3 ] DEBUG Engine               - sceneFactory: com.almasb.fxgl.app.scene.SceneFactory@2cbebe81
13:14:44.832 [FXGL Background Thread 3 ] DEBUG Engine               - secondsIn24h: 60
13:14:44.832 [FXGL Background Thread 3 ] DEBUG Engine               - soundMenuBack: menu/back.wav
13:14:44.832 [FXGL Background Thread 3 ] DEBUG Engine               - soundMenuPress: menu/press.wav
13:14:44.832 [FXGL Background Thread 3 ] DEBUG Engine               - soundMenuSelect: menu/select.wav
13:14:44.832 [FXGL Background Thread 3 ] DEBUG Engine               - soundNotification: core/notification.wav
13:14:44.832 [FXGL Background Thread 3 ] DEBUG Engine               - stageStyle: DECORATED
13:14:44.832 [FXGL Background Thread 3 ] DEBUG Engine               - supportedLanguages: [ENGLISH, FRENCH, GERMAN, HUNGARIAN, RUSSIAN]
13:14:44.832 [FXGL Background Thread 3 ] DEBUG Engine               - ticksPerSecond: -1
13:14:44.832 [FXGL Background Thread 3 ] DEBUG Engine               - title: Among Us UNEG
13:14:44.832 [FXGL Background Thread 3 ] DEBUG Engine               - urlGithub: https://github.com/AlmasB/FXGL
13:14:44.832 [FXGL Background Thread 3 ] DEBUG Engine               - urlLeaderboard: http://fxgl-top.herokuapp.com/
13:14:44.832 [FXGL Background Thread 3 ] DEBUG Engine               - urlPOM: https://raw.githubusercontent.com/AlmasB/FXGL/release/README.md
13:14:44.832 [FXGL Background Thread 3 ] DEBUG Engine               - userAppClass: class main.java.amongUs.AppPrincipal
13:14:44.832 [FXGL Background Thread 3 ] DEBUG Engine               - version: 0.0
13:14:44.832 [FXGL Background Thread 3 ] DEBUG Engine               - versionCheckDays: 7
13:14:44.832 [FXGL Background Thread 3 ] DEBUG Engine               - width: 800
13:14:44.832 [FXGL Background Thread 3 ] DEBUG Engine               - Logging services
13:14:44.832 [FXGL Background Thread 3 ] DEBUG Engine               - class com.almasb.fxgl.app.services.FXGLAssetLoaderService
13:14:44.832 [FXGL Background Thread 3 ] DEBUG Engine               - class com.almasb.fxgl.app.FXGLApplication$GameApplicationService
13:14:44.832 [FXGL Background Thread 3 ] DEBUG Engine               - class com.almasb.fxgl.app.services.FXGLDialogService
13:14:44.832 [FXGL Background Thread 3 ] DEBUG Engine               - class com.almasb.fxgl.app.services.IOTaskExecutorService
13:14:44.832 [FXGL Background Thread 3 ] DEBUG Engine               - class com.almasb.fxgl.io.FileSystemService
13:14:44.832 [FXGL Background Thread 3 ] DEBUG Engine               - class com.almasb.fxgl.localization.LocalizationService
13:14:44.832 [FXGL Background Thread 3 ] DEBUG Engine               - class com.almasb.fxgl.app.services.SystemBundleService
13:14:44.832 [FXGL Background Thread 3 ] DEBUG Engine               - class com.almasb.fxgl.profile.SaveLoadService
13:14:44.832 [FXGL Background Thread 3 ] DEBUG Engine               - class com.almasb.fxgl.ui.FXGLUIFactoryServiceProvider
13:14:44.833 [FXGL Background Thread 3 ] DEBUG Engine               - class com.almasb.fxgl.ui.FXGLDialogFactoryServiceProvider
13:14:44.833 [FXGL Background Thread 3 ] DEBUG Engine               - class com.almasb.fxgl.audio.AudioPlayer
13:14:44.833 [FXGL Background Thread 3 ] DEBUG Engine               - class com.almasb.fxgl.notification.impl.NotificationServiceProvider
13:14:44.833 [FXGL Background Thread 3 ] DEBUG Engine               - class com.almasb.fxgl.achievement.AchievementService
13:14:44.833 [FXGL Background Thread 3 ] DEBUG Engine               - class com.almasb.fxgl.cutscene.CutsceneService
13:14:44.833 [FXGL Background Thread 3 ] DEBUG Engine               - class com.almasb.fxgl.minigames.MiniGameService
13:14:44.833 [FXGL Background Thread 3 ] DEBUG Engine               - class com.almasb.fxgl.net.NetService
13:14:44.833 [FXGL Background Thread 3 ] DEBUG Engine               - class com.almasb.fxgl.app.services.UpdaterService
13:14:44.833 [FXGL Background Thread 3 ] DEBUG Engine               - class com.almasb.fxgl.dev.DevService
13:15:24.381 [JavaFX Application Thread] DEBUG FXGLAssetLoaderServi - Loading from file system: file:/C:/Users/nicol/Desktop/amongu/out/production/Among%20Us/assets/sounds/clickBoton.wav
13:15:27.051 [JavaFX Application Thread] DEBUG FXGLAssetLoaderServi - Loading from file system: file:/C:/Users/nicol/Desktop/amongu/out/production/Among%20Us/assets/textures/tripulante_blanco.png
13:15:27.724 [JavaFX Application Thread] WARN  TMXLevelLoader       - TiledMap generated from 1.11.2. Supported version: 1.9.0. Some features may not be parsed fully.
13:15:27.741 [JavaFX Application Thread] DEBUG TMXLevelLoader       - Parsed TiledMap: file:/C:/Users/nicol/Desktop/amongu/out/production/Among%20Us/assets/levels/mapa1.tmx
13:15:27.742 [JavaFX Application Thread] DEBUG TMXLevelLoader       - Creating tile layer entities
13:15:27.744 [JavaFX Application Thread] DEBUG TilesetLoader        - Loading view for layer fondo
13:15:27.744 [JavaFX Application Thread] DEBUG TilesetLoader        - Created buffer with size 992.0x928.0
13:15:27.826 [JavaFX Application Thread] DEBUG TilesetLoader        - Loading view for layer pasillo
13:15:27.826 [JavaFX Application Thread] DEBUG TilesetLoader        - Created buffer with size 992.0x928.0
13:15:27.828 [JavaFX Application Thread] WARN  TilesetLoader        - Diagonally flipped tiles are not currently supported
13:15:27.830 [JavaFX Application Thread] WARN  TilesetLoader        - Diagonally flipped tiles are not currently supported
13:15:27.831 [JavaFX Application Thread] WARN  TilesetLoader        - Diagonally flipped tiles are not currently supported
13:15:27.831 [JavaFX Application Thread] WARN  TilesetLoader        - Diagonally flipped tiles are not currently supported
13:15:27.831 [JavaFX Application Thread] WARN  TilesetLoader        - Diagonally flipped tiles are not currently supported
13:15:27.832 [JavaFX Application Thread] WARN  TilesetLoader        - Diagonally flipped tiles are not currently supported
13:15:27.833 [JavaFX Application Thread] WARN  TilesetLoader        - Diagonally flipped tiles are not currently supported
13:15:27.834 [JavaFX Application Thread] WARN  TilesetLoader        - Diagonally flipped tiles are not currently supported
13:15:27.834 [JavaFX Application Thread] WARN  TilesetLoader        - Diagonally flipped tiles are not currently supported
13:15:27.836 [JavaFX Application Thread] WARN  TilesetLoader        - Diagonally flipped tiles are not currently supported
13:15:27.837 [JavaFX Application Thread] WARN  TilesetLoader        - Diagonally flipped tiles are not currently supported
13:15:27.840 [JavaFX Application Thread] WARN  TilesetLoader        - Diagonally flipped tiles are not currently supported
13:15:27.841 [JavaFX Application Thread] WARN  TilesetLoader        - Diagonally flipped tiles are not currently supported
13:15:27.841 [JavaFX Application Thread] WARN  TilesetLoader        - Diagonally flipped tiles are not currently supported
13:15:27.842 [JavaFX Application Thread] WARN  TilesetLoader        - Diagonally flipped tiles are not currently supported
13:15:27.842 [JavaFX Application Thread] WARN  TilesetLoader        - Diagonally flipped tiles are not currently supported
13:15:27.842 [JavaFX Application Thread] WARN  TilesetLoader        - Diagonally flipped tiles are not currently supported
13:15:27.842 [JavaFX Application Thread] WARN  TilesetLoader        - Diagonally flipped tiles are not currently supported
13:15:27.842 [JavaFX Application Thread] WARN  TilesetLoader        - Diagonally flipped tiles are not currently supported
13:15:27.843 [JavaFX Application Thread] WARN  TilesetLoader        - Diagonally flipped tiles are not currently supported
13:15:27.845 [JavaFX Application Thread] DEBUG TilesetLoader        - Loading view for layer piso
13:15:27.845 [JavaFX Application Thread] DEBUG TilesetLoader        - Created buffer with size 992.0x928.0
13:15:27.851 [JavaFX Application Thread] DEBUG TilesetLoader        - Loading view for layer detallesdetraspared
13:15:27.851 [JavaFX Application Thread] DEBUG TilesetLoader        - Created buffer with size 992.0x928.0
13:15:27.862 [JavaFX Application Thread] DEBUG TilesetLoader        - Loading view for layer pared1
13:15:27.863 [JavaFX Application Thread] DEBUG TilesetLoader        - Created buffer with size 992.0x928.0
13:15:27.868 [JavaFX Application Thread] DEBUG TilesetLoader        - Loading view for layer pared2
13:15:27.868 [JavaFX Application Thread] DEBUG TilesetLoader        - Created buffer with size 992.0x928.0
13:15:27.871 [JavaFX Application Thread] DEBUG TilesetLoader        - Loading view for layer pared3
13:15:27.871 [JavaFX Application Thread] DEBUG TilesetLoader        - Created buffer with size 992.0x928.0
13:15:27.875 [JavaFX Application Thread] DEBUG TilesetLoader        - Loading view for layer detalles
13:15:27.876 [JavaFX Application Thread] DEBUG TilesetLoader        - Created buffer with size 992.0x928.0
13:15:27.906 [JavaFX Application Thread] DEBUG TilesetLoader        - Loading view for layer detalles2
13:15:27.907 [JavaFX Application Thread] DEBUG TilesetLoader        - Created buffer with size 992.0x928.0
13:15:27.920 [JavaFX Application Thread] DEBUG TilesetLoader        - Loading view for layer camaras
13:15:27.921 [JavaFX Application Thread] DEBUG TilesetLoader        - Created buffer with size 992.0x928.0
13:15:27.922 [JavaFX Application Thread] DEBUG TilesetLoader        - Loading view for layer grieta
13:15:27.923 [JavaFX Application Thread] DEBUG TilesetLoader        - Created buffer with size 992.0x928.0
13:15:27.925 [JavaFX Application Thread] DEBUG TMXLevelLoader       - Creating object layer entities
13:15:27.950 [JavaFX Application Thread] DEBUG GameWorld            - Clearing removable entities
13:15:27.950 [JavaFX Application Thread] DEBUG GameWorld            - Setting level: com.almasb.fxgl.entity.level.Level@67374167
13:15:27.958 [JavaFX Application Thread] DEBUG FXGLAssetLoaderServi - Loading from file system: file:/C:/Users/nicol/Desktop/amongu/out/production/Among%20Us/assets/textures/MonitorDeCamaras.png
13:15:27.968 [JavaFX Application Thread] DEBUG FXGLAssetLoaderServi - Loading from file system: file:/C:/Users/nicol/Desktop/amongu/out/production/Among%20Us/assets/textures/flechaAmarillaIzq.png
13:15:27.970 [JavaFX Application Thread] DEBUG FXGLAssetLoaderServi - Loading from file system: file:/C:/Users/nicol/Desktop/amongu/out/production/Among%20Us/assets/textures/flechaAmarillaDer.png
13:15:27.974 [JavaFX Application Thread] DEBUG FXGLAssetLoaderServi - Loading from file system: file:/C:/Users/nicol/Desktop/amongu/out/production/Among%20Us/assets/textures/animacion_fantasma.png
13:15:27.975 [JavaFX Application Thread] DEBUG FXGLAssetLoaderServi - Loading from file system: file:/C:/Users/nicol/Desktop/amongu/out/production/Among%20Us/assets/textures/blanco_muerto.png
13:15:27.976 [JavaFX Application Thread] DEBUG FXGLAssetLoaderServi - Loading from file system: file:/C:/Users/nicol/Desktop/amongu/out/production/Among%20Us/assets/textures/animacion_blanco.png
13:15:27.976 [JavaFX Application Thread] DEBUG FXGLAssetLoaderServi - Loading from file system: file:/C:/Users/nicol/Desktop/amongu/out/production/Among%20Us/assets/textures/alcantarilla_blanco.png
13:15:27.979 [JavaFX Application Thread] DEBUG FXGLAssetLoaderServi - Loading from file system: file:/C:/Users/nicol/Desktop/amongu/out/production/Among%20Us/assets/textures/alcantarilla_blancoE.png
13:15:27.985 [JavaFX Application Thread] DEBUG FXGLAssetLoaderServi - Loading from file system: file:/C:/Users/nicol/Desktop/amongu/out/production/Among%20Us/assets/textures/accionNegada.png
13:15:27.990 [JavaFX Application Thread] DEBUG FXGLAssetLoaderServi - Loading from file system: file:/C:/Users/nicol/Desktop/amongu/out/production/Among%20Us/assets/textures/reportarNegado.png
13:15:27.994 [JavaFX Application Thread] DEBUG FXGLAssetLoaderServi - Loading from file system: file:/C:/Users/nicol/Desktop/amongu/out/production/Among%20Us/assets/textures/matarNegado.png
13:15:27.998 [JavaFX Application Thread] DEBUG FXGLAssetLoaderServi - Loading from file system: file:/C:/Users/nicol/Desktop/amongu/out/production/Among%20Us/assets/textures/sabotaje.png
13:15:28.002 [JavaFX Application Thread] DEBUG FXGLAssetLoaderServi - Loading from file system: file:/C:/Users/nicol/Desktop/amongu/out/production/Among%20Us/assets/textures/animacion_codigo.png
13:15:28.015 [JavaFX Application Thread] DEBUG FXGLAssetLoaderServi - Loading from file system: file:/C:/Users/nicol/Desktop/amongu/out/production/Among%20Us/assets/textures/animacion_datos.png
13:15:28.045 [JavaFX Application Thread] DEBUG FXGLAssetLoaderServi - Loading from file system: file:/C:/Users/nicol/Desktop/amongu/out/production/Among%20Us/assets/textures/animacion_temperatura.png
13:15:28.071 [JavaFX Application Thread] DEBUG FXGLAssetLoaderServi - Loading from file system: file:/C:/Users/nicol/Desktop/amongu/out/production/Among%20Us/assets/textures/animacion_basura.png
13:15:28.092 [JavaFX Application Thread] WARN  FXGLAssetLoaderServi - Asset "/assets/textures/animacion_reactor.png" was not found!
13:15:28.092 [JavaFX Application Thread] WARN  FXGLAssetLoaderServi - Failed to load IMAGE
13:15:28.097 [JavaFX Application Thread] DEBUG FXGLAssetLoaderServi - Loading from file system: file:/C:/Users/nicol/Desktop/amongu/out/production/Among%20Us/assets/textures/barra_0.png
13:15:28.099 [JavaFX Application Thread] DEBUG FXGLAssetLoaderServi - Loading from file system: file:/C:/Users/nicol/Desktop/amongu/out/production/Among%20Us/assets/textures/pantalla_impostor.png
13:15:40.413 [JavaFX Application Thread] DEBUG FXGLAssetLoaderServi - Loading from file system: file:/C:/Users/nicol/Desktop/amongu/out/production/Among%20Us/assets/textures/accion.png
13:17:22.291 [JavaFX Application Thread] DEBUG FXGLApplication      - Exiting FXGL
13:17:22.292 [JavaFX Application Thread] DEBUG LoopRunner           - Stopping loop
13:17:22.292 [JavaFX Application Thread] DEBUG SystemBundleService  - Saving FXGL system data
13:17:22.295 [JavaFX Application Thread] DEBUG FileSystemAccess     - Writing to: C:\Users\nicol\Desktop\amongu\system\fxgl.bundle
13:17:22.296 [JavaFX Application Thread] DEBUG Async                - Shutting down background threads
13:17:22.297 [JavaFX Application Thread] DEBUG PrimaryStageWindow   - Closing main window
13:17:22.314 [JavaFX Application Thread] DEBUG Logger               - Closing Logger
