22:44:59.915 [main                     ] DEBUG Logger               - Configured Logger
22:44:59.934 [main                     ] DEBUG GameApplication      - Logging settings
Title: Among Us UNEG
Version: 0.0
Width: 800
Height: 600
Fullscreen: false
Intro: false
Profiling: false
Single step:false
App Mode: DEVELOPER
Menu Key: ESCAPE
Stage Style: DECORATED
Scene Factory: class com.almasb.fxgl.app.scene.SceneFactory

22:45:00.829 [JavaFX Application Thread] DEBUG FXGLApplication      - Initializing FXGL
22:45:00.834 [JavaFX Application Thread] INFO  Engine               - FXGL-21.1 (26.03.2024 17.33) on WINDOWS (J:25.0.2 FX:21.0.1)
22:45:00.835 [JavaFX Application Thread] DEBUG Engine               - JRE Vendor Name: Oracle Corporation
22:45:00.835 [JavaFX Application Thread] DEBUG Engine               - Running on OS: Windows 11 version 10.0
22:45:00.835 [JavaFX Application Thread] DEBUG Engine               - Architecture: amd64
22:45:00.835 [JavaFX Application Thread] INFO  Engine               - Source code and latest versions at: https://github.com/AlmasB/FXGL
22:45:00.835 [JavaFX Application Thread] INFO  Engine               -       Ask questions and discuss at: https://github.com/AlmasB/FXGL/discussions
22:45:00.835 [JavaFX Application Thread] INFO  Engine               -              Join the FXGL chat at: https://gitter.im/AlmasB/FXGL
22:45:01.042 [JavaFX Application Thread] DEBUG PrimaryStageWindow   - Creating a JavaFX scene
22:45:01.180 [JavaFX Application Thread] DEBUG PrimaryStageWindow   - Target settings size: 800.0 x 600.0
22:45:01.180 [JavaFX Application Thread] DEBUG PrimaryStageWindow   - Scaled scene size:    800.0 x 600.0
22:45:01.180 [JavaFX Application Thread] DEBUG PrimaryStageWindow   - Scaled ratio: (1.0, 1.0)
22:45:01.182 [JavaFX Application Thread] DEBUG PrimaryStageWindow   - Set initial scene to FXGLStartupScene
22:45:01.193 [JavaFX Application Thread] DEBUG PrimaryStageWindow   - Opening main window
22:45:01.376 [JavaFX Application Thread] DEBUG PrimaryStageWindow   - Window border size: (16.0, 39.0)
22:45:01.376 [JavaFX Application Thread] DEBUG PrimaryStageWindow   - Scaled size: 800.0 x 600.0
22:45:01.376 [JavaFX Application Thread] DEBUG PrimaryStageWindow   - Scaled ratio: (1.0, 1.0)
22:45:01.377 [JavaFX Application Thread] DEBUG PrimaryStageWindow   - Scene size: 800.0 x 600.0
22:45:01.377 [JavaFX Application Thread] DEBUG PrimaryStageWindow   - Stage size: 816.0 x 639.0
22:45:01.468 [FXGL Background Thread 1 ] DEBUG Engine               - Initializing environment variables
22:45:01.585 [FXGL Background Thread 1 ] DEBUG FXGLAssetLoaderServi - User app class for loading assets: class main.java.amongUs.AppPrincipal
22:45:01.585 [FXGL Background Thread 1 ] DEBUG GameApplicationServi - Applying CSS: fxgl_dark.css
22:45:01.586 [FXGL Background Thread 1 ] DEBUG FXGLAssetLoaderServi - Loading from file system: jar:file:/C:/Users/josue/OneDrive/Desktop/proyecto%20java/Among%20Us/lib/fxgl-21.1-uber.jar!/fxglassets/ui/css/fxgl_dark.css
22:45:01.712 [FXGL Background Thread 1 ] DEBUG GameApplicationServi - Initializing application scenes
22:45:01.848 [FXGL Background Thread 1 ] DEBUG GameWorld            - Game world initialized
22:45:01.925 [FXGL Background Thread 1 ] DEBUG PhysicsWorld         - Physics world initialized: appHeight=600, physics.ppm=50,0
22:45:01.926 [FXGL Background Thread 1 ] DEBUG PhysicsWorld         - Using strategy: BRUTE_FORCE
22:45:01.932 [FXGL Background Thread 1 ] DEBUG GameScene            - Game scene initialized: 800x600
22:45:01.954 [FXGL Background Thread 1 ] DEBUG FXGL.DefaultMenu     - createMenuBodyGameMenu()
22:45:01.980 [FXGL Background Thread 1 ] DEBUG FXGL.DefaultMenu     - createOptionsMenu()
22:45:01.997 [FXGL Background Thread 1 ] DEBUG FXGLAssetLoaderServi - Loading from file system: jar:file:/C:/Users/josue/OneDrive/Desktop/proyecto%20java/Among%20Us/lib/fxgl-21.1-uber.jar!/fxglassets/textures/particles/smoke.png
22:45:02.142 [FXGL Background Thread 1 ] DEBUG FXGLAssetLoaderServi - Loading from file system: jar:file:/C:/Users/josue/OneDrive/Desktop/proyecto%20java/Among%20Us/lib/fxgl-21.1-uber.jar!/fxglassets/textures/particles/trace_horizontal.png
22:45:02.179 [FXGL Background Thread 1 ] DEBUG GameApplicationServi - Application scenes initialized
22:45:02.202 [FXGL Background Thread 1 ] DEBUG SystemBundleService  - Loading FXGL system data
22:45:02.212 [FXGL Background Thread 1 ] DEBUG FileSystemAccess     - Reading from: C:\Users\josue\OneDrive\Desktop\proyecto java\Among Us\system\fxgl.bundle
22:45:02.222 [FXGL Background Thread 1 ] DEBUG SystemBundleService  - Bundle FXGL: {}
22:45:02.222 [FXGL Background Thread 1 ] DEBUG UpdaterService       - Checking for updates
22:45:02.231 [FXGL Background Thread 1 ] DEBUG FXGLApplication      - Loading default localization
22:45:02.232 [FXGL Background Thread 1 ] DEBUG FXGLAssetLoaderServi - Loading from file system: jar:file:/C:/Users/josue/OneDrive/Desktop/proyecto%20java/Among%20Us/lib/fxgl-21.1-uber.jar!/fxglassets/languages/english.lang
22:45:02.235 [FXGL Background Thread 4 ] DEBUG FXGLApplication      - Loading fonts
22:45:02.242 [FXGL Background Thread 4 ] DEBUG FXGLAssetLoaderServi - Loading from file system: jar:file:/C:/Users/josue/OneDrive/Desktop/proyecto%20java/Among%20Us/lib/fxgl-21.1-uber.jar!/fxglassets/ui/fonts/VarelaRound-Regular.ttf
22:45:02.272 [FXGL Background Thread 1 ] INFO  FXGLApplication      - FXGL initialization took: 0,804 sec
22:45:02.285 [JavaFX Application Thread] DEBUG Input                - Registered new binding: Mover Arriba - W
22:45:02.286 [JavaFX Application Thread] DEBUG Input                - Registered new binding: Mover Abajo - S
22:45:02.286 [JavaFX Application Thread] DEBUG Input                - Registered new binding: Mover Izquierda - A
22:45:02.286 [JavaFX Application Thread] DEBUG Input                - Registered new binding: Mover Derecha - D
22:45:02.286 [JavaFX Application Thread] DEBUG Input                - Registered new binding: Abrir Camaras - C
22:45:02.286 [JavaFX Application Thread] DEBUG Input                - Registered new binding: Usar Alcantarilla - Space
22:45:02.286 [JavaFX Application Thread] DEBUG Input                - Registered new binding: Vent Izquierda - Left
22:45:02.287 [JavaFX Application Thread] DEBUG Input                - Registered new binding: Vent Derecha - Right
22:45:02.287 [JavaFX Application Thread] DEBUG Input                - Registered new binding: Vent Arriba - Up
22:45:02.287 [JavaFX Application Thread] DEBUG Input                - Registered new binding: Vent Abajo - Down
22:45:02.287 [JavaFX Application Thread] DEBUG Input                - Registered new binding: Matar Jugador - Q
22:45:02.287 [JavaFX Application Thread] DEBUG Input                - Registered new binding: Reportar Cadaver - R
22:45:02.287 [JavaFX Application Thread] DEBUG FXGLAssetLoaderServi - Loading from file system: file:/C:/Users/josue/OneDrive/Desktop/proyecto%20java/Among%20Us/out/production/Among%20Us/assets/textures/icono.png
22:45:02.327 [JavaFX Application Thread] DEBUG FXGLAssetLoaderServi - Loading from file system: jar:file:/C:/Users/josue/OneDrive/Desktop/proyecto%20java/Among%20Us/lib/fxgl-21.1-uber.jar!/fxglassets/textures/fxgl_default_cursor.png
22:45:02.337 [JavaFX Application Thread] DEBUG Input                - Registered new binding: Screenshot - CTRL+8
22:45:02.339 [JavaFX Application Thread] DEBUG Input                - Registered new binding: System info dump - CTRL+9
22:45:02.340 [JavaFX Application Thread] DEBUG Input                - Registered new binding: Restart - CTRL+R
22:45:02.341 [JavaFX Application Thread] DEBUG Input                - Registered new binding: Toggle Debug Camera - CTRL+7
22:45:02.348 [JavaFX Application Thread] DEBUG LoopRunner           - Starting loop
22:45:02.349 [JavaFX Application Thread] DEBUG LoopRunner           - Initializing JavaFX AnimationTimerLoop
22:45:02.351 [JavaFX Application Thread] DEBUG GameApplicationServi - Starting new game
22:45:02.352 [JavaFX Application Thread] DEBUG Input                - Clearing active input actions
22:45:02.381 [JavaFX Application Thread] DEBUG GameApplicationServi - Removing overlay from FXGLStartupScene and adding to FXGLLoadingScene
22:45:02.382 [JavaFX Application Thread] DEBUG PrimaryStageWindow   - FXGLStartupScene -> FXGLLoadingScene
22:45:02.382 [JavaFX Application Thread] DEBUG GameApplicationServi - Clearing previous game
22:45:02.382 [JavaFX Application Thread] DEBUG GameScene            - Clearing game scene
22:45:02.382 [JavaFX Application Thread] DEBUG GameWorld            - Clearing game world
22:45:02.382 [JavaFX Application Thread] DEBUG PhysicsWorld         - Clearing physics world
22:45:02.385 [FXGL Background Thread 1 ] DEBUG FXGLApplication      - Initializing game
22:45:02.409 [FXGL Background Thread 1 ] DEBUG FXGLAssetLoaderServi - Loading from file system: file:/C:/Users/josue/OneDrive/Desktop/proyecto%20java/Among%20Us/out/production/Among%20Us/assets/music/musicaMenu.mp3
22:45:02.945 [FXGL Background Thread 1 ] DEBUG AudioPlayer          - Playing music com.almasb.fxgl.audio.Music@5df14a2
22:45:03.562 [FXGL Background Thread 1 ] INFO  FXGLApplication      - Game initialization took: 1,176 sec
22:45:03.637 [FXGL Background Thread 4 ] DEBUG FXGLAssetLoaderServi - Loading from file system: jar:file:/C:/Users/josue/OneDrive/Desktop/proyecto%20java/Among%20Us/lib/fxgl-21.1-uber.jar!/fxglassets/ui/fonts/Abel-Regular.ttf
22:45:03.648 [FXGL Background Thread 4 ] DEBUG FXGLAssetLoaderServi - Loading from file system: jar:file:/C:/Users/josue/OneDrive/Desktop/proyecto%20java/Among%20Us/lib/fxgl-21.1-uber.jar!/fxglassets/ui/fonts/TerminalLandMono-Regular.otf
22:45:03.665 [FXGL Background Thread 4 ] DEBUG FXGLAssetLoaderServi - Loading from file system: jar:file:/C:/Users/josue/OneDrive/Desktop/proyecto%20java/Among%20Us/lib/fxgl-21.1-uber.jar!/fxglassets/ui/fonts/Courier-Prime.ttf
22:45:03.729 [JavaFX Application Thread] DEBUG Input                - Clearing active input actions
22:45:03.750 [JavaFX Application Thread] DEBUG GameApplicationServi - Removing overlay from FXGLLoadingScene and adding to GameScene
22:45:03.751 [JavaFX Application Thread] DEBUG PrimaryStageWindow   - FXGLLoadingScene -> GameScene
22:45:03.752 [JavaFX Application Thread] DEBUG FXGLApplication      - Registering font factories with UI factory
22:45:04.918 [FXGL Background Thread 2 ] INFO  UpdaterService       - Your current version:  21.1
22:45:04.919 [FXGL Background Thread 2 ] INFO  UpdaterService       - Latest stable version: 25
22:45:05.238 [FXGL Background Thread 3 ] DEBUG Engine               - Logging environment variables
22:45:05.278 [FXGL Background Thread 3 ] DEBUG Engine               - achievements: []
22:45:05.278 [FXGL Background Thread 3 ] DEBUG Engine               - actualHeight: 600.0
22:45:05.278 [FXGL Background Thread 3 ] DEBUG Engine               - actualHeightProperty: ReadOnlyDoubleProperty [value: 600.0]
22:45:05.278 [FXGL Background Thread 3 ] DEBUG Engine               - actualWidth: 800.0
22:45:05.279 [FXGL Background Thread 3 ] DEBUG Engine               - actualWidthProperty: ReadOnlyDoubleProperty [value: 800.0]
22:45:05.279 [FXGL Background Thread 3 ] DEBUG Engine               - appIcon: icono.png
22:45:05.280 [FXGL Background Thread 3 ] DEBUG Engine               - applicationMode: DEVELOPER
22:45:05.280 [FXGL Background Thread 3 ] DEBUG Engine               - cSSList: [fxgl_dark.css]
22:45:05.280 [FXGL Background Thread 3 ] DEBUG Engine               - collisionDetectionStrategy: BRUTE_FORCE
22:45:05.280 [FXGL Background Thread 3 ] DEBUG Engine               - configClass: Optional.empty
22:45:05.280 [FXGL Background Thread 3 ] DEBUG Engine               - credits: []
22:45:05.282 [FXGL Background Thread 3 ] DEBUG Engine               - defaultCursor: CursorInfo(imageName=fxgl_default_cursor.png, hotspotX=7.0, hotspotY=6.0)
22:45:05.282 [FXGL Background Thread 3 ] DEBUG Engine               - devBBoxColorProperty: ObjectProperty [value: 0xff0000ff]
22:45:05.282 [FXGL Background Thread 3 ] DEBUG Engine               - devEnableDebugCameraProperty: BooleanProperty [value: false]
22:45:05.282 [FXGL Background Thread 3 ] DEBUG Engine               - devSensorColorProperty: ObjectProperty [value: 0xffff00ff]
22:45:05.282 [FXGL Background Thread 3 ] DEBUG Engine               - devShowBBoxProperty: BooleanProperty [value: false]
22:45:05.282 [FXGL Background Thread 3 ] DEBUG Engine               - devShowPositionProperty: BooleanProperty [value: false]
22:45:05.283 [FXGL Background Thread 3 ] DEBUG Engine               - enabledMenuItems: []
22:45:05.283 [FXGL Background Thread 3 ] DEBUG Engine               - engineServices: [class com.almasb.fxgl.app.services.FXGLAssetLoaderService, class com.almasb.fxgl.app.FXGLApplication$GameApplicationService, class com.almasb.fxgl.app.services.FXGLDialogService, class com.almasb.fxgl.app.services.IOTaskExecutorService, class com.almasb.fxgl.io.FileSystemService, class com.almasb.fxgl.localization.LocalizationService, class com.almasb.fxgl.app.services.SystemBundleService, class com.almasb.fxgl.profile.SaveLoadService, class com.almasb.fxgl.ui.FXGLUIFactoryServiceProvider, class com.almasb.fxgl.ui.FXGLDialogFactoryServiceProvider, class com.almasb.fxgl.audio.AudioPlayer, class com.almasb.fxgl.notification.impl.NotificationServiceProvider, class com.almasb.fxgl.achievement.AchievementService, class com.almasb.fxgl.cutscene.CutsceneService, class com.almasb.fxgl.minigames.MiniGameService, class com.almasb.fxgl.net.NetService, class com.almasb.fxgl.app.services.UpdaterService, class com.almasb.fxgl.dev.DevService]
22:45:05.283 [FXGL Background Thread 3 ] DEBUG Engine               - fontGame: Abel-Regular.ttf
22:45:05.283 [FXGL Background Thread 3 ] DEBUG Engine               - fontMono: TerminalLandMono-Regular.otf
22:45:05.283 [FXGL Background Thread 3 ] DEBUG Engine               - fontSizeScaleUI: 1.0
22:45:05.283 [FXGL Background Thread 3 ] DEBUG Engine               - fontText: Courier-Prime.ttf
22:45:05.283 [FXGL Background Thread 3 ] DEBUG Engine               - fontUI: VarelaRound-Regular.ttf
22:45:05.283 [FXGL Background Thread 3 ] DEBUG Engine               - fullScreen: BooleanProperty [value: false]
22:45:05.283 [FXGL Background Thread 3 ] DEBUG Engine               - gameDifficulty: MEDIUM
22:45:05.283 [FXGL Background Thread 3 ] DEBUG Engine               - gameDifficultyProperty: ObjectProperty [value: MEDIUM]
22:45:05.283 [FXGL Background Thread 3 ] DEBUG Engine               - globalMusicVolume: 0.5
22:45:05.283 [FXGL Background Thread 3 ] DEBUG Engine               - globalMusicVolumeProperty: DoubleProperty [value: 0.4]
22:45:05.284 [FXGL Background Thread 3 ] DEBUG Engine               - globalSoundVolume: 0.5
22:45:05.284 [FXGL Background Thread 3 ] DEBUG Engine               - globalSoundVolumeProperty: DoubleProperty [value: 0.5]
22:45:05.286 [FXGL Background Thread 3 ] DEBUG Engine               - height: 600
22:45:05.286 [FXGL Background Thread 3 ] DEBUG Engine               - is3D: false
22:45:05.286 [FXGL Background Thread 3 ] DEBUG Engine               - isAndroid: false
22:45:05.286 [FXGL Background Thread 3 ] DEBUG Engine               - isBrowser: false
22:45:05.286 [FXGL Background Thread 3 ] DEBUG Engine               - isClickFeedbackEnabled: false
22:45:05.286 [FXGL Background Thread 3 ] DEBUG Engine               - isCloseConfirmation: false
22:45:05.286 [FXGL Background Thread 3 ] DEBUG Engine               - isDesktop: true
22:45:05.286 [FXGL Background Thread 3 ] DEBUG Engine               - isDeveloperMenuEnabled: false
22:45:05.286 [FXGL Background Thread 3 ] DEBUG Engine               - isEmbedded: false
22:45:05.286 [FXGL Background Thread 3 ] DEBUG Engine               - isEntityPreloadEnabled: true
22:45:05.286 [FXGL Background Thread 3 ] DEBUG Engine               - isExperimentalTiledLargeMap: false
22:45:05.287 [FXGL Background Thread 3 ] DEBUG Engine               - isFileSystemWriteAllowed: true
22:45:05.287 [FXGL Background Thread 3 ] DEBUG Engine               - isFullScreenAllowed: false
22:45:05.287 [FXGL Background Thread 3 ] DEBUG Engine               - isFullScreenFromStart: false
22:45:05.287 [FXGL Background Thread 3 ] DEBUG Engine               - isGameMenuEnabled: true
22:45:05.287 [FXGL Background Thread 3 ] DEBUG Engine               - isIOS: false
22:45:05.287 [FXGL Background Thread 3 ] DEBUG Engine               - isIntroEnabled: false
22:45:05.287 [FXGL Background Thread 3 ] DEBUG Engine               - isLinux: false
22:45:05.287 [FXGL Background Thread 3 ] DEBUG Engine               - isMac: false
22:45:05.287 [FXGL Background Thread 3 ] DEBUG Engine               - isMainMenuEnabled: false
22:45:05.287 [FXGL Background Thread 3 ] DEBUG Engine               - isManualResizeEnabled: false
22:45:05.287 [FXGL Background Thread 3 ] DEBUG Engine               - isMobile: false
22:45:05.287 [FXGL Background Thread 3 ] DEBUG Engine               - isNative: false
22:45:05.287 [FXGL Background Thread 3 ] DEBUG Engine               - isPauseMusicWhenMinimized: true
22:45:05.287 [FXGL Background Thread 3 ] DEBUG Engine               - isPreserveResizeRatio: false
22:45:05.287 [FXGL Background Thread 3 ] DEBUG Engine               - isProfilingEnabled: false
22:45:05.287 [FXGL Background Thread 3 ] DEBUG Engine               - isScaleAffectedOnResize: true
22:45:05.287 [FXGL Background Thread 3 ] DEBUG Engine               - isSingleStep: false
22:45:05.287 [FXGL Background Thread 3 ] DEBUG Engine               - isUserProfileEnabled: false
22:45:05.287 [FXGL Background Thread 3 ] DEBUG Engine               - isWindows: true
22:45:05.287 [FXGL Background Thread 3 ] DEBUG Engine               - language: ObjectProperty [value: ENGLISH]
22:45:05.287 [FXGL Background Thread 3 ] DEBUG Engine               - menuKey: ESCAPE
22:45:05.287 [FXGL Background Thread 3 ] DEBUG Engine               - mouseSensitivity: 0.2
22:45:05.287 [FXGL Background Thread 3 ] DEBUG Engine               - notificationViewClass: class com.almasb.fxgl.notification.view.XboxNotificationView
22:45:05.288 [FXGL Background Thread 3 ] DEBUG Engine               - pixelsPerMeter: 50.0
22:45:05.288 [FXGL Background Thread 3 ] DEBUG Engine               - platform: WINDOWS
22:45:05.288 [FXGL Background Thread 3 ] DEBUG Engine               - prefHeightProperty: ReadOnlyDoubleProperty [value: 600.0]
22:45:05.288 [FXGL Background Thread 3 ] DEBUG Engine               - prefWidthProperty: ReadOnlyDoubleProperty [value: 800.0]
22:45:05.288 [FXGL Background Thread 3 ] DEBUG Engine               - profileDir: profiles/
22:45:05.292 [FXGL Background Thread 3 ] DEBUG Engine               - profileName: StringProperty [value: DEFAULT]
22:45:05.292 [FXGL Background Thread 3 ] DEBUG Engine               - randomSeed: -1
22:45:05.292 [FXGL Background Thread 3 ] DEBUG Engine               - runtimeInfo: RuntimeInfo(platform=WINDOWS, version=21.1, build=26.03.2024 17.33)
22:45:05.292 [FXGL Background Thread 3 ] DEBUG Engine               - saveFileExt: sav
22:45:05.292 [FXGL Background Thread 3 ] DEBUG Engine               - scaledHeightProp$fxgl: DoubleProperty [bound, value: 600.0]
22:45:05.292 [FXGL Background Thread 3 ] DEBUG Engine               - scaledWidthProp$fxgl: DoubleProperty [bound, value: 800.0]
22:45:05.292 [FXGL Background Thread 3 ] DEBUG Engine               - sceneFactory: com.almasb.fxgl.app.scene.SceneFactory@30b99be5
22:45:05.293 [FXGL Background Thread 3 ] DEBUG Engine               - secondsIn24h: 60
22:45:05.293 [FXGL Background Thread 3 ] DEBUG Engine               - soundMenuBack: menu/back.wav
22:45:05.293 [FXGL Background Thread 3 ] DEBUG Engine               - soundMenuPress: menu/press.wav
22:45:05.293 [FXGL Background Thread 3 ] DEBUG Engine               - soundMenuSelect: menu/select.wav
22:45:05.293 [FXGL Background Thread 3 ] DEBUG Engine               - soundNotification: core/notification.wav
22:45:05.293 [FXGL Background Thread 3 ] DEBUG Engine               - stageStyle: DECORATED
22:45:05.294 [FXGL Background Thread 3 ] DEBUG Engine               - supportedLanguages: [ENGLISH, FRENCH, GERMAN, HUNGARIAN, RUSSIAN]
22:45:05.294 [FXGL Background Thread 3 ] DEBUG Engine               - ticksPerSecond: -1
22:45:05.294 [FXGL Background Thread 3 ] DEBUG Engine               - title: Among Us UNEG
22:45:05.294 [FXGL Background Thread 3 ] DEBUG Engine               - urlGithub: https://github.com/AlmasB/FXGL
22:45:05.294 [FXGL Background Thread 3 ] DEBUG Engine               - urlLeaderboard: http://fxgl-top.herokuapp.com/
22:45:05.294 [FXGL Background Thread 3 ] DEBUG Engine               - urlPOM: https://raw.githubusercontent.com/AlmasB/FXGL/release/README.md
22:45:05.295 [FXGL Background Thread 3 ] DEBUG Engine               - userAppClass: class main.java.amongUs.AppPrincipal
22:45:05.295 [FXGL Background Thread 3 ] DEBUG Engine               - version: 0.0
22:45:05.295 [FXGL Background Thread 3 ] DEBUG Engine               - versionCheckDays: 7
22:45:05.295 [FXGL Background Thread 3 ] DEBUG Engine               - width: 800
22:45:05.295 [FXGL Background Thread 3 ] DEBUG Engine               - Logging services
22:45:05.295 [FXGL Background Thread 3 ] DEBUG Engine               - class com.almasb.fxgl.app.services.FXGLAssetLoaderService
22:45:05.295 [FXGL Background Thread 3 ] DEBUG Engine               - class com.almasb.fxgl.app.FXGLApplication$GameApplicationService
22:45:05.296 [FXGL Background Thread 3 ] DEBUG Engine               - class com.almasb.fxgl.app.services.FXGLDialogService
22:45:05.296 [FXGL Background Thread 3 ] DEBUG Engine               - class com.almasb.fxgl.app.services.IOTaskExecutorService
22:45:05.298 [FXGL Background Thread 3 ] DEBUG Engine               - class com.almasb.fxgl.io.FileSystemService
22:45:05.298 [FXGL Background Thread 3 ] DEBUG Engine               - class com.almasb.fxgl.localization.LocalizationService
22:45:05.298 [FXGL Background Thread 3 ] DEBUG Engine               - class com.almasb.fxgl.app.services.SystemBundleService
22:45:05.298 [FXGL Background Thread 3 ] DEBUG Engine               - class com.almasb.fxgl.profile.SaveLoadService
22:45:05.298 [FXGL Background Thread 3 ] DEBUG Engine               - class com.almasb.fxgl.ui.FXGLUIFactoryServiceProvider
22:45:05.298 [FXGL Background Thread 3 ] DEBUG Engine               - class com.almasb.fxgl.ui.FXGLDialogFactoryServiceProvider
22:45:05.298 [FXGL Background Thread 3 ] DEBUG Engine               - class com.almasb.fxgl.audio.AudioPlayer
22:45:05.298 [FXGL Background Thread 3 ] DEBUG Engine               - class com.almasb.fxgl.notification.impl.NotificationServiceProvider
22:45:05.298 [FXGL Background Thread 3 ] DEBUG Engine               - class com.almasb.fxgl.achievement.AchievementService
22:45:05.298 [FXGL Background Thread 3 ] DEBUG Engine               - class com.almasb.fxgl.cutscene.CutsceneService
22:45:05.298 [FXGL Background Thread 3 ] DEBUG Engine               - class com.almasb.fxgl.minigames.MiniGameService
22:45:05.298 [FXGL Background Thread 3 ] DEBUG Engine               - class com.almasb.fxgl.net.NetService
22:45:05.298 [FXGL Background Thread 3 ] DEBUG Engine               - class com.almasb.fxgl.app.services.UpdaterService
22:45:05.299 [FXGL Background Thread 3 ] DEBUG Engine               - class com.almasb.fxgl.dev.DevService
22:45:34.394 [JavaFX Application Thread] DEBUG FXGLAssetLoaderServi - Loading from file system: file:/C:/Users/josue/OneDrive/Desktop/proyecto%20java/Among%20Us/out/production/Among%20Us/assets/sounds/clickBoton.wav
22:45:37.612 [JavaFX Application Thread] DEBUG FXGLAssetLoaderServi - Loading from file system: file:/C:/Users/josue/OneDrive/Desktop/proyecto%20java/Among%20Us/out/production/Among%20Us/assets/textures/tripulante_blanco.png
22:45:47.476 [JavaFX Application Thread] DEBUG FXGLAssetLoaderServi - Loading from file system: file:/C:/Users/josue/OneDrive/Desktop/proyecto%20java/Among%20Us/out/production/Among%20Us/assets/textures/tripulante_negro.png
22:45:51.174 [JavaFX Application Thread] DEBUG FXGLAssetLoaderServi - Loading from file system: file:/C:/Users/josue/OneDrive/Desktop/proyecto%20java/Among%20Us/out/production/Among%20Us/assets/textures/tripulante_marron.png
22:45:52.205 [JavaFX Application Thread] WARN  TMXLevelLoader       - TiledMap generated from 1.11.2. Supported version: 1.9.0. Some features may not be parsed fully.
22:45:52.271 [JavaFX Application Thread] DEBUG TMXLevelLoader       - Parsed TiledMap: file:/C:/Users/josue/OneDrive/Desktop/proyecto%20java/Among%20Us/out/production/Among%20Us/assets/levels/mapa2.tmx
22:45:52.273 [JavaFX Application Thread] DEBUG TMXLevelLoader       - Creating tile layer entities
22:45:52.276 [JavaFX Application Thread] DEBUG TilesetLoader        - Loading view for layer fondo1
22:45:52.277 [JavaFX Application Thread] DEBUG TilesetLoader        - Created buffer with size 992.0x960.0
22:45:52.298 [JavaFX Application Thread] DEBUG TilesetLoader        - Loading view for layer fondo
22:45:52.299 [JavaFX Application Thread] DEBUG TilesetLoader        - Created buffer with size 992.0x960.0
22:45:52.304 [JavaFX Application Thread] DEBUG TilesetLoader        - Loading view for layer piso
22:45:52.305 [JavaFX Application Thread] DEBUG TilesetLoader        - Created buffer with size 992.0x960.0
22:45:52.312 [JavaFX Application Thread] DEBUG TilesetLoader        - Loading view for layer piso1
22:45:52.313 [JavaFX Application Thread] DEBUG TilesetLoader        - Created buffer with size 992.0x960.0
22:45:52.322 [JavaFX Application Thread] DEBUG TilesetLoader        - Loading view for layer izquierda
22:45:52.322 [JavaFX Application Thread] DEBUG TilesetLoader        - Created buffer with size 992.0x960.0
22:45:52.333 [JavaFX Application Thread] DEBUG TilesetLoader        - Loading view for layer detallesatraspared
22:45:52.334 [JavaFX Application Thread] DEBUG TilesetLoader        - Created buffer with size 992.0x960.0
22:45:52.386 [JavaFX Application Thread] DEBUG TilesetLoader        - Loading view for layer pared2
22:45:52.387 [JavaFX Application Thread] DEBUG TilesetLoader        - Created buffer with size 992.0x960.0
22:45:52.413 [JavaFX Application Thread] DEBUG TilesetLoader        - Loading view for layer techo1
22:45:52.415 [JavaFX Application Thread] DEBUG TilesetLoader        - Created buffer with size 992.0x960.0
22:45:52.427 [JavaFX Application Thread] DEBUG TilesetLoader        - Loading view for layer techo2
22:45:52.469 [JavaFX Application Thread] DEBUG TilesetLoader        - Created buffer with size 992.0x960.0
22:45:52.477 [JavaFX Application Thread] DEBUG TilesetLoader        - Loading view for layer puertita
22:45:52.478 [JavaFX Application Thread] DEBUG TilesetLoader        - Created buffer with size 992.0x960.0
22:45:52.481 [JavaFX Application Thread] DEBUG TilesetLoader        - Loading view for layer puerta
22:45:52.482 [JavaFX Application Thread] DEBUG TilesetLoader        - Created buffer with size 992.0x960.0
22:45:52.484 [JavaFX Application Thread] DEBUG TilesetLoader        - Loading view for layer detalles
22:45:52.485 [JavaFX Application Thread] DEBUG TilesetLoader        - Created buffer with size 992.0x960.0
22:45:52.508 [JavaFX Application Thread] DEBUG TilesetLoader        - Loading view for layer detalles 2
22:45:52.509 [JavaFX Application Thread] DEBUG TilesetLoader        - Created buffer with size 992.0x960.0
22:45:52.526 [JavaFX Application Thread] DEBUG TilesetLoader        - Loading view for layer detalles3
22:45:52.527 [JavaFX Application Thread] DEBUG TilesetLoader        - Created buffer with size 992.0x960.0
22:45:52.563 [JavaFX Application Thread] DEBUG TilesetLoader        - Loading view for layer grieta
22:45:52.563 [JavaFX Application Thread] DEBUG TilesetLoader        - Created buffer with size 992.0x960.0
22:45:52.564 [JavaFX Application Thread] DEBUG TilesetLoader        - Loading view for layer Techo
22:45:52.565 [JavaFX Application Thread] DEBUG TilesetLoader        - Created buffer with size 992.0x960.0
22:45:52.569 [JavaFX Application Thread] DEBUG TilesetLoader        - Loading view for layer camaras
22:45:52.569 [JavaFX Application Thread] DEBUG TilesetLoader        - Created buffer with size 992.0x960.0
22:45:52.573 [JavaFX Application Thread] DEBUG TMXLevelLoader       - Creating object layer entities
22:45:52.716 [JavaFX Application Thread] DEBUG GameWorld            - Clearing removable entities
22:45:52.716 [JavaFX Application Thread] DEBUG GameWorld            - Setting level: com.almasb.fxgl.entity.level.Level@54b09ff9
22:45:52.756 [JavaFX Application Thread] DEBUG FXGLAssetLoaderServi - Loading from file system: file:/C:/Users/josue/OneDrive/Desktop/proyecto%20java/Among%20Us/out/production/Among%20Us/assets/textures/MonitorDeCamaras.png
22:45:52.776 [JavaFX Application Thread] DEBUG FXGLAssetLoaderServi - Loading from file system: file:/C:/Users/josue/OneDrive/Desktop/proyecto%20java/Among%20Us/out/production/Among%20Us/assets/textures/flechaAmarillaIzq.png
22:45:52.779 [JavaFX Application Thread] DEBUG FXGLAssetLoaderServi - Loading from file system: file:/C:/Users/josue/OneDrive/Desktop/proyecto%20java/Among%20Us/out/production/Among%20Us/assets/textures/flechaAmarillaDer.png
22:45:52.789 [JavaFX Application Thread] DEBUG FXGLAssetLoaderServi - Loading from file system: file:/C:/Users/josue/OneDrive/Desktop/proyecto%20java/Among%20Us/out/production/Among%20Us/assets/textures/animacion_fantasma.png
22:45:52.794 [JavaFX Application Thread] DEBUG FXGLAssetLoaderServi - Loading from file system: file:/C:/Users/josue/OneDrive/Desktop/proyecto%20java/Among%20Us/out/production/Among%20Us/assets/textures/blanco_muerto.png
22:45:52.796 [JavaFX Application Thread] DEBUG FXGLAssetLoaderServi - Loading from file system: file:/C:/Users/josue/OneDrive/Desktop/proyecto%20java/Among%20Us/out/production/Among%20Us/assets/textures/animacion_blanco.png
22:45:52.797 [JavaFX Application Thread] DEBUG FXGLAssetLoaderServi - Loading from file system: file:/C:/Users/josue/OneDrive/Desktop/proyecto%20java/Among%20Us/out/production/Among%20Us/assets/textures/alcantarilla_blanco.png
22:45:52.799 [JavaFX Application Thread] DEBUG FXGLAssetLoaderServi - Loading from file system: file:/C:/Users/josue/OneDrive/Desktop/proyecto%20java/Among%20Us/out/production/Among%20Us/assets/textures/alcantarilla_blancoE.png
22:45:52.819 [JavaFX Application Thread] DEBUG FXGLAssetLoaderServi - Loading from file system: file:/C:/Users/josue/OneDrive/Desktop/proyecto%20java/Among%20Us/out/production/Among%20Us/assets/textures/negro_muerto.png
22:45:52.822 [JavaFX Application Thread] DEBUG FXGLAssetLoaderServi - Loading from file system: file:/C:/Users/josue/OneDrive/Desktop/proyecto%20java/Among%20Us/out/production/Among%20Us/assets/textures/animacion_negro.png
22:45:52.825 [JavaFX Application Thread] DEBUG FXGLAssetLoaderServi - Loading from file system: file:/C:/Users/josue/OneDrive/Desktop/proyecto%20java/Among%20Us/out/production/Among%20Us/assets/textures/alcantarilla_negro.png
22:45:52.826 [JavaFX Application Thread] DEBUG FXGLAssetLoaderServi - Loading from file system: file:/C:/Users/josue/OneDrive/Desktop/proyecto%20java/Among%20Us/out/production/Among%20Us/assets/textures/alcantarilla_negroE.png
22:45:52.833 [JavaFX Application Thread] DEBUG FXGLAssetLoaderServi - Loading from file system: file:/C:/Users/josue/OneDrive/Desktop/proyecto%20java/Among%20Us/out/production/Among%20Us/assets/textures/marron_muerto.png
22:45:52.836 [JavaFX Application Thread] DEBUG FXGLAssetLoaderServi - Loading from file system: file:/C:/Users/josue/OneDrive/Desktop/proyecto%20java/Among%20Us/out/production/Among%20Us/assets/textures/animacion_marron.png
22:45:52.842 [JavaFX Application Thread] DEBUG FXGLAssetLoaderServi - Loading from file system: file:/C:/Users/josue/OneDrive/Desktop/proyecto%20java/Among%20Us/out/production/Among%20Us/assets/textures/alcantarilla_marron.png
22:45:52.844 [JavaFX Application Thread] DEBUG FXGLAssetLoaderServi - Loading from file system: file:/C:/Users/josue/OneDrive/Desktop/proyecto%20java/Among%20Us/out/production/Among%20Us/assets/textures/alcantarilla_marronE.png
22:45:52.848 [JavaFX Application Thread] DEBUG FXGLAssetLoaderServi - Loading from file system: file:/C:/Users/josue/OneDrive/Desktop/proyecto%20java/Among%20Us/out/production/Among%20Us/assets/textures/accionNegada.png
22:45:52.854 [JavaFX Application Thread] DEBUG FXGLAssetLoaderServi - Loading from file system: file:/C:/Users/josue/OneDrive/Desktop/proyecto%20java/Among%20Us/out/production/Among%20Us/assets/textures/reportarNegado.png
22:45:52.865 [JavaFX Application Thread] DEBUG FXGLAssetLoaderServi - Loading from file system: file:/C:/Users/josue/OneDrive/Desktop/proyecto%20java/Among%20Us/out/production/Among%20Us/assets/textures/animacion_extintor.png
22:45:52.885 [JavaFX Application Thread] DEBUG FXGLAssetLoaderServi - Loading from file system: file:/C:/Users/josue/OneDrive/Desktop/proyecto%20java/Among%20Us/out/production/Among%20Us/assets/textures/animacion_temperatura.png
22:45:52.947 [JavaFX Application Thread] DEBUG FXGLAssetLoaderServi - Loading from file system: file:/C:/Users/josue/OneDrive/Desktop/proyecto%20java/Among%20Us/out/production/Among%20Us/assets/textures/animacion_encestar.png
22:45:53.016 [JavaFX Application Thread] DEBUG FXGLAssetLoaderServi - Loading from file system: file:/C:/Users/josue/OneDrive/Desktop/proyecto%20java/Among%20Us/out/production/Among%20Us/assets/textures/animacion_basura.png
22:45:53.058 [JavaFX Application Thread] DEBUG FXGLAssetLoaderServi - Loading from file system: file:/C:/Users/josue/OneDrive/Desktop/proyecto%20java/Among%20Us/out/production/Among%20Us/assets/textures/animacion_tarjeta.png
22:45:53.083 [JavaFX Application Thread] WARN  FXGLAssetLoaderServi - Asset "/assets/textures/animacion_reactor.png" was not found!
22:45:53.084 [JavaFX Application Thread] WARN  FXGLAssetLoaderServi - Failed to load IMAGE
22:45:53.102 [JavaFX Application Thread] DEBUG FXGLAssetLoaderServi - Loading from file system: file:/C:/Users/josue/OneDrive/Desktop/proyecto%20java/Among%20Us/out/production/Among%20Us/assets/textures/barra_0.png
22:45:53.109 [JavaFX Application Thread] DEBUG FXGLAssetLoaderServi - Loading from file system: file:/C:/Users/josue/OneDrive/Desktop/proyecto%20java/Among%20Us/out/production/Among%20Us/assets/textures/pantalla_tripulante.png
22:46:03.634 [JavaFX Application Thread] DEBUG FXGLAssetLoaderServi - Loading from file system: file:/C:/Users/josue/OneDrive/Desktop/proyecto%20java/Among%20Us/out/production/Among%20Us/assets/textures/accion.png
22:46:06.909 [JavaFX Application Thread] DEBUG FXGLAssetLoaderServi - Loading from file system: file:/C:/Users/josue/OneDrive/Desktop/proyecto%20java/Among%20Us/out/production/Among%20Us/assets/textures/reunion.png
22:46:10.397 [JavaFX Application Thread] DEBUG FXGLAssetLoaderServi - Loading from file system: file:/C:/Users/josue/OneDrive/Desktop/proyecto%20java/Among%20Us/out/production/Among%20Us/assets/textures/botonVotar.png
22:49:28.976 [JavaFX Application Thread] DEBUG FXGLAssetLoaderServi - Loading from file system: file:/C:/Users/josue/OneDrive/Desktop/proyecto%20java/Among%20Us/out/production/Among%20Us/assets/textures/derrota_tripulante.png
22:49:44.521 [JavaFX Application Thread] DEBUG FXGLApplication      - Exiting FXGL
22:49:44.521 [JavaFX Application Thread] DEBUG LoopRunner           - Stopping loop
22:49:44.521 [JavaFX Application Thread] DEBUG SystemBundleService  - Saving FXGL system data
22:49:44.526 [JavaFX Application Thread] DEBUG FileSystemAccess     - Writing to: C:\Users\josue\OneDrive\Desktop\proyecto java\Among Us\system\fxgl.bundle
22:49:44.529 [JavaFX Application Thread] DEBUG Async                - Shutting down background threads
22:49:44.529 [JavaFX Application Thread] DEBUG PrimaryStageWindow   - Closing main window
22:49:44.563 [JavaFX Application Thread] DEBUG Logger               - Closing Logger
