22:45:07.702 [main                     ] DEBUG Logger               - Configured Logger
22:45:07.706 [main                     ] DEBUG GameApplication      - Logging settings
Title: Among Us UNEG
Version: 0.0
Width: 800
Height: 600
Fullscreen: false
Intro: false
Profiling: false
Single step:false
App Mode: DEVELOPER
Menu Key: ESCAPE
Stage Style: DECORATED
Scene Factory: class com.almasb.fxgl.app.scene.SceneFactory

22:45:08.132 [JavaFX Application Thread] DEBUG FXGLApplication      - Initializing FXGL
22:45:08.135 [JavaFX Application Thread] INFO  Engine               - FXGL-21.1 (26.03.2024 17.33) on WINDOWS (J:25.0.2 FX:21.0.1)
22:45:08.135 [JavaFX Application Thread] DEBUG Engine               - JRE Vendor Name: Oracle Corporation
22:45:08.135 [JavaFX Application Thread] DEBUG Engine               - Running on OS: Windows 11 version 10.0
22:45:08.135 [JavaFX Application Thread] DEBUG Engine               - Architecture: amd64
22:45:08.135 [JavaFX Application Thread] INFO  Engine               - Source code and latest versions at: https://github.com/AlmasB/FXGL
22:45:08.135 [JavaFX Application Thread] INFO  Engine               -       Ask questions and discuss at: https://github.com/AlmasB/FXGL/discussions
22:45:08.135 [JavaFX Application Thread] INFO  Engine               -              Join the FXGL chat at: https://gitter.im/AlmasB/FXGL
22:45:08.221 [JavaFX Application Thread] DEBUG PrimaryStageWindow   - Creating a JavaFX scene
22:45:08.262 [JavaFX Application Thread] DEBUG PrimaryStageWindow   - Target settings size: 800.0 x 600.0
22:45:08.262 [JavaFX Application Thread] DEBUG PrimaryStageWindow   - Scaled scene size:    800.0 x 600.0
22:45:08.262 [JavaFX Application Thread] DEBUG PrimaryStageWindow   - Scaled ratio: (1.0, 1.0)
22:45:08.263 [JavaFX Application Thread] DEBUG PrimaryStageWindow   - Set initial scene to FXGLStartupScene
22:45:08.265 [JavaFX Application Thread] DEBUG PrimaryStageWindow   - Opening main window
22:45:08.368 [JavaFX Application Thread] DEBUG PrimaryStageWindow   - Window border size: (14.66668701171875, 37.33331298828125)
22:45:08.368 [JavaFX Application Thread] DEBUG PrimaryStageWindow   - Scaled size: 800.0 x 600.0
22:45:08.368 [JavaFX Application Thread] DEBUG PrimaryStageWindow   - Scaled ratio: (1.0, 1.0)
22:45:08.368 [JavaFX Application Thread] DEBUG PrimaryStageWindow   - Scene size: 800.0 x 600.0
22:45:08.370 [JavaFX Application Thread] DEBUG PrimaryStageWindow   - Stage size: 814.6666870117188 x 637.3333129882812
22:45:08.378 [FXGL Background Thread 1 ] DEBUG Engine               - Initializing environment variables
22:45:08.448 [FXGL Background Thread 1 ] DEBUG FXGLAssetLoaderServi - User app class for loading assets: class main.java.amongUs.AppPrincipal
22:45:08.448 [FXGL Background Thread 1 ] DEBUG GameApplicationServi - Applying CSS: fxgl_dark.css
22:45:08.449 [FXGL Background Thread 1 ] DEBUG FXGLAssetLoaderServi - Loading from file system: jar:file:/C:/Users/nicol/Desktop/amongu/lib/fxgl-21.1-uber.jar!/fxglassets/ui/css/fxgl_dark.css
22:45:08.477 [FXGL Background Thread 1 ] DEBUG GameApplicationServi - Initializing application scenes
22:45:08.506 [FXGL Background Thread 1 ] DEBUG GameWorld            - Game world initialized
22:45:08.552 [FXGL Background Thread 1 ] DEBUG PhysicsWorld         - Physics world initialized: appHeight=600, physics.ppm=50,0
22:45:08.553 [FXGL Background Thread 1 ] DEBUG PhysicsWorld         - Using strategy: BRUTE_FORCE
22:45:08.555 [FXGL Background Thread 1 ] DEBUG GameScene            - Game scene initialized: 800x600
22:45:08.565 [FXGL Background Thread 1 ] DEBUG FXGL.DefaultMenu     - createMenuBodyGameMenu()
22:45:08.577 [FXGL Background Thread 1 ] DEBUG FXGL.DefaultMenu     - createOptionsMenu()
22:45:08.585 [FXGL Background Thread 1 ] DEBUG FXGLAssetLoaderServi - Loading from file system: jar:file:/C:/Users/nicol/Desktop/amongu/lib/fxgl-21.1-uber.jar!/fxglassets/textures/particles/smoke.png
22:45:08.657 [FXGL Background Thread 1 ] DEBUG FXGLAssetLoaderServi - Loading from file system: jar:file:/C:/Users/nicol/Desktop/amongu/lib/fxgl-21.1-uber.jar!/fxglassets/textures/particles/trace_horizontal.png
22:45:08.674 [FXGL Background Thread 1 ] DEBUG GameApplicationServi - Application scenes initialized
22:45:08.683 [FXGL Background Thread 1 ] DEBUG SystemBundleService  - Loading FXGL system data
22:45:08.685 [FXGL Background Thread 1 ] DEBUG FileSystemAccess     - Reading from: C:\Users\nicol\Desktop\amongu\system\fxgl.bundle
22:45:08.689 [FXGL Background Thread 1 ] DEBUG SystemBundleService  - Bundle FXGL: {}
22:45:08.690 [FXGL Background Thread 1 ] DEBUG UpdaterService       - Checking for updates
22:45:08.694 [FXGL Background Thread 4 ] DEBUG FXGLApplication      - Loading fonts
22:45:08.694 [FXGL Background Thread 4 ] DEBUG FXGLAssetLoaderServi - Loading from file system: jar:file:/C:/Users/nicol/Desktop/amongu/lib/fxgl-21.1-uber.jar!/fxglassets/ui/fonts/VarelaRound-Regular.ttf
22:45:08.694 [FXGL Background Thread 1 ] DEBUG FXGLApplication      - Loading default localization
22:45:08.695 [FXGL Background Thread 1 ] DEBUG FXGLAssetLoaderServi - Loading from file system: jar:file:/C:/Users/nicol/Desktop/amongu/lib/fxgl-21.1-uber.jar!/fxglassets/languages/english.lang
22:45:08.705 [FXGL Background Thread 1 ] INFO  FXGLApplication      - FXGL initialization took: 0,327 sec
22:45:08.711 [JavaFX Application Thread] DEBUG Input                - Registered new binding: Mover Arriba - W
22:45:08.711 [JavaFX Application Thread] DEBUG Input                - Registered new binding: Mover Abajo - S
22:45:08.711 [JavaFX Application Thread] DEBUG Input                - Registered new binding: Mover Izquierda - A
22:45:08.711 [JavaFX Application Thread] DEBUG Input                - Registered new binding: Mover Derecha - D
22:45:08.711 [JavaFX Application Thread] DEBUG Input                - Registered new binding: Abrir Camaras - C
22:45:08.711 [JavaFX Application Thread] DEBUG Input                - Registered new binding: Usar Alcantarilla - Space
22:45:08.713 [JavaFX Application Thread] DEBUG Input                - Registered new binding: Vent Izquierda - Left
22:45:08.713 [JavaFX Application Thread] DEBUG Input                - Registered new binding: Vent Derecha - Right
22:45:08.713 [JavaFX Application Thread] DEBUG Input                - Registered new binding: Vent Arriba - Up
22:45:08.713 [JavaFX Application Thread] DEBUG Input                - Registered new binding: Vent Abajo - Down
22:45:08.713 [JavaFX Application Thread] DEBUG Input                - Registered new binding: Matar Jugador - Q
22:45:08.713 [JavaFX Application Thread] DEBUG FXGLAssetLoaderServi - Loading from file system: file:/C:/Users/nicol/Desktop/amongu/out/production/Among%20Us/assets/textures/icono.png
22:45:08.732 [FXGL Background Thread 4 ] DEBUG FXGLAssetLoaderServi - Loading from file system: jar:file:/C:/Users/nicol/Desktop/amongu/lib/fxgl-21.1-uber.jar!/fxglassets/ui/fonts/Abel-Regular.ttf
22:45:08.736 [FXGL Background Thread 4 ] DEBUG FXGLAssetLoaderServi - Loading from file system: jar:file:/C:/Users/nicol/Desktop/amongu/lib/fxgl-21.1-uber.jar!/fxglassets/ui/fonts/TerminalLandMono-Regular.otf
22:45:08.738 [JavaFX Application Thread] DEBUG FXGLAssetLoaderServi - Loading from file system: jar:file:/C:/Users/nicol/Desktop/amongu/lib/fxgl-21.1-uber.jar!/fxglassets/textures/fxgl_default_cursor.png
22:45:08.742 [FXGL Background Thread 4 ] DEBUG FXGLAssetLoaderServi - Loading from file system: jar:file:/C:/Users/nicol/Desktop/amongu/lib/fxgl-21.1-uber.jar!/fxglassets/ui/fonts/Courier-Prime.ttf
22:45:08.742 [JavaFX Application Thread] DEBUG Input                - Registered new binding: Screenshot - CTRL+8
22:45:08.743 [JavaFX Application Thread] DEBUG Input                - Registered new binding: System info dump - CTRL+9
22:45:08.743 [JavaFX Application Thread] DEBUG Input                - Registered new binding: Restart - CTRL+R
22:45:08.744 [JavaFX Application Thread] DEBUG Input                - Registered new binding: Toggle Debug Camera - CTRL+7
22:45:08.747 [JavaFX Application Thread] DEBUG LoopRunner           - Starting loop
22:45:08.747 [JavaFX Application Thread] DEBUG LoopRunner           - Initializing JavaFX AnimationTimerLoop
22:45:08.748 [JavaFX Application Thread] DEBUG GameApplicationServi - Starting new game
22:45:08.749 [JavaFX Application Thread] DEBUG Input                - Clearing active input actions
22:45:08.761 [JavaFX Application Thread] DEBUG GameApplicationServi - Removing overlay from FXGLStartupScene and adding to FXGLLoadingScene
22:45:08.762 [JavaFX Application Thread] DEBUG PrimaryStageWindow   - FXGLStartupScene -> FXGLLoadingScene
22:45:08.762 [JavaFX Application Thread] DEBUG GameApplicationServi - Clearing previous game
22:45:08.762 [JavaFX Application Thread] DEBUG GameScene            - Clearing game scene
22:45:08.762 [JavaFX Application Thread] DEBUG GameWorld            - Clearing game world
22:45:08.762 [JavaFX Application Thread] DEBUG PhysicsWorld         - Clearing physics world
22:45:08.764 [FXGL Background Thread 4 ] DEBUG FXGLApplication      - Initializing game
22:45:08.764 [JavaFX Application Thread] DEBUG FXGLApplication      - Registering font factories with UI factory
22:45:08.770 [FXGL Background Thread 4 ] DEBUG FXGLAssetLoaderServi - Loading from file system: file:/C:/Users/nicol/Desktop/amongu/out/production/Among%20Us/assets/music/musicaMenu.mp3
22:45:08.894 [FXGL Background Thread 4 ] DEBUG AudioPlayer          - Playing music com.almasb.fxgl.audio.Music@51a36e1a
22:45:09.144 [FXGL Background Thread 4 ] INFO  FXGLApplication      - Game initialization took: 0,381 sec
22:45:09.161 [JavaFX Application Thread] DEBUG Input                - Clearing active input actions
22:45:09.173 [JavaFX Application Thread] DEBUG GameApplicationServi - Removing overlay from FXGLLoadingScene and adding to GameScene
22:45:09.173 [JavaFX Application Thread] DEBUG PrimaryStageWindow   - FXGLLoadingScene -> GameScene
22:45:09.261 [FXGL Background Thread 2 ] INFO  UpdaterService       - Your current version:  21.1
22:45:09.262 [FXGL Background Thread 2 ] INFO  UpdaterService       - Latest stable version: 25
22:45:09.856 [JavaFX Application Thread] DEBUG FXGLAssetLoaderServi - Loading from file system: file:/C:/Users/nicol/Desktop/amongu/out/production/Among%20Us/assets/sounds/clickBoton.wav
22:45:11.693 [FXGL Background Thread 3 ] DEBUG Engine               - Logging environment variables
22:45:11.694 [FXGL Background Thread 3 ] DEBUG Engine               - achievements: []
22:45:11.694 [FXGL Background Thread 3 ] DEBUG Engine               - actualHeight: 600.0
22:45:11.694 [FXGL Background Thread 3 ] DEBUG Engine               - actualHeightProperty: ReadOnlyDoubleProperty [value: 600.0]
22:45:11.694 [FXGL Background Thread 3 ] DEBUG Engine               - actualWidth: 800.0
22:45:11.694 [FXGL Background Thread 3 ] DEBUG Engine               - actualWidthProperty: ReadOnlyDoubleProperty [value: 800.0]
22:45:11.694 [FXGL Background Thread 3 ] DEBUG Engine               - appIcon: icono.png
22:45:11.694 [FXGL Background Thread 3 ] DEBUG Engine               - applicationMode: DEVELOPER
22:45:11.694 [FXGL Background Thread 3 ] DEBUG Engine               - cSSList: [fxgl_dark.css]
22:45:11.694 [FXGL Background Thread 3 ] DEBUG Engine               - collisionDetectionStrategy: BRUTE_FORCE
22:45:11.694 [FXGL Background Thread 3 ] DEBUG Engine               - configClass: Optional.empty
22:45:11.694 [FXGL Background Thread 3 ] DEBUG Engine               - credits: []
22:45:11.695 [FXGL Background Thread 3 ] DEBUG Engine               - defaultCursor: CursorInfo(imageName=fxgl_default_cursor.png, hotspotX=7.0, hotspotY=6.0)
22:45:11.695 [FXGL Background Thread 3 ] DEBUG Engine               - devBBoxColorProperty: ObjectProperty [value: 0xff0000ff]
22:45:11.695 [FXGL Background Thread 3 ] DEBUG Engine               - devEnableDebugCameraProperty: BooleanProperty [value: false]
22:45:11.695 [FXGL Background Thread 3 ] DEBUG Engine               - devSensorColorProperty: ObjectProperty [value: 0xffff00ff]
22:45:11.695 [FXGL Background Thread 3 ] DEBUG Engine               - devShowBBoxProperty: BooleanProperty [value: false]
22:45:11.695 [FXGL Background Thread 3 ] DEBUG Engine               - devShowPositionProperty: BooleanProperty [value: false]
22:45:11.695 [FXGL Background Thread 3 ] DEBUG Engine               - enabledMenuItems: []
22:45:11.695 [FXGL Background Thread 3 ] DEBUG Engine               - engineServices: [class com.almasb.fxgl.app.services.FXGLAssetLoaderService, class com.almasb.fxgl.app.FXGLApplication$GameApplicationService, class com.almasb.fxgl.app.services.FXGLDialogService, class com.almasb.fxgl.app.services.IOTaskExecutorService, class com.almasb.fxgl.io.FileSystemService, class com.almasb.fxgl.localization.LocalizationService, class com.almasb.fxgl.app.services.SystemBundleService, class com.almasb.fxgl.profile.SaveLoadService, class com.almasb.fxgl.ui.FXGLUIFactoryServiceProvider, class com.almasb.fxgl.ui.FXGLDialogFactoryServiceProvider, class com.almasb.fxgl.audio.AudioPlayer, class com.almasb.fxgl.notification.impl.NotificationServiceProvider, class com.almasb.fxgl.achievement.AchievementService, class com.almasb.fxgl.cutscene.CutsceneService, class com.almasb.fxgl.minigames.MiniGameService, class com.almasb.fxgl.net.NetService, class com.almasb.fxgl.app.services.UpdaterService, class com.almasb.fxgl.dev.DevService]
22:45:11.695 [FXGL Background Thread 3 ] DEBUG Engine               - fontGame: Abel-Regular.ttf
22:45:11.695 [FXGL Background Thread 3 ] DEBUG Engine               - fontMono: TerminalLandMono-Regular.otf
22:45:11.695 [FXGL Background Thread 3 ] DEBUG Engine               - fontSizeScaleUI: 1.0
22:45:11.696 [FXGL Background Thread 3 ] DEBUG Engine               - fontText: Courier-Prime.ttf
22:45:11.696 [FXGL Background Thread 3 ] DEBUG Engine               - fontUI: VarelaRound-Regular.ttf
22:45:11.696 [FXGL Background Thread 3 ] DEBUG Engine               - fullScreen: BooleanProperty [value: false]
22:45:11.696 [FXGL Background Thread 3 ] DEBUG Engine               - gameDifficulty: MEDIUM
22:45:11.697 [FXGL Background Thread 3 ] DEBUG Engine               - gameDifficultyProperty: ObjectProperty [value: MEDIUM]
22:45:11.697 [FXGL Background Thread 3 ] DEBUG Engine               - globalMusicVolume: 0.5
22:45:11.697 [FXGL Background Thread 3 ] DEBUG Engine               - globalMusicVolumeProperty: DoubleProperty [value: 0.4]
22:45:11.697 [FXGL Background Thread 3 ] DEBUG Engine               - globalSoundVolume: 0.5
22:45:11.697 [FXGL Background Thread 3 ] DEBUG Engine               - globalSoundVolumeProperty: DoubleProperty [value: 0.5]
22:45:11.697 [FXGL Background Thread 3 ] DEBUG Engine               - height: 600
22:45:11.697 [FXGL Background Thread 3 ] DEBUG Engine               - is3D: false
22:45:11.697 [FXGL Background Thread 3 ] DEBUG Engine               - isAndroid: false
22:45:11.697 [FXGL Background Thread 3 ] DEBUG Engine               - isBrowser: false
22:45:11.698 [FXGL Background Thread 3 ] DEBUG Engine               - isClickFeedbackEnabled: false
22:45:11.698 [FXGL Background Thread 3 ] DEBUG Engine               - isCloseConfirmation: false
22:45:11.698 [FXGL Background Thread 3 ] DEBUG Engine               - isDesktop: true
22:45:11.698 [FXGL Background Thread 3 ] DEBUG Engine               - isDeveloperMenuEnabled: false
22:45:11.698 [FXGL Background Thread 3 ] DEBUG Engine               - isEmbedded: false
22:45:11.698 [FXGL Background Thread 3 ] DEBUG Engine               - isEntityPreloadEnabled: true
22:45:11.698 [FXGL Background Thread 3 ] DEBUG Engine               - isExperimentalTiledLargeMap: false
22:45:11.698 [FXGL Background Thread 3 ] DEBUG Engine               - isFileSystemWriteAllowed: true
22:45:11.698 [FXGL Background Thread 3 ] DEBUG Engine               - isFullScreenAllowed: false
22:45:11.698 [FXGL Background Thread 3 ] DEBUG Engine               - isFullScreenFromStart: false
22:45:11.698 [FXGL Background Thread 3 ] DEBUG Engine               - isGameMenuEnabled: true
22:45:11.698 [FXGL Background Thread 3 ] DEBUG Engine               - isIOS: false
22:45:11.699 [FXGL Background Thread 3 ] DEBUG Engine               - isIntroEnabled: false
22:45:11.699 [FXGL Background Thread 3 ] DEBUG Engine               - isLinux: false
22:45:11.699 [FXGL Background Thread 3 ] DEBUG Engine               - isMac: false
22:45:11.699 [FXGL Background Thread 3 ] DEBUG Engine               - isMainMenuEnabled: false
22:45:11.699 [FXGL Background Thread 3 ] DEBUG Engine               - isManualResizeEnabled: false
22:45:11.699 [FXGL Background Thread 3 ] DEBUG Engine               - isMobile: false
22:45:11.699 [FXGL Background Thread 3 ] DEBUG Engine               - isNative: false
22:45:11.699 [FXGL Background Thread 3 ] DEBUG Engine               - isPauseMusicWhenMinimized: true
22:45:11.699 [FXGL Background Thread 3 ] DEBUG Engine               - isPreserveResizeRatio: false
22:45:11.699 [FXGL Background Thread 3 ] DEBUG Engine               - isProfilingEnabled: false
22:45:11.699 [FXGL Background Thread 3 ] DEBUG Engine               - isScaleAffectedOnResize: true
22:45:11.699 [FXGL Background Thread 3 ] DEBUG Engine               - isSingleStep: false
22:45:11.699 [FXGL Background Thread 3 ] DEBUG Engine               - isUserProfileEnabled: false
22:45:11.699 [FXGL Background Thread 3 ] DEBUG Engine               - isWindows: true
22:45:11.699 [FXGL Background Thread 3 ] DEBUG Engine               - language: ObjectProperty [value: ENGLISH]
22:45:11.699 [FXGL Background Thread 3 ] DEBUG Engine               - menuKey: ESCAPE
22:45:11.699 [FXGL Background Thread 3 ] DEBUG Engine               - mouseSensitivity: 0.2
22:45:11.699 [FXGL Background Thread 3 ] DEBUG Engine               - notificationViewClass: class com.almasb.fxgl.notification.view.XboxNotificationView
22:45:11.700 [FXGL Background Thread 3 ] DEBUG Engine               - pixelsPerMeter: 50.0
22:45:11.700 [FXGL Background Thread 3 ] DEBUG Engine               - platform: WINDOWS
22:45:11.700 [FXGL Background Thread 3 ] DEBUG Engine               - prefHeightProperty: ReadOnlyDoubleProperty [value: 600.0]
22:45:11.700 [FXGL Background Thread 3 ] DEBUG Engine               - prefWidthProperty: ReadOnlyDoubleProperty [value: 800.0]
22:45:11.700 [FXGL Background Thread 3 ] DEBUG Engine               - profileDir: profiles/
22:45:11.700 [FXGL Background Thread 3 ] DEBUG Engine               - profileName: StringProperty [value: DEFAULT]
22:45:11.700 [FXGL Background Thread 3 ] DEBUG Engine               - randomSeed: -1
22:45:11.700 [FXGL Background Thread 3 ] DEBUG Engine               - runtimeInfo: RuntimeInfo(platform=WINDOWS, version=21.1, build=26.03.2024 17.33)
22:45:11.700 [FXGL Background Thread 3 ] DEBUG Engine               - saveFileExt: sav
22:45:11.701 [FXGL Background Thread 3 ] DEBUG Engine               - scaledHeightProp$fxgl: DoubleProperty [bound, value: 600.0]
22:45:11.701 [FXGL Background Thread 3 ] DEBUG Engine               - scaledWidthProp$fxgl: DoubleProperty [bound, value: 800.0]
22:45:11.701 [FXGL Background Thread 3 ] DEBUG Engine               - sceneFactory: com.almasb.fxgl.app.scene.SceneFactory@4e7a27e9
22:45:11.701 [FXGL Background Thread 3 ] DEBUG Engine               - secondsIn24h: 60
22:45:11.701 [FXGL Background Thread 3 ] DEBUG Engine               - soundMenuBack: menu/back.wav
22:45:11.701 [FXGL Background Thread 3 ] DEBUG Engine               - soundMenuPress: menu/press.wav
22:45:11.701 [FXGL Background Thread 3 ] DEBUG Engine               - soundMenuSelect: menu/select.wav
22:45:11.701 [FXGL Background Thread 3 ] DEBUG Engine               - soundNotification: core/notification.wav
22:45:11.701 [FXGL Background Thread 3 ] DEBUG Engine               - stageStyle: DECORATED
22:45:11.701 [FXGL Background Thread 3 ] DEBUG Engine               - supportedLanguages: [ENGLISH, FRENCH, GERMAN, HUNGARIAN, RUSSIAN]
22:45:11.701 [FXGL Background Thread 3 ] DEBUG Engine               - ticksPerSecond: -1
22:45:11.701 [FXGL Background Thread 3 ] DEBUG Engine               - title: Among Us UNEG
22:45:11.701 [FXGL Background Thread 3 ] DEBUG Engine               - urlGithub: https://github.com/AlmasB/FXGL
22:45:11.701 [FXGL Background Thread 3 ] DEBUG Engine               - urlLeaderboard: http://fxgl-top.herokuapp.com/
22:45:11.701 [FXGL Background Thread 3 ] DEBUG Engine               - urlPOM: https://raw.githubusercontent.com/AlmasB/FXGL/release/README.md
22:45:11.701 [FXGL Background Thread 3 ] DEBUG Engine               - userAppClass: class main.java.amongUs.AppPrincipal
22:45:11.701 [FXGL Background Thread 3 ] DEBUG Engine               - version: 0.0
22:45:11.701 [FXGL Background Thread 3 ] DEBUG Engine               - versionCheckDays: 7
22:45:11.701 [FXGL Background Thread 3 ] DEBUG Engine               - width: 800
22:45:11.701 [FXGL Background Thread 3 ] DEBUG Engine               - Logging services
22:45:11.701 [FXGL Background Thread 3 ] DEBUG Engine               - class com.almasb.fxgl.app.services.FXGLAssetLoaderService
22:45:11.701 [FXGL Background Thread 3 ] DEBUG Engine               - class com.almasb.fxgl.app.FXGLApplication$GameApplicationService
22:45:11.701 [FXGL Background Thread 3 ] DEBUG Engine               - class com.almasb.fxgl.app.services.FXGLDialogService
22:45:11.701 [FXGL Background Thread 3 ] DEBUG Engine               - class com.almasb.fxgl.app.services.IOTaskExecutorService
22:45:11.701 [FXGL Background Thread 3 ] DEBUG Engine               - class com.almasb.fxgl.io.FileSystemService
22:45:11.701 [FXGL Background Thread 3 ] DEBUG Engine               - class com.almasb.fxgl.localization.LocalizationService
22:45:11.701 [FXGL Background Thread 3 ] DEBUG Engine               - class com.almasb.fxgl.app.services.SystemBundleService
22:45:11.701 [FXGL Background Thread 3 ] DEBUG Engine               - class com.almasb.fxgl.profile.SaveLoadService
22:45:11.701 [FXGL Background Thread 3 ] DEBUG Engine               - class com.almasb.fxgl.ui.FXGLUIFactoryServiceProvider
22:45:11.701 [FXGL Background Thread 3 ] DEBUG Engine               - class com.almasb.fxgl.ui.FXGLDialogFactoryServiceProvider
22:45:11.701 [FXGL Background Thread 3 ] DEBUG Engine               - class com.almasb.fxgl.audio.AudioPlayer
22:45:11.701 [FXGL Background Thread 3 ] DEBUG Engine               - class com.almasb.fxgl.notification.impl.NotificationServiceProvider
22:45:11.701 [FXGL Background Thread 3 ] DEBUG Engine               - class com.almasb.fxgl.achievement.AchievementService
22:45:11.701 [FXGL Background Thread 3 ] DEBUG Engine               - class com.almasb.fxgl.cutscene.CutsceneService
22:45:11.701 [FXGL Background Thread 3 ] DEBUG Engine               - class com.almasb.fxgl.minigames.MiniGameService
22:45:11.701 [FXGL Background Thread 3 ] DEBUG Engine               - class com.almasb.fxgl.net.NetService
22:45:11.701 [FXGL Background Thread 3 ] DEBUG Engine               - class com.almasb.fxgl.app.services.UpdaterService
22:45:11.701 [FXGL Background Thread 3 ] DEBUG Engine               - class com.almasb.fxgl.dev.DevService
22:45:13.235 [JavaFX Application Thread] DEBUG FXGLAssetLoaderServi - Loading from file system: file:/C:/Users/nicol/Desktop/amongu/out/production/Among%20Us/assets/textures/tripulante_blanco.png
22:45:14.103 [JavaFX Application Thread] WARN  TMXLevelLoader       - TiledMap generated from 1.11.2. Supported version: 1.9.0. Some features may not be parsed fully.
22:45:14.126 [JavaFX Application Thread] DEBUG TMXLevelLoader       - Parsed TiledMap: file:/C:/Users/nicol/Desktop/amongu/out/production/Among%20Us/assets/levels/mapa2.tmx
22:45:14.127 [JavaFX Application Thread] DEBUG TMXLevelLoader       - Creating tile layer entities
22:45:14.128 [JavaFX Application Thread] DEBUG TilesetLoader        - Loading view for layer fondo1
22:45:14.129 [JavaFX Application Thread] DEBUG TilesetLoader        - Created buffer with size 992.0x960.0
22:45:14.134 [JavaFX Application Thread] DEBUG TilesetLoader        - Loading view for layer fondo
22:45:14.135 [JavaFX Application Thread] DEBUG TilesetLoader        - Created buffer with size 992.0x960.0
22:45:14.136 [JavaFX Application Thread] DEBUG TilesetLoader        - Loading view for layer piso
22:45:14.137 [JavaFX Application Thread] DEBUG TilesetLoader        - Created buffer with size 992.0x960.0
22:45:14.139 [JavaFX Application Thread] DEBUG TilesetLoader        - Loading view for layer piso1
22:45:14.140 [JavaFX Application Thread] DEBUG TilesetLoader        - Created buffer with size 992.0x960.0
22:45:14.144 [JavaFX Application Thread] DEBUG TilesetLoader        - Loading view for layer izquierda
22:45:14.144 [JavaFX Application Thread] DEBUG TilesetLoader        - Created buffer with size 992.0x960.0
22:45:14.149 [JavaFX Application Thread] DEBUG TilesetLoader        - Loading view for layer detallesatraspared
22:45:14.149 [JavaFX Application Thread] DEBUG TilesetLoader        - Created buffer with size 992.0x960.0
22:45:14.165 [JavaFX Application Thread] DEBUG TilesetLoader        - Loading view for layer pared2
22:45:14.165 [JavaFX Application Thread] DEBUG TilesetLoader        - Created buffer with size 992.0x960.0
22:45:14.169 [JavaFX Application Thread] DEBUG TilesetLoader        - Loading view for layer techo1
22:45:14.169 [JavaFX Application Thread] DEBUG TilesetLoader        - Created buffer with size 992.0x960.0
22:45:14.170 [JavaFX Application Thread] DEBUG TilesetLoader        - Loading view for layer techo2
22:45:14.171 [JavaFX Application Thread] DEBUG TilesetLoader        - Created buffer with size 992.0x960.0
22:45:14.173 [JavaFX Application Thread] DEBUG TilesetLoader        - Loading view for layer puertita
22:45:14.174 [JavaFX Application Thread] DEBUG TilesetLoader        - Created buffer with size 992.0x960.0
22:45:14.174 [JavaFX Application Thread] DEBUG TilesetLoader        - Loading view for layer puerta
22:45:14.174 [JavaFX Application Thread] DEBUG TilesetLoader        - Created buffer with size 992.0x960.0
22:45:14.175 [JavaFX Application Thread] DEBUG TilesetLoader        - Loading view for layer detalles
22:45:14.175 [JavaFX Application Thread] DEBUG TilesetLoader        - Created buffer with size 992.0x960.0
22:45:14.185 [JavaFX Application Thread] DEBUG TilesetLoader        - Loading view for layer detalles 2
22:45:14.185 [JavaFX Application Thread] DEBUG TilesetLoader        - Created buffer with size 992.0x960.0
22:45:14.192 [JavaFX Application Thread] DEBUG TilesetLoader        - Loading view for layer detalles3
22:45:14.192 [JavaFX Application Thread] DEBUG TilesetLoader        - Created buffer with size 992.0x960.0
22:45:14.204 [JavaFX Application Thread] DEBUG TilesetLoader        - Loading view for layer grieta
22:45:14.205 [JavaFX Application Thread] DEBUG TilesetLoader        - Created buffer with size 992.0x960.0
22:45:14.205 [JavaFX Application Thread] DEBUG TilesetLoader        - Loading view for layer camaras
22:45:14.205 [JavaFX Application Thread] DEBUG TilesetLoader        - Created buffer with size 992.0x960.0
22:45:14.206 [JavaFX Application Thread] DEBUG TilesetLoader        - Loading view for layer Techo
22:45:14.207 [JavaFX Application Thread] DEBUG TilesetLoader        - Created buffer with size 992.0x960.0
22:45:14.213 [JavaFX Application Thread] DEBUG TMXLevelLoader       - Creating object layer entities
22:45:14.246 [JavaFX Application Thread] DEBUG GameWorld            - Clearing removable entities
22:45:14.246 [JavaFX Application Thread] DEBUG GameWorld            - Setting level: com.almasb.fxgl.entity.level.Level@43f6643e
22:45:14.256 [JavaFX Application Thread] DEBUG FXGLAssetLoaderServi - Loading from file system: file:/C:/Users/nicol/Desktop/amongu/out/production/Among%20Us/assets/textures/MonitorDeCamaras.png
22:45:14.276 [JavaFX Application Thread] DEBUG FXGLAssetLoaderServi - Loading from file system: file:/C:/Users/nicol/Desktop/amongu/out/production/Among%20Us/assets/textures/flechaAmarillaIzq.png
22:45:14.278 [JavaFX Application Thread] DEBUG FXGLAssetLoaderServi - Loading from file system: file:/C:/Users/nicol/Desktop/amongu/out/production/Among%20Us/assets/textures/flechaAmarillaDer.png
22:45:14.284 [JavaFX Application Thread] DEBUG FXGLAssetLoaderServi - Loading from file system: file:/C:/Users/nicol/Desktop/amongu/out/production/Among%20Us/assets/textures/animacion_fantasma.png
22:45:14.286 [JavaFX Application Thread] DEBUG FXGLAssetLoaderServi - Loading from file system: file:/C:/Users/nicol/Desktop/amongu/out/production/Among%20Us/assets/textures/blanco_muerto.png
22:45:14.288 [JavaFX Application Thread] DEBUG FXGLAssetLoaderServi - Loading from file system: file:/C:/Users/nicol/Desktop/amongu/out/production/Among%20Us/assets/textures/animacion_blanco.png
22:45:14.292 [JavaFX Application Thread] DEBUG FXGLAssetLoaderServi - Loading from file system: file:/C:/Users/nicol/Desktop/amongu/out/production/Among%20Us/assets/textures/alcantarilla_blanco.png
22:45:14.293 [JavaFX Application Thread] DEBUG FXGLAssetLoaderServi - Loading from file system: file:/C:/Users/nicol/Desktop/amongu/out/production/Among%20Us/assets/textures/alcantarilla_blancoE.png
22:45:14.299 [JavaFX Application Thread] DEBUG FXGLAssetLoaderServi - Loading from file system: file:/C:/Users/nicol/Desktop/amongu/out/production/Among%20Us/assets/textures/accionNegada.png
22:45:14.304 [JavaFX Application Thread] DEBUG FXGLAssetLoaderServi - Loading from file system: file:/C:/Users/nicol/Desktop/amongu/out/production/Among%20Us/assets/textures/matarNegado.png
22:45:14.309 [JavaFX Application Thread] DEBUG FXGLAssetLoaderServi - Loading from file system: file:/C:/Users/nicol/Desktop/amongu/out/production/Among%20Us/assets/textures/sabotaje.png
22:45:14.313 [JavaFX Application Thread] DEBUG FXGLAssetLoaderServi - Loading from file system: file:/C:/Users/nicol/Desktop/amongu/out/production/Among%20Us/assets/textures/pantalla_impostor.png
22:45:20.604 [JavaFX Application Thread] DEBUG LoopRunner           - Stopping loop
22:45:20.606 [JavaFX Application Thread] FATAL FXGLApplication      - Uncaught Exception:
java.lang.IllegalArgumentException: Component TripulanteComponent not found!
	at com.almasb.fxgl.entity.Entity.getComponent(Entity.java:366)
	at main.java.amongUs.AppPrincipal$2.onAction(AppPrincipal.java:78)
	at com.almasb.fxgl.input.UserAction.action$fxgl_core(UserAction.kt:38)
	at com.almasb.fxgl.input.Input.update(Input.kt:278)
	at com.almasb.fxgl.scene.Scene.update(Scene.kt:103)
	at com.almasb.fxgl.app.MainWindow$update$1.invoke(MainWindow.kt:121)
	at com.almasb.fxgl.app.MainWindow$update$1.invoke(MainWindow.kt:121)
	at com.almasb.fxgl.core.fsm.StateMachine.runOnActiveStates(StateMachine.kt:69)
	at com.almasb.fxgl.app.MainWindow.update(MainWindow.kt:121)
	at com.almasb.fxgl.app.FXGLApplication$GameApplicationService.onUpdate(FXGLApplication.kt:445)
	at com.almasb.fxgl.app.Engine.loop(Engine.kt:134)
	at com.almasb.fxgl.app.Engine.access$loop(Engine.kt:24)
	at com.almasb.fxgl.app.Engine$loop$1.invoke(Engine.kt:28)
	at com.almasb.fxgl.app.Engine$loop$1.invoke(Engine.kt:28)
	at com.almasb.fxgl.app.LoopRunner.frame(LoopRunner.kt:103)
	at com.almasb.fxgl.app.LoopRunner.access$frame(LoopRunner.kt:23)
	at com.almasb.fxgl.app.LoopRunner$impl$2$1.onTick(LoopRunner.kt:57)
	at com.almasb.fxgl.app.AnimationTimerLoop$timer$1.handle(LoopRunner.kt:137)
	at javafx.animation.AnimationTimer$AnimationTimerReceiver.lambda$handle$0(AnimationTimer.java:58)
	at java.base/java.security.AccessController.doPrivileged(AccessController.java:138)
	at javafx.animation.AnimationTimer$AnimationTimerReceiver.handle(AnimationTimer.java:57)
	at com.sun.scenario.animation.AbstractPrimaryTimer.timePulseImpl(AbstractPrimaryTimer.java:356)
	at com.sun.scenario.animation.AbstractPrimaryTimer$MainLoop.run(AbstractPrimaryTimer.java:266)
	at com.sun.javafx.tk.quantum.QuantumToolkit.pulse(QuantumToolkit.java:588)
	at com.sun.javafx.tk.quantum.QuantumToolkit.pulse(QuantumToolkit.java:572)
	at com.sun.javafx.tk.quantum.QuantumToolkit.pulseFromQueue(QuantumToolkit.java:565)
	at com.sun.javafx.tk.quantum.QuantumToolkit.lambda$runToolkit$11(QuantumToolkit.java:352)
	at com.sun.glass.ui.InvokeLaterDispatcher$Future.run(InvokeLaterDispatcher.java:95)
	at com.sun.glass.ui.win.WinApplication._runLoop(Native Method)
	at com.sun.glass.ui.win.WinApplication.lambda$runLoop$3(WinApplication.java:185)
	at java.base/java.lang.Thread.run(Thread.java:1474)

22:45:20.606 [JavaFX Application Thread] FATAL FXGLApplication      - Application will now exit
22:45:20.616 [JavaFX Application Thread] DEBUG PrimaryStageWindow   - Push state: ErrorSubScene
22:45:20.616 [JavaFX Application Thread] DEBUG Input                - Clearing active input actions
22:45:20.618 [JavaFX Application Thread] DEBUG GameApplicationServi - Removing overlay from GameScene and adding to ErrorSubScene
22:45:20.618 [JavaFX Application Thread] DEBUG PrimaryStageWindow   - GameScene -> ErrorSubScene
22:45:24.602 [JavaFX Application Thread] DEBUG FXGLApplication      - Exiting FXGL
22:45:24.602 [JavaFX Application Thread] DEBUG Async                - Shutting down background threads
22:45:24.602 [JavaFX Application Thread] DEBUG PrimaryStageWindow   - Closing main window
22:45:24.626 [JavaFX Application Thread] DEBUG Logger               - Closing Logger
