01:51:11.193 [main                     ] DEBUG Logger               - Configured Logger
01:51:11.215 [main                     ] DEBUG GameApplication      - Logging settings
Title: Among Us UNEG
Version: 0.0
Width: 800
Height: 600
Fullscreen: false
Intro: false
Profiling: false
Single step:false
App Mode: DEVELOPER
Menu Key: ESCAPE
Stage Style: DECORATED
Scene Factory: class com.almasb.fxgl.app.scene.SceneFactory

01:51:12.030 [JavaFX Application Thread] DEBUG FXGLApplication      - Initializing FXGL
01:51:12.036 [JavaFX Application Thread] INFO  Engine               - FXGL-21.1 (26.03.2024 17.33) on WINDOWS (J:25.0.2 FX:21.0.1)
01:51:12.036 [JavaFX Application Thread] DEBUG Engine               - JRE Vendor Name: Oracle Corporation
01:51:12.039 [JavaFX Application Thread] DEBUG Engine               - Running on OS: Windows 11 version 10.0
01:51:12.039 [JavaFX Application Thread] DEBUG Engine               - Architecture: amd64
01:51:12.039 [JavaFX Application Thread] INFO  Engine               - Source code and latest versions at: https://github.com/AlmasB/FXGL
01:51:12.040 [JavaFX Application Thread] INFO  Engine               -       Ask questions and discuss at: https://github.com/AlmasB/FXGL/discussions
01:51:12.040 [JavaFX Application Thread] INFO  Engine               -              Join the FXGL chat at: https://gitter.im/AlmasB/FXGL
01:51:12.222 [JavaFX Application Thread] DEBUG PrimaryStageWindow   - Creating a JavaFX scene
01:51:12.332 [JavaFX Application Thread] DEBUG PrimaryStageWindow   - Target settings size: 800.0 x 600.0
01:51:12.333 [JavaFX Application Thread] DEBUG PrimaryStageWindow   - Scaled scene size:    800.0 x 600.0
01:51:12.333 [JavaFX Application Thread] DEBUG PrimaryStageWindow   - Scaled ratio: (1.0, 1.0)
01:51:12.334 [JavaFX Application Thread] DEBUG PrimaryStageWindow   - Set initial scene to FXGLStartupScene
01:51:12.344 [JavaFX Application Thread] DEBUG PrimaryStageWindow   - Opening main window
01:51:12.498 [JavaFX Application Thread] DEBUG PrimaryStageWindow   - Window border size: (16.0, 39.0)
01:51:12.499 [JavaFX Application Thread] DEBUG PrimaryStageWindow   - Scaled size: 800.0 x 600.0
01:51:12.499 [JavaFX Application Thread] DEBUG PrimaryStageWindow   - Scaled ratio: (1.0, 1.0)
01:51:12.499 [JavaFX Application Thread] DEBUG PrimaryStageWindow   - Scene size: 800.0 x 600.0
01:51:12.499 [JavaFX Application Thread] DEBUG PrimaryStageWindow   - Stage size: 816.0 x 639.0
01:51:12.521 [FXGL Background Thread 1 ] DEBUG Engine               - Initializing environment variables
01:51:12.760 [FXGL Background Thread 1 ] DEBUG FXGLAssetLoaderServi - User app class for loading assets: class main.java.amongUs.AppPrincipal
01:51:12.761 [FXGL Background Thread 1 ] DEBUG GameApplicationServi - Applying CSS: fxgl_dark.css
01:51:12.762 [FXGL Background Thread 1 ] DEBUG FXGLAssetLoaderServi - Loading from file system: jar:file:/C:/Users/josue/OneDrive/Desktop/proyecto%20java/Among%20Us/lib/fxgl-21.1-uber.jar!/fxglassets/ui/css/fxgl_dark.css
01:51:12.934 [FXGL Background Thread 1 ] DEBUG GameApplicationServi - Initializing application scenes
01:51:13.015 [FXGL Background Thread 1 ] DEBUG GameWorld            - Game world initialized
01:51:13.189 [FXGL Background Thread 1 ] DEBUG PhysicsWorld         - Physics world initialized: appHeight=600, physics.ppm=50,0
01:51:13.193 [FXGL Background Thread 1 ] DEBUG PhysicsWorld         - Using strategy: BRUTE_FORCE
01:51:13.203 [FXGL Background Thread 1 ] DEBUG GameScene            - Game scene initialized: 800x600
01:51:13.240 [FXGL Background Thread 1 ] DEBUG FXGL.DefaultMenu     - createMenuBodyGameMenu()
01:51:13.274 [FXGL Background Thread 1 ] DEBUG FXGL.DefaultMenu     - createOptionsMenu()
01:51:13.294 [FXGL Background Thread 1 ] DEBUG FXGLAssetLoaderServi - Loading from file system: jar:file:/C:/Users/josue/OneDrive/Desktop/proyecto%20java/Among%20Us/lib/fxgl-21.1-uber.jar!/fxglassets/textures/particles/smoke.png
01:51:13.514 [FXGL Background Thread 1 ] DEBUG FXGLAssetLoaderServi - Loading from file system: jar:file:/C:/Users/josue/OneDrive/Desktop/proyecto%20java/Among%20Us/lib/fxgl-21.1-uber.jar!/fxglassets/textures/particles/trace_horizontal.png
01:51:13.572 [FXGL Background Thread 1 ] DEBUG GameApplicationServi - Application scenes initialized
01:51:13.610 [FXGL Background Thread 1 ] DEBUG SystemBundleService  - Loading FXGL system data
01:51:13.617 [FXGL Background Thread 1 ] DEBUG FileSystemAccess     - Reading from: C:\Users\josue\OneDrive\Desktop\proyecto java\Among Us\system\fxgl.bundle
01:51:13.627 [FXGL Background Thread 1 ] DEBUG SystemBundleService  - Bundle FXGL: {}
01:51:13.627 [FXGL Background Thread 1 ] DEBUG UpdaterService       - Checking for updates
01:51:13.637 [FXGL Background Thread 1 ] DEBUG FXGLApplication      - Loading default localization
01:51:13.639 [FXGL Background Thread 1 ] DEBUG FXGLAssetLoaderServi - Loading from file system: jar:file:/C:/Users/josue/OneDrive/Desktop/proyecto%20java/Among%20Us/lib/fxgl-21.1-uber.jar!/fxglassets/languages/english.lang
01:51:13.640 [FXGL Background Thread 4 ] DEBUG FXGLApplication      - Loading fonts
01:51:13.643 [FXGL Background Thread 4 ] DEBUG FXGLAssetLoaderServi - Loading from file system: jar:file:/C:/Users/josue/OneDrive/Desktop/proyecto%20java/Among%20Us/lib/fxgl-21.1-uber.jar!/fxglassets/ui/fonts/VarelaRound-Regular.ttf
01:51:13.740 [FXGL Background Thread 1 ] INFO  FXGLApplication      - FXGL initialization took: 1,218 sec
01:51:13.777 [JavaFX Application Thread] DEBUG Input                - Registered new binding: Mover Arriba - W
01:51:13.778 [JavaFX Application Thread] DEBUG Input                - Registered new binding: Mover Abajo - S
01:51:13.780 [JavaFX Application Thread] DEBUG Input                - Registered new binding: Mover Izquierda - A
01:51:13.781 [JavaFX Application Thread] DEBUG Input                - Registered new binding: Mover Derecha - D
01:51:13.782 [JavaFX Application Thread] DEBUG Input                - Registered new binding: Abrir Camaras - C
01:51:13.783 [JavaFX Application Thread] DEBUG Input                - Registered new binding: Usar Alcantarilla - Space
01:51:13.783 [JavaFX Application Thread] DEBUG Input                - Registered new binding: Vent Izquierda - Left
01:51:13.783 [JavaFX Application Thread] DEBUG Input                - Registered new binding: Vent Derecha - Right
01:51:13.783 [JavaFX Application Thread] DEBUG Input                - Registered new binding: Vent Arriba - Up
01:51:13.783 [JavaFX Application Thread] DEBUG Input                - Registered new binding: Vent Abajo - Down
01:51:13.783 [JavaFX Application Thread] DEBUG Input                - Registered new binding: Matar Jugador - Q
01:51:13.784 [JavaFX Application Thread] DEBUG FXGLAssetLoaderServi - Loading from file system: file:/C:/Users/josue/OneDrive/Desktop/proyecto%20java/Among%20Us/out/production/Among%20Us/assets/textures/icono.png
01:51:13.906 [JavaFX Application Thread] DEBUG FXGLAssetLoaderServi - Loading from file system: jar:file:/C:/Users/josue/OneDrive/Desktop/proyecto%20java/Among%20Us/lib/fxgl-21.1-uber.jar!/fxglassets/textures/fxgl_default_cursor.png
01:51:13.933 [FXGL Background Thread 4 ] DEBUG FXGLAssetLoaderServi - Loading from file system: jar:file:/C:/Users/josue/OneDrive/Desktop/proyecto%20java/Among%20Us/lib/fxgl-21.1-uber.jar!/fxglassets/ui/fonts/Abel-Regular.ttf
01:51:13.941 [JavaFX Application Thread] DEBUG Input                - Registered new binding: Screenshot - CTRL+8
01:51:13.943 [JavaFX Application Thread] DEBUG Input                - Registered new binding: System info dump - CTRL+9
01:51:13.955 [JavaFX Application Thread] DEBUG Input                - Registered new binding: Restart - CTRL+R
01:51:13.956 [JavaFX Application Thread] DEBUG Input                - Registered new binding: Toggle Debug Camera - CTRL+7
01:51:13.967 [FXGL Background Thread 4 ] DEBUG FXGLAssetLoaderServi - Loading from file system: jar:file:/C:/Users/josue/OneDrive/Desktop/proyecto%20java/Among%20Us/lib/fxgl-21.1-uber.jar!/fxglassets/ui/fonts/TerminalLandMono-Regular.otf
01:51:13.981 [JavaFX Application Thread] DEBUG LoopRunner           - Starting loop
01:51:13.982 [JavaFX Application Thread] DEBUG LoopRunner           - Initializing JavaFX AnimationTimerLoop
01:51:13.985 [JavaFX Application Thread] DEBUG GameApplicationServi - Starting new game
01:51:13.985 [JavaFX Application Thread] DEBUG Input                - Clearing active input actions
01:51:13.991 [FXGL Background Thread 4 ] DEBUG FXGLAssetLoaderServi - Loading from file system: jar:file:/C:/Users/josue/OneDrive/Desktop/proyecto%20java/Among%20Us/lib/fxgl-21.1-uber.jar!/fxglassets/ui/fonts/Courier-Prime.ttf
01:51:14.095 [JavaFX Application Thread] DEBUG GameApplicationServi - Removing overlay from FXGLStartupScene and adding to FXGLLoadingScene
01:51:14.096 [JavaFX Application Thread] DEBUG PrimaryStageWindow   - FXGLStartupScene -> FXGLLoadingScene
01:51:14.096 [JavaFX Application Thread] DEBUG GameApplicationServi - Clearing previous game
01:51:14.096 [JavaFX Application Thread] DEBUG GameScene            - Clearing game scene
01:51:14.097 [JavaFX Application Thread] DEBUG GameWorld            - Clearing game world
01:51:14.103 [JavaFX Application Thread] DEBUG PhysicsWorld         - Clearing physics world
01:51:14.107 [FXGL Background Thread 4 ] DEBUG FXGLApplication      - Initializing game
01:51:14.139 [FXGL Background Thread 4 ] DEBUG FXGLAssetLoaderServi - Loading from file system: file:/C:/Users/josue/OneDrive/Desktop/proyecto%20java/Among%20Us/out/production/Among%20Us/assets/textures/MonitorDeCamaras.png
01:51:14.245 [FXGL Background Thread 4 ] DEBUG FXGLAssetLoaderServi - Loading from file system: file:/C:/Users/josue/OneDrive/Desktop/proyecto%20java/Among%20Us/out/production/Among%20Us/assets/textures/flechaAmarillaIzq.png
01:51:14.263 [FXGL Background Thread 4 ] DEBUG FXGLAssetLoaderServi - Loading from file system: file:/C:/Users/josue/OneDrive/Desktop/proyecto%20java/Among%20Us/out/production/Among%20Us/assets/textures/flechaAmarillaDer.png
01:51:14.286 [FXGL Background Thread 4 ] DEBUG FXGLAssetLoaderServi - Loading from file system: file:/C:/Users/josue/OneDrive/Desktop/proyecto%20java/Among%20Us/out/production/Among%20Us/assets/music/musicaMenu.mp3
01:51:14.381 [JavaFX Application Thread] DEBUG FXGLApplication      - Registering font factories with UI factory
01:51:16.280 [FXGL Background Thread 2 ] INFO  UpdaterService       - Your current version:  21.1
01:51:16.282 [FXGL Background Thread 2 ] INFO  UpdaterService       - Latest stable version: 25
01:51:16.341 [FXGL Background Thread 4 ] DEBUG AudioPlayer          - Playing music com.almasb.fxgl.audio.Music@4692421b
01:51:17.170 [FXGL Background Thread 3 ] DEBUG Engine               - Logging environment variables
01:51:17.171 [FXGL Background Thread 3 ] DEBUG Engine               - achievements: []
01:51:17.180 [FXGL Background Thread 3 ] DEBUG Engine               - actualHeight: 600.0
01:51:17.234 [FXGL Background Thread 3 ] DEBUG Engine               - actualHeightProperty: ReadOnlyDoubleProperty [value: 600.0]
01:51:17.310 [FXGL Background Thread 3 ] DEBUG Engine               - actualWidth: 800.0
01:51:17.311 [FXGL Background Thread 3 ] DEBUG Engine               - actualWidthProperty: ReadOnlyDoubleProperty [value: 800.0]
01:51:17.311 [FXGL Background Thread 3 ] DEBUG Engine               - appIcon: icono.png
01:51:17.311 [FXGL Background Thread 3 ] DEBUG Engine               - applicationMode: DEVELOPER
01:51:17.311 [FXGL Background Thread 3 ] DEBUG Engine               - cSSList: [fxgl_dark.css]
01:51:17.311 [FXGL Background Thread 3 ] DEBUG Engine               - collisionDetectionStrategy: BRUTE_FORCE
01:51:17.314 [FXGL Background Thread 3 ] DEBUG Engine               - configClass: Optional.empty
01:51:17.314 [FXGL Background Thread 3 ] DEBUG Engine               - credits: []
01:51:17.314 [FXGL Background Thread 3 ] DEBUG Engine               - defaultCursor: CursorInfo(imageName=fxgl_default_cursor.png, hotspotX=7.0, hotspotY=6.0)
01:51:17.314 [FXGL Background Thread 3 ] DEBUG Engine               - devBBoxColorProperty: ObjectProperty [value: 0xff0000ff]
01:51:17.315 [FXGL Background Thread 3 ] DEBUG Engine               - devEnableDebugCameraProperty: BooleanProperty [value: false]
01:51:17.315 [FXGL Background Thread 3 ] DEBUG Engine               - devSensorColorProperty: ObjectProperty [value: 0xffff00ff]
01:51:17.315 [FXGL Background Thread 3 ] DEBUG Engine               - devShowBBoxProperty: BooleanProperty [value: false]
01:51:17.316 [FXGL Background Thread 3 ] DEBUG Engine               - devShowPositionProperty: BooleanProperty [value: false]
01:51:17.316 [FXGL Background Thread 3 ] DEBUG Engine               - enabledMenuItems: []
01:51:17.316 [FXGL Background Thread 3 ] DEBUG Engine               - engineServices: [class com.almasb.fxgl.app.services.FXGLAssetLoaderService, class com.almasb.fxgl.app.FXGLApplication$GameApplicationService, class com.almasb.fxgl.app.services.FXGLDialogService, class com.almasb.fxgl.app.services.IOTaskExecutorService, class com.almasb.fxgl.io.FileSystemService, class com.almasb.fxgl.localization.LocalizationService, class com.almasb.fxgl.app.services.SystemBundleService, class com.almasb.fxgl.profile.SaveLoadService, class com.almasb.fxgl.ui.FXGLUIFactoryServiceProvider, class com.almasb.fxgl.ui.FXGLDialogFactoryServiceProvider, class com.almasb.fxgl.audio.AudioPlayer, class com.almasb.fxgl.notification.impl.NotificationServiceProvider, class com.almasb.fxgl.achievement.AchievementService, class com.almasb.fxgl.cutscene.CutsceneService, class com.almasb.fxgl.minigames.MiniGameService, class com.almasb.fxgl.net.NetService, class com.almasb.fxgl.app.services.UpdaterService, class com.almasb.fxgl.dev.DevService]
01:51:17.316 [FXGL Background Thread 3 ] DEBUG Engine               - fontGame: Abel-Regular.ttf
01:51:17.316 [FXGL Background Thread 3 ] DEBUG Engine               - fontMono: TerminalLandMono-Regular.otf
01:51:17.316 [FXGL Background Thread 3 ] DEBUG Engine               - fontSizeScaleUI: 1.0
01:51:17.316 [FXGL Background Thread 3 ] DEBUG Engine               - fontText: Courier-Prime.ttf
01:51:17.316 [FXGL Background Thread 3 ] DEBUG Engine               - fontUI: VarelaRound-Regular.ttf
01:51:17.316 [FXGL Background Thread 3 ] DEBUG Engine               - fullScreen: BooleanProperty [value: false]
01:51:17.316 [FXGL Background Thread 3 ] DEBUG Engine               - gameDifficulty: MEDIUM
01:51:17.324 [FXGL Background Thread 3 ] DEBUG Engine               - gameDifficultyProperty: ObjectProperty [value: MEDIUM]
01:51:17.324 [FXGL Background Thread 3 ] DEBUG Engine               - globalMusicVolume: 0.5
01:51:17.324 [FXGL Background Thread 3 ] DEBUG Engine               - globalMusicVolumeProperty: DoubleProperty [value: 0.4]
01:51:17.324 [FXGL Background Thread 3 ] DEBUG Engine               - globalSoundVolume: 0.5
01:51:17.333 [FXGL Background Thread 3 ] DEBUG Engine               - globalSoundVolumeProperty: DoubleProperty [value: 0.5]
01:51:17.334 [FXGL Background Thread 3 ] DEBUG Engine               - height: 600
01:51:17.334 [FXGL Background Thread 3 ] DEBUG Engine               - is3D: false
01:51:17.339 [FXGL Background Thread 3 ] DEBUG Engine               - isAndroid: false
01:51:17.341 [FXGL Background Thread 3 ] DEBUG Engine               - isBrowser: false
01:51:17.377 [FXGL Background Thread 3 ] DEBUG Engine               - isClickFeedbackEnabled: false
01:51:17.377 [FXGL Background Thread 3 ] DEBUG Engine               - isCloseConfirmation: false
01:51:17.377 [FXGL Background Thread 3 ] DEBUG Engine               - isDesktop: true
01:51:17.383 [FXGL Background Thread 3 ] DEBUG Engine               - isDeveloperMenuEnabled: false
01:51:17.384 [FXGL Background Thread 3 ] DEBUG Engine               - isEmbedded: false
01:51:17.388 [FXGL Background Thread 3 ] DEBUG Engine               - isEntityPreloadEnabled: true
01:51:17.388 [FXGL Background Thread 3 ] DEBUG Engine               - isExperimentalTiledLargeMap: false
01:51:17.389 [FXGL Background Thread 3 ] DEBUG Engine               - isFileSystemWriteAllowed: true
01:51:17.390 [FXGL Background Thread 3 ] DEBUG Engine               - isFullScreenAllowed: false
01:51:17.391 [FXGL Background Thread 3 ] DEBUG Engine               - isFullScreenFromStart: false
01:51:17.391 [FXGL Background Thread 3 ] DEBUG Engine               - isGameMenuEnabled: true
01:51:17.391 [FXGL Background Thread 3 ] DEBUG Engine               - isIOS: false
01:51:17.391 [FXGL Background Thread 3 ] DEBUG Engine               - isIntroEnabled: false
01:51:17.393 [FXGL Background Thread 3 ] DEBUG Engine               - isLinux: false
01:51:17.393 [FXGL Background Thread 3 ] DEBUG Engine               - isMac: false
01:51:17.393 [FXGL Background Thread 3 ] DEBUG Engine               - isMainMenuEnabled: false
01:51:17.393 [FXGL Background Thread 3 ] DEBUG Engine               - isManualResizeEnabled: false
01:51:17.394 [FXGL Background Thread 3 ] DEBUG Engine               - isMobile: false
01:51:17.394 [FXGL Background Thread 3 ] DEBUG Engine               - isNative: false
01:51:17.394 [FXGL Background Thread 3 ] DEBUG Engine               - isPauseMusicWhenMinimized: true
01:51:17.394 [FXGL Background Thread 3 ] DEBUG Engine               - isPreserveResizeRatio: false
01:51:17.394 [FXGL Background Thread 3 ] DEBUG Engine               - isProfilingEnabled: false
01:51:17.394 [FXGL Background Thread 3 ] DEBUG Engine               - isScaleAffectedOnResize: true
01:51:17.394 [FXGL Background Thread 3 ] DEBUG Engine               - isSingleStep: false
01:51:17.394 [FXGL Background Thread 3 ] DEBUG Engine               - isUserProfileEnabled: false
01:51:17.395 [FXGL Background Thread 3 ] DEBUG Engine               - isWindows: true
01:51:17.395 [FXGL Background Thread 3 ] DEBUG Engine               - language: ObjectProperty [value: ENGLISH]
01:51:17.395 [FXGL Background Thread 3 ] DEBUG Engine               - menuKey: ESCAPE
01:51:17.395 [FXGL Background Thread 3 ] DEBUG Engine               - mouseSensitivity: 0.2
01:51:17.395 [FXGL Background Thread 3 ] DEBUG Engine               - notificationViewClass: class com.almasb.fxgl.notification.view.XboxNotificationView
01:51:17.395 [FXGL Background Thread 3 ] DEBUG Engine               - pixelsPerMeter: 50.0
01:51:17.395 [FXGL Background Thread 3 ] DEBUG Engine               - platform: WINDOWS
01:51:17.395 [FXGL Background Thread 3 ] DEBUG Engine               - prefHeightProperty: ReadOnlyDoubleProperty [value: 600.0]
01:51:17.395 [FXGL Background Thread 3 ] DEBUG Engine               - prefWidthProperty: ReadOnlyDoubleProperty [value: 800.0]
01:51:17.395 [FXGL Background Thread 3 ] DEBUG Engine               - profileDir: profiles/
01:51:17.396 [FXGL Background Thread 3 ] DEBUG Engine               - profileName: StringProperty [value: DEFAULT]
01:51:17.396 [FXGL Background Thread 3 ] DEBUG Engine               - randomSeed: -1
01:51:17.396 [FXGL Background Thread 3 ] DEBUG Engine               - runtimeInfo: RuntimeInfo(platform=WINDOWS, version=21.1, build=26.03.2024 17.33)
01:51:17.396 [FXGL Background Thread 3 ] DEBUG Engine               - saveFileExt: sav
01:51:17.396 [FXGL Background Thread 3 ] DEBUG Engine               - scaledHeightProp$fxgl: DoubleProperty [bound, value: 600.0]
01:51:17.396 [FXGL Background Thread 3 ] DEBUG Engine               - scaledWidthProp$fxgl: DoubleProperty [bound, value: 800.0]
01:51:17.399 [FXGL Background Thread 3 ] DEBUG Engine               - sceneFactory: com.almasb.fxgl.app.scene.SceneFactory@42fc171d
01:51:17.399 [FXGL Background Thread 3 ] DEBUG Engine               - secondsIn24h: 60
01:51:17.399 [FXGL Background Thread 3 ] DEBUG Engine               - soundMenuBack: menu/back.wav
01:51:17.399 [FXGL Background Thread 3 ] DEBUG Engine               - soundMenuPress: menu/press.wav
01:51:17.399 [FXGL Background Thread 3 ] DEBUG Engine               - soundMenuSelect: menu/select.wav
01:51:17.399 [FXGL Background Thread 3 ] DEBUG Engine               - soundNotification: core/notification.wav
01:51:17.399 [FXGL Background Thread 3 ] DEBUG Engine               - stageStyle: DECORATED
01:51:17.399 [FXGL Background Thread 3 ] DEBUG Engine               - supportedLanguages: [ENGLISH, FRENCH, GERMAN, HUNGARIAN, RUSSIAN]
01:51:17.399 [FXGL Background Thread 3 ] DEBUG Engine               - ticksPerSecond: -1
01:51:17.399 [FXGL Background Thread 3 ] DEBUG Engine               - title: Among Us UNEG
01:51:17.400 [FXGL Background Thread 3 ] DEBUG Engine               - urlGithub: https://github.com/AlmasB/FXGL
01:51:17.400 [FXGL Background Thread 3 ] DEBUG Engine               - urlLeaderboard: http://fxgl-top.herokuapp.com/
01:51:17.400 [FXGL Background Thread 3 ] DEBUG Engine               - urlPOM: https://raw.githubusercontent.com/AlmasB/FXGL/release/README.md
01:51:17.401 [FXGL Background Thread 3 ] DEBUG Engine               - userAppClass: class main.java.amongUs.AppPrincipal
01:51:17.401 [FXGL Background Thread 3 ] DEBUG Engine               - version: 0.0
01:51:17.401 [FXGL Background Thread 3 ] DEBUG Engine               - versionCheckDays: 7
01:51:17.401 [FXGL Background Thread 3 ] DEBUG Engine               - width: 800
01:51:17.401 [FXGL Background Thread 3 ] DEBUG Engine               - Logging services
01:51:17.401 [FXGL Background Thread 3 ] DEBUG Engine               - class com.almasb.fxgl.app.services.FXGLAssetLoaderService
01:51:17.401 [FXGL Background Thread 3 ] DEBUG Engine               - class com.almasb.fxgl.app.FXGLApplication$GameApplicationService
01:51:17.401 [FXGL Background Thread 3 ] DEBUG Engine               - class com.almasb.fxgl.app.services.FXGLDialogService
01:51:17.401 [FXGL Background Thread 3 ] DEBUG Engine               - class com.almasb.fxgl.app.services.IOTaskExecutorService
01:51:17.401 [FXGL Background Thread 3 ] DEBUG Engine               - class com.almasb.fxgl.io.FileSystemService
01:51:17.401 [FXGL Background Thread 3 ] DEBUG Engine               - class com.almasb.fxgl.localization.LocalizationService
01:51:17.401 [FXGL Background Thread 3 ] DEBUG Engine               - class com.almasb.fxgl.app.services.SystemBundleService
01:51:17.402 [FXGL Background Thread 3 ] DEBUG Engine               - class com.almasb.fxgl.profile.SaveLoadService
01:51:17.402 [FXGL Background Thread 3 ] DEBUG Engine               - class com.almasb.fxgl.ui.FXGLUIFactoryServiceProvider
01:51:17.402 [FXGL Background Thread 3 ] DEBUG Engine               - class com.almasb.fxgl.ui.FXGLDialogFactoryServiceProvider
01:51:17.402 [FXGL Background Thread 3 ] DEBUG Engine               - class com.almasb.fxgl.audio.AudioPlayer
01:51:17.402 [FXGL Background Thread 3 ] DEBUG Engine               - class com.almasb.fxgl.notification.impl.NotificationServiceProvider
01:51:17.402 [FXGL Background Thread 3 ] DEBUG Engine               - class com.almasb.fxgl.achievement.AchievementService
01:51:17.402 [FXGL Background Thread 3 ] DEBUG Engine               - class com.almasb.fxgl.cutscene.CutsceneService
01:51:17.402 [FXGL Background Thread 3 ] DEBUG Engine               - class com.almasb.fxgl.minigames.MiniGameService
01:51:17.402 [FXGL Background Thread 3 ] DEBUG Engine               - class com.almasb.fxgl.net.NetService
01:51:17.402 [FXGL Background Thread 3 ] DEBUG Engine               - class com.almasb.fxgl.app.services.UpdaterService
01:51:17.403 [FXGL Background Thread 3 ] DEBUG Engine               - class com.almasb.fxgl.dev.DevService
01:51:17.787 [FXGL Background Thread 4 ] INFO  FXGLApplication      - Game initialization took: 3,681 sec
01:51:17.795 [JavaFX Application Thread] DEBUG Input                - Clearing active input actions
01:51:17.846 [JavaFX Application Thread] DEBUG GameApplicationServi - Removing overlay from FXGLLoadingScene and adding to GameScene
01:51:17.846 [JavaFX Application Thread] DEBUG PrimaryStageWindow   - FXGLLoadingScene -> GameScene
01:51:39.601 [JavaFX Application Thread] DEBUG FXGLAssetLoaderServi - Loading from file system: file:/C:/Users/josue/OneDrive/Desktop/proyecto%20java/Among%20Us/out/production/Among%20Us/assets/sounds/clickBoton.wav
01:55:31.650 [JavaFX Application Thread] DEBUG FXGLAssetLoaderServi - Loading from file system: file:/C:/Users/josue/OneDrive/Desktop/proyecto%20java/Among%20Us/out/production/Among%20Us/assets/textures/tripulante_negro.png
01:55:35.949 [JavaFX Application Thread] DEBUG FXGLAssetLoaderServi - Loading from file system: file:/C:/Users/josue/OneDrive/Desktop/proyecto%20java/Among%20Us/out/production/Among%20Us/assets/textures/tripulante_blanco.png
01:55:37.239 [JavaFX Application Thread] WARN  TMXLevelLoader       - TiledMap generated from 1.11.2. Supported version: 1.9.0. Some features may not be parsed fully.
01:55:37.440 [JavaFX Application Thread] DEBUG TMXLevelLoader       - Parsed TiledMap: file:/C:/Users/josue/OneDrive/Desktop/proyecto%20java/Among%20Us/out/production/Among%20Us/assets/levels/mapa2.tmx
01:55:37.582 [JavaFX Application Thread] DEBUG TMXLevelLoader       - Creating tile layer entities
01:55:37.602 [JavaFX Application Thread] DEBUG TilesetLoader        - Loading view for layer fondo1
01:55:37.604 [JavaFX Application Thread] DEBUG TilesetLoader        - Created buffer with size 992.0x960.0
01:55:37.709 [JavaFX Application Thread] DEBUG TilesetLoader        - Loading view for layer fondo
01:55:37.709 [JavaFX Application Thread] DEBUG TilesetLoader        - Created buffer with size 992.0x960.0
01:55:37.983 [JavaFX Application Thread] DEBUG TilesetLoader        - Loading view for layer piso
01:55:37.990 [JavaFX Application Thread] DEBUG TilesetLoader        - Created buffer with size 992.0x960.0
01:55:37.997 [JavaFX Application Thread] DEBUG TilesetLoader        - Loading view for layer piso1
01:55:38.000 [JavaFX Application Thread] DEBUG TilesetLoader        - Created buffer with size 992.0x960.0
01:55:38.041 [JavaFX Application Thread] DEBUG TilesetLoader        - Loading view for layer izquierda
01:55:38.043 [JavaFX Application Thread] DEBUG TilesetLoader        - Created buffer with size 992.0x960.0
01:55:38.053 [JavaFX Application Thread] DEBUG TilesetLoader        - Loading view for layer detallesatraspared
01:55:38.053 [JavaFX Application Thread] DEBUG TilesetLoader        - Created buffer with size 992.0x960.0
01:55:38.172 [JavaFX Application Thread] DEBUG TilesetLoader        - Loading view for layer pared2
01:55:38.172 [JavaFX Application Thread] DEBUG TilesetLoader        - Created buffer with size 992.0x960.0
01:55:38.190 [JavaFX Application Thread] DEBUG TilesetLoader        - Loading view for layer techo1
01:55:38.191 [JavaFX Application Thread] DEBUG TilesetLoader        - Created buffer with size 992.0x960.0
01:55:38.196 [JavaFX Application Thread] DEBUG TilesetLoader        - Loading view for layer techo2
01:55:38.196 [JavaFX Application Thread] DEBUG TilesetLoader        - Created buffer with size 992.0x960.0
01:55:38.201 [JavaFX Application Thread] DEBUG TilesetLoader        - Loading view for layer puertita
01:55:38.203 [JavaFX Application Thread] DEBUG TilesetLoader        - Created buffer with size 992.0x960.0
01:55:38.205 [JavaFX Application Thread] DEBUG TilesetLoader        - Loading view for layer puerta
01:55:38.205 [JavaFX Application Thread] DEBUG TilesetLoader        - Created buffer with size 992.0x960.0
01:55:38.229 [JavaFX Application Thread] DEBUG TilesetLoader        - Loading view for layer detalles
01:55:38.230 [JavaFX Application Thread] DEBUG TilesetLoader        - Created buffer with size 992.0x960.0
01:55:38.255 [JavaFX Application Thread] DEBUG TilesetLoader        - Loading view for layer detalles 2
01:55:38.257 [JavaFX Application Thread] DEBUG TilesetLoader        - Created buffer with size 992.0x960.0
01:55:38.275 [JavaFX Application Thread] DEBUG TilesetLoader        - Loading view for layer detalles3
01:55:38.276 [JavaFX Application Thread] DEBUG TilesetLoader        - Created buffer with size 992.0x960.0
01:55:38.306 [JavaFX Application Thread] DEBUG TilesetLoader        - Loading view for layer grieta
01:55:38.308 [JavaFX Application Thread] DEBUG TilesetLoader        - Created buffer with size 992.0x960.0
01:55:38.309 [JavaFX Application Thread] DEBUG TilesetLoader        - Loading view for layer camaras
01:55:38.310 [JavaFX Application Thread] DEBUG TilesetLoader        - Created buffer with size 992.0x960.0
01:55:38.313 [JavaFX Application Thread] DEBUG TilesetLoader        - Loading view for layer Techo
01:55:38.314 [JavaFX Application Thread] DEBUG TilesetLoader        - Created buffer with size 992.0x960.0
01:55:38.317 [JavaFX Application Thread] DEBUG TMXLevelLoader       - Creating object layer entities
01:55:38.420 [JavaFX Application Thread] DEBUG GameWorld            - Clearing removable entities
01:55:38.422 [JavaFX Application Thread] DEBUG GameWorld            - Setting level: com.almasb.fxgl.entity.level.Level@11f7d7d0
01:55:38.463 [JavaFX Application Thread] DEBUG FXGLAssetLoaderServi - Loading from file system: file:/C:/Users/josue/OneDrive/Desktop/proyecto%20java/Among%20Us/out/production/Among%20Us/assets/textures/fantasma.png
01:55:38.467 [JavaFX Application Thread] DEBUG FXGLAssetLoaderServi - Loading from file system: file:/C:/Users/josue/OneDrive/Desktop/proyecto%20java/Among%20Us/out/production/Among%20Us/assets/textures/negro_muerto.png
01:55:38.469 [JavaFX Application Thread] DEBUG FXGLAssetLoaderServi - Loading from file system: file:/C:/Users/josue/OneDrive/Desktop/proyecto%20java/Among%20Us/out/production/Among%20Us/assets/textures/animacion_negro.png
01:55:38.470 [JavaFX Application Thread] DEBUG FXGLAssetLoaderServi - Loading from file system: file:/C:/Users/josue/OneDrive/Desktop/proyecto%20java/Among%20Us/out/production/Among%20Us/assets/textures/alcantarilla_negro.png
01:55:38.471 [JavaFX Application Thread] DEBUG FXGLAssetLoaderServi - Loading from file system: file:/C:/Users/josue/OneDrive/Desktop/proyecto%20java/Among%20Us/out/production/Among%20Us/assets/textures/alcantarilla_negroE.png
01:55:38.500 [JavaFX Application Thread] DEBUG FXGLAssetLoaderServi - Loading from file system: file:/C:/Users/josue/OneDrive/Desktop/proyecto%20java/Among%20Us/out/production/Among%20Us/assets/textures/blanco_muerto.png
01:55:38.500 [JavaFX Application Thread] DEBUG FXGLAssetLoaderServi - Loading from file system: file:/C:/Users/josue/OneDrive/Desktop/proyecto%20java/Among%20Us/out/production/Among%20Us/assets/textures/animacion_blanco.png
01:55:38.501 [JavaFX Application Thread] DEBUG FXGLAssetLoaderServi - Loading from file system: file:/C:/Users/josue/OneDrive/Desktop/proyecto%20java/Among%20Us/out/production/Among%20Us/assets/textures/alcantarilla_blanco.png
01:55:38.503 [JavaFX Application Thread] DEBUG FXGLAssetLoaderServi - Loading from file system: file:/C:/Users/josue/OneDrive/Desktop/proyecto%20java/Among%20Us/out/production/Among%20Us/assets/textures/alcantarilla_blancoE.png
01:55:38.504 [JavaFX Application Thread] DEBUG FXGLAssetLoaderServi - Loading from file system: file:/C:/Users/josue/OneDrive/Desktop/proyecto%20java/Among%20Us/out/production/Among%20Us/assets/textures/accionNegada.png
01:55:38.510 [JavaFX Application Thread] DEBUG FXGLAssetLoaderServi - Loading from file system: file:/C:/Users/josue/OneDrive/Desktop/proyecto%20java/Among%20Us/out/production/Among%20Us/assets/textures/matarNegado.png
01:55:38.520 [JavaFX Application Thread] DEBUG FXGLAssetLoaderServi - Loading from file system: file:/C:/Users/josue/OneDrive/Desktop/proyecto%20java/Among%20Us/out/production/Among%20Us/assets/textures/pantalla_impostor.png
01:55:38.633 [JavaFX Application Thread] DEBUG FXGLAssetLoaderServi - Loading from file system: file:/C:/Users/josue/OneDrive/Desktop/proyecto%20java/Among%20Us/out/production/Among%20Us/assets/textures/matar.png
01:56:01.702 [JavaFX Application Thread] DEBUG FXGLAssetLoaderServi - Loading from file system: file:/C:/Users/josue/OneDrive/Desktop/proyecto%20java/Among%20Us/out/production/Among%20Us/assets/textures/accion.png
01:56:02.282 [JavaFX Application Thread] DEBUG FXGLAssetLoaderServi - Loading from file system: file:/C:/Users/josue/OneDrive/Desktop/proyecto%20java/Among%20Us/out/production/Among%20Us/assets/textures/flechaRojaIzq.png
01:56:03.306 [JavaFX Application Thread] DEBUG FXGLAssetLoaderServi - Loading from file system: file:/C:/Users/josue/OneDrive/Desktop/proyecto%20java/Among%20Us/out/production/Among%20Us/assets/textures/flechaRojaDer.png
01:56:03.332 [JavaFX Application Thread] DEBUG FXGLAssetLoaderServi - Loading from file system: file:/C:/Users/josue/OneDrive/Desktop/proyecto%20java/Among%20Us/out/production/Among%20Us/assets/textures/flechaRojaAbajo.png
01:57:06.481 [JavaFX Application Thread] DEBUG FXGLApplication      - Exiting FXGL
01:57:06.481 [JavaFX Application Thread] DEBUG LoopRunner           - Stopping loop
01:57:06.481 [JavaFX Application Thread] DEBUG SystemBundleService  - Saving FXGL system data
01:57:06.483 [JavaFX Application Thread] DEBUG FileSystemAccess     - Writing to: C:\Users\josue\OneDrive\Desktop\proyecto java\Among Us\system\fxgl.bundle
01:57:06.485 [JavaFX Application Thread] DEBUG Async                - Shutting down background threads
01:57:06.485 [JavaFX Application Thread] DEBUG PrimaryStageWindow   - Closing main window
01:57:06.568 [JavaFX Application Thread] DEBUG Logger               - Closing Logger
