12:55:33.566 [main                     ] DEBUG Logger               - Configured Logger
12:55:33.573 [main                     ] DEBUG GameApplication      - Logging settings
Title: Among Us UNEG
Version: 0.0
Width: 800
Height: 600
Fullscreen: false
Intro: false
Profiling: false
Single step:false
App Mode: DEVELOPER
Menu Key: ESCAPE
Stage Style: DECORATED
Scene Factory: class com.almasb.fxgl.app.scene.SceneFactory

12:55:34.056 [JavaFX Application Thread] DEBUG FXGLApplication      - Initializing FXGL
12:55:34.059 [JavaFX Application Thread] INFO  Engine               - FXGL-21.1 (26.03.2024 17.33) on WINDOWS (J:25.0.2 FX:21.0.1)
12:55:34.059 [JavaFX Application Thread] DEBUG Engine               - JRE Vendor Name: Oracle Corporation
12:55:34.060 [JavaFX Application Thread] DEBUG Engine               - Running on OS: Windows 11 version 10.0
12:55:34.060 [JavaFX Application Thread] DEBUG Engine               - Architecture: amd64
12:55:34.060 [JavaFX Application Thread] INFO  Engine               - Source code and latest versions at: https://github.com/AlmasB/FXGL
12:55:34.060 [JavaFX Application Thread] INFO  Engine               -       Ask questions and discuss at: https://github.com/AlmasB/FXGL/discussions
12:55:34.060 [JavaFX Application Thread] INFO  Engine               -              Join the FXGL chat at: https://gitter.im/AlmasB/FXGL
12:55:34.157 [JavaFX Application Thread] DEBUG PrimaryStageWindow   - Creating a JavaFX scene
12:55:34.196 [JavaFX Application Thread] DEBUG PrimaryStageWindow   - Target settings size: 800.0 x 600.0
12:55:34.196 [JavaFX Application Thread] DEBUG PrimaryStageWindow   - Scaled scene size:    800.0 x 600.0
12:55:34.196 [JavaFX Application Thread] DEBUG PrimaryStageWindow   - Scaled ratio: (1.0, 1.0)
12:55:34.197 [JavaFX Application Thread] DEBUG PrimaryStageWindow   - Set initial scene to FXGLStartupScene
12:55:34.201 [JavaFX Application Thread] DEBUG PrimaryStageWindow   - Opening main window
12:55:34.289 [JavaFX Application Thread] DEBUG PrimaryStageWindow   - Window border size: (14.66668701171875, 37.33331298828125)
12:55:34.290 [JavaFX Application Thread] DEBUG PrimaryStageWindow   - Scaled size: 800.0 x 600.0
12:55:34.290 [JavaFX Application Thread] DEBUG PrimaryStageWindow   - Scaled ratio: (1.0, 1.0)
12:55:34.290 [JavaFX Application Thread] DEBUG PrimaryStageWindow   - Scene size: 800.0 x 600.0
12:55:34.290 [JavaFX Application Thread] DEBUG PrimaryStageWindow   - Stage size: 814.6666870117188 x 637.3333129882812
12:55:34.296 [FXGL Background Thread 1 ] DEBUG Engine               - Initializing environment variables
12:55:34.361 [FXGL Background Thread 1 ] DEBUG FXGLAssetLoaderServi - User app class for loading assets: class main.java.amongUs.AppPrincipal
12:55:34.361 [FXGL Background Thread 1 ] DEBUG GameApplicationServi - Applying CSS: fxgl_dark.css
12:55:34.361 [FXGL Background Thread 1 ] DEBUG FXGLAssetLoaderServi - Loading from file system: jar:file:/C:/Users/nicol/Desktop/amongu/lib/fxgl-21.1-uber.jar!/fxglassets/ui/css/fxgl_dark.css
12:55:34.394 [FXGL Background Thread 1 ] DEBUG GameApplicationServi - Initializing application scenes
12:55:34.423 [FXGL Background Thread 1 ] DEBUG GameWorld            - Game world initialized
12:55:34.460 [FXGL Background Thread 1 ] DEBUG PhysicsWorld         - Physics world initialized: appHeight=600, physics.ppm=50,0
12:55:34.461 [FXGL Background Thread 1 ] DEBUG PhysicsWorld         - Using strategy: BRUTE_FORCE
12:55:34.466 [FXGL Background Thread 1 ] DEBUG GameScene            - Game scene initialized: 800x600
12:55:34.477 [FXGL Background Thread 1 ] DEBUG FXGL.DefaultMenu     - createMenuBodyGameMenu()
12:55:34.491 [FXGL Background Thread 1 ] DEBUG FXGL.DefaultMenu     - createOptionsMenu()
12:55:34.499 [FXGL Background Thread 1 ] DEBUG FXGLAssetLoaderServi - Loading from file system: jar:file:/C:/Users/nicol/Desktop/amongu/lib/fxgl-21.1-uber.jar!/fxglassets/textures/particles/smoke.png
12:55:34.573 [FXGL Background Thread 1 ] DEBUG FXGLAssetLoaderServi - Loading from file system: jar:file:/C:/Users/nicol/Desktop/amongu/lib/fxgl-21.1-uber.jar!/fxglassets/textures/particles/trace_horizontal.png
12:55:34.594 [FXGL Background Thread 1 ] DEBUG GameApplicationServi - Application scenes initialized
12:55:34.607 [FXGL Background Thread 1 ] DEBUG SystemBundleService  - Loading FXGL system data
12:55:34.609 [FXGL Background Thread 1 ] DEBUG FileSystemAccess     - Reading from: C:\Users\nicol\Desktop\amongu\system\fxgl.bundle
12:55:34.614 [FXGL Background Thread 1 ] DEBUG SystemBundleService  - Bundle FXGL: {}
12:55:34.614 [FXGL Background Thread 1 ] DEBUG UpdaterService       - Checking for updates
12:55:34.618 [FXGL Background Thread 4 ] DEBUG FXGLApplication      - Loading fonts
12:55:34.619 [FXGL Background Thread 1 ] DEBUG FXGLApplication      - Loading default localization
12:55:34.619 [FXGL Background Thread 4 ] DEBUG FXGLAssetLoaderServi - Loading from file system: jar:file:/C:/Users/nicol/Desktop/amongu/lib/fxgl-21.1-uber.jar!/fxglassets/ui/fonts/VarelaRound-Regular.ttf
12:55:34.620 [FXGL Background Thread 1 ] DEBUG FXGLAssetLoaderServi - Loading from file system: jar:file:/C:/Users/nicol/Desktop/amongu/lib/fxgl-21.1-uber.jar!/fxglassets/languages/english.lang
12:55:34.632 [FXGL Background Thread 1 ] INFO  FXGLApplication      - FXGL initialization took: 0,335 sec
12:55:34.638 [JavaFX Application Thread] DEBUG Input                - Registered new binding: Mover Arriba - W
12:55:34.638 [JavaFX Application Thread] DEBUG Input                - Registered new binding: Mover Abajo - S
12:55:34.638 [JavaFX Application Thread] DEBUG Input                - Registered new binding: Mover Izquierda - A
12:55:34.638 [JavaFX Application Thread] DEBUG Input                - Registered new binding: Mover Derecha - D
12:55:34.638 [JavaFX Application Thread] DEBUG Input                - Registered new binding: Abrir Camaras - C
12:55:34.639 [JavaFX Application Thread] DEBUG Input                - Registered new binding: Usar Alcantarilla - Space
12:55:34.639 [JavaFX Application Thread] DEBUG Input                - Registered new binding: Vent Izquierda - Left
12:55:34.639 [JavaFX Application Thread] DEBUG Input                - Registered new binding: Vent Derecha - Right
12:55:34.639 [JavaFX Application Thread] DEBUG Input                - Registered new binding: Vent Arriba - Up
12:55:34.639 [JavaFX Application Thread] DEBUG Input                - Registered new binding: Vent Abajo - Down
12:55:34.639 [JavaFX Application Thread] DEBUG Input                - Registered new binding: Matar Jugador - Q
12:55:34.639 [JavaFX Application Thread] DEBUG Input                - Registered new binding: Reportar Cadaver - R
12:55:34.639 [JavaFX Application Thread] DEBUG FXGLAssetLoaderServi - Loading from file system: file:/C:/Users/nicol/Desktop/amongu/out/production/Among%20Us/assets/textures/icono.png
12:55:34.660 [FXGL Background Thread 4 ] DEBUG FXGLAssetLoaderServi - Loading from file system: jar:file:/C:/Users/nicol/Desktop/amongu/lib/fxgl-21.1-uber.jar!/fxglassets/ui/fonts/Abel-Regular.ttf
12:55:34.663 [JavaFX Application Thread] DEBUG FXGLAssetLoaderServi - Loading from file system: jar:file:/C:/Users/nicol/Desktop/amongu/lib/fxgl-21.1-uber.jar!/fxglassets/textures/fxgl_default_cursor.png
12:55:34.666 [FXGL Background Thread 4 ] DEBUG FXGLAssetLoaderServi - Loading from file system: jar:file:/C:/Users/nicol/Desktop/amongu/lib/fxgl-21.1-uber.jar!/fxglassets/ui/fonts/TerminalLandMono-Regular.otf
12:55:34.666 [JavaFX Application Thread] DEBUG Input                - Registered new binding: Screenshot - CTRL+8
12:55:34.667 [JavaFX Application Thread] DEBUG Input                - Registered new binding: System info dump - CTRL+9
12:55:34.667 [JavaFX Application Thread] DEBUG Input                - Registered new binding: Restart - CTRL+R
12:55:34.669 [JavaFX Application Thread] DEBUG Input                - Registered new binding: Toggle Debug Camera - CTRL+7
12:55:34.671 [FXGL Background Thread 4 ] DEBUG FXGLAssetLoaderServi - Loading from file system: jar:file:/C:/Users/nicol/Desktop/amongu/lib/fxgl-21.1-uber.jar!/fxglassets/ui/fonts/Courier-Prime.ttf
12:55:34.672 [JavaFX Application Thread] DEBUG LoopRunner           - Starting loop
12:55:34.672 [JavaFX Application Thread] DEBUG LoopRunner           - Initializing JavaFX AnimationTimerLoop
12:55:34.673 [JavaFX Application Thread] DEBUG GameApplicationServi - Starting new game
12:55:34.674 [JavaFX Application Thread] DEBUG Input                - Clearing active input actions
12:55:34.687 [JavaFX Application Thread] DEBUG GameApplicationServi - Removing overlay from FXGLStartupScene and adding to FXGLLoadingScene
12:55:34.687 [JavaFX Application Thread] DEBUG PrimaryStageWindow   - FXGLStartupScene -> FXGLLoadingScene
12:55:34.687 [JavaFX Application Thread] DEBUG GameApplicationServi - Clearing previous game
12:55:34.687 [JavaFX Application Thread] DEBUG GameScene            - Clearing game scene
12:55:34.688 [JavaFX Application Thread] DEBUG GameWorld            - Clearing game world
12:55:34.688 [JavaFX Application Thread] DEBUG PhysicsWorld         - Clearing physics world
12:55:34.689 [FXGL Background Thread 4 ] DEBUG FXGLApplication      - Initializing game
12:55:34.689 [JavaFX Application Thread] DEBUG FXGLApplication      - Registering font factories with UI factory
12:55:34.696 [FXGL Background Thread 4 ] DEBUG FXGLAssetLoaderServi - Loading from file system: file:/C:/Users/nicol/Desktop/amongu/out/production/Among%20Us/assets/music/musicaMenu.mp3
12:55:34.823 [FXGL Background Thread 4 ] DEBUG AudioPlayer          - Playing music com.almasb.fxgl.audio.Music@5548517b
12:55:35.157 [FXGL Background Thread 4 ] INFO  FXGLApplication      - Game initialization took: 0,469 sec
12:55:35.159 [JavaFX Application Thread] DEBUG Input                - Clearing active input actions
12:55:35.168 [JavaFX Application Thread] DEBUG GameApplicationServi - Removing overlay from FXGLLoadingScene and adding to GameScene
12:55:35.169 [JavaFX Application Thread] DEBUG PrimaryStageWindow   - FXGLLoadingScene -> GameScene
12:55:35.235 [FXGL Background Thread 2 ] INFO  UpdaterService       - Your current version:  21.1
12:55:35.236 [FXGL Background Thread 2 ] INFO  UpdaterService       - Latest stable version: 25
12:55:36.051 [JavaFX Application Thread] DEBUG FXGLAssetLoaderServi - Loading from file system: file:/C:/Users/nicol/Desktop/amongu/out/production/Among%20Us/assets/sounds/clickBoton.wav
12:55:37.619 [FXGL Background Thread 3 ] DEBUG Engine               - Logging environment variables
12:55:37.620 [FXGL Background Thread 3 ] DEBUG Engine               - achievements: []
12:55:37.620 [FXGL Background Thread 3 ] DEBUG Engine               - actualHeight: 600.0
12:55:37.620 [FXGL Background Thread 3 ] DEBUG Engine               - actualHeightProperty: ReadOnlyDoubleProperty [value: 600.0]
12:55:37.620 [FXGL Background Thread 3 ] DEBUG Engine               - actualWidth: 800.0
12:55:37.620 [FXGL Background Thread 3 ] DEBUG Engine               - actualWidthProperty: ReadOnlyDoubleProperty [value: 800.0]
12:55:37.620 [FXGL Background Thread 3 ] DEBUG Engine               - appIcon: icono.png
12:55:37.620 [FXGL Background Thread 3 ] DEBUG Engine               - applicationMode: DEVELOPER
12:55:37.620 [FXGL Background Thread 3 ] DEBUG Engine               - cSSList: [fxgl_dark.css]
12:55:37.620 [FXGL Background Thread 3 ] DEBUG Engine               - collisionDetectionStrategy: BRUTE_FORCE
12:55:37.620 [FXGL Background Thread 3 ] DEBUG Engine               - configClass: Optional.empty
12:55:37.620 [FXGL Background Thread 3 ] DEBUG Engine               - credits: []
12:55:37.621 [FXGL Background Thread 3 ] DEBUG Engine               - defaultCursor: CursorInfo(imageName=fxgl_default_cursor.png, hotspotX=7.0, hotspotY=6.0)
12:55:37.621 [FXGL Background Thread 3 ] DEBUG Engine               - devBBoxColorProperty: ObjectProperty [value: 0xff0000ff]
12:55:37.621 [FXGL Background Thread 3 ] DEBUG Engine               - devEnableDebugCameraProperty: BooleanProperty [value: false]
12:55:37.621 [FXGL Background Thread 3 ] DEBUG Engine               - devSensorColorProperty: ObjectProperty [value: 0xffff00ff]
12:55:37.621 [FXGL Background Thread 3 ] DEBUG Engine               - devShowBBoxProperty: BooleanProperty [value: false]
12:55:37.621 [FXGL Background Thread 3 ] DEBUG Engine               - devShowPositionProperty: BooleanProperty [value: false]
12:55:37.621 [FXGL Background Thread 3 ] DEBUG Engine               - enabledMenuItems: []
12:55:37.621 [FXGL Background Thread 3 ] DEBUG Engine               - engineServices: [class com.almasb.fxgl.app.services.FXGLAssetLoaderService, class com.almasb.fxgl.app.FXGLApplication$GameApplicationService, class com.almasb.fxgl.app.services.FXGLDialogService, class com.almasb.fxgl.app.services.IOTaskExecutorService, class com.almasb.fxgl.io.FileSystemService, class com.almasb.fxgl.localization.LocalizationService, class com.almasb.fxgl.app.services.SystemBundleService, class com.almasb.fxgl.profile.SaveLoadService, class com.almasb.fxgl.ui.FXGLUIFactoryServiceProvider, class com.almasb.fxgl.ui.FXGLDialogFactoryServiceProvider, class com.almasb.fxgl.audio.AudioPlayer, class com.almasb.fxgl.notification.impl.NotificationServiceProvider, class com.almasb.fxgl.achievement.AchievementService, class com.almasb.fxgl.cutscene.CutsceneService, class com.almasb.fxgl.minigames.MiniGameService, class com.almasb.fxgl.net.NetService, class com.almasb.fxgl.app.services.UpdaterService, class com.almasb.fxgl.dev.DevService]
12:55:37.621 [FXGL Background Thread 3 ] DEBUG Engine               - fontGame: Abel-Regular.ttf
12:55:37.621 [FXGL Background Thread 3 ] DEBUG Engine               - fontMono: TerminalLandMono-Regular.otf
12:55:37.621 [FXGL Background Thread 3 ] DEBUG Engine               - fontSizeScaleUI: 1.0
12:55:37.621 [FXGL Background Thread 3 ] DEBUG Engine               - fontText: Courier-Prime.ttf
12:55:37.621 [FXGL Background Thread 3 ] DEBUG Engine               - fontUI: VarelaRound-Regular.ttf
12:55:37.621 [FXGL Background Thread 3 ] DEBUG Engine               - fullScreen: BooleanProperty [value: false]
12:55:37.621 [FXGL Background Thread 3 ] DEBUG Engine               - gameDifficulty: MEDIUM
12:55:37.621 [FXGL Background Thread 3 ] DEBUG Engine               - gameDifficultyProperty: ObjectProperty [value: MEDIUM]
12:55:37.621 [FXGL Background Thread 3 ] DEBUG Engine               - globalMusicVolume: 0.5
12:55:37.621 [FXGL Background Thread 3 ] DEBUG Engine               - globalMusicVolumeProperty: DoubleProperty [value: 0.4]
12:55:37.621 [FXGL Background Thread 3 ] DEBUG Engine               - globalSoundVolume: 0.5
12:55:37.621 [FXGL Background Thread 3 ] DEBUG Engine               - globalSoundVolumeProperty: DoubleProperty [value: 0.5]
12:55:37.622 [FXGL Background Thread 3 ] DEBUG Engine               - height: 600
12:55:37.622 [FXGL Background Thread 3 ] DEBUG Engine               - is3D: false
12:55:37.622 [FXGL Background Thread 3 ] DEBUG Engine               - isAndroid: false
12:55:37.622 [FXGL Background Thread 3 ] DEBUG Engine               - isBrowser: false
12:55:37.622 [FXGL Background Thread 3 ] DEBUG Engine               - isClickFeedbackEnabled: false
12:55:37.622 [FXGL Background Thread 3 ] DEBUG Engine               - isCloseConfirmation: false
12:55:37.622 [FXGL Background Thread 3 ] DEBUG Engine               - isDesktop: true
12:55:37.622 [FXGL Background Thread 3 ] DEBUG Engine               - isDeveloperMenuEnabled: false
12:55:37.622 [FXGL Background Thread 3 ] DEBUG Engine               - isEmbedded: false
12:55:37.622 [FXGL Background Thread 3 ] DEBUG Engine               - isEntityPreloadEnabled: true
12:55:37.622 [FXGL Background Thread 3 ] DEBUG Engine               - isExperimentalTiledLargeMap: false
12:55:37.622 [FXGL Background Thread 3 ] DEBUG Engine               - isFileSystemWriteAllowed: true
12:55:37.622 [FXGL Background Thread 3 ] DEBUG Engine               - isFullScreenAllowed: false
12:55:37.622 [FXGL Background Thread 3 ] DEBUG Engine               - isFullScreenFromStart: false
12:55:37.622 [FXGL Background Thread 3 ] DEBUG Engine               - isGameMenuEnabled: true
12:55:37.622 [FXGL Background Thread 3 ] DEBUG Engine               - isIOS: false
12:55:37.622 [FXGL Background Thread 3 ] DEBUG Engine               - isIntroEnabled: false
12:55:37.622 [FXGL Background Thread 3 ] DEBUG Engine               - isLinux: false
12:55:37.622 [FXGL Background Thread 3 ] DEBUG Engine               - isMac: false
12:55:37.623 [FXGL Background Thread 3 ] DEBUG Engine               - isMainMenuEnabled: false
12:55:37.623 [FXGL Background Thread 3 ] DEBUG Engine               - isManualResizeEnabled: false
12:55:37.623 [FXGL Background Thread 3 ] DEBUG Engine               - isMobile: false
12:55:37.623 [FXGL Background Thread 3 ] DEBUG Engine               - isNative: false
12:55:37.623 [FXGL Background Thread 3 ] DEBUG Engine               - isPauseMusicWhenMinimized: true
12:55:37.623 [FXGL Background Thread 3 ] DEBUG Engine               - isPreserveResizeRatio: false
12:55:37.623 [FXGL Background Thread 3 ] DEBUG Engine               - isProfilingEnabled: false
12:55:37.623 [FXGL Background Thread 3 ] DEBUG Engine               - isScaleAffectedOnResize: true
12:55:37.623 [FXGL Background Thread 3 ] DEBUG Engine               - isSingleStep: false
12:55:37.623 [FXGL Background Thread 3 ] DEBUG Engine               - isUserProfileEnabled: false
12:55:37.623 [FXGL Background Thread 3 ] DEBUG Engine               - isWindows: true
12:55:37.623 [FXGL Background Thread 3 ] DEBUG Engine               - language: ObjectProperty [value: ENGLISH]
12:55:37.623 [FXGL Background Thread 3 ] DEBUG Engine               - menuKey: ESCAPE
12:55:37.623 [FXGL Background Thread 3 ] DEBUG Engine               - mouseSensitivity: 0.2
12:55:37.623 [FXGL Background Thread 3 ] DEBUG Engine               - notificationViewClass: class com.almasb.fxgl.notification.view.XboxNotificationView
12:55:37.623 [FXGL Background Thread 3 ] DEBUG Engine               - pixelsPerMeter: 50.0
12:55:37.623 [FXGL Background Thread 3 ] DEBUG Engine               - platform: WINDOWS
12:55:37.623 [FXGL Background Thread 3 ] DEBUG Engine               - prefHeightProperty: ReadOnlyDoubleProperty [value: 600.0]
12:55:37.623 [FXGL Background Thread 3 ] DEBUG Engine               - prefWidthProperty: ReadOnlyDoubleProperty [value: 800.0]
12:55:37.623 [FXGL Background Thread 3 ] DEBUG Engine               - profileDir: profiles/
12:55:37.623 [FXGL Background Thread 3 ] DEBUG Engine               - profileName: StringProperty [value: DEFAULT]
12:55:37.623 [FXGL Background Thread 3 ] DEBUG Engine               - randomSeed: -1
12:55:37.624 [FXGL Background Thread 3 ] DEBUG Engine               - runtimeInfo: RuntimeInfo(platform=WINDOWS, version=21.1, build=26.03.2024 17.33)
12:55:37.624 [FXGL Background Thread 3 ] DEBUG Engine               - saveFileExt: sav
12:55:37.624 [FXGL Background Thread 3 ] DEBUG Engine               - scaledHeightProp$fxgl: DoubleProperty [bound, value: 600.0]
12:55:37.624 [FXGL Background Thread 3 ] DEBUG Engine               - scaledWidthProp$fxgl: DoubleProperty [bound, value: 800.0]
12:55:37.624 [FXGL Background Thread 3 ] DEBUG Engine               - sceneFactory: com.almasb.fxgl.app.scene.SceneFactory@1cda6e1b
12:55:37.624 [FXGL Background Thread 3 ] DEBUG Engine               - secondsIn24h: 60
12:55:37.624 [FXGL Background Thread 3 ] DEBUG Engine               - soundMenuBack: menu/back.wav
12:55:37.624 [FXGL Background Thread 3 ] DEBUG Engine               - soundMenuPress: menu/press.wav
12:55:37.624 [FXGL Background Thread 3 ] DEBUG Engine               - soundMenuSelect: menu/select.wav
12:55:37.624 [FXGL Background Thread 3 ] DEBUG Engine               - soundNotification: core/notification.wav
12:55:37.624 [FXGL Background Thread 3 ] DEBUG Engine               - stageStyle: DECORATED
12:55:37.624 [FXGL Background Thread 3 ] DEBUG Engine               - supportedLanguages: [ENGLISH, FRENCH, GERMAN, HUNGARIAN, RUSSIAN]
12:55:37.624 [FXGL Background Thread 3 ] DEBUG Engine               - ticksPerSecond: -1
12:55:37.624 [FXGL Background Thread 3 ] DEBUG Engine               - title: Among Us UNEG
12:55:37.624 [FXGL Background Thread 3 ] DEBUG Engine               - urlGithub: https://github.com/AlmasB/FXGL
12:55:37.624 [FXGL Background Thread 3 ] DEBUG Engine               - urlLeaderboard: http://fxgl-top.herokuapp.com/
12:55:37.624 [FXGL Background Thread 3 ] DEBUG Engine               - urlPOM: https://raw.githubusercontent.com/AlmasB/FXGL/release/README.md
12:55:37.624 [FXGL Background Thread 3 ] DEBUG Engine               - userAppClass: class main.java.amongUs.AppPrincipal
12:55:37.624 [FXGL Background Thread 3 ] DEBUG Engine               - version: 0.0
12:55:37.624 [FXGL Background Thread 3 ] DEBUG Engine               - versionCheckDays: 7
12:55:37.624 [FXGL Background Thread 3 ] DEBUG Engine               - width: 800
12:55:37.624 [FXGL Background Thread 3 ] DEBUG Engine               - Logging services
12:55:37.624 [FXGL Background Thread 3 ] DEBUG Engine               - class com.almasb.fxgl.app.services.FXGLAssetLoaderService
12:55:37.624 [FXGL Background Thread 3 ] DEBUG Engine               - class com.almasb.fxgl.app.FXGLApplication$GameApplicationService
12:55:37.624 [FXGL Background Thread 3 ] DEBUG Engine               - class com.almasb.fxgl.app.services.FXGLDialogService
12:55:37.624 [FXGL Background Thread 3 ] DEBUG Engine               - class com.almasb.fxgl.app.services.IOTaskExecutorService
12:55:37.624 [FXGL Background Thread 3 ] DEBUG Engine               - class com.almasb.fxgl.io.FileSystemService
12:55:37.624 [FXGL Background Thread 3 ] DEBUG Engine               - class com.almasb.fxgl.localization.LocalizationService
12:55:37.624 [FXGL Background Thread 3 ] DEBUG Engine               - class com.almasb.fxgl.app.services.SystemBundleService
12:55:37.624 [FXGL Background Thread 3 ] DEBUG Engine               - class com.almasb.fxgl.profile.SaveLoadService
12:55:37.624 [FXGL Background Thread 3 ] DEBUG Engine               - class com.almasb.fxgl.ui.FXGLUIFactoryServiceProvider
12:55:37.624 [FXGL Background Thread 3 ] DEBUG Engine               - class com.almasb.fxgl.ui.FXGLDialogFactoryServiceProvider
12:55:37.624 [FXGL Background Thread 3 ] DEBUG Engine               - class com.almasb.fxgl.audio.AudioPlayer
12:55:37.624 [FXGL Background Thread 3 ] DEBUG Engine               - class com.almasb.fxgl.notification.impl.NotificationServiceProvider
12:55:37.624 [FXGL Background Thread 3 ] DEBUG Engine               - class com.almasb.fxgl.achievement.AchievementService
12:55:37.624 [FXGL Background Thread 3 ] DEBUG Engine               - class com.almasb.fxgl.cutscene.CutsceneService
12:55:37.624 [FXGL Background Thread 3 ] DEBUG Engine               - class com.almasb.fxgl.minigames.MiniGameService
12:55:37.624 [FXGL Background Thread 3 ] DEBUG Engine               - class com.almasb.fxgl.net.NetService
12:55:37.624 [FXGL Background Thread 3 ] DEBUG Engine               - class com.almasb.fxgl.app.services.UpdaterService
12:55:37.624 [FXGL Background Thread 3 ] DEBUG Engine               - class com.almasb.fxgl.dev.DevService
12:55:39.229 [JavaFX Application Thread] DEBUG FXGLAssetLoaderServi - Loading from file system: file:/C:/Users/nicol/Desktop/amongu/out/production/Among%20Us/assets/textures/tripulante_blanco.png
12:55:40.321 [JavaFX Application Thread] WARN  TMXLevelLoader       - TiledMap generated from 1.11.2. Supported version: 1.9.0. Some features may not be parsed fully.
12:55:40.337 [JavaFX Application Thread] DEBUG TMXLevelLoader       - Parsed TiledMap: file:/C:/Users/nicol/Desktop/amongu/out/production/Among%20Us/assets/levels/mapa1.tmx
12:55:40.338 [JavaFX Application Thread] DEBUG TMXLevelLoader       - Creating tile layer entities
12:55:40.339 [JavaFX Application Thread] DEBUG TilesetLoader        - Loading view for layer fondo
12:55:40.339 [JavaFX Application Thread] DEBUG TilesetLoader        - Created buffer with size 992.0x928.0
12:55:40.422 [JavaFX Application Thread] DEBUG TilesetLoader        - Loading view for layer pasillo
12:55:40.427 [JavaFX Application Thread] DEBUG TilesetLoader        - Created buffer with size 992.0x928.0
12:55:40.429 [JavaFX Application Thread] WARN  TilesetLoader        - Diagonally flipped tiles are not currently supported
12:55:40.431 [JavaFX Application Thread] WARN  TilesetLoader        - Diagonally flipped tiles are not currently supported
12:55:40.433 [JavaFX Application Thread] WARN  TilesetLoader        - Diagonally flipped tiles are not currently supported
12:55:40.436 [JavaFX Application Thread] WARN  TilesetLoader        - Diagonally flipped tiles are not currently supported
12:55:40.436 [JavaFX Application Thread] WARN  TilesetLoader        - Diagonally flipped tiles are not currently supported
12:55:40.437 [JavaFX Application Thread] WARN  TilesetLoader        - Diagonally flipped tiles are not currently supported
12:55:40.440 [JavaFX Application Thread] WARN  TilesetLoader        - Diagonally flipped tiles are not currently supported
12:55:40.442 [JavaFX Application Thread] WARN  TilesetLoader        - Diagonally flipped tiles are not currently supported
12:55:40.444 [JavaFX Application Thread] WARN  TilesetLoader        - Diagonally flipped tiles are not currently supported
12:55:40.444 [JavaFX Application Thread] WARN  TilesetLoader        - Diagonally flipped tiles are not currently supported
12:55:40.446 [JavaFX Application Thread] WARN  TilesetLoader        - Diagonally flipped tiles are not currently supported
12:55:40.446 [JavaFX Application Thread] WARN  TilesetLoader        - Diagonally flipped tiles are not currently supported
12:55:40.449 [JavaFX Application Thread] WARN  TilesetLoader        - Diagonally flipped tiles are not currently supported
12:55:40.449 [JavaFX Application Thread] WARN  TilesetLoader        - Diagonally flipped tiles are not currently supported
12:55:40.449 [JavaFX Application Thread] WARN  TilesetLoader        - Diagonally flipped tiles are not currently supported
12:55:40.450 [JavaFX Application Thread] WARN  TilesetLoader        - Diagonally flipped tiles are not currently supported
12:55:40.450 [JavaFX Application Thread] WARN  TilesetLoader        - Diagonally flipped tiles are not currently supported
12:55:40.450 [JavaFX Application Thread] WARN  TilesetLoader        - Diagonally flipped tiles are not currently supported
12:55:40.450 [JavaFX Application Thread] WARN  TilesetLoader        - Diagonally flipped tiles are not currently supported
12:55:40.452 [JavaFX Application Thread] WARN  TilesetLoader        - Diagonally flipped tiles are not currently supported
12:55:40.452 [JavaFX Application Thread] WARN  TilesetLoader        - Diagonally flipped tiles are not currently supported
12:55:40.452 [JavaFX Application Thread] WARN  TilesetLoader        - Diagonally flipped tiles are not currently supported
12:55:40.454 [JavaFX Application Thread] DEBUG TilesetLoader        - Loading view for layer piso
12:55:40.455 [JavaFX Application Thread] DEBUG TilesetLoader        - Created buffer with size 992.0x928.0
12:55:40.457 [JavaFX Application Thread] DEBUG TilesetLoader        - Loading view for layer detallesdetraspared
12:55:40.457 [JavaFX Application Thread] DEBUG TilesetLoader        - Created buffer with size 992.0x928.0
12:55:40.466 [JavaFX Application Thread] DEBUG TilesetLoader        - Loading view for layer pared1
12:55:40.467 [JavaFX Application Thread] DEBUG TilesetLoader        - Created buffer with size 992.0x928.0
12:55:40.471 [JavaFX Application Thread] DEBUG TilesetLoader        - Loading view for layer pared2
12:55:40.471 [JavaFX Application Thread] DEBUG TilesetLoader        - Created buffer with size 992.0x928.0
12:55:40.473 [JavaFX Application Thread] DEBUG TilesetLoader        - Loading view for layer pared3
12:55:40.474 [JavaFX Application Thread] DEBUG TilesetLoader        - Created buffer with size 992.0x928.0
12:55:40.478 [JavaFX Application Thread] DEBUG TilesetLoader        - Loading view for layer detalles
12:55:40.478 [JavaFX Application Thread] DEBUG TilesetLoader        - Created buffer with size 992.0x928.0
12:55:40.505 [JavaFX Application Thread] DEBUG TilesetLoader        - Loading view for layer detalles2
12:55:40.505 [JavaFX Application Thread] DEBUG TilesetLoader        - Created buffer with size 992.0x928.0
12:55:40.519 [JavaFX Application Thread] DEBUG TilesetLoader        - Loading view for layer camaras
12:55:40.519 [JavaFX Application Thread] DEBUG TilesetLoader        - Created buffer with size 992.0x928.0
12:55:40.520 [JavaFX Application Thread] DEBUG TilesetLoader        - Loading view for layer grieta
12:55:40.521 [JavaFX Application Thread] DEBUG TilesetLoader        - Created buffer with size 992.0x928.0
12:55:40.523 [JavaFX Application Thread] DEBUG TMXLevelLoader       - Creating object layer entities
12:55:40.552 [JavaFX Application Thread] DEBUG GameWorld            - Clearing removable entities
12:55:40.553 [JavaFX Application Thread] DEBUG GameWorld            - Setting level: com.almasb.fxgl.entity.level.Level@3db2198c
12:55:40.562 [JavaFX Application Thread] DEBUG FXGLAssetLoaderServi - Loading from file system: file:/C:/Users/nicol/Desktop/amongu/out/production/Among%20Us/assets/textures/MonitorDeCamaras.png
12:55:40.573 [JavaFX Application Thread] DEBUG FXGLAssetLoaderServi - Loading from file system: file:/C:/Users/nicol/Desktop/amongu/out/production/Among%20Us/assets/textures/flechaAmarillaIzq.png
12:55:40.574 [JavaFX Application Thread] DEBUG FXGLAssetLoaderServi - Loading from file system: file:/C:/Users/nicol/Desktop/amongu/out/production/Among%20Us/assets/textures/flechaAmarillaDer.png
12:55:40.579 [JavaFX Application Thread] DEBUG FXGLAssetLoaderServi - Loading from file system: file:/C:/Users/nicol/Desktop/amongu/out/production/Among%20Us/assets/textures/animacion_fantasma.png
12:55:40.581 [JavaFX Application Thread] DEBUG FXGLAssetLoaderServi - Loading from file system: file:/C:/Users/nicol/Desktop/amongu/out/production/Among%20Us/assets/textures/blanco_muerto.png
12:55:40.581 [JavaFX Application Thread] DEBUG FXGLAssetLoaderServi - Loading from file system: file:/C:/Users/nicol/Desktop/amongu/out/production/Among%20Us/assets/textures/animacion_blanco.png
12:55:40.582 [JavaFX Application Thread] DEBUG FXGLAssetLoaderServi - Loading from file system: file:/C:/Users/nicol/Desktop/amongu/out/production/Among%20Us/assets/textures/alcantarilla_blanco.png
12:55:40.583 [JavaFX Application Thread] DEBUG FXGLAssetLoaderServi - Loading from file system: file:/C:/Users/nicol/Desktop/amongu/out/production/Among%20Us/assets/textures/alcantarilla_blancoE.png
12:55:40.591 [JavaFX Application Thread] DEBUG FXGLAssetLoaderServi - Loading from file system: file:/C:/Users/nicol/Desktop/amongu/out/production/Among%20Us/assets/textures/accionNegada.png
12:55:40.593 [JavaFX Application Thread] DEBUG FXGLAssetLoaderServi - Loading from file system: file:/C:/Users/nicol/Desktop/amongu/out/production/Among%20Us/assets/textures/reportarNegado.png
12:55:40.596 [JavaFX Application Thread] DEBUG FXGLAssetLoaderServi - Loading from file system: file:/C:/Users/nicol/Desktop/amongu/out/production/Among%20Us/assets/textures/matarNegado.png
12:55:40.602 [JavaFX Application Thread] DEBUG FXGLAssetLoaderServi - Loading from file system: file:/C:/Users/nicol/Desktop/amongu/out/production/Among%20Us/assets/textures/sabotaje.png
12:55:40.605 [JavaFX Application Thread] DEBUG FXGLAssetLoaderServi - Loading from file system: file:/C:/Users/nicol/Desktop/amongu/out/production/Among%20Us/assets/textures/pantalla_impostor.png
12:55:54.330 [JavaFX Application Thread] DEBUG FXGLApplication      - Exiting FXGL
12:55:54.330 [JavaFX Application Thread] DEBUG LoopRunner           - Stopping loop
12:55:54.330 [JavaFX Application Thread] DEBUG SystemBundleService  - Saving FXGL system data
12:55:54.332 [JavaFX Application Thread] DEBUG FileSystemAccess     - Writing to: C:\Users\nicol\Desktop\amongu\system\fxgl.bundle
12:55:54.333 [JavaFX Application Thread] DEBUG Async                - Shutting down background threads
12:55:54.333 [JavaFX Application Thread] DEBUG PrimaryStageWindow   - Closing main window
12:55:54.351 [JavaFX Application Thread] DEBUG Logger               - Closing Logger
