00:35:33.647 [main                     ] DEBUG Logger               - Configured Logger
00:35:33.658 [main                     ] DEBUG GameApplication      - Logging settings
Title: Among Us UNEG
Version: 0.0
Width: 800
Height: 600
Fullscreen: false
Intro: false
Profiling: false
Single step:false
App Mode: DEVELOPER
Menu Key: ESCAPE
Stage Style: DECORATED
Scene Factory: class com.almasb.fxgl.app.scene.SceneFactory

00:35:34.459 [JavaFX Application Thread] DEBUG FXGLApplication      - Initializing FXGL
00:35:34.465 [JavaFX Application Thread] INFO  Engine               - FXGL-21.1 (26.03.2024 17.33) on WINDOWS (J:25.0.2 FX:21.0.1)
00:35:34.466 [JavaFX Application Thread] DEBUG Engine               - JRE Vendor Name: Oracle Corporation
00:35:34.466 [JavaFX Application Thread] DEBUG Engine               - Running on OS: Windows 11 version 10.0
00:35:34.466 [JavaFX Application Thread] DEBUG Engine               - Architecture: amd64
00:35:34.466 [JavaFX Application Thread] INFO  Engine               - Source code and latest versions at: https://github.com/AlmasB/FXGL
00:35:34.467 [JavaFX Application Thread] INFO  Engine               -       Ask questions and discuss at: https://github.com/AlmasB/FXGL/discussions
00:35:34.467 [JavaFX Application Thread] INFO  Engine               -              Join the FXGL chat at: https://gitter.im/AlmasB/FXGL
00:35:34.723 [JavaFX Application Thread] DEBUG PrimaryStageWindow   - Creating a JavaFX scene
00:35:34.857 [JavaFX Application Thread] DEBUG PrimaryStageWindow   - Target settings size: 800.0 x 600.0
00:35:34.857 [JavaFX Application Thread] DEBUG PrimaryStageWindow   - Scaled scene size:    800.0 x 600.0
00:35:34.858 [JavaFX Application Thread] DEBUG PrimaryStageWindow   - Scaled ratio: (1.0, 1.0)
00:35:34.859 [JavaFX Application Thread] DEBUG PrimaryStageWindow   - Set initial scene to FXGLStartupScene
00:35:34.866 [JavaFX Application Thread] DEBUG PrimaryStageWindow   - Opening main window
00:35:35.032 [JavaFX Application Thread] DEBUG PrimaryStageWindow   - Window border size: (16.0, 39.0)
00:35:35.032 [JavaFX Application Thread] DEBUG PrimaryStageWindow   - Scaled size: 800.0 x 600.0
00:35:35.033 [JavaFX Application Thread] DEBUG PrimaryStageWindow   - Scaled ratio: (1.0, 1.0)
00:35:35.033 [JavaFX Application Thread] DEBUG PrimaryStageWindow   - Scene size: 800.0 x 600.0
00:35:35.033 [JavaFX Application Thread] DEBUG PrimaryStageWindow   - Stage size: 816.0 x 639.0
00:35:35.063 [FXGL Background Thread 1 ] DEBUG Engine               - Initializing environment variables
00:35:35.246 [FXGL Background Thread 1 ] DEBUG FXGLAssetLoaderServi - User app class for loading assets: class main.java.amongUs.AppPrincipal
00:35:35.246 [FXGL Background Thread 1 ] DEBUG GameApplicationServi - Applying CSS: fxgl_dark.css
00:35:35.247 [FXGL Background Thread 1 ] DEBUG FXGLAssetLoaderServi - Loading from file system: jar:file:/C:/Users/josue/OneDrive/Desktop/proyecto%20java/Among%20Us/lib/fxgl-21.1-uber.jar!/fxglassets/ui/css/fxgl_dark.css
00:35:35.335 [FXGL Background Thread 1 ] DEBUG GameApplicationServi - Initializing application scenes
00:35:35.541 [FXGL Background Thread 1 ] DEBUG GameWorld            - Game world initialized
00:35:35.621 [FXGL Background Thread 1 ] DEBUG PhysicsWorld         - Physics world initialized: appHeight=600, physics.ppm=50,0
00:35:35.621 [FXGL Background Thread 1 ] DEBUG PhysicsWorld         - Using strategy: BRUTE_FORCE
00:35:35.627 [FXGL Background Thread 1 ] DEBUG GameScene            - Game scene initialized: 800x600
00:35:35.646 [FXGL Background Thread 1 ] DEBUG FXGL.DefaultMenu     - createMenuBodyGameMenu()
00:35:35.677 [FXGL Background Thread 1 ] DEBUG FXGL.DefaultMenu     - createOptionsMenu()
00:35:35.697 [FXGL Background Thread 1 ] DEBUG FXGLAssetLoaderServi - Loading from file system: jar:file:/C:/Users/josue/OneDrive/Desktop/proyecto%20java/Among%20Us/lib/fxgl-21.1-uber.jar!/fxglassets/textures/particles/smoke.png
00:35:35.891 [FXGL Background Thread 1 ] DEBUG FXGLAssetLoaderServi - Loading from file system: jar:file:/C:/Users/josue/OneDrive/Desktop/proyecto%20java/Among%20Us/lib/fxgl-21.1-uber.jar!/fxglassets/textures/particles/trace_horizontal.png
00:35:35.933 [FXGL Background Thread 1 ] DEBUG GameApplicationServi - Application scenes initialized
00:35:35.961 [FXGL Background Thread 1 ] DEBUG SystemBundleService  - Loading FXGL system data
00:35:35.967 [FXGL Background Thread 1 ] DEBUG FileSystemAccess     - Reading from: C:\Users\josue\OneDrive\Desktop\proyecto java\Among Us\system\fxgl.bundle
00:35:35.980 [FXGL Background Thread 1 ] DEBUG SystemBundleService  - Bundle FXGL: {}
00:35:35.980 [FXGL Background Thread 1 ] DEBUG UpdaterService       - Checking for updates
00:35:35.988 [FXGL Background Thread 1 ] DEBUG FXGLApplication      - Loading default localization
00:35:35.989 [FXGL Background Thread 1 ] DEBUG FXGLAssetLoaderServi - Loading from file system: jar:file:/C:/Users/josue/OneDrive/Desktop/proyecto%20java/Among%20Us/lib/fxgl-21.1-uber.jar!/fxglassets/languages/english.lang
00:35:36.012 [FXGL Background Thread 1 ] INFO  FXGLApplication      - FXGL initialization took: 0,948 sec
00:35:36.026 [JavaFX Application Thread] DEBUG Input                - Registered new binding: Mover Arriba - W
00:35:36.026 [JavaFX Application Thread] DEBUG Input                - Registered new binding: Mover Abajo - S
00:35:36.027 [JavaFX Application Thread] DEBUG Input                - Registered new binding: Mover Izquierda - A
00:35:36.027 [JavaFX Application Thread] DEBUG Input                - Registered new binding: Mover Derecha - D
00:35:36.027 [JavaFX Application Thread] DEBUG Input                - Registered new binding: Abrir Camaras - C
00:35:36.027 [JavaFX Application Thread] DEBUG Input                - Registered new binding: Usar Alcantarilla - Space
00:35:36.027 [JavaFX Application Thread] DEBUG Input                - Registered new binding: Vent Izquierda - Left
00:35:36.027 [JavaFX Application Thread] DEBUG Input                - Registered new binding: Vent Derecha - Right
00:35:36.027 [JavaFX Application Thread] DEBUG Input                - Registered new binding: Vent Arriba - Up
00:35:36.028 [JavaFX Application Thread] DEBUG Input                - Registered new binding: Vent Abajo - Down
00:35:36.028 [JavaFX Application Thread] DEBUG Input                - Registered new binding: Matar Jugador - Q
00:35:36.028 [JavaFX Application Thread] DEBUG Input                - Registered new binding: Reportar Cadaver - R
00:35:36.028 [JavaFX Application Thread] DEBUG Input                - Registered new binding: Abrir/Cerrar Mapa - M
00:35:36.028 [JavaFX Application Thread] DEBUG FXGLAssetLoaderServi - Loading from file system: file:/C:/Users/josue/OneDrive/Desktop/proyecto%20java/Among%20Us/out/production/Among%20Us/assets/textures/icono.png
00:35:36.073 [FXGL Background Thread 4 ] DEBUG FXGLApplication      - Loading fonts
00:35:36.075 [FXGL Background Thread 4 ] DEBUG FXGLAssetLoaderServi - Loading from file system: jar:file:/C:/Users/josue/OneDrive/Desktop/proyecto%20java/Among%20Us/lib/fxgl-21.1-uber.jar!/fxglassets/ui/fonts/VarelaRound-Regular.ttf
00:35:36.090 [JavaFX Application Thread] DEBUG FXGLAssetLoaderServi - Loading from file system: jar:file:/C:/Users/josue/OneDrive/Desktop/proyecto%20java/Among%20Us/lib/fxgl-21.1-uber.jar!/fxglassets/textures/fxgl_default_cursor.png
00:35:36.100 [JavaFX Application Thread] DEBUG Input                - Registered new binding: Screenshot - CTRL+8
00:35:36.101 [JavaFX Application Thread] DEBUG Input                - Registered new binding: System info dump - CTRL+9
00:35:36.102 [JavaFX Application Thread] DEBUG Input                - Registered new binding: Restart - CTRL+R
00:35:36.107 [JavaFX Application Thread] DEBUG Input                - Registered new binding: Toggle Debug Camera - CTRL+7
00:35:36.117 [JavaFX Application Thread] DEBUG LoopRunner           - Starting loop
00:35:36.117 [JavaFX Application Thread] DEBUG LoopRunner           - Initializing JavaFX AnimationTimerLoop
00:35:36.119 [JavaFX Application Thread] DEBUG GameApplicationServi - Starting new game
00:35:36.120 [JavaFX Application Thread] DEBUG Input                - Clearing active input actions
00:35:36.162 [JavaFX Application Thread] DEBUG GameApplicationServi - Removing overlay from FXGLStartupScene and adding to FXGLLoadingScene
00:35:36.163 [JavaFX Application Thread] DEBUG PrimaryStageWindow   - FXGLStartupScene -> FXGLLoadingScene
00:35:36.163 [JavaFX Application Thread] DEBUG GameApplicationServi - Clearing previous game
00:35:36.163 [JavaFX Application Thread] DEBUG GameScene            - Clearing game scene
00:35:36.163 [JavaFX Application Thread] DEBUG GameWorld            - Clearing game world
00:35:36.163 [JavaFX Application Thread] DEBUG PhysicsWorld         - Clearing physics world
00:35:36.177 [FXGL Background Thread 1 ] DEBUG FXGLApplication      - Initializing game
00:35:36.185 [FXGL Background Thread 1 ] DEBUG FXGLAssetLoaderServi - Loading from file system: file:/C:/Users/josue/OneDrive/Desktop/proyecto%20java/Among%20Us/out/production/Among%20Us/assets/music/musicaMenu.mp3
00:35:36.941 [FXGL Background Thread 4 ] DEBUG FXGLAssetLoaderServi - Loading from file system: jar:file:/C:/Users/josue/OneDrive/Desktop/proyecto%20java/Among%20Us/lib/fxgl-21.1-uber.jar!/fxglassets/ui/fonts/Abel-Regular.ttf
00:35:36.948 [FXGL Background Thread 4 ] DEBUG FXGLAssetLoaderServi - Loading from file system: jar:file:/C:/Users/josue/OneDrive/Desktop/proyecto%20java/Among%20Us/lib/fxgl-21.1-uber.jar!/fxglassets/ui/fonts/TerminalLandMono-Regular.otf
00:35:36.964 [FXGL Background Thread 4 ] DEBUG FXGLAssetLoaderServi - Loading from file system: jar:file:/C:/Users/josue/OneDrive/Desktop/proyecto%20java/Among%20Us/lib/fxgl-21.1-uber.jar!/fxglassets/ui/fonts/Courier-Prime.ttf
00:35:37.008 [JavaFX Application Thread] DEBUG FXGLApplication      - Registering font factories with UI factory
00:35:37.047 [FXGL Background Thread 1 ] DEBUG AudioPlayer          - Playing music com.almasb.fxgl.audio.Music@525016a
00:35:38.871 [FXGL Background Thread 1 ] INFO  FXGLApplication      - Game initialization took: 2,694 sec
00:35:38.874 [JavaFX Application Thread] DEBUG Input                - Clearing active input actions
00:35:38.897 [JavaFX Application Thread] DEBUG GameApplicationServi - Removing overlay from FXGLLoadingScene and adding to GameScene
00:35:38.898 [JavaFX Application Thread] DEBUG PrimaryStageWindow   - FXGLLoadingScene -> GameScene
00:35:38.984 [FXGL Background Thread 3 ] DEBUG Engine               - Logging environment variables
00:35:38.996 [FXGL Background Thread 3 ] DEBUG Engine               - achievements: []
00:35:38.996 [FXGL Background Thread 3 ] DEBUG Engine               - actualHeight: 600.0
00:35:38.997 [FXGL Background Thread 3 ] DEBUG Engine               - actualHeightProperty: ReadOnlyDoubleProperty [value: 600.0]
00:35:38.997 [FXGL Background Thread 3 ] DEBUG Engine               - actualWidth: 800.0
00:35:38.998 [FXGL Background Thread 3 ] DEBUG Engine               - actualWidthProperty: ReadOnlyDoubleProperty [value: 800.0]
00:35:38.998 [FXGL Background Thread 3 ] DEBUG Engine               - appIcon: icono.png
00:35:38.998 [FXGL Background Thread 3 ] DEBUG Engine               - applicationMode: DEVELOPER
00:35:38.998 [FXGL Background Thread 3 ] DEBUG Engine               - cSSList: [fxgl_dark.css]
00:35:38.998 [FXGL Background Thread 3 ] DEBUG Engine               - collisionDetectionStrategy: BRUTE_FORCE
00:35:38.998 [FXGL Background Thread 3 ] DEBUG Engine               - configClass: Optional.empty
00:35:38.998 [FXGL Background Thread 3 ] DEBUG Engine               - credits: []
00:35:38.998 [FXGL Background Thread 3 ] DEBUG Engine               - defaultCursor: CursorInfo(imageName=fxgl_default_cursor.png, hotspotX=7.0, hotspotY=6.0)
00:35:38.998 [FXGL Background Thread 3 ] DEBUG Engine               - devBBoxColorProperty: ObjectProperty [value: 0xff0000ff]
00:35:38.999 [FXGL Background Thread 3 ] DEBUG Engine               - devEnableDebugCameraProperty: BooleanProperty [value: false]
00:35:38.999 [FXGL Background Thread 3 ] DEBUG Engine               - devSensorColorProperty: ObjectProperty [value: 0xffff00ff]
00:35:38.999 [FXGL Background Thread 3 ] DEBUG Engine               - devShowBBoxProperty: BooleanProperty [value: false]
00:35:38.999 [FXGL Background Thread 3 ] DEBUG Engine               - devShowPositionProperty: BooleanProperty [value: false]
00:35:38.999 [FXGL Background Thread 3 ] DEBUG Engine               - enabledMenuItems: []
00:35:38.999 [FXGL Background Thread 3 ] DEBUG Engine               - engineServices: [class com.almasb.fxgl.app.services.FXGLAssetLoaderService, class com.almasb.fxgl.app.FXGLApplication$GameApplicationService, class com.almasb.fxgl.app.services.FXGLDialogService, class com.almasb.fxgl.app.services.IOTaskExecutorService, class com.almasb.fxgl.io.FileSystemService, class com.almasb.fxgl.localization.LocalizationService, class com.almasb.fxgl.app.services.SystemBundleService, class com.almasb.fxgl.profile.SaveLoadService, class com.almasb.fxgl.ui.FXGLUIFactoryServiceProvider, class com.almasb.fxgl.ui.FXGLDialogFactoryServiceProvider, class com.almasb.fxgl.audio.AudioPlayer, class com.almasb.fxgl.notification.impl.NotificationServiceProvider, class com.almasb.fxgl.achievement.AchievementService, class com.almasb.fxgl.cutscene.CutsceneService, class com.almasb.fxgl.minigames.MiniGameService, class com.almasb.fxgl.net.NetService, class com.almasb.fxgl.app.services.UpdaterService, class com.almasb.fxgl.dev.DevService]
00:35:38.999 [FXGL Background Thread 3 ] DEBUG Engine               - fontGame: Abel-Regular.ttf
00:35:39.000 [FXGL Background Thread 3 ] DEBUG Engine               - fontMono: TerminalLandMono-Regular.otf
00:35:39.000 [FXGL Background Thread 3 ] DEBUG Engine               - fontSizeScaleUI: 1.0
00:35:39.000 [FXGL Background Thread 3 ] DEBUG Engine               - fontText: Courier-Prime.ttf
00:35:39.000 [FXGL Background Thread 3 ] DEBUG Engine               - fontUI: VarelaRound-Regular.ttf
00:35:39.000 [FXGL Background Thread 3 ] DEBUG Engine               - fullScreen: BooleanProperty [value: false]
00:35:39.000 [FXGL Background Thread 3 ] DEBUG Engine               - gameDifficulty: MEDIUM
00:35:39.000 [FXGL Background Thread 3 ] DEBUG Engine               - gameDifficultyProperty: ObjectProperty [value: MEDIUM]
00:35:39.000 [FXGL Background Thread 3 ] DEBUG Engine               - globalMusicVolume: 0.5
00:35:39.000 [FXGL Background Thread 3 ] DEBUG Engine               - globalMusicVolumeProperty: DoubleProperty [value: 0.4]
00:35:39.000 [FXGL Background Thread 3 ] DEBUG Engine               - globalSoundVolume: 0.5
00:35:39.001 [FXGL Background Thread 3 ] DEBUG Engine               - globalSoundVolumeProperty: DoubleProperty [value: 0.5]
00:35:39.001 [FXGL Background Thread 3 ] DEBUG Engine               - height: 600
00:35:39.002 [FXGL Background Thread 3 ] DEBUG Engine               - is3D: false
00:35:39.002 [FXGL Background Thread 3 ] DEBUG Engine               - isAndroid: false
00:35:39.002 [FXGL Background Thread 3 ] DEBUG Engine               - isBrowser: false
00:35:39.002 [FXGL Background Thread 3 ] DEBUG Engine               - isClickFeedbackEnabled: false
00:35:39.002 [FXGL Background Thread 3 ] DEBUG Engine               - isCloseConfirmation: false
00:35:39.002 [FXGL Background Thread 3 ] DEBUG Engine               - isDesktop: true
00:35:39.002 [FXGL Background Thread 3 ] DEBUG Engine               - isDeveloperMenuEnabled: false
00:35:39.002 [FXGL Background Thread 3 ] DEBUG Engine               - isEmbedded: false
00:35:39.002 [FXGL Background Thread 3 ] DEBUG Engine               - isEntityPreloadEnabled: true
00:35:39.002 [FXGL Background Thread 3 ] DEBUG Engine               - isExperimentalTiledLargeMap: false
00:35:39.002 [FXGL Background Thread 3 ] DEBUG Engine               - isFileSystemWriteAllowed: true
00:35:39.002 [FXGL Background Thread 3 ] DEBUG Engine               - isFullScreenAllowed: false
00:35:39.002 [FXGL Background Thread 3 ] DEBUG Engine               - isFullScreenFromStart: false
00:35:39.002 [FXGL Background Thread 3 ] DEBUG Engine               - isGameMenuEnabled: true
00:35:39.002 [FXGL Background Thread 3 ] DEBUG Engine               - isIOS: false
00:35:39.002 [FXGL Background Thread 3 ] DEBUG Engine               - isIntroEnabled: false
00:35:39.003 [FXGL Background Thread 3 ] DEBUG Engine               - isLinux: false
00:35:39.003 [FXGL Background Thread 3 ] DEBUG Engine               - isMac: false
00:35:39.003 [FXGL Background Thread 3 ] DEBUG Engine               - isMainMenuEnabled: false
00:35:39.003 [FXGL Background Thread 3 ] DEBUG Engine               - isManualResizeEnabled: false
00:35:39.004 [FXGL Background Thread 3 ] DEBUG Engine               - isMobile: false
00:35:39.004 [FXGL Background Thread 3 ] DEBUG Engine               - isNative: false
00:35:39.004 [FXGL Background Thread 3 ] DEBUG Engine               - isPauseMusicWhenMinimized: true
00:35:39.004 [FXGL Background Thread 3 ] DEBUG Engine               - isPreserveResizeRatio: false
00:35:39.005 [FXGL Background Thread 3 ] DEBUG Engine               - isProfilingEnabled: false
00:35:39.005 [FXGL Background Thread 3 ] DEBUG Engine               - isScaleAffectedOnResize: true
00:35:39.005 [FXGL Background Thread 3 ] DEBUG Engine               - isSingleStep: false
00:35:39.005 [FXGL Background Thread 3 ] DEBUG Engine               - isUserProfileEnabled: false
00:35:39.005 [FXGL Background Thread 3 ] DEBUG Engine               - isWindows: true
00:35:39.005 [FXGL Background Thread 3 ] DEBUG Engine               - language: ObjectProperty [value: ENGLISH]
00:35:39.005 [FXGL Background Thread 3 ] DEBUG Engine               - menuKey: ESCAPE
00:35:39.005 [FXGL Background Thread 3 ] DEBUG Engine               - mouseSensitivity: 0.2
00:35:39.005 [FXGL Background Thread 3 ] DEBUG Engine               - notificationViewClass: class com.almasb.fxgl.notification.view.XboxNotificationView
00:35:39.005 [FXGL Background Thread 3 ] DEBUG Engine               - pixelsPerMeter: 50.0
00:35:39.005 [FXGL Background Thread 3 ] DEBUG Engine               - platform: WINDOWS
00:35:39.005 [FXGL Background Thread 3 ] DEBUG Engine               - prefHeightProperty: ReadOnlyDoubleProperty [value: 600.0]
00:35:39.006 [FXGL Background Thread 3 ] DEBUG Engine               - prefWidthProperty: ReadOnlyDoubleProperty [value: 800.0]
00:35:39.006 [FXGL Background Thread 3 ] DEBUG Engine               - profileDir: profiles/
00:35:39.006 [FXGL Background Thread 3 ] DEBUG Engine               - profileName: StringProperty [value: DEFAULT]
00:35:39.006 [FXGL Background Thread 3 ] DEBUG Engine               - randomSeed: -1
00:35:39.006 [FXGL Background Thread 3 ] DEBUG Engine               - runtimeInfo: RuntimeInfo(platform=WINDOWS, version=21.1, build=26.03.2024 17.33)
00:35:39.006 [FXGL Background Thread 3 ] DEBUG Engine               - saveFileExt: sav
00:35:39.007 [FXGL Background Thread 3 ] DEBUG Engine               - scaledHeightProp$fxgl: DoubleProperty [bound, value: 600.0]
00:35:39.007 [FXGL Background Thread 3 ] DEBUG Engine               - scaledWidthProp$fxgl: DoubleProperty [bound, value: 800.0]
00:35:39.007 [FXGL Background Thread 3 ] DEBUG Engine               - sceneFactory: com.almasb.fxgl.app.scene.SceneFactory@496e1305
00:35:39.007 [FXGL Background Thread 3 ] DEBUG Engine               - secondsIn24h: 60
00:35:39.007 [FXGL Background Thread 3 ] DEBUG Engine               - soundMenuBack: menu/back.wav
00:35:39.008 [FXGL Background Thread 3 ] DEBUG Engine               - soundMenuPress: menu/press.wav
00:35:39.009 [FXGL Background Thread 3 ] DEBUG Engine               - soundMenuSelect: menu/select.wav
00:35:39.009 [FXGL Background Thread 3 ] DEBUG Engine               - soundNotification: core/notification.wav
00:35:39.009 [FXGL Background Thread 3 ] DEBUG Engine               - stageStyle: DECORATED
00:35:39.010 [FXGL Background Thread 3 ] DEBUG Engine               - supportedLanguages: [ENGLISH, FRENCH, GERMAN, HUNGARIAN, RUSSIAN]
00:35:39.011 [FXGL Background Thread 3 ] DEBUG Engine               - ticksPerSecond: -1
00:35:39.011 [FXGL Background Thread 3 ] DEBUG Engine               - title: Among Us UNEG
00:35:39.011 [FXGL Background Thread 3 ] DEBUG Engine               - urlGithub: https://github.com/AlmasB/FXGL
00:35:39.011 [FXGL Background Thread 3 ] DEBUG Engine               - urlLeaderboard: http://fxgl-top.herokuapp.com/
00:35:39.011 [FXGL Background Thread 3 ] DEBUG Engine               - urlPOM: https://raw.githubusercontent.com/AlmasB/FXGL/release/README.md
00:35:39.011 [FXGL Background Thread 3 ] DEBUG Engine               - userAppClass: class main.java.amongUs.AppPrincipal
00:35:39.011 [FXGL Background Thread 3 ] DEBUG Engine               - version: 0.0
00:35:39.011 [FXGL Background Thread 3 ] DEBUG Engine               - versionCheckDays: 7
00:35:39.011 [FXGL Background Thread 3 ] DEBUG Engine               - width: 800
00:35:39.011 [FXGL Background Thread 3 ] DEBUG Engine               - Logging services
00:35:39.013 [FXGL Background Thread 3 ] DEBUG Engine               - class com.almasb.fxgl.app.services.FXGLAssetLoaderService
00:35:39.013 [FXGL Background Thread 3 ] DEBUG Engine               - class com.almasb.fxgl.app.FXGLApplication$GameApplicationService
00:35:39.013 [FXGL Background Thread 3 ] DEBUG Engine               - class com.almasb.fxgl.app.services.FXGLDialogService
00:35:39.013 [FXGL Background Thread 3 ] DEBUG Engine               - class com.almasb.fxgl.app.services.IOTaskExecutorService
00:35:39.016 [FXGL Background Thread 3 ] DEBUG Engine               - class com.almasb.fxgl.io.FileSystemService
00:35:39.017 [FXGL Background Thread 3 ] DEBUG Engine               - class com.almasb.fxgl.localization.LocalizationService
00:35:39.017 [FXGL Background Thread 3 ] DEBUG Engine               - class com.almasb.fxgl.app.services.SystemBundleService
00:35:39.017 [FXGL Background Thread 3 ] DEBUG Engine               - class com.almasb.fxgl.profile.SaveLoadService
00:35:39.017 [FXGL Background Thread 3 ] DEBUG Engine               - class com.almasb.fxgl.ui.FXGLUIFactoryServiceProvider
00:35:39.017 [FXGL Background Thread 3 ] DEBUG Engine               - class com.almasb.fxgl.ui.FXGLDialogFactoryServiceProvider
00:35:39.017 [FXGL Background Thread 3 ] DEBUG Engine               - class com.almasb.fxgl.audio.AudioPlayer
00:35:39.017 [FXGL Background Thread 3 ] DEBUG Engine               - class com.almasb.fxgl.notification.impl.NotificationServiceProvider
00:35:39.017 [FXGL Background Thread 3 ] DEBUG Engine               - class com.almasb.fxgl.achievement.AchievementService
00:35:39.021 [FXGL Background Thread 3 ] DEBUG Engine               - class com.almasb.fxgl.cutscene.CutsceneService
00:35:39.022 [FXGL Background Thread 2 ] INFO  UpdaterService       - Your current version:  21.1
00:35:39.023 [FXGL Background Thread 2 ] INFO  UpdaterService       - Latest stable version: 25
00:35:39.021 [FXGL Background Thread 3 ] DEBUG Engine               - class com.almasb.fxgl.minigames.MiniGameService
00:35:39.023 [FXGL Background Thread 3 ] DEBUG Engine               - class com.almasb.fxgl.net.NetService
00:35:39.023 [FXGL Background Thread 3 ] DEBUG Engine               - class com.almasb.fxgl.app.services.UpdaterService
00:35:39.023 [FXGL Background Thread 3 ] DEBUG Engine               - class com.almasb.fxgl.dev.DevService
00:36:58.124 [JavaFX Application Thread] DEBUG FXGLAssetLoaderServi - Loading from file system: file:/C:/Users/josue/OneDrive/Desktop/proyecto%20java/Among%20Us/out/production/Among%20Us/assets/sounds/clickBoton.wav
00:37:03.385 [JavaFX Application Thread] DEBUG FXGLAssetLoaderServi - Loading from file system: file:/C:/Users/josue/OneDrive/Desktop/proyecto%20java/Among%20Us/out/production/Among%20Us/assets/textures/tripulante_blanco.png
00:37:03.390 [JavaFX Application Thread] DEBUG FXGLAssetLoaderServi - Loading from file system: file:/C:/Users/josue/OneDrive/Desktop/proyecto%20java/Among%20Us/out/production/Among%20Us/assets/textures/tripulante_negro.png
00:37:03.396 [JavaFX Application Thread] DEBUG FXGLAssetLoaderServi - Loading from file system: file:/C:/Users/josue/OneDrive/Desktop/proyecto%20java/Among%20Us/out/production/Among%20Us/assets/textures/tripulante_marron.png
00:37:09.133 [JavaFX Application Thread] DEBUG FXGLAssetLoaderServi - Loading from file system: file:/C:/Users/josue/OneDrive/Desktop/proyecto%20java/Among%20Us/out/production/Among%20Us/assets/textures/tripulante_azul.png
00:37:15.738 [JavaFX Application Thread] DEBUG FXGLAssetLoaderServi - Loading from file system: file:/C:/Users/josue/OneDrive/Desktop/proyecto%20java/Among%20Us/out/production/Among%20Us/assets/textures/tripulante_rojo.png
00:38:07.262 [JavaFX Application Thread] WARN  TMXLevelLoader       - TiledMap generated from 1.11.2. Supported version: 1.9.0. Some features may not be parsed fully.
00:38:08.809 [JavaFX Application Thread] DEBUG TMXLevelLoader       - Parsed TiledMap: file:/C:/Users/josue/OneDrive/Desktop/proyecto%20java/Among%20Us/out/production/Among%20Us/assets/levels/mapa1.tmx
00:38:08.811 [JavaFX Application Thread] DEBUG TMXLevelLoader       - Creating tile layer entities
00:38:08.878 [JavaFX Application Thread] DEBUG TilesetLoader        - Loading view for layer fondo
00:38:08.879 [JavaFX Application Thread] DEBUG TilesetLoader        - Created buffer with size 992.0x928.0
00:38:13.342 [JavaFX Application Thread] DEBUG TilesetLoader        - Loading view for layer pasillo
00:38:13.931 [JavaFX Application Thread] DEBUG TilesetLoader        - Created buffer with size 992.0x928.0
00:38:14.136 [JavaFX Application Thread] WARN  TilesetLoader        - Diagonally flipped tiles are not currently supported
00:38:14.149 [JavaFX Application Thread] WARN  TilesetLoader        - Diagonally flipped tiles are not currently supported
00:38:14.150 [JavaFX Application Thread] WARN  TilesetLoader        - Diagonally flipped tiles are not currently supported
00:38:14.154 [JavaFX Application Thread] WARN  TilesetLoader        - Diagonally flipped tiles are not currently supported
00:38:14.156 [JavaFX Application Thread] WARN  TilesetLoader        - Diagonally flipped tiles are not currently supported
00:38:14.163 [JavaFX Application Thread] WARN  TilesetLoader        - Diagonally flipped tiles are not currently supported
00:38:14.174 [JavaFX Application Thread] WARN  TilesetLoader        - Diagonally flipped tiles are not currently supported
00:38:14.183 [JavaFX Application Thread] WARN  TilesetLoader        - Diagonally flipped tiles are not currently supported
00:38:14.183 [JavaFX Application Thread] WARN  TilesetLoader        - Diagonally flipped tiles are not currently supported
00:38:14.455 [JavaFX Application Thread] WARN  TilesetLoader        - Diagonally flipped tiles are not currently supported
00:38:14.531 [JavaFX Application Thread] WARN  TilesetLoader        - Diagonally flipped tiles are not currently supported
00:38:14.605 [JavaFX Application Thread] WARN  TilesetLoader        - Diagonally flipped tiles are not currently supported
00:38:14.606 [JavaFX Application Thread] WARN  TilesetLoader        - Diagonally flipped tiles are not currently supported
00:38:14.609 [JavaFX Application Thread] WARN  TilesetLoader        - Diagonally flipped tiles are not currently supported
00:38:14.610 [JavaFX Application Thread] WARN  TilesetLoader        - Diagonally flipped tiles are not currently supported
00:38:14.610 [JavaFX Application Thread] WARN  TilesetLoader        - Diagonally flipped tiles are not currently supported
00:38:14.611 [JavaFX Application Thread] WARN  TilesetLoader        - Diagonally flipped tiles are not currently supported
00:38:14.611 [JavaFX Application Thread] WARN  TilesetLoader        - Diagonally flipped tiles are not currently supported
00:38:14.611 [JavaFX Application Thread] WARN  TilesetLoader        - Diagonally flipped tiles are not currently supported
00:38:14.611 [JavaFX Application Thread] WARN  TilesetLoader        - Diagonally flipped tiles are not currently supported
00:38:14.646 [JavaFX Application Thread] DEBUG TilesetLoader        - Loading view for layer piso
00:38:14.647 [JavaFX Application Thread] DEBUG TilesetLoader        - Created buffer with size 992.0x928.0
00:38:14.717 [JavaFX Application Thread] DEBUG TilesetLoader        - Loading view for layer detallesdetraspared
00:38:14.717 [JavaFX Application Thread] DEBUG TilesetLoader        - Created buffer with size 992.0x928.0
00:38:15.364 [JavaFX Application Thread] DEBUG TilesetLoader        - Loading view for layer pared1
00:38:15.374 [JavaFX Application Thread] DEBUG TilesetLoader        - Created buffer with size 992.0x928.0
00:38:15.393 [JavaFX Application Thread] DEBUG TilesetLoader        - Loading view for layer pared2
00:38:15.394 [JavaFX Application Thread] DEBUG TilesetLoader        - Created buffer with size 992.0x928.0
00:38:15.410 [JavaFX Application Thread] DEBUG TilesetLoader        - Loading view for layer pared3
00:38:15.411 [JavaFX Application Thread] DEBUG TilesetLoader        - Created buffer with size 992.0x928.0
00:38:15.421 [JavaFX Application Thread] DEBUG TilesetLoader        - Loading view for layer detalles
00:38:15.432 [JavaFX Application Thread] DEBUG TilesetLoader        - Created buffer with size 992.0x928.0
00:38:15.661 [JavaFX Application Thread] DEBUG TilesetLoader        - Loading view for layer detalles2
00:38:15.663 [JavaFX Application Thread] DEBUG TilesetLoader        - Created buffer with size 992.0x928.0
00:38:15.728 [JavaFX Application Thread] DEBUG TilesetLoader        - Loading view for layer camaras
00:38:15.743 [JavaFX Application Thread] DEBUG TilesetLoader        - Created buffer with size 992.0x928.0
00:38:15.749 [JavaFX Application Thread] DEBUG TilesetLoader        - Loading view for layer grieta
00:38:15.753 [JavaFX Application Thread] DEBUG TilesetLoader        - Created buffer with size 992.0x928.0
00:38:15.765 [JavaFX Application Thread] DEBUG TMXLevelLoader       - Creating object layer entities
00:38:16.882 [JavaFX Application Thread] DEBUG GameWorld            - Clearing removable entities
00:38:16.883 [JavaFX Application Thread] DEBUG GameWorld            - Setting level: com.almasb.fxgl.entity.level.Level@610371e7
00:38:16.950 [JavaFX Application Thread] DEBUG FXGLAssetLoaderServi - Loading from file system: file:/C:/Users/josue/OneDrive/Desktop/proyecto%20java/Among%20Us/out/production/Among%20Us/assets/textures/MonitorDeCamaras.png
00:38:16.982 [JavaFX Application Thread] DEBUG FXGLAssetLoaderServi - Loading from file system: file:/C:/Users/josue/OneDrive/Desktop/proyecto%20java/Among%20Us/out/production/Among%20Us/assets/textures/flechaAmarillaIzq.png
00:38:16.988 [JavaFX Application Thread] DEBUG FXGLAssetLoaderServi - Loading from file system: file:/C:/Users/josue/OneDrive/Desktop/proyecto%20java/Among%20Us/out/production/Among%20Us/assets/textures/flechaAmarillaDer.png
00:38:17.008 [JavaFX Application Thread] DEBUG FXGLAssetLoaderServi - Loading from file system: file:/C:/Users/josue/OneDrive/Desktop/proyecto%20java/Among%20Us/out/production/Among%20Us/assets/textures/animacion_fantasma.png
00:38:17.010 [JavaFX Application Thread] DEBUG FXGLAssetLoaderServi - Loading from file system: file:/C:/Users/josue/OneDrive/Desktop/proyecto%20java/Among%20Us/out/production/Among%20Us/assets/textures/blanco_muerto.png
00:38:17.012 [JavaFX Application Thread] DEBUG FXGLAssetLoaderServi - Loading from file system: file:/C:/Users/josue/OneDrive/Desktop/proyecto%20java/Among%20Us/out/production/Among%20Us/assets/textures/animacion_blanco.png
00:38:17.013 [JavaFX Application Thread] DEBUG FXGLAssetLoaderServi - Loading from file system: file:/C:/Users/josue/OneDrive/Desktop/proyecto%20java/Among%20Us/out/production/Among%20Us/assets/textures/alcantarilla_blanco.png
00:38:17.014 [JavaFX Application Thread] DEBUG FXGLAssetLoaderServi - Loading from file system: file:/C:/Users/josue/OneDrive/Desktop/proyecto%20java/Among%20Us/out/production/Among%20Us/assets/textures/alcantarilla_blancoE.png
00:38:17.027 [JavaFX Application Thread] DEBUG FXGLAssetLoaderServi - Loading from file system: file:/C:/Users/josue/OneDrive/Desktop/proyecto%20java/Among%20Us/out/production/Among%20Us/assets/textures/negro_muerto.png
00:38:17.029 [JavaFX Application Thread] DEBUG FXGLAssetLoaderServi - Loading from file system: file:/C:/Users/josue/OneDrive/Desktop/proyecto%20java/Among%20Us/out/production/Among%20Us/assets/textures/animacion_negro.png
00:38:17.030 [JavaFX Application Thread] DEBUG FXGLAssetLoaderServi - Loading from file system: file:/C:/Users/josue/OneDrive/Desktop/proyecto%20java/Among%20Us/out/production/Among%20Us/assets/textures/alcantarilla_negro.png
00:38:17.032 [JavaFX Application Thread] DEBUG FXGLAssetLoaderServi - Loading from file system: file:/C:/Users/josue/OneDrive/Desktop/proyecto%20java/Among%20Us/out/production/Among%20Us/assets/textures/alcantarilla_negroE.png
00:38:17.036 [JavaFX Application Thread] DEBUG FXGLAssetLoaderServi - Loading from file system: file:/C:/Users/josue/OneDrive/Desktop/proyecto%20java/Among%20Us/out/production/Among%20Us/assets/textures/marron_muerto.png
00:38:17.037 [JavaFX Application Thread] DEBUG FXGLAssetLoaderServi - Loading from file system: file:/C:/Users/josue/OneDrive/Desktop/proyecto%20java/Among%20Us/out/production/Among%20Us/assets/textures/animacion_marron.png
00:38:17.042 [JavaFX Application Thread] DEBUG FXGLAssetLoaderServi - Loading from file system: file:/C:/Users/josue/OneDrive/Desktop/proyecto%20java/Among%20Us/out/production/Among%20Us/assets/textures/alcantarilla_marron.png
00:38:17.043 [JavaFX Application Thread] DEBUG FXGLAssetLoaderServi - Loading from file system: file:/C:/Users/josue/OneDrive/Desktop/proyecto%20java/Among%20Us/out/production/Among%20Us/assets/textures/alcantarilla_marronE.png
00:38:17.049 [JavaFX Application Thread] DEBUG FXGLAssetLoaderServi - Loading from file system: file:/C:/Users/josue/OneDrive/Desktop/proyecto%20java/Among%20Us/out/production/Among%20Us/assets/textures/azul_muerto.png
00:38:17.057 [JavaFX Application Thread] DEBUG FXGLAssetLoaderServi - Loading from file system: file:/C:/Users/josue/OneDrive/Desktop/proyecto%20java/Among%20Us/out/production/Among%20Us/assets/textures/animacion_azul.png
00:38:17.058 [JavaFX Application Thread] DEBUG FXGLAssetLoaderServi - Loading from file system: file:/C:/Users/josue/OneDrive/Desktop/proyecto%20java/Among%20Us/out/production/Among%20Us/assets/textures/alcantarilla_azul.png
00:38:17.059 [JavaFX Application Thread] DEBUG FXGLAssetLoaderServi - Loading from file system: file:/C:/Users/josue/OneDrive/Desktop/proyecto%20java/Among%20Us/out/production/Among%20Us/assets/textures/alcantarilla_azulE.png
00:38:17.063 [JavaFX Application Thread] DEBUG FXGLAssetLoaderServi - Loading from file system: file:/C:/Users/josue/OneDrive/Desktop/proyecto%20java/Among%20Us/out/production/Among%20Us/assets/textures/rojo_muerto.png
00:38:17.066 [JavaFX Application Thread] DEBUG FXGLAssetLoaderServi - Loading from file system: file:/C:/Users/josue/OneDrive/Desktop/proyecto%20java/Among%20Us/out/production/Among%20Us/assets/textures/animacion_rojo.png
00:38:17.067 [JavaFX Application Thread] DEBUG FXGLAssetLoaderServi - Loading from file system: file:/C:/Users/josue/OneDrive/Desktop/proyecto%20java/Among%20Us/out/production/Among%20Us/assets/textures/alcantarilla_rojo.png
00:38:17.069 [JavaFX Application Thread] DEBUG FXGLAssetLoaderServi - Loading from file system: file:/C:/Users/josue/OneDrive/Desktop/proyecto%20java/Among%20Us/out/production/Among%20Us/assets/textures/alcantarilla_rojoE.png
00:38:17.072 [JavaFX Application Thread] DEBUG FXGLAssetLoaderServi - Loading from file system: file:/C:/Users/josue/OneDrive/Desktop/proyecto%20java/Among%20Us/out/production/Among%20Us/assets/textures/accionNegada.png
00:38:18.943 [JavaFX Application Thread] DEBUG FXGLAssetLoaderServi - Loading from file system: file:/C:/Users/josue/OneDrive/Desktop/proyecto%20java/Among%20Us/out/production/Among%20Us/assets/textures/reportarNegado.png
00:38:18.955 [JavaFX Application Thread] DEBUG FXGLAssetLoaderServi - Loading from file system: file:/C:/Users/josue/OneDrive/Desktop/proyecto%20java/Among%20Us/out/production/Among%20Us/assets/textures/animacion_codigo.png
00:38:19.623 [JavaFX Application Thread] DEBUG FXGLAssetLoaderServi - Loading from file system: file:/C:/Users/josue/OneDrive/Desktop/proyecto%20java/Among%20Us/out/production/Among%20Us/assets/textures/animacion_datos.png
00:38:20.714 [JavaFX Application Thread] DEBUG FXGLAssetLoaderServi - Loading from file system: file:/C:/Users/josue/OneDrive/Desktop/proyecto%20java/Among%20Us/out/production/Among%20Us/assets/textures/animacion_temperatura.png
00:38:20.943 [JavaFX Application Thread] DEBUG FXGLAssetLoaderServi - Loading from file system: file:/C:/Users/josue/OneDrive/Desktop/proyecto%20java/Among%20Us/out/production/Among%20Us/assets/textures/animacion_basura.png
00:38:21.476 [JavaFX Application Thread] WARN  FXGLAssetLoaderServi - Asset "/assets/textures/animacion_reactor.png" was not found!
00:38:21.476 [JavaFX Application Thread] WARN  FXGLAssetLoaderServi - Failed to load IMAGE
00:38:21.508 [JavaFX Application Thread] DEBUG FXGLAssetLoaderServi - Loading from file system: file:/C:/Users/josue/OneDrive/Desktop/proyecto%20java/Among%20Us/out/production/Among%20Us/assets/textures/barra_0.png
00:38:21.520 [JavaFX Application Thread] DEBUG FXGLAssetLoaderServi - Loading from file system: file:/C:/Users/josue/OneDrive/Desktop/proyecto%20java/Among%20Us/out/production/Among%20Us/assets/textures/pantalla_tripulante.png
00:38:45.755 [JavaFX Application Thread] DEBUG FXGLAssetLoaderServi - Loading from file system: file:/C:/Users/josue/OneDrive/Desktop/proyecto%20java/Among%20Us/out/production/Among%20Us/assets/textures/cuerpo.png
00:38:49.450 [JavaFX Application Thread] DEBUG FXGLAssetLoaderServi - Loading from file system: file:/C:/Users/josue/OneDrive/Desktop/proyecto%20java/Among%20Us/out/production/Among%20Us/assets/textures/botonVotar.png
00:39:29.991 [JavaFX Application Thread] DEBUG FXGLAssetLoaderServi - Loading from file system: file:/C:/Users/josue/OneDrive/Desktop/proyecto%20java/Among%20Us/out/production/Among%20Us/assets/textures/derrota_tripulante.png
00:39:49.996 [JavaFX Application Thread] DEBUG FXGLApplication      - Exiting FXGL
00:39:49.997 [JavaFX Application Thread] DEBUG LoopRunner           - Stopping loop
00:39:49.997 [JavaFX Application Thread] DEBUG SystemBundleService  - Saving FXGL system data
00:39:50.004 [JavaFX Application Thread] DEBUG FileSystemAccess     - Writing to: C:\Users\josue\OneDrive\Desktop\proyecto java\Among Us\system\fxgl.bundle
00:39:50.008 [JavaFX Application Thread] DEBUG Async                - Shutting down background threads
00:39:50.009 [JavaFX Application Thread] DEBUG PrimaryStageWindow   - Closing main window
00:39:50.039 [JavaFX Application Thread] DEBUG Logger               - Closing Logger
