13:21:30.694 [main                     ] DEBUG Logger               - Configured Logger
13:21:31.586 [main                     ] DEBUG GameApplication      - Logging settings
Title: Among Us UNEG
Version: 0.0
Width: 800
Height: 600
Fullscreen: false
Intro: false
Profiling: false
Single step:false
App Mode: DEVELOPER
Menu Key: ESCAPE
Stage Style: DECORATED
Scene Factory: class com.almasb.fxgl.app.scene.SceneFactory

13:21:32.754 [JavaFX Application Thread] DEBUG FXGLApplication      - Initializing FXGL
13:21:32.761 [JavaFX Application Thread] INFO  Engine               - FXGL-21.1 (26.03.2024 17.33) on WINDOWS (J:25.0.2 FX:21.0.1)
13:21:32.761 [JavaFX Application Thread] DEBUG Engine               - JRE Vendor Name: Oracle Corporation
13:21:32.763 [JavaFX Application Thread] DEBUG Engine               - Running on OS: Windows 11 version 10.0
13:21:32.763 [JavaFX Application Thread] DEBUG Engine               - Architecture: amd64
13:21:32.763 [JavaFX Application Thread] INFO  Engine               - Source code and latest versions at: https://github.com/AlmasB/FXGL
13:21:32.763 [JavaFX Application Thread] INFO  Engine               -       Ask questions and discuss at: https://github.com/AlmasB/FXGL/discussions
13:21:32.763 [JavaFX Application Thread] INFO  Engine               -              Join the FXGL chat at: https://gitter.im/AlmasB/FXGL
13:21:32.968 [JavaFX Application Thread] DEBUG PrimaryStageWindow   - Creating a JavaFX scene
13:21:33.104 [JavaFX Application Thread] DEBUG PrimaryStageWindow   - Target settings size: 800.0 x 600.0
13:21:33.105 [JavaFX Application Thread] DEBUG PrimaryStageWindow   - Scaled scene size:    800.0 x 600.0
13:21:33.105 [JavaFX Application Thread] DEBUG PrimaryStageWindow   - Scaled ratio: (1.0, 1.0)
13:21:33.107 [JavaFX Application Thread] DEBUG PrimaryStageWindow   - Set initial scene to FXGLStartupScene
13:21:33.116 [JavaFX Application Thread] DEBUG PrimaryStageWindow   - Opening main window
13:21:33.309 [JavaFX Application Thread] DEBUG PrimaryStageWindow   - Window border size: (16.0, 39.0)
13:21:33.309 [JavaFX Application Thread] DEBUG PrimaryStageWindow   - Scaled size: 800.0 x 600.0
13:21:33.310 [JavaFX Application Thread] DEBUG PrimaryStageWindow   - Scaled ratio: (1.0, 1.0)
13:21:33.310 [JavaFX Application Thread] DEBUG PrimaryStageWindow   - Scene size: 800.0 x 600.0
13:21:33.311 [JavaFX Application Thread] DEBUG PrimaryStageWindow   - Stage size: 816.0 x 639.0
13:21:33.415 [FXGL Background Thread 1 ] DEBUG Engine               - Initializing environment variables
13:21:33.524 [FXGL Background Thread 1 ] DEBUG FXGLAssetLoaderServi - User app class for loading assets: class main.java.amongUs.AppPrincipal
13:21:33.525 [FXGL Background Thread 1 ] DEBUG GameApplicationServi - Applying CSS: fxgl_dark.css
13:21:33.526 [FXGL Background Thread 1 ] DEBUG FXGLAssetLoaderServi - Loading from file system: jar:file:/C:/Users/josue/OneDrive/Desktop/proyecto%20java/Among%20Us/lib/fxgl-21.1-uber.jar!/fxglassets/ui/css/fxgl_dark.css
13:21:33.645 [FXGL Background Thread 1 ] DEBUG GameApplicationServi - Initializing application scenes
13:21:33.864 [FXGL Background Thread 1 ] DEBUG GameWorld            - Game world initialized
13:21:33.946 [FXGL Background Thread 1 ] DEBUG PhysicsWorld         - Physics world initialized: appHeight=600, physics.ppm=50,0
13:21:33.946 [FXGL Background Thread 1 ] DEBUG PhysicsWorld         - Using strategy: BRUTE_FORCE
13:21:33.954 [FXGL Background Thread 1 ] DEBUG GameScene            - Game scene initialized: 800x600
13:21:33.976 [FXGL Background Thread 1 ] DEBUG FXGL.DefaultMenu     - createMenuBodyGameMenu()
13:21:34.002 [FXGL Background Thread 1 ] DEBUG FXGL.DefaultMenu     - createOptionsMenu()
13:21:34.020 [FXGL Background Thread 1 ] DEBUG FXGLAssetLoaderServi - Loading from file system: jar:file:/C:/Users/josue/OneDrive/Desktop/proyecto%20java/Among%20Us/lib/fxgl-21.1-uber.jar!/fxglassets/textures/particles/smoke.png
13:21:34.241 [FXGL Background Thread 1 ] DEBUG FXGLAssetLoaderServi - Loading from file system: jar:file:/C:/Users/josue/OneDrive/Desktop/proyecto%20java/Among%20Us/lib/fxgl-21.1-uber.jar!/fxglassets/textures/particles/trace_horizontal.png
13:21:34.319 [FXGL Background Thread 1 ] DEBUG GameApplicationServi - Application scenes initialized
13:21:34.345 [FXGL Background Thread 1 ] DEBUG SystemBundleService  - Loading FXGL system data
13:21:34.350 [FXGL Background Thread 1 ] DEBUG FileSystemAccess     - Reading from: C:\Users\josue\OneDrive\Desktop\proyecto java\Among Us\system\fxgl.bundle
13:21:34.360 [FXGL Background Thread 1 ] DEBUG SystemBundleService  - Bundle FXGL: {}
13:21:34.360 [FXGL Background Thread 1 ] DEBUG UpdaterService       - Checking for updates
13:21:34.368 [FXGL Background Thread 1 ] DEBUG FXGLApplication      - Loading default localization
13:21:34.368 [FXGL Background Thread 4 ] DEBUG FXGLApplication      - Loading fonts
13:21:34.369 [FXGL Background Thread 1 ] DEBUG FXGLAssetLoaderServi - Loading from file system: jar:file:/C:/Users/josue/OneDrive/Desktop/proyecto%20java/Among%20Us/lib/fxgl-21.1-uber.jar!/fxglassets/languages/english.lang
13:21:34.369 [FXGL Background Thread 4 ] DEBUG FXGLAssetLoaderServi - Loading from file system: jar:file:/C:/Users/josue/OneDrive/Desktop/proyecto%20java/Among%20Us/lib/fxgl-21.1-uber.jar!/fxglassets/ui/fonts/VarelaRound-Regular.ttf
13:21:34.414 [FXGL Background Thread 1 ] INFO  FXGLApplication      - FXGL initialization took: 0,999 sec
13:21:34.471 [JavaFX Application Thread] DEBUG Input                - Registered new binding: Mover Arriba - W
13:21:34.471 [JavaFX Application Thread] DEBUG Input                - Registered new binding: Mover Abajo - S
13:21:34.471 [JavaFX Application Thread] DEBUG Input                - Registered new binding: Mover Izquierda - A
13:21:34.472 [JavaFX Application Thread] DEBUG Input                - Registered new binding: Mover Derecha - D
13:21:34.472 [JavaFX Application Thread] DEBUG Input                - Registered new binding: Abrir Camaras - C
13:21:34.472 [JavaFX Application Thread] DEBUG Input                - Registered new binding: Usar Alcantarilla - Space
13:21:34.472 [JavaFX Application Thread] DEBUG Input                - Registered new binding: Vent Izquierda - Left
13:21:34.472 [JavaFX Application Thread] DEBUG Input                - Registered new binding: Vent Derecha - Right
13:21:34.472 [JavaFX Application Thread] DEBUG Input                - Registered new binding: Vent Arriba - Up
13:21:34.472 [JavaFX Application Thread] DEBUG Input                - Registered new binding: Vent Abajo - Down
13:21:34.472 [JavaFX Application Thread] DEBUG Input                - Registered new binding: Matar Jugador - Q
13:21:34.473 [JavaFX Application Thread] DEBUG Input                - Registered new binding: Reportar Cadaver - R
13:21:34.473 [JavaFX Application Thread] DEBUG FXGLAssetLoaderServi - Loading from file system: file:/C:/Users/josue/OneDrive/Desktop/proyecto%20java/Among%20Us/out/production/Among%20Us/assets/textures/icono.png
13:21:34.514 [JavaFX Application Thread] DEBUG FXGLAssetLoaderServi - Loading from file system: jar:file:/C:/Users/josue/OneDrive/Desktop/proyecto%20java/Among%20Us/lib/fxgl-21.1-uber.jar!/fxglassets/textures/fxgl_default_cursor.png
13:21:34.517 [JavaFX Application Thread] DEBUG Input                - Registered new binding: Screenshot - CTRL+8
13:21:34.521 [JavaFX Application Thread] DEBUG Input                - Registered new binding: System info dump - CTRL+9
13:21:34.522 [JavaFX Application Thread] DEBUG Input                - Registered new binding: Restart - CTRL+R
13:21:34.523 [JavaFX Application Thread] DEBUG Input                - Registered new binding: Toggle Debug Camera - CTRL+7
13:21:34.528 [JavaFX Application Thread] DEBUG LoopRunner           - Starting loop
13:21:34.528 [JavaFX Application Thread] DEBUG LoopRunner           - Initializing JavaFX AnimationTimerLoop
13:21:34.531 [JavaFX Application Thread] DEBUG GameApplicationServi - Starting new game
13:21:34.533 [JavaFX Application Thread] DEBUG Input                - Clearing active input actions
13:21:34.588 [JavaFX Application Thread] DEBUG GameApplicationServi - Removing overlay from FXGLStartupScene and adding to FXGLLoadingScene
13:21:34.592 [JavaFX Application Thread] DEBUG PrimaryStageWindow   - FXGLStartupScene -> FXGLLoadingScene
13:21:34.592 [JavaFX Application Thread] DEBUG GameApplicationServi - Clearing previous game
13:21:34.592 [JavaFX Application Thread] DEBUG GameScene            - Clearing game scene
13:21:34.592 [JavaFX Application Thread] DEBUG GameWorld            - Clearing game world
13:21:34.592 [JavaFX Application Thread] DEBUG PhysicsWorld         - Clearing physics world
13:21:34.596 [FXGL Background Thread 1 ] DEBUG FXGLApplication      - Initializing game
13:21:34.613 [FXGL Background Thread 1 ] DEBUG FXGLAssetLoaderServi - Loading from file system: file:/C:/Users/josue/OneDrive/Desktop/proyecto%20java/Among%20Us/out/production/Among%20Us/assets/music/musicaMenu.mp3
13:21:34.724 [FXGL Background Thread 4 ] DEBUG FXGLAssetLoaderServi - Loading from file system: jar:file:/C:/Users/josue/OneDrive/Desktop/proyecto%20java/Among%20Us/lib/fxgl-21.1-uber.jar!/fxglassets/ui/fonts/Abel-Regular.ttf
13:21:34.761 [FXGL Background Thread 4 ] DEBUG FXGLAssetLoaderServi - Loading from file system: jar:file:/C:/Users/josue/OneDrive/Desktop/proyecto%20java/Among%20Us/lib/fxgl-21.1-uber.jar!/fxglassets/ui/fonts/TerminalLandMono-Regular.otf
13:21:34.788 [FXGL Background Thread 4 ] DEBUG FXGLAssetLoaderServi - Loading from file system: jar:file:/C:/Users/josue/OneDrive/Desktop/proyecto%20java/Among%20Us/lib/fxgl-21.1-uber.jar!/fxglassets/ui/fonts/Courier-Prime.ttf
13:21:34.857 [JavaFX Application Thread] DEBUG FXGLApplication      - Registering font factories with UI factory
13:21:35.296 [FXGL Background Thread 1 ] DEBUG AudioPlayer          - Playing music com.almasb.fxgl.audio.Music@5d2bc49b
13:21:37.089 [FXGL Background Thread 2 ] INFO  UpdaterService       - Your current version:  21.1
13:21:37.089 [FXGL Background Thread 2 ] INFO  UpdaterService       - Latest stable version: 25
13:21:37.364 [FXGL Background Thread 3 ] DEBUG Engine               - Logging environment variables
13:21:37.375 [FXGL Background Thread 3 ] DEBUG Engine               - achievements: []
13:21:37.375 [FXGL Background Thread 3 ] DEBUG Engine               - actualHeight: 600.0
13:21:37.375 [FXGL Background Thread 3 ] DEBUG Engine               - actualHeightProperty: ReadOnlyDoubleProperty [value: 600.0]
13:21:37.377 [FXGL Background Thread 3 ] DEBUG Engine               - actualWidth: 800.0
13:21:37.377 [FXGL Background Thread 3 ] DEBUG Engine               - actualWidthProperty: ReadOnlyDoubleProperty [value: 800.0]
13:21:37.377 [FXGL Background Thread 3 ] DEBUG Engine               - appIcon: icono.png
13:21:37.377 [FXGL Background Thread 3 ] DEBUG Engine               - applicationMode: DEVELOPER
13:21:37.380 [FXGL Background Thread 3 ] DEBUG Engine               - cSSList: [fxgl_dark.css]
13:21:37.380 [FXGL Background Thread 3 ] DEBUG Engine               - collisionDetectionStrategy: BRUTE_FORCE
13:21:37.380 [FXGL Background Thread 3 ] DEBUG Engine               - configClass: Optional.empty
13:21:37.380 [FXGL Background Thread 3 ] DEBUG Engine               - credits: []
13:21:37.380 [FXGL Background Thread 3 ] DEBUG Engine               - defaultCursor: CursorInfo(imageName=fxgl_default_cursor.png, hotspotX=7.0, hotspotY=6.0)
13:21:37.381 [FXGL Background Thread 3 ] DEBUG Engine               - devBBoxColorProperty: ObjectProperty [value: 0xff0000ff]
13:21:37.381 [FXGL Background Thread 3 ] DEBUG Engine               - devEnableDebugCameraProperty: BooleanProperty [value: false]
13:21:37.383 [FXGL Background Thread 3 ] DEBUG Engine               - devSensorColorProperty: ObjectProperty [value: 0xffff00ff]
13:21:37.383 [FXGL Background Thread 3 ] DEBUG Engine               - devShowBBoxProperty: BooleanProperty [value: false]
13:21:37.383 [FXGL Background Thread 3 ] DEBUG Engine               - devShowPositionProperty: BooleanProperty [value: false]
13:21:37.385 [FXGL Background Thread 3 ] DEBUG Engine               - enabledMenuItems: []
13:21:37.385 [FXGL Background Thread 3 ] DEBUG Engine               - engineServices: [class com.almasb.fxgl.app.services.FXGLAssetLoaderService, class com.almasb.fxgl.app.FXGLApplication$GameApplicationService, class com.almasb.fxgl.app.services.FXGLDialogService, class com.almasb.fxgl.app.services.IOTaskExecutorService, class com.almasb.fxgl.io.FileSystemService, class com.almasb.fxgl.localization.LocalizationService, class com.almasb.fxgl.app.services.SystemBundleService, class com.almasb.fxgl.profile.SaveLoadService, class com.almasb.fxgl.ui.FXGLUIFactoryServiceProvider, class com.almasb.fxgl.ui.FXGLDialogFactoryServiceProvider, class com.almasb.fxgl.audio.AudioPlayer, class com.almasb.fxgl.notification.impl.NotificationServiceProvider, class com.almasb.fxgl.achievement.AchievementService, class com.almasb.fxgl.cutscene.CutsceneService, class com.almasb.fxgl.minigames.MiniGameService, class com.almasb.fxgl.net.NetService, class com.almasb.fxgl.app.services.UpdaterService, class com.almasb.fxgl.dev.DevService]
13:21:37.385 [FXGL Background Thread 3 ] DEBUG Engine               - fontGame: Abel-Regular.ttf
13:21:37.385 [FXGL Background Thread 3 ] DEBUG Engine               - fontMono: TerminalLandMono-Regular.otf
13:21:37.385 [FXGL Background Thread 3 ] DEBUG Engine               - fontSizeScaleUI: 1.0
13:21:37.385 [FXGL Background Thread 3 ] DEBUG Engine               - fontText: Courier-Prime.ttf
13:21:37.386 [FXGL Background Thread 3 ] DEBUG Engine               - fontUI: VarelaRound-Regular.ttf
13:21:37.386 [FXGL Background Thread 3 ] DEBUG Engine               - fullScreen: BooleanProperty [value: false]
13:21:37.386 [FXGL Background Thread 3 ] DEBUG Engine               - gameDifficulty: MEDIUM
13:21:37.391 [FXGL Background Thread 3 ] DEBUG Engine               - gameDifficultyProperty: ObjectProperty [value: MEDIUM]
13:21:37.391 [FXGL Background Thread 3 ] DEBUG Engine               - globalMusicVolume: 0.5
13:21:37.391 [FXGL Background Thread 3 ] DEBUG Engine               - globalMusicVolumeProperty: DoubleProperty [value: 0.4]
13:21:37.392 [FXGL Background Thread 3 ] DEBUG Engine               - globalSoundVolume: 0.5
13:21:37.392 [FXGL Background Thread 3 ] DEBUG Engine               - globalSoundVolumeProperty: DoubleProperty [value: 0.5]
13:21:37.392 [FXGL Background Thread 3 ] DEBUG Engine               - height: 600
13:21:37.392 [FXGL Background Thread 3 ] DEBUG Engine               - is3D: false
13:21:37.392 [FXGL Background Thread 3 ] DEBUG Engine               - isAndroid: false
13:21:37.392 [FXGL Background Thread 3 ] DEBUG Engine               - isBrowser: false
13:21:37.392 [FXGL Background Thread 3 ] DEBUG Engine               - isClickFeedbackEnabled: false
13:21:37.393 [FXGL Background Thread 3 ] DEBUG Engine               - isCloseConfirmation: false
13:21:37.395 [FXGL Background Thread 3 ] DEBUG Engine               - isDesktop: true
13:21:37.395 [FXGL Background Thread 3 ] DEBUG Engine               - isDeveloperMenuEnabled: false
13:21:37.396 [FXGL Background Thread 3 ] DEBUG Engine               - isEmbedded: false
13:21:37.397 [FXGL Background Thread 3 ] DEBUG Engine               - isEntityPreloadEnabled: true
13:21:37.397 [FXGL Background Thread 3 ] DEBUG Engine               - isExperimentalTiledLargeMap: false
13:21:37.397 [FXGL Background Thread 3 ] DEBUG Engine               - isFileSystemWriteAllowed: true
13:21:37.399 [FXGL Background Thread 1 ] INFO  FXGLApplication      - Game initialization took: 2,802 sec
13:21:37.397 [FXGL Background Thread 3 ] DEBUG Engine               - isFullScreenAllowed: false
13:21:37.401 [JavaFX Application Thread] DEBUG Input                - Clearing active input actions
13:21:37.401 [FXGL Background Thread 3 ] DEBUG Engine               - isFullScreenFromStart: false
13:21:37.401 [FXGL Background Thread 3 ] DEBUG Engine               - isGameMenuEnabled: true
13:21:37.401 [FXGL Background Thread 3 ] DEBUG Engine               - isIOS: false
13:21:37.439 [JavaFX Application Thread] DEBUG GameApplicationServi - Removing overlay from FXGLLoadingScene and adding to GameScene
13:21:37.439 [JavaFX Application Thread] DEBUG PrimaryStageWindow   - FXGLLoadingScene -> GameScene
13:21:37.402 [FXGL Background Thread 3 ] DEBUG Engine               - isIntroEnabled: false
13:21:37.509 [FXGL Background Thread 3 ] DEBUG Engine               - isLinux: false
13:21:37.509 [FXGL Background Thread 3 ] DEBUG Engine               - isMac: false
13:21:37.509 [FXGL Background Thread 3 ] DEBUG Engine               - isMainMenuEnabled: false
13:21:37.510 [FXGL Background Thread 3 ] DEBUG Engine               - isManualResizeEnabled: false
13:21:37.510 [FXGL Background Thread 3 ] DEBUG Engine               - isMobile: false
13:21:37.510 [FXGL Background Thread 3 ] DEBUG Engine               - isNative: false
13:21:37.510 [FXGL Background Thread 3 ] DEBUG Engine               - isPauseMusicWhenMinimized: true
13:21:37.510 [FXGL Background Thread 3 ] DEBUG Engine               - isPreserveResizeRatio: false
13:21:37.510 [FXGL Background Thread 3 ] DEBUG Engine               - isProfilingEnabled: false
13:21:37.510 [FXGL Background Thread 3 ] DEBUG Engine               - isScaleAffectedOnResize: true
13:21:37.510 [FXGL Background Thread 3 ] DEBUG Engine               - isSingleStep: false
13:21:37.510 [FXGL Background Thread 3 ] DEBUG Engine               - isUserProfileEnabled: false
13:21:37.511 [FXGL Background Thread 3 ] DEBUG Engine               - isWindows: true
13:21:37.511 [FXGL Background Thread 3 ] DEBUG Engine               - language: ObjectProperty [value: ENGLISH]
13:21:37.511 [FXGL Background Thread 3 ] DEBUG Engine               - menuKey: ESCAPE
13:21:37.511 [FXGL Background Thread 3 ] DEBUG Engine               - mouseSensitivity: 0.2
13:21:37.511 [FXGL Background Thread 3 ] DEBUG Engine               - notificationViewClass: class com.almasb.fxgl.notification.view.XboxNotificationView
13:21:37.511 [FXGL Background Thread 3 ] DEBUG Engine               - pixelsPerMeter: 50.0
13:21:37.511 [FXGL Background Thread 3 ] DEBUG Engine               - platform: WINDOWS
13:21:37.511 [FXGL Background Thread 3 ] DEBUG Engine               - prefHeightProperty: ReadOnlyDoubleProperty [value: 600.0]
13:21:37.511 [FXGL Background Thread 3 ] DEBUG Engine               - prefWidthProperty: ReadOnlyDoubleProperty [value: 800.0]
13:21:37.511 [FXGL Background Thread 3 ] DEBUG Engine               - profileDir: profiles/
13:21:37.511 [FXGL Background Thread 3 ] DEBUG Engine               - profileName: StringProperty [value: DEFAULT]
13:21:37.512 [FXGL Background Thread 3 ] DEBUG Engine               - randomSeed: -1
13:21:37.512 [FXGL Background Thread 3 ] DEBUG Engine               - runtimeInfo: RuntimeInfo(platform=WINDOWS, version=21.1, build=26.03.2024 17.33)
13:21:37.512 [FXGL Background Thread 3 ] DEBUG Engine               - saveFileExt: sav
13:21:37.512 [FXGL Background Thread 3 ] DEBUG Engine               - scaledHeightProp$fxgl: DoubleProperty [bound, value: 600.0]
13:21:37.512 [FXGL Background Thread 3 ] DEBUG Engine               - scaledWidthProp$fxgl: DoubleProperty [bound, value: 800.0]
13:21:37.512 [FXGL Background Thread 3 ] DEBUG Engine               - sceneFactory: com.almasb.fxgl.app.scene.SceneFactory@74880530
13:21:37.512 [FXGL Background Thread 3 ] DEBUG Engine               - secondsIn24h: 60
13:21:37.512 [FXGL Background Thread 3 ] DEBUG Engine               - soundMenuBack: menu/back.wav
13:21:37.512 [FXGL Background Thread 3 ] DEBUG Engine               - soundMenuPress: menu/press.wav
13:21:37.513 [FXGL Background Thread 3 ] DEBUG Engine               - soundMenuSelect: menu/select.wav
13:21:37.513 [FXGL Background Thread 3 ] DEBUG Engine               - soundNotification: core/notification.wav
13:21:37.513 [FXGL Background Thread 3 ] DEBUG Engine               - stageStyle: DECORATED
13:21:37.513 [FXGL Background Thread 3 ] DEBUG Engine               - supportedLanguages: [ENGLISH, FRENCH, GERMAN, HUNGARIAN, RUSSIAN]
13:21:37.513 [FXGL Background Thread 3 ] DEBUG Engine               - ticksPerSecond: -1
13:21:37.513 [FXGL Background Thread 3 ] DEBUG Engine               - title: Among Us UNEG
13:21:37.513 [FXGL Background Thread 3 ] DEBUG Engine               - urlGithub: https://github.com/AlmasB/FXGL
13:21:37.513 [FXGL Background Thread 3 ] DEBUG Engine               - urlLeaderboard: http://fxgl-top.herokuapp.com/
13:21:37.513 [FXGL Background Thread 3 ] DEBUG Engine               - urlPOM: https://raw.githubusercontent.com/AlmasB/FXGL/release/README.md
13:21:37.513 [FXGL Background Thread 3 ] DEBUG Engine               - userAppClass: class main.java.amongUs.AppPrincipal
13:21:37.513 [FXGL Background Thread 3 ] DEBUG Engine               - version: 0.0
13:21:37.513 [FXGL Background Thread 3 ] DEBUG Engine               - versionCheckDays: 7
13:21:37.513 [FXGL Background Thread 3 ] DEBUG Engine               - width: 800
13:21:37.513 [FXGL Background Thread 3 ] DEBUG Engine               - Logging services
13:21:37.513 [FXGL Background Thread 3 ] DEBUG Engine               - class com.almasb.fxgl.app.services.FXGLAssetLoaderService
13:21:37.513 [FXGL Background Thread 3 ] DEBUG Engine               - class com.almasb.fxgl.app.FXGLApplication$GameApplicationService
13:21:37.513 [FXGL Background Thread 3 ] DEBUG Engine               - class com.almasb.fxgl.app.services.FXGLDialogService
13:21:37.513 [FXGL Background Thread 3 ] DEBUG Engine               - class com.almasb.fxgl.app.services.IOTaskExecutorService
13:21:37.513 [FXGL Background Thread 3 ] DEBUG Engine               - class com.almasb.fxgl.io.FileSystemService
13:21:37.513 [FXGL Background Thread 3 ] DEBUG Engine               - class com.almasb.fxgl.localization.LocalizationService
13:21:37.513 [FXGL Background Thread 3 ] DEBUG Engine               - class com.almasb.fxgl.app.services.SystemBundleService
13:21:37.513 [FXGL Background Thread 3 ] DEBUG Engine               - class com.almasb.fxgl.profile.SaveLoadService
13:21:37.513 [FXGL Background Thread 3 ] DEBUG Engine               - class com.almasb.fxgl.ui.FXGLUIFactoryServiceProvider
13:21:37.513 [FXGL Background Thread 3 ] DEBUG Engine               - class com.almasb.fxgl.ui.FXGLDialogFactoryServiceProvider
13:21:37.513 [FXGL Background Thread 3 ] DEBUG Engine               - class com.almasb.fxgl.audio.AudioPlayer
13:21:37.513 [FXGL Background Thread 3 ] DEBUG Engine               - class com.almasb.fxgl.notification.impl.NotificationServiceProvider
13:21:37.513 [FXGL Background Thread 3 ] DEBUG Engine               - class com.almasb.fxgl.achievement.AchievementService
13:21:37.513 [FXGL Background Thread 3 ] DEBUG Engine               - class com.almasb.fxgl.cutscene.CutsceneService
13:21:37.513 [FXGL Background Thread 3 ] DEBUG Engine               - class com.almasb.fxgl.minigames.MiniGameService
13:21:37.513 [FXGL Background Thread 3 ] DEBUG Engine               - class com.almasb.fxgl.net.NetService
13:21:37.513 [FXGL Background Thread 3 ] DEBUG Engine               - class com.almasb.fxgl.app.services.UpdaterService
13:21:37.513 [FXGL Background Thread 3 ] DEBUG Engine               - class com.almasb.fxgl.dev.DevService
13:21:42.645 [JavaFX Application Thread] DEBUG FXGLAssetLoaderServi - Loading from file system: file:/C:/Users/josue/OneDrive/Desktop/proyecto%20java/Among%20Us/out/production/Among%20Us/assets/sounds/clickBoton.wav
13:21:50.999 [JavaFX Application Thread] DEBUG FXGLAssetLoaderServi - Loading from file system: file:/C:/Users/josue/OneDrive/Desktop/proyecto%20java/Among%20Us/out/production/Among%20Us/assets/textures/tripulante_blanco.png
13:21:51.002 [JavaFX Application Thread] DEBUG FXGLAssetLoaderServi - Loading from file system: file:/C:/Users/josue/OneDrive/Desktop/proyecto%20java/Among%20Us/out/production/Among%20Us/assets/textures/tripulante_negro.png
13:21:52.088 [JavaFX Application Thread] WARN  TMXLevelLoader       - TiledMap generated from 1.11.2. Supported version: 1.9.0. Some features may not be parsed fully.
13:21:52.414 [JavaFX Application Thread] DEBUG TMXLevelLoader       - Parsed TiledMap: file:/C:/Users/josue/OneDrive/Desktop/proyecto%20java/Among%20Us/out/production/Among%20Us/assets/levels/mapa1.tmx
13:21:52.426 [JavaFX Application Thread] DEBUG TMXLevelLoader       - Creating tile layer entities
13:21:52.430 [JavaFX Application Thread] DEBUG TilesetLoader        - Loading view for layer fondo
13:21:52.431 [JavaFX Application Thread] DEBUG TilesetLoader        - Created buffer with size 992.0x928.0
13:21:53.082 [JavaFX Application Thread] DEBUG TilesetLoader        - Loading view for layer pasillo
13:21:53.130 [JavaFX Application Thread] DEBUG TilesetLoader        - Created buffer with size 992.0x928.0
13:21:53.169 [JavaFX Application Thread] WARN  TilesetLoader        - Diagonally flipped tiles are not currently supported
13:21:53.182 [JavaFX Application Thread] WARN  TilesetLoader        - Diagonally flipped tiles are not currently supported
13:21:53.184 [JavaFX Application Thread] WARN  TilesetLoader        - Diagonally flipped tiles are not currently supported
13:21:53.185 [JavaFX Application Thread] WARN  TilesetLoader        - Diagonally flipped tiles are not currently supported
13:21:53.186 [JavaFX Application Thread] WARN  TilesetLoader        - Diagonally flipped tiles are not currently supported
13:21:53.197 [JavaFX Application Thread] WARN  TilesetLoader        - Diagonally flipped tiles are not currently supported
13:21:53.199 [JavaFX Application Thread] WARN  TilesetLoader        - Diagonally flipped tiles are not currently supported
13:21:53.201 [JavaFX Application Thread] WARN  TilesetLoader        - Diagonally flipped tiles are not currently supported
13:21:53.202 [JavaFX Application Thread] WARN  TilesetLoader        - Diagonally flipped tiles are not currently supported
13:21:53.209 [JavaFX Application Thread] WARN  TilesetLoader        - Diagonally flipped tiles are not currently supported
13:21:53.213 [JavaFX Application Thread] WARN  TilesetLoader        - Diagonally flipped tiles are not currently supported
13:21:53.219 [JavaFX Application Thread] WARN  TilesetLoader        - Diagonally flipped tiles are not currently supported
13:21:53.231 [JavaFX Application Thread] WARN  TilesetLoader        - Diagonally flipped tiles are not currently supported
13:21:53.232 [JavaFX Application Thread] WARN  TilesetLoader        - Diagonally flipped tiles are not currently supported
13:21:53.234 [JavaFX Application Thread] WARN  TilesetLoader        - Diagonally flipped tiles are not currently supported
13:21:53.235 [JavaFX Application Thread] WARN  TilesetLoader        - Diagonally flipped tiles are not currently supported
13:21:53.235 [JavaFX Application Thread] WARN  TilesetLoader        - Diagonally flipped tiles are not currently supported
13:21:53.236 [JavaFX Application Thread] WARN  TilesetLoader        - Diagonally flipped tiles are not currently supported
13:21:53.236 [JavaFX Application Thread] WARN  TilesetLoader        - Diagonally flipped tiles are not currently supported
13:21:53.240 [JavaFX Application Thread] WARN  TilesetLoader        - Diagonally flipped tiles are not currently supported
13:21:53.246 [JavaFX Application Thread] DEBUG TilesetLoader        - Loading view for layer piso
13:21:53.248 [JavaFX Application Thread] DEBUG TilesetLoader        - Created buffer with size 992.0x928.0
13:21:53.258 [JavaFX Application Thread] DEBUG TilesetLoader        - Loading view for layer detallesdetraspared
13:21:53.258 [JavaFX Application Thread] DEBUG TilesetLoader        - Created buffer with size 992.0x928.0
13:21:53.281 [JavaFX Application Thread] DEBUG TilesetLoader        - Loading view for layer pared1
13:21:53.281 [JavaFX Application Thread] DEBUG TilesetLoader        - Created buffer with size 992.0x928.0
13:21:53.302 [JavaFX Application Thread] DEBUG TilesetLoader        - Loading view for layer pared2
13:21:53.303 [JavaFX Application Thread] DEBUG TilesetLoader        - Created buffer with size 992.0x928.0
13:21:53.307 [JavaFX Application Thread] DEBUG TilesetLoader        - Loading view for layer pared3
13:21:53.308 [JavaFX Application Thread] DEBUG TilesetLoader        - Created buffer with size 992.0x928.0
13:21:53.311 [JavaFX Application Thread] DEBUG TilesetLoader        - Loading view for layer detalles
13:21:53.312 [JavaFX Application Thread] DEBUG TilesetLoader        - Created buffer with size 992.0x928.0
13:21:53.367 [JavaFX Application Thread] DEBUG TilesetLoader        - Loading view for layer detalles2
13:21:53.368 [JavaFX Application Thread] DEBUG TilesetLoader        - Created buffer with size 992.0x928.0
13:21:53.400 [JavaFX Application Thread] DEBUG TilesetLoader        - Loading view for layer camaras
13:21:53.401 [JavaFX Application Thread] DEBUG TilesetLoader        - Created buffer with size 992.0x928.0
13:21:53.406 [JavaFX Application Thread] DEBUG TilesetLoader        - Loading view for layer grieta
13:21:53.407 [JavaFX Application Thread] DEBUG TilesetLoader        - Created buffer with size 992.0x928.0
13:21:53.413 [JavaFX Application Thread] DEBUG TMXLevelLoader       - Creating object layer entities
13:21:53.532 [JavaFX Application Thread] DEBUG GameWorld            - Clearing removable entities
13:21:53.533 [JavaFX Application Thread] DEBUG GameWorld            - Setting level: com.almasb.fxgl.entity.level.Level@bf9caa5
13:21:53.568 [JavaFX Application Thread] DEBUG FXGLAssetLoaderServi - Loading from file system: file:/C:/Users/josue/OneDrive/Desktop/proyecto%20java/Among%20Us/out/production/Among%20Us/assets/textures/MonitorDeCamaras.png
13:21:53.589 [JavaFX Application Thread] DEBUG FXGLAssetLoaderServi - Loading from file system: file:/C:/Users/josue/OneDrive/Desktop/proyecto%20java/Among%20Us/out/production/Among%20Us/assets/textures/flechaAmarillaIzq.png
13:21:53.592 [JavaFX Application Thread] DEBUG FXGLAssetLoaderServi - Loading from file system: file:/C:/Users/josue/OneDrive/Desktop/proyecto%20java/Among%20Us/out/production/Among%20Us/assets/textures/flechaAmarillaDer.png
13:21:53.602 [JavaFX Application Thread] DEBUG FXGLAssetLoaderServi - Loading from file system: file:/C:/Users/josue/OneDrive/Desktop/proyecto%20java/Among%20Us/out/production/Among%20Us/assets/textures/animacion_fantasma.png
13:21:53.605 [JavaFX Application Thread] DEBUG FXGLAssetLoaderServi - Loading from file system: file:/C:/Users/josue/OneDrive/Desktop/proyecto%20java/Among%20Us/out/production/Among%20Us/assets/textures/blanco_muerto.png
13:21:53.607 [JavaFX Application Thread] DEBUG FXGLAssetLoaderServi - Loading from file system: file:/C:/Users/josue/OneDrive/Desktop/proyecto%20java/Among%20Us/out/production/Among%20Us/assets/textures/animacion_blanco.png
13:21:53.609 [JavaFX Application Thread] DEBUG FXGLAssetLoaderServi - Loading from file system: file:/C:/Users/josue/OneDrive/Desktop/proyecto%20java/Among%20Us/out/production/Among%20Us/assets/textures/alcantarilla_blanco.png
13:21:53.610 [JavaFX Application Thread] DEBUG FXGLAssetLoaderServi - Loading from file system: file:/C:/Users/josue/OneDrive/Desktop/proyecto%20java/Among%20Us/out/production/Among%20Us/assets/textures/alcantarilla_blancoE.png
13:21:53.623 [JavaFX Application Thread] DEBUG FXGLAssetLoaderServi - Loading from file system: file:/C:/Users/josue/OneDrive/Desktop/proyecto%20java/Among%20Us/out/production/Among%20Us/assets/textures/negro_muerto.png
13:21:53.624 [JavaFX Application Thread] DEBUG FXGLAssetLoaderServi - Loading from file system: file:/C:/Users/josue/OneDrive/Desktop/proyecto%20java/Among%20Us/out/production/Among%20Us/assets/textures/animacion_negro.png
13:21:53.625 [JavaFX Application Thread] DEBUG FXGLAssetLoaderServi - Loading from file system: file:/C:/Users/josue/OneDrive/Desktop/proyecto%20java/Among%20Us/out/production/Among%20Us/assets/textures/alcantarilla_negro.png
13:21:53.627 [JavaFX Application Thread] DEBUG FXGLAssetLoaderServi - Loading from file system: file:/C:/Users/josue/OneDrive/Desktop/proyecto%20java/Among%20Us/out/production/Among%20Us/assets/textures/alcantarilla_negroE.png
13:21:53.634 [JavaFX Application Thread] DEBUG FXGLAssetLoaderServi - Loading from file system: file:/C:/Users/josue/OneDrive/Desktop/proyecto%20java/Among%20Us/out/production/Among%20Us/assets/textures/accionNegada.png
13:21:53.642 [JavaFX Application Thread] DEBUG FXGLAssetLoaderServi - Loading from file system: file:/C:/Users/josue/OneDrive/Desktop/proyecto%20java/Among%20Us/out/production/Among%20Us/assets/textures/reportarNegado.png
13:21:53.650 [JavaFX Application Thread] DEBUG FXGLAssetLoaderServi - Loading from file system: file:/C:/Users/josue/OneDrive/Desktop/proyecto%20java/Among%20Us/out/production/Among%20Us/assets/textures/barra_0.png
13:21:53.657 [JavaFX Application Thread] DEBUG FXGLAssetLoaderServi - Loading from file system: file:/C:/Users/josue/OneDrive/Desktop/proyecto%20java/Among%20Us/out/production/Among%20Us/assets/textures/pantalla_tripulante.png
13:22:05.614 [JavaFX Application Thread] DEBUG FXGLAssetLoaderServi - Loading from file system: file:/C:/Users/josue/OneDrive/Desktop/proyecto%20java/Among%20Us/out/production/Among%20Us/assets/textures/accion.png
13:22:06.709 [JavaFX Application Thread] DEBUG Input                - Mocking key press: C
13:22:06.709 [JavaFX Application Thread] DEBUG Input                - Mocking key release: C
13:23:49.039 [JavaFX Application Thread] DEBUG FXGLAssetLoaderServi - Loading from file system: file:/C:/Users/josue/OneDrive/Desktop/proyecto%20java/Among%20Us/out/production/Among%20Us/assets/textures/derrota_tripulante.png
13:24:08.636 [JavaFX Application Thread] WARN  TMXLevelLoader       - TiledMap generated from 1.11.2. Supported version: 1.9.0. Some features may not be parsed fully.
13:24:08.675 [JavaFX Application Thread] DEBUG TMXLevelLoader       - Parsed TiledMap: file:/C:/Users/josue/OneDrive/Desktop/proyecto%20java/Among%20Us/out/production/Among%20Us/assets/levels/mapa2.tmx
13:24:08.675 [JavaFX Application Thread] DEBUG TMXLevelLoader       - Creating tile layer entities
13:24:08.676 [JavaFX Application Thread] DEBUG TilesetLoader        - Loading view for layer fondo1
13:24:08.676 [JavaFX Application Thread] DEBUG TilesetLoader        - Created buffer with size 992.0x960.0
13:24:08.693 [JavaFX Application Thread] DEBUG TilesetLoader        - Loading view for layer fondo
13:24:08.693 [JavaFX Application Thread] DEBUG TilesetLoader        - Created buffer with size 992.0x960.0
13:24:08.698 [JavaFX Application Thread] DEBUG TilesetLoader        - Loading view for layer piso
13:24:08.698 [JavaFX Application Thread] DEBUG TilesetLoader        - Created buffer with size 992.0x960.0
13:24:08.710 [JavaFX Application Thread] DEBUG TilesetLoader        - Loading view for layer piso1
13:24:08.711 [JavaFX Application Thread] DEBUG TilesetLoader        - Created buffer with size 992.0x960.0
13:24:08.726 [JavaFX Application Thread] DEBUG TilesetLoader        - Loading view for layer izquierda
13:24:08.729 [JavaFX Application Thread] DEBUG TilesetLoader        - Created buffer with size 992.0x960.0
13:24:08.745 [JavaFX Application Thread] DEBUG TilesetLoader        - Loading view for layer detallesatraspared
13:24:08.746 [JavaFX Application Thread] DEBUG TilesetLoader        - Created buffer with size 992.0x960.0
13:24:08.815 [JavaFX Application Thread] DEBUG TilesetLoader        - Loading view for layer pared2
13:24:08.816 [JavaFX Application Thread] DEBUG TilesetLoader        - Created buffer with size 992.0x960.0
13:24:08.826 [JavaFX Application Thread] DEBUG TilesetLoader        - Loading view for layer techo1
13:24:08.827 [JavaFX Application Thread] DEBUG TilesetLoader        - Created buffer with size 992.0x960.0
13:24:08.830 [JavaFX Application Thread] DEBUG TilesetLoader        - Loading view for layer techo2
13:24:08.831 [JavaFX Application Thread] DEBUG TilesetLoader        - Created buffer with size 992.0x960.0
13:24:08.844 [JavaFX Application Thread] DEBUG TilesetLoader        - Loading view for layer puertita
13:24:08.845 [JavaFX Application Thread] DEBUG TilesetLoader        - Created buffer with size 992.0x960.0
13:24:08.845 [JavaFX Application Thread] DEBUG TilesetLoader        - Loading view for layer puerta
13:24:08.846 [JavaFX Application Thread] DEBUG TilesetLoader        - Created buffer with size 992.0x960.0
13:24:08.847 [JavaFX Application Thread] DEBUG TilesetLoader        - Loading view for layer detalles
13:24:08.848 [JavaFX Application Thread] DEBUG TilesetLoader        - Created buffer with size 992.0x960.0
13:24:08.905 [JavaFX Application Thread] DEBUG TilesetLoader        - Loading view for layer detalles 2
13:24:08.905 [JavaFX Application Thread] DEBUG TilesetLoader        - Created buffer with size 992.0x960.0
13:24:08.929 [JavaFX Application Thread] DEBUG TilesetLoader        - Loading view for layer detalles3
13:24:08.930 [JavaFX Application Thread] DEBUG TilesetLoader        - Created buffer with size 992.0x960.0
13:24:08.973 [JavaFX Application Thread] DEBUG TilesetLoader        - Loading view for layer grieta
13:24:08.974 [JavaFX Application Thread] DEBUG TilesetLoader        - Created buffer with size 992.0x960.0
13:24:08.975 [JavaFX Application Thread] DEBUG TilesetLoader        - Loading view for layer camaras
13:24:08.977 [JavaFX Application Thread] DEBUG TilesetLoader        - Created buffer with size 992.0x960.0
13:24:08.979 [JavaFX Application Thread] DEBUG TilesetLoader        - Loading view for layer Techo
13:24:08.980 [JavaFX Application Thread] DEBUG TilesetLoader        - Created buffer with size 992.0x960.0
13:24:08.981 [JavaFX Application Thread] DEBUG TMXLevelLoader       - Creating object layer entities
13:24:09.091 [JavaFX Application Thread] DEBUG GameWorld            - Clearing removable entities
13:24:09.091 [JavaFX Application Thread] DEBUG GameWorld            - Setting level: com.almasb.fxgl.entity.level.Level@33cf1740
13:24:09.128 [JavaFX Application Thread] DEBUG FXGLAssetLoaderServi - Loading from file system: file:/C:/Users/josue/OneDrive/Desktop/proyecto%20java/Among%20Us/out/production/Among%20Us/assets/textures/animacion_extintor.png
13:24:09.157 [JavaFX Application Thread] DEBUG FXGLAssetLoaderServi - Loading from file system: file:/C:/Users/josue/OneDrive/Desktop/proyecto%20java/Among%20Us/out/production/Among%20Us/assets/textures/animacion_datos.png
13:24:09.228 [JavaFX Application Thread] DEBUG FXGLAssetLoaderServi - Loading from file system: file:/C:/Users/josue/OneDrive/Desktop/proyecto%20java/Among%20Us/out/production/Among%20Us/assets/textures/animacion_temperatura.png
13:24:09.358 [JavaFX Application Thread] DEBUG FXGLAssetLoaderServi - Loading from file system: file:/C:/Users/josue/OneDrive/Desktop/proyecto%20java/Among%20Us/out/production/Among%20Us/assets/textures/animacion_encestar.png
13:24:09.598 [JavaFX Application Thread] DEBUG FXGLAssetLoaderServi - Loading from file system: file:/C:/Users/josue/OneDrive/Desktop/proyecto%20java/Among%20Us/out/production/Among%20Us/assets/textures/animacion_basura.png
13:24:09.758 [JavaFX Application Thread] DEBUG FXGLAssetLoaderServi - Loading from file system: file:/C:/Users/josue/OneDrive/Desktop/proyecto%20java/Among%20Us/out/production/Among%20Us/assets/textures/animacion_tarjeta.png
13:24:20.827 [JavaFX Application Thread] DEBUG FXGLAssetLoaderServi - Loading from file system: file:/C:/Users/josue/OneDrive/Desktop/proyecto%20java/Among%20Us/out/production/Among%20Us/assets/textures/panel_tarjeta.png
13:24:26.798 [JavaFX Application Thread] DEBUG FXGLAssetLoaderServi - Loading from file system: file:/C:/Users/josue/OneDrive/Desktop/proyecto%20java/Among%20Us/out/production/Among%20Us/assets/textures/tarjeta_final.png
13:24:27.788 [JavaFX Application Thread] DEBUG FXGLAssetLoaderServi - Loading from file system: file:/C:/Users/josue/OneDrive/Desktop/proyecto%20java/Among%20Us/out/production/Among%20Us/assets/textures/barra_1.png
13:24:30.303 [JavaFX Application Thread] DEBUG FXGLAssetLoaderServi - Loading from file system: file:/C:/Users/josue/OneDrive/Desktop/proyecto%20java/Among%20Us/out/production/Among%20Us/assets/textures/panel_temperatura.png
13:24:50.798 [JavaFX Application Thread] DEBUG FXGLAssetLoaderServi - Loading from file system: file:/C:/Users/josue/OneDrive/Desktop/proyecto%20java/Among%20Us/out/production/Among%20Us/assets/textures/temperatura_final.png
13:24:51.836 [JavaFX Application Thread] DEBUG FXGLAssetLoaderServi - Loading from file system: file:/C:/Users/josue/OneDrive/Desktop/proyecto%20java/Among%20Us/out/production/Among%20Us/assets/textures/barra_2.png
13:25:39.211 [JavaFX Application Thread] DEBUG FXGLAssetLoaderServi - Loading from file system: file:/C:/Users/josue/OneDrive/Desktop/proyecto%20java/Among%20Us/out/production/Among%20Us/assets/textures/panel_encestar.png
13:25:48.124 [JavaFX Application Thread] DEBUG FXGLAssetLoaderServi - Loading from file system: file:/C:/Users/josue/OneDrive/Desktop/proyecto%20java/Among%20Us/out/production/Among%20Us/assets/textures/encestar_final.png
13:25:49.116 [JavaFX Application Thread] DEBUG FXGLAssetLoaderServi - Loading from file system: file:/C:/Users/josue/OneDrive/Desktop/proyecto%20java/Among%20Us/out/production/Among%20Us/assets/textures/barra_3.png
13:25:53.245 [JavaFX Application Thread] DEBUG Input                - Mocking key press: C
13:25:53.246 [JavaFX Application Thread] DEBUG Input                - Mocking key release: C
13:25:55.978 [JavaFX Application Thread] DEBUG PrimaryStageWindow   - Push state: FXGLDefaultMenu
13:25:55.987 [JavaFX Application Thread] DEBUG Input                - Clearing active input actions
13:25:55.990 [JavaFX Application Thread] DEBUG GameApplicationServi - Removing overlay from GameScene and adding to FXGLDefaultMenu
13:25:55.990 [JavaFX Application Thread] DEBUG PrimaryStageWindow   - GameScene -> FXGLDefaultMenu
13:25:57.212 [JavaFX Application Thread] DEBUG Menu                 - fireExit()
13:25:57.216 [JavaFX Application Thread] DEBUG PrimaryStageWindow   - Push state: DialogSubScene
13:25:57.217 [JavaFX Application Thread] DEBUG Input                - Clearing active input actions
13:25:57.217 [JavaFX Application Thread] DEBUG GameApplicationServi - Removing overlay from FXGLDefaultMenu and adding to DialogSubScene
13:25:57.217 [JavaFX Application Thread] DEBUG PrimaryStageWindow   - FXGLDefaultMenu -> DialogSubScene
13:25:57.980 [JavaFX Application Thread] DEBUG PrimaryStageWindow   - Pop state: DialogSubScene
13:25:57.980 [JavaFX Application Thread] DEBUG Input                - Clearing active input actions
13:25:57.980 [JavaFX Application Thread] DEBUG GameApplicationServi - Removing overlay from DialogSubScene and adding to FXGLDefaultMenu
13:25:57.980 [JavaFX Application Thread] DEBUG PrimaryStageWindow   - FXGLDefaultMenu <- DialogSubScene
13:25:57.980 [JavaFX Application Thread] DEBUG FXGLApplication      - Exiting FXGL
13:25:57.980 [JavaFX Application Thread] DEBUG LoopRunner           - Stopping loop
13:25:57.980 [JavaFX Application Thread] DEBUG SystemBundleService  - Saving FXGL system data
13:25:57.984 [JavaFX Application Thread] DEBUG FileSystemAccess     - Writing to: C:\Users\josue\OneDrive\Desktop\proyecto java\Among Us\system\fxgl.bundle
13:25:57.988 [JavaFX Application Thread] DEBUG Async                - Shutting down background threads
13:25:57.988 [JavaFX Application Thread] DEBUG PrimaryStageWindow   - Closing main window
13:25:58.041 [JavaFX Application Thread] DEBUG Logger               - Closing Logger
