18:55:20.475 [main                     ] DEBUG Logger               - Configured Logger
18:55:20.501 [main                     ] DEBUG GameApplication      - Logging settings
Title: Among Us UNEG
Version: 0.0
Width: 800
Height: 600
Fullscreen: false
Intro: false
Profiling: false
Single step:false
App Mode: DEVELOPER
Menu Key: ESCAPE
Stage Style: DECORATED
Scene Factory: class com.almasb.fxgl.app.scene.SceneFactory

18:55:21.472 [JavaFX Application Thread] DEBUG FXGLApplication      - Initializing FXGL
18:55:21.478 [JavaFX Application Thread] INFO  Engine               - FXGL-21.1 (26.03.2024 17.33) on WINDOWS (J:25.0.2 FX:21.0.1)
18:55:21.478 [JavaFX Application Thread] DEBUG Engine               - JRE Vendor Name: Oracle Corporation
18:55:21.479 [JavaFX Application Thread] DEBUG Engine               - Running on OS: Windows 11 version 10.0
18:55:21.479 [JavaFX Application Thread] DEBUG Engine               - Architecture: amd64
18:55:21.479 [JavaFX Application Thread] INFO  Engine               - Source code and latest versions at: https://github.com/AlmasB/FXGL
18:55:21.479 [JavaFX Application Thread] INFO  Engine               -       Ask questions and discuss at: https://github.com/AlmasB/FXGL/discussions
18:55:21.480 [JavaFX Application Thread] INFO  Engine               -              Join the FXGL chat at: https://gitter.im/AlmasB/FXGL
18:55:21.699 [JavaFX Application Thread] DEBUG PrimaryStageWindow   - Creating a JavaFX scene
18:55:22.071 [JavaFX Application Thread] DEBUG PrimaryStageWindow   - Target settings size: 800.0 x 600.0
18:55:22.071 [JavaFX Application Thread] DEBUG PrimaryStageWindow   - Scaled scene size:    800.0 x 600.0
18:55:22.072 [JavaFX Application Thread] DEBUG PrimaryStageWindow   - Scaled ratio: (1.0, 1.0)
18:55:22.075 [JavaFX Application Thread] DEBUG PrimaryStageWindow   - Set initial scene to FXGLStartupScene
18:55:22.082 [JavaFX Application Thread] DEBUG PrimaryStageWindow   - Opening main window
18:55:22.255 [JavaFX Application Thread] DEBUG PrimaryStageWindow   - Window border size: (16.0, 39.0)
18:55:22.257 [JavaFX Application Thread] DEBUG PrimaryStageWindow   - Scaled size: 800.0 x 600.0
18:55:22.257 [JavaFX Application Thread] DEBUG PrimaryStageWindow   - Scaled ratio: (1.0, 1.0)
18:55:22.257 [JavaFX Application Thread] DEBUG PrimaryStageWindow   - Scene size: 800.0 x 600.0
18:55:22.257 [JavaFX Application Thread] DEBUG PrimaryStageWindow   - Stage size: 816.0 x 639.0
18:55:22.296 [FXGL Background Thread 1 ] DEBUG Engine               - Initializing environment variables
18:55:22.471 [FXGL Background Thread 1 ] DEBUG FXGLAssetLoaderServi - User app class for loading assets: class main.java.amongUs.AppPrincipal
18:55:22.472 [FXGL Background Thread 1 ] DEBUG GameApplicationServi - Applying CSS: fxgl_dark.css
18:55:22.473 [FXGL Background Thread 1 ] DEBUG FXGLAssetLoaderServi - Loading from file system: jar:file:/C:/Users/josue/OneDrive/Desktop/proyecto%20java/Among%20Us/lib/fxgl-21.1-uber.jar!/fxglassets/ui/css/fxgl_dark.css
18:55:22.602 [FXGL Background Thread 1 ] DEBUG GameApplicationServi - Initializing application scenes
18:55:22.951 [FXGL Background Thread 1 ] DEBUG GameWorld            - Game world initialized
18:55:23.099 [FXGL Background Thread 1 ] DEBUG PhysicsWorld         - Physics world initialized: appHeight=600, physics.ppm=50,0
18:55:23.101 [FXGL Background Thread 1 ] DEBUG PhysicsWorld         - Using strategy: BRUTE_FORCE
18:55:23.108 [FXGL Background Thread 1 ] DEBUG GameScene            - Game scene initialized: 800x600
18:55:23.139 [FXGL Background Thread 1 ] DEBUG FXGL.DefaultMenu     - createMenuBodyGameMenu()
18:55:23.176 [FXGL Background Thread 1 ] DEBUG FXGL.DefaultMenu     - createOptionsMenu()
18:55:23.229 [FXGL Background Thread 1 ] DEBUG FXGLAssetLoaderServi - Loading from file system: jar:file:/C:/Users/josue/OneDrive/Desktop/proyecto%20java/Among%20Us/lib/fxgl-21.1-uber.jar!/fxglassets/textures/particles/smoke.png
18:55:23.462 [FXGL Background Thread 1 ] DEBUG FXGLAssetLoaderServi - Loading from file system: jar:file:/C:/Users/josue/OneDrive/Desktop/proyecto%20java/Among%20Us/lib/fxgl-21.1-uber.jar!/fxglassets/textures/particles/trace_horizontal.png
18:55:23.518 [FXGL Background Thread 1 ] DEBUG GameApplicationServi - Application scenes initialized
18:55:23.550 [FXGL Background Thread 1 ] DEBUG SystemBundleService  - Loading FXGL system data
18:55:23.558 [FXGL Background Thread 1 ] DEBUG FileSystemAccess     - Reading from: C:\Users\josue\OneDrive\Desktop\proyecto java\Among Us\system\fxgl.bundle
18:55:23.879 [FXGL Background Thread 1 ] DEBUG SystemBundleService  - Bundle FXGL: {}
18:55:23.883 [FXGL Background Thread 1 ] DEBUG UpdaterService       - Checking for updates
18:55:24.080 [FXGL Background Thread 4 ] DEBUG FXGLApplication      - Loading fonts
18:55:24.080 [FXGL Background Thread 4 ] DEBUG FXGLAssetLoaderServi - Loading from file system: jar:file:/C:/Users/josue/OneDrive/Desktop/proyecto%20java/Among%20Us/lib/fxgl-21.1-uber.jar!/fxglassets/ui/fonts/VarelaRound-Regular.ttf
18:55:24.081 [FXGL Background Thread 1 ] DEBUG FXGLApplication      - Loading default localization
18:55:24.082 [FXGL Background Thread 1 ] DEBUG FXGLAssetLoaderServi - Loading from file system: jar:file:/C:/Users/josue/OneDrive/Desktop/proyecto%20java/Among%20Us/lib/fxgl-21.1-uber.jar!/fxglassets/languages/english.lang
18:55:25.255 [FXGL Background Thread 1 ] INFO  FXGLApplication      - FXGL initialization took: 2,959 sec
18:55:25.553 [JavaFX Application Thread] DEBUG Input                - Registered new binding: Mover Arriba - W
18:55:25.557 [JavaFX Application Thread] DEBUG Input                - Registered new binding: Mover Abajo - S
18:55:25.557 [JavaFX Application Thread] DEBUG Input                - Registered new binding: Mover Izquierda - A
18:55:25.586 [JavaFX Application Thread] DEBUG Input                - Registered new binding: Mover Derecha - D
18:55:25.591 [JavaFX Application Thread] DEBUG Input                - Registered new binding: Abrir Camaras - C
18:55:25.591 [JavaFX Application Thread] DEBUG Input                - Registered new binding: Usar Alcantarilla - Space
18:55:25.597 [JavaFX Application Thread] DEBUG Input                - Registered new binding: Vent Izquierda - Left
18:55:25.602 [JavaFX Application Thread] DEBUG Input                - Registered new binding: Vent Derecha - Right
18:55:25.602 [JavaFX Application Thread] DEBUG Input                - Registered new binding: Vent Arriba - Up
18:55:25.619 [JavaFX Application Thread] DEBUG Input                - Registered new binding: Vent Abajo - Down
18:55:25.627 [JavaFX Application Thread] DEBUG FXGLAssetLoaderServi - Loading from file system: file:/C:/Users/josue/OneDrive/Desktop/proyecto%20java/Among%20Us/out/production/Among%20Us/assets/textures/icono.png
18:55:25.982 [JavaFX Application Thread] DEBUG FXGLAssetLoaderServi - Loading from file system: jar:file:/C:/Users/josue/OneDrive/Desktop/proyecto%20java/Among%20Us/lib/fxgl-21.1-uber.jar!/fxglassets/textures/fxgl_default_cursor.png
18:55:25.991 [JavaFX Application Thread] DEBUG Input                - Registered new binding: Screenshot - CTRL+8
18:55:25.992 [JavaFX Application Thread] DEBUG Input                - Registered new binding: System info dump - CTRL+9
18:55:26.111 [FXGL Background Thread 4 ] DEBUG FXGLAssetLoaderServi - Loading from file system: jar:file:/C:/Users/josue/OneDrive/Desktop/proyecto%20java/Among%20Us/lib/fxgl-21.1-uber.jar!/fxglassets/ui/fonts/Abel-Regular.ttf
18:55:26.111 [JavaFX Application Thread] DEBUG Input                - Registered new binding: Restart - CTRL+R
18:55:26.122 [JavaFX Application Thread] DEBUG Input                - Registered new binding: Toggle Debug Camera - CTRL+7
18:55:26.139 [JavaFX Application Thread] DEBUG LoopRunner           - Starting loop
18:55:26.139 [JavaFX Application Thread] DEBUG LoopRunner           - Initializing JavaFX AnimationTimerLoop
18:55:26.139 [FXGL Background Thread 4 ] DEBUG FXGLAssetLoaderServi - Loading from file system: jar:file:/C:/Users/josue/OneDrive/Desktop/proyecto%20java/Among%20Us/lib/fxgl-21.1-uber.jar!/fxglassets/ui/fonts/TerminalLandMono-Regular.otf
18:55:26.146 [JavaFX Application Thread] DEBUG GameApplicationServi - Starting new game
18:55:26.150 [JavaFX Application Thread] DEBUG Input                - Clearing active input actions
18:55:26.175 [FXGL Background Thread 4 ] DEBUG FXGLAssetLoaderServi - Loading from file system: jar:file:/C:/Users/josue/OneDrive/Desktop/proyecto%20java/Among%20Us/lib/fxgl-21.1-uber.jar!/fxglassets/ui/fonts/Courier-Prime.ttf
18:55:26.272 [JavaFX Application Thread] DEBUG GameApplicationServi - Removing overlay from FXGLStartupScene and adding to FXGLLoadingScene
18:55:26.274 [JavaFX Application Thread] DEBUG PrimaryStageWindow   - FXGLStartupScene -> FXGLLoadingScene
18:55:26.275 [JavaFX Application Thread] DEBUG GameApplicationServi - Clearing previous game
18:55:26.275 [JavaFX Application Thread] DEBUG GameScene            - Clearing game scene
18:55:26.275 [JavaFX Application Thread] DEBUG GameWorld            - Clearing game world
18:55:26.278 [JavaFX Application Thread] DEBUG PhysicsWorld         - Clearing physics world
18:55:26.281 [FXGL Background Thread 4 ] DEBUG FXGLApplication      - Initializing game
18:55:26.314 [FXGL Background Thread 4 ] DEBUG FXGLAssetLoaderServi - Loading from file system: file:/C:/Users/josue/OneDrive/Desktop/proyecto%20java/Among%20Us/out/production/Among%20Us/assets/textures/MonitorDeCamaras.png
18:55:26.551 [FXGL Background Thread 4 ] DEBUG FXGLAssetLoaderServi - Loading from file system: file:/C:/Users/josue/OneDrive/Desktop/proyecto%20java/Among%20Us/out/production/Among%20Us/assets/textures/flechaAmarillaIzq.png
18:55:26.562 [FXGL Background Thread 4 ] DEBUG FXGLAssetLoaderServi - Loading from file system: file:/C:/Users/josue/OneDrive/Desktop/proyecto%20java/Among%20Us/out/production/Among%20Us/assets/textures/flechaAmarillaDer.png
18:55:26.611 [FXGL Background Thread 4 ] DEBUG FXGLAssetLoaderServi - Loading from file system: file:/C:/Users/josue/OneDrive/Desktop/proyecto%20java/Among%20Us/out/production/Among%20Us/assets/music/musicaMenu.mp3
18:55:26.861 [JavaFX Application Thread] DEBUG FXGLApplication      - Registering font factories with UI factory
18:55:26.915 [FXGL Background Thread 3 ] DEBUG Engine               - Logging environment variables
18:55:26.927 [FXGL Background Thread 3 ] DEBUG Engine               - achievements: []
18:55:26.942 [FXGL Background Thread 3 ] DEBUG Engine               - actualHeight: 600.0
18:55:26.942 [FXGL Background Thread 3 ] DEBUG Engine               - actualHeightProperty: ReadOnlyDoubleProperty [value: 600.0]
18:55:26.949 [FXGL Background Thread 3 ] DEBUG Engine               - actualWidth: 800.0
18:55:26.965 [FXGL Background Thread 3 ] DEBUG Engine               - actualWidthProperty: ReadOnlyDoubleProperty [value: 800.0]
18:55:26.971 [FXGL Background Thread 3 ] DEBUG Engine               - appIcon: icono.png
18:55:27.063 [FXGL Background Thread 3 ] DEBUG Engine               - applicationMode: DEVELOPER
18:55:27.063 [FXGL Background Thread 3 ] DEBUG Engine               - cSSList: [fxgl_dark.css]
18:55:27.064 [FXGL Background Thread 3 ] DEBUG Engine               - collisionDetectionStrategy: BRUTE_FORCE
18:55:27.064 [FXGL Background Thread 3 ] DEBUG Engine               - configClass: Optional.empty
18:55:27.065 [FXGL Background Thread 3 ] DEBUG Engine               - credits: []
18:55:27.065 [FXGL Background Thread 3 ] DEBUG Engine               - defaultCursor: CursorInfo(imageName=fxgl_default_cursor.png, hotspotX=7.0, hotspotY=6.0)
18:55:27.065 [FXGL Background Thread 3 ] DEBUG Engine               - devBBoxColorProperty: ObjectProperty [value: 0xff0000ff]
18:55:27.065 [FXGL Background Thread 3 ] DEBUG Engine               - devEnableDebugCameraProperty: BooleanProperty [value: false]
18:55:27.065 [FXGL Background Thread 3 ] DEBUG Engine               - devSensorColorProperty: ObjectProperty [value: 0xffff00ff]
18:55:27.065 [FXGL Background Thread 3 ] DEBUG Engine               - devShowBBoxProperty: BooleanProperty [value: false]
18:55:27.065 [FXGL Background Thread 3 ] DEBUG Engine               - devShowPositionProperty: BooleanProperty [value: false]
18:55:27.068 [FXGL Background Thread 3 ] DEBUG Engine               - enabledMenuItems: []
18:55:27.068 [FXGL Background Thread 3 ] DEBUG Engine               - engineServices: [class com.almasb.fxgl.app.services.FXGLAssetLoaderService, class com.almasb.fxgl.app.FXGLApplication$GameApplicationService, class com.almasb.fxgl.app.services.FXGLDialogService, class com.almasb.fxgl.app.services.IOTaskExecutorService, class com.almasb.fxgl.io.FileSystemService, class com.almasb.fxgl.localization.LocalizationService, class com.almasb.fxgl.app.services.SystemBundleService, class com.almasb.fxgl.profile.SaveLoadService, class com.almasb.fxgl.ui.FXGLUIFactoryServiceProvider, class com.almasb.fxgl.ui.FXGLDialogFactoryServiceProvider, class com.almasb.fxgl.audio.AudioPlayer, class com.almasb.fxgl.notification.impl.NotificationServiceProvider, class com.almasb.fxgl.achievement.AchievementService, class com.almasb.fxgl.cutscene.CutsceneService, class com.almasb.fxgl.minigames.MiniGameService, class com.almasb.fxgl.net.NetService, class com.almasb.fxgl.app.services.UpdaterService, class com.almasb.fxgl.dev.DevService]
18:55:27.068 [FXGL Background Thread 3 ] DEBUG Engine               - fontGame: Abel-Regular.ttf
18:55:27.077 [FXGL Background Thread 3 ] DEBUG Engine               - fontMono: TerminalLandMono-Regular.otf
18:55:27.077 [FXGL Background Thread 3 ] DEBUG Engine               - fontSizeScaleUI: 1.0
18:55:27.077 [FXGL Background Thread 3 ] DEBUG Engine               - fontText: Courier-Prime.ttf
18:55:27.077 [FXGL Background Thread 3 ] DEBUG Engine               - fontUI: VarelaRound-Regular.ttf
18:55:27.077 [FXGL Background Thread 3 ] DEBUG Engine               - fullScreen: BooleanProperty [value: false]
18:55:27.077 [FXGL Background Thread 3 ] DEBUG Engine               - gameDifficulty: MEDIUM
18:55:27.077 [FXGL Background Thread 3 ] DEBUG Engine               - gameDifficultyProperty: ObjectProperty [value: MEDIUM]
18:55:27.077 [FXGL Background Thread 3 ] DEBUG Engine               - globalMusicVolume: 0.5
18:55:27.079 [FXGL Background Thread 3 ] DEBUG Engine               - globalMusicVolumeProperty: DoubleProperty [value: 0.5]
18:55:27.085 [FXGL Background Thread 3 ] DEBUG Engine               - globalSoundVolume: 0.5
18:55:27.085 [FXGL Background Thread 3 ] DEBUG Engine               - globalSoundVolumeProperty: DoubleProperty [value: 0.5]
18:55:27.085 [FXGL Background Thread 3 ] DEBUG Engine               - height: 600
18:55:27.085 [FXGL Background Thread 3 ] DEBUG Engine               - is3D: false
18:55:27.085 [FXGL Background Thread 3 ] DEBUG Engine               - isAndroid: false
18:55:27.085 [FXGL Background Thread 3 ] DEBUG Engine               - isBrowser: false
18:55:27.085 [FXGL Background Thread 3 ] DEBUG Engine               - isClickFeedbackEnabled: false
18:55:27.085 [FXGL Background Thread 3 ] DEBUG Engine               - isCloseConfirmation: false
18:55:27.085 [FXGL Background Thread 3 ] DEBUG Engine               - isDesktop: true
18:55:27.085 [FXGL Background Thread 3 ] DEBUG Engine               - isDeveloperMenuEnabled: false
18:55:27.085 [FXGL Background Thread 3 ] DEBUG Engine               - isEmbedded: false
18:55:27.103 [FXGL Background Thread 3 ] DEBUG Engine               - isEntityPreloadEnabled: true
18:55:27.131 [FXGL Background Thread 3 ] DEBUG Engine               - isExperimentalTiledLargeMap: false
18:55:27.131 [FXGL Background Thread 3 ] DEBUG Engine               - isFileSystemWriteAllowed: true
18:55:27.170 [FXGL Background Thread 3 ] DEBUG Engine               - isFullScreenAllowed: false
18:55:27.178 [FXGL Background Thread 3 ] DEBUG Engine               - isFullScreenFromStart: false
18:55:27.179 [FXGL Background Thread 3 ] DEBUG Engine               - isGameMenuEnabled: true
18:55:27.180 [FXGL Background Thread 3 ] DEBUG Engine               - isIOS: false
18:55:27.198 [FXGL Background Thread 3 ] DEBUG Engine               - isIntroEnabled: false
18:55:27.230 [FXGL Background Thread 3 ] DEBUG Engine               - isLinux: false
18:55:27.230 [FXGL Background Thread 3 ] DEBUG Engine               - isMac: false
18:55:27.230 [FXGL Background Thread 3 ] DEBUG Engine               - isMainMenuEnabled: false
18:55:27.230 [FXGL Background Thread 3 ] DEBUG Engine               - isManualResizeEnabled: false
18:55:27.230 [FXGL Background Thread 3 ] DEBUG Engine               - isMobile: false
18:55:27.231 [FXGL Background Thread 3 ] DEBUG Engine               - isNative: false
18:55:27.231 [FXGL Background Thread 3 ] DEBUG Engine               - isPauseMusicWhenMinimized: true
18:55:27.231 [FXGL Background Thread 3 ] DEBUG Engine               - isPreserveResizeRatio: false
18:55:27.231 [FXGL Background Thread 3 ] DEBUG Engine               - isProfilingEnabled: false
18:55:27.231 [FXGL Background Thread 3 ] DEBUG Engine               - isScaleAffectedOnResize: true
18:55:27.231 [FXGL Background Thread 3 ] DEBUG Engine               - isSingleStep: false
18:55:27.231 [FXGL Background Thread 3 ] DEBUG Engine               - isUserProfileEnabled: false
18:55:27.231 [FXGL Background Thread 3 ] DEBUG Engine               - isWindows: true
18:55:27.254 [FXGL Background Thread 3 ] DEBUG Engine               - language: ObjectProperty [value: ENGLISH]
18:55:27.254 [FXGL Background Thread 3 ] DEBUG Engine               - menuKey: ESCAPE
18:55:27.254 [FXGL Background Thread 3 ] DEBUG Engine               - mouseSensitivity: 0.2
18:55:27.254 [FXGL Background Thread 3 ] DEBUG Engine               - notificationViewClass: class com.almasb.fxgl.notification.view.XboxNotificationView
18:55:27.254 [FXGL Background Thread 3 ] DEBUG Engine               - pixelsPerMeter: 50.0
18:55:27.254 [FXGL Background Thread 3 ] DEBUG Engine               - platform: WINDOWS
18:55:27.254 [FXGL Background Thread 3 ] DEBUG Engine               - prefHeightProperty: ReadOnlyDoubleProperty [value: 600.0]
18:55:27.254 [FXGL Background Thread 3 ] DEBUG Engine               - prefWidthProperty: ReadOnlyDoubleProperty [value: 800.0]
18:55:27.254 [FXGL Background Thread 3 ] DEBUG Engine               - profileDir: profiles/
18:55:27.254 [FXGL Background Thread 3 ] DEBUG Engine               - profileName: StringProperty [value: DEFAULT]
18:55:27.254 [FXGL Background Thread 3 ] DEBUG Engine               - randomSeed: -1
18:55:27.269 [FXGL Background Thread 3 ] DEBUG Engine               - runtimeInfo: RuntimeInfo(platform=WINDOWS, version=21.1, build=26.03.2024 17.33)
18:55:27.269 [FXGL Background Thread 3 ] DEBUG Engine               - saveFileExt: sav
18:55:27.269 [FXGL Background Thread 3 ] DEBUG Engine               - scaledHeightProp$fxgl: DoubleProperty [bound, value: 600.0]
18:55:27.269 [FXGL Background Thread 3 ] DEBUG Engine               - scaledWidthProp$fxgl: DoubleProperty [bound, value: 800.0]
18:55:27.269 [FXGL Background Thread 3 ] DEBUG Engine               - sceneFactory: com.almasb.fxgl.app.scene.SceneFactory@14433b52
18:55:27.269 [FXGL Background Thread 3 ] DEBUG Engine               - secondsIn24h: 60
18:55:27.269 [FXGL Background Thread 3 ] DEBUG Engine               - soundMenuBack: menu/back.wav
18:55:27.269 [FXGL Background Thread 3 ] DEBUG Engine               - soundMenuPress: menu/press.wav
18:55:27.269 [FXGL Background Thread 3 ] DEBUG Engine               - soundMenuSelect: menu/select.wav
18:55:27.269 [FXGL Background Thread 3 ] DEBUG Engine               - soundNotification: core/notification.wav
18:55:27.269 [FXGL Background Thread 3 ] DEBUG Engine               - stageStyle: DECORATED
18:55:27.269 [FXGL Background Thread 3 ] DEBUG Engine               - supportedLanguages: [ENGLISH, FRENCH, GERMAN, HUNGARIAN, RUSSIAN]
18:55:27.269 [FXGL Background Thread 3 ] DEBUG Engine               - ticksPerSecond: -1
18:55:27.269 [FXGL Background Thread 3 ] DEBUG Engine               - title: Among Us UNEG
18:55:27.269 [FXGL Background Thread 3 ] DEBUG Engine               - urlGithub: https://github.com/AlmasB/FXGL
18:55:27.269 [FXGL Background Thread 3 ] DEBUG Engine               - urlLeaderboard: http://fxgl-top.herokuapp.com/
18:55:27.271 [FXGL Background Thread 3 ] DEBUG Engine               - urlPOM: https://raw.githubusercontent.com/AlmasB/FXGL/release/README.md
18:55:27.271 [FXGL Background Thread 3 ] DEBUG Engine               - userAppClass: class main.java.amongUs.AppPrincipal
18:55:27.271 [FXGL Background Thread 3 ] DEBUG Engine               - version: 0.0
18:55:27.271 [FXGL Background Thread 3 ] DEBUG Engine               - versionCheckDays: 7
18:55:27.271 [FXGL Background Thread 3 ] DEBUG Engine               - width: 800
18:55:27.271 [FXGL Background Thread 3 ] DEBUG Engine               - Logging services
18:55:27.271 [FXGL Background Thread 3 ] DEBUG Engine               - class com.almasb.fxgl.app.services.FXGLAssetLoaderService
18:55:27.271 [FXGL Background Thread 3 ] DEBUG Engine               - class com.almasb.fxgl.app.FXGLApplication$GameApplicationService
18:55:27.271 [FXGL Background Thread 3 ] DEBUG Engine               - class com.almasb.fxgl.app.services.FXGLDialogService
18:55:27.271 [FXGL Background Thread 3 ] DEBUG Engine               - class com.almasb.fxgl.app.services.IOTaskExecutorService
18:55:27.271 [FXGL Background Thread 3 ] DEBUG Engine               - class com.almasb.fxgl.io.FileSystemService
18:55:27.271 [FXGL Background Thread 3 ] DEBUG Engine               - class com.almasb.fxgl.localization.LocalizationService
18:55:27.271 [FXGL Background Thread 3 ] DEBUG Engine               - class com.almasb.fxgl.app.services.SystemBundleService
18:55:27.271 [FXGL Background Thread 3 ] DEBUG Engine               - class com.almasb.fxgl.profile.SaveLoadService
18:55:27.271 [FXGL Background Thread 3 ] DEBUG Engine               - class com.almasb.fxgl.ui.FXGLUIFactoryServiceProvider
18:55:27.271 [FXGL Background Thread 3 ] DEBUG Engine               - class com.almasb.fxgl.ui.FXGLDialogFactoryServiceProvider
18:55:27.271 [FXGL Background Thread 3 ] DEBUG Engine               - class com.almasb.fxgl.audio.AudioPlayer
18:55:27.271 [FXGL Background Thread 3 ] DEBUG Engine               - class com.almasb.fxgl.notification.impl.NotificationServiceProvider
18:55:27.271 [FXGL Background Thread 3 ] DEBUG Engine               - class com.almasb.fxgl.achievement.AchievementService
18:55:27.271 [FXGL Background Thread 3 ] DEBUG Engine               - class com.almasb.fxgl.cutscene.CutsceneService
18:55:27.271 [FXGL Background Thread 3 ] DEBUG Engine               - class com.almasb.fxgl.minigames.MiniGameService
18:55:27.271 [FXGL Background Thread 3 ] DEBUG Engine               - class com.almasb.fxgl.net.NetService
18:55:27.271 [FXGL Background Thread 3 ] DEBUG Engine               - class com.almasb.fxgl.app.services.UpdaterService
18:55:27.271 [FXGL Background Thread 3 ] DEBUG Engine               - class com.almasb.fxgl.dev.DevService
18:55:27.988 [FXGL Background Thread 4 ] DEBUG AudioPlayer          - Playing music com.almasb.fxgl.audio.Music@1e5d6e07
18:55:30.048 [FXGL Background Thread 4 ] INFO  FXGLApplication      - Game initialization took: 3,767 sec
18:55:30.054 [JavaFX Application Thread] DEBUG Input                - Clearing active input actions
18:55:30.091 [JavaFX Application Thread] DEBUG GameApplicationServi - Removing overlay from FXGLLoadingScene and adding to GameScene
18:55:30.092 [JavaFX Application Thread] DEBUG PrimaryStageWindow   - FXGLLoadingScene -> GameScene
18:55:30.225 [FXGL Background Thread 2 ] INFO  UpdaterService       - Your current version:  21.1
18:55:30.225 [FXGL Background Thread 2 ] INFO  UpdaterService       - Latest stable version: 25
18:55:31.065 [JavaFX Application Thread] DEBUG FXGLAssetLoaderServi - Loading from file system: file:/C:/Users/josue/OneDrive/Desktop/proyecto%20java/Among%20Us/out/production/Among%20Us/assets/sounds/clickBoton.wav
18:55:37.590 [JavaFX Application Thread] DEBUG FXGLAssetLoaderServi - Loading from file system: file:/C:/Users/josue/OneDrive/Desktop/proyecto%20java/Among%20Us/out/production/Among%20Us/assets/textures/tripulante_negro.png
18:55:42.567 [JavaFX Application Thread] DEBUG FXGLAssetLoaderServi - Loading from file system: file:/C:/Users/josue/OneDrive/Desktop/proyecto%20java/Among%20Us/out/production/Among%20Us/assets/textures/tripulante_rojo.png
18:55:44.939 [JavaFX Application Thread] DEBUG FXGLAssetLoaderServi - Loading from file system: file:/C:/Users/josue/OneDrive/Desktop/proyecto%20java/Among%20Us/out/production/Among%20Us/assets/textures/tripulante_rosa.png
18:55:47.269 [JavaFX Application Thread] DEBUG FXGLAssetLoaderServi - Loading from file system: file:/C:/Users/josue/OneDrive/Desktop/proyecto%20java/Among%20Us/out/production/Among%20Us/assets/textures/tripulante_azul.png
18:55:48.035 [JavaFX Application Thread] DEBUG FXGLAssetLoaderServi - Loading from file system: file:/C:/Users/josue/OneDrive/Desktop/proyecto%20java/Among%20Us/out/production/Among%20Us/assets/textures/tripulante_verde.png
18:55:50.285 [JavaFX Application Thread] WARN  TMXLevelLoader       - TiledMap generated from 1.11.2. Supported version: 1.9.0. Some features may not be parsed fully.
18:55:50.370 [JavaFX Application Thread] DEBUG TMXLevelLoader       - Parsed TiledMap: file:/C:/Users/josue/OneDrive/Desktop/proyecto%20java/Among%20Us/out/production/Among%20Us/assets/levels/mapa2.tmx
18:55:50.372 [JavaFX Application Thread] DEBUG TMXLevelLoader       - Creating tile layer entities
18:55:50.375 [JavaFX Application Thread] DEBUG TilesetLoader        - Loading view for layer fondo1
18:55:50.418 [JavaFX Application Thread] DEBUG TilesetLoader        - Created buffer with size 992.0x960.0
18:55:50.448 [JavaFX Application Thread] DEBUG TilesetLoader        - Loading view for layer fondo
18:55:50.449 [JavaFX Application Thread] DEBUG TilesetLoader        - Created buffer with size 992.0x960.0
18:55:50.454 [JavaFX Application Thread] DEBUG TilesetLoader        - Loading view for layer piso
18:55:50.455 [JavaFX Application Thread] DEBUG TilesetLoader        - Created buffer with size 992.0x960.0
18:55:50.460 [JavaFX Application Thread] DEBUG TilesetLoader        - Loading view for layer piso1
18:55:50.460 [JavaFX Application Thread] DEBUG TilesetLoader        - Created buffer with size 992.0x960.0
18:55:50.471 [JavaFX Application Thread] DEBUG TilesetLoader        - Loading view for layer izquierda
18:55:50.474 [JavaFX Application Thread] DEBUG TilesetLoader        - Created buffer with size 992.0x960.0
18:55:50.484 [JavaFX Application Thread] DEBUG TilesetLoader        - Loading view for layer detallesatraspared
18:55:50.487 [JavaFX Application Thread] DEBUG TilesetLoader        - Created buffer with size 992.0x960.0
18:55:50.525 [JavaFX Application Thread] DEBUG TilesetLoader        - Loading view for layer pared2
18:55:50.526 [JavaFX Application Thread] DEBUG TilesetLoader        - Created buffer with size 992.0x960.0
18:55:50.545 [JavaFX Application Thread] DEBUG TilesetLoader        - Loading view for layer techo1
18:55:50.547 [JavaFX Application Thread] DEBUG TilesetLoader        - Created buffer with size 992.0x960.0
18:55:50.549 [JavaFX Application Thread] DEBUG TilesetLoader        - Loading view for layer techo2
18:55:50.550 [JavaFX Application Thread] DEBUG TilesetLoader        - Created buffer with size 992.0x960.0
18:55:50.557 [JavaFX Application Thread] DEBUG TilesetLoader        - Loading view for layer puertita
18:55:50.557 [JavaFX Application Thread] DEBUG TilesetLoader        - Created buffer with size 992.0x960.0
18:55:50.558 [JavaFX Application Thread] DEBUG TilesetLoader        - Loading view for layer puerta
18:55:50.559 [JavaFX Application Thread] DEBUG TilesetLoader        - Created buffer with size 992.0x960.0
18:55:50.561 [JavaFX Application Thread] DEBUG TilesetLoader        - Loading view for layer detalles
18:55:50.561 [JavaFX Application Thread] DEBUG TilesetLoader        - Created buffer with size 992.0x960.0
18:55:50.583 [JavaFX Application Thread] DEBUG TilesetLoader        - Loading view for layer detalles 2
18:55:50.584 [JavaFX Application Thread] DEBUG TilesetLoader        - Created buffer with size 992.0x960.0
18:55:50.599 [JavaFX Application Thread] DEBUG TilesetLoader        - Loading view for layer detalles3
18:55:50.600 [JavaFX Application Thread] DEBUG TilesetLoader        - Created buffer with size 992.0x960.0
18:55:50.616 [JavaFX Application Thread] DEBUG TilesetLoader        - Loading view for layer grieta
18:55:50.616 [JavaFX Application Thread] DEBUG TilesetLoader        - Created buffer with size 992.0x960.0
18:55:50.617 [JavaFX Application Thread] DEBUG TilesetLoader        - Loading view for layer camaras
18:55:50.618 [JavaFX Application Thread] DEBUG TilesetLoader        - Created buffer with size 992.0x960.0
18:55:50.621 [JavaFX Application Thread] DEBUG TilesetLoader        - Loading view for layer Techo
18:55:50.622 [JavaFX Application Thread] DEBUG TilesetLoader        - Created buffer with size 992.0x960.0
18:55:50.625 [JavaFX Application Thread] DEBUG TMXLevelLoader       - Creating object layer entities
18:55:50.718 [JavaFX Application Thread] DEBUG GameWorld            - Clearing removable entities
18:55:50.719 [JavaFX Application Thread] DEBUG GameWorld            - Setting level: com.almasb.fxgl.entity.level.Level@5ac55f74
18:55:50.772 [JavaFX Application Thread] DEBUG FXGLAssetLoaderServi - Loading from file system: file:/C:/Users/josue/OneDrive/Desktop/proyecto%20java/Among%20Us/out/production/Among%20Us/assets/textures/animacion_verde.png
18:55:50.774 [JavaFX Application Thread] DEBUG FXGLAssetLoaderServi - Loading from file system: file:/C:/Users/josue/OneDrive/Desktop/proyecto%20java/Among%20Us/out/production/Among%20Us/assets/textures/alcantarilla_verde.png
18:55:50.775 [JavaFX Application Thread] DEBUG FXGLAssetLoaderServi - Loading from file system: file:/C:/Users/josue/OneDrive/Desktop/proyecto%20java/Among%20Us/out/production/Among%20Us/assets/textures/alcantarilla_verdeE.png
18:55:50.788 [JavaFX Application Thread] DEBUG FXGLAssetLoaderServi - Loading from file system: file:/C:/Users/josue/OneDrive/Desktop/proyecto%20java/Among%20Us/out/production/Among%20Us/assets/textures/animacion_azul.png
18:55:50.789 [JavaFX Application Thread] DEBUG FXGLAssetLoaderServi - Loading from file system: file:/C:/Users/josue/OneDrive/Desktop/proyecto%20java/Among%20Us/out/production/Among%20Us/assets/textures/alcantarilla_azul.png
18:55:50.791 [JavaFX Application Thread] DEBUG FXGLAssetLoaderServi - Loading from file system: file:/C:/Users/josue/OneDrive/Desktop/proyecto%20java/Among%20Us/out/production/Among%20Us/assets/textures/alcantarilla_azulE.png
18:55:50.794 [JavaFX Application Thread] DEBUG FXGLAssetLoaderServi - Loading from file system: file:/C:/Users/josue/OneDrive/Desktop/proyecto%20java/Among%20Us/out/production/Among%20Us/assets/textures/accionNegada.png
18:55:50.800 [JavaFX Application Thread] DEBUG FXGLAssetLoaderServi - Loading from file system: file:/C:/Users/josue/OneDrive/Desktop/proyecto%20java/Among%20Us/out/production/Among%20Us/assets/textures/pantalla_impostor.png
18:55:59.095 [JavaFX Application Thread] DEBUG FXGLAssetLoaderServi - Loading from file system: file:/C:/Users/josue/OneDrive/Desktop/proyecto%20java/Among%20Us/out/production/Among%20Us/assets/textures/accion.png
18:56:01.175 [JavaFX Application Thread] DEBUG FXGLAssetLoaderServi - Loading from file system: file:/C:/Users/josue/OneDrive/Desktop/proyecto%20java/Among%20Us/out/production/Among%20Us/assets/textures/flechaRojaIzq.png
18:56:02.775 [JavaFX Application Thread] DEBUG FXGLAssetLoaderServi - Loading from file system: file:/C:/Users/josue/OneDrive/Desktop/proyecto%20java/Among%20Us/out/production/Among%20Us/assets/textures/flechaRojaDer.png
18:56:02.785 [JavaFX Application Thread] DEBUG FXGLAssetLoaderServi - Loading from file system: file:/C:/Users/josue/OneDrive/Desktop/proyecto%20java/Among%20Us/out/production/Among%20Us/assets/textures/flechaRojaAbajo.png
18:56:10.943 [JavaFX Application Thread] DEBUG FXGLAssetLoaderServi - Loading from file system: file:/C:/Users/josue/OneDrive/Desktop/proyecto%20java/Among%20Us/out/production/Among%20Us/assets/textures/flechaRojaArriba.png
18:58:30.771 [JavaFX Application Thread] DEBUG PrimaryStageWindow   - Push state: FXGLDefaultMenu
18:58:30.779 [JavaFX Application Thread] DEBUG Input                - Clearing active input actions
18:58:30.780 [JavaFX Application Thread] DEBUG GameApplicationServi - Removing overlay from GameScene and adding to FXGLDefaultMenu
18:58:30.781 [JavaFX Application Thread] DEBUG PrimaryStageWindow   - GameScene -> FXGLDefaultMenu
18:58:36.117 [JavaFX Application Thread] DEBUG PrimaryStageWindow   - Pop state: FXGLDefaultMenu
18:58:36.117 [JavaFX Application Thread] DEBUG Input                - Clearing active input actions
18:58:36.118 [JavaFX Application Thread] DEBUG GameApplicationServi - Removing overlay from FXGLDefaultMenu and adding to GameScene
18:58:36.120 [JavaFX Application Thread] DEBUG PrimaryStageWindow   - GameScene <- FXGLDefaultMenu
18:58:46.096 [JavaFX Application Thread] DEBUG PrimaryStageWindow   - Push state: FXGLDefaultMenu
18:58:46.097 [JavaFX Application Thread] DEBUG Input                - Clearing active input actions
18:58:46.097 [JavaFX Application Thread] DEBUG GameApplicationServi - Removing overlay from GameScene and adding to FXGLDefaultMenu
18:58:46.097 [JavaFX Application Thread] DEBUG PrimaryStageWindow   - GameScene -> FXGLDefaultMenu
18:58:47.339 [JavaFX Application Thread] DEBUG Menu                 - fireExit()
18:58:47.342 [JavaFX Application Thread] DEBUG PrimaryStageWindow   - Push state: DialogSubScene
18:58:47.342 [JavaFX Application Thread] DEBUG Input                - Clearing active input actions
18:58:47.342 [JavaFX Application Thread] DEBUG GameApplicationServi - Removing overlay from FXGLDefaultMenu and adding to DialogSubScene
18:58:47.342 [JavaFX Application Thread] DEBUG PrimaryStageWindow   - FXGLDefaultMenu -> DialogSubScene
18:58:49.089 [JavaFX Application Thread] DEBUG PrimaryStageWindow   - Pop state: DialogSubScene
18:58:49.089 [JavaFX Application Thread] DEBUG Input                - Clearing active input actions
18:58:49.089 [JavaFX Application Thread] DEBUG GameApplicationServi - Removing overlay from DialogSubScene and adding to FXGLDefaultMenu
18:58:49.089 [JavaFX Application Thread] DEBUG PrimaryStageWindow   - FXGLDefaultMenu <- DialogSubScene
18:58:49.089 [JavaFX Application Thread] DEBUG FXGLApplication      - Exiting FXGL
18:58:49.089 [JavaFX Application Thread] DEBUG LoopRunner           - Stopping loop
18:58:49.089 [JavaFX Application Thread] DEBUG SystemBundleService  - Saving FXGL system data
18:58:49.092 [JavaFX Application Thread] DEBUG FileSystemAccess     - Writing to: C:\Users\josue\OneDrive\Desktop\proyecto java\Among Us\system\fxgl.bundle
18:58:49.095 [JavaFX Application Thread] DEBUG Async                - Shutting down background threads
18:58:49.095 [JavaFX Application Thread] DEBUG PrimaryStageWindow   - Closing main window
18:58:49.127 [JavaFX Application Thread] DEBUG Logger               - Closing Logger
