18:53:08.325 [main                     ] DEBUG Logger               - Configured Logger
18:53:08.347 [main                     ] DEBUG GameApplication      - Logging settings
Title: Among Us UNEG
Version: 0.0
Width: 800
Height: 600
Fullscreen: false
Intro: false
Profiling: false
Single step:false
App Mode: DEVELOPER
Menu Key: ESCAPE
Stage Style: DECORATED
Scene Factory: class com.almasb.fxgl.app.scene.SceneFactory

18:53:09.225 [JavaFX Application Thread] DEBUG FXGLApplication      - Initializing FXGL
18:53:09.230 [JavaFX Application Thread] INFO  Engine               - FXGL-21.1 (26.03.2024 17.33) on WINDOWS (J:25.0.2 FX:21.0.1)
18:53:09.230 [JavaFX Application Thread] DEBUG Engine               - JRE Vendor Name: Oracle Corporation
18:53:09.231 [JavaFX Application Thread] DEBUG Engine               - Running on OS: Windows 11 version 10.0
18:53:09.231 [JavaFX Application Thread] DEBUG Engine               - Architecture: amd64
18:53:09.231 [JavaFX Application Thread] INFO  Engine               - Source code and latest versions at: https://github.com/AlmasB/FXGL
18:53:09.231 [JavaFX Application Thread] INFO  Engine               -       Ask questions and discuss at: https://github.com/AlmasB/FXGL/discussions
18:53:09.231 [JavaFX Application Thread] INFO  Engine               -              Join the FXGL chat at: https://gitter.im/AlmasB/FXGL
18:53:09.446 [JavaFX Application Thread] DEBUG PrimaryStageWindow   - Creating a JavaFX scene
18:53:09.582 [JavaFX Application Thread] DEBUG PrimaryStageWindow   - Target settings size: 800.0 x 600.0
18:53:09.582 [JavaFX Application Thread] DEBUG PrimaryStageWindow   - Scaled scene size:    800.0 x 600.0
18:53:09.582 [JavaFX Application Thread] DEBUG PrimaryStageWindow   - Scaled ratio: (1.0, 1.0)
18:53:09.584 [JavaFX Application Thread] DEBUG PrimaryStageWindow   - Set initial scene to FXGLStartupScene
18:53:09.592 [JavaFX Application Thread] DEBUG PrimaryStageWindow   - Opening main window
18:53:09.780 [JavaFX Application Thread] DEBUG PrimaryStageWindow   - Window border size: (16.0, 39.0)
18:53:09.780 [JavaFX Application Thread] DEBUG PrimaryStageWindow   - Scaled size: 800.0 x 600.0
18:53:09.781 [JavaFX Application Thread] DEBUG PrimaryStageWindow   - Scaled ratio: (1.0, 1.0)
18:53:09.781 [JavaFX Application Thread] DEBUG PrimaryStageWindow   - Scene size: 800.0 x 600.0
18:53:09.781 [JavaFX Application Thread] DEBUG PrimaryStageWindow   - Stage size: 816.0 x 639.0
18:53:09.922 [FXGL Background Thread 1 ] DEBUG Engine               - Initializing environment variables
18:53:10.054 [FXGL Background Thread 1 ] DEBUG FXGLAssetLoaderServi - User app class for loading assets: class main.java.amongUs.AppPrincipal
18:53:10.054 [FXGL Background Thread 1 ] DEBUG GameApplicationServi - Applying CSS: fxgl_dark.css
18:53:10.056 [FXGL Background Thread 1 ] DEBUG FXGLAssetLoaderServi - Loading from file system: jar:file:/C:/Users/josue/OneDrive/Desktop/proyecto%20java/Among%20Us/lib/fxgl-21.1-uber.jar!/fxglassets/ui/css/fxgl_dark.css
18:53:10.248 [FXGL Background Thread 1 ] DEBUG GameApplicationServi - Initializing application scenes
18:53:10.502 [FXGL Background Thread 1 ] DEBUG GameWorld            - Game world initialized
18:53:10.628 [FXGL Background Thread 1 ] DEBUG PhysicsWorld         - Physics world initialized: appHeight=600, physics.ppm=50,0
18:53:10.628 [FXGL Background Thread 1 ] DEBUG PhysicsWorld         - Using strategy: BRUTE_FORCE
18:53:10.638 [FXGL Background Thread 1 ] DEBUG GameScene            - Game scene initialized: 800x600
18:53:10.660 [FXGL Background Thread 1 ] DEBUG FXGL.DefaultMenu     - createMenuBodyGameMenu()
18:53:10.697 [FXGL Background Thread 1 ] DEBUG FXGL.DefaultMenu     - createOptionsMenu()
18:53:10.721 [FXGL Background Thread 1 ] DEBUG FXGLAssetLoaderServi - Loading from file system: jar:file:/C:/Users/josue/OneDrive/Desktop/proyecto%20java/Among%20Us/lib/fxgl-21.1-uber.jar!/fxglassets/textures/particles/smoke.png
18:53:10.936 [FXGL Background Thread 1 ] DEBUG FXGLAssetLoaderServi - Loading from file system: jar:file:/C:/Users/josue/OneDrive/Desktop/proyecto%20java/Among%20Us/lib/fxgl-21.1-uber.jar!/fxglassets/textures/particles/trace_horizontal.png
18:53:10.998 [FXGL Background Thread 1 ] DEBUG GameApplicationServi - Application scenes initialized
18:53:11.024 [FXGL Background Thread 1 ] DEBUG SystemBundleService  - Loading FXGL system data
18:53:11.031 [FXGL Background Thread 1 ] DEBUG FileSystemAccess     - Reading from: C:\Users\josue\OneDrive\Desktop\proyecto java\Among Us\system\fxgl.bundle
18:53:11.040 [FXGL Background Thread 1 ] DEBUG SystemBundleService  - Bundle FXGL: {}
18:53:11.040 [FXGL Background Thread 1 ] DEBUG UpdaterService       - Checking for updates
18:53:11.050 [FXGL Background Thread 1 ] DEBUG FXGLApplication      - Loading default localization
18:53:11.050 [FXGL Background Thread 1 ] DEBUG FXGLAssetLoaderServi - Loading from file system: jar:file:/C:/Users/josue/OneDrive/Desktop/proyecto%20java/Among%20Us/lib/fxgl-21.1-uber.jar!/fxglassets/languages/english.lang
18:53:11.055 [FXGL Background Thread 4 ] DEBUG FXGLApplication      - Loading fonts
18:53:11.056 [FXGL Background Thread 4 ] DEBUG FXGLAssetLoaderServi - Loading from file system: jar:file:/C:/Users/josue/OneDrive/Desktop/proyecto%20java/Among%20Us/lib/fxgl-21.1-uber.jar!/fxglassets/ui/fonts/VarelaRound-Regular.ttf
18:53:11.161 [FXGL Background Thread 1 ] INFO  FXGLApplication      - FXGL initialization took: 1,239 sec
18:53:11.180 [JavaFX Application Thread] DEBUG Input                - Registered new binding: Mover Arriba - W
18:53:11.180 [JavaFX Application Thread] DEBUG Input                - Registered new binding: Mover Abajo - S
18:53:11.180 [JavaFX Application Thread] DEBUG Input                - Registered new binding: Mover Izquierda - A
18:53:11.180 [JavaFX Application Thread] DEBUG Input                - Registered new binding: Mover Derecha - D
18:53:11.180 [JavaFX Application Thread] DEBUG Input                - Registered new binding: Abrir Camaras - C
18:53:11.181 [JavaFX Application Thread] DEBUG Input                - Registered new binding: Usar Alcantarilla - Space
18:53:11.181 [JavaFX Application Thread] DEBUG Input                - Registered new binding: Vent Izquierda - Left
18:53:11.181 [JavaFX Application Thread] DEBUG Input                - Registered new binding: Vent Derecha - Right
18:53:11.182 [JavaFX Application Thread] DEBUG Input                - Registered new binding: Vent Arriba - Up
18:53:11.182 [JavaFX Application Thread] DEBUG Input                - Registered new binding: Vent Abajo - Down
18:53:11.182 [JavaFX Application Thread] DEBUG FXGLAssetLoaderServi - Loading from file system: file:/C:/Users/josue/OneDrive/Desktop/proyecto%20java/Among%20Us/out/production/Among%20Us/assets/textures/icono.png
18:53:11.257 [JavaFX Application Thread] DEBUG FXGLAssetLoaderServi - Loading from file system: jar:file:/C:/Users/josue/OneDrive/Desktop/proyecto%20java/Among%20Us/lib/fxgl-21.1-uber.jar!/fxglassets/textures/fxgl_default_cursor.png
18:53:11.259 [JavaFX Application Thread] DEBUG Input                - Registered new binding: Screenshot - CTRL+8
18:53:11.260 [JavaFX Application Thread] DEBUG Input                - Registered new binding: System info dump - CTRL+9
18:53:11.261 [JavaFX Application Thread] DEBUG Input                - Registered new binding: Restart - CTRL+R
18:53:11.264 [JavaFX Application Thread] DEBUG Input                - Registered new binding: Toggle Debug Camera - CTRL+7
18:53:11.278 [JavaFX Application Thread] DEBUG LoopRunner           - Starting loop
18:53:11.278 [JavaFX Application Thread] DEBUG LoopRunner           - Initializing JavaFX AnimationTimerLoop
18:53:11.279 [JavaFX Application Thread] DEBUG GameApplicationServi - Starting new game
18:53:11.281 [JavaFX Application Thread] DEBUG Input                - Clearing active input actions
18:53:11.330 [JavaFX Application Thread] DEBUG GameApplicationServi - Removing overlay from FXGLStartupScene and adding to FXGLLoadingScene
18:53:11.331 [JavaFX Application Thread] DEBUG PrimaryStageWindow   - FXGLStartupScene -> FXGLLoadingScene
18:53:11.331 [JavaFX Application Thread] DEBUG GameApplicationServi - Clearing previous game
18:53:11.331 [JavaFX Application Thread] DEBUG GameScene            - Clearing game scene
18:53:11.331 [JavaFX Application Thread] DEBUG GameWorld            - Clearing game world
18:53:11.331 [JavaFX Application Thread] DEBUG PhysicsWorld         - Clearing physics world
18:53:11.340 [FXGL Background Thread 1 ] DEBUG FXGLApplication      - Initializing game
18:53:11.358 [FXGL Background Thread 1 ] DEBUG FXGLAssetLoaderServi - Loading from file system: file:/C:/Users/josue/OneDrive/Desktop/proyecto%20java/Among%20Us/out/production/Among%20Us/assets/textures/MonitorDeCamaras.png
18:53:11.530 [FXGL Background Thread 1 ] DEBUG FXGLAssetLoaderServi - Loading from file system: file:/C:/Users/josue/OneDrive/Desktop/proyecto%20java/Among%20Us/out/production/Among%20Us/assets/textures/flechaAmarillaIzq.png
18:53:11.546 [FXGL Background Thread 1 ] DEBUG FXGLAssetLoaderServi - Loading from file system: file:/C:/Users/josue/OneDrive/Desktop/proyecto%20java/Among%20Us/out/production/Among%20Us/assets/textures/flechaAmarillaDer.png
18:53:11.552 [FXGL Background Thread 1 ] DEBUG FXGLAssetLoaderServi - Loading from file system: file:/C:/Users/josue/OneDrive/Desktop/proyecto%20java/Among%20Us/out/production/Among%20Us/assets/music/musicaMenu.mp3
18:53:12.111 [FXGL Background Thread 4 ] DEBUG FXGLAssetLoaderServi - Loading from file system: jar:file:/C:/Users/josue/OneDrive/Desktop/proyecto%20java/Among%20Us/lib/fxgl-21.1-uber.jar!/fxglassets/ui/fonts/Abel-Regular.ttf
18:53:12.086 [FXGL Background Thread 1 ] DEBUG AudioPlayer          - Playing music com.almasb.fxgl.audio.Music@b45a59a
18:53:12.158 [FXGL Background Thread 4 ] DEBUG FXGLAssetLoaderServi - Loading from file system: jar:file:/C:/Users/josue/OneDrive/Desktop/proyecto%20java/Among%20Us/lib/fxgl-21.1-uber.jar!/fxglassets/ui/fonts/TerminalLandMono-Regular.otf
18:53:12.192 [FXGL Background Thread 4 ] DEBUG FXGLAssetLoaderServi - Loading from file system: jar:file:/C:/Users/josue/OneDrive/Desktop/proyecto%20java/Among%20Us/lib/fxgl-21.1-uber.jar!/fxglassets/ui/fonts/Courier-Prime.ttf
18:53:12.354 [JavaFX Application Thread] DEBUG FXGLApplication      - Registering font factories with UI factory
18:53:13.758 [FXGL Background Thread 2 ] INFO  UpdaterService       - Your current version:  21.1
18:53:13.758 [FXGL Background Thread 2 ] INFO  UpdaterService       - Latest stable version: 25
18:53:13.945 [FXGL Background Thread 1 ] INFO  FXGLApplication      - Game initialization took: 2,606 sec
18:53:14.006 [JavaFX Application Thread] DEBUG Input                - Clearing active input actions
18:53:14.043 [JavaFX Application Thread] DEBUG GameApplicationServi - Removing overlay from FXGLLoadingScene and adding to GameScene
18:53:14.044 [JavaFX Application Thread] DEBUG PrimaryStageWindow   - FXGLLoadingScene -> GameScene
18:53:14.112 [FXGL Background Thread 3 ] DEBUG Engine               - Logging environment variables
18:53:14.114 [FXGL Background Thread 3 ] DEBUG Engine               - achievements: []
18:53:14.114 [FXGL Background Thread 3 ] DEBUG Engine               - actualHeight: 600.0
18:53:14.115 [FXGL Background Thread 3 ] DEBUG Engine               - actualHeightProperty: ReadOnlyDoubleProperty [value: 600.0]
18:53:14.119 [FXGL Background Thread 3 ] DEBUG Engine               - actualWidth: 800.0
18:53:14.119 [FXGL Background Thread 3 ] DEBUG Engine               - actualWidthProperty: ReadOnlyDoubleProperty [value: 800.0]
18:53:14.119 [FXGL Background Thread 3 ] DEBUG Engine               - appIcon: icono.png
18:53:14.119 [FXGL Background Thread 3 ] DEBUG Engine               - applicationMode: DEVELOPER
18:53:14.119 [FXGL Background Thread 3 ] DEBUG Engine               - cSSList: [fxgl_dark.css]
18:53:14.119 [FXGL Background Thread 3 ] DEBUG Engine               - collisionDetectionStrategy: BRUTE_FORCE
18:53:14.119 [FXGL Background Thread 3 ] DEBUG Engine               - configClass: Optional.empty
18:53:14.120 [FXGL Background Thread 3 ] DEBUG Engine               - credits: []
18:53:14.120 [FXGL Background Thread 3 ] DEBUG Engine               - defaultCursor: CursorInfo(imageName=fxgl_default_cursor.png, hotspotX=7.0, hotspotY=6.0)
18:53:14.120 [FXGL Background Thread 3 ] DEBUG Engine               - devBBoxColorProperty: ObjectProperty [value: 0xff0000ff]
18:53:14.121 [FXGL Background Thread 3 ] DEBUG Engine               - devEnableDebugCameraProperty: BooleanProperty [value: false]
18:53:14.121 [FXGL Background Thread 3 ] DEBUG Engine               - devSensorColorProperty: ObjectProperty [value: 0xffff00ff]
18:53:14.121 [FXGL Background Thread 3 ] DEBUG Engine               - devShowBBoxProperty: BooleanProperty [value: false]
18:53:14.121 [FXGL Background Thread 3 ] DEBUG Engine               - devShowPositionProperty: BooleanProperty [value: false]
18:53:14.121 [FXGL Background Thread 3 ] DEBUG Engine               - enabledMenuItems: []
18:53:14.121 [FXGL Background Thread 3 ] DEBUG Engine               - engineServices: [class com.almasb.fxgl.app.services.FXGLAssetLoaderService, class com.almasb.fxgl.app.FXGLApplication$GameApplicationService, class com.almasb.fxgl.app.services.FXGLDialogService, class com.almasb.fxgl.app.services.IOTaskExecutorService, class com.almasb.fxgl.io.FileSystemService, class com.almasb.fxgl.localization.LocalizationService, class com.almasb.fxgl.app.services.SystemBundleService, class com.almasb.fxgl.profile.SaveLoadService, class com.almasb.fxgl.ui.FXGLUIFactoryServiceProvider, class com.almasb.fxgl.ui.FXGLDialogFactoryServiceProvider, class com.almasb.fxgl.audio.AudioPlayer, class com.almasb.fxgl.notification.impl.NotificationServiceProvider, class com.almasb.fxgl.achievement.AchievementService, class com.almasb.fxgl.cutscene.CutsceneService, class com.almasb.fxgl.minigames.MiniGameService, class com.almasb.fxgl.net.NetService, class com.almasb.fxgl.app.services.UpdaterService, class com.almasb.fxgl.dev.DevService]
18:53:14.121 [FXGL Background Thread 3 ] DEBUG Engine               - fontGame: Abel-Regular.ttf
18:53:14.121 [FXGL Background Thread 3 ] DEBUG Engine               - fontMono: TerminalLandMono-Regular.otf
18:53:14.121 [FXGL Background Thread 3 ] DEBUG Engine               - fontSizeScaleUI: 1.0
18:53:14.122 [FXGL Background Thread 3 ] DEBUG Engine               - fontText: Courier-Prime.ttf
18:53:14.122 [FXGL Background Thread 3 ] DEBUG Engine               - fontUI: VarelaRound-Regular.ttf
18:53:14.123 [FXGL Background Thread 3 ] DEBUG Engine               - fullScreen: BooleanProperty [value: false]
18:53:14.123 [FXGL Background Thread 3 ] DEBUG Engine               - gameDifficulty: MEDIUM
18:53:14.123 [FXGL Background Thread 3 ] DEBUG Engine               - gameDifficultyProperty: ObjectProperty [value: MEDIUM]
18:53:14.124 [FXGL Background Thread 3 ] DEBUG Engine               - globalMusicVolume: 0.5
18:53:14.125 [FXGL Background Thread 3 ] DEBUG Engine               - globalMusicVolumeProperty: DoubleProperty [value: 0.4]
18:53:14.127 [FXGL Background Thread 3 ] DEBUG Engine               - globalSoundVolume: 0.5
18:53:14.129 [FXGL Background Thread 3 ] DEBUG Engine               - globalSoundVolumeProperty: DoubleProperty [value: 0.5]
18:53:14.130 [FXGL Background Thread 3 ] DEBUG Engine               - height: 600
18:53:14.130 [FXGL Background Thread 3 ] DEBUG Engine               - is3D: false
18:53:14.131 [FXGL Background Thread 3 ] DEBUG Engine               - isAndroid: false
18:53:14.131 [FXGL Background Thread 3 ] DEBUG Engine               - isBrowser: false
18:53:14.131 [FXGL Background Thread 3 ] DEBUG Engine               - isClickFeedbackEnabled: false
18:53:14.134 [FXGL Background Thread 3 ] DEBUG Engine               - isCloseConfirmation: false
18:53:14.134 [FXGL Background Thread 3 ] DEBUG Engine               - isDesktop: true
18:53:14.134 [FXGL Background Thread 3 ] DEBUG Engine               - isDeveloperMenuEnabled: false
18:53:14.135 [FXGL Background Thread 3 ] DEBUG Engine               - isEmbedded: false
18:53:14.135 [FXGL Background Thread 3 ] DEBUG Engine               - isEntityPreloadEnabled: true
18:53:14.135 [FXGL Background Thread 3 ] DEBUG Engine               - isExperimentalTiledLargeMap: false
18:53:14.135 [FXGL Background Thread 3 ] DEBUG Engine               - isFileSystemWriteAllowed: true
18:53:14.135 [FXGL Background Thread 3 ] DEBUG Engine               - isFullScreenAllowed: false
18:53:14.135 [FXGL Background Thread 3 ] DEBUG Engine               - isFullScreenFromStart: false
18:53:14.135 [FXGL Background Thread 3 ] DEBUG Engine               - isGameMenuEnabled: true
18:53:14.135 [FXGL Background Thread 3 ] DEBUG Engine               - isIOS: false
18:53:14.136 [FXGL Background Thread 3 ] DEBUG Engine               - isIntroEnabled: false
18:53:14.136 [FXGL Background Thread 3 ] DEBUG Engine               - isLinux: false
18:53:14.136 [FXGL Background Thread 3 ] DEBUG Engine               - isMac: false
18:53:14.136 [FXGL Background Thread 3 ] DEBUG Engine               - isMainMenuEnabled: false
18:53:14.136 [FXGL Background Thread 3 ] DEBUG Engine               - isManualResizeEnabled: false
18:53:14.136 [FXGL Background Thread 3 ] DEBUG Engine               - isMobile: false
18:53:14.136 [FXGL Background Thread 3 ] DEBUG Engine               - isNative: false
18:53:14.136 [FXGL Background Thread 3 ] DEBUG Engine               - isPauseMusicWhenMinimized: true
18:53:14.136 [FXGL Background Thread 3 ] DEBUG Engine               - isPreserveResizeRatio: false
18:53:14.136 [FXGL Background Thread 3 ] DEBUG Engine               - isProfilingEnabled: false
18:53:14.136 [FXGL Background Thread 3 ] DEBUG Engine               - isScaleAffectedOnResize: true
18:53:14.136 [FXGL Background Thread 3 ] DEBUG Engine               - isSingleStep: false
18:53:14.136 [FXGL Background Thread 3 ] DEBUG Engine               - isUserProfileEnabled: false
18:53:14.136 [FXGL Background Thread 3 ] DEBUG Engine               - isWindows: true
18:53:14.136 [FXGL Background Thread 3 ] DEBUG Engine               - language: ObjectProperty [value: ENGLISH]
18:53:14.137 [FXGL Background Thread 3 ] DEBUG Engine               - menuKey: ESCAPE
18:53:14.137 [FXGL Background Thread 3 ] DEBUG Engine               - mouseSensitivity: 0.2
18:53:14.137 [FXGL Background Thread 3 ] DEBUG Engine               - notificationViewClass: class com.almasb.fxgl.notification.view.XboxNotificationView
18:53:14.137 [FXGL Background Thread 3 ] DEBUG Engine               - pixelsPerMeter: 50.0
18:53:14.137 [FXGL Background Thread 3 ] DEBUG Engine               - platform: WINDOWS
18:53:14.137 [FXGL Background Thread 3 ] DEBUG Engine               - prefHeightProperty: ReadOnlyDoubleProperty [value: 600.0]
18:53:14.137 [FXGL Background Thread 3 ] DEBUG Engine               - prefWidthProperty: ReadOnlyDoubleProperty [value: 800.0]
18:53:14.137 [FXGL Background Thread 3 ] DEBUG Engine               - profileDir: profiles/
18:53:14.137 [FXGL Background Thread 3 ] DEBUG Engine               - profileName: StringProperty [value: DEFAULT]
18:53:14.137 [FXGL Background Thread 3 ] DEBUG Engine               - randomSeed: -1
18:53:14.138 [FXGL Background Thread 3 ] DEBUG Engine               - runtimeInfo: RuntimeInfo(platform=WINDOWS, version=21.1, build=26.03.2024 17.33)
18:53:14.138 [FXGL Background Thread 3 ] DEBUG Engine               - saveFileExt: sav
18:53:14.138 [FXGL Background Thread 3 ] DEBUG Engine               - scaledHeightProp$fxgl: DoubleProperty [bound, value: 600.0]
18:53:14.138 [FXGL Background Thread 3 ] DEBUG Engine               - scaledWidthProp$fxgl: DoubleProperty [bound, value: 800.0]
18:53:14.138 [FXGL Background Thread 3 ] DEBUG Engine               - sceneFactory: com.almasb.fxgl.app.scene.SceneFactory@6890032d
18:53:14.138 [FXGL Background Thread 3 ] DEBUG Engine               - secondsIn24h: 60
18:53:14.138 [FXGL Background Thread 3 ] DEBUG Engine               - soundMenuBack: menu/back.wav
18:53:14.138 [FXGL Background Thread 3 ] DEBUG Engine               - soundMenuPress: menu/press.wav
18:53:14.138 [FXGL Background Thread 3 ] DEBUG Engine               - soundMenuSelect: menu/select.wav
18:53:14.138 [FXGL Background Thread 3 ] DEBUG Engine               - soundNotification: core/notification.wav
18:53:14.138 [FXGL Background Thread 3 ] DEBUG Engine               - stageStyle: DECORATED
18:53:14.138 [FXGL Background Thread 3 ] DEBUG Engine               - supportedLanguages: [ENGLISH, FRENCH, GERMAN, HUNGARIAN, RUSSIAN]
18:53:14.138 [FXGL Background Thread 3 ] DEBUG Engine               - ticksPerSecond: -1
18:53:14.138 [FXGL Background Thread 3 ] DEBUG Engine               - title: Among Us UNEG
18:53:14.138 [FXGL Background Thread 3 ] DEBUG Engine               - urlGithub: https://github.com/AlmasB/FXGL
18:53:14.138 [FXGL Background Thread 3 ] DEBUG Engine               - urlLeaderboard: http://fxgl-top.herokuapp.com/
18:53:14.138 [FXGL Background Thread 3 ] DEBUG Engine               - urlPOM: https://raw.githubusercontent.com/AlmasB/FXGL/release/README.md
18:53:14.138 [FXGL Background Thread 3 ] DEBUG Engine               - userAppClass: class main.java.amongUs.AppPrincipal
18:53:14.138 [FXGL Background Thread 3 ] DEBUG Engine               - version: 0.0
18:53:14.138 [FXGL Background Thread 3 ] DEBUG Engine               - versionCheckDays: 7
18:53:14.138 [FXGL Background Thread 3 ] DEBUG Engine               - width: 800
18:53:14.138 [FXGL Background Thread 3 ] DEBUG Engine               - Logging services
18:53:14.138 [FXGL Background Thread 3 ] DEBUG Engine               - class com.almasb.fxgl.app.services.FXGLAssetLoaderService
18:53:14.138 [FXGL Background Thread 3 ] DEBUG Engine               - class com.almasb.fxgl.app.FXGLApplication$GameApplicationService
18:53:14.140 [FXGL Background Thread 3 ] DEBUG Engine               - class com.almasb.fxgl.app.services.FXGLDialogService
18:53:14.140 [FXGL Background Thread 3 ] DEBUG Engine               - class com.almasb.fxgl.app.services.IOTaskExecutorService
18:53:14.140 [FXGL Background Thread 3 ] DEBUG Engine               - class com.almasb.fxgl.io.FileSystemService
18:53:14.140 [FXGL Background Thread 3 ] DEBUG Engine               - class com.almasb.fxgl.localization.LocalizationService
18:53:14.140 [FXGL Background Thread 3 ] DEBUG Engine               - class com.almasb.fxgl.app.services.SystemBundleService
18:53:14.140 [FXGL Background Thread 3 ] DEBUG Engine               - class com.almasb.fxgl.profile.SaveLoadService
18:53:14.140 [FXGL Background Thread 3 ] DEBUG Engine               - class com.almasb.fxgl.ui.FXGLUIFactoryServiceProvider
18:53:14.140 [FXGL Background Thread 3 ] DEBUG Engine               - class com.almasb.fxgl.ui.FXGLDialogFactoryServiceProvider
18:53:14.140 [FXGL Background Thread 3 ] DEBUG Engine               - class com.almasb.fxgl.audio.AudioPlayer
18:53:14.140 [FXGL Background Thread 3 ] DEBUG Engine               - class com.almasb.fxgl.notification.impl.NotificationServiceProvider
18:53:14.140 [FXGL Background Thread 3 ] DEBUG Engine               - class com.almasb.fxgl.achievement.AchievementService
18:53:14.141 [FXGL Background Thread 3 ] DEBUG Engine               - class com.almasb.fxgl.cutscene.CutsceneService
18:53:14.142 [FXGL Background Thread 3 ] DEBUG Engine               - class com.almasb.fxgl.minigames.MiniGameService
18:53:14.143 [FXGL Background Thread 3 ] DEBUG Engine               - class com.almasb.fxgl.net.NetService
18:53:14.144 [FXGL Background Thread 3 ] DEBUG Engine               - class com.almasb.fxgl.app.services.UpdaterService
18:53:14.144 [FXGL Background Thread 3 ] DEBUG Engine               - class com.almasb.fxgl.dev.DevService
18:53:14.707 [JavaFX Application Thread] DEBUG FXGLAssetLoaderServi - Loading from file system: file:/C:/Users/josue/OneDrive/Desktop/proyecto%20java/Among%20Us/out/production/Among%20Us/assets/sounds/clickBoton.wav
18:55:04.713 [JavaFX Application Thread] DEBUG FXGLApplication      - Exiting FXGL
18:55:04.713 [JavaFX Application Thread] DEBUG LoopRunner           - Stopping loop
18:55:04.713 [JavaFX Application Thread] DEBUG SystemBundleService  - Saving FXGL system data
18:55:04.717 [JavaFX Application Thread] DEBUG FileSystemAccess     - Writing to: C:\Users\josue\OneDrive\Desktop\proyecto java\Among Us\system\fxgl.bundle
18:55:04.719 [JavaFX Application Thread] DEBUG Async                - Shutting down background threads
18:55:04.720 [JavaFX Application Thread] DEBUG PrimaryStageWindow   - Closing main window
18:55:04.781 [JavaFX Application Thread] DEBUG Logger               - Closing Logger
