01:29:42.817 [main                     ] DEBUG Logger               - Configured Logger
01:29:42.837 [main                     ] DEBUG GameApplication      - Logging settings
Title: Among Us UNEG
Version: 0.0
Width: 800
Height: 600
Fullscreen: false
Intro: false
Profiling: false
Single step:false
App Mode: DEVELOPER
Menu Key: ESCAPE
Stage Style: DECORATED
Scene Factory: class com.almasb.fxgl.app.scene.SceneFactory

01:29:44.263 [JavaFX Application Thread] DEBUG FXGLApplication      - Initializing FXGL
01:29:44.274 [JavaFX Application Thread] INFO  Engine               - FXGL-21.1 (26.03.2024 17.33) on WINDOWS (J:25.0.2 FX:21.0.1)
01:29:44.275 [JavaFX Application Thread] DEBUG Engine               - JRE Vendor Name: Oracle Corporation
01:29:44.275 [JavaFX Application Thread] DEBUG Engine               - Running on OS: Windows 11 version 10.0
01:29:44.275 [JavaFX Application Thread] DEBUG Engine               - Architecture: amd64
01:29:44.275 [JavaFX Application Thread] INFO  Engine               - Source code and latest versions at: https://github.com/AlmasB/FXGL
01:29:44.276 [JavaFX Application Thread] INFO  Engine               -       Ask questions and discuss at: https://github.com/AlmasB/FXGL/discussions
01:29:44.276 [JavaFX Application Thread] INFO  Engine               -              Join the FXGL chat at: https://gitter.im/AlmasB/FXGL
01:29:44.586 [JavaFX Application Thread] DEBUG PrimaryStageWindow   - Creating a JavaFX scene
01:29:44.777 [JavaFX Application Thread] DEBUG PrimaryStageWindow   - Target settings size: 800.0 x 600.0
01:29:44.777 [JavaFX Application Thread] DEBUG PrimaryStageWindow   - Scaled scene size:    800.0 x 600.0
01:29:44.777 [JavaFX Application Thread] DEBUG PrimaryStageWindow   - Scaled ratio: (1.0, 1.0)
01:29:44.780 [JavaFX Application Thread] DEBUG PrimaryStageWindow   - Set initial scene to FXGLStartupScene
01:29:44.786 [JavaFX Application Thread] DEBUG PrimaryStageWindow   - Opening main window
01:29:45.092 [JavaFX Application Thread] DEBUG PrimaryStageWindow   - Window border size: (16.0, 39.0)
01:29:45.093 [JavaFX Application Thread] DEBUG PrimaryStageWindow   - Scaled size: 800.0 x 600.0
01:29:45.093 [JavaFX Application Thread] DEBUG PrimaryStageWindow   - Scaled ratio: (1.0, 1.0)
01:29:45.094 [JavaFX Application Thread] DEBUG PrimaryStageWindow   - Scene size: 800.0 x 600.0
01:29:45.094 [JavaFX Application Thread] DEBUG PrimaryStageWindow   - Stage size: 816.0 x 639.0
01:29:45.126 [FXGL Background Thread 1 ] DEBUG Engine               - Initializing environment variables
01:29:45.549 [FXGL Background Thread 1 ] DEBUG FXGLAssetLoaderServi - User app class for loading assets: class main.java.amongUs.AppPrincipal
01:29:45.549 [FXGL Background Thread 1 ] DEBUG GameApplicationServi - Applying CSS: fxgl_dark.css
01:29:45.550 [FXGL Background Thread 1 ] DEBUG FXGLAssetLoaderServi - Loading from file system: jar:file:/C:/Users/josue/OneDrive/Desktop/proyecto%20java/Among%20Us/lib/fxgl-21.1-uber.jar!/fxglassets/ui/css/fxgl_dark.css
01:29:45.922 [FXGL Background Thread 1 ] DEBUG GameApplicationServi - Initializing application scenes
01:29:46.367 [FXGL Background Thread 1 ] DEBUG GameWorld            - Game world initialized
01:29:46.482 [FXGL Background Thread 1 ] DEBUG PhysicsWorld         - Physics world initialized: appHeight=600, physics.ppm=50,0
01:29:46.483 [FXGL Background Thread 1 ] DEBUG PhysicsWorld         - Using strategy: BRUTE_FORCE
01:29:46.491 [FXGL Background Thread 1 ] DEBUG GameScene            - Game scene initialized: 800x600
01:29:46.520 [FXGL Background Thread 1 ] DEBUG FXGL.DefaultMenu     - createMenuBodyGameMenu()
01:29:46.563 [FXGL Background Thread 1 ] DEBUG FXGL.DefaultMenu     - createOptionsMenu()
01:29:46.595 [FXGL Background Thread 1 ] DEBUG FXGLAssetLoaderServi - Loading from file system: jar:file:/C:/Users/josue/OneDrive/Desktop/proyecto%20java/Among%20Us/lib/fxgl-21.1-uber.jar!/fxglassets/textures/particles/smoke.png
01:29:47.045 [FXGL Background Thread 1 ] DEBUG FXGLAssetLoaderServi - Loading from file system: jar:file:/C:/Users/josue/OneDrive/Desktop/proyecto%20java/Among%20Us/lib/fxgl-21.1-uber.jar!/fxglassets/textures/particles/trace_horizontal.png
01:29:47.189 [FXGL Background Thread 1 ] DEBUG GameApplicationServi - Application scenes initialized
01:29:47.229 [FXGL Background Thread 1 ] DEBUG SystemBundleService  - Loading FXGL system data
01:29:47.242 [FXGL Background Thread 1 ] DEBUG FileSystemAccess     - Reading from: C:\Users\josue\OneDrive\Desktop\proyecto java\Among Us\system\fxgl.bundle
01:29:47.256 [FXGL Background Thread 1 ] DEBUG SystemBundleService  - Bundle FXGL: {}
01:29:47.257 [FXGL Background Thread 1 ] DEBUG UpdaterService       - Checking for updates
01:29:47.271 [FXGL Background Thread 1 ] DEBUG FXGLApplication      - Loading default localization
01:29:47.274 [FXGL Background Thread 1 ] DEBUG FXGLAssetLoaderServi - Loading from file system: jar:file:/C:/Users/josue/OneDrive/Desktop/proyecto%20java/Among%20Us/lib/fxgl-21.1-uber.jar!/fxglassets/languages/english.lang
01:29:47.283 [FXGL Background Thread 4 ] DEBUG FXGLApplication      - Loading fonts
01:29:47.284 [FXGL Background Thread 4 ] DEBUG FXGLAssetLoaderServi - Loading from file system: jar:file:/C:/Users/josue/OneDrive/Desktop/proyecto%20java/Among%20Us/lib/fxgl-21.1-uber.jar!/fxglassets/ui/fonts/VarelaRound-Regular.ttf
01:29:47.414 [FXGL Background Thread 1 ] INFO  FXGLApplication      - FXGL initialization took: 2,288 sec
01:29:47.430 [JavaFX Application Thread] DEBUG Input                - Registered new binding: Mover Arriba - W
01:29:47.430 [JavaFX Application Thread] DEBUG Input                - Registered new binding: Mover Abajo - S
01:29:47.430 [JavaFX Application Thread] DEBUG Input                - Registered new binding: Mover Izquierda - A
01:29:47.433 [JavaFX Application Thread] DEBUG Input                - Registered new binding: Mover Derecha - D
01:29:47.435 [JavaFX Application Thread] DEBUG Input                - Registered new binding: Abrir Camaras - C
01:29:47.435 [JavaFX Application Thread] DEBUG Input                - Registered new binding: Usar Alcantarilla - Space
01:29:47.435 [JavaFX Application Thread] DEBUG Input                - Registered new binding: Vent Izquierda - Left
01:29:47.436 [JavaFX Application Thread] DEBUG Input                - Registered new binding: Vent Derecha - Right
01:29:47.436 [JavaFX Application Thread] DEBUG Input                - Registered new binding: Vent Arriba - Up
01:29:47.436 [JavaFX Application Thread] DEBUG Input                - Registered new binding: Vent Abajo - Down
01:29:47.436 [JavaFX Application Thread] DEBUG Input                - Registered new binding: Matar Jugador - Q
01:29:47.436 [JavaFX Application Thread] DEBUG FXGLAssetLoaderServi - Loading from file system: file:/C:/Users/josue/OneDrive/Desktop/proyecto%20java/Among%20Us/out/production/Among%20Us/assets/textures/icono.png
01:29:47.530 [JavaFX Application Thread] DEBUG FXGLAssetLoaderServi - Loading from file system: jar:file:/C:/Users/josue/OneDrive/Desktop/proyecto%20java/Among%20Us/lib/fxgl-21.1-uber.jar!/fxglassets/textures/fxgl_default_cursor.png
01:29:47.543 [JavaFX Application Thread] DEBUG Input                - Registered new binding: Screenshot - CTRL+8
01:29:47.544 [JavaFX Application Thread] DEBUG Input                - Registered new binding: System info dump - CTRL+9
01:29:47.545 [JavaFX Application Thread] DEBUG Input                - Registered new binding: Restart - CTRL+R
01:29:47.547 [JavaFX Application Thread] DEBUG Input                - Registered new binding: Toggle Debug Camera - CTRL+7
01:29:47.567 [JavaFX Application Thread] DEBUG LoopRunner           - Starting loop
01:29:47.571 [JavaFX Application Thread] DEBUG LoopRunner           - Initializing JavaFX AnimationTimerLoop
01:29:47.577 [JavaFX Application Thread] DEBUG GameApplicationServi - Starting new game
01:29:47.580 [JavaFX Application Thread] DEBUG Input                - Clearing active input actions
01:29:47.757 [JavaFX Application Thread] DEBUG GameApplicationServi - Removing overlay from FXGLStartupScene and adding to FXGLLoadingScene
01:29:47.760 [JavaFX Application Thread] DEBUG PrimaryStageWindow   - FXGLStartupScene -> FXGLLoadingScene
01:29:47.760 [JavaFX Application Thread] DEBUG GameApplicationServi - Clearing previous game
01:29:47.760 [JavaFX Application Thread] DEBUG GameScene            - Clearing game scene
01:29:47.761 [JavaFX Application Thread] DEBUG GameWorld            - Clearing game world
01:29:47.762 [JavaFX Application Thread] DEBUG PhysicsWorld         - Clearing physics world
01:29:47.763 [FXGL Background Thread 1 ] DEBUG FXGLApplication      - Initializing game
01:29:47.782 [FXGL Background Thread 1 ] DEBUG FXGLAssetLoaderServi - Loading from file system: file:/C:/Users/josue/OneDrive/Desktop/proyecto%20java/Among%20Us/out/production/Among%20Us/assets/textures/MonitorDeCamaras.png
01:29:47.855 [FXGL Background Thread 1 ] DEBUG FXGLAssetLoaderServi - Loading from file system: file:/C:/Users/josue/OneDrive/Desktop/proyecto%20java/Among%20Us/out/production/Among%20Us/assets/textures/flechaAmarillaIzq.png
01:29:47.882 [FXGL Background Thread 1 ] DEBUG FXGLAssetLoaderServi - Loading from file system: file:/C:/Users/josue/OneDrive/Desktop/proyecto%20java/Among%20Us/out/production/Among%20Us/assets/textures/flechaAmarillaDer.png
01:29:47.886 [FXGL Background Thread 1 ] DEBUG FXGLAssetLoaderServi - Loading from file system: file:/C:/Users/josue/OneDrive/Desktop/proyecto%20java/Among%20Us/out/production/Among%20Us/assets/music/musicaMenu.mp3
01:29:48.586 [FXGL Background Thread 1 ] DEBUG AudioPlayer          - Playing music com.almasb.fxgl.audio.Music@1419a286
01:29:48.837 [FXGL Background Thread 4 ] DEBUG FXGLAssetLoaderServi - Loading from file system: jar:file:/C:/Users/josue/OneDrive/Desktop/proyecto%20java/Among%20Us/lib/fxgl-21.1-uber.jar!/fxglassets/ui/fonts/Abel-Regular.ttf
01:29:48.883 [FXGL Background Thread 4 ] DEBUG FXGLAssetLoaderServi - Loading from file system: jar:file:/C:/Users/josue/OneDrive/Desktop/proyecto%20java/Among%20Us/lib/fxgl-21.1-uber.jar!/fxglassets/ui/fonts/TerminalLandMono-Regular.otf
01:29:48.930 [FXGL Background Thread 4 ] DEBUG FXGLAssetLoaderServi - Loading from file system: jar:file:/C:/Users/josue/OneDrive/Desktop/proyecto%20java/Among%20Us/lib/fxgl-21.1-uber.jar!/fxglassets/ui/fonts/Courier-Prime.ttf
01:29:50.466 [FXGL Background Thread 3 ] DEBUG Engine               - Logging environment variables
01:29:50.560 [FXGL Background Thread 3 ] DEBUG Engine               - achievements: []
01:29:50.561 [FXGL Background Thread 3 ] DEBUG Engine               - actualHeight: 600.0
01:29:50.561 [FXGL Background Thread 3 ] DEBUG Engine               - actualHeightProperty: ReadOnlyDoubleProperty [value: 600.0]
01:29:50.623 [FXGL Background Thread 3 ] DEBUG Engine               - actualWidth: 800.0
01:29:50.643 [FXGL Background Thread 3 ] DEBUG Engine               - actualWidthProperty: ReadOnlyDoubleProperty [value: 800.0]
01:29:50.711 [FXGL Background Thread 3 ] DEBUG Engine               - appIcon: icono.png
01:29:50.711 [FXGL Background Thread 3 ] DEBUG Engine               - applicationMode: DEVELOPER
01:29:50.711 [FXGL Background Thread 3 ] DEBUG Engine               - cSSList: [fxgl_dark.css]
01:29:50.711 [FXGL Background Thread 3 ] DEBUG Engine               - collisionDetectionStrategy: BRUTE_FORCE
01:29:50.712 [FXGL Background Thread 3 ] DEBUG Engine               - configClass: Optional.empty
01:29:50.712 [FXGL Background Thread 3 ] DEBUG Engine               - credits: []
01:29:50.712 [FXGL Background Thread 3 ] DEBUG Engine               - defaultCursor: CursorInfo(imageName=fxgl_default_cursor.png, hotspotX=7.0, hotspotY=6.0)
01:29:50.733 [FXGL Background Thread 3 ] DEBUG Engine               - devBBoxColorProperty: ObjectProperty [value: 0xff0000ff]
01:29:50.733 [FXGL Background Thread 3 ] DEBUG Engine               - devEnableDebugCameraProperty: BooleanProperty [value: false]
01:29:50.733 [FXGL Background Thread 3 ] DEBUG Engine               - devSensorColorProperty: ObjectProperty [value: 0xffff00ff]
01:29:50.734 [FXGL Background Thread 3 ] DEBUG Engine               - devShowBBoxProperty: BooleanProperty [value: false]
01:29:50.757 [FXGL Background Thread 3 ] DEBUG Engine               - devShowPositionProperty: BooleanProperty [value: false]
01:29:50.757 [FXGL Background Thread 3 ] DEBUG Engine               - enabledMenuItems: []
01:29:50.757 [FXGL Background Thread 3 ] DEBUG Engine               - engineServices: [class com.almasb.fxgl.app.services.FXGLAssetLoaderService, class com.almasb.fxgl.app.FXGLApplication$GameApplicationService, class com.almasb.fxgl.app.services.FXGLDialogService, class com.almasb.fxgl.app.services.IOTaskExecutorService, class com.almasb.fxgl.io.FileSystemService, class com.almasb.fxgl.localization.LocalizationService, class com.almasb.fxgl.app.services.SystemBundleService, class com.almasb.fxgl.profile.SaveLoadService, class com.almasb.fxgl.ui.FXGLUIFactoryServiceProvider, class com.almasb.fxgl.ui.FXGLDialogFactoryServiceProvider, class com.almasb.fxgl.audio.AudioPlayer, class com.almasb.fxgl.notification.impl.NotificationServiceProvider, class com.almasb.fxgl.achievement.AchievementService, class com.almasb.fxgl.cutscene.CutsceneService, class com.almasb.fxgl.minigames.MiniGameService, class com.almasb.fxgl.net.NetService, class com.almasb.fxgl.app.services.UpdaterService, class com.almasb.fxgl.dev.DevService]
01:29:50.757 [FXGL Background Thread 3 ] DEBUG Engine               - fontGame: Abel-Regular.ttf
01:29:50.757 [FXGL Background Thread 3 ] DEBUG Engine               - fontMono: TerminalLandMono-Regular.otf
01:29:50.757 [FXGL Background Thread 3 ] DEBUG Engine               - fontSizeScaleUI: 1.0
01:29:50.757 [FXGL Background Thread 3 ] DEBUG Engine               - fontText: Courier-Prime.ttf
01:29:50.761 [FXGL Background Thread 3 ] DEBUG Engine               - fontUI: VarelaRound-Regular.ttf
01:29:50.761 [FXGL Background Thread 3 ] DEBUG Engine               - fullScreen: BooleanProperty [value: false]
01:29:50.761 [FXGL Background Thread 3 ] DEBUG Engine               - gameDifficulty: MEDIUM
01:29:50.784 [FXGL Background Thread 3 ] DEBUG Engine               - gameDifficultyProperty: ObjectProperty [value: MEDIUM]
01:29:50.785 [FXGL Background Thread 3 ] DEBUG Engine               - globalMusicVolume: 0.5
01:29:50.900 [FXGL Background Thread 3 ] DEBUG Engine               - globalMusicVolumeProperty: DoubleProperty [value: 0.4]
01:29:50.900 [FXGL Background Thread 3 ] DEBUG Engine               - globalSoundVolume: 0.5
01:29:50.900 [FXGL Background Thread 3 ] DEBUG Engine               - globalSoundVolumeProperty: DoubleProperty [value: 0.5]
01:29:50.900 [FXGL Background Thread 3 ] DEBUG Engine               - height: 600
01:29:50.900 [FXGL Background Thread 3 ] DEBUG Engine               - is3D: false
01:29:50.900 [FXGL Background Thread 3 ] DEBUG Engine               - isAndroid: false
01:29:51.237 [FXGL Background Thread 3 ] DEBUG Engine               - isBrowser: false
01:29:51.237 [FXGL Background Thread 3 ] DEBUG Engine               - isClickFeedbackEnabled: false
01:29:51.449 [FXGL Background Thread 3 ] DEBUG Engine               - isCloseConfirmation: false
01:29:51.471 [FXGL Background Thread 3 ] DEBUG Engine               - isDesktop: true
01:29:51.484 [FXGL Background Thread 3 ] DEBUG Engine               - isDeveloperMenuEnabled: false
01:29:51.497 [FXGL Background Thread 3 ] DEBUG Engine               - isEmbedded: false
01:29:51.498 [FXGL Background Thread 3 ] DEBUG Engine               - isEntityPreloadEnabled: true
01:29:51.501 [FXGL Background Thread 3 ] DEBUG Engine               - isExperimentalTiledLargeMap: false
01:29:51.501 [FXGL Background Thread 3 ] DEBUG Engine               - isFileSystemWriteAllowed: true
01:29:51.501 [FXGL Background Thread 3 ] DEBUG Engine               - isFullScreenAllowed: false
01:29:51.501 [FXGL Background Thread 3 ] DEBUG Engine               - isFullScreenFromStart: false
01:29:51.516 [FXGL Background Thread 3 ] DEBUG Engine               - isGameMenuEnabled: true
01:29:51.516 [FXGL Background Thread 3 ] DEBUG Engine               - isIOS: false
01:29:51.559 [FXGL Background Thread 3 ] DEBUG Engine               - isIntroEnabled: false
01:29:51.563 [FXGL Background Thread 3 ] DEBUG Engine               - isLinux: false
01:29:51.563 [FXGL Background Thread 3 ] DEBUG Engine               - isMac: false
01:29:51.563 [FXGL Background Thread 3 ] DEBUG Engine               - isMainMenuEnabled: false
01:29:51.563 [FXGL Background Thread 3 ] DEBUG Engine               - isManualResizeEnabled: false
01:29:51.564 [FXGL Background Thread 3 ] DEBUG Engine               - isMobile: false
01:29:51.564 [FXGL Background Thread 3 ] DEBUG Engine               - isNative: false
01:29:51.564 [FXGL Background Thread 3 ] DEBUG Engine               - isPauseMusicWhenMinimized: true
01:29:51.564 [FXGL Background Thread 3 ] DEBUG Engine               - isPreserveResizeRatio: false
01:29:51.566 [FXGL Background Thread 3 ] DEBUG Engine               - isProfilingEnabled: false
01:29:51.566 [FXGL Background Thread 3 ] DEBUG Engine               - isScaleAffectedOnResize: true
01:29:51.566 [FXGL Background Thread 3 ] DEBUG Engine               - isSingleStep: false
01:29:51.566 [FXGL Background Thread 3 ] DEBUG Engine               - isUserProfileEnabled: false
01:29:51.566 [FXGL Background Thread 3 ] DEBUG Engine               - isWindows: true
01:29:51.566 [FXGL Background Thread 3 ] DEBUG Engine               - language: ObjectProperty [value: ENGLISH]
01:29:51.566 [FXGL Background Thread 3 ] DEBUG Engine               - menuKey: ESCAPE
01:29:51.566 [FXGL Background Thread 3 ] DEBUG Engine               - mouseSensitivity: 0.2
01:29:51.566 [FXGL Background Thread 3 ] DEBUG Engine               - notificationViewClass: class com.almasb.fxgl.notification.view.XboxNotificationView
01:29:51.567 [FXGL Background Thread 3 ] DEBUG Engine               - pixelsPerMeter: 50.0
01:29:51.567 [FXGL Background Thread 3 ] DEBUG Engine               - platform: WINDOWS
01:29:51.567 [FXGL Background Thread 3 ] DEBUG Engine               - prefHeightProperty: ReadOnlyDoubleProperty [value: 600.0]
01:29:51.567 [FXGL Background Thread 3 ] DEBUG Engine               - prefWidthProperty: ReadOnlyDoubleProperty [value: 800.0]
01:29:51.567 [FXGL Background Thread 3 ] DEBUG Engine               - profileDir: profiles/
01:29:51.567 [FXGL Background Thread 3 ] DEBUG Engine               - profileName: StringProperty [value: DEFAULT]
01:29:51.567 [FXGL Background Thread 3 ] DEBUG Engine               - randomSeed: -1
01:29:51.570 [FXGL Background Thread 3 ] DEBUG Engine               - runtimeInfo: RuntimeInfo(platform=WINDOWS, version=21.1, build=26.03.2024 17.33)
01:29:51.570 [FXGL Background Thread 3 ] DEBUG Engine               - saveFileExt: sav
01:29:51.570 [FXGL Background Thread 3 ] DEBUG Engine               - scaledHeightProp$fxgl: DoubleProperty [bound, value: 600.0]
01:29:51.572 [FXGL Background Thread 3 ] DEBUG Engine               - scaledWidthProp$fxgl: DoubleProperty [bound, value: 800.0]
01:29:51.572 [FXGL Background Thread 3 ] DEBUG Engine               - sceneFactory: com.almasb.fxgl.app.scene.SceneFactory@64e6b2d1
01:29:51.572 [FXGL Background Thread 3 ] DEBUG Engine               - secondsIn24h: 60
01:29:51.572 [FXGL Background Thread 3 ] DEBUG Engine               - soundMenuBack: menu/back.wav
01:29:51.572 [FXGL Background Thread 3 ] DEBUG Engine               - soundMenuPress: menu/press.wav
01:29:51.572 [FXGL Background Thread 3 ] DEBUG Engine               - soundMenuSelect: menu/select.wav
01:29:51.573 [FXGL Background Thread 3 ] DEBUG Engine               - soundNotification: core/notification.wav
01:29:51.573 [FXGL Background Thread 3 ] DEBUG Engine               - stageStyle: DECORATED
01:29:51.573 [FXGL Background Thread 3 ] DEBUG Engine               - supportedLanguages: [ENGLISH, FRENCH, GERMAN, HUNGARIAN, RUSSIAN]
01:29:51.573 [FXGL Background Thread 3 ] DEBUG Engine               - ticksPerSecond: -1
01:29:51.573 [FXGL Background Thread 3 ] DEBUG Engine               - title: Among Us UNEG
01:29:51.573 [FXGL Background Thread 3 ] DEBUG Engine               - urlGithub: https://github.com/AlmasB/FXGL
01:29:51.573 [FXGL Background Thread 3 ] DEBUG Engine               - urlLeaderboard: http://fxgl-top.herokuapp.com/
01:29:51.573 [FXGL Background Thread 3 ] DEBUG Engine               - urlPOM: https://raw.githubusercontent.com/AlmasB/FXGL/release/README.md
01:29:51.573 [FXGL Background Thread 3 ] DEBUG Engine               - userAppClass: class main.java.amongUs.AppPrincipal
01:29:51.573 [FXGL Background Thread 3 ] DEBUG Engine               - version: 0.0
01:29:51.573 [FXGL Background Thread 3 ] DEBUG Engine               - versionCheckDays: 7
01:29:51.573 [FXGL Background Thread 3 ] DEBUG Engine               - width: 800
01:29:51.573 [FXGL Background Thread 3 ] DEBUG Engine               - Logging services
01:29:51.573 [FXGL Background Thread 3 ] DEBUG Engine               - class com.almasb.fxgl.app.services.FXGLAssetLoaderService
01:29:51.573 [FXGL Background Thread 3 ] DEBUG Engine               - class com.almasb.fxgl.app.FXGLApplication$GameApplicationService
01:29:51.581 [FXGL Background Thread 3 ] DEBUG Engine               - class com.almasb.fxgl.app.services.FXGLDialogService
01:29:51.581 [FXGL Background Thread 3 ] DEBUG Engine               - class com.almasb.fxgl.app.services.IOTaskExecutorService
01:29:51.581 [FXGL Background Thread 3 ] DEBUG Engine               - class com.almasb.fxgl.io.FileSystemService
01:29:51.581 [FXGL Background Thread 3 ] DEBUG Engine               - class com.almasb.fxgl.localization.LocalizationService
01:29:51.581 [FXGL Background Thread 3 ] DEBUG Engine               - class com.almasb.fxgl.app.services.SystemBundleService
01:29:51.581 [FXGL Background Thread 3 ] DEBUG Engine               - class com.almasb.fxgl.profile.SaveLoadService
01:29:51.581 [FXGL Background Thread 3 ] DEBUG Engine               - class com.almasb.fxgl.ui.FXGLUIFactoryServiceProvider
01:29:51.581 [FXGL Background Thread 3 ] DEBUG Engine               - class com.almasb.fxgl.ui.FXGLDialogFactoryServiceProvider
01:29:51.581 [FXGL Background Thread 3 ] DEBUG Engine               - class com.almasb.fxgl.audio.AudioPlayer
01:29:51.581 [FXGL Background Thread 3 ] DEBUG Engine               - class com.almasb.fxgl.notification.impl.NotificationServiceProvider
01:29:51.581 [FXGL Background Thread 3 ] DEBUG Engine               - class com.almasb.fxgl.achievement.AchievementService
01:29:51.581 [FXGL Background Thread 3 ] DEBUG Engine               - class com.almasb.fxgl.cutscene.CutsceneService
01:29:51.581 [FXGL Background Thread 3 ] DEBUG Engine               - class com.almasb.fxgl.minigames.MiniGameService
01:29:51.581 [FXGL Background Thread 3 ] DEBUG Engine               - class com.almasb.fxgl.net.NetService
01:29:51.581 [FXGL Background Thread 3 ] DEBUG Engine               - class com.almasb.fxgl.app.services.UpdaterService
01:29:51.581 [FXGL Background Thread 3 ] DEBUG Engine               - class com.almasb.fxgl.dev.DevService
01:29:51.716 [FXGL Background Thread 1 ] INFO  FXGLApplication      - Game initialization took: 3,952 sec
01:29:52.114 [FXGL Background Thread 2 ] INFO  UpdaterService       - Your current version:  21.1
01:29:52.114 [FXGL Background Thread 2 ] INFO  UpdaterService       - Latest stable version: 25
01:29:52.603 [JavaFX Application Thread] DEBUG FXGLApplication      - Registering font factories with UI factory
01:29:52.654 [JavaFX Application Thread] DEBUG Input                - Clearing active input actions
01:29:52.726 [JavaFX Application Thread] DEBUG GameApplicationServi - Removing overlay from FXGLLoadingScene and adding to GameScene
01:29:52.726 [JavaFX Application Thread] DEBUG PrimaryStageWindow   - FXGLLoadingScene -> GameScene
01:30:02.222 [JavaFX Application Thread] DEBUG FXGLAssetLoaderServi - Loading from file system: file:/C:/Users/josue/OneDrive/Desktop/proyecto%20java/Among%20Us/out/production/Among%20Us/assets/sounds/clickBoton.wav
01:30:14.721 [JavaFX Application Thread] DEBUG FXGLAssetLoaderServi - Loading from file system: file:/C:/Users/josue/OneDrive/Desktop/proyecto%20java/Among%20Us/out/production/Among%20Us/assets/textures/tripulante_negro.png
01:30:16.414 [JavaFX Application Thread] DEBUG FXGLAssetLoaderServi - Loading from file system: file:/C:/Users/josue/OneDrive/Desktop/proyecto%20java/Among%20Us/out/production/Among%20Us/assets/textures/tripulante_rosa.png
01:30:18.068 [JavaFX Application Thread] WARN  TMXLevelLoader       - TiledMap generated from 1.11.2. Supported version: 1.9.0. Some features may not be parsed fully.
01:30:18.887 [JavaFX Application Thread] DEBUG TMXLevelLoader       - Parsed TiledMap: file:/C:/Users/josue/OneDrive/Desktop/proyecto%20java/Among%20Us/out/production/Among%20Us/assets/levels/mapa2.tmx
01:30:18.889 [JavaFX Application Thread] DEBUG TMXLevelLoader       - Creating tile layer entities
01:30:18.892 [JavaFX Application Thread] DEBUG TilesetLoader        - Loading view for layer fondo1
01:30:18.895 [JavaFX Application Thread] DEBUG TilesetLoader        - Created buffer with size 992.0x960.0
01:30:19.144 [JavaFX Application Thread] DEBUG TilesetLoader        - Loading view for layer fondo
01:30:19.146 [JavaFX Application Thread] DEBUG TilesetLoader        - Created buffer with size 992.0x960.0
01:30:19.156 [JavaFX Application Thread] DEBUG TilesetLoader        - Loading view for layer piso
01:30:19.156 [JavaFX Application Thread] DEBUG TilesetLoader        - Created buffer with size 992.0x960.0
01:30:19.167 [JavaFX Application Thread] DEBUG TilesetLoader        - Loading view for layer piso1
01:30:19.171 [JavaFX Application Thread] DEBUG TilesetLoader        - Created buffer with size 992.0x960.0
01:30:19.250 [JavaFX Application Thread] DEBUG TilesetLoader        - Loading view for layer izquierda
01:30:19.251 [JavaFX Application Thread] DEBUG TilesetLoader        - Created buffer with size 992.0x960.0
01:30:19.257 [JavaFX Application Thread] DEBUG TilesetLoader        - Loading view for layer detallesatraspared
01:30:19.261 [JavaFX Application Thread] DEBUG TilesetLoader        - Created buffer with size 992.0x960.0
01:30:19.351 [JavaFX Application Thread] DEBUG TilesetLoader        - Loading view for layer pared2
01:30:19.351 [JavaFX Application Thread] DEBUG TilesetLoader        - Created buffer with size 992.0x960.0
01:30:19.385 [JavaFX Application Thread] DEBUG TilesetLoader        - Loading view for layer techo1
01:30:19.386 [JavaFX Application Thread] DEBUG TilesetLoader        - Created buffer with size 992.0x960.0
01:30:19.394 [JavaFX Application Thread] DEBUG TilesetLoader        - Loading view for layer techo2
01:30:19.394 [JavaFX Application Thread] DEBUG TilesetLoader        - Created buffer with size 992.0x960.0
01:30:19.401 [JavaFX Application Thread] DEBUG TilesetLoader        - Loading view for layer puertita
01:30:19.401 [JavaFX Application Thread] DEBUG TilesetLoader        - Created buffer with size 992.0x960.0
01:30:19.407 [JavaFX Application Thread] DEBUG TilesetLoader        - Loading view for layer puerta
01:30:19.407 [JavaFX Application Thread] DEBUG TilesetLoader        - Created buffer with size 992.0x960.0
01:30:19.413 [JavaFX Application Thread] DEBUG TilesetLoader        - Loading view for layer detalles
01:30:19.414 [JavaFX Application Thread] DEBUG TilesetLoader        - Created buffer with size 992.0x960.0
01:30:19.494 [JavaFX Application Thread] DEBUG TilesetLoader        - Loading view for layer detalles 2
01:30:19.495 [JavaFX Application Thread] DEBUG TilesetLoader        - Created buffer with size 992.0x960.0
01:30:19.529 [JavaFX Application Thread] DEBUG TilesetLoader        - Loading view for layer detalles3
01:30:19.530 [JavaFX Application Thread] DEBUG TilesetLoader        - Created buffer with size 992.0x960.0
01:30:19.615 [JavaFX Application Thread] DEBUG TilesetLoader        - Loading view for layer grieta
01:30:19.617 [JavaFX Application Thread] DEBUG TilesetLoader        - Created buffer with size 992.0x960.0
01:30:19.892 [JavaFX Application Thread] DEBUG TilesetLoader        - Loading view for layer camaras
01:30:19.893 [JavaFX Application Thread] DEBUG TilesetLoader        - Created buffer with size 992.0x960.0
01:30:19.896 [JavaFX Application Thread] DEBUG TilesetLoader        - Loading view for layer Techo
01:30:19.898 [JavaFX Application Thread] DEBUG TilesetLoader        - Created buffer with size 992.0x960.0
01:30:19.902 [JavaFX Application Thread] DEBUG TMXLevelLoader       - Creating object layer entities
01:30:20.081 [JavaFX Application Thread] DEBUG GameWorld            - Clearing removable entities
01:30:20.082 [JavaFX Application Thread] DEBUG GameWorld            - Setting level: com.almasb.fxgl.entity.level.Level@f0add38
01:30:20.120 [JavaFX Application Thread] DEBUG FXGLAssetLoaderServi - Loading from file system: file:/C:/Users/josue/OneDrive/Desktop/proyecto%20java/Among%20Us/out/production/Among%20Us/assets/textures/fantasma.png
01:30:20.123 [JavaFX Application Thread] DEBUG FXGLAssetLoaderServi - Loading from file system: file:/C:/Users/josue/OneDrive/Desktop/proyecto%20java/Among%20Us/out/production/Among%20Us/assets/textures/negro_muerto.png
01:30:20.125 [JavaFX Application Thread] DEBUG FXGLAssetLoaderServi - Loading from file system: file:/C:/Users/josue/OneDrive/Desktop/proyecto%20java/Among%20Us/out/production/Among%20Us/assets/textures/animacion_negro.png
01:30:20.129 [JavaFX Application Thread] DEBUG FXGLAssetLoaderServi - Loading from file system: file:/C:/Users/josue/OneDrive/Desktop/proyecto%20java/Among%20Us/out/production/Among%20Us/assets/textures/alcantarilla_negro.png
01:30:20.130 [JavaFX Application Thread] DEBUG FXGLAssetLoaderServi - Loading from file system: file:/C:/Users/josue/OneDrive/Desktop/proyecto%20java/Among%20Us/out/production/Among%20Us/assets/textures/alcantarilla_negroE.png
01:30:20.148 [JavaFX Application Thread] DEBUG FXGLAssetLoaderServi - Loading from file system: file:/C:/Users/josue/OneDrive/Desktop/proyecto%20java/Among%20Us/out/production/Among%20Us/assets/textures/rosa_muerto.png
01:30:20.150 [JavaFX Application Thread] DEBUG FXGLAssetLoaderServi - Loading from file system: file:/C:/Users/josue/OneDrive/Desktop/proyecto%20java/Among%20Us/out/production/Among%20Us/assets/textures/animacion_rosa.png
01:30:20.151 [JavaFX Application Thread] DEBUG FXGLAssetLoaderServi - Loading from file system: file:/C:/Users/josue/OneDrive/Desktop/proyecto%20java/Among%20Us/out/production/Among%20Us/assets/textures/alcantarilla_rosa.png
01:30:20.152 [JavaFX Application Thread] DEBUG FXGLAssetLoaderServi - Loading from file system: file:/C:/Users/josue/OneDrive/Desktop/proyecto%20java/Among%20Us/out/production/Among%20Us/assets/textures/alcantarilla_rosaE.png
01:30:20.155 [JavaFX Application Thread] DEBUG FXGLAssetLoaderServi - Loading from file system: file:/C:/Users/josue/OneDrive/Desktop/proyecto%20java/Among%20Us/out/production/Among%20Us/assets/textures/accionNegada.png
01:30:20.162 [JavaFX Application Thread] DEBUG FXGLAssetLoaderServi - Loading from file system: file:/C:/Users/josue/OneDrive/Desktop/proyecto%20java/Among%20Us/out/production/Among%20Us/assets/textures/pantalla_tripulante.png
01:32:00.600 [JavaFX Application Thread] DEBUG FXGLApplication      - Exiting FXGL
01:32:00.601 [JavaFX Application Thread] DEBUG LoopRunner           - Stopping loop
01:32:00.601 [JavaFX Application Thread] DEBUG SystemBundleService  - Saving FXGL system data
01:32:00.607 [JavaFX Application Thread] DEBUG FileSystemAccess     - Writing to: C:\Users\josue\OneDrive\Desktop\proyecto java\Among Us\system\fxgl.bundle
01:32:00.610 [JavaFX Application Thread] DEBUG Async                - Shutting down background threads
01:32:00.611 [JavaFX Application Thread] DEBUG PrimaryStageWindow   - Closing main window
01:32:00.734 [JavaFX Application Thread] DEBUG Logger               - Closing Logger
