00:41:50.538 [main                     ] DEBUG Logger               - Configured Logger
00:41:50.547 [main                     ] DEBUG GameApplication      - Logging settings
Title: Among Us UNEG
Version: 0.0
Width: 800
Height: 600
Fullscreen: false
Intro: false
Profiling: false
Single step:false
App Mode: DEVELOPER
Menu Key: ESCAPE
Stage Style: DECORATED
Scene Factory: class com.almasb.fxgl.app.scene.SceneFactory

00:41:51.156 [JavaFX Application Thread] DEBUG FXGLApplication      - Initializing FXGL
00:41:51.157 [JavaFX Application Thread] INFO  Engine               - FXGL-21.1 (26.03.2024 17.33) on WINDOWS (J:25.0.2 FX:21.0.1)
00:41:51.157 [JavaFX Application Thread] DEBUG Engine               - JRE Vendor Name: Oracle Corporation
00:41:51.157 [JavaFX Application Thread] DEBUG Engine               - Running on OS: Windows 11 version 10.0
00:41:51.158 [JavaFX Application Thread] DEBUG Engine               - Architecture: amd64
00:41:51.158 [JavaFX Application Thread] INFO  Engine               - Source code and latest versions at: https://github.com/AlmasB/FXGL
00:41:51.158 [JavaFX Application Thread] INFO  Engine               -       Ask questions and discuss at: https://github.com/AlmasB/FXGL/discussions
00:41:51.158 [JavaFX Application Thread] INFO  Engine               -              Join the FXGL chat at: https://gitter.im/AlmasB/FXGL
00:41:51.268 [JavaFX Application Thread] DEBUG PrimaryStageWindow   - Creating a JavaFX scene
00:41:51.334 [JavaFX Application Thread] DEBUG PrimaryStageWindow   - Target settings size: 800.0 x 600.0
00:41:51.334 [JavaFX Application Thread] DEBUG PrimaryStageWindow   - Scaled scene size:    800.0 x 600.0
00:41:51.334 [JavaFX Application Thread] DEBUG PrimaryStageWindow   - Scaled ratio: (1.0, 1.0)
00:41:51.335 [JavaFX Application Thread] DEBUG PrimaryStageWindow   - Set initial scene to FXGLStartupScene
00:41:51.338 [JavaFX Application Thread] DEBUG PrimaryStageWindow   - Opening main window
00:41:51.444 [JavaFX Application Thread] DEBUG PrimaryStageWindow   - Window border size: (16.0, 39.0)
00:41:51.444 [JavaFX Application Thread] DEBUG PrimaryStageWindow   - Scaled size: 800.0 x 600.0
00:41:51.445 [JavaFX Application Thread] DEBUG PrimaryStageWindow   - Scaled ratio: (1.0, 1.0)
00:41:51.445 [JavaFX Application Thread] DEBUG PrimaryStageWindow   - Scene size: 800.0 x 600.0
00:41:51.445 [JavaFX Application Thread] DEBUG PrimaryStageWindow   - Stage size: 816.0 x 639.0
00:41:51.455 [FXGL Background Thread 1 ] DEBUG Engine               - Initializing environment variables
00:41:51.511 [FXGL Background Thread 1 ] DEBUG FXGLAssetLoaderServi - User app class for loading assets: class main.java.amongUs.AppPrincipal
00:41:51.511 [FXGL Background Thread 1 ] DEBUG GameApplicationServi - Applying CSS: fxgl_dark.css
00:41:51.512 [FXGL Background Thread 1 ] DEBUG FXGLAssetLoaderServi - Loading from file system: jar:file:/C:/Users/Angel%20Aguilera/Desktop/amongus/Among-us/lib/fxgl-21.1-uber.jar!/fxglassets/ui/css/fxgl_dark.css
00:41:51.548 [FXGL Background Thread 1 ] DEBUG GameApplicationServi - Initializing application scenes
00:41:51.583 [FXGL Background Thread 1 ] DEBUG GameWorld            - Game world initialized
00:41:51.635 [FXGL Background Thread 1 ] DEBUG PhysicsWorld         - Physics world initialized: appHeight=600, physics.ppm=50,0
00:41:51.636 [FXGL Background Thread 1 ] DEBUG PhysicsWorld         - Using strategy: BRUTE_FORCE
00:41:51.639 [FXGL Background Thread 1 ] DEBUG GameScene            - Game scene initialized: 800x600
00:41:51.652 [FXGL Background Thread 1 ] DEBUG FXGL.DefaultMenu     - createMenuBodyGameMenu()
00:41:51.671 [FXGL Background Thread 1 ] DEBUG FXGL.DefaultMenu     - createOptionsMenu()
00:41:51.680 [FXGL Background Thread 1 ] DEBUG FXGLAssetLoaderServi - Loading from file system: jar:file:/C:/Users/Angel%20Aguilera/Desktop/amongus/Among-us/lib/fxgl-21.1-uber.jar!/fxglassets/textures/particles/smoke.png
00:41:51.761 [FXGL Background Thread 1 ] DEBUG FXGLAssetLoaderServi - Loading from file system: jar:file:/C:/Users/Angel%20Aguilera/Desktop/amongus/Among-us/lib/fxgl-21.1-uber.jar!/fxglassets/textures/particles/trace_horizontal.png
00:41:51.787 [FXGL Background Thread 1 ] DEBUG GameApplicationServi - Application scenes initialized
00:41:51.797 [FXGL Background Thread 1 ] DEBUG SystemBundleService  - Loading FXGL system data
00:41:51.801 [FXGL Background Thread 1 ] DEBUG FileSystemAccess     - Reading from: C:\Users\Angel Aguilera\Desktop\amongus\Among-us\system\fxgl.bundle
00:41:51.809 [FXGL Background Thread 1 ] DEBUG SystemBundleService  - Bundle FXGL: {}
00:41:51.809 [FXGL Background Thread 1 ] DEBUG UpdaterService       - Checking for updates
00:41:51.812 [FXGL Background Thread 4 ] DEBUG FXGLApplication      - Loading fonts
00:41:51.813 [FXGL Background Thread 4 ] DEBUG FXGLAssetLoaderServi - Loading from file system: jar:file:/C:/Users/Angel%20Aguilera/Desktop/amongus/Among-us/lib/fxgl-21.1-uber.jar!/fxglassets/ui/fonts/VarelaRound-Regular.ttf
00:41:51.813 [FXGL Background Thread 1 ] DEBUG FXGLApplication      - Loading default localization
00:41:51.813 [FXGL Background Thread 1 ] DEBUG FXGLAssetLoaderServi - Loading from file system: jar:file:/C:/Users/Angel%20Aguilera/Desktop/amongus/Among-us/lib/fxgl-21.1-uber.jar!/fxglassets/languages/english.lang
00:41:51.829 [FXGL Background Thread 1 ] INFO  FXGLApplication      - FXGL initialization took: 0,374 sec
00:41:51.839 [JavaFX Application Thread] DEBUG Input                - Registered new binding: Mover Arriba - W
00:41:51.839 [JavaFX Application Thread] DEBUG Input                - Registered new binding: Mover Abajo - S
00:41:51.840 [JavaFX Application Thread] DEBUG Input                - Registered new binding: Mover Izquierda - A
00:41:51.840 [JavaFX Application Thread] DEBUG Input                - Registered new binding: Mover Derecha - D
00:41:51.840 [JavaFX Application Thread] DEBUG Input                - Registered new binding: Abrir Camaras - C
00:41:51.840 [JavaFX Application Thread] DEBUG Input                - Registered new binding: Usar Alcantarilla - Space
00:41:51.840 [JavaFX Application Thread] DEBUG Input                - Registered new binding: Vent Izquierda - Left
00:41:51.840 [JavaFX Application Thread] DEBUG Input                - Registered new binding: Vent Derecha - Right
00:41:51.840 [JavaFX Application Thread] DEBUG Input                - Registered new binding: Vent Arriba - Up
00:41:51.840 [JavaFX Application Thread] DEBUG Input                - Registered new binding: Vent Abajo - Down
00:41:51.841 [JavaFX Application Thread] DEBUG Input                - Registered new binding: Matar Jugador - Q
00:41:51.841 [JavaFX Application Thread] DEBUG Input                - Registered new binding: Reportar Cadaver - R
00:41:51.841 [JavaFX Application Thread] DEBUG FXGLAssetLoaderServi - Loading from file system: file:/C:/Users/Angel%20Aguilera/Desktop/amongus/Among-us/out/production/Among%20Us/assets/textures/icono.png
00:41:51.851 [FXGL Background Thread 4 ] DEBUG FXGLAssetLoaderServi - Loading from file system: jar:file:/C:/Users/Angel%20Aguilera/Desktop/amongus/Among-us/lib/fxgl-21.1-uber.jar!/fxglassets/ui/fonts/Abel-Regular.ttf
00:41:51.864 [FXGL Background Thread 4 ] DEBUG FXGLAssetLoaderServi - Loading from file system: jar:file:/C:/Users/Angel%20Aguilera/Desktop/amongus/Among-us/lib/fxgl-21.1-uber.jar!/fxglassets/ui/fonts/TerminalLandMono-Regular.otf
00:41:51.866 [JavaFX Application Thread] DEBUG FXGLAssetLoaderServi - Loading from file system: jar:file:/C:/Users/Angel%20Aguilera/Desktop/amongus/Among-us/lib/fxgl-21.1-uber.jar!/fxglassets/textures/fxgl_default_cursor.png
00:41:51.869 [JavaFX Application Thread] DEBUG Input                - Registered new binding: Screenshot - CTRL+8
00:41:51.869 [JavaFX Application Thread] DEBUG Input                - Registered new binding: System info dump - CTRL+9
00:41:51.869 [JavaFX Application Thread] DEBUG Input                - Registered new binding: Restart - CTRL+R
00:41:51.870 [JavaFX Application Thread] DEBUG Input                - Registered new binding: Toggle Debug Camera - CTRL+7
00:41:51.873 [JavaFX Application Thread] DEBUG LoopRunner           - Starting loop
00:41:51.873 [JavaFX Application Thread] DEBUG LoopRunner           - Initializing JavaFX AnimationTimerLoop
00:41:51.874 [JavaFX Application Thread] DEBUG GameApplicationServi - Starting new game
00:41:51.875 [JavaFX Application Thread] DEBUG Input                - Clearing active input actions
00:41:51.878 [FXGL Background Thread 4 ] DEBUG FXGLAssetLoaderServi - Loading from file system: jar:file:/C:/Users/Angel%20Aguilera/Desktop/amongus/Among-us/lib/fxgl-21.1-uber.jar!/fxglassets/ui/fonts/Courier-Prime.ttf
00:41:51.887 [JavaFX Application Thread] DEBUG GameApplicationServi - Removing overlay from FXGLStartupScene and adding to FXGLLoadingScene
00:41:51.887 [JavaFX Application Thread] DEBUG PrimaryStageWindow   - FXGLStartupScene -> FXGLLoadingScene
00:41:51.887 [JavaFX Application Thread] DEBUG GameApplicationServi - Clearing previous game
00:41:51.887 [JavaFX Application Thread] DEBUG GameScene            - Clearing game scene
00:41:51.887 [JavaFX Application Thread] DEBUG GameWorld            - Clearing game world
00:41:51.887 [JavaFX Application Thread] DEBUG PhysicsWorld         - Clearing physics world
00:41:51.889 [FXGL Background Thread 1 ] DEBUG FXGLApplication      - Initializing game
00:41:51.896 [FXGL Background Thread 1 ] DEBUG FXGLAssetLoaderServi - Loading from file system: file:/C:/Users/Angel%20Aguilera/Desktop/amongus/Among-us/out/production/Among%20Us/assets/music/musicaMenu.mp3
00:41:51.932 [JavaFX Application Thread] DEBUG FXGLApplication      - Registering font factories with UI factory
00:41:52.172 [FXGL Background Thread 1 ] DEBUG AudioPlayer          - Playing music com.almasb.fxgl.audio.Music@7fa813f7
00:41:52.604 [FXGL Background Thread 2 ] INFO  UpdaterService       - Your current version:  21.1
00:41:52.604 [FXGL Background Thread 2 ] INFO  UpdaterService       - Latest stable version: 25
00:41:52.644 [FXGL Background Thread 1 ] INFO  FXGLApplication      - Game initialization took: 0,755 sec
00:41:52.645 [JavaFX Application Thread] DEBUG Input                - Clearing active input actions
00:41:52.651 [JavaFX Application Thread] DEBUG GameApplicationServi - Removing overlay from FXGLLoadingScene and adding to GameScene
00:41:52.653 [JavaFX Application Thread] DEBUG PrimaryStageWindow   - FXGLLoadingScene -> GameScene
00:41:53.978 [JavaFX Application Thread] DEBUG FXGLAssetLoaderServi - Loading from file system: file:/C:/Users/Angel%20Aguilera/Desktop/amongus/Among-us/out/production/Among%20Us/assets/sounds/clickBoton.wav
00:41:54.811 [FXGL Background Thread 3 ] DEBUG Engine               - Logging environment variables
00:41:54.811 [FXGL Background Thread 3 ] DEBUG Engine               - achievements: []
00:41:54.811 [FXGL Background Thread 3 ] DEBUG Engine               - actualHeight: 600.0
00:41:54.811 [FXGL Background Thread 3 ] DEBUG Engine               - actualHeightProperty: ReadOnlyDoubleProperty [value: 600.0]
00:41:54.811 [FXGL Background Thread 3 ] DEBUG Engine               - actualWidth: 800.0
00:41:54.811 [FXGL Background Thread 3 ] DEBUG Engine               - actualWidthProperty: ReadOnlyDoubleProperty [value: 800.0]
00:41:54.811 [FXGL Background Thread 3 ] DEBUG Engine               - appIcon: icono.png
00:41:54.811 [FXGL Background Thread 3 ] DEBUG Engine               - applicationMode: DEVELOPER
00:41:54.811 [FXGL Background Thread 3 ] DEBUG Engine               - cSSList: [fxgl_dark.css]
00:41:54.811 [FXGL Background Thread 3 ] DEBUG Engine               - collisionDetectionStrategy: BRUTE_FORCE
00:41:54.811 [FXGL Background Thread 3 ] DEBUG Engine               - configClass: Optional.empty
00:41:54.811 [FXGL Background Thread 3 ] DEBUG Engine               - credits: []
00:41:54.811 [FXGL Background Thread 3 ] DEBUG Engine               - defaultCursor: CursorInfo(imageName=fxgl_default_cursor.png, hotspotX=7.0, hotspotY=6.0)
00:41:54.811 [FXGL Background Thread 3 ] DEBUG Engine               - devBBoxColorProperty: ObjectProperty [value: 0xff0000ff]
00:41:54.813 [FXGL Background Thread 3 ] DEBUG Engine               - devEnableDebugCameraProperty: BooleanProperty [value: false]
00:41:54.813 [FXGL Background Thread 3 ] DEBUG Engine               - devSensorColorProperty: ObjectProperty [value: 0xffff00ff]
00:41:54.813 [FXGL Background Thread 3 ] DEBUG Engine               - devShowBBoxProperty: BooleanProperty [value: false]
00:41:54.813 [FXGL Background Thread 3 ] DEBUG Engine               - devShowPositionProperty: BooleanProperty [value: false]
00:41:54.813 [FXGL Background Thread 3 ] DEBUG Engine               - enabledMenuItems: []
00:41:54.813 [FXGL Background Thread 3 ] DEBUG Engine               - engineServices: [class com.almasb.fxgl.app.services.FXGLAssetLoaderService, class com.almasb.fxgl.app.FXGLApplication$GameApplicationService, class com.almasb.fxgl.app.services.FXGLDialogService, class com.almasb.fxgl.app.services.IOTaskExecutorService, class com.almasb.fxgl.io.FileSystemService, class com.almasb.fxgl.localization.LocalizationService, class com.almasb.fxgl.app.services.SystemBundleService, class com.almasb.fxgl.profile.SaveLoadService, class com.almasb.fxgl.ui.FXGLUIFactoryServiceProvider, class com.almasb.fxgl.ui.FXGLDialogFactoryServiceProvider, class com.almasb.fxgl.audio.AudioPlayer, class com.almasb.fxgl.notification.impl.NotificationServiceProvider, class com.almasb.fxgl.achievement.AchievementService, class com.almasb.fxgl.cutscene.CutsceneService, class com.almasb.fxgl.minigames.MiniGameService, class com.almasb.fxgl.net.NetService, class com.almasb.fxgl.app.services.UpdaterService, class com.almasb.fxgl.dev.DevService]
00:41:54.813 [FXGL Background Thread 3 ] DEBUG Engine               - fontGame: Abel-Regular.ttf
00:41:54.813 [FXGL Background Thread 3 ] DEBUG Engine               - fontMono: TerminalLandMono-Regular.otf
00:41:54.813 [FXGL Background Thread 3 ] DEBUG Engine               - fontSizeScaleUI: 1.0
00:41:54.813 [FXGL Background Thread 3 ] DEBUG Engine               - fontText: Courier-Prime.ttf
00:41:54.813 [FXGL Background Thread 3 ] DEBUG Engine               - fontUI: VarelaRound-Regular.ttf
00:41:54.813 [FXGL Background Thread 3 ] DEBUG Engine               - fullScreen: BooleanProperty [value: false]
00:41:54.813 [FXGL Background Thread 3 ] DEBUG Engine               - gameDifficulty: MEDIUM
00:41:54.813 [FXGL Background Thread 3 ] DEBUG Engine               - gameDifficultyProperty: ObjectProperty [value: MEDIUM]
00:41:54.813 [FXGL Background Thread 3 ] DEBUG Engine               - globalMusicVolume: 0.5
00:41:54.813 [FXGL Background Thread 3 ] DEBUG Engine               - globalMusicVolumeProperty: DoubleProperty [value: 0.4]
00:41:54.813 [FXGL Background Thread 3 ] DEBUG Engine               - globalSoundVolume: 0.5
00:41:54.813 [FXGL Background Thread 3 ] DEBUG Engine               - globalSoundVolumeProperty: DoubleProperty [value: 0.5]
00:41:54.813 [FXGL Background Thread 3 ] DEBUG Engine               - height: 600
00:41:54.813 [FXGL Background Thread 3 ] DEBUG Engine               - is3D: false
00:41:54.813 [FXGL Background Thread 3 ] DEBUG Engine               - isAndroid: false
00:41:54.813 [FXGL Background Thread 3 ] DEBUG Engine               - isBrowser: false
00:41:54.813 [FXGL Background Thread 3 ] DEBUG Engine               - isClickFeedbackEnabled: false
00:41:54.813 [FXGL Background Thread 3 ] DEBUG Engine               - isCloseConfirmation: false
00:41:54.813 [FXGL Background Thread 3 ] DEBUG Engine               - isDesktop: true
00:41:54.814 [FXGL Background Thread 3 ] DEBUG Engine               - isDeveloperMenuEnabled: false
00:41:54.814 [FXGL Background Thread 3 ] DEBUG Engine               - isEmbedded: false
00:41:54.814 [FXGL Background Thread 3 ] DEBUG Engine               - isEntityPreloadEnabled: true
00:41:54.814 [FXGL Background Thread 3 ] DEBUG Engine               - isExperimentalTiledLargeMap: false
00:41:54.814 [FXGL Background Thread 3 ] DEBUG Engine               - isFileSystemWriteAllowed: true
00:41:54.814 [FXGL Background Thread 3 ] DEBUG Engine               - isFullScreenAllowed: false
00:41:54.814 [FXGL Background Thread 3 ] DEBUG Engine               - isFullScreenFromStart: false
00:41:54.814 [FXGL Background Thread 3 ] DEBUG Engine               - isGameMenuEnabled: true
00:41:54.814 [FXGL Background Thread 3 ] DEBUG Engine               - isIOS: false
00:41:54.814 [FXGL Background Thread 3 ] DEBUG Engine               - isIntroEnabled: false
00:41:54.814 [FXGL Background Thread 3 ] DEBUG Engine               - isLinux: false
00:41:54.814 [FXGL Background Thread 3 ] DEBUG Engine               - isMac: false
00:41:54.814 [FXGL Background Thread 3 ] DEBUG Engine               - isMainMenuEnabled: false
00:41:54.814 [FXGL Background Thread 3 ] DEBUG Engine               - isManualResizeEnabled: false
00:41:54.814 [FXGL Background Thread 3 ] DEBUG Engine               - isMobile: false
00:41:54.814 [FXGL Background Thread 3 ] DEBUG Engine               - isNative: false
00:41:54.814 [FXGL Background Thread 3 ] DEBUG Engine               - isPauseMusicWhenMinimized: true
00:41:54.814 [FXGL Background Thread 3 ] DEBUG Engine               - isPreserveResizeRatio: false
00:41:54.814 [FXGL Background Thread 3 ] DEBUG Engine               - isProfilingEnabled: false
00:41:54.814 [FXGL Background Thread 3 ] DEBUG Engine               - isScaleAffectedOnResize: true
00:41:54.814 [FXGL Background Thread 3 ] DEBUG Engine               - isSingleStep: false
00:41:54.814 [FXGL Background Thread 3 ] DEBUG Engine               - isUserProfileEnabled: false
00:41:54.814 [FXGL Background Thread 3 ] DEBUG Engine               - isWindows: true
00:41:54.814 [FXGL Background Thread 3 ] DEBUG Engine               - language: ObjectProperty [value: ENGLISH]
00:41:54.814 [FXGL Background Thread 3 ] DEBUG Engine               - menuKey: ESCAPE
00:41:54.814 [FXGL Background Thread 3 ] DEBUG Engine               - mouseSensitivity: 0.2
00:41:54.814 [FXGL Background Thread 3 ] DEBUG Engine               - notificationViewClass: class com.almasb.fxgl.notification.view.XboxNotificationView
00:41:54.814 [FXGL Background Thread 3 ] DEBUG Engine               - pixelsPerMeter: 50.0
00:41:54.814 [FXGL Background Thread 3 ] DEBUG Engine               - platform: WINDOWS
00:41:54.814 [FXGL Background Thread 3 ] DEBUG Engine               - prefHeightProperty: ReadOnlyDoubleProperty [value: 600.0]
00:41:54.815 [FXGL Background Thread 3 ] DEBUG Engine               - prefWidthProperty: ReadOnlyDoubleProperty [value: 800.0]
00:41:54.815 [FXGL Background Thread 3 ] DEBUG Engine               - profileDir: profiles/
00:41:54.815 [FXGL Background Thread 3 ] DEBUG Engine               - profileName: StringProperty [value: DEFAULT]
00:41:54.815 [FXGL Background Thread 3 ] DEBUG Engine               - randomSeed: -1
00:41:54.815 [FXGL Background Thread 3 ] DEBUG Engine               - runtimeInfo: RuntimeInfo(platform=WINDOWS, version=21.1, build=26.03.2024 17.33)
00:41:54.815 [FXGL Background Thread 3 ] DEBUG Engine               - saveFileExt: sav
00:41:54.815 [FXGL Background Thread 3 ] DEBUG Engine               - scaledHeightProp$fxgl: DoubleProperty [bound, value: 600.0]
00:41:54.815 [FXGL Background Thread 3 ] DEBUG Engine               - scaledWidthProp$fxgl: DoubleProperty [bound, value: 800.0]
00:41:54.815 [FXGL Background Thread 3 ] DEBUG Engine               - sceneFactory: com.almasb.fxgl.app.scene.SceneFactory@54b8dbf3
00:41:54.815 [FXGL Background Thread 3 ] DEBUG Engine               - secondsIn24h: 60
00:41:54.815 [FXGL Background Thread 3 ] DEBUG Engine               - soundMenuBack: menu/back.wav
00:41:54.815 [FXGL Background Thread 3 ] DEBUG Engine               - soundMenuPress: menu/press.wav
00:41:54.815 [FXGL Background Thread 3 ] DEBUG Engine               - soundMenuSelect: menu/select.wav
00:41:54.815 [FXGL Background Thread 3 ] DEBUG Engine               - soundNotification: core/notification.wav
00:41:54.815 [FXGL Background Thread 3 ] DEBUG Engine               - stageStyle: DECORATED
00:41:54.815 [FXGL Background Thread 3 ] DEBUG Engine               - supportedLanguages: [ENGLISH, FRENCH, GERMAN, HUNGARIAN, RUSSIAN]
00:41:54.815 [FXGL Background Thread 3 ] DEBUG Engine               - ticksPerSecond: -1
00:41:54.815 [FXGL Background Thread 3 ] DEBUG Engine               - title: Among Us UNEG
00:41:54.815 [FXGL Background Thread 3 ] DEBUG Engine               - urlGithub: https://github.com/AlmasB/FXGL
00:41:54.815 [FXGL Background Thread 3 ] DEBUG Engine               - urlLeaderboard: http://fxgl-top.herokuapp.com/
00:41:54.815 [FXGL Background Thread 3 ] DEBUG Engine               - urlPOM: https://raw.githubusercontent.com/AlmasB/FXGL/release/README.md
00:41:54.815 [FXGL Background Thread 3 ] DEBUG Engine               - userAppClass: class main.java.amongUs.AppPrincipal
00:41:54.815 [FXGL Background Thread 3 ] DEBUG Engine               - version: 0.0
00:41:54.815 [FXGL Background Thread 3 ] DEBUG Engine               - versionCheckDays: 7
00:41:54.815 [FXGL Background Thread 3 ] DEBUG Engine               - width: 800
00:41:54.815 [FXGL Background Thread 3 ] DEBUG Engine               - Logging services
00:41:54.816 [FXGL Background Thread 3 ] DEBUG Engine               - class com.almasb.fxgl.app.services.FXGLAssetLoaderService
00:41:54.816 [FXGL Background Thread 3 ] DEBUG Engine               - class com.almasb.fxgl.app.FXGLApplication$GameApplicationService
00:41:54.816 [FXGL Background Thread 3 ] DEBUG Engine               - class com.almasb.fxgl.app.services.FXGLDialogService
00:41:54.816 [FXGL Background Thread 3 ] DEBUG Engine               - class com.almasb.fxgl.app.services.IOTaskExecutorService
00:41:54.816 [FXGL Background Thread 3 ] DEBUG Engine               - class com.almasb.fxgl.io.FileSystemService
00:41:54.816 [FXGL Background Thread 3 ] DEBUG Engine               - class com.almasb.fxgl.localization.LocalizationService
00:41:54.816 [FXGL Background Thread 3 ] DEBUG Engine               - class com.almasb.fxgl.app.services.SystemBundleService
00:41:54.816 [FXGL Background Thread 3 ] DEBUG Engine               - class com.almasb.fxgl.profile.SaveLoadService
00:41:54.816 [FXGL Background Thread 3 ] DEBUG Engine               - class com.almasb.fxgl.ui.FXGLUIFactoryServiceProvider
00:41:54.816 [FXGL Background Thread 3 ] DEBUG Engine               - class com.almasb.fxgl.ui.FXGLDialogFactoryServiceProvider
00:41:54.816 [FXGL Background Thread 3 ] DEBUG Engine               - class com.almasb.fxgl.audio.AudioPlayer
00:41:54.816 [FXGL Background Thread 3 ] DEBUG Engine               - class com.almasb.fxgl.notification.impl.NotificationServiceProvider
00:41:54.816 [FXGL Background Thread 3 ] DEBUG Engine               - class com.almasb.fxgl.achievement.AchievementService
00:41:54.816 [FXGL Background Thread 3 ] DEBUG Engine               - class com.almasb.fxgl.cutscene.CutsceneService
00:41:54.816 [FXGL Background Thread 3 ] DEBUG Engine               - class com.almasb.fxgl.minigames.MiniGameService
00:41:54.816 [FXGL Background Thread 3 ] DEBUG Engine               - class com.almasb.fxgl.net.NetService
00:41:54.816 [FXGL Background Thread 3 ] DEBUG Engine               - class com.almasb.fxgl.app.services.UpdaterService
00:41:54.816 [FXGL Background Thread 3 ] DEBUG Engine               - class com.almasb.fxgl.dev.DevService
00:42:02.801 [JavaFX Application Thread] DEBUG FXGLApplication      - Exiting FXGL
00:42:02.801 [JavaFX Application Thread] DEBUG LoopRunner           - Stopping loop
00:42:02.801 [JavaFX Application Thread] DEBUG SystemBundleService  - Saving FXGL system data
00:42:02.803 [JavaFX Application Thread] DEBUG FileSystemAccess     - Writing to: C:\Users\Angel Aguilera\Desktop\amongus\Among-us\system\fxgl.bundle
00:42:02.806 [JavaFX Application Thread] DEBUG Async                - Shutting down background threads
00:42:02.806 [JavaFX Application Thread] DEBUG PrimaryStageWindow   - Closing main window
00:42:02.818 [JavaFX Application Thread] DEBUG Logger               - Closing Logger
