19:23:14.480 [main                     ] DEBUG Logger               - Configured Logger
19:23:14.502 [main                     ] DEBUG GameApplication      - Logging settings
Title: Among Us UNEG
Version: 0.0
Width: 800
Height: 600
Fullscreen: false
Intro: false
Profiling: false
Single step:false
App Mode: DEVELOPER
Menu Key: ESCAPE
Stage Style: DECORATED
Scene Factory: class com.almasb.fxgl.app.scene.SceneFactory

19:23:15.301 [JavaFX Application Thread] DEBUG FXGLApplication      - Initializing FXGL
19:23:15.308 [JavaFX Application Thread] INFO  Engine               - FXGL-21.1 (26.03.2024 17.33) on WINDOWS (J:25.0.2 FX:21.0.1)
19:23:15.308 [JavaFX Application Thread] DEBUG Engine               - JRE Vendor Name: Oracle Corporation
19:23:15.308 [JavaFX Application Thread] DEBUG Engine               - Running on OS: Windows 11 version 10.0
19:23:15.309 [JavaFX Application Thread] DEBUG Engine               - Architecture: amd64
19:23:15.309 [JavaFX Application Thread] INFO  Engine               - Source code and latest versions at: https://github.com/AlmasB/FXGL
19:23:15.309 [JavaFX Application Thread] INFO  Engine               -       Ask questions and discuss at: https://github.com/AlmasB/FXGL/discussions
19:23:15.309 [JavaFX Application Thread] INFO  Engine               -              Join the FXGL chat at: https://gitter.im/AlmasB/FXGL
19:23:15.485 [JavaFX Application Thread] DEBUG PrimaryStageWindow   - Creating a JavaFX scene
19:23:15.619 [JavaFX Application Thread] DEBUG PrimaryStageWindow   - Target settings size: 800.0 x 600.0
19:23:15.620 [JavaFX Application Thread] DEBUG PrimaryStageWindow   - Scaled scene size:    800.0 x 600.0
19:23:15.621 [JavaFX Application Thread] DEBUG PrimaryStageWindow   - Scaled ratio: (1.0, 1.0)
19:23:15.622 [JavaFX Application Thread] DEBUG PrimaryStageWindow   - Set initial scene to FXGLStartupScene
19:23:15.629 [JavaFX Application Thread] DEBUG PrimaryStageWindow   - Opening main window
19:23:15.801 [JavaFX Application Thread] DEBUG PrimaryStageWindow   - Window border size: (16.0, 39.0)
19:23:15.801 [JavaFX Application Thread] DEBUG PrimaryStageWindow   - Scaled size: 800.0 x 600.0
19:23:15.801 [JavaFX Application Thread] DEBUG PrimaryStageWindow   - Scaled ratio: (1.0, 1.0)
19:23:15.801 [JavaFX Application Thread] DEBUG PrimaryStageWindow   - Scene size: 800.0 x 600.0
19:23:15.801 [JavaFX Application Thread] DEBUG PrimaryStageWindow   - Stage size: 816.0 x 639.0
19:23:15.897 [FXGL Background Thread 1 ] DEBUG Engine               - Initializing environment variables
19:23:15.996 [FXGL Background Thread 1 ] DEBUG FXGLAssetLoaderServi - User app class for loading assets: class main.java.amongUs.AppPrincipal
19:23:15.996 [FXGL Background Thread 1 ] DEBUG GameApplicationServi - Applying CSS: fxgl_dark.css
19:23:15.997 [FXGL Background Thread 1 ] DEBUG FXGLAssetLoaderServi - Loading from file system: jar:file:/C:/Users/josue/OneDrive/Desktop/proyecto%20java/Among%20Us/lib/fxgl-21.1-uber.jar!/fxglassets/ui/css/fxgl_dark.css
19:23:16.100 [FXGL Background Thread 1 ] DEBUG GameApplicationServi - Initializing application scenes
19:23:16.348 [FXGL Background Thread 1 ] DEBUG GameWorld            - Game world initialized
19:23:16.427 [FXGL Background Thread 1 ] DEBUG PhysicsWorld         - Physics world initialized: appHeight=600, physics.ppm=50,0
19:23:16.428 [FXGL Background Thread 1 ] DEBUG PhysicsWorld         - Using strategy: BRUTE_FORCE
19:23:16.433 [FXGL Background Thread 1 ] DEBUG GameScene            - Game scene initialized: 800x600
19:23:16.453 [FXGL Background Thread 1 ] DEBUG FXGL.DefaultMenu     - createMenuBodyGameMenu()
19:23:16.476 [FXGL Background Thread 1 ] DEBUG FXGL.DefaultMenu     - createOptionsMenu()
19:23:16.497 [FXGL Background Thread 1 ] DEBUG FXGLAssetLoaderServi - Loading from file system: jar:file:/C:/Users/josue/OneDrive/Desktop/proyecto%20java/Among%20Us/lib/fxgl-21.1-uber.jar!/fxglassets/textures/particles/smoke.png
19:23:16.709 [FXGL Background Thread 1 ] DEBUG FXGLAssetLoaderServi - Loading from file system: jar:file:/C:/Users/josue/OneDrive/Desktop/proyecto%20java/Among%20Us/lib/fxgl-21.1-uber.jar!/fxglassets/textures/particles/trace_horizontal.png
19:23:16.782 [FXGL Background Thread 1 ] DEBUG GameApplicationServi - Application scenes initialized
19:23:16.808 [FXGL Background Thread 1 ] DEBUG SystemBundleService  - Loading FXGL system data
19:23:16.813 [FXGL Background Thread 1 ] DEBUG FileSystemAccess     - Reading from: C:\Users\josue\OneDrive\Desktop\proyecto java\Among Us\system\fxgl.bundle
19:23:16.840 [FXGL Background Thread 1 ] DEBUG SystemBundleService  - Bundle FXGL: {}
19:23:16.841 [FXGL Background Thread 1 ] DEBUG UpdaterService       - Checking for updates
19:23:16.847 [FXGL Background Thread 1 ] DEBUG FXGLApplication      - Loading default localization
19:23:16.847 [FXGL Background Thread 1 ] DEBUG FXGLAssetLoaderServi - Loading from file system: jar:file:/C:/Users/josue/OneDrive/Desktop/proyecto%20java/Among%20Us/lib/fxgl-21.1-uber.jar!/fxglassets/languages/english.lang
19:23:16.871 [FXGL Background Thread 1 ] INFO  FXGLApplication      - FXGL initialization took: 0,975 sec
19:23:16.884 [JavaFX Application Thread] DEBUG Input                - Registered new binding: Mover Arriba - W
19:23:16.885 [JavaFX Application Thread] DEBUG Input                - Registered new binding: Mover Abajo - S
19:23:16.885 [JavaFX Application Thread] DEBUG Input                - Registered new binding: Mover Izquierda - A
19:23:16.885 [JavaFX Application Thread] DEBUG Input                - Registered new binding: Mover Derecha - D
19:23:16.885 [JavaFX Application Thread] DEBUG Input                - Registered new binding: Abrir Camaras - C
19:23:16.885 [JavaFX Application Thread] DEBUG Input                - Registered new binding: Usar Alcantarilla - Space
19:23:16.885 [JavaFX Application Thread] DEBUG Input                - Registered new binding: Vent Izquierda - Left
19:23:16.886 [JavaFX Application Thread] DEBUG Input                - Registered new binding: Vent Derecha - Right
19:23:16.886 [JavaFX Application Thread] DEBUG Input                - Registered new binding: Vent Arriba - Up
19:23:16.886 [JavaFX Application Thread] DEBUG Input                - Registered new binding: Vent Abajo - Down
19:23:16.886 [JavaFX Application Thread] DEBUG Input                - Registered new binding: Matar Jugador - Q
19:23:16.886 [JavaFX Application Thread] DEBUG Input                - Registered new binding: Reportar Cadaver - R
19:23:16.886 [JavaFX Application Thread] DEBUG FXGLAssetLoaderServi - Loading from file system: file:/C:/Users/josue/OneDrive/Desktop/proyecto%20java/Among%20Us/out/production/Among%20Us/assets/textures/icono.png
19:23:16.997 [FXGL Background Thread 4 ] DEBUG FXGLApplication      - Loading fonts
19:23:16.997 [FXGL Background Thread 4 ] DEBUG FXGLAssetLoaderServi - Loading from file system: jar:file:/C:/Users/josue/OneDrive/Desktop/proyecto%20java/Among%20Us/lib/fxgl-21.1-uber.jar!/fxglassets/ui/fonts/VarelaRound-Regular.ttf
19:23:17.016 [JavaFX Application Thread] DEBUG FXGLAssetLoaderServi - Loading from file system: jar:file:/C:/Users/josue/OneDrive/Desktop/proyecto%20java/Among%20Us/lib/fxgl-21.1-uber.jar!/fxglassets/textures/fxgl_default_cursor.png
19:23:17.019 [JavaFX Application Thread] DEBUG Input                - Registered new binding: Screenshot - CTRL+8
19:23:17.020 [JavaFX Application Thread] DEBUG Input                - Registered new binding: System info dump - CTRL+9
19:23:17.022 [JavaFX Application Thread] DEBUG Input                - Registered new binding: Restart - CTRL+R
19:23:17.023 [JavaFX Application Thread] DEBUG Input                - Registered new binding: Toggle Debug Camera - CTRL+7
19:23:17.032 [JavaFX Application Thread] DEBUG LoopRunner           - Starting loop
19:23:17.037 [JavaFX Application Thread] DEBUG LoopRunner           - Initializing JavaFX AnimationTimerLoop
19:23:17.039 [JavaFX Application Thread] DEBUG GameApplicationServi - Starting new game
19:23:17.040 [JavaFX Application Thread] DEBUG Input                - Clearing active input actions
19:23:17.087 [JavaFX Application Thread] DEBUG GameApplicationServi - Removing overlay from FXGLStartupScene and adding to FXGLLoadingScene
19:23:17.090 [JavaFX Application Thread] DEBUG PrimaryStageWindow   - FXGLStartupScene -> FXGLLoadingScene
19:23:17.090 [JavaFX Application Thread] DEBUG GameApplicationServi - Clearing previous game
19:23:17.090 [JavaFX Application Thread] DEBUG GameScene            - Clearing game scene
19:23:17.090 [JavaFX Application Thread] DEBUG GameWorld            - Clearing game world
19:23:17.090 [JavaFX Application Thread] DEBUG PhysicsWorld         - Clearing physics world
19:23:17.093 [FXGL Background Thread 1 ] DEBUG FXGLApplication      - Initializing game
19:23:17.106 [FXGL Background Thread 1 ] DEBUG FXGLAssetLoaderServi - Loading from file system: file:/C:/Users/josue/OneDrive/Desktop/proyecto%20java/Among%20Us/out/production/Among%20Us/assets/music/musicaMenu.mp3
19:23:17.439 [FXGL Background Thread 1 ] DEBUG AudioPlayer          - Playing music com.almasb.fxgl.audio.Music@6f5ba86a
19:23:18.338 [FXGL Background Thread 4 ] DEBUG FXGLAssetLoaderServi - Loading from file system: jar:file:/C:/Users/josue/OneDrive/Desktop/proyecto%20java/Among%20Us/lib/fxgl-21.1-uber.jar!/fxglassets/ui/fonts/Abel-Regular.ttf
19:23:18.346 [FXGL Background Thread 4 ] DEBUG FXGLAssetLoaderServi - Loading from file system: jar:file:/C:/Users/josue/OneDrive/Desktop/proyecto%20java/Among%20Us/lib/fxgl-21.1-uber.jar!/fxglassets/ui/fonts/TerminalLandMono-Regular.otf
19:23:18.382 [FXGL Background Thread 4 ] DEBUG FXGLAssetLoaderServi - Loading from file system: jar:file:/C:/Users/josue/OneDrive/Desktop/proyecto%20java/Among%20Us/lib/fxgl-21.1-uber.jar!/fxglassets/ui/fonts/Courier-Prime.ttf
19:23:18.442 [FXGL Background Thread 1 ] INFO  FXGLApplication      - Game initialization took: 1,348 sec
19:23:18.493 [JavaFX Application Thread] DEBUG FXGLApplication      - Registering font factories with UI factory
19:23:18.495 [JavaFX Application Thread] DEBUG Input                - Clearing active input actions
19:23:18.511 [JavaFX Application Thread] DEBUG GameApplicationServi - Removing overlay from FXGLLoadingScene and adding to GameScene
19:23:18.512 [JavaFX Application Thread] DEBUG PrimaryStageWindow   - FXGLLoadingScene -> GameScene
19:23:19.172 [JavaFX Application Thread] DEBUG FXGLAssetLoaderServi - Loading from file system: file:/C:/Users/josue/OneDrive/Desktop/proyecto%20java/Among%20Us/out/production/Among%20Us/assets/sounds/clickBoton.wav
19:23:19.565 [FXGL Background Thread 2 ] INFO  UpdaterService       - Your current version:  21.1
19:23:19.566 [FXGL Background Thread 2 ] INFO  UpdaterService       - Latest stable version: 25
19:23:19.846 [FXGL Background Thread 3 ] DEBUG Engine               - Logging environment variables
19:23:19.848 [FXGL Background Thread 3 ] DEBUG Engine               - achievements: []
19:23:19.849 [FXGL Background Thread 3 ] DEBUG Engine               - actualHeight: 600.0
19:23:19.849 [FXGL Background Thread 3 ] DEBUG Engine               - actualHeightProperty: ReadOnlyDoubleProperty [value: 600.0]
19:23:19.849 [FXGL Background Thread 3 ] DEBUG Engine               - actualWidth: 800.0
19:23:19.849 [FXGL Background Thread 3 ] DEBUG Engine               - actualWidthProperty: ReadOnlyDoubleProperty [value: 800.0]
19:23:19.849 [FXGL Background Thread 3 ] DEBUG Engine               - appIcon: icono.png
19:23:19.849 [FXGL Background Thread 3 ] DEBUG Engine               - applicationMode: DEVELOPER
19:23:19.849 [FXGL Background Thread 3 ] DEBUG Engine               - cSSList: [fxgl_dark.css]
19:23:19.854 [FXGL Background Thread 3 ] DEBUG Engine               - collisionDetectionStrategy: BRUTE_FORCE
19:23:19.857 [FXGL Background Thread 3 ] DEBUG Engine               - configClass: Optional.empty
19:23:19.857 [FXGL Background Thread 3 ] DEBUG Engine               - credits: []
19:23:19.857 [FXGL Background Thread 3 ] DEBUG Engine               - defaultCursor: CursorInfo(imageName=fxgl_default_cursor.png, hotspotX=7.0, hotspotY=6.0)
19:23:19.857 [FXGL Background Thread 3 ] DEBUG Engine               - devBBoxColorProperty: ObjectProperty [value: 0xff0000ff]
19:23:19.858 [FXGL Background Thread 3 ] DEBUG Engine               - devEnableDebugCameraProperty: BooleanProperty [value: false]
19:23:19.858 [FXGL Background Thread 3 ] DEBUG Engine               - devSensorColorProperty: ObjectProperty [value: 0xffff00ff]
19:23:19.858 [FXGL Background Thread 3 ] DEBUG Engine               - devShowBBoxProperty: BooleanProperty [value: false]
19:23:19.858 [FXGL Background Thread 3 ] DEBUG Engine               - devShowPositionProperty: BooleanProperty [value: false]
19:23:19.858 [FXGL Background Thread 3 ] DEBUG Engine               - enabledMenuItems: []
19:23:19.858 [FXGL Background Thread 3 ] DEBUG Engine               - engineServices: [class com.almasb.fxgl.app.services.FXGLAssetLoaderService, class com.almasb.fxgl.app.FXGLApplication$GameApplicationService, class com.almasb.fxgl.app.services.FXGLDialogService, class com.almasb.fxgl.app.services.IOTaskExecutorService, class com.almasb.fxgl.io.FileSystemService, class com.almasb.fxgl.localization.LocalizationService, class com.almasb.fxgl.app.services.SystemBundleService, class com.almasb.fxgl.profile.SaveLoadService, class com.almasb.fxgl.ui.FXGLUIFactoryServiceProvider, class com.almasb.fxgl.ui.FXGLDialogFactoryServiceProvider, class com.almasb.fxgl.audio.AudioPlayer, class com.almasb.fxgl.notification.impl.NotificationServiceProvider, class com.almasb.fxgl.achievement.AchievementService, class com.almasb.fxgl.cutscene.CutsceneService, class com.almasb.fxgl.minigames.MiniGameService, class com.almasb.fxgl.net.NetService, class com.almasb.fxgl.app.services.UpdaterService, class com.almasb.fxgl.dev.DevService]
19:23:19.858 [FXGL Background Thread 3 ] DEBUG Engine               - fontGame: Abel-Regular.ttf
19:23:19.858 [FXGL Background Thread 3 ] DEBUG Engine               - fontMono: TerminalLandMono-Regular.otf
19:23:19.858 [FXGL Background Thread 3 ] DEBUG Engine               - fontSizeScaleUI: 1.0
19:23:19.858 [FXGL Background Thread 3 ] DEBUG Engine               - fontText: Courier-Prime.ttf
19:23:19.860 [FXGL Background Thread 3 ] DEBUG Engine               - fontUI: VarelaRound-Regular.ttf
19:23:19.860 [FXGL Background Thread 3 ] DEBUG Engine               - fullScreen: BooleanProperty [value: false]
19:23:19.860 [FXGL Background Thread 3 ] DEBUG Engine               - gameDifficulty: MEDIUM
19:23:19.863 [FXGL Background Thread 3 ] DEBUG Engine               - gameDifficultyProperty: ObjectProperty [value: MEDIUM]
19:23:19.863 [FXGL Background Thread 3 ] DEBUG Engine               - globalMusicVolume: 0.5
19:23:19.863 [FXGL Background Thread 3 ] DEBUG Engine               - globalMusicVolumeProperty: DoubleProperty [value: 0.4]
19:23:19.864 [FXGL Background Thread 3 ] DEBUG Engine               - globalSoundVolume: 0.5
19:23:19.865 [FXGL Background Thread 3 ] DEBUG Engine               - globalSoundVolumeProperty: DoubleProperty [value: 0.5]
19:23:19.865 [FXGL Background Thread 3 ] DEBUG Engine               - height: 600
19:23:19.865 [FXGL Background Thread 3 ] DEBUG Engine               - is3D: false
19:23:19.866 [FXGL Background Thread 3 ] DEBUG Engine               - isAndroid: false
19:23:19.866 [FXGL Background Thread 3 ] DEBUG Engine               - isBrowser: false
19:23:19.866 [FXGL Background Thread 3 ] DEBUG Engine               - isClickFeedbackEnabled: false
19:23:19.866 [FXGL Background Thread 3 ] DEBUG Engine               - isCloseConfirmation: false
19:23:19.866 [FXGL Background Thread 3 ] DEBUG Engine               - isDesktop: true
19:23:19.868 [FXGL Background Thread 3 ] DEBUG Engine               - isDeveloperMenuEnabled: false
19:23:19.868 [FXGL Background Thread 3 ] DEBUG Engine               - isEmbedded: false
19:23:19.868 [FXGL Background Thread 3 ] DEBUG Engine               - isEntityPreloadEnabled: true
19:23:19.869 [FXGL Background Thread 3 ] DEBUG Engine               - isExperimentalTiledLargeMap: false
19:23:19.869 [FXGL Background Thread 3 ] DEBUG Engine               - isFileSystemWriteAllowed: true
19:23:19.869 [FXGL Background Thread 3 ] DEBUG Engine               - isFullScreenAllowed: false
19:23:19.869 [FXGL Background Thread 3 ] DEBUG Engine               - isFullScreenFromStart: false
19:23:19.869 [FXGL Background Thread 3 ] DEBUG Engine               - isGameMenuEnabled: true
19:23:19.870 [FXGL Background Thread 3 ] DEBUG Engine               - isIOS: false
19:23:19.870 [FXGL Background Thread 3 ] DEBUG Engine               - isIntroEnabled: false
19:23:19.870 [FXGL Background Thread 3 ] DEBUG Engine               - isLinux: false
19:23:19.870 [FXGL Background Thread 3 ] DEBUG Engine               - isMac: false
19:23:19.870 [FXGL Background Thread 3 ] DEBUG Engine               - isMainMenuEnabled: false
19:23:19.870 [FXGL Background Thread 3 ] DEBUG Engine               - isManualResizeEnabled: false
19:23:19.870 [FXGL Background Thread 3 ] DEBUG Engine               - isMobile: false
19:23:19.870 [FXGL Background Thread 3 ] DEBUG Engine               - isNative: false
19:23:19.870 [FXGL Background Thread 3 ] DEBUG Engine               - isPauseMusicWhenMinimized: true
19:23:19.870 [FXGL Background Thread 3 ] DEBUG Engine               - isPreserveResizeRatio: false
19:23:19.870 [FXGL Background Thread 3 ] DEBUG Engine               - isProfilingEnabled: false
19:23:19.870 [FXGL Background Thread 3 ] DEBUG Engine               - isScaleAffectedOnResize: true
19:23:19.870 [FXGL Background Thread 3 ] DEBUG Engine               - isSingleStep: false
19:23:19.871 [FXGL Background Thread 3 ] DEBUG Engine               - isUserProfileEnabled: false
19:23:19.871 [FXGL Background Thread 3 ] DEBUG Engine               - isWindows: true
19:23:19.871 [FXGL Background Thread 3 ] DEBUG Engine               - language: ObjectProperty [value: ENGLISH]
19:23:19.871 [FXGL Background Thread 3 ] DEBUG Engine               - menuKey: ESCAPE
19:23:19.871 [FXGL Background Thread 3 ] DEBUG Engine               - mouseSensitivity: 0.2
19:23:19.871 [FXGL Background Thread 3 ] DEBUG Engine               - notificationViewClass: class com.almasb.fxgl.notification.view.XboxNotificationView
19:23:19.871 [FXGL Background Thread 3 ] DEBUG Engine               - pixelsPerMeter: 50.0
19:23:19.871 [FXGL Background Thread 3 ] DEBUG Engine               - platform: WINDOWS
19:23:19.871 [FXGL Background Thread 3 ] DEBUG Engine               - prefHeightProperty: ReadOnlyDoubleProperty [value: 600.0]
19:23:19.871 [FXGL Background Thread 3 ] DEBUG Engine               - prefWidthProperty: ReadOnlyDoubleProperty [value: 800.0]
19:23:19.871 [FXGL Background Thread 3 ] DEBUG Engine               - profileDir: profiles/
19:23:19.871 [FXGL Background Thread 3 ] DEBUG Engine               - profileName: StringProperty [value: DEFAULT]
19:23:19.871 [FXGL Background Thread 3 ] DEBUG Engine               - randomSeed: -1
19:23:19.871 [FXGL Background Thread 3 ] DEBUG Engine               - runtimeInfo: RuntimeInfo(platform=WINDOWS, version=21.1, build=26.03.2024 17.33)
19:23:19.871 [FXGL Background Thread 3 ] DEBUG Engine               - saveFileExt: sav
19:23:19.871 [FXGL Background Thread 3 ] DEBUG Engine               - scaledHeightProp$fxgl: DoubleProperty [bound, value: 600.0]
19:23:19.871 [FXGL Background Thread 3 ] DEBUG Engine               - scaledWidthProp$fxgl: DoubleProperty [bound, value: 800.0]
19:23:19.871 [FXGL Background Thread 3 ] DEBUG Engine               - sceneFactory: com.almasb.fxgl.app.scene.SceneFactory@6c3e38b7
19:23:19.871 [FXGL Background Thread 3 ] DEBUG Engine               - secondsIn24h: 60
19:23:19.871 [FXGL Background Thread 3 ] DEBUG Engine               - soundMenuBack: menu/back.wav
19:23:19.871 [FXGL Background Thread 3 ] DEBUG Engine               - soundMenuPress: menu/press.wav
19:23:19.871 [FXGL Background Thread 3 ] DEBUG Engine               - soundMenuSelect: menu/select.wav
19:23:19.871 [FXGL Background Thread 3 ] DEBUG Engine               - soundNotification: core/notification.wav
19:23:19.871 [FXGL Background Thread 3 ] DEBUG Engine               - stageStyle: DECORATED
19:23:19.871 [FXGL Background Thread 3 ] DEBUG Engine               - supportedLanguages: [ENGLISH, FRENCH, GERMAN, HUNGARIAN, RUSSIAN]
19:23:19.871 [FXGL Background Thread 3 ] DEBUG Engine               - ticksPerSecond: -1
19:23:19.871 [FXGL Background Thread 3 ] DEBUG Engine               - title: Among Us UNEG
19:23:19.871 [FXGL Background Thread 3 ] DEBUG Engine               - urlGithub: https://github.com/AlmasB/FXGL
19:23:19.871 [FXGL Background Thread 3 ] DEBUG Engine               - urlLeaderboard: http://fxgl-top.herokuapp.com/
19:23:19.871 [FXGL Background Thread 3 ] DEBUG Engine               - urlPOM: https://raw.githubusercontent.com/AlmasB/FXGL/release/README.md
19:23:19.871 [FXGL Background Thread 3 ] DEBUG Engine               - userAppClass: class main.java.amongUs.AppPrincipal
19:23:19.871 [FXGL Background Thread 3 ] DEBUG Engine               - version: 0.0
19:23:19.871 [FXGL Background Thread 3 ] DEBUG Engine               - versionCheckDays: 7
19:23:19.871 [FXGL Background Thread 3 ] DEBUG Engine               - width: 800
19:23:19.873 [FXGL Background Thread 3 ] DEBUG Engine               - Logging services
19:23:19.873 [FXGL Background Thread 3 ] DEBUG Engine               - class com.almasb.fxgl.app.services.FXGLAssetLoaderService
19:23:19.873 [FXGL Background Thread 3 ] DEBUG Engine               - class com.almasb.fxgl.app.FXGLApplication$GameApplicationService
19:23:19.873 [FXGL Background Thread 3 ] DEBUG Engine               - class com.almasb.fxgl.app.services.FXGLDialogService
19:23:19.873 [FXGL Background Thread 3 ] DEBUG Engine               - class com.almasb.fxgl.app.services.IOTaskExecutorService
19:23:19.873 [FXGL Background Thread 3 ] DEBUG Engine               - class com.almasb.fxgl.io.FileSystemService
19:23:19.873 [FXGL Background Thread 3 ] DEBUG Engine               - class com.almasb.fxgl.localization.LocalizationService
19:23:19.873 [FXGL Background Thread 3 ] DEBUG Engine               - class com.almasb.fxgl.app.services.SystemBundleService
19:23:19.873 [FXGL Background Thread 3 ] DEBUG Engine               - class com.almasb.fxgl.profile.SaveLoadService
19:23:19.873 [FXGL Background Thread 3 ] DEBUG Engine               - class com.almasb.fxgl.ui.FXGLUIFactoryServiceProvider
19:23:19.873 [FXGL Background Thread 3 ] DEBUG Engine               - class com.almasb.fxgl.ui.FXGLDialogFactoryServiceProvider
19:23:19.875 [FXGL Background Thread 3 ] DEBUG Engine               - class com.almasb.fxgl.audio.AudioPlayer
19:23:19.875 [FXGL Background Thread 3 ] DEBUG Engine               - class com.almasb.fxgl.notification.impl.NotificationServiceProvider
19:23:19.875 [FXGL Background Thread 3 ] DEBUG Engine               - class com.almasb.fxgl.achievement.AchievementService
19:23:19.875 [FXGL Background Thread 3 ] DEBUG Engine               - class com.almasb.fxgl.cutscene.CutsceneService
19:23:19.875 [FXGL Background Thread 3 ] DEBUG Engine               - class com.almasb.fxgl.minigames.MiniGameService
19:23:19.877 [FXGL Background Thread 3 ] DEBUG Engine               - class com.almasb.fxgl.net.NetService
19:23:19.877 [FXGL Background Thread 3 ] DEBUG Engine               - class com.almasb.fxgl.app.services.UpdaterService
19:23:19.877 [FXGL Background Thread 3 ] DEBUG Engine               - class com.almasb.fxgl.dev.DevService
19:23:22.468 [JavaFX Application Thread] DEBUG FXGLAssetLoaderServi - Loading from file system: file:/C:/Users/josue/OneDrive/Desktop/proyecto%20java/Among%20Us/out/production/Among%20Us/assets/textures/tripulante_blanco.png
19:23:23.453 [JavaFX Application Thread] WARN  TMXLevelLoader       - TiledMap generated from 1.11.2. Supported version: 1.9.0. Some features may not be parsed fully.
19:23:23.517 [JavaFX Application Thread] DEBUG TMXLevelLoader       - Parsed TiledMap: file:/C:/Users/josue/OneDrive/Desktop/proyecto%20java/Among%20Us/out/production/Among%20Us/assets/levels/mapa2.tmx
19:23:23.518 [JavaFX Application Thread] DEBUG TMXLevelLoader       - Creating tile layer entities
19:23:23.520 [JavaFX Application Thread] DEBUG TilesetLoader        - Loading view for layer fondo1
19:23:23.521 [JavaFX Application Thread] DEBUG TilesetLoader        - Created buffer with size 992.0x960.0
19:23:23.541 [JavaFX Application Thread] DEBUG TilesetLoader        - Loading view for layer fondo
19:23:23.543 [JavaFX Application Thread] DEBUG TilesetLoader        - Created buffer with size 992.0x960.0
19:23:23.547 [JavaFX Application Thread] DEBUG TilesetLoader        - Loading view for layer piso
19:23:23.548 [JavaFX Application Thread] DEBUG TilesetLoader        - Created buffer with size 992.0x960.0
19:23:23.557 [JavaFX Application Thread] DEBUG TilesetLoader        - Loading view for layer piso1
19:23:23.558 [JavaFX Application Thread] DEBUG TilesetLoader        - Created buffer with size 992.0x960.0
19:23:23.568 [JavaFX Application Thread] DEBUG TilesetLoader        - Loading view for layer izquierda
19:23:23.569 [JavaFX Application Thread] DEBUG TilesetLoader        - Created buffer with size 992.0x960.0
19:23:23.579 [JavaFX Application Thread] DEBUG TilesetLoader        - Loading view for layer detallesatraspared
19:23:23.580 [JavaFX Application Thread] DEBUG TilesetLoader        - Created buffer with size 992.0x960.0
19:23:23.619 [JavaFX Application Thread] DEBUG TilesetLoader        - Loading view for layer pared2
19:23:23.620 [JavaFX Application Thread] DEBUG TilesetLoader        - Created buffer with size 992.0x960.0
19:23:23.636 [JavaFX Application Thread] DEBUG TilesetLoader        - Loading view for layer techo1
19:23:23.637 [JavaFX Application Thread] DEBUG TilesetLoader        - Created buffer with size 992.0x960.0
19:23:23.640 [JavaFX Application Thread] DEBUG TilesetLoader        - Loading view for layer techo2
19:23:23.641 [JavaFX Application Thread] DEBUG TilesetLoader        - Created buffer with size 992.0x960.0
19:23:23.647 [JavaFX Application Thread] DEBUG TilesetLoader        - Loading view for layer puertita
19:23:23.647 [JavaFX Application Thread] DEBUG TilesetLoader        - Created buffer with size 992.0x960.0
19:23:23.648 [JavaFX Application Thread] DEBUG TilesetLoader        - Loading view for layer puerta
19:23:23.649 [JavaFX Application Thread] DEBUG TilesetLoader        - Created buffer with size 992.0x960.0
19:23:23.651 [JavaFX Application Thread] DEBUG TilesetLoader        - Loading view for layer detalles
19:23:23.652 [JavaFX Application Thread] DEBUG TilesetLoader        - Created buffer with size 992.0x960.0
19:23:23.675 [JavaFX Application Thread] DEBUG TilesetLoader        - Loading view for layer detalles 2
19:23:23.676 [JavaFX Application Thread] DEBUG TilesetLoader        - Created buffer with size 992.0x960.0
19:23:23.693 [JavaFX Application Thread] DEBUG TilesetLoader        - Loading view for layer detalles3
19:23:23.694 [JavaFX Application Thread] DEBUG TilesetLoader        - Created buffer with size 992.0x960.0
19:23:23.737 [JavaFX Application Thread] DEBUG TilesetLoader        - Loading view for layer grieta
19:23:23.778 [JavaFX Application Thread] DEBUG TilesetLoader        - Created buffer with size 992.0x960.0
19:23:23.782 [JavaFX Application Thread] DEBUG TilesetLoader        - Loading view for layer camaras
19:23:23.782 [JavaFX Application Thread] DEBUG TilesetLoader        - Created buffer with size 992.0x960.0
19:23:23.786 [JavaFX Application Thread] DEBUG TilesetLoader        - Loading view for layer Techo
19:23:23.786 [JavaFX Application Thread] DEBUG TilesetLoader        - Created buffer with size 992.0x960.0
19:23:23.792 [JavaFX Application Thread] DEBUG TMXLevelLoader       - Creating object layer entities
19:23:23.897 [JavaFX Application Thread] DEBUG GameWorld            - Clearing removable entities
19:23:23.897 [JavaFX Application Thread] DEBUG GameWorld            - Setting level: com.almasb.fxgl.entity.level.Level@499989d3
19:23:23.927 [JavaFX Application Thread] DEBUG FXGLAssetLoaderServi - Loading from file system: file:/C:/Users/josue/OneDrive/Desktop/proyecto%20java/Among%20Us/out/production/Among%20Us/assets/textures/MonitorDeCamaras.png
19:23:23.943 [JavaFX Application Thread] DEBUG FXGLAssetLoaderServi - Loading from file system: file:/C:/Users/josue/OneDrive/Desktop/proyecto%20java/Among%20Us/out/production/Among%20Us/assets/textures/flechaAmarillaIzq.png
19:23:23.947 [JavaFX Application Thread] DEBUG FXGLAssetLoaderServi - Loading from file system: file:/C:/Users/josue/OneDrive/Desktop/proyecto%20java/Among%20Us/out/production/Among%20Us/assets/textures/flechaAmarillaDer.png
19:23:23.957 [JavaFX Application Thread] DEBUG FXGLAssetLoaderServi - Loading from file system: file:/C:/Users/josue/OneDrive/Desktop/proyecto%20java/Among%20Us/out/production/Among%20Us/assets/textures/animacion_fantasma.png
19:23:23.961 [JavaFX Application Thread] DEBUG FXGLAssetLoaderServi - Loading from file system: file:/C:/Users/josue/OneDrive/Desktop/proyecto%20java/Among%20Us/out/production/Among%20Us/assets/textures/blanco_muerto.png
19:23:23.962 [JavaFX Application Thread] DEBUG FXGLAssetLoaderServi - Loading from file system: file:/C:/Users/josue/OneDrive/Desktop/proyecto%20java/Among%20Us/out/production/Among%20Us/assets/textures/animacion_blanco.png
19:23:23.962 [JavaFX Application Thread] DEBUG FXGLAssetLoaderServi - Loading from file system: file:/C:/Users/josue/OneDrive/Desktop/proyecto%20java/Among%20Us/out/production/Among%20Us/assets/textures/alcantarilla_blanco.png
19:23:23.965 [JavaFX Application Thread] DEBUG FXGLAssetLoaderServi - Loading from file system: file:/C:/Users/josue/OneDrive/Desktop/proyecto%20java/Among%20Us/out/production/Among%20Us/assets/textures/alcantarilla_blancoE.png
19:23:23.976 [JavaFX Application Thread] DEBUG FXGLAssetLoaderServi - Loading from file system: file:/C:/Users/josue/OneDrive/Desktop/proyecto%20java/Among%20Us/out/production/Among%20Us/assets/textures/accionNegada.png
19:23:23.981 [JavaFX Application Thread] DEBUG FXGLAssetLoaderServi - Loading from file system: file:/C:/Users/josue/OneDrive/Desktop/proyecto%20java/Among%20Us/out/production/Among%20Us/assets/textures/reportarNegado.png
19:23:23.990 [JavaFX Application Thread] DEBUG FXGLAssetLoaderServi - Loading from file system: file:/C:/Users/josue/OneDrive/Desktop/proyecto%20java/Among%20Us/out/production/Among%20Us/assets/textures/animacion_extintor.png
19:23:24.010 [JavaFX Application Thread] DEBUG FXGLAssetLoaderServi - Loading from file system: file:/C:/Users/josue/OneDrive/Desktop/proyecto%20java/Among%20Us/out/production/Among%20Us/assets/textures/animacion_temperatura.png
19:23:24.076 [JavaFX Application Thread] DEBUG FXGLAssetLoaderServi - Loading from file system: file:/C:/Users/josue/OneDrive/Desktop/proyecto%20java/Among%20Us/out/production/Among%20Us/assets/textures/animacion_encestar.png
19:23:24.136 [JavaFX Application Thread] DEBUG FXGLAssetLoaderServi - Loading from file system: file:/C:/Users/josue/OneDrive/Desktop/proyecto%20java/Among%20Us/out/production/Among%20Us/assets/textures/animacion_basura.png
19:23:24.177 [JavaFX Application Thread] DEBUG FXGLAssetLoaderServi - Loading from file system: file:/C:/Users/josue/OneDrive/Desktop/proyecto%20java/Among%20Us/out/production/Among%20Us/assets/textures/animacion_tarjeta.png
19:23:24.196 [JavaFX Application Thread] WARN  FXGLAssetLoaderServi - Asset "/assets/textures/animacion_reactor.png" was not found!
19:23:24.197 [JavaFX Application Thread] WARN  FXGLAssetLoaderServi - Failed to load IMAGE
19:23:24.210 [JavaFX Application Thread] DEBUG FXGLAssetLoaderServi - Loading from file system: file:/C:/Users/josue/OneDrive/Desktop/proyecto%20java/Among%20Us/out/production/Among%20Us/assets/textures/barra_0.png
19:23:24.215 [JavaFX Application Thread] DEBUG FXGLAssetLoaderServi - Loading from file system: file:/C:/Users/josue/OneDrive/Desktop/proyecto%20java/Among%20Us/out/production/Among%20Us/assets/textures/pantalla_tripulante.png
19:23:34.525 [JavaFX Application Thread] DEBUG PrimaryStageWindow   - Push state: FXGLDefaultMenu
19:23:34.530 [JavaFX Application Thread] DEBUG Input                - Clearing active input actions
19:23:34.533 [JavaFX Application Thread] DEBUG GameApplicationServi - Removing overlay from GameScene and adding to FXGLDefaultMenu
19:23:34.533 [JavaFX Application Thread] DEBUG PrimaryStageWindow   - GameScene -> FXGLDefaultMenu
19:23:35.451 [JavaFX Application Thread] DEBUG Menu                 - fireExit()
19:23:35.454 [JavaFX Application Thread] DEBUG PrimaryStageWindow   - Push state: DialogSubScene
19:23:35.455 [JavaFX Application Thread] DEBUG Input                - Clearing active input actions
19:23:35.455 [JavaFX Application Thread] DEBUG GameApplicationServi - Removing overlay from FXGLDefaultMenu and adding to DialogSubScene
19:23:35.455 [JavaFX Application Thread] DEBUG PrimaryStageWindow   - FXGLDefaultMenu -> DialogSubScene
19:23:36.276 [JavaFX Application Thread] DEBUG PrimaryStageWindow   - Pop state: DialogSubScene
19:23:36.276 [JavaFX Application Thread] DEBUG Input                - Clearing active input actions
19:23:36.277 [JavaFX Application Thread] DEBUG GameApplicationServi - Removing overlay from DialogSubScene and adding to FXGLDefaultMenu
19:23:36.277 [JavaFX Application Thread] DEBUG PrimaryStageWindow   - FXGLDefaultMenu <- DialogSubScene
19:23:36.277 [JavaFX Application Thread] DEBUG FXGLApplication      - Exiting FXGL
19:23:36.277 [JavaFX Application Thread] DEBUG LoopRunner           - Stopping loop
19:23:36.277 [JavaFX Application Thread] DEBUG SystemBundleService  - Saving FXGL system data
19:23:36.281 [JavaFX Application Thread] DEBUG FileSystemAccess     - Writing to: C:\Users\josue\OneDrive\Desktop\proyecto java\Among Us\system\fxgl.bundle
19:23:36.284 [JavaFX Application Thread] DEBUG Async                - Shutting down background threads
19:23:36.284 [JavaFX Application Thread] DEBUG PrimaryStageWindow   - Closing main window
19:23:36.344 [JavaFX Application Thread] DEBUG Logger               - Closing Logger
