20:36:25.936 [main                     ] DEBUG Logger               - Configured Logger
20:36:25.941 [main                     ] DEBUG GameApplication      - Logging settings
Title: Among Us UNEG
Version: 0.0
Width: 800
Height: 600
Fullscreen: false
Intro: false
Profiling: false
Single step:false
App Mode: DEVELOPER
Menu Key: ESCAPE
Stage Style: DECORATED
Scene Factory: class com.almasb.fxgl.app.scene.SceneFactory

20:36:26.595 [JavaFX Application Thread] DEBUG FXGLApplication      - Initializing FXGL
20:36:26.597 [JavaFX Application Thread] INFO  Engine               - FXGL-21.1 (26.03.2024 17.33) on WINDOWS (J:25.0.2 FX:21.0.1)
20:36:26.597 [JavaFX Application Thread] DEBUG Engine               - JRE Vendor Name: Oracle Corporation
20:36:26.597 [JavaFX Application Thread] DEBUG Engine               - Running on OS: Windows 11 version 10.0
20:36:26.597 [JavaFX Application Thread] DEBUG Engine               - Architecture: amd64
20:36:26.597 [JavaFX Application Thread] INFO  Engine               - Source code and latest versions at: https://github.com/AlmasB/FXGL
20:36:26.597 [JavaFX Application Thread] INFO  Engine               -       Ask questions and discuss at: https://github.com/AlmasB/FXGL/discussions
20:36:26.597 [JavaFX Application Thread] INFO  Engine               -              Join the FXGL chat at: https://gitter.im/AlmasB/FXGL
20:36:26.723 [JavaFX Application Thread] DEBUG PrimaryStageWindow   - Creating a JavaFX scene
20:36:26.779 [JavaFX Application Thread] DEBUG PrimaryStageWindow   - Target settings size: 800.0 x 600.0
20:36:26.779 [JavaFX Application Thread] DEBUG PrimaryStageWindow   - Scaled scene size:    800.0 x 600.0
20:36:26.779 [JavaFX Application Thread] DEBUG PrimaryStageWindow   - Scaled ratio: (1.0, 1.0)
20:36:26.780 [JavaFX Application Thread] DEBUG PrimaryStageWindow   - Set initial scene to FXGLStartupScene
20:36:26.782 [JavaFX Application Thread] DEBUG PrimaryStageWindow   - Opening main window
20:36:26.888 [JavaFX Application Thread] DEBUG PrimaryStageWindow   - Window border size: (14.66668701171875, 37.33331298828125)
20:36:26.888 [JavaFX Application Thread] DEBUG PrimaryStageWindow   - Scaled size: 800.0 x 600.0
20:36:26.888 [JavaFX Application Thread] DEBUG PrimaryStageWindow   - Scaled ratio: (1.0, 1.0)
20:36:26.888 [JavaFX Application Thread] DEBUG PrimaryStageWindow   - Scene size: 800.0 x 600.0
20:36:26.888 [JavaFX Application Thread] DEBUG PrimaryStageWindow   - Stage size: 814.6666870117188 x 637.3333129882812
20:36:26.901 [FXGL Background Thread 1 ] DEBUG Engine               - Initializing environment variables
20:36:26.977 [FXGL Background Thread 1 ] DEBUG FXGLAssetLoaderServi - User app class for loading assets: class main.java.amongUs.AppPrincipal
20:36:26.978 [FXGL Background Thread 1 ] DEBUG GameApplicationServi - Applying CSS: fxgl_dark.css
20:36:26.978 [FXGL Background Thread 1 ] DEBUG FXGLAssetLoaderServi - Loading from file system: jar:file:/C:/Users/nicol/Desktop/amongu/lib/fxgl-21.1-uber.jar!/fxglassets/ui/css/fxgl_dark.css
20:36:27.012 [FXGL Background Thread 1 ] DEBUG GameApplicationServi - Initializing application scenes
20:36:27.057 [FXGL Background Thread 1 ] DEBUG GameWorld            - Game world initialized
20:36:27.112 [FXGL Background Thread 1 ] DEBUG PhysicsWorld         - Physics world initialized: appHeight=600, physics.ppm=50,0
20:36:27.112 [FXGL Background Thread 1 ] DEBUG PhysicsWorld         - Using strategy: BRUTE_FORCE
20:36:27.115 [FXGL Background Thread 1 ] DEBUG GameScene            - Game scene initialized: 800x600
20:36:27.125 [FXGL Background Thread 1 ] DEBUG FXGL.DefaultMenu     - createMenuBodyGameMenu()
20:36:27.144 [FXGL Background Thread 1 ] DEBUG FXGL.DefaultMenu     - createOptionsMenu()
20:36:27.153 [FXGL Background Thread 1 ] DEBUG FXGLAssetLoaderServi - Loading from file system: jar:file:/C:/Users/nicol/Desktop/amongu/lib/fxgl-21.1-uber.jar!/fxglassets/textures/particles/smoke.png
20:36:27.252 [FXGL Background Thread 1 ] DEBUG FXGLAssetLoaderServi - Loading from file system: jar:file:/C:/Users/nicol/Desktop/amongu/lib/fxgl-21.1-uber.jar!/fxglassets/textures/particles/trace_horizontal.png
20:36:27.271 [FXGL Background Thread 1 ] DEBUG GameApplicationServi - Application scenes initialized
20:36:27.286 [FXGL Background Thread 1 ] DEBUG SystemBundleService  - Loading FXGL system data
20:36:27.289 [FXGL Background Thread 1 ] DEBUG FileSystemAccess     - Reading from: C:\Users\nicol\Desktop\amongu\system\fxgl.bundle
20:36:27.297 [FXGL Background Thread 1 ] DEBUG SystemBundleService  - Bundle FXGL: {}
20:36:27.297 [FXGL Background Thread 1 ] DEBUG UpdaterService       - Checking for updates
20:36:27.302 [FXGL Background Thread 4 ] DEBUG FXGLApplication      - Loading fonts
20:36:27.303 [FXGL Background Thread 1 ] DEBUG FXGLApplication      - Loading default localization
20:36:27.303 [FXGL Background Thread 4 ] DEBUG FXGLAssetLoaderServi - Loading from file system: jar:file:/C:/Users/nicol/Desktop/amongu/lib/fxgl-21.1-uber.jar!/fxglassets/ui/fonts/VarelaRound-Regular.ttf
20:36:27.303 [FXGL Background Thread 1 ] DEBUG FXGLAssetLoaderServi - Loading from file system: jar:file:/C:/Users/nicol/Desktop/amongu/lib/fxgl-21.1-uber.jar!/fxglassets/languages/english.lang
20:36:27.326 [FXGL Background Thread 1 ] INFO  FXGLApplication      - FXGL initialization took: 0,425 sec
20:36:27.335 [JavaFX Application Thread] DEBUG Input                - Registered new binding: Mover Arriba - W
20:36:27.336 [JavaFX Application Thread] DEBUG Input                - Registered new binding: Mover Abajo - S
20:36:27.336 [JavaFX Application Thread] DEBUG Input                - Registered new binding: Mover Izquierda - A
20:36:27.336 [JavaFX Application Thread] DEBUG Input                - Registered new binding: Mover Derecha - D
20:36:27.336 [JavaFX Application Thread] DEBUG Input                - Registered new binding: Abrir Camaras - C
20:36:27.337 [JavaFX Application Thread] DEBUG Input                - Registered new binding: Usar Alcantarilla - Space
20:36:27.337 [JavaFX Application Thread] DEBUG Input                - Registered new binding: Vent Izquierda - Left
20:36:27.337 [JavaFX Application Thread] DEBUG Input                - Registered new binding: Vent Derecha - Right
20:36:27.337 [JavaFX Application Thread] DEBUG Input                - Registered new binding: Vent Arriba - Up
20:36:27.337 [JavaFX Application Thread] DEBUG Input                - Registered new binding: Vent Abajo - Down
20:36:27.337 [JavaFX Application Thread] DEBUG Input                - Registered new binding: Matar Jugador - Q
20:36:27.337 [JavaFX Application Thread] DEBUG FXGLAssetLoaderServi - Loading from file system: file:/C:/Users/nicol/Desktop/amongu/out/production/Among%20Us/assets/textures/icono.png
20:36:27.355 [FXGL Background Thread 4 ] DEBUG FXGLAssetLoaderServi - Loading from file system: jar:file:/C:/Users/nicol/Desktop/amongu/lib/fxgl-21.1-uber.jar!/fxglassets/ui/fonts/Abel-Regular.ttf
20:36:27.363 [FXGL Background Thread 4 ] DEBUG FXGLAssetLoaderServi - Loading from file system: jar:file:/C:/Users/nicol/Desktop/amongu/lib/fxgl-21.1-uber.jar!/fxglassets/ui/fonts/TerminalLandMono-Regular.otf
20:36:27.365 [JavaFX Application Thread] DEBUG FXGLAssetLoaderServi - Loading from file system: jar:file:/C:/Users/nicol/Desktop/amongu/lib/fxgl-21.1-uber.jar!/fxglassets/textures/fxgl_default_cursor.png
20:36:27.369 [JavaFX Application Thread] DEBUG Input                - Registered new binding: Screenshot - CTRL+8
20:36:27.370 [JavaFX Application Thread] DEBUG Input                - Registered new binding: System info dump - CTRL+9
20:36:27.371 [JavaFX Application Thread] DEBUG Input                - Registered new binding: Restart - CTRL+R
20:36:27.371 [FXGL Background Thread 4 ] DEBUG FXGLAssetLoaderServi - Loading from file system: jar:file:/C:/Users/nicol/Desktop/amongu/lib/fxgl-21.1-uber.jar!/fxglassets/ui/fonts/Courier-Prime.ttf
20:36:27.372 [JavaFX Application Thread] DEBUG Input                - Registered new binding: Toggle Debug Camera - CTRL+7
20:36:27.378 [JavaFX Application Thread] DEBUG LoopRunner           - Starting loop
20:36:27.378 [JavaFX Application Thread] DEBUG LoopRunner           - Initializing JavaFX AnimationTimerLoop
20:36:27.381 [JavaFX Application Thread] DEBUG GameApplicationServi - Starting new game
20:36:27.382 [JavaFX Application Thread] DEBUG Input                - Clearing active input actions
20:36:27.399 [JavaFX Application Thread] DEBUG GameApplicationServi - Removing overlay from FXGLStartupScene and adding to FXGLLoadingScene
20:36:27.399 [JavaFX Application Thread] DEBUG PrimaryStageWindow   - FXGLStartupScene -> FXGLLoadingScene
20:36:27.400 [JavaFX Application Thread] DEBUG GameApplicationServi - Clearing previous game
20:36:27.400 [JavaFX Application Thread] DEBUG GameScene            - Clearing game scene
20:36:27.400 [JavaFX Application Thread] DEBUG GameWorld            - Clearing game world
20:36:27.400 [JavaFX Application Thread] DEBUG PhysicsWorld         - Clearing physics world
20:36:27.403 [FXGL Background Thread 4 ] DEBUG FXGLApplication      - Initializing game
20:36:27.415 [FXGL Background Thread 4 ] DEBUG FXGLAssetLoaderServi - Loading from file system: file:/C:/Users/nicol/Desktop/amongu/out/production/Among%20Us/assets/music/musicaMenu.mp3
20:36:27.471 [JavaFX Application Thread] DEBUG FXGLApplication      - Registering font factories with UI factory
20:36:27.588 [FXGL Background Thread 4 ] DEBUG AudioPlayer          - Playing music com.almasb.fxgl.audio.Music@4f0a9c25
20:36:27.910 [FXGL Background Thread 4 ] INFO  FXGLApplication      - Game initialization took: 0,508 sec
20:36:27.911 [JavaFX Application Thread] DEBUG Input                - Clearing active input actions
20:36:27.917 [JavaFX Application Thread] DEBUG GameApplicationServi - Removing overlay from FXGLLoadingScene and adding to GameScene
20:36:27.919 [JavaFX Application Thread] DEBUG PrimaryStageWindow   - FXGLLoadingScene -> GameScene
20:36:28.259 [FXGL Background Thread 2 ] INFO  UpdaterService       - Your current version:  21.1
20:36:28.259 [FXGL Background Thread 2 ] INFO  UpdaterService       - Latest stable version: 25
20:36:30.302 [FXGL Background Thread 3 ] DEBUG Engine               - Logging environment variables
20:36:30.305 [FXGL Background Thread 3 ] DEBUG Engine               - achievements: []
20:36:30.305 [FXGL Background Thread 3 ] DEBUG Engine               - actualHeight: 600.0
20:36:30.306 [FXGL Background Thread 3 ] DEBUG Engine               - actualHeightProperty: ReadOnlyDoubleProperty [value: 600.0]
20:36:30.306 [FXGL Background Thread 3 ] DEBUG Engine               - actualWidth: 800.0
20:36:30.306 [FXGL Background Thread 3 ] DEBUG Engine               - actualWidthProperty: ReadOnlyDoubleProperty [value: 800.0]
20:36:30.306 [FXGL Background Thread 3 ] DEBUG Engine               - appIcon: icono.png
20:36:30.307 [FXGL Background Thread 3 ] DEBUG Engine               - applicationMode: DEVELOPER
20:36:30.307 [FXGL Background Thread 3 ] DEBUG Engine               - cSSList: [fxgl_dark.css]
20:36:30.307 [FXGL Background Thread 3 ] DEBUG Engine               - collisionDetectionStrategy: BRUTE_FORCE
20:36:30.307 [FXGL Background Thread 3 ] DEBUG Engine               - configClass: Optional.empty
20:36:30.307 [FXGL Background Thread 3 ] DEBUG Engine               - credits: []
20:36:30.307 [FXGL Background Thread 3 ] DEBUG Engine               - defaultCursor: CursorInfo(imageName=fxgl_default_cursor.png, hotspotX=7.0, hotspotY=6.0)
20:36:30.307 [FXGL Background Thread 3 ] DEBUG Engine               - devBBoxColorProperty: ObjectProperty [value: 0xff0000ff]
20:36:30.307 [FXGL Background Thread 3 ] DEBUG Engine               - devEnableDebugCameraProperty: BooleanProperty [value: false]
20:36:30.307 [FXGL Background Thread 3 ] DEBUG Engine               - devSensorColorProperty: ObjectProperty [value: 0xffff00ff]
20:36:30.307 [FXGL Background Thread 3 ] DEBUG Engine               - devShowBBoxProperty: BooleanProperty [value: false]
20:36:30.307 [FXGL Background Thread 3 ] DEBUG Engine               - devShowPositionProperty: BooleanProperty [value: false]
20:36:30.309 [FXGL Background Thread 3 ] DEBUG Engine               - enabledMenuItems: []
20:36:30.309 [FXGL Background Thread 3 ] DEBUG Engine               - engineServices: [class com.almasb.fxgl.app.services.FXGLAssetLoaderService, class com.almasb.fxgl.app.FXGLApplication$GameApplicationService, class com.almasb.fxgl.app.services.FXGLDialogService, class com.almasb.fxgl.app.services.IOTaskExecutorService, class com.almasb.fxgl.io.FileSystemService, class com.almasb.fxgl.localization.LocalizationService, class com.almasb.fxgl.app.services.SystemBundleService, class com.almasb.fxgl.profile.SaveLoadService, class com.almasb.fxgl.ui.FXGLUIFactoryServiceProvider, class com.almasb.fxgl.ui.FXGLDialogFactoryServiceProvider, class com.almasb.fxgl.audio.AudioPlayer, class com.almasb.fxgl.notification.impl.NotificationServiceProvider, class com.almasb.fxgl.achievement.AchievementService, class com.almasb.fxgl.cutscene.CutsceneService, class com.almasb.fxgl.minigames.MiniGameService, class com.almasb.fxgl.net.NetService, class com.almasb.fxgl.app.services.UpdaterService, class com.almasb.fxgl.dev.DevService]
20:36:30.309 [FXGL Background Thread 3 ] DEBUG Engine               - fontGame: Abel-Regular.ttf
20:36:30.309 [FXGL Background Thread 3 ] DEBUG Engine               - fontMono: TerminalLandMono-Regular.otf
20:36:30.309 [FXGL Background Thread 3 ] DEBUG Engine               - fontSizeScaleUI: 1.0
20:36:30.309 [FXGL Background Thread 3 ] DEBUG Engine               - fontText: Courier-Prime.ttf
20:36:30.309 [FXGL Background Thread 3 ] DEBUG Engine               - fontUI: VarelaRound-Regular.ttf
20:36:30.309 [FXGL Background Thread 3 ] DEBUG Engine               - fullScreen: BooleanProperty [value: false]
20:36:30.310 [FXGL Background Thread 3 ] DEBUG Engine               - gameDifficulty: MEDIUM
20:36:30.310 [FXGL Background Thread 3 ] DEBUG Engine               - gameDifficultyProperty: ObjectProperty [value: MEDIUM]
20:36:30.310 [FXGL Background Thread 3 ] DEBUG Engine               - globalMusicVolume: 0.5
20:36:30.310 [FXGL Background Thread 3 ] DEBUG Engine               - globalMusicVolumeProperty: DoubleProperty [value: 0.4]
20:36:30.310 [FXGL Background Thread 3 ] DEBUG Engine               - globalSoundVolume: 0.5
20:36:30.310 [FXGL Background Thread 3 ] DEBUG Engine               - globalSoundVolumeProperty: DoubleProperty [value: 0.5]
20:36:30.310 [FXGL Background Thread 3 ] DEBUG Engine               - height: 600
20:36:30.310 [FXGL Background Thread 3 ] DEBUG Engine               - is3D: false
20:36:30.310 [FXGL Background Thread 3 ] DEBUG Engine               - isAndroid: false
20:36:30.311 [FXGL Background Thread 3 ] DEBUG Engine               - isBrowser: false
20:36:30.311 [FXGL Background Thread 3 ] DEBUG Engine               - isClickFeedbackEnabled: false
20:36:30.311 [FXGL Background Thread 3 ] DEBUG Engine               - isCloseConfirmation: false
20:36:30.311 [FXGL Background Thread 3 ] DEBUG Engine               - isDesktop: true
20:36:30.311 [FXGL Background Thread 3 ] DEBUG Engine               - isDeveloperMenuEnabled: false
20:36:30.311 [FXGL Background Thread 3 ] DEBUG Engine               - isEmbedded: false
20:36:30.311 [FXGL Background Thread 3 ] DEBUG Engine               - isEntityPreloadEnabled: true
20:36:30.311 [FXGL Background Thread 3 ] DEBUG Engine               - isExperimentalTiledLargeMap: false
20:36:30.311 [FXGL Background Thread 3 ] DEBUG Engine               - isFileSystemWriteAllowed: true
20:36:30.311 [FXGL Background Thread 3 ] DEBUG Engine               - isFullScreenAllowed: false
20:36:30.311 [FXGL Background Thread 3 ] DEBUG Engine               - isFullScreenFromStart: false
20:36:30.311 [FXGL Background Thread 3 ] DEBUG Engine               - isGameMenuEnabled: true
20:36:30.311 [FXGL Background Thread 3 ] DEBUG Engine               - isIOS: false
20:36:30.311 [FXGL Background Thread 3 ] DEBUG Engine               - isIntroEnabled: false
20:36:30.311 [FXGL Background Thread 3 ] DEBUG Engine               - isLinux: false
20:36:30.311 [FXGL Background Thread 3 ] DEBUG Engine               - isMac: false
20:36:30.311 [FXGL Background Thread 3 ] DEBUG Engine               - isMainMenuEnabled: false
20:36:30.312 [FXGL Background Thread 3 ] DEBUG Engine               - isManualResizeEnabled: false
20:36:30.312 [FXGL Background Thread 3 ] DEBUG Engine               - isMobile: false
20:36:30.312 [FXGL Background Thread 3 ] DEBUG Engine               - isNative: false
20:36:30.312 [FXGL Background Thread 3 ] DEBUG Engine               - isPauseMusicWhenMinimized: true
20:36:30.312 [FXGL Background Thread 3 ] DEBUG Engine               - isPreserveResizeRatio: false
20:36:30.312 [FXGL Background Thread 3 ] DEBUG Engine               - isProfilingEnabled: false
20:36:30.312 [FXGL Background Thread 3 ] DEBUG Engine               - isScaleAffectedOnResize: true
20:36:30.312 [FXGL Background Thread 3 ] DEBUG Engine               - isSingleStep: false
20:36:30.312 [FXGL Background Thread 3 ] DEBUG Engine               - isUserProfileEnabled: false
20:36:30.312 [FXGL Background Thread 3 ] DEBUG Engine               - isWindows: true
20:36:30.312 [FXGL Background Thread 3 ] DEBUG Engine               - language: ObjectProperty [value: ENGLISH]
20:36:30.312 [FXGL Background Thread 3 ] DEBUG Engine               - menuKey: ESCAPE
20:36:30.312 [FXGL Background Thread 3 ] DEBUG Engine               - mouseSensitivity: 0.2
20:36:30.312 [FXGL Background Thread 3 ] DEBUG Engine               - notificationViewClass: class com.almasb.fxgl.notification.view.XboxNotificationView
20:36:30.312 [FXGL Background Thread 3 ] DEBUG Engine               - pixelsPerMeter: 50.0
20:36:30.312 [FXGL Background Thread 3 ] DEBUG Engine               - platform: WINDOWS
20:36:30.312 [FXGL Background Thread 3 ] DEBUG Engine               - prefHeightProperty: ReadOnlyDoubleProperty [value: 600.0]
20:36:30.312 [FXGL Background Thread 3 ] DEBUG Engine               - prefWidthProperty: ReadOnlyDoubleProperty [value: 800.0]
20:36:30.312 [FXGL Background Thread 3 ] DEBUG Engine               - profileDir: profiles/
20:36:30.312 [FXGL Background Thread 3 ] DEBUG Engine               - profileName: StringProperty [value: DEFAULT]
20:36:30.312 [FXGL Background Thread 3 ] DEBUG Engine               - randomSeed: -1
20:36:30.312 [FXGL Background Thread 3 ] DEBUG Engine               - runtimeInfo: RuntimeInfo(platform=WINDOWS, version=21.1, build=26.03.2024 17.33)
20:36:30.312 [FXGL Background Thread 3 ] DEBUG Engine               - saveFileExt: sav
20:36:30.312 [FXGL Background Thread 3 ] DEBUG Engine               - scaledHeightProp$fxgl: DoubleProperty [bound, value: 600.0]
20:36:30.312 [FXGL Background Thread 3 ] DEBUG Engine               - scaledWidthProp$fxgl: DoubleProperty [bound, value: 800.0]
20:36:30.312 [FXGL Background Thread 3 ] DEBUG Engine               - sceneFactory: com.almasb.fxgl.app.scene.SceneFactory@2415f864
20:36:30.312 [FXGL Background Thread 3 ] DEBUG Engine               - secondsIn24h: 60
20:36:30.312 [FXGL Background Thread 3 ] DEBUG Engine               - soundMenuBack: menu/back.wav
20:36:30.312 [FXGL Background Thread 3 ] DEBUG Engine               - soundMenuPress: menu/press.wav
20:36:30.312 [FXGL Background Thread 3 ] DEBUG Engine               - soundMenuSelect: menu/select.wav
20:36:30.312 [FXGL Background Thread 3 ] DEBUG Engine               - soundNotification: core/notification.wav
20:36:30.313 [FXGL Background Thread 3 ] DEBUG Engine               - stageStyle: DECORATED
20:36:30.313 [FXGL Background Thread 3 ] DEBUG Engine               - supportedLanguages: [ENGLISH, FRENCH, GERMAN, HUNGARIAN, RUSSIAN]
20:36:30.313 [FXGL Background Thread 3 ] DEBUG Engine               - ticksPerSecond: -1
20:36:30.313 [FXGL Background Thread 3 ] DEBUG Engine               - title: Among Us UNEG
20:36:30.313 [FXGL Background Thread 3 ] DEBUG Engine               - urlGithub: https://github.com/AlmasB/FXGL
20:36:30.313 [FXGL Background Thread 3 ] DEBUG Engine               - urlLeaderboard: http://fxgl-top.herokuapp.com/
20:36:30.313 [FXGL Background Thread 3 ] DEBUG Engine               - urlPOM: https://raw.githubusercontent.com/AlmasB/FXGL/release/README.md
20:36:30.313 [FXGL Background Thread 3 ] DEBUG Engine               - userAppClass: class main.java.amongUs.AppPrincipal
20:36:30.313 [FXGL Background Thread 3 ] DEBUG Engine               - version: 0.0
20:36:30.313 [FXGL Background Thread 3 ] DEBUG Engine               - versionCheckDays: 7
20:36:30.313 [FXGL Background Thread 3 ] DEBUG Engine               - width: 800
20:36:30.313 [FXGL Background Thread 3 ] DEBUG Engine               - Logging services
20:36:30.313 [FXGL Background Thread 3 ] DEBUG Engine               - class com.almasb.fxgl.app.services.FXGLAssetLoaderService
20:36:30.313 [FXGL Background Thread 3 ] DEBUG Engine               - class com.almasb.fxgl.app.FXGLApplication$GameApplicationService
20:36:30.313 [FXGL Background Thread 3 ] DEBUG Engine               - class com.almasb.fxgl.app.services.FXGLDialogService
20:36:30.313 [FXGL Background Thread 3 ] DEBUG Engine               - class com.almasb.fxgl.app.services.IOTaskExecutorService
20:36:30.313 [FXGL Background Thread 3 ] DEBUG Engine               - class com.almasb.fxgl.io.FileSystemService
20:36:30.313 [FXGL Background Thread 3 ] DEBUG Engine               - class com.almasb.fxgl.localization.LocalizationService
20:36:30.313 [FXGL Background Thread 3 ] DEBUG Engine               - class com.almasb.fxgl.app.services.SystemBundleService
20:36:30.313 [FXGL Background Thread 3 ] DEBUG Engine               - class com.almasb.fxgl.profile.SaveLoadService
20:36:30.313 [FXGL Background Thread 3 ] DEBUG Engine               - class com.almasb.fxgl.ui.FXGLUIFactoryServiceProvider
20:36:30.314 [FXGL Background Thread 3 ] DEBUG Engine               - class com.almasb.fxgl.ui.FXGLDialogFactoryServiceProvider
20:36:30.314 [FXGL Background Thread 3 ] DEBUG Engine               - class com.almasb.fxgl.audio.AudioPlayer
20:36:30.314 [FXGL Background Thread 3 ] DEBUG Engine               - class com.almasb.fxgl.notification.impl.NotificationServiceProvider
20:36:30.314 [FXGL Background Thread 3 ] DEBUG Engine               - class com.almasb.fxgl.achievement.AchievementService
20:36:30.314 [FXGL Background Thread 3 ] DEBUG Engine               - class com.almasb.fxgl.cutscene.CutsceneService
20:36:30.314 [FXGL Background Thread 3 ] DEBUG Engine               - class com.almasb.fxgl.minigames.MiniGameService
20:36:30.314 [FXGL Background Thread 3 ] DEBUG Engine               - class com.almasb.fxgl.net.NetService
20:36:30.314 [FXGL Background Thread 3 ] DEBUG Engine               - class com.almasb.fxgl.app.services.UpdaterService
20:36:30.314 [FXGL Background Thread 3 ] DEBUG Engine               - class com.almasb.fxgl.dev.DevService
20:36:34.452 [JavaFX Application Thread] DEBUG FXGLAssetLoaderServi - Loading from file system: file:/C:/Users/nicol/Desktop/amongu/out/production/Among%20Us/assets/sounds/clickBoton.wav
20:36:38.554 [JavaFX Application Thread] DEBUG FXGLAssetLoaderServi - Loading from file system: file:/C:/Users/nicol/Desktop/amongu/out/production/Among%20Us/assets/textures/tripulante_blanco.png
20:36:41.856 [JavaFX Application Thread] DEBUG FXGLAssetLoaderServi - Loading from file system: file:/C:/Users/nicol/Desktop/amongu/out/production/Among%20Us/assets/textures/tripulante_morado.png
20:36:42.848 [JavaFX Application Thread] WARN  TMXLevelLoader       - TiledMap generated from 1.11.2. Supported version: 1.9.0. Some features may not be parsed fully.
20:36:42.869 [JavaFX Application Thread] DEBUG TMXLevelLoader       - Parsed TiledMap: file:/C:/Users/nicol/Desktop/amongu/out/production/Among%20Us/assets/levels/mapa2.tmx
20:36:42.870 [JavaFX Application Thread] DEBUG TMXLevelLoader       - Creating tile layer entities
20:36:42.871 [JavaFX Application Thread] DEBUG TilesetLoader        - Loading view for layer fondo1
20:36:42.872 [JavaFX Application Thread] DEBUG TilesetLoader        - Created buffer with size 992.0x960.0
20:36:42.880 [JavaFX Application Thread] DEBUG TilesetLoader        - Loading view for layer fondo
20:36:42.881 [JavaFX Application Thread] DEBUG TilesetLoader        - Created buffer with size 992.0x960.0
20:36:42.886 [JavaFX Application Thread] DEBUG TilesetLoader        - Loading view for layer piso
20:36:42.887 [JavaFX Application Thread] DEBUG TilesetLoader        - Created buffer with size 992.0x960.0
20:36:42.892 [JavaFX Application Thread] DEBUG TilesetLoader        - Loading view for layer piso1
20:36:42.894 [JavaFX Application Thread] DEBUG TilesetLoader        - Created buffer with size 992.0x960.0
20:36:42.899 [JavaFX Application Thread] DEBUG TilesetLoader        - Loading view for layer izquierda
20:36:42.900 [JavaFX Application Thread] DEBUG TilesetLoader        - Created buffer with size 992.0x960.0
20:36:42.904 [JavaFX Application Thread] DEBUG TilesetLoader        - Loading view for layer detallesatraspared
20:36:42.905 [JavaFX Application Thread] DEBUG TilesetLoader        - Created buffer with size 992.0x960.0
20:36:42.928 [JavaFX Application Thread] DEBUG TilesetLoader        - Loading view for layer pared2
20:36:42.929 [JavaFX Application Thread] DEBUG TilesetLoader        - Created buffer with size 992.0x960.0
20:36:42.935 [JavaFX Application Thread] DEBUG TilesetLoader        - Loading view for layer techo1
20:36:42.936 [JavaFX Application Thread] DEBUG TilesetLoader        - Created buffer with size 992.0x960.0
20:36:42.937 [JavaFX Application Thread] DEBUG TilesetLoader        - Loading view for layer techo2
20:36:42.939 [JavaFX Application Thread] DEBUG TilesetLoader        - Created buffer with size 992.0x960.0
20:36:42.942 [JavaFX Application Thread] DEBUG TilesetLoader        - Loading view for layer puertita
20:36:42.943 [JavaFX Application Thread] DEBUG TilesetLoader        - Created buffer with size 992.0x960.0
20:36:42.944 [JavaFX Application Thread] DEBUG TilesetLoader        - Loading view for layer puerta
20:36:42.945 [JavaFX Application Thread] DEBUG TilesetLoader        - Created buffer with size 992.0x960.0
20:36:42.947 [JavaFX Application Thread] DEBUG TilesetLoader        - Loading view for layer detalles
20:36:42.948 [JavaFX Application Thread] DEBUG TilesetLoader        - Created buffer with size 992.0x960.0
20:36:42.963 [JavaFX Application Thread] DEBUG TilesetLoader        - Loading view for layer detalles 2
20:36:42.964 [JavaFX Application Thread] DEBUG TilesetLoader        - Created buffer with size 992.0x960.0
20:36:42.973 [JavaFX Application Thread] DEBUG TilesetLoader        - Loading view for layer detalles3
20:36:42.974 [JavaFX Application Thread] DEBUG TilesetLoader        - Created buffer with size 992.0x960.0
20:36:42.991 [JavaFX Application Thread] DEBUG TilesetLoader        - Loading view for layer grieta
20:36:42.992 [JavaFX Application Thread] DEBUG TilesetLoader        - Created buffer with size 992.0x960.0
20:36:42.992 [JavaFX Application Thread] DEBUG TilesetLoader        - Loading view for layer camaras
20:36:42.993 [JavaFX Application Thread] DEBUG TilesetLoader        - Created buffer with size 992.0x960.0
20:36:42.995 [JavaFX Application Thread] DEBUG TilesetLoader        - Loading view for layer Techo
20:36:42.995 [JavaFX Application Thread] DEBUG TilesetLoader        - Created buffer with size 992.0x960.0
20:36:42.996 [JavaFX Application Thread] DEBUG TMXLevelLoader       - Creating object layer entities
20:36:43.039 [JavaFX Application Thread] DEBUG GameWorld            - Clearing removable entities
20:36:43.039 [JavaFX Application Thread] DEBUG GameWorld            - Setting level: com.almasb.fxgl.entity.level.Level@18f0d6a4
20:36:43.052 [JavaFX Application Thread] DEBUG FXGLAssetLoaderServi - Loading from file system: file:/C:/Users/nicol/Desktop/amongu/out/production/Among%20Us/assets/textures/MonitorDeCamaras.png
20:36:43.065 [JavaFX Application Thread] DEBUG FXGLAssetLoaderServi - Loading from file system: file:/C:/Users/nicol/Desktop/amongu/out/production/Among%20Us/assets/textures/flechaAmarillaIzq.png
20:36:43.068 [JavaFX Application Thread] DEBUG FXGLAssetLoaderServi - Loading from file system: file:/C:/Users/nicol/Desktop/amongu/out/production/Among%20Us/assets/textures/flechaAmarillaDer.png
20:36:43.073 [JavaFX Application Thread] DEBUG FXGLAssetLoaderServi - Loading from file system: file:/C:/Users/nicol/Desktop/amongu/out/production/Among%20Us/assets/textures/animacion_fantasma.png
20:36:43.075 [JavaFX Application Thread] WARN  FXGLAssetLoaderServi - Asset "/assets/textures/morado_muerto.png" was not found!
20:36:43.075 [JavaFX Application Thread] WARN  FXGLAssetLoaderServi - Failed to load IMAGE
20:36:43.081 [JavaFX Application Thread] DEBUG FXGLAssetLoaderServi - Loading from file system: file:/C:/Users/nicol/Desktop/amongu/out/production/Among%20Us/assets/textures/animacion_morado.png
20:36:43.082 [JavaFX Application Thread] DEBUG FXGLAssetLoaderServi - Loading from file system: file:/C:/Users/nicol/Desktop/amongu/out/production/Among%20Us/assets/textures/alcantarilla_morado.png
20:36:43.083 [JavaFX Application Thread] DEBUG FXGLAssetLoaderServi - Loading from file system: file:/C:/Users/nicol/Desktop/amongu/out/production/Among%20Us/assets/textures/alcantarilla_moradoE.png
20:36:43.091 [JavaFX Application Thread] DEBUG FXGLAssetLoaderServi - Loading from file system: file:/C:/Users/nicol/Desktop/amongu/out/production/Among%20Us/assets/textures/accionNegada.png
20:36:43.095 [JavaFX Application Thread] DEBUG FXGLAssetLoaderServi - Loading from file system: file:/C:/Users/nicol/Desktop/amongu/out/production/Among%20Us/assets/textures/animacion_extintor.png
20:36:43.104 [JavaFX Application Thread] DEBUG FXGLAssetLoaderServi - Loading from file system: file:/C:/Users/nicol/Desktop/amongu/out/production/Among%20Us/assets/textures/animacion_datos.png
20:36:43.134 [JavaFX Application Thread] DEBUG FXGLAssetLoaderServi - Loading from file system: file:/C:/Users/nicol/Desktop/amongu/out/production/Among%20Us/assets/textures/barra_0.png
20:36:43.138 [JavaFX Application Thread] DEBUG FXGLAssetLoaderServi - Loading from file system: file:/C:/Users/nicol/Desktop/amongu/out/production/Among%20Us/assets/textures/pantalla_tripulante.png
20:37:07.542 [JavaFX Application Thread] DEBUG FXGLAssetLoaderServi - Loading from file system: file:/C:/Users/nicol/Desktop/amongu/out/production/Among%20Us/assets/textures/accion.png
20:37:10.713 [JavaFX Application Thread] DEBUG FXGLAssetLoaderServi - Loading from file system: file:/C:/Users/nicol/Desktop/amongu/out/production/Among%20Us/assets/textures/panel_datos.png
20:37:23.989 [JavaFX Application Thread] DEBUG FXGLAssetLoaderServi - Loading from file system: file:/C:/Users/nicol/Desktop/amongu/out/production/Among%20Us/assets/textures/datos_terminado.png
20:37:24.904 [JavaFX Application Thread] DEBUG FXGLAssetLoaderServi - Loading from file system: file:/C:/Users/nicol/Desktop/amongu/out/production/Among%20Us/assets/textures/barra_1.png
20:37:44.186 [JavaFX Application Thread] DEBUG Input                - Mocking key press: C
20:37:44.187 [JavaFX Application Thread] DEBUG Input                - Mocking key release: C
20:40:21.270 [JavaFX Application Thread] DEBUG FXGLAssetLoaderServi - Loading from file system: file:/C:/Users/nicol/Desktop/amongu/out/production/Among%20Us/assets/textures/panel_extintor.png
20:40:36.021 [JavaFX Application Thread] DEBUG FXGLAssetLoaderServi - Loading from file system: file:/C:/Users/nicol/Desktop/amongu/out/production/Among%20Us/assets/textures/extintor_apagado.png
20:40:37.079 [JavaFX Application Thread] DEBUG FXGLAssetLoaderServi - Loading from file system: file:/C:/Users/nicol/Desktop/amongu/out/production/Among%20Us/assets/textures/barra_2.png
20:40:53.386 [JavaFX Application Thread] DEBUG FXGLApplication      - Exiting FXGL
20:40:53.386 [JavaFX Application Thread] DEBUG LoopRunner           - Stopping loop
20:40:53.387 [JavaFX Application Thread] DEBUG SystemBundleService  - Saving FXGL system data
20:40:53.393 [JavaFX Application Thread] DEBUG FileSystemAccess     - Writing to: C:\Users\nicol\Desktop\amongu\system\fxgl.bundle
20:40:53.395 [JavaFX Application Thread] DEBUG Async                - Shutting down background threads
20:40:53.395 [JavaFX Application Thread] DEBUG PrimaryStageWindow   - Closing main window
20:40:53.412 [JavaFX Application Thread] DEBUG Logger               - Closing Logger
