00:04:31.365 [main                     ] DEBUG Logger               - Configured Logger
00:04:31.395 [main                     ] DEBUG GameApplication      - Logging settings
Title: Among Us UNEG
Version: 0.0
Width: 800
Height: 600
Fullscreen: false
Intro: false
Profiling: false
Single step:false
App Mode: DEVELOPER
Menu Key: ESCAPE
Stage Style: DECORATED
Scene Factory: class com.almasb.fxgl.app.scene.SceneFactory

00:04:32.617 [JavaFX Application Thread] DEBUG FXGLApplication      - Initializing FXGL
00:04:32.624 [JavaFX Application Thread] INFO  Engine               - FXGL-21.1 (26.03.2024 17.33) on WINDOWS (J:25.0.2 FX:21.0.1)
00:04:32.625 [JavaFX Application Thread] DEBUG Engine               - JRE Vendor Name: Oracle Corporation
00:04:32.625 [JavaFX Application Thread] DEBUG Engine               - Running on OS: Windows 11 version 10.0
00:04:32.625 [JavaFX Application Thread] DEBUG Engine               - Architecture: amd64
00:04:32.625 [JavaFX Application Thread] INFO  Engine               - Source code and latest versions at: https://github.com/AlmasB/FXGL
00:04:32.626 [JavaFX Application Thread] INFO  Engine               -       Ask questions and discuss at: https://github.com/AlmasB/FXGL/discussions
00:04:32.626 [JavaFX Application Thread] INFO  Engine               -              Join the FXGL chat at: https://gitter.im/AlmasB/FXGL
00:04:32.899 [JavaFX Application Thread] DEBUG PrimaryStageWindow   - Creating a JavaFX scene
00:04:33.044 [JavaFX Application Thread] DEBUG PrimaryStageWindow   - Target settings size: 800.0 x 600.0
00:04:33.044 [JavaFX Application Thread] DEBUG PrimaryStageWindow   - Scaled scene size:    800.0 x 600.0
00:04:33.044 [JavaFX Application Thread] DEBUG PrimaryStageWindow   - Scaled ratio: (1.0, 1.0)
00:04:33.047 [JavaFX Application Thread] DEBUG PrimaryStageWindow   - Set initial scene to FXGLStartupScene
00:04:33.053 [JavaFX Application Thread] DEBUG PrimaryStageWindow   - Opening main window
00:04:33.267 [JavaFX Application Thread] DEBUG PrimaryStageWindow   - Window border size: (16.0, 39.0)
00:04:33.267 [JavaFX Application Thread] DEBUG PrimaryStageWindow   - Scaled size: 800.0 x 600.0
00:04:33.267 [JavaFX Application Thread] DEBUG PrimaryStageWindow   - Scaled ratio: (1.0, 1.0)
00:04:33.268 [JavaFX Application Thread] DEBUG PrimaryStageWindow   - Scene size: 800.0 x 600.0
00:04:33.268 [JavaFX Application Thread] DEBUG PrimaryStageWindow   - Stage size: 816.0 x 639.0
00:04:33.384 [FXGL Background Thread 1 ] DEBUG Engine               - Initializing environment variables
00:04:33.543 [FXGL Background Thread 1 ] DEBUG FXGLAssetLoaderServi - User app class for loading assets: class main.java.amongUs.AppPrincipal
00:04:33.544 [FXGL Background Thread 1 ] DEBUG GameApplicationServi - Applying CSS: fxgl_dark.css
00:04:33.545 [FXGL Background Thread 1 ] DEBUG FXGLAssetLoaderServi - Loading from file system: jar:file:/C:/Users/josue/OneDrive/Desktop/proyecto%20java/Among%20Us/lib/fxgl-21.1-uber.jar!/fxglassets/ui/css/fxgl_dark.css
00:04:33.752 [FXGL Background Thread 1 ] DEBUG GameApplicationServi - Initializing application scenes
00:04:33.967 [FXGL Background Thread 1 ] DEBUG GameWorld            - Game world initialized
00:04:34.057 [FXGL Background Thread 1 ] DEBUG PhysicsWorld         - Physics world initialized: appHeight=600, physics.ppm=50,0
00:04:34.058 [FXGL Background Thread 1 ] DEBUG PhysicsWorld         - Using strategy: BRUTE_FORCE
00:04:34.064 [FXGL Background Thread 1 ] DEBUG GameScene            - Game scene initialized: 800x600
00:04:34.090 [FXGL Background Thread 1 ] DEBUG FXGL.DefaultMenu     - createMenuBodyGameMenu()
00:04:34.123 [FXGL Background Thread 1 ] DEBUG FXGL.DefaultMenu     - createOptionsMenu()
00:04:34.168 [FXGL Background Thread 1 ] DEBUG FXGLAssetLoaderServi - Loading from file system: jar:file:/C:/Users/josue/OneDrive/Desktop/proyecto%20java/Among%20Us/lib/fxgl-21.1-uber.jar!/fxglassets/textures/particles/smoke.png
00:04:34.552 [FXGL Background Thread 1 ] DEBUG FXGLAssetLoaderServi - Loading from file system: jar:file:/C:/Users/josue/OneDrive/Desktop/proyecto%20java/Among%20Us/lib/fxgl-21.1-uber.jar!/fxglassets/textures/particles/trace_horizontal.png
00:04:34.606 [FXGL Background Thread 1 ] DEBUG GameApplicationServi - Application scenes initialized
00:04:34.637 [FXGL Background Thread 1 ] DEBUG SystemBundleService  - Loading FXGL system data
00:04:34.645 [FXGL Background Thread 1 ] DEBUG FileSystemAccess     - Reading from: C:\Users\josue\OneDrive\Desktop\proyecto java\Among Us\system\fxgl.bundle
00:04:34.657 [FXGL Background Thread 1 ] DEBUG SystemBundleService  - Bundle FXGL: {}
00:04:34.657 [FXGL Background Thread 1 ] DEBUG UpdaterService       - Checking for updates
00:04:34.666 [FXGL Background Thread 1 ] DEBUG FXGLApplication      - Loading default localization
00:04:34.667 [FXGL Background Thread 1 ] DEBUG FXGLAssetLoaderServi - Loading from file system: jar:file:/C:/Users/josue/OneDrive/Desktop/proyecto%20java/Among%20Us/lib/fxgl-21.1-uber.jar!/fxglassets/languages/english.lang
00:04:34.697 [FXGL Background Thread 1 ] INFO  FXGLApplication      - FXGL initialization took: 1,312 sec
00:04:34.714 [JavaFX Application Thread] DEBUG Input                - Registered new binding: Mover Arriba - W
00:04:34.714 [JavaFX Application Thread] DEBUG Input                - Registered new binding: Mover Abajo - S
00:04:34.715 [JavaFX Application Thread] DEBUG Input                - Registered new binding: Mover Izquierda - A
00:04:34.715 [JavaFX Application Thread] DEBUG Input                - Registered new binding: Mover Derecha - D
00:04:34.715 [JavaFX Application Thread] DEBUG Input                - Registered new binding: Abrir Camaras - C
00:04:34.715 [JavaFX Application Thread] DEBUG Input                - Registered new binding: Usar Alcantarilla - Space
00:04:34.715 [JavaFX Application Thread] DEBUG Input                - Registered new binding: Vent Izquierda - Left
00:04:34.715 [JavaFX Application Thread] DEBUG Input                - Registered new binding: Vent Derecha - Right
00:04:34.716 [JavaFX Application Thread] DEBUG Input                - Registered new binding: Vent Arriba - Up
00:04:34.716 [JavaFX Application Thread] DEBUG Input                - Registered new binding: Vent Abajo - Down
00:04:34.716 [JavaFX Application Thread] DEBUG Input                - Registered new binding: Matar Jugador - Q
00:04:34.716 [JavaFX Application Thread] DEBUG FXGLAssetLoaderServi - Loading from file system: file:/C:/Users/josue/OneDrive/Desktop/proyecto%20java/Among%20Us/out/production/Among%20Us/assets/textures/icono.png
00:04:34.808 [FXGL Background Thread 4 ] DEBUG FXGLApplication      - Loading fonts
00:04:34.808 [FXGL Background Thread 4 ] DEBUG FXGLAssetLoaderServi - Loading from file system: jar:file:/C:/Users/josue/OneDrive/Desktop/proyecto%20java/Among%20Us/lib/fxgl-21.1-uber.jar!/fxglassets/ui/fonts/VarelaRound-Regular.ttf
00:04:34.854 [JavaFX Application Thread] DEBUG FXGLAssetLoaderServi - Loading from file system: jar:file:/C:/Users/josue/OneDrive/Desktop/proyecto%20java/Among%20Us/lib/fxgl-21.1-uber.jar!/fxglassets/textures/fxgl_default_cursor.png
00:04:34.864 [JavaFX Application Thread] DEBUG Input                - Registered new binding: Screenshot - CTRL+8
00:04:34.865 [JavaFX Application Thread] DEBUG Input                - Registered new binding: System info dump - CTRL+9
00:04:34.868 [JavaFX Application Thread] DEBUG Input                - Registered new binding: Restart - CTRL+R
00:04:34.872 [JavaFX Application Thread] DEBUG Input                - Registered new binding: Toggle Debug Camera - CTRL+7
00:04:34.884 [JavaFX Application Thread] DEBUG LoopRunner           - Starting loop
00:04:34.885 [JavaFX Application Thread] DEBUG LoopRunner           - Initializing JavaFX AnimationTimerLoop
00:04:34.888 [JavaFX Application Thread] DEBUG GameApplicationServi - Starting new game
00:04:34.894 [JavaFX Application Thread] DEBUG Input                - Clearing active input actions
00:04:34.962 [JavaFX Application Thread] DEBUG GameApplicationServi - Removing overlay from FXGLStartupScene and adding to FXGLLoadingScene
00:04:34.962 [JavaFX Application Thread] DEBUG PrimaryStageWindow   - FXGLStartupScene -> FXGLLoadingScene
00:04:34.962 [JavaFX Application Thread] DEBUG GameApplicationServi - Clearing previous game
00:04:34.963 [JavaFX Application Thread] DEBUG GameScene            - Clearing game scene
00:04:34.963 [JavaFX Application Thread] DEBUG GameWorld            - Clearing game world
00:04:34.963 [JavaFX Application Thread] DEBUG PhysicsWorld         - Clearing physics world
00:04:34.964 [FXGL Background Thread 1 ] DEBUG FXGLApplication      - Initializing game
00:04:34.973 [FXGL Background Thread 1 ] DEBUG FXGLAssetLoaderServi - Loading from file system: file:/C:/Users/josue/OneDrive/Desktop/proyecto%20java/Among%20Us/out/production/Among%20Us/assets/textures/MonitorDeCamaras.png
00:04:35.033 [FXGL Background Thread 1 ] DEBUG FXGLAssetLoaderServi - Loading from file system: file:/C:/Users/josue/OneDrive/Desktop/proyecto%20java/Among%20Us/out/production/Among%20Us/assets/textures/flechaAmarillaIzq.png
00:04:35.044 [FXGL Background Thread 1 ] DEBUG FXGLAssetLoaderServi - Loading from file system: file:/C:/Users/josue/OneDrive/Desktop/proyecto%20java/Among%20Us/out/production/Among%20Us/assets/textures/flechaAmarillaDer.png
00:04:35.049 [FXGL Background Thread 1 ] DEBUG FXGLAssetLoaderServi - Loading from file system: file:/C:/Users/josue/OneDrive/Desktop/proyecto%20java/Among%20Us/out/production/Among%20Us/assets/music/musicaMenu.mp3
00:04:35.588 [FXGL Background Thread 1 ] DEBUG AudioPlayer          - Playing music com.almasb.fxgl.audio.Music@11f836ad
00:04:36.517 [FXGL Background Thread 1 ] INFO  FXGLApplication      - Game initialization took: 1,552 sec
00:04:36.562 [JavaFX Application Thread] DEBUG Input                - Clearing active input actions
00:04:36.571 [JavaFX Application Thread] DEBUG GameApplicationServi - Removing overlay from FXGLLoadingScene and adding to GameScene
00:04:36.571 [JavaFX Application Thread] DEBUG PrimaryStageWindow   - FXGLLoadingScene -> GameScene
00:04:36.884 [FXGL Background Thread 4 ] DEBUG FXGLAssetLoaderServi - Loading from file system: jar:file:/C:/Users/josue/OneDrive/Desktop/proyecto%20java/Among%20Us/lib/fxgl-21.1-uber.jar!/fxglassets/ui/fonts/Abel-Regular.ttf
00:04:36.908 [FXGL Background Thread 4 ] DEBUG FXGLAssetLoaderServi - Loading from file system: jar:file:/C:/Users/josue/OneDrive/Desktop/proyecto%20java/Among%20Us/lib/fxgl-21.1-uber.jar!/fxglassets/ui/fonts/TerminalLandMono-Regular.otf
00:04:36.943 [FXGL Background Thread 4 ] DEBUG FXGLAssetLoaderServi - Loading from file system: jar:file:/C:/Users/josue/OneDrive/Desktop/proyecto%20java/Among%20Us/lib/fxgl-21.1-uber.jar!/fxglassets/ui/fonts/Courier-Prime.ttf
00:04:36.968 [JavaFX Application Thread] DEBUG FXGLApplication      - Registering font factories with UI factory
00:04:37.783 [FXGL Background Thread 3 ] DEBUG Engine               - Logging environment variables
00:04:37.955 [FXGL Background Thread 3 ] DEBUG Engine               - achievements: []
00:04:37.955 [FXGL Background Thread 3 ] DEBUG Engine               - actualHeight: 600.0
00:04:37.955 [FXGL Background Thread 3 ] DEBUG Engine               - actualHeightProperty: ReadOnlyDoubleProperty [value: 600.0]
00:04:37.956 [FXGL Background Thread 3 ] DEBUG Engine               - actualWidth: 800.0
00:04:37.956 [FXGL Background Thread 3 ] DEBUG Engine               - actualWidthProperty: ReadOnlyDoubleProperty [value: 800.0]
00:04:37.956 [FXGL Background Thread 3 ] DEBUG Engine               - appIcon: icono.png
00:04:37.956 [FXGL Background Thread 3 ] DEBUG Engine               - applicationMode: DEVELOPER
00:04:37.956 [FXGL Background Thread 3 ] DEBUG Engine               - cSSList: [fxgl_dark.css]
00:04:37.956 [FXGL Background Thread 3 ] DEBUG Engine               - collisionDetectionStrategy: BRUTE_FORCE
00:04:37.956 [FXGL Background Thread 3 ] DEBUG Engine               - configClass: Optional.empty
00:04:37.956 [FXGL Background Thread 3 ] DEBUG Engine               - credits: []
00:04:37.957 [FXGL Background Thread 3 ] DEBUG Engine               - defaultCursor: CursorInfo(imageName=fxgl_default_cursor.png, hotspotX=7.0, hotspotY=6.0)
00:04:37.957 [FXGL Background Thread 3 ] DEBUG Engine               - devBBoxColorProperty: ObjectProperty [value: 0xff0000ff]
00:04:37.957 [FXGL Background Thread 3 ] DEBUG Engine               - devEnableDebugCameraProperty: BooleanProperty [value: false]
00:04:37.957 [FXGL Background Thread 3 ] DEBUG Engine               - devSensorColorProperty: ObjectProperty [value: 0xffff00ff]
00:04:37.957 [FXGL Background Thread 3 ] DEBUG Engine               - devShowBBoxProperty: BooleanProperty [value: false]
00:04:37.957 [FXGL Background Thread 3 ] DEBUG Engine               - devShowPositionProperty: BooleanProperty [value: false]
00:04:37.957 [FXGL Background Thread 3 ] DEBUG Engine               - enabledMenuItems: []
00:04:37.957 [FXGL Background Thread 3 ] DEBUG Engine               - engineServices: [class com.almasb.fxgl.app.services.FXGLAssetLoaderService, class com.almasb.fxgl.app.FXGLApplication$GameApplicationService, class com.almasb.fxgl.app.services.FXGLDialogService, class com.almasb.fxgl.app.services.IOTaskExecutorService, class com.almasb.fxgl.io.FileSystemService, class com.almasb.fxgl.localization.LocalizationService, class com.almasb.fxgl.app.services.SystemBundleService, class com.almasb.fxgl.profile.SaveLoadService, class com.almasb.fxgl.ui.FXGLUIFactoryServiceProvider, class com.almasb.fxgl.ui.FXGLDialogFactoryServiceProvider, class com.almasb.fxgl.audio.AudioPlayer, class com.almasb.fxgl.notification.impl.NotificationServiceProvider, class com.almasb.fxgl.achievement.AchievementService, class com.almasb.fxgl.cutscene.CutsceneService, class com.almasb.fxgl.minigames.MiniGameService, class com.almasb.fxgl.net.NetService, class com.almasb.fxgl.app.services.UpdaterService, class com.almasb.fxgl.dev.DevService]
00:04:37.957 [FXGL Background Thread 3 ] DEBUG Engine               - fontGame: Abel-Regular.ttf
00:04:37.957 [FXGL Background Thread 3 ] DEBUG Engine               - fontMono: TerminalLandMono-Regular.otf
00:04:37.957 [FXGL Background Thread 3 ] DEBUG Engine               - fontSizeScaleUI: 1.0
00:04:37.957 [FXGL Background Thread 3 ] DEBUG Engine               - fontText: Courier-Prime.ttf
00:04:37.957 [FXGL Background Thread 3 ] DEBUG Engine               - fontUI: VarelaRound-Regular.ttf
00:04:37.958 [FXGL Background Thread 3 ] DEBUG Engine               - fullScreen: BooleanProperty [value: false]
00:04:37.961 [FXGL Background Thread 3 ] DEBUG Engine               - gameDifficulty: MEDIUM
00:04:37.962 [FXGL Background Thread 3 ] DEBUG Engine               - gameDifficultyProperty: ObjectProperty [value: MEDIUM]
00:04:37.962 [FXGL Background Thread 3 ] DEBUG Engine               - globalMusicVolume: 0.5
00:04:37.962 [FXGL Background Thread 3 ] DEBUG Engine               - globalMusicVolumeProperty: DoubleProperty [value: 0.4]
00:04:37.962 [FXGL Background Thread 3 ] DEBUG Engine               - globalSoundVolume: 0.5
00:04:37.962 [FXGL Background Thread 3 ] DEBUG Engine               - globalSoundVolumeProperty: DoubleProperty [value: 0.5]
00:04:37.962 [FXGL Background Thread 3 ] DEBUG Engine               - height: 600
00:04:37.962 [FXGL Background Thread 3 ] DEBUG Engine               - is3D: false
00:04:37.962 [FXGL Background Thread 3 ] DEBUG Engine               - isAndroid: false
00:04:37.962 [FXGL Background Thread 3 ] DEBUG Engine               - isBrowser: false
00:04:37.962 [FXGL Background Thread 3 ] DEBUG Engine               - isClickFeedbackEnabled: false
00:04:37.962 [FXGL Background Thread 3 ] DEBUG Engine               - isCloseConfirmation: false
00:04:37.962 [FXGL Background Thread 3 ] DEBUG Engine               - isDesktop: true
00:04:37.963 [FXGL Background Thread 3 ] DEBUG Engine               - isDeveloperMenuEnabled: false
00:04:37.963 [FXGL Background Thread 3 ] DEBUG Engine               - isEmbedded: false
00:04:37.963 [FXGL Background Thread 3 ] DEBUG Engine               - isEntityPreloadEnabled: true
00:04:37.963 [FXGL Background Thread 3 ] DEBUG Engine               - isExperimentalTiledLargeMap: false
00:04:37.963 [FXGL Background Thread 3 ] DEBUG Engine               - isFileSystemWriteAllowed: true
00:04:37.963 [FXGL Background Thread 3 ] DEBUG Engine               - isFullScreenAllowed: false
00:04:37.963 [FXGL Background Thread 3 ] DEBUG Engine               - isFullScreenFromStart: false
00:04:37.963 [FXGL Background Thread 3 ] DEBUG Engine               - isGameMenuEnabled: true
00:04:37.963 [FXGL Background Thread 3 ] DEBUG Engine               - isIOS: false
00:04:37.963 [FXGL Background Thread 3 ] DEBUG Engine               - isIntroEnabled: false
00:04:37.963 [FXGL Background Thread 3 ] DEBUG Engine               - isLinux: false
00:04:37.963 [FXGL Background Thread 3 ] DEBUG Engine               - isMac: false
00:04:37.963 [FXGL Background Thread 3 ] DEBUG Engine               - isMainMenuEnabled: false
00:04:37.963 [FXGL Background Thread 3 ] DEBUG Engine               - isManualResizeEnabled: false
00:04:37.964 [FXGL Background Thread 3 ] DEBUG Engine               - isMobile: false
00:04:37.964 [FXGL Background Thread 3 ] DEBUG Engine               - isNative: false
00:04:37.964 [FXGL Background Thread 3 ] DEBUG Engine               - isPauseMusicWhenMinimized: true
00:04:37.964 [FXGL Background Thread 3 ] DEBUG Engine               - isPreserveResizeRatio: false
00:04:37.964 [FXGL Background Thread 3 ] DEBUG Engine               - isProfilingEnabled: false
00:04:37.964 [FXGL Background Thread 3 ] DEBUG Engine               - isScaleAffectedOnResize: true
00:04:37.964 [FXGL Background Thread 3 ] DEBUG Engine               - isSingleStep: false
00:04:37.964 [FXGL Background Thread 3 ] DEBUG Engine               - isUserProfileEnabled: false
00:04:37.964 [FXGL Background Thread 3 ] DEBUG Engine               - isWindows: true
00:04:37.964 [FXGL Background Thread 3 ] DEBUG Engine               - language: ObjectProperty [value: ENGLISH]
00:04:37.964 [FXGL Background Thread 3 ] DEBUG Engine               - menuKey: ESCAPE
00:04:37.964 [FXGL Background Thread 3 ] DEBUG Engine               - mouseSensitivity: 0.2
00:04:37.964 [FXGL Background Thread 3 ] DEBUG Engine               - notificationViewClass: class com.almasb.fxgl.notification.view.XboxNotificationView
00:04:37.964 [FXGL Background Thread 3 ] DEBUG Engine               - pixelsPerMeter: 50.0
00:04:37.964 [FXGL Background Thread 3 ] DEBUG Engine               - platform: WINDOWS
00:04:37.964 [FXGL Background Thread 3 ] DEBUG Engine               - prefHeightProperty: ReadOnlyDoubleProperty [value: 600.0]
00:04:37.964 [FXGL Background Thread 3 ] DEBUG Engine               - prefWidthProperty: ReadOnlyDoubleProperty [value: 800.0]
00:04:37.964 [FXGL Background Thread 3 ] DEBUG Engine               - profileDir: profiles/
00:04:37.964 [FXGL Background Thread 3 ] DEBUG Engine               - profileName: StringProperty [value: DEFAULT]
00:04:37.964 [FXGL Background Thread 3 ] DEBUG Engine               - randomSeed: -1
00:04:37.965 [FXGL Background Thread 3 ] DEBUG Engine               - runtimeInfo: RuntimeInfo(platform=WINDOWS, version=21.1, build=26.03.2024 17.33)
00:04:37.965 [FXGL Background Thread 3 ] DEBUG Engine               - saveFileExt: sav
00:04:37.965 [FXGL Background Thread 3 ] DEBUG Engine               - scaledHeightProp$fxgl: DoubleProperty [bound, value: 600.0]
00:04:37.965 [FXGL Background Thread 3 ] DEBUG Engine               - scaledWidthProp$fxgl: DoubleProperty [bound, value: 800.0]
00:04:37.965 [FXGL Background Thread 3 ] DEBUG Engine               - sceneFactory: com.almasb.fxgl.app.scene.SceneFactory@4b17366b
00:04:37.966 [FXGL Background Thread 3 ] DEBUG Engine               - secondsIn24h: 60
00:04:37.966 [FXGL Background Thread 3 ] DEBUG Engine               - soundMenuBack: menu/back.wav
00:04:37.966 [FXGL Background Thread 3 ] DEBUG Engine               - soundMenuPress: menu/press.wav
00:04:37.966 [FXGL Background Thread 3 ] DEBUG Engine               - soundMenuSelect: menu/select.wav
00:04:37.966 [FXGL Background Thread 3 ] DEBUG Engine               - soundNotification: core/notification.wav
00:04:37.966 [FXGL Background Thread 3 ] DEBUG Engine               - stageStyle: DECORATED
00:04:37.967 [FXGL Background Thread 3 ] DEBUG Engine               - supportedLanguages: [ENGLISH, FRENCH, GERMAN, HUNGARIAN, RUSSIAN]
00:04:37.967 [FXGL Background Thread 3 ] DEBUG Engine               - ticksPerSecond: -1
00:04:37.967 [FXGL Background Thread 3 ] DEBUG Engine               - title: Among Us UNEG
00:04:37.967 [FXGL Background Thread 3 ] DEBUG Engine               - urlGithub: https://github.com/AlmasB/FXGL
00:04:37.967 [FXGL Background Thread 3 ] DEBUG Engine               - urlLeaderboard: http://fxgl-top.herokuapp.com/
00:04:37.967 [FXGL Background Thread 3 ] DEBUG Engine               - urlPOM: https://raw.githubusercontent.com/AlmasB/FXGL/release/README.md
00:04:37.967 [FXGL Background Thread 3 ] DEBUG Engine               - userAppClass: class main.java.amongUs.AppPrincipal
00:04:37.967 [FXGL Background Thread 3 ] DEBUG Engine               - version: 0.0
00:04:37.967 [FXGL Background Thread 3 ] DEBUG Engine               - versionCheckDays: 7
00:04:37.967 [FXGL Background Thread 3 ] DEBUG Engine               - width: 800
00:04:37.967 [FXGL Background Thread 3 ] DEBUG Engine               - Logging services
00:04:37.967 [FXGL Background Thread 3 ] DEBUG Engine               - class com.almasb.fxgl.app.services.FXGLAssetLoaderService
00:04:37.967 [FXGL Background Thread 3 ] DEBUG Engine               - class com.almasb.fxgl.app.FXGLApplication$GameApplicationService
00:04:37.967 [FXGL Background Thread 3 ] DEBUG Engine               - class com.almasb.fxgl.app.services.FXGLDialogService
00:04:37.968 [FXGL Background Thread 3 ] DEBUG Engine               - class com.almasb.fxgl.app.services.IOTaskExecutorService
00:04:37.968 [FXGL Background Thread 3 ] DEBUG Engine               - class com.almasb.fxgl.io.FileSystemService
00:04:37.968 [FXGL Background Thread 3 ] DEBUG Engine               - class com.almasb.fxgl.localization.LocalizationService
00:04:37.968 [FXGL Background Thread 3 ] DEBUG Engine               - class com.almasb.fxgl.app.services.SystemBundleService
00:04:37.968 [FXGL Background Thread 3 ] DEBUG Engine               - class com.almasb.fxgl.profile.SaveLoadService
00:04:37.969 [FXGL Background Thread 3 ] DEBUG Engine               - class com.almasb.fxgl.ui.FXGLUIFactoryServiceProvider
00:04:37.969 [FXGL Background Thread 3 ] DEBUG Engine               - class com.almasb.fxgl.ui.FXGLDialogFactoryServiceProvider
00:04:37.970 [FXGL Background Thread 3 ] DEBUG Engine               - class com.almasb.fxgl.audio.AudioPlayer
00:04:37.970 [FXGL Background Thread 3 ] DEBUG Engine               - class com.almasb.fxgl.notification.impl.NotificationServiceProvider
00:04:37.970 [FXGL Background Thread 3 ] DEBUG Engine               - class com.almasb.fxgl.achievement.AchievementService
00:04:37.970 [FXGL Background Thread 3 ] DEBUG Engine               - class com.almasb.fxgl.cutscene.CutsceneService
00:04:37.970 [FXGL Background Thread 3 ] DEBUG Engine               - class com.almasb.fxgl.minigames.MiniGameService
00:04:37.970 [FXGL Background Thread 3 ] DEBUG Engine               - class com.almasb.fxgl.net.NetService
00:04:37.970 [FXGL Background Thread 3 ] DEBUG Engine               - class com.almasb.fxgl.app.services.UpdaterService
00:04:37.970 [FXGL Background Thread 3 ] DEBUG Engine               - class com.almasb.fxgl.dev.DevService
00:04:38.072 [FXGL Background Thread 2 ] INFO  UpdaterService       - Your current version:  21.1
00:04:38.073 [FXGL Background Thread 2 ] INFO  UpdaterService       - Latest stable version: 25
00:04:48.067 [JavaFX Application Thread] DEBUG FXGLAssetLoaderServi - Loading from file system: file:/C:/Users/josue/OneDrive/Desktop/proyecto%20java/Among%20Us/out/production/Among%20Us/assets/sounds/clickBoton.wav
00:05:00.167 [JavaFX Application Thread] DEBUG FXGLAssetLoaderServi - Loading from file system: file:/C:/Users/josue/OneDrive/Desktop/proyecto%20java/Among%20Us/out/production/Among%20Us/assets/textures/tripulante_negro.png
00:05:03.723 [JavaFX Application Thread] DEBUG FXGLAssetLoaderServi - Loading from file system: file:/C:/Users/josue/OneDrive/Desktop/proyecto%20java/Among%20Us/out/production/Among%20Us/assets/textures/tripulante_blanco.png
00:05:05.888 [JavaFX Application Thread] WARN  TMXLevelLoader       - TiledMap generated from 1.11.2. Supported version: 1.9.0. Some features may not be parsed fully.
00:05:06.507 [JavaFX Application Thread] DEBUG TMXLevelLoader       - Parsed TiledMap: file:/C:/Users/josue/OneDrive/Desktop/proyecto%20java/Among%20Us/out/production/Among%20Us/assets/levels/mapa2.tmx
00:05:06.511 [JavaFX Application Thread] DEBUG TMXLevelLoader       - Creating tile layer entities
00:05:06.563 [JavaFX Application Thread] DEBUG TilesetLoader        - Loading view for layer fondo1
00:05:06.623 [JavaFX Application Thread] DEBUG TilesetLoader        - Created buffer with size 992.0x960.0
00:05:06.736 [JavaFX Application Thread] DEBUG TilesetLoader        - Loading view for layer fondo
00:05:06.737 [JavaFX Application Thread] DEBUG TilesetLoader        - Created buffer with size 992.0x960.0
00:05:06.744 [JavaFX Application Thread] DEBUG TilesetLoader        - Loading view for layer piso
00:05:06.745 [JavaFX Application Thread] DEBUG TilesetLoader        - Created buffer with size 992.0x960.0
00:05:06.753 [JavaFX Application Thread] DEBUG TilesetLoader        - Loading view for layer piso1
00:05:06.754 [JavaFX Application Thread] DEBUG TilesetLoader        - Created buffer with size 992.0x960.0
00:05:06.770 [JavaFX Application Thread] DEBUG TilesetLoader        - Loading view for layer izquierda
00:05:06.771 [JavaFX Application Thread] DEBUG TilesetLoader        - Created buffer with size 992.0x960.0
00:05:06.785 [JavaFX Application Thread] DEBUG TilesetLoader        - Loading view for layer detallesatraspared
00:05:06.786 [JavaFX Application Thread] DEBUG TilesetLoader        - Created buffer with size 992.0x960.0
00:05:06.897 [JavaFX Application Thread] DEBUG TilesetLoader        - Loading view for layer pared2
00:05:06.935 [JavaFX Application Thread] DEBUG TilesetLoader        - Created buffer with size 992.0x960.0
00:05:06.974 [JavaFX Application Thread] DEBUG TilesetLoader        - Loading view for layer techo1
00:05:06.975 [JavaFX Application Thread] DEBUG TilesetLoader        - Created buffer with size 992.0x960.0
00:05:06.979 [JavaFX Application Thread] DEBUG TilesetLoader        - Loading view for layer techo2
00:05:06.981 [JavaFX Application Thread] DEBUG TilesetLoader        - Created buffer with size 992.0x960.0
00:05:06.987 [JavaFX Application Thread] DEBUG TilesetLoader        - Loading view for layer puertita
00:05:06.987 [JavaFX Application Thread] DEBUG TilesetLoader        - Created buffer with size 992.0x960.0
00:05:06.989 [JavaFX Application Thread] DEBUG TilesetLoader        - Loading view for layer puerta
00:05:06.991 [JavaFX Application Thread] DEBUG TilesetLoader        - Created buffer with size 992.0x960.0
00:05:06.994 [JavaFX Application Thread] DEBUG TilesetLoader        - Loading view for layer detalles
00:05:06.995 [JavaFX Application Thread] DEBUG TilesetLoader        - Created buffer with size 992.0x960.0
00:05:07.017 [JavaFX Application Thread] DEBUG TilesetLoader        - Loading view for layer detalles 2
00:05:07.017 [JavaFX Application Thread] DEBUG TilesetLoader        - Created buffer with size 992.0x960.0
00:05:07.036 [JavaFX Application Thread] DEBUG TilesetLoader        - Loading view for layer detalles3
00:05:07.037 [JavaFX Application Thread] DEBUG TilesetLoader        - Created buffer with size 992.0x960.0
00:05:07.077 [JavaFX Application Thread] DEBUG TilesetLoader        - Loading view for layer grieta
00:05:07.078 [JavaFX Application Thread] DEBUG TilesetLoader        - Created buffer with size 992.0x960.0
00:05:07.093 [JavaFX Application Thread] DEBUG TilesetLoader        - Loading view for layer camaras
00:05:07.094 [JavaFX Application Thread] DEBUG TilesetLoader        - Created buffer with size 992.0x960.0
00:05:07.097 [JavaFX Application Thread] DEBUG TilesetLoader        - Loading view for layer Techo
00:05:07.102 [JavaFX Application Thread] DEBUG TilesetLoader        - Created buffer with size 992.0x960.0
00:05:07.252 [JavaFX Application Thread] DEBUG TMXLevelLoader       - Creating object layer entities
00:05:07.377 [JavaFX Application Thread] DEBUG GameWorld            - Clearing removable entities
00:05:07.378 [JavaFX Application Thread] DEBUG GameWorld            - Setting level: com.almasb.fxgl.entity.level.Level@7792e773
00:05:07.413 [JavaFX Application Thread] DEBUG FXGLAssetLoaderServi - Loading from file system: file:/C:/Users/josue/OneDrive/Desktop/proyecto%20java/Among%20Us/out/production/Among%20Us/assets/textures/fantasma.png
00:05:07.415 [JavaFX Application Thread] DEBUG FXGLAssetLoaderServi - Loading from file system: file:/C:/Users/josue/OneDrive/Desktop/proyecto%20java/Among%20Us/out/production/Among%20Us/assets/textures/negro_muerto.png
00:05:07.416 [JavaFX Application Thread] DEBUG FXGLAssetLoaderServi - Loading from file system: file:/C:/Users/josue/OneDrive/Desktop/proyecto%20java/Among%20Us/out/production/Among%20Us/assets/textures/animacion_negro.png
00:05:07.417 [JavaFX Application Thread] DEBUG FXGLAssetLoaderServi - Loading from file system: file:/C:/Users/josue/OneDrive/Desktop/proyecto%20java/Among%20Us/out/production/Among%20Us/assets/textures/alcantarilla_negro.png
00:05:07.417 [JavaFX Application Thread] DEBUG FXGLAssetLoaderServi - Loading from file system: file:/C:/Users/josue/OneDrive/Desktop/proyecto%20java/Among%20Us/out/production/Among%20Us/assets/textures/alcantarilla_negroE.png
00:05:07.431 [JavaFX Application Thread] DEBUG FXGLAssetLoaderServi - Loading from file system: file:/C:/Users/josue/OneDrive/Desktop/proyecto%20java/Among%20Us/out/production/Among%20Us/assets/textures/blanco_muerto.png
00:05:07.432 [JavaFX Application Thread] DEBUG FXGLAssetLoaderServi - Loading from file system: file:/C:/Users/josue/OneDrive/Desktop/proyecto%20java/Among%20Us/out/production/Among%20Us/assets/textures/animacion_blanco.png
00:05:07.433 [JavaFX Application Thread] DEBUG FXGLAssetLoaderServi - Loading from file system: file:/C:/Users/josue/OneDrive/Desktop/proyecto%20java/Among%20Us/out/production/Among%20Us/assets/textures/alcantarilla_blanco.png
00:05:07.436 [JavaFX Application Thread] DEBUG FXGLAssetLoaderServi - Loading from file system: file:/C:/Users/josue/OneDrive/Desktop/proyecto%20java/Among%20Us/out/production/Among%20Us/assets/textures/alcantarilla_blancoE.png
00:05:07.438 [JavaFX Application Thread] DEBUG FXGLAssetLoaderServi - Loading from file system: file:/C:/Users/josue/OneDrive/Desktop/proyecto%20java/Among%20Us/out/production/Among%20Us/assets/textures/accionNegada.png
00:05:07.445 [JavaFX Application Thread] DEBUG FXGLAssetLoaderServi - Loading from file system: file:/C:/Users/josue/OneDrive/Desktop/proyecto%20java/Among%20Us/out/production/Among%20Us/assets/textures/matarNegado.png
00:05:07.463 [JavaFX Application Thread] DEBUG FXGLAssetLoaderServi - Loading from file system: file:/C:/Users/josue/OneDrive/Desktop/proyecto%20java/Among%20Us/out/production/Among%20Us/assets/textures/pantalla_impostor.png
00:05:07.574 [JavaFX Application Thread] DEBUG FXGLAssetLoaderServi - Loading from file system: file:/C:/Users/josue/OneDrive/Desktop/proyecto%20java/Among%20Us/out/production/Among%20Us/assets/textures/matar.png
00:05:42.211 [JavaFX Application Thread] DEBUG FXGLApplication      - Exiting FXGL
00:05:42.211 [JavaFX Application Thread] DEBUG LoopRunner           - Stopping loop
00:05:42.211 [JavaFX Application Thread] DEBUG SystemBundleService  - Saving FXGL system data
00:05:42.215 [JavaFX Application Thread] DEBUG FileSystemAccess     - Writing to: C:\Users\josue\OneDrive\Desktop\proyecto java\Among Us\system\fxgl.bundle
00:05:42.218 [JavaFX Application Thread] DEBUG Async                - Shutting down background threads
00:05:42.218 [JavaFX Application Thread] DEBUG PrimaryStageWindow   - Closing main window
00:05:42.254 [JavaFX Application Thread] DEBUG Logger               - Closing Logger
