21:08:20.621 [main                     ] DEBUG Logger               - Configured Logger
21:08:20.635 [main                     ] DEBUG GameApplication      - Logging settings
Title: Among Us UNEG
Version: 0.0
Width: 800
Height: 600
Fullscreen: false
Intro: false
Profiling: false
Single step:false
App Mode: DEVELOPER
Menu Key: ESCAPE
Stage Style: DECORATED
Scene Factory: class com.almasb.fxgl.app.scene.SceneFactory

21:08:21.483 [JavaFX Application Thread] DEBUG FXGLApplication      - Initializing FXGL
21:08:21.490 [JavaFX Application Thread] INFO  Engine               - FXGL-21.1 (26.03.2024 17.33) on WINDOWS (J:25.0.2 FX:21.0.1)
21:08:21.490 [JavaFX Application Thread] DEBUG Engine               - JRE Vendor Name: Oracle Corporation
21:08:21.491 [JavaFX Application Thread] DEBUG Engine               - Running on OS: Windows 11 version 10.0
21:08:21.491 [JavaFX Application Thread] DEBUG Engine               - Architecture: amd64
21:08:21.491 [JavaFX Application Thread] INFO  Engine               - Source code and latest versions at: https://github.com/AlmasB/FXGL
21:08:21.491 [JavaFX Application Thread] INFO  Engine               -       Ask questions and discuss at: https://github.com/AlmasB/FXGL/discussions
21:08:21.492 [JavaFX Application Thread] INFO  Engine               -              Join the FXGL chat at: https://gitter.im/AlmasB/FXGL
21:08:22.096 [JavaFX Application Thread] DEBUG PrimaryStageWindow   - Creating a JavaFX scene
21:08:22.261 [JavaFX Application Thread] DEBUG PrimaryStageWindow   - Target settings size: 800.0 x 600.0
21:08:22.261 [JavaFX Application Thread] DEBUG PrimaryStageWindow   - Scaled scene size:    800.0 x 600.0
21:08:22.261 [JavaFX Application Thread] DEBUG PrimaryStageWindow   - Scaled ratio: (1.0, 1.0)
21:08:22.264 [JavaFX Application Thread] DEBUG PrimaryStageWindow   - Set initial scene to FXGLStartupScene
21:08:22.277 [JavaFX Application Thread] DEBUG PrimaryStageWindow   - Opening main window
21:08:22.428 [JavaFX Application Thread] DEBUG PrimaryStageWindow   - Window border size: (16.0, 39.0)
21:08:22.428 [JavaFX Application Thread] DEBUG PrimaryStageWindow   - Scaled size: 800.0 x 600.0
21:08:22.428 [JavaFX Application Thread] DEBUG PrimaryStageWindow   - Scaled ratio: (1.0, 1.0)
21:08:22.428 [JavaFX Application Thread] DEBUG PrimaryStageWindow   - Scene size: 800.0 x 600.0
21:08:22.428 [JavaFX Application Thread] DEBUG PrimaryStageWindow   - Stage size: 816.0 x 639.0
21:08:22.446 [FXGL Background Thread 1 ] DEBUG Engine               - Initializing environment variables
21:08:22.730 [FXGL Background Thread 1 ] DEBUG FXGLAssetLoaderServi - User app class for loading assets: class main.java.amongUs.AppPrincipal
21:08:22.730 [FXGL Background Thread 1 ] DEBUG GameApplicationServi - Applying CSS: fxgl_dark.css
21:08:22.731 [FXGL Background Thread 1 ] DEBUG FXGLAssetLoaderServi - Loading from file system: jar:file:/C:/Users/josue/OneDrive/Desktop/proyecto%20java/Among%20Us/lib/fxgl-21.1-uber.jar!/fxglassets/ui/css/fxgl_dark.css
21:08:23.110 [FXGL Background Thread 1 ] DEBUG GameApplicationServi - Initializing application scenes
21:08:23.238 [FXGL Background Thread 1 ] DEBUG GameWorld            - Game world initialized
21:08:23.691 [FXGL Background Thread 1 ] DEBUG PhysicsWorld         - Physics world initialized: appHeight=600, physics.ppm=50,0
21:08:23.931 [FXGL Background Thread 1 ] DEBUG PhysicsWorld         - Using strategy: BRUTE_FORCE
21:08:24.076 [FXGL Background Thread 1 ] DEBUG GameScene            - Game scene initialized: 800x600
21:08:24.125 [FXGL Background Thread 1 ] DEBUG FXGL.DefaultMenu     - createMenuBodyGameMenu()
21:08:24.160 [FXGL Background Thread 1 ] DEBUG FXGL.DefaultMenu     - createOptionsMenu()
21:08:24.202 [FXGL Background Thread 1 ] DEBUG FXGLAssetLoaderServi - Loading from file system: jar:file:/C:/Users/josue/OneDrive/Desktop/proyecto%20java/Among%20Us/lib/fxgl-21.1-uber.jar!/fxglassets/textures/particles/smoke.png
21:08:24.967 [FXGL Background Thread 1 ] DEBUG FXGLAssetLoaderServi - Loading from file system: jar:file:/C:/Users/josue/OneDrive/Desktop/proyecto%20java/Among%20Us/lib/fxgl-21.1-uber.jar!/fxglassets/textures/particles/trace_horizontal.png
21:08:25.045 [FXGL Background Thread 1 ] DEBUG GameApplicationServi - Application scenes initialized
21:08:25.068 [FXGL Background Thread 1 ] DEBUG SystemBundleService  - Loading FXGL system data
21:08:25.073 [FXGL Background Thread 1 ] DEBUG FileSystemAccess     - Reading from: C:\Users\josue\OneDrive\Desktop\proyecto java\Among Us\system\fxgl.bundle
21:08:25.086 [FXGL Background Thread 1 ] DEBUG SystemBundleService  - Bundle FXGL: {}
21:08:25.086 [FXGL Background Thread 1 ] DEBUG UpdaterService       - Checking for updates
21:08:25.104 [FXGL Background Thread 1 ] DEBUG FXGLApplication      - Loading default localization
21:08:25.105 [FXGL Background Thread 1 ] DEBUG FXGLAssetLoaderServi - Loading from file system: jar:file:/C:/Users/josue/OneDrive/Desktop/proyecto%20java/Among%20Us/lib/fxgl-21.1-uber.jar!/fxglassets/languages/english.lang
21:08:25.109 [FXGL Background Thread 4 ] DEBUG FXGLApplication      - Loading fonts
21:08:25.112 [FXGL Background Thread 4 ] DEBUG FXGLAssetLoaderServi - Loading from file system: jar:file:/C:/Users/josue/OneDrive/Desktop/proyecto%20java/Among%20Us/lib/fxgl-21.1-uber.jar!/fxglassets/ui/fonts/VarelaRound-Regular.ttf
21:08:25.211 [FXGL Background Thread 1 ] INFO  FXGLApplication      - FXGL initialization took: 2,766 sec
21:08:25.278 [JavaFX Application Thread] DEBUG Input                - Registered new binding: Mover Arriba - W
21:08:25.278 [JavaFX Application Thread] DEBUG Input                - Registered new binding: Mover Abajo - S
21:08:25.278 [JavaFX Application Thread] DEBUG Input                - Registered new binding: Mover Izquierda - A
21:08:25.278 [JavaFX Application Thread] DEBUG Input                - Registered new binding: Mover Derecha - D
21:08:25.278 [JavaFX Application Thread] DEBUG Input                - Registered new binding: Abrir Camaras - C
21:08:25.278 [JavaFX Application Thread] DEBUG Input                - Registered new binding: Usar Alcantarilla - Space
21:08:25.279 [JavaFX Application Thread] DEBUG Input                - Registered new binding: Vent Izquierda - Left
21:08:25.279 [JavaFX Application Thread] DEBUG Input                - Registered new binding: Vent Derecha - Right
21:08:25.279 [JavaFX Application Thread] DEBUG Input                - Registered new binding: Vent Arriba - Up
21:08:25.279 [JavaFX Application Thread] DEBUG Input                - Registered new binding: Vent Abajo - Down
21:08:25.281 [JavaFX Application Thread] DEBUG Input                - Registered new binding: Matar Jugador - Q
21:08:25.281 [JavaFX Application Thread] DEBUG Input                - Registered new binding: Reportar Cadaver - R
21:08:25.281 [JavaFX Application Thread] DEBUG FXGLAssetLoaderServi - Loading from file system: file:/C:/Users/josue/OneDrive/Desktop/proyecto%20java/Among%20Us/out/production/Among%20Us/assets/textures/icono.png
21:08:25.531 [JavaFX Application Thread] DEBUG FXGLAssetLoaderServi - Loading from file system: jar:file:/C:/Users/josue/OneDrive/Desktop/proyecto%20java/Among%20Us/lib/fxgl-21.1-uber.jar!/fxglassets/textures/fxgl_default_cursor.png
21:08:25.574 [JavaFX Application Thread] DEBUG Input                - Registered new binding: Screenshot - CTRL+8
21:08:25.593 [JavaFX Application Thread] DEBUG Input                - Registered new binding: System info dump - CTRL+9
21:08:25.597 [JavaFX Application Thread] DEBUG Input                - Registered new binding: Restart - CTRL+R
21:08:25.598 [JavaFX Application Thread] DEBUG Input                - Registered new binding: Toggle Debug Camera - CTRL+7
21:08:25.625 [JavaFX Application Thread] DEBUG LoopRunner           - Starting loop
21:08:25.625 [JavaFX Application Thread] DEBUG LoopRunner           - Initializing JavaFX AnimationTimerLoop
21:08:25.630 [JavaFX Application Thread] DEBUG GameApplicationServi - Starting new game
21:08:25.631 [JavaFX Application Thread] DEBUG Input                - Clearing active input actions
21:08:25.859 [FXGL Background Thread 4 ] DEBUG FXGLAssetLoaderServi - Loading from file system: jar:file:/C:/Users/josue/OneDrive/Desktop/proyecto%20java/Among%20Us/lib/fxgl-21.1-uber.jar!/fxglassets/ui/fonts/Abel-Regular.ttf
21:08:25.916 [FXGL Background Thread 4 ] DEBUG FXGLAssetLoaderServi - Loading from file system: jar:file:/C:/Users/josue/OneDrive/Desktop/proyecto%20java/Among%20Us/lib/fxgl-21.1-uber.jar!/fxglassets/ui/fonts/TerminalLandMono-Regular.otf
21:08:25.934 [FXGL Background Thread 4 ] DEBUG FXGLAssetLoaderServi - Loading from file system: jar:file:/C:/Users/josue/OneDrive/Desktop/proyecto%20java/Among%20Us/lib/fxgl-21.1-uber.jar!/fxglassets/ui/fonts/Courier-Prime.ttf
21:08:25.936 [JavaFX Application Thread] DEBUG GameApplicationServi - Removing overlay from FXGLStartupScene and adding to FXGLLoadingScene
21:08:25.937 [JavaFX Application Thread] DEBUG PrimaryStageWindow   - FXGLStartupScene -> FXGLLoadingScene
21:08:25.937 [JavaFX Application Thread] DEBUG GameApplicationServi - Clearing previous game
21:08:25.938 [JavaFX Application Thread] DEBUG GameScene            - Clearing game scene
21:08:25.938 [JavaFX Application Thread] DEBUG GameWorld            - Clearing game world
21:08:25.938 [JavaFX Application Thread] DEBUG PhysicsWorld         - Clearing physics world
21:08:25.941 [FXGL Background Thread 1 ] DEBUG FXGLApplication      - Initializing game
21:08:25.995 [FXGL Background Thread 1 ] DEBUG FXGLAssetLoaderServi - Loading from file system: file:/C:/Users/josue/OneDrive/Desktop/proyecto%20java/Among%20Us/out/production/Among%20Us/assets/music/musicaMenu.mp3
21:08:26.113 [JavaFX Application Thread] DEBUG FXGLApplication      - Registering font factories with UI factory
21:08:27.761 [FXGL Background Thread 1 ] DEBUG AudioPlayer          - Playing music com.almasb.fxgl.audio.Music@63c676da
21:08:28.124 [FXGL Background Thread 3 ] DEBUG Engine               - Logging environment variables
21:08:28.131 [FXGL Background Thread 3 ] DEBUG Engine               - achievements: []
21:08:28.131 [FXGL Background Thread 3 ] DEBUG Engine               - actualHeight: 600.0
21:08:28.134 [FXGL Background Thread 3 ] DEBUG Engine               - actualHeightProperty: ReadOnlyDoubleProperty [value: 600.0]
21:08:28.143 [FXGL Background Thread 3 ] DEBUG Engine               - actualWidth: 800.0
21:08:28.143 [FXGL Background Thread 3 ] DEBUG Engine               - actualWidthProperty: ReadOnlyDoubleProperty [value: 800.0]
21:08:28.154 [FXGL Background Thread 3 ] DEBUG Engine               - appIcon: icono.png
21:08:28.163 [FXGL Background Thread 3 ] DEBUG Engine               - applicationMode: DEVELOPER
21:08:28.164 [FXGL Background Thread 3 ] DEBUG Engine               - cSSList: [fxgl_dark.css]
21:08:28.164 [FXGL Background Thread 3 ] DEBUG Engine               - collisionDetectionStrategy: BRUTE_FORCE
21:08:28.164 [FXGL Background Thread 3 ] DEBUG Engine               - configClass: Optional.empty
21:08:28.164 [FXGL Background Thread 3 ] DEBUG Engine               - credits: []
21:08:28.164 [FXGL Background Thread 3 ] DEBUG Engine               - defaultCursor: CursorInfo(imageName=fxgl_default_cursor.png, hotspotX=7.0, hotspotY=6.0)
21:08:28.164 [FXGL Background Thread 3 ] DEBUG Engine               - devBBoxColorProperty: ObjectProperty [value: 0xff0000ff]
21:08:28.168 [FXGL Background Thread 3 ] DEBUG Engine               - devEnableDebugCameraProperty: BooleanProperty [value: false]
21:08:28.168 [FXGL Background Thread 3 ] DEBUG Engine               - devSensorColorProperty: ObjectProperty [value: 0xffff00ff]
21:08:28.168 [FXGL Background Thread 3 ] DEBUG Engine               - devShowBBoxProperty: BooleanProperty [value: false]
21:08:28.173 [FXGL Background Thread 3 ] DEBUG Engine               - devShowPositionProperty: BooleanProperty [value: false]
21:08:28.173 [FXGL Background Thread 3 ] DEBUG Engine               - enabledMenuItems: []
21:08:28.173 [FXGL Background Thread 3 ] DEBUG Engine               - engineServices: [class com.almasb.fxgl.app.services.FXGLAssetLoaderService, class com.almasb.fxgl.app.FXGLApplication$GameApplicationService, class com.almasb.fxgl.app.services.FXGLDialogService, class com.almasb.fxgl.app.services.IOTaskExecutorService, class com.almasb.fxgl.io.FileSystemService, class com.almasb.fxgl.localization.LocalizationService, class com.almasb.fxgl.app.services.SystemBundleService, class com.almasb.fxgl.profile.SaveLoadService, class com.almasb.fxgl.ui.FXGLUIFactoryServiceProvider, class com.almasb.fxgl.ui.FXGLDialogFactoryServiceProvider, class com.almasb.fxgl.audio.AudioPlayer, class com.almasb.fxgl.notification.impl.NotificationServiceProvider, class com.almasb.fxgl.achievement.AchievementService, class com.almasb.fxgl.cutscene.CutsceneService, class com.almasb.fxgl.minigames.MiniGameService, class com.almasb.fxgl.net.NetService, class com.almasb.fxgl.app.services.UpdaterService, class com.almasb.fxgl.dev.DevService]
21:08:28.178 [FXGL Background Thread 3 ] DEBUG Engine               - fontGame: Abel-Regular.ttf
21:08:28.181 [FXGL Background Thread 3 ] DEBUG Engine               - fontMono: TerminalLandMono-Regular.otf
21:08:28.181 [FXGL Background Thread 3 ] DEBUG Engine               - fontSizeScaleUI: 1.0
21:08:28.181 [FXGL Background Thread 3 ] DEBUG Engine               - fontText: Courier-Prime.ttf
21:08:28.181 [FXGL Background Thread 3 ] DEBUG Engine               - fontUI: VarelaRound-Regular.ttf
21:08:28.181 [FXGL Background Thread 3 ] DEBUG Engine               - fullScreen: BooleanProperty [value: false]
21:08:28.181 [FXGL Background Thread 3 ] DEBUG Engine               - gameDifficulty: MEDIUM
21:08:28.185 [FXGL Background Thread 3 ] DEBUG Engine               - gameDifficultyProperty: ObjectProperty [value: MEDIUM]
21:08:28.187 [FXGL Background Thread 3 ] DEBUG Engine               - globalMusicVolume: 0.5
21:08:28.187 [FXGL Background Thread 3 ] DEBUG Engine               - globalMusicVolumeProperty: DoubleProperty [value: 0.4]
21:08:28.192 [FXGL Background Thread 3 ] DEBUG Engine               - globalSoundVolume: 0.5
21:08:28.192 [FXGL Background Thread 3 ] DEBUG Engine               - globalSoundVolumeProperty: DoubleProperty [value: 0.5]
21:08:28.193 [FXGL Background Thread 3 ] DEBUG Engine               - height: 600
21:08:28.193 [FXGL Background Thread 3 ] DEBUG Engine               - is3D: false
21:08:28.193 [FXGL Background Thread 3 ] DEBUG Engine               - isAndroid: false
21:08:28.193 [FXGL Background Thread 3 ] DEBUG Engine               - isBrowser: false
21:08:28.195 [FXGL Background Thread 3 ] DEBUG Engine               - isClickFeedbackEnabled: false
21:08:28.195 [FXGL Background Thread 3 ] DEBUG Engine               - isCloseConfirmation: false
21:08:28.196 [FXGL Background Thread 3 ] DEBUG Engine               - isDesktop: true
21:08:28.200 [FXGL Background Thread 3 ] DEBUG Engine               - isDeveloperMenuEnabled: false
21:08:28.201 [FXGL Background Thread 3 ] DEBUG Engine               - isEmbedded: false
21:08:28.201 [FXGL Background Thread 3 ] DEBUG Engine               - isEntityPreloadEnabled: true
21:08:28.201 [FXGL Background Thread 3 ] DEBUG Engine               - isExperimentalTiledLargeMap: false
21:08:28.203 [FXGL Background Thread 3 ] DEBUG Engine               - isFileSystemWriteAllowed: true
21:08:28.203 [FXGL Background Thread 3 ] DEBUG Engine               - isFullScreenAllowed: false
21:08:28.203 [FXGL Background Thread 3 ] DEBUG Engine               - isFullScreenFromStart: false
21:08:28.204 [FXGL Background Thread 3 ] DEBUG Engine               - isGameMenuEnabled: true
21:08:28.205 [FXGL Background Thread 3 ] DEBUG Engine               - isIOS: false
21:08:28.205 [FXGL Background Thread 3 ] DEBUG Engine               - isIntroEnabled: false
21:08:28.207 [FXGL Background Thread 3 ] DEBUG Engine               - isLinux: false
21:08:28.207 [FXGL Background Thread 3 ] DEBUG Engine               - isMac: false
21:08:28.207 [FXGL Background Thread 3 ] DEBUG Engine               - isMainMenuEnabled: false
21:08:28.207 [FXGL Background Thread 3 ] DEBUG Engine               - isManualResizeEnabled: false
21:08:28.207 [FXGL Background Thread 3 ] DEBUG Engine               - isMobile: false
21:08:28.207 [FXGL Background Thread 3 ] DEBUG Engine               - isNative: false
21:08:28.207 [FXGL Background Thread 3 ] DEBUG Engine               - isPauseMusicWhenMinimized: true
21:08:28.208 [FXGL Background Thread 3 ] DEBUG Engine               - isPreserveResizeRatio: false
21:08:28.208 [FXGL Background Thread 3 ] DEBUG Engine               - isProfilingEnabled: false
21:08:28.208 [FXGL Background Thread 3 ] DEBUG Engine               - isScaleAffectedOnResize: true
21:08:28.208 [FXGL Background Thread 3 ] DEBUG Engine               - isSingleStep: false
21:08:28.208 [FXGL Background Thread 3 ] DEBUG Engine               - isUserProfileEnabled: false
21:08:28.208 [FXGL Background Thread 3 ] DEBUG Engine               - isWindows: true
21:08:28.208 [FXGL Background Thread 3 ] DEBUG Engine               - language: ObjectProperty [value: ENGLISH]
21:08:28.208 [FXGL Background Thread 3 ] DEBUG Engine               - menuKey: ESCAPE
21:08:28.208 [FXGL Background Thread 3 ] DEBUG Engine               - mouseSensitivity: 0.2
21:08:28.208 [FXGL Background Thread 3 ] DEBUG Engine               - notificationViewClass: class com.almasb.fxgl.notification.view.XboxNotificationView
21:08:28.208 [FXGL Background Thread 3 ] DEBUG Engine               - pixelsPerMeter: 50.0
21:08:28.208 [FXGL Background Thread 3 ] DEBUG Engine               - platform: WINDOWS
21:08:28.208 [FXGL Background Thread 3 ] DEBUG Engine               - prefHeightProperty: ReadOnlyDoubleProperty [value: 600.0]
21:08:28.208 [FXGL Background Thread 3 ] DEBUG Engine               - prefWidthProperty: ReadOnlyDoubleProperty [value: 800.0]
21:08:28.208 [FXGL Background Thread 3 ] DEBUG Engine               - profileDir: profiles/
21:08:28.208 [FXGL Background Thread 3 ] DEBUG Engine               - profileName: StringProperty [value: DEFAULT]
21:08:28.208 [FXGL Background Thread 3 ] DEBUG Engine               - randomSeed: -1
21:08:28.209 [FXGL Background Thread 3 ] DEBUG Engine               - runtimeInfo: RuntimeInfo(platform=WINDOWS, version=21.1, build=26.03.2024 17.33)
21:08:28.209 [FXGL Background Thread 3 ] DEBUG Engine               - saveFileExt: sav
21:08:28.209 [FXGL Background Thread 3 ] DEBUG Engine               - scaledHeightProp$fxgl: DoubleProperty [bound, value: 600.0]
21:08:28.209 [FXGL Background Thread 3 ] DEBUG Engine               - scaledWidthProp$fxgl: DoubleProperty [bound, value: 800.0]
21:08:28.209 [FXGL Background Thread 3 ] DEBUG Engine               - sceneFactory: com.almasb.fxgl.app.scene.SceneFactory@85f58d2
21:08:28.209 [FXGL Background Thread 3 ] DEBUG Engine               - secondsIn24h: 60
21:08:28.209 [FXGL Background Thread 3 ] DEBUG Engine               - soundMenuBack: menu/back.wav
21:08:28.209 [FXGL Background Thread 3 ] DEBUG Engine               - soundMenuPress: menu/press.wav
21:08:28.209 [FXGL Background Thread 3 ] DEBUG Engine               - soundMenuSelect: menu/select.wav
21:08:28.209 [FXGL Background Thread 3 ] DEBUG Engine               - soundNotification: core/notification.wav
21:08:28.209 [FXGL Background Thread 3 ] DEBUG Engine               - stageStyle: DECORATED
21:08:28.209 [FXGL Background Thread 3 ] DEBUG Engine               - supportedLanguages: [ENGLISH, FRENCH, GERMAN, HUNGARIAN, RUSSIAN]
21:08:28.209 [FXGL Background Thread 3 ] DEBUG Engine               - ticksPerSecond: -1
21:08:28.209 [FXGL Background Thread 3 ] DEBUG Engine               - title: Among Us UNEG
21:08:28.209 [FXGL Background Thread 3 ] DEBUG Engine               - urlGithub: https://github.com/AlmasB/FXGL
21:08:28.209 [FXGL Background Thread 3 ] DEBUG Engine               - urlLeaderboard: http://fxgl-top.herokuapp.com/
21:08:28.209 [FXGL Background Thread 3 ] DEBUG Engine               - urlPOM: https://raw.githubusercontent.com/AlmasB/FXGL/release/README.md
21:08:28.209 [FXGL Background Thread 3 ] DEBUG Engine               - userAppClass: class main.java.amongUs.AppPrincipal
21:08:28.209 [FXGL Background Thread 3 ] DEBUG Engine               - version: 0.0
21:08:28.209 [FXGL Background Thread 3 ] DEBUG Engine               - versionCheckDays: 7
21:08:28.209 [FXGL Background Thread 3 ] DEBUG Engine               - width: 800
21:08:28.209 [FXGL Background Thread 3 ] DEBUG Engine               - Logging services
21:08:28.209 [FXGL Background Thread 3 ] DEBUG Engine               - class com.almasb.fxgl.app.services.FXGLAssetLoaderService
21:08:28.209 [FXGL Background Thread 3 ] DEBUG Engine               - class com.almasb.fxgl.app.FXGLApplication$GameApplicationService
21:08:28.209 [FXGL Background Thread 3 ] DEBUG Engine               - class com.almasb.fxgl.app.services.FXGLDialogService
21:08:28.209 [FXGL Background Thread 3 ] DEBUG Engine               - class com.almasb.fxgl.app.services.IOTaskExecutorService
21:08:28.209 [FXGL Background Thread 3 ] DEBUG Engine               - class com.almasb.fxgl.io.FileSystemService
21:08:28.210 [FXGL Background Thread 3 ] DEBUG Engine               - class com.almasb.fxgl.localization.LocalizationService
21:08:28.210 [FXGL Background Thread 3 ] DEBUG Engine               - class com.almasb.fxgl.app.services.SystemBundleService
21:08:28.210 [FXGL Background Thread 3 ] DEBUG Engine               - class com.almasb.fxgl.profile.SaveLoadService
21:08:28.210 [FXGL Background Thread 3 ] DEBUG Engine               - class com.almasb.fxgl.ui.FXGLUIFactoryServiceProvider
21:08:28.210 [FXGL Background Thread 3 ] DEBUG Engine               - class com.almasb.fxgl.ui.FXGLDialogFactoryServiceProvider
21:08:28.210 [FXGL Background Thread 3 ] DEBUG Engine               - class com.almasb.fxgl.audio.AudioPlayer
21:08:28.210 [FXGL Background Thread 3 ] DEBUG Engine               - class com.almasb.fxgl.notification.impl.NotificationServiceProvider
21:08:28.210 [FXGL Background Thread 3 ] DEBUG Engine               - class com.almasb.fxgl.achievement.AchievementService
21:08:28.210 [FXGL Background Thread 3 ] DEBUG Engine               - class com.almasb.fxgl.cutscene.CutsceneService
21:08:28.210 [FXGL Background Thread 3 ] DEBUG Engine               - class com.almasb.fxgl.minigames.MiniGameService
21:08:28.210 [FXGL Background Thread 3 ] DEBUG Engine               - class com.almasb.fxgl.net.NetService
21:08:28.210 [FXGL Background Thread 3 ] DEBUG Engine               - class com.almasb.fxgl.app.services.UpdaterService
21:08:28.210 [FXGL Background Thread 3 ] DEBUG Engine               - class com.almasb.fxgl.dev.DevService
21:08:29.857 [FXGL Background Thread 2 ] INFO  UpdaterService       - Your current version:  21.1
21:08:29.857 [FXGL Background Thread 2 ] INFO  UpdaterService       - Latest stable version: 25
21:08:29.944 [FXGL Background Thread 1 ] INFO  FXGLApplication      - Game initialization took: 4,002 sec
21:08:29.954 [JavaFX Application Thread] DEBUG Input                - Clearing active input actions
21:08:29.963 [JavaFX Application Thread] DEBUG GameApplicationServi - Removing overlay from FXGLLoadingScene and adding to GameScene
21:08:29.963 [JavaFX Application Thread] DEBUG PrimaryStageWindow   - FXGLLoadingScene -> GameScene
21:09:05.001 [JavaFX Application Thread] DEBUG FXGLAssetLoaderServi - Loading from file system: file:/C:/Users/josue/OneDrive/Desktop/proyecto%20java/Among%20Us/out/production/Among%20Us/assets/sounds/clickBoton.wav
21:09:08.526 [JavaFX Application Thread] DEBUG FXGLAssetLoaderServi - Loading from file system: file:/C:/Users/josue/OneDrive/Desktop/proyecto%20java/Among%20Us/out/production/Among%20Us/assets/textures/tripulante_blanco.png
21:09:08.528 [JavaFX Application Thread] DEBUG FXGLAssetLoaderServi - Loading from file system: file:/C:/Users/josue/OneDrive/Desktop/proyecto%20java/Among%20Us/out/production/Among%20Us/assets/textures/tripulante_negro.png
21:09:08.530 [JavaFX Application Thread] DEBUG FXGLAssetLoaderServi - Loading from file system: file:/C:/Users/josue/OneDrive/Desktop/proyecto%20java/Among%20Us/out/production/Among%20Us/assets/textures/tripulante_marron.png
21:09:09.228 [JavaFX Application Thread] WARN  TMXLevelLoader       - TiledMap generated from 1.11.2. Supported version: 1.9.0. Some features may not be parsed fully.
21:09:10.250 [JavaFX Application Thread] DEBUG TMXLevelLoader       - Parsed TiledMap: file:/C:/Users/josue/OneDrive/Desktop/proyecto%20java/Among%20Us/out/production/Among%20Us/assets/levels/mapa2.tmx
21:09:10.251 [JavaFX Application Thread] DEBUG TMXLevelLoader       - Creating tile layer entities
21:09:10.257 [JavaFX Application Thread] DEBUG TilesetLoader        - Loading view for layer fondo1
21:09:10.258 [JavaFX Application Thread] DEBUG TilesetLoader        - Created buffer with size 992.0x960.0
21:09:10.361 [JavaFX Application Thread] DEBUG TilesetLoader        - Loading view for layer fondo
21:09:10.363 [JavaFX Application Thread] DEBUG TilesetLoader        - Created buffer with size 992.0x960.0
21:09:10.367 [JavaFX Application Thread] DEBUG TilesetLoader        - Loading view for layer piso
21:09:10.371 [JavaFX Application Thread] DEBUG TilesetLoader        - Created buffer with size 992.0x960.0
21:09:10.395 [JavaFX Application Thread] DEBUG TilesetLoader        - Loading view for layer piso1
21:09:10.396 [JavaFX Application Thread] DEBUG TilesetLoader        - Created buffer with size 992.0x960.0
21:09:10.432 [JavaFX Application Thread] DEBUG TilesetLoader        - Loading view for layer izquierda
21:09:10.434 [JavaFX Application Thread] DEBUG TilesetLoader        - Created buffer with size 992.0x960.0
21:09:10.444 [JavaFX Application Thread] DEBUG TilesetLoader        - Loading view for layer detallesatraspared
21:09:10.446 [JavaFX Application Thread] DEBUG TilesetLoader        - Created buffer with size 992.0x960.0
21:09:10.529 [JavaFX Application Thread] DEBUG TilesetLoader        - Loading view for layer pared2
21:09:10.529 [JavaFX Application Thread] DEBUG TilesetLoader        - Created buffer with size 992.0x960.0
21:09:10.570 [JavaFX Application Thread] DEBUG TilesetLoader        - Loading view for layer techo1
21:09:10.575 [JavaFX Application Thread] DEBUG TilesetLoader        - Created buffer with size 992.0x960.0
21:09:10.593 [JavaFX Application Thread] DEBUG TilesetLoader        - Loading view for layer techo2
21:09:10.594 [JavaFX Application Thread] DEBUG TilesetLoader        - Created buffer with size 992.0x960.0
21:09:10.611 [JavaFX Application Thread] DEBUG TilesetLoader        - Loading view for layer puertita
21:09:10.613 [JavaFX Application Thread] DEBUG TilesetLoader        - Created buffer with size 992.0x960.0
21:09:10.614 [JavaFX Application Thread] DEBUG TilesetLoader        - Loading view for layer puerta
21:09:10.615 [JavaFX Application Thread] DEBUG TilesetLoader        - Created buffer with size 992.0x960.0
21:09:10.636 [JavaFX Application Thread] DEBUG TilesetLoader        - Loading view for layer detalles
21:09:10.637 [JavaFX Application Thread] DEBUG TilesetLoader        - Created buffer with size 992.0x960.0
21:09:10.699 [JavaFX Application Thread] DEBUG TilesetLoader        - Loading view for layer detalles 2
21:09:10.700 [JavaFX Application Thread] DEBUG TilesetLoader        - Created buffer with size 992.0x960.0
21:09:10.725 [JavaFX Application Thread] DEBUG TilesetLoader        - Loading view for layer detalles3
21:09:10.729 [JavaFX Application Thread] DEBUG TilesetLoader        - Created buffer with size 992.0x960.0
21:09:10.768 [JavaFX Application Thread] DEBUG TilesetLoader        - Loading view for layer grieta
21:09:10.769 [JavaFX Application Thread] DEBUG TilesetLoader        - Created buffer with size 992.0x960.0
21:09:10.771 [JavaFX Application Thread] DEBUG TilesetLoader        - Loading view for layer Techo
21:09:10.779 [JavaFX Application Thread] DEBUG TilesetLoader        - Created buffer with size 992.0x960.0
21:09:10.836 [JavaFX Application Thread] DEBUG TilesetLoader        - Loading view for layer camaras
21:09:10.858 [JavaFX Application Thread] DEBUG TilesetLoader        - Created buffer with size 992.0x960.0
21:09:10.864 [JavaFX Application Thread] DEBUG TMXLevelLoader       - Creating object layer entities
21:09:11.678 [JavaFX Application Thread] DEBUG GameWorld            - Clearing removable entities
21:09:11.679 [JavaFX Application Thread] DEBUG GameWorld            - Setting level: com.almasb.fxgl.entity.level.Level@49357cac
21:09:12.119 [JavaFX Application Thread] DEBUG FXGLAssetLoaderServi - Loading from file system: file:/C:/Users/josue/OneDrive/Desktop/proyecto%20java/Among%20Us/out/production/Among%20Us/assets/textures/MonitorDeCamaras.png
21:09:12.266 [JavaFX Application Thread] DEBUG FXGLAssetLoaderServi - Loading from file system: file:/C:/Users/josue/OneDrive/Desktop/proyecto%20java/Among%20Us/out/production/Among%20Us/assets/textures/flechaAmarillaIzq.png
21:09:12.282 [JavaFX Application Thread] DEBUG FXGLAssetLoaderServi - Loading from file system: file:/C:/Users/josue/OneDrive/Desktop/proyecto%20java/Among%20Us/out/production/Among%20Us/assets/textures/flechaAmarillaDer.png
21:09:12.310 [JavaFX Application Thread] DEBUG FXGLAssetLoaderServi - Loading from file system: file:/C:/Users/josue/OneDrive/Desktop/proyecto%20java/Among%20Us/out/production/Among%20Us/assets/textures/animacion_fantasma.png
21:09:12.314 [JavaFX Application Thread] DEBUG FXGLAssetLoaderServi - Loading from file system: file:/C:/Users/josue/OneDrive/Desktop/proyecto%20java/Among%20Us/out/production/Among%20Us/assets/textures/blanco_muerto.png
21:09:12.331 [JavaFX Application Thread] DEBUG FXGLAssetLoaderServi - Loading from file system: file:/C:/Users/josue/OneDrive/Desktop/proyecto%20java/Among%20Us/out/production/Among%20Us/assets/textures/animacion_blanco.png
21:09:12.333 [JavaFX Application Thread] DEBUG FXGLAssetLoaderServi - Loading from file system: file:/C:/Users/josue/OneDrive/Desktop/proyecto%20java/Among%20Us/out/production/Among%20Us/assets/textures/alcantarilla_blanco.png
21:09:12.334 [JavaFX Application Thread] DEBUG FXGLAssetLoaderServi - Loading from file system: file:/C:/Users/josue/OneDrive/Desktop/proyecto%20java/Among%20Us/out/production/Among%20Us/assets/textures/alcantarilla_blancoE.png
21:09:12.370 [JavaFX Application Thread] DEBUG FXGLAssetLoaderServi - Loading from file system: file:/C:/Users/josue/OneDrive/Desktop/proyecto%20java/Among%20Us/out/production/Among%20Us/assets/textures/negro_muerto.png
21:09:12.376 [JavaFX Application Thread] DEBUG FXGLAssetLoaderServi - Loading from file system: file:/C:/Users/josue/OneDrive/Desktop/proyecto%20java/Among%20Us/out/production/Among%20Us/assets/textures/animacion_negro.png
21:09:12.380 [JavaFX Application Thread] DEBUG FXGLAssetLoaderServi - Loading from file system: file:/C:/Users/josue/OneDrive/Desktop/proyecto%20java/Among%20Us/out/production/Among%20Us/assets/textures/alcantarilla_negro.png
21:09:12.381 [JavaFX Application Thread] DEBUG FXGLAssetLoaderServi - Loading from file system: file:/C:/Users/josue/OneDrive/Desktop/proyecto%20java/Among%20Us/out/production/Among%20Us/assets/textures/alcantarilla_negroE.png
21:09:12.386 [JavaFX Application Thread] DEBUG FXGLAssetLoaderServi - Loading from file system: file:/C:/Users/josue/OneDrive/Desktop/proyecto%20java/Among%20Us/out/production/Among%20Us/assets/textures/marron_muerto.png
21:09:12.395 [JavaFX Application Thread] DEBUG FXGLAssetLoaderServi - Loading from file system: file:/C:/Users/josue/OneDrive/Desktop/proyecto%20java/Among%20Us/out/production/Among%20Us/assets/textures/animacion_marron.png
21:09:12.413 [JavaFX Application Thread] DEBUG FXGLAssetLoaderServi - Loading from file system: file:/C:/Users/josue/OneDrive/Desktop/proyecto%20java/Among%20Us/out/production/Among%20Us/assets/textures/alcantarilla_marron.png
21:09:12.414 [JavaFX Application Thread] DEBUG FXGLAssetLoaderServi - Loading from file system: file:/C:/Users/josue/OneDrive/Desktop/proyecto%20java/Among%20Us/out/production/Among%20Us/assets/textures/alcantarilla_marronE.png
21:09:12.421 [JavaFX Application Thread] DEBUG FXGLAssetLoaderServi - Loading from file system: file:/C:/Users/josue/OneDrive/Desktop/proyecto%20java/Among%20Us/out/production/Among%20Us/assets/textures/accionNegada.png
21:09:12.430 [JavaFX Application Thread] DEBUG FXGLAssetLoaderServi - Loading from file system: file:/C:/Users/josue/OneDrive/Desktop/proyecto%20java/Among%20Us/out/production/Among%20Us/assets/textures/reportarNegado.png
21:09:12.441 [JavaFX Application Thread] DEBUG FXGLAssetLoaderServi - Loading from file system: file:/C:/Users/josue/OneDrive/Desktop/proyecto%20java/Among%20Us/out/production/Among%20Us/assets/textures/animacion_extintor.png
21:09:12.493 [JavaFX Application Thread] DEBUG FXGLAssetLoaderServi - Loading from file system: file:/C:/Users/josue/OneDrive/Desktop/proyecto%20java/Among%20Us/out/production/Among%20Us/assets/textures/animacion_temperatura.png
21:09:12.650 [JavaFX Application Thread] DEBUG FXGLAssetLoaderServi - Loading from file system: file:/C:/Users/josue/OneDrive/Desktop/proyecto%20java/Among%20Us/out/production/Among%20Us/assets/textures/animacion_encestar.png
21:09:12.750 [JavaFX Application Thread] DEBUG FXGLAssetLoaderServi - Loading from file system: file:/C:/Users/josue/OneDrive/Desktop/proyecto%20java/Among%20Us/out/production/Among%20Us/assets/textures/animacion_basura.png
21:09:12.829 [JavaFX Application Thread] DEBUG FXGLAssetLoaderServi - Loading from file system: file:/C:/Users/josue/OneDrive/Desktop/proyecto%20java/Among%20Us/out/production/Among%20Us/assets/textures/animacion_tarjeta.png
21:09:12.891 [JavaFX Application Thread] WARN  FXGLAssetLoaderServi - Asset "/assets/textures/animacion_reactor.png" was not found!
21:09:12.891 [JavaFX Application Thread] WARN  FXGLAssetLoaderServi - Failed to load IMAGE
21:09:12.915 [JavaFX Application Thread] DEBUG FXGLAssetLoaderServi - Loading from file system: file:/C:/Users/josue/OneDrive/Desktop/proyecto%20java/Among%20Us/out/production/Among%20Us/assets/textures/barra_0.png
21:09:13.225 [JavaFX Application Thread] DEBUG FXGLAssetLoaderServi - Loading from file system: file:/C:/Users/josue/OneDrive/Desktop/proyecto%20java/Among%20Us/out/production/Among%20Us/assets/textures/pantalla_tripulante.png
21:09:17.038 [JavaFX Application Thread] DEBUG FXGLAssetLoaderServi - Loading from file system: file:/C:/Users/josue/OneDrive/Desktop/proyecto%20java/Among%20Us/out/production/Among%20Us/assets/textures/reunion.png
21:09:20.384 [JavaFX Application Thread] DEBUG FXGLAssetLoaderServi - Loading from file system: file:/C:/Users/josue/OneDrive/Desktop/proyecto%20java/Among%20Us/out/production/Among%20Us/assets/textures/botonVotar.png
21:10:27.271 [JavaFX Application Thread] DEBUG FXGLAssetLoaderServi - Loading from file system: file:/C:/Users/josue/OneDrive/Desktop/proyecto%20java/Among%20Us/out/production/Among%20Us/assets/textures/derrota_tripulante.png
21:10:35.593 [JavaFX Application Thread] DEBUG FXGLApplication      - Exiting FXGL
21:10:35.594 [JavaFX Application Thread] DEBUG LoopRunner           - Stopping loop
21:10:35.594 [JavaFX Application Thread] DEBUG SystemBundleService  - Saving FXGL system data
21:10:35.597 [JavaFX Application Thread] DEBUG FileSystemAccess     - Writing to: C:\Users\josue\OneDrive\Desktop\proyecto java\Among Us\system\fxgl.bundle
21:10:35.601 [JavaFX Application Thread] DEBUG Async                - Shutting down background threads
21:10:35.601 [JavaFX Application Thread] DEBUG PrimaryStageWindow   - Closing main window
21:10:35.641 [JavaFX Application Thread] DEBUG Logger               - Closing Logger
