01:26:44.570 [main                     ] DEBUG Logger               - Configured Logger
01:26:44.582 [main                     ] DEBUG GameApplication      - Logging settings
Title: Among Us UNEG
Version: 0.0
Width: 800
Height: 600
Fullscreen: false
Intro: false
Profiling: false
Single step:false
App Mode: DEVELOPER
Menu Key: ESCAPE
Stage Style: DECORATED
Scene Factory: class com.almasb.fxgl.app.scene.SceneFactory

01:26:45.453 [JavaFX Application Thread] DEBUG FXGLApplication      - Initializing FXGL
01:26:45.461 [JavaFX Application Thread] INFO  Engine               - FXGL-21.1 (26.03.2024 17.33) on WINDOWS (J:25.0.2 FX:21.0.1)
01:26:45.461 [JavaFX Application Thread] DEBUG Engine               - JRE Vendor Name: Oracle Corporation
01:26:45.461 [JavaFX Application Thread] DEBUG Engine               - Running on OS: Windows 11 version 10.0
01:26:45.461 [JavaFX Application Thread] DEBUG Engine               - Architecture: amd64
01:26:45.461 [JavaFX Application Thread] INFO  Engine               - Source code and latest versions at: https://github.com/AlmasB/FXGL
01:26:45.462 [JavaFX Application Thread] INFO  Engine               -       Ask questions and discuss at: https://github.com/AlmasB/FXGL/discussions
01:26:45.462 [JavaFX Application Thread] INFO  Engine               -              Join the FXGL chat at: https://gitter.im/AlmasB/FXGL
01:26:45.741 [JavaFX Application Thread] DEBUG PrimaryStageWindow   - Creating a JavaFX scene
01:26:45.861 [JavaFX Application Thread] DEBUG PrimaryStageWindow   - Target settings size: 800.0 x 600.0
01:26:45.861 [JavaFX Application Thread] DEBUG PrimaryStageWindow   - Scaled scene size:    800.0 x 600.0
01:26:45.862 [JavaFX Application Thread] DEBUG PrimaryStageWindow   - Scaled ratio: (1.0, 1.0)
01:26:45.863 [JavaFX Application Thread] DEBUG PrimaryStageWindow   - Set initial scene to FXGLStartupScene
01:26:45.870 [JavaFX Application Thread] DEBUG PrimaryStageWindow   - Opening main window
01:26:46.045 [JavaFX Application Thread] DEBUG PrimaryStageWindow   - Window border size: (16.0, 39.0)
01:26:46.045 [JavaFX Application Thread] DEBUG PrimaryStageWindow   - Scaled size: 800.0 x 600.0
01:26:46.045 [JavaFX Application Thread] DEBUG PrimaryStageWindow   - Scaled ratio: (1.0, 1.0)
01:26:46.045 [JavaFX Application Thread] DEBUG PrimaryStageWindow   - Scene size: 800.0 x 600.0
01:26:46.045 [JavaFX Application Thread] DEBUG PrimaryStageWindow   - Stage size: 816.0 x 639.0
01:26:46.146 [FXGL Background Thread 1 ] DEBUG Engine               - Initializing environment variables
01:26:46.326 [FXGL Background Thread 1 ] DEBUG FXGLAssetLoaderServi - User app class for loading assets: class main.java.amongUs.AppPrincipal
01:26:46.326 [FXGL Background Thread 1 ] DEBUG GameApplicationServi - Applying CSS: fxgl_dark.css
01:26:46.327 [FXGL Background Thread 1 ] DEBUG FXGLAssetLoaderServi - Loading from file system: jar:file:/C:/Users/josue/OneDrive/Desktop/proyecto%20java/Among%20Us/lib/fxgl-21.1-uber.jar!/fxglassets/ui/css/fxgl_dark.css
01:26:46.597 [FXGL Background Thread 1 ] DEBUG GameApplicationServi - Initializing application scenes
01:26:46.766 [FXGL Background Thread 1 ] DEBUG GameWorld            - Game world initialized
01:26:46.845 [FXGL Background Thread 1 ] DEBUG PhysicsWorld         - Physics world initialized: appHeight=600, physics.ppm=50,0
01:26:46.845 [FXGL Background Thread 1 ] DEBUG PhysicsWorld         - Using strategy: BRUTE_FORCE
01:26:46.851 [FXGL Background Thread 1 ] DEBUG GameScene            - Game scene initialized: 800x600
01:26:46.869 [FXGL Background Thread 1 ] DEBUG FXGL.DefaultMenu     - createMenuBodyGameMenu()
01:26:46.895 [FXGL Background Thread 1 ] DEBUG FXGL.DefaultMenu     - createOptionsMenu()
01:26:46.914 [FXGL Background Thread 1 ] DEBUG FXGLAssetLoaderServi - Loading from file system: jar:file:/C:/Users/josue/OneDrive/Desktop/proyecto%20java/Among%20Us/lib/fxgl-21.1-uber.jar!/fxglassets/textures/particles/smoke.png
01:26:47.091 [FXGL Background Thread 1 ] DEBUG FXGLAssetLoaderServi - Loading from file system: jar:file:/C:/Users/josue/OneDrive/Desktop/proyecto%20java/Among%20Us/lib/fxgl-21.1-uber.jar!/fxglassets/textures/particles/trace_horizontal.png
01:26:47.143 [FXGL Background Thread 1 ] DEBUG GameApplicationServi - Application scenes initialized
01:26:47.167 [FXGL Background Thread 1 ] DEBUG SystemBundleService  - Loading FXGL system data
01:26:47.173 [FXGL Background Thread 1 ] DEBUG FileSystemAccess     - Reading from: C:\Users\josue\OneDrive\Desktop\proyecto java\Among Us\system\fxgl.bundle
01:26:47.183 [FXGL Background Thread 1 ] DEBUG SystemBundleService  - Bundle FXGL: {}
01:26:47.184 [FXGL Background Thread 1 ] DEBUG UpdaterService       - Checking for updates
01:26:47.202 [FXGL Background Thread 4 ] DEBUG FXGLApplication      - Loading fonts
01:26:47.202 [FXGL Background Thread 4 ] DEBUG FXGLAssetLoaderServi - Loading from file system: jar:file:/C:/Users/josue/OneDrive/Desktop/proyecto%20java/Among%20Us/lib/fxgl-21.1-uber.jar!/fxglassets/ui/fonts/VarelaRound-Regular.ttf
01:26:47.204 [FXGL Background Thread 1 ] DEBUG FXGLApplication      - Loading default localization
01:26:47.208 [FXGL Background Thread 1 ] DEBUG FXGLAssetLoaderServi - Loading from file system: jar:file:/C:/Users/josue/OneDrive/Desktop/proyecto%20java/Among%20Us/lib/fxgl-21.1-uber.jar!/fxglassets/languages/english.lang
01:26:47.246 [FXGL Background Thread 1 ] INFO  FXGLApplication      - FXGL initialization took: 1,099 sec
01:26:47.260 [JavaFX Application Thread] DEBUG Input                - Registered new binding: Mover Arriba - W
01:26:47.260 [JavaFX Application Thread] DEBUG Input                - Registered new binding: Mover Abajo - S
01:26:47.260 [JavaFX Application Thread] DEBUG Input                - Registered new binding: Mover Izquierda - A
01:26:47.260 [JavaFX Application Thread] DEBUG Input                - Registered new binding: Mover Derecha - D
01:26:47.261 [JavaFX Application Thread] DEBUG Input                - Registered new binding: Abrir Camaras - C
01:26:47.261 [JavaFX Application Thread] DEBUG Input                - Registered new binding: Usar Alcantarilla - Space
01:26:47.261 [JavaFX Application Thread] DEBUG Input                - Registered new binding: Vent Izquierda - Left
01:26:47.261 [JavaFX Application Thread] DEBUG Input                - Registered new binding: Vent Derecha - Right
01:26:47.261 [JavaFX Application Thread] DEBUG Input                - Registered new binding: Vent Arriba - Up
01:26:47.261 [JavaFX Application Thread] DEBUG Input                - Registered new binding: Vent Abajo - Down
01:26:47.261 [JavaFX Application Thread] DEBUG Input                - Registered new binding: Matar Jugador - Q
01:26:47.262 [JavaFX Application Thread] DEBUG FXGLAssetLoaderServi - Loading from file system: file:/C:/Users/josue/OneDrive/Desktop/proyecto%20java/Among%20Us/out/production/Among%20Us/assets/textures/icono.png
01:26:47.311 [JavaFX Application Thread] DEBUG FXGLAssetLoaderServi - Loading from file system: jar:file:/C:/Users/josue/OneDrive/Desktop/proyecto%20java/Among%20Us/lib/fxgl-21.1-uber.jar!/fxglassets/textures/fxgl_default_cursor.png
01:26:47.314 [JavaFX Application Thread] DEBUG Input                - Registered new binding: Screenshot - CTRL+8
01:26:47.315 [JavaFX Application Thread] DEBUG Input                - Registered new binding: System info dump - CTRL+9
01:26:47.316 [JavaFX Application Thread] DEBUG Input                - Registered new binding: Restart - CTRL+R
01:26:47.317 [JavaFX Application Thread] DEBUG Input                - Registered new binding: Toggle Debug Camera - CTRL+7
01:26:47.327 [JavaFX Application Thread] DEBUG LoopRunner           - Starting loop
01:26:47.329 [JavaFX Application Thread] DEBUG LoopRunner           - Initializing JavaFX AnimationTimerLoop
01:26:47.331 [JavaFX Application Thread] DEBUG GameApplicationServi - Starting new game
01:26:47.332 [JavaFX Application Thread] DEBUG Input                - Clearing active input actions
01:26:47.369 [JavaFX Application Thread] DEBUG GameApplicationServi - Removing overlay from FXGLStartupScene and adding to FXGLLoadingScene
01:26:47.370 [JavaFX Application Thread] DEBUG PrimaryStageWindow   - FXGLStartupScene -> FXGLLoadingScene
01:26:47.370 [JavaFX Application Thread] DEBUG GameApplicationServi - Clearing previous game
01:26:47.371 [JavaFX Application Thread] DEBUG GameScene            - Clearing game scene
01:26:47.371 [JavaFX Application Thread] DEBUG GameWorld            - Clearing game world
01:26:47.371 [JavaFX Application Thread] DEBUG PhysicsWorld         - Clearing physics world
01:26:47.373 [FXGL Background Thread 1 ] DEBUG FXGLApplication      - Initializing game
01:26:47.383 [FXGL Background Thread 1 ] DEBUG FXGLAssetLoaderServi - Loading from file system: file:/C:/Users/josue/OneDrive/Desktop/proyecto%20java/Among%20Us/out/production/Among%20Us/assets/textures/MonitorDeCamaras.png
01:26:47.523 [FXGL Background Thread 1 ] DEBUG FXGLAssetLoaderServi - Loading from file system: file:/C:/Users/josue/OneDrive/Desktop/proyecto%20java/Among%20Us/out/production/Among%20Us/assets/textures/flechaAmarillaIzq.png
01:26:47.531 [FXGL Background Thread 1 ] DEBUG FXGLAssetLoaderServi - Loading from file system: file:/C:/Users/josue/OneDrive/Desktop/proyecto%20java/Among%20Us/out/production/Among%20Us/assets/textures/flechaAmarillaDer.png
01:26:47.537 [FXGL Background Thread 1 ] DEBUG FXGLAssetLoaderServi - Loading from file system: file:/C:/Users/josue/OneDrive/Desktop/proyecto%20java/Among%20Us/out/production/Among%20Us/assets/music/musicaMenu.mp3
01:26:48.165 [FXGL Background Thread 1 ] DEBUG AudioPlayer          - Playing music com.almasb.fxgl.audio.Music@66c3dfc3
01:26:48.801 [FXGL Background Thread 4 ] DEBUG FXGLAssetLoaderServi - Loading from file system: jar:file:/C:/Users/josue/OneDrive/Desktop/proyecto%20java/Among%20Us/lib/fxgl-21.1-uber.jar!/fxglassets/ui/fonts/Abel-Regular.ttf
01:26:48.871 [FXGL Background Thread 4 ] DEBUG FXGLAssetLoaderServi - Loading from file system: jar:file:/C:/Users/josue/OneDrive/Desktop/proyecto%20java/Among%20Us/lib/fxgl-21.1-uber.jar!/fxglassets/ui/fonts/TerminalLandMono-Regular.otf
01:26:48.917 [FXGL Background Thread 4 ] DEBUG FXGLAssetLoaderServi - Loading from file system: jar:file:/C:/Users/josue/OneDrive/Desktop/proyecto%20java/Among%20Us/lib/fxgl-21.1-uber.jar!/fxglassets/ui/fonts/Courier-Prime.ttf
01:26:48.943 [JavaFX Application Thread] DEBUG FXGLApplication      - Registering font factories with UI factory
01:26:49.154 [FXGL Background Thread 1 ] INFO  FXGLApplication      - Game initialization took: 1,781 sec
01:26:49.165 [JavaFX Application Thread] DEBUG Input                - Clearing active input actions
01:26:49.183 [JavaFX Application Thread] DEBUG GameApplicationServi - Removing overlay from FXGLLoadingScene and adding to GameScene
01:26:49.183 [JavaFX Application Thread] DEBUG PrimaryStageWindow   - FXGLLoadingScene -> GameScene
01:26:49.857 [FXGL Background Thread 2 ] INFO  UpdaterService       - Your current version:  21.1
01:26:49.862 [FXGL Background Thread 2 ] INFO  UpdaterService       - Latest stable version: 25
01:26:50.189 [FXGL Background Thread 3 ] DEBUG Engine               - Logging environment variables
01:26:50.193 [FXGL Background Thread 3 ] DEBUG Engine               - achievements: []
01:26:50.194 [FXGL Background Thread 3 ] DEBUG Engine               - actualHeight: 600.0
01:26:50.195 [FXGL Background Thread 3 ] DEBUG Engine               - actualHeightProperty: ReadOnlyDoubleProperty [value: 600.0]
01:26:50.195 [FXGL Background Thread 3 ] DEBUG Engine               - actualWidth: 800.0
01:26:50.195 [FXGL Background Thread 3 ] DEBUG Engine               - actualWidthProperty: ReadOnlyDoubleProperty [value: 800.0]
01:26:50.195 [FXGL Background Thread 3 ] DEBUG Engine               - appIcon: icono.png
01:26:50.195 [FXGL Background Thread 3 ] DEBUG Engine               - applicationMode: DEVELOPER
01:26:50.195 [FXGL Background Thread 3 ] DEBUG Engine               - cSSList: [fxgl_dark.css]
01:26:50.195 [FXGL Background Thread 3 ] DEBUG Engine               - collisionDetectionStrategy: BRUTE_FORCE
01:26:50.195 [FXGL Background Thread 3 ] DEBUG Engine               - configClass: Optional.empty
01:26:50.196 [FXGL Background Thread 3 ] DEBUG Engine               - credits: []
01:26:50.196 [FXGL Background Thread 3 ] DEBUG Engine               - defaultCursor: CursorInfo(imageName=fxgl_default_cursor.png, hotspotX=7.0, hotspotY=6.0)
01:26:50.197 [FXGL Background Thread 3 ] DEBUG Engine               - devBBoxColorProperty: ObjectProperty [value: 0xff0000ff]
01:26:50.197 [FXGL Background Thread 3 ] DEBUG Engine               - devEnableDebugCameraProperty: BooleanProperty [value: false]
01:26:50.197 [FXGL Background Thread 3 ] DEBUG Engine               - devSensorColorProperty: ObjectProperty [value: 0xffff00ff]
01:26:50.197 [FXGL Background Thread 3 ] DEBUG Engine               - devShowBBoxProperty: BooleanProperty [value: false]
01:26:50.197 [FXGL Background Thread 3 ] DEBUG Engine               - devShowPositionProperty: BooleanProperty [value: false]
01:26:50.197 [FXGL Background Thread 3 ] DEBUG Engine               - enabledMenuItems: []
01:26:50.197 [FXGL Background Thread 3 ] DEBUG Engine               - engineServices: [class com.almasb.fxgl.app.services.FXGLAssetLoaderService, class com.almasb.fxgl.app.FXGLApplication$GameApplicationService, class com.almasb.fxgl.app.services.FXGLDialogService, class com.almasb.fxgl.app.services.IOTaskExecutorService, class com.almasb.fxgl.io.FileSystemService, class com.almasb.fxgl.localization.LocalizationService, class com.almasb.fxgl.app.services.SystemBundleService, class com.almasb.fxgl.profile.SaveLoadService, class com.almasb.fxgl.ui.FXGLUIFactoryServiceProvider, class com.almasb.fxgl.ui.FXGLDialogFactoryServiceProvider, class com.almasb.fxgl.audio.AudioPlayer, class com.almasb.fxgl.notification.impl.NotificationServiceProvider, class com.almasb.fxgl.achievement.AchievementService, class com.almasb.fxgl.cutscene.CutsceneService, class com.almasb.fxgl.minigames.MiniGameService, class com.almasb.fxgl.net.NetService, class com.almasb.fxgl.app.services.UpdaterService, class com.almasb.fxgl.dev.DevService]
01:26:50.197 [FXGL Background Thread 3 ] DEBUG Engine               - fontGame: Abel-Regular.ttf
01:26:50.197 [FXGL Background Thread 3 ] DEBUG Engine               - fontMono: TerminalLandMono-Regular.otf
01:26:50.197 [FXGL Background Thread 3 ] DEBUG Engine               - fontSizeScaleUI: 1.0
01:26:50.197 [FXGL Background Thread 3 ] DEBUG Engine               - fontText: Courier-Prime.ttf
01:26:50.198 [FXGL Background Thread 3 ] DEBUG Engine               - fontUI: VarelaRound-Regular.ttf
01:26:50.198 [FXGL Background Thread 3 ] DEBUG Engine               - fullScreen: BooleanProperty [value: false]
01:26:50.198 [FXGL Background Thread 3 ] DEBUG Engine               - gameDifficulty: MEDIUM
01:26:50.198 [FXGL Background Thread 3 ] DEBUG Engine               - gameDifficultyProperty: ObjectProperty [value: MEDIUM]
01:26:50.199 [FXGL Background Thread 3 ] DEBUG Engine               - globalMusicVolume: 0.5
01:26:50.199 [FXGL Background Thread 3 ] DEBUG Engine               - globalMusicVolumeProperty: DoubleProperty [value: 0.4]
01:26:50.199 [FXGL Background Thread 3 ] DEBUG Engine               - globalSoundVolume: 0.5
01:26:50.200 [FXGL Background Thread 3 ] DEBUG Engine               - globalSoundVolumeProperty: DoubleProperty [value: 0.5]
01:26:50.200 [FXGL Background Thread 3 ] DEBUG Engine               - height: 600
01:26:50.200 [FXGL Background Thread 3 ] DEBUG Engine               - is3D: false
01:26:50.200 [FXGL Background Thread 3 ] DEBUG Engine               - isAndroid: false
01:26:50.201 [FXGL Background Thread 3 ] DEBUG Engine               - isBrowser: false
01:26:50.201 [FXGL Background Thread 3 ] DEBUG Engine               - isClickFeedbackEnabled: false
01:26:50.201 [FXGL Background Thread 3 ] DEBUG Engine               - isCloseConfirmation: false
01:26:50.202 [FXGL Background Thread 3 ] DEBUG Engine               - isDesktop: true
01:26:50.202 [FXGL Background Thread 3 ] DEBUG Engine               - isDeveloperMenuEnabled: false
01:26:50.202 [FXGL Background Thread 3 ] DEBUG Engine               - isEmbedded: false
01:26:50.202 [FXGL Background Thread 3 ] DEBUG Engine               - isEntityPreloadEnabled: true
01:26:50.202 [FXGL Background Thread 3 ] DEBUG Engine               - isExperimentalTiledLargeMap: false
01:26:50.202 [FXGL Background Thread 3 ] DEBUG Engine               - isFileSystemWriteAllowed: true
01:26:50.202 [FXGL Background Thread 3 ] DEBUG Engine               - isFullScreenAllowed: false
01:26:50.202 [FXGL Background Thread 3 ] DEBUG Engine               - isFullScreenFromStart: false
01:26:50.202 [FXGL Background Thread 3 ] DEBUG Engine               - isGameMenuEnabled: true
01:26:50.202 [FXGL Background Thread 3 ] DEBUG Engine               - isIOS: false
01:26:50.202 [FXGL Background Thread 3 ] DEBUG Engine               - isIntroEnabled: false
01:26:50.202 [FXGL Background Thread 3 ] DEBUG Engine               - isLinux: false
01:26:50.202 [FXGL Background Thread 3 ] DEBUG Engine               - isMac: false
01:26:50.203 [FXGL Background Thread 3 ] DEBUG Engine               - isMainMenuEnabled: false
01:26:50.203 [FXGL Background Thread 3 ] DEBUG Engine               - isManualResizeEnabled: false
01:26:50.203 [FXGL Background Thread 3 ] DEBUG Engine               - isMobile: false
01:26:50.203 [FXGL Background Thread 3 ] DEBUG Engine               - isNative: false
01:26:50.203 [FXGL Background Thread 3 ] DEBUG Engine               - isPauseMusicWhenMinimized: true
01:26:50.203 [FXGL Background Thread 3 ] DEBUG Engine               - isPreserveResizeRatio: false
01:26:50.203 [FXGL Background Thread 3 ] DEBUG Engine               - isProfilingEnabled: false
01:26:50.203 [FXGL Background Thread 3 ] DEBUG Engine               - isScaleAffectedOnResize: true
01:26:50.203 [FXGL Background Thread 3 ] DEBUG Engine               - isSingleStep: false
01:26:50.203 [FXGL Background Thread 3 ] DEBUG Engine               - isUserProfileEnabled: false
01:26:50.203 [FXGL Background Thread 3 ] DEBUG Engine               - isWindows: true
01:26:50.203 [FXGL Background Thread 3 ] DEBUG Engine               - language: ObjectProperty [value: ENGLISH]
01:26:50.203 [FXGL Background Thread 3 ] DEBUG Engine               - menuKey: ESCAPE
01:26:50.203 [FXGL Background Thread 3 ] DEBUG Engine               - mouseSensitivity: 0.2
01:26:50.203 [FXGL Background Thread 3 ] DEBUG Engine               - notificationViewClass: class com.almasb.fxgl.notification.view.XboxNotificationView
01:26:50.203 [FXGL Background Thread 3 ] DEBUG Engine               - pixelsPerMeter: 50.0
01:26:50.203 [FXGL Background Thread 3 ] DEBUG Engine               - platform: WINDOWS
01:26:50.203 [FXGL Background Thread 3 ] DEBUG Engine               - prefHeightProperty: ReadOnlyDoubleProperty [value: 600.0]
01:26:50.203 [FXGL Background Thread 3 ] DEBUG Engine               - prefWidthProperty: ReadOnlyDoubleProperty [value: 800.0]
01:26:50.203 [FXGL Background Thread 3 ] DEBUG Engine               - profileDir: profiles/
01:26:50.204 [FXGL Background Thread 3 ] DEBUG Engine               - profileName: StringProperty [value: DEFAULT]
01:26:50.204 [FXGL Background Thread 3 ] DEBUG Engine               - randomSeed: -1
01:26:50.204 [FXGL Background Thread 3 ] DEBUG Engine               - runtimeInfo: RuntimeInfo(platform=WINDOWS, version=21.1, build=26.03.2024 17.33)
01:26:50.204 [FXGL Background Thread 3 ] DEBUG Engine               - saveFileExt: sav
01:26:50.205 [FXGL Background Thread 3 ] DEBUG Engine               - scaledHeightProp$fxgl: DoubleProperty [bound, value: 600.0]
01:26:50.205 [FXGL Background Thread 3 ] DEBUG Engine               - scaledWidthProp$fxgl: DoubleProperty [bound, value: 800.0]
01:26:50.205 [FXGL Background Thread 3 ] DEBUG Engine               - sceneFactory: com.almasb.fxgl.app.scene.SceneFactory@348f89f7
01:26:50.205 [FXGL Background Thread 3 ] DEBUG Engine               - secondsIn24h: 60
01:26:50.205 [FXGL Background Thread 3 ] DEBUG Engine               - soundMenuBack: menu/back.wav
01:26:50.205 [FXGL Background Thread 3 ] DEBUG Engine               - soundMenuPress: menu/press.wav
01:26:50.205 [FXGL Background Thread 3 ] DEBUG Engine               - soundMenuSelect: menu/select.wav
01:26:50.205 [FXGL Background Thread 3 ] DEBUG Engine               - soundNotification: core/notification.wav
01:26:50.205 [FXGL Background Thread 3 ] DEBUG Engine               - stageStyle: DECORATED
01:26:50.205 [FXGL Background Thread 3 ] DEBUG Engine               - supportedLanguages: [ENGLISH, FRENCH, GERMAN, HUNGARIAN, RUSSIAN]
01:26:50.205 [FXGL Background Thread 3 ] DEBUG Engine               - ticksPerSecond: -1
01:26:50.205 [FXGL Background Thread 3 ] DEBUG Engine               - title: Among Us UNEG
01:26:50.205 [FXGL Background Thread 3 ] DEBUG Engine               - urlGithub: https://github.com/AlmasB/FXGL
01:26:50.205 [FXGL Background Thread 3 ] DEBUG Engine               - urlLeaderboard: http://fxgl-top.herokuapp.com/
01:26:50.205 [FXGL Background Thread 3 ] DEBUG Engine               - urlPOM: https://raw.githubusercontent.com/AlmasB/FXGL/release/README.md
01:26:50.205 [FXGL Background Thread 3 ] DEBUG Engine               - userAppClass: class main.java.amongUs.AppPrincipal
01:26:50.205 [FXGL Background Thread 3 ] DEBUG Engine               - version: 0.0
01:26:50.206 [FXGL Background Thread 3 ] DEBUG Engine               - versionCheckDays: 7
01:26:50.206 [FXGL Background Thread 3 ] DEBUG Engine               - width: 800
01:26:50.206 [FXGL Background Thread 3 ] DEBUG Engine               - Logging services
01:26:50.206 [FXGL Background Thread 3 ] DEBUG Engine               - class com.almasb.fxgl.app.services.FXGLAssetLoaderService
01:26:50.207 [FXGL Background Thread 3 ] DEBUG Engine               - class com.almasb.fxgl.app.FXGLApplication$GameApplicationService
01:26:50.207 [FXGL Background Thread 3 ] DEBUG Engine               - class com.almasb.fxgl.app.services.FXGLDialogService
01:26:50.207 [FXGL Background Thread 3 ] DEBUG Engine               - class com.almasb.fxgl.app.services.IOTaskExecutorService
01:26:50.207 [FXGL Background Thread 3 ] DEBUG Engine               - class com.almasb.fxgl.io.FileSystemService
01:26:50.207 [FXGL Background Thread 3 ] DEBUG Engine               - class com.almasb.fxgl.localization.LocalizationService
01:26:50.207 [FXGL Background Thread 3 ] DEBUG Engine               - class com.almasb.fxgl.app.services.SystemBundleService
01:26:50.209 [FXGL Background Thread 3 ] DEBUG Engine               - class com.almasb.fxgl.profile.SaveLoadService
01:26:50.209 [FXGL Background Thread 3 ] DEBUG Engine               - class com.almasb.fxgl.ui.FXGLUIFactoryServiceProvider
01:26:50.209 [FXGL Background Thread 3 ] DEBUG Engine               - class com.almasb.fxgl.ui.FXGLDialogFactoryServiceProvider
01:26:50.209 [FXGL Background Thread 3 ] DEBUG Engine               - class com.almasb.fxgl.audio.AudioPlayer
01:26:50.209 [FXGL Background Thread 3 ] DEBUG Engine               - class com.almasb.fxgl.notification.impl.NotificationServiceProvider
01:26:50.209 [FXGL Background Thread 3 ] DEBUG Engine               - class com.almasb.fxgl.achievement.AchievementService
01:26:50.209 [FXGL Background Thread 3 ] DEBUG Engine               - class com.almasb.fxgl.cutscene.CutsceneService
01:26:50.209 [FXGL Background Thread 3 ] DEBUG Engine               - class com.almasb.fxgl.minigames.MiniGameService
01:26:50.209 [FXGL Background Thread 3 ] DEBUG Engine               - class com.almasb.fxgl.net.NetService
01:26:50.209 [FXGL Background Thread 3 ] DEBUG Engine               - class com.almasb.fxgl.app.services.UpdaterService
01:26:50.210 [FXGL Background Thread 3 ] DEBUG Engine               - class com.almasb.fxgl.dev.DevService
01:26:50.654 [JavaFX Application Thread] DEBUG FXGLAssetLoaderServi - Loading from file system: file:/C:/Users/josue/OneDrive/Desktop/proyecto%20java/Among%20Us/out/production/Among%20Us/assets/sounds/clickBoton.wav
01:26:55.386 [JavaFX Application Thread] DEBUG FXGLAssetLoaderServi - Loading from file system: file:/C:/Users/josue/OneDrive/Desktop/proyecto%20java/Among%20Us/out/production/Among%20Us/assets/textures/tripulante_negro.png
01:26:58.356 [JavaFX Application Thread] DEBUG FXGLAssetLoaderServi - Loading from file system: file:/C:/Users/josue/OneDrive/Desktop/proyecto%20java/Among%20Us/out/production/Among%20Us/assets/textures/tripulante_rosa.png
01:27:00.122 [JavaFX Application Thread] WARN  TMXLevelLoader       - TiledMap generated from 1.11.2. Supported version: 1.9.0. Some features may not be parsed fully.
01:27:00.191 [JavaFX Application Thread] DEBUG TMXLevelLoader       - Parsed TiledMap: file:/C:/Users/josue/OneDrive/Desktop/proyecto%20java/Among%20Us/out/production/Among%20Us/assets/levels/mapa2.tmx
01:27:00.193 [JavaFX Application Thread] DEBUG TMXLevelLoader       - Creating tile layer entities
01:27:00.195 [JavaFX Application Thread] DEBUG TilesetLoader        - Loading view for layer fondo1
01:27:00.196 [JavaFX Application Thread] DEBUG TilesetLoader        - Created buffer with size 992.0x960.0
01:27:00.220 [JavaFX Application Thread] DEBUG TilesetLoader        - Loading view for layer fondo
01:27:00.221 [JavaFX Application Thread] DEBUG TilesetLoader        - Created buffer with size 992.0x960.0
01:27:00.225 [JavaFX Application Thread] DEBUG TilesetLoader        - Loading view for layer piso
01:27:00.226 [JavaFX Application Thread] DEBUG TilesetLoader        - Created buffer with size 992.0x960.0
01:27:00.231 [JavaFX Application Thread] DEBUG TilesetLoader        - Loading view for layer piso1
01:27:00.231 [JavaFX Application Thread] DEBUG TilesetLoader        - Created buffer with size 992.0x960.0
01:27:00.241 [JavaFX Application Thread] DEBUG TilesetLoader        - Loading view for layer izquierda
01:27:00.241 [JavaFX Application Thread] DEBUG TilesetLoader        - Created buffer with size 992.0x960.0
01:27:00.246 [JavaFX Application Thread] DEBUG TilesetLoader        - Loading view for layer detallesatraspared
01:27:00.246 [JavaFX Application Thread] DEBUG TilesetLoader        - Created buffer with size 992.0x960.0
01:27:00.297 [JavaFX Application Thread] DEBUG TilesetLoader        - Loading view for layer pared2
01:27:00.297 [JavaFX Application Thread] DEBUG TilesetLoader        - Created buffer with size 992.0x960.0
01:27:00.313 [JavaFX Application Thread] DEBUG TilesetLoader        - Loading view for layer techo1
01:27:00.314 [JavaFX Application Thread] DEBUG TilesetLoader        - Created buffer with size 992.0x960.0
01:27:00.317 [JavaFX Application Thread] DEBUG TilesetLoader        - Loading view for layer techo2
01:27:00.319 [JavaFX Application Thread] DEBUG TilesetLoader        - Created buffer with size 992.0x960.0
01:27:00.332 [JavaFX Application Thread] DEBUG TilesetLoader        - Loading view for layer puertita
01:27:00.333 [JavaFX Application Thread] DEBUG TilesetLoader        - Created buffer with size 992.0x960.0
01:27:00.335 [JavaFX Application Thread] DEBUG TilesetLoader        - Loading view for layer puerta
01:27:00.335 [JavaFX Application Thread] DEBUG TilesetLoader        - Created buffer with size 992.0x960.0
01:27:00.340 [JavaFX Application Thread] DEBUG TilesetLoader        - Loading view for layer detalles
01:27:00.341 [JavaFX Application Thread] DEBUG TilesetLoader        - Created buffer with size 992.0x960.0
01:27:00.365 [JavaFX Application Thread] DEBUG TilesetLoader        - Loading view for layer detalles 2
01:27:00.366 [JavaFX Application Thread] DEBUG TilesetLoader        - Created buffer with size 992.0x960.0
01:27:00.382 [JavaFX Application Thread] DEBUG TilesetLoader        - Loading view for layer detalles3
01:27:00.383 [JavaFX Application Thread] DEBUG TilesetLoader        - Created buffer with size 992.0x960.0
01:27:00.410 [JavaFX Application Thread] DEBUG TilesetLoader        - Loading view for layer grieta
01:27:00.411 [JavaFX Application Thread] DEBUG TilesetLoader        - Created buffer with size 992.0x960.0
01:27:00.412 [JavaFX Application Thread] DEBUG TilesetLoader        - Loading view for layer camaras
01:27:00.413 [JavaFX Application Thread] DEBUG TilesetLoader        - Created buffer with size 992.0x960.0
01:27:00.415 [JavaFX Application Thread] DEBUG TilesetLoader        - Loading view for layer Techo
01:27:00.415 [JavaFX Application Thread] DEBUG TilesetLoader        - Created buffer with size 992.0x960.0
01:27:00.421 [JavaFX Application Thread] DEBUG TMXLevelLoader       - Creating object layer entities
01:27:00.522 [JavaFX Application Thread] DEBUG GameWorld            - Clearing removable entities
01:27:00.522 [JavaFX Application Thread] DEBUG GameWorld            - Setting level: com.almasb.fxgl.entity.level.Level@15f2dff1
01:27:00.567 [JavaFX Application Thread] DEBUG FXGLAssetLoaderServi - Loading from file system: file:/C:/Users/josue/OneDrive/Desktop/proyecto%20java/Among%20Us/out/production/Among%20Us/assets/textures/fantasma.png
01:27:00.571 [JavaFX Application Thread] DEBUG FXGLAssetLoaderServi - Loading from file system: file:/C:/Users/josue/OneDrive/Desktop/proyecto%20java/Among%20Us/out/production/Among%20Us/assets/textures/rosa_muerto.png
01:27:00.572 [JavaFX Application Thread] DEBUG FXGLAssetLoaderServi - Loading from file system: file:/C:/Users/josue/OneDrive/Desktop/proyecto%20java/Among%20Us/out/production/Among%20Us/assets/textures/animacion_rosa.png
01:27:00.573 [JavaFX Application Thread] DEBUG FXGLAssetLoaderServi - Loading from file system: file:/C:/Users/josue/OneDrive/Desktop/proyecto%20java/Among%20Us/out/production/Among%20Us/assets/textures/alcantarilla_rosa.png
01:27:00.575 [JavaFX Application Thread] DEBUG FXGLAssetLoaderServi - Loading from file system: file:/C:/Users/josue/OneDrive/Desktop/proyecto%20java/Among%20Us/out/production/Among%20Us/assets/textures/alcantarilla_rosaE.png
01:27:00.586 [JavaFX Application Thread] DEBUG FXGLAssetLoaderServi - Loading from file system: file:/C:/Users/josue/OneDrive/Desktop/proyecto%20java/Among%20Us/out/production/Among%20Us/assets/textures/accionNegada.png
01:27:00.591 [JavaFX Application Thread] DEBUG FXGLAssetLoaderServi - Loading from file system: file:/C:/Users/josue/OneDrive/Desktop/proyecto%20java/Among%20Us/out/production/Among%20Us/assets/textures/matarNegado.png
01:27:00.599 [JavaFX Application Thread] DEBUG FXGLAssetLoaderServi - Loading from file system: file:/C:/Users/josue/OneDrive/Desktop/proyecto%20java/Among%20Us/out/production/Among%20Us/assets/textures/pantalla_impostor.png
01:27:06.815 [JavaFX Application Thread] DEBUG FXGLAssetLoaderServi - Loading from file system: file:/C:/Users/josue/OneDrive/Desktop/proyecto%20java/Among%20Us/out/production/Among%20Us/assets/textures/accion.png
01:27:08.553 [JavaFX Application Thread] DEBUG PrimaryStageWindow   - Push state: FXGLDefaultMenu
01:27:08.561 [JavaFX Application Thread] DEBUG Input                - Clearing active input actions
01:27:08.563 [JavaFX Application Thread] DEBUG GameApplicationServi - Removing overlay from GameScene and adding to FXGLDefaultMenu
01:27:08.564 [JavaFX Application Thread] DEBUG PrimaryStageWindow   - GameScene -> FXGLDefaultMenu
01:27:09.513 [JavaFX Application Thread] DEBUG Menu                 - fireExit()
01:27:09.516 [JavaFX Application Thread] DEBUG PrimaryStageWindow   - Push state: DialogSubScene
01:27:09.516 [JavaFX Application Thread] DEBUG Input                - Clearing active input actions
01:27:09.516 [JavaFX Application Thread] DEBUG GameApplicationServi - Removing overlay from FXGLDefaultMenu and adding to DialogSubScene
01:27:09.516 [JavaFX Application Thread] DEBUG PrimaryStageWindow   - FXGLDefaultMenu -> DialogSubScene
01:27:10.325 [JavaFX Application Thread] DEBUG PrimaryStageWindow   - Pop state: DialogSubScene
01:27:10.325 [JavaFX Application Thread] DEBUG Input                - Clearing active input actions
01:27:10.326 [JavaFX Application Thread] DEBUG GameApplicationServi - Removing overlay from DialogSubScene and adding to FXGLDefaultMenu
01:27:10.326 [JavaFX Application Thread] DEBUG PrimaryStageWindow   - FXGLDefaultMenu <- DialogSubScene
01:27:10.326 [JavaFX Application Thread] DEBUG FXGLApplication      - Exiting FXGL
01:27:10.327 [JavaFX Application Thread] DEBUG LoopRunner           - Stopping loop
01:27:10.327 [JavaFX Application Thread] DEBUG SystemBundleService  - Saving FXGL system data
01:27:10.332 [JavaFX Application Thread] DEBUG FileSystemAccess     - Writing to: C:\Users\josue\OneDrive\Desktop\proyecto java\Among Us\system\fxgl.bundle
01:27:10.336 [JavaFX Application Thread] DEBUG Async                - Shutting down background threads
01:27:10.337 [JavaFX Application Thread] DEBUG PrimaryStageWindow   - Closing main window
01:27:10.415 [JavaFX Application Thread] DEBUG Logger               - Closing Logger
